2026-07-22 03:46:51 INFO  (LoggingInitialization) Using log config file: jar:file:/C:/Users/kimgiordano27/Downloads/ghidra_12.1.2_PUBLIC_20260605/ghidra_12.1.2_PUBLIC/Ghidra/Framework/Generic/lib/Generic.jar!/generic.log4j.xml  
2026-07-22 03:46:51 INFO  (LoggingInitialization) Using log file: C:\realDesktop\manifest-evaluations\summer-26\ghidra-pipeline\il2cpp-files\StupidChimpSlop\general-structure-ghidra.log  
2026-07-22 03:46:51 DEBUG (GhidraObjectInputFilter) Including serial input filter: FileSystem/data/client.rmi.serial.filter  
2026-07-22 03:46:51 INFO  (Preferences) Loading user preferences: C:\Users\kimgiordano27\AppData\Roaming\ghidra\ghidra_12.1.2_PUBLIC\preferences  
2026-07-22 03:46:51 INFO  (ClassSearcher) Searching for classes...  
2026-07-22 03:46:52 INFO  (ClassSearcher) Class search complete (630 ms)  
2026-07-22 03:46:52 INFO  (DefaultSSLContextInitializer) Initializing SSL Context  
2026-07-22 03:46:52 INFO  (SecureRandomFactory) Initializing Random Number Generator...  
2026-07-22 03:46:52 INFO  (SecureRandomFactory) Random Number Generator initialization complete: SHA1PRNG  
2026-07-22 03:46:52 INFO  (DefaultTrustManagerFactory) Trust manager disabled, cacerts have not been set  
2026-07-22 03:46:52 INFO  (AnalyzeHeadless) Headless startup complete (6113 ms)  
2026-07-22 03:46:52 INFO  (ClassSearcher) Class searcher loaded 59 extension points (20 false positives)  
2026-07-22 03:46:52 INFO  (HeadlessAnalyzer) HEADLESS Script Paths:
    C:\Users\kimgiordano27\Downloads\ghidra_12.1.2_PUBLIC_20260605\ghidra_12.1.2_PUBLIC\Ghidra\Features\DecompilerDependent\ghidra_scripts
    C:\Users\kimgiordano27\Downloads\ghidra_12.1.2_PUBLIC_20260605\ghidra_12.1.2_PUBLIC\Ghidra\Processors\Atmel\ghidra_scripts
    C:\Users\kimgiordano27\Downloads\ghidra_12.1.2_PUBLIC_20260605\ghidra_12.1.2_PUBLIC\Ghidra\Processors\PIC\ghidra_scripts
    C:\Users\kimgiordano27\Downloads\ghidra_12.1.2_PUBLIC_20260605\ghidra_12.1.2_PUBLIC\Ghidra\Features\VersionTracking\ghidra_scripts
    C:\Users\kimgiordano27\Downloads\ghidra_12.1.2_PUBLIC_20260605\ghidra_12.1.2_PUBLIC\Ghidra\Features\BytePatterns\ghidra_scripts
    C:\Users\kimgiordano27\ghidra_scripts
    C:\Users\kimgiordano27\Downloads\ghidra_12.1.2_PUBLIC_20260605\ghidra_12.1.2_PUBLIC\Ghidra\Features\BSim\ghidra_scripts
    C:\realDesktop\manifest-evaluations\summer-26\ghidra-pipeline\ghidra-export-scripts
    C:\Users\kimgiordano27\Downloads\ghidra_12.1.2_PUBLIC_20260605\ghidra_12.1.2_PUBLIC\Ghidra\Processors\JVM\ghidra_scripts
    C:\Users\kimgiordano27\Downloads\ghidra_12.1.2_PUBLIC_20260605\ghidra_12.1.2_PUBLIC\Ghidra\Features\Base\ghidra_scripts
    C:\Users\kimgiordano27\Downloads\ghidra_12.1.2_PUBLIC_20260605\ghidra_12.1.2_PUBLIC\Ghidra\Features\SwiftDemangler\ghidra_scripts
    C:\Users\kimgiordano27\Downloads\ghidra_12.1.2_PUBLIC_20260605\ghidra_12.1.2_PUBLIC\Ghidra\Features\WildcardAssembler\ghidra_scripts
    C:\Users\kimgiordano27\Downloads\ghidra_12.1.2_PUBLIC_20260605\ghidra_12.1.2_PUBLIC\Ghidra\Features\FileFormats\ghidra_scripts
    C:\Users\kimgiordano27\Downloads\ghidra_12.1.2_PUBLIC_20260605\ghidra_12.1.2_PUBLIC\Ghidra\Features\Decompiler\ghidra_scripts
    C:\Users\kimgiordano27\Downloads\ghidra_12.1.2_PUBLIC_20260605\ghidra_12.1.2_PUBLIC\Ghidra\Features\SystemEmulation\ghidra_scripts
    C:\Users\kimgiordano27\Downloads\ghidra_12.1.2_PUBLIC_20260605\ghidra_12.1.2_PUBLIC\Ghidra\Processors\8051\ghidra_scripts
    C:\Users\kimgiordano27\Downloads\ghidra_12.1.2_PUBLIC_20260605\ghidra_12.1.2_PUBLIC\Ghidra\Features\GnuDemangler\ghidra_scripts
    C:\Users\kimgiordano27\Downloads\ghidra_12.1.2_PUBLIC_20260605\ghidra_12.1.2_PUBLIC\Ghidra\Debug\Debugger\ghidra_scripts
    C:\Users\kimgiordano27\Downloads\ghidra_12.1.2_PUBLIC_20260605\ghidra_12.1.2_PUBLIC\Ghidra\Processors\DATA\ghidra_scripts
    C:\Users\kimgiordano27\Downloads\ghidra_12.1.2_PUBLIC_20260605\ghidra_12.1.2_PUBLIC\Ghidra\Debug\Debugger-rmi-trace\ghidra_scripts
    C:\Users\kimgiordano27\Downloads\ghidra_12.1.2_PUBLIC_20260605\ghidra_12.1.2_PUBLIC\Ghidra\Features\FunctionID\ghidra_scripts
    C:\Users\kimgiordano27\Downloads\ghidra_12.1.2_PUBLIC_20260605\ghidra_12.1.2_PUBLIC\Ghidra\Features\MicrosoftCodeAnalyzer\ghidra_scripts
    C:\Users\kimgiordano27\Downloads\ghidra_12.1.2_PUBLIC_20260605\ghidra_12.1.2_PUBLIC\Ghidra\Features\PDB\ghidra_scripts
    C:\Users\kimgiordano27\AppData\Roaming\ghidra\ghidra_12.1.2_PUBLIC\Extensions\Jython\ghidra_scripts
    C:\Users\kimgiordano27\Downloads\ghidra_12.1.2_PUBLIC_20260605\ghidra_12.1.2_PUBLIC\Ghidra\Features\PyGhidra\ghidra_scripts  
2026-07-22 03:46:52 INFO  (HeadlessAnalyzer) HEADLESS: execution starts  
2026-07-22 03:46:52 INFO  (HeadlessAnalyzer) Opening existing project: C:\realDesktop\manifest-evaluations\summer-26\ghidra-pipeline\il2cpp-files\StupidChimpSlop\ghidra-project-StupidChimpSlop\StupidChimpSlop  
2026-07-22 03:46:52 INFO  (HeadlessProject) Opening project: C:\realDesktop\manifest-evaluations\summer-26\ghidra-pipeline\il2cpp-files\StupidChimpSlop\ghidra-project-StupidChimpSlop\StupidChimpSlop  
2026-07-22 03:46:52 INFO  (LocalFileSystem) /StupidChimpSlop-libil2cpp.so: checkout (2) granted (kimgiordano27)  
2026-07-22 03:46:57 INFO  (HeadlessAnalyzer) REPORT: Processing project file: /StupidChimpSlop-libil2cpp.so  
2026-07-22 03:46:57 INFO  (HeadlessAnalyzer) REPORT: Execute script: GeneralStructureEyePatternScan.java 'C:\realDesktop\manifest-evaluations\summer-26\ghidra-pipeline\il2cpp-files\StupidChimpSlop\general-structure-results' '70' 'false'   
2026-07-22 03:46:58 INFO  (HeadlessAnalyzer) SCRIPT: C:\realDesktop\manifest-evaluations\summer-26\ghidra-pipeline\ghidra-export-scripts\GeneralStructureEyePatternScan.java  
2026-07-22 03:46:58 INFO  (GhidraScript) GeneralStructureEyePatternScan.java> General structure scan starting...  
2026-07-22 03:46:58 INFO  (GhidraScript) GeneralStructureEyePatternScan.java> Output: C:\realDesktop\manifest-evaluations\summer-26\ghidra-pipeline\il2cpp-files\StupidChimpSlop\general-structure-results  
2026-07-22 03:46:58 INFO  (GhidraScript) GeneralStructureEyePatternScan.java> Minimum review score: 70  
2026-07-22 03:46:58 INFO  (GhidraScript) GeneralStructureEyePatternScan.java> Export all: false  
2026-07-22 03:47:11 INFO  (GhidraScript) GeneralStructureEyePatternScan.java> Scanned 10000 functions. Exported so far: 0  
2026-07-22 03:47:32 INFO  (GhidraScript) GeneralStructureEyePatternScan.java> Scanned 20000 functions. Exported so far: 0  
2026-07-22 03:47:48 INFO  (GhidraScript) GeneralStructureEyePatternScan.java> Scanned 30000 functions. Exported so far: 0  
2026-07-22 03:48:05 INFO  (GhidraScript) GeneralStructureEyePatternScan.java> Scanned 40000 functions. Exported so far: 0  
2026-07-22 03:48:23 INFO  (GhidraScript) GeneralStructureEyePatternScan.java> Scanned 50000 functions. Exported so far: 0  
2026-07-22 03:48:35 INFO  (GhidraScript) GeneralStructureEyePatternScan.java> Scanned 60000 functions. Exported so far: 0  
2026-07-22 03:49:03 INFO  (GhidraScript) GeneralStructureEyePatternScan.java> Scanned 70000 functions. Exported so far: 0  
2026-07-22 03:49:21 INFO  (GhidraScript) GeneralStructureEyePatternScan.java> Scanned 80000 functions. Exported so far: 0  
2026-07-22 03:49:38 INFO  (GhidraScript) GeneralStructureEyePatternScan.java> Scanned 90000 functions. Exported so far: 0  
2026-07-22 03:49:59 INFO  (GhidraScript) GeneralStructureEyePatternScan.java> Scanned 100000 functions. Exported so far: 0  
2026-07-22 03:50:19 INFO  (GhidraScript) GeneralStructureEyePatternScan.java> Scanned 110000 functions. Exported so far: 0  
2026-07-22 03:50:39 INFO  (GhidraScript) GeneralStructureEyePatternScan.java> Scanned 120000 functions. Exported so far: 1  
2026-07-22 03:50:54 INFO  (GhidraScript) GeneralStructureEyePatternScan.java> Scanned 130000 functions. Exported so far: 1  
2026-07-22 03:51:42 INFO  (GhidraScript) GeneralStructureEyePatternScan.java> Scanned 140000 functions. Exported so far: 3  
2026-07-22 03:54:27 INFO  (GhidraScript) GeneralStructureEyePatternScan.java> Scanned 150000 functions. Exported so far: 8  
2026-07-22 03:55:22 INFO  (GhidraScript) GeneralStructureEyePatternScan.java> Scanned 160000 functions. Exported so far: 9  
2026-07-22 03:56:36 INFO  (GhidraScript) GeneralStructureEyePatternScan.java> Scanned 170000 functions. Exported so far: 9  
2026-07-22 03:58:25 INFO  (GhidraScript) GeneralStructureEyePatternScan.java> Scanned 180000 functions. Exported so far: 10  
2026-07-22 04:00:28 INFO  (GhidraScript) GeneralStructureEyePatternScan.java> Scanned 190000 functions. Exported so far: 12  
2026-07-22 04:01:18 INFO  (GhidraScript) GeneralStructureEyePatternScan.java> Scanned 200000 functions. Exported so far: 12  
2026-07-22 04:02:07 INFO  (GhidraScript) GeneralStructureEyePatternScan.java> Scanned 210000 functions. Exported so far: 12  
2026-07-22 04:03:03 INFO  (GhidraScript) GeneralStructureEyePatternScan.java> Scanned 220000 functions. Exported so far: 12  
2026-07-22 04:04:04 INFO  (GhidraScript) GeneralStructureEyePatternScan.java> Scanned 230000 functions. Exported so far: 12  
2026-07-22 04:05:14 INFO  (GhidraScript) GeneralStructureEyePatternScan.java> Scanned 240000 functions. Exported so far: 12  
2026-07-22 04:05:49 INFO  (GhidraScript) GeneralStructureEyePatternScan.java> Scanned 250000 functions. Exported so far: 12  
2026-07-22 04:06:33 INFO  (GhidraScript) GeneralStructureEyePatternScan.java> Scanned 260000 functions. Exported so far: 12  
2026-07-22 04:07:25 INFO  (GhidraScript) GeneralStructureEyePatternScan.java> Scanned 270000 functions. Exported so far: 12  
2026-07-22 04:08:24 INFO  (GhidraScript) GeneralStructureEyePatternScan.java> Scanned 280000 functions. Exported so far: 12  
2026-07-22 04:09:17 INFO  (GhidraScript) GeneralStructureEyePatternScan.java> Scanned 290000 functions. Exported so far: 12  
2026-07-22 04:10:07 INFO  (GhidraScript) GeneralStructureEyePatternScan.java> Scanned 300000 functions. Exported so far: 12  
2026-07-22 04:10:59 INFO  (GhidraScript) GeneralStructureEyePatternScan.java> Scanned 310000 functions. Exported so far: 12  
2026-07-22 04:12:40 INFO  (GhidraScript) GeneralStructureEyePatternScan.java> Scanned 320000 functions. Exported so far: 12  
2026-07-22 04:14:42 INFO  (GhidraScript) GeneralStructureEyePatternScan.java> Scanned 330000 functions. Exported so far: 12  
2026-07-22 04:15:50 INFO  (GhidraScript) GeneralStructureEyePatternScan.java> Scanned 340000 functions. Exported so far: 12  
2026-07-22 04:18:02 INFO  (GhidraScript) GeneralStructureEyePatternScan.java> Scanned 350000 functions. Exported so far: 12  
2026-07-22 04:23:23 INFO  (GhidraScript) GeneralStructureEyePatternScan.java> Scanned 360000 functions. Exported so far: 12  
2026-07-22 04:26:49 INFO  (GhidraScript) GeneralStructureEyePatternScan.java> Scanned 370000 functions. Exported so far: 12  
2026-07-22 04:28:43 INFO  (GhidraScript) GeneralStructureEyePatternScan.java> Scanned 380000 functions. Exported so far: 12  
2026-07-22 04:30:16 INFO  (GhidraScript) GeneralStructureEyePatternScan.java> Scanned 390000 functions. Exported so far: 12  
2026-07-22 04:34:25 INFO  (GhidraScript) GeneralStructureEyePatternScan.java> Scanned 400000 functions. Exported so far: 29  
2026-07-22 04:35:20 INFO  (GhidraScript) GeneralStructureEyePatternScan.java> Scanned 410000 functions. Exported so far: 30  
2026-07-22 04:36:28 INFO  (GhidraScript) GeneralStructureEyePatternScan.java> Scanned 420000 functions. Exported so far: 30  
2026-07-22 04:38:50 INFO  (GhidraScript) GeneralStructureEyePatternScan.java> Scanned 430000 functions. Exported so far: 30  
2026-07-22 04:40:56 INFO  (GhidraScript) GeneralStructureEyePatternScan.java> Scanned 440000 functions. Exported so far: 30  
2026-07-22 04:41:59 INFO  (GhidraScript) GeneralStructureEyePatternScan.java> Scanned 450000 functions. Exported so far: 30  
2026-07-22 04:43:20 INFO  (GhidraScript) GeneralStructureEyePatternScan.java> Scanned 460000 functions. Exported so far: 30  
2026-07-22 04:45:00 INFO  (GhidraScript) GeneralStructureEyePatternScan.java> Scanned 470000 functions. Exported so far: 30  
2026-07-22 05:12:42 INFO  (GhidraScript) GeneralStructureEyePatternScan.java> Scanned 480000 functions. Exported so far: 74  
2026-07-22 05:28:10 INFO  (GhidraScript) GeneralStructureEyePatternScan.java> Scanned 490000 functions. Exported so far: 316  
2026-07-22 05:29:56 INFO  (GhidraScript) GeneralStructureEyePatternScan.java> Scanned 500000 functions. Exported so far: 384  
2026-07-22 05:34:31 INFO  (GhidraScript) GeneralStructureEyePatternScan.java> Scanned 510000 functions. Exported so far: 600  
2026-07-22 16:05:57 INFO  (GhidraScript) GeneralStructureEyePatternScan.java> Scanned 520000 functions. Exported so far: 618  
2026-07-22 16:16:46 INFO  (GhidraScript) GeneralStructureEyePatternScan.java> Scanned 530000 functions. Exported so far: 670  
2026-07-22 16:31:39 INFO  (GhidraScript) GeneralStructureEyePatternScan.java> Scanned 540000 functions. Exported so far: 685  
2026-07-22 16:44:15 INFO  (GhidraScript) GeneralStructureEyePatternScan.java> Scanned 550000 functions. Exported so far: 738  
2026-07-22 17:44:31 INFO  (GhidraScript) GeneralStructureEyePatternScan.java> Scanned 560000 functions. Exported so far: 774  
2026-07-22 17:47:34 INFO  (GhidraScript) GeneralStructureEyePatternScan.java> Scanned 570000 functions. Exported so far: 779  
2026-07-22 17:54:56 INFO  (GhidraScript) GeneralStructureEyePatternScan.java> Scanned 580000 functions. Exported so far: 794  
2026-07-22 18:02:36 INFO  (GhidraScript) GeneralStructureEyePatternScan.java> Scanned 590000 functions. Exported so far: 808  
2026-07-22 18:03:48 INFO  (GhidraScript) GeneralStructureEyePatternScan.java> Scanned 600000 functions. Exported so far: 808  
2026-07-22 18:10:20 INFO  (GhidraScript) GeneralStructureEyePatternScan.java> Scanned 610000 functions. Exported so far: 819  
2026-07-22 19:32:35 INFO  (GhidraScript) GeneralStructureEyePatternScan.java> Scanned 620000 functions. Exported so far: 851  
2026-07-22 19:45:04 INFO  (GhidraScript) GeneralStructureEyePatternScan.java> Scanned 630000 functions. Exported so far: 878  
2026-07-22 19:52:42 INFO  (GhidraScript) GeneralStructureEyePatternScan.java> Scanned 640000 functions. Exported so far: 904  
2026-07-22 20:06:27 INFO  (GhidraScript) GeneralStructureEyePatternScan.java> Scanned 650000 functions. Exported so far: 980  
2026-07-22 20:15:42 INFO  (GhidraScript) GeneralStructureEyePatternScan.java> Scanned 660000 functions. Exported so far: 988  
2026-07-22 20:23:23 INFO  (GhidraScript) GeneralStructureEyePatternScan.java> Scanned 670000 functions. Exported so far: 989  
2026-07-22 20:25:24 WARN  (DecompileCallback) Decompiling 06c78000, pcode error at 06c78000: Unable to disassemble EXTERNAL block location: 06c78000  
2026-07-22 20:25:24 WARN  (DecompileCallback) Decompiling 06c78008, pcode error at 06c78008: Unable to disassemble EXTERNAL block location: 06c78008  
2026-07-22 20:25:24 WARN  (DecompileCallback) Decompiling 06c78010, pcode error at 06c78010: Unable to disassemble EXTERNAL block location: 06c78010  
2026-07-22 20:25:24 WARN  (DecompileCallback) Decompiling 06c78018, pcode error at 06c78018: Unable to disassemble EXTERNAL block location: 06c78018  
2026-07-22 20:25:24 WARN  (DecompileCallback) Decompiling 06c78020, pcode error at 06c78020: Unable to disassemble EXTERNAL block location: 06c78020  
2026-07-22 20:25:24 WARN  (DecompileCallback) Decompiling 06c78028, pcode error at 06c78028: Unable to disassemble EXTERNAL block location: 06c78028  
2026-07-22 20:25:24 WARN  (DecompileCallback) Decompiling 06c78030, pcode error at 06c78030: Unable to disassemble EXTERNAL block location: 06c78030  
2026-07-22 20:25:24 WARN  (DecompileCallback) Decompiling 06c78038, pcode error at 06c78038: Unable to disassemble EXTERNAL block location: 06c78038  
2026-07-22 20:25:24 WARN  (DecompileCallback) Decompiling 06c78040, pcode error at 06c78040: Unable to disassemble EXTERNAL block location: 06c78040  
2026-07-22 20:25:24 WARN  (DecompileCallback) Decompiling 06c78048, pcode error at 06c78048: Unable to disassemble EXTERNAL block location: 06c78048  
2026-07-22 20:25:24 WARN  (DecompileCallback) Decompiling 06c78050, pcode error at 06c78050: Unable to disassemble EXTERNAL block location: 06c78050  
2026-07-22 20:25:24 WARN  (DecompileCallback) Decompiling 06c78058, pcode error at 06c78058: Unable to disassemble EXTERNAL block location: 06c78058  
2026-07-22 20:25:24 WARN  (DecompileCallback) Decompiling 06c78060, pcode error at 06c78060: Unable to disassemble EXTERNAL block location: 06c78060  
2026-07-22 20:25:24 WARN  (DecompileCallback) Decompiling 06c78068, pcode error at 06c78068: Unable to disassemble EXTERNAL block location: 06c78068  
2026-07-22 20:25:24 WARN  (DecompileCallback) Decompiling 06c78070, pcode error at 06c78070: Unable to disassemble EXTERNAL block location: 06c78070  
2026-07-22 20:25:24 WARN  (DecompileCallback) Decompiling 06c78078, pcode error at 06c78078: Unable to disassemble EXTERNAL block location: 06c78078  
2026-07-22 20:25:24 WARN  (DecompileCallback) Decompiling 06c78080, pcode error at 06c78080: Unable to disassemble EXTERNAL block location: 06c78080  
2026-07-22 20:25:24 WARN  (DecompileCallback) Decompiling 06c78088, pcode error at 06c78088: Unable to disassemble EXTERNAL block location: 06c78088  
2026-07-22 20:25:24 WARN  (DecompileCallback) Decompiling 06c78090, pcode error at 06c78090: Unable to disassemble EXTERNAL block location: 06c78090  
2026-07-22 20:25:24 WARN  (DecompileCallback) Decompiling 06c78098, pcode error at 06c78098: Unable to disassemble EXTERNAL block location: 06c78098  
2026-07-22 20:25:24 WARN  (DecompileCallback) Decompiling 06c780a0, pcode error at 06c780a0: Unable to disassemble EXTERNAL block location: 06c780a0  
2026-07-22 20:25:24 WARN  (DecompileCallback) Decompiling 06c780a8, pcode error at 06c780a8: Unable to disassemble EXTERNAL block location: 06c780a8  
2026-07-22 20:25:24 WARN  (DecompileCallback) Decompiling 06c780b0, pcode error at 06c780b0: Unable to disassemble EXTERNAL block location: 06c780b0  
2026-07-22 20:25:24 WARN  (DecompileCallback) Decompiling 06c780b8, pcode error at 06c780b8: Unable to disassemble EXTERNAL block location: 06c780b8  
2026-07-22 20:25:24 WARN  (DecompileCallback) Decompiling 06c780c0, pcode error at 06c780c0: Unable to disassemble EXTERNAL block location: 06c780c0  
2026-07-22 20:25:24 WARN  (DecompileCallback) Decompiling 06c780c8, pcode error at 06c780c8: Unable to disassemble EXTERNAL block location: 06c780c8  
2026-07-22 20:25:24 WARN  (DecompileCallback) Decompiling 06c780d0, pcode error at 06c780d0: Unable to disassemble EXTERNAL block location: 06c780d0  
2026-07-22 20:25:24 WARN  (DecompileCallback) Decompiling 06c780d8, pcode error at 06c780d8: Unable to disassemble EXTERNAL block location: 06c780d8  
2026-07-22 20:25:24 WARN  (DecompileCallback) Decompiling 06c780e0, pcode error at 06c780e0: Unable to disassemble EXTERNAL block location: 06c780e0  
2026-07-22 20:25:24 WARN  (DecompileCallback) Decompiling 06c780e8, pcode error at 06c780e8: Unable to disassemble EXTERNAL block location: 06c780e8  
2026-07-22 20:25:24 WARN  (DecompileCallback) Decompiling 06c780f0, pcode error at 06c780f0: Unable to disassemble EXTERNAL block location: 06c780f0  
2026-07-22 20:25:24 WARN  (DecompileCallback) Decompiling 06c780f8, pcode error at 06c780f8: Unable to disassemble EXTERNAL block location: 06c780f8  
2026-07-22 20:25:24 WARN  (DecompileCallback) Decompiling 06c78100, pcode error at 06c78100: Unable to disassemble EXTERNAL block location: 06c78100  
2026-07-22 20:25:24 WARN  (DecompileCallback) Decompiling 06c78108, pcode error at 06c78108: Unable to disassemble EXTERNAL block location: 06c78108  
2026-07-22 20:25:24 WARN  (DecompileCallback) Decompiling 06c78110, pcode error at 06c78110: Unable to disassemble EXTERNAL block location: 06c78110  
2026-07-22 20:25:24 WARN  (DecompileCallback) Decompiling 06c78118, pcode error at 06c78118: Unable to disassemble EXTERNAL block location: 06c78118  
2026-07-22 20:25:24 WARN  (DecompileCallback) Decompiling 06c78120, pcode error at 06c78120: Unable to disassemble EXTERNAL block location: 06c78120  
2026-07-22 20:25:24 WARN  (DecompileCallback) Decompiling 06c78128, pcode error at 06c78128: Unable to disassemble EXTERNAL block location: 06c78128  
2026-07-22 20:25:24 WARN  (DecompileCallback) Decompiling 06c78130, pcode error at 06c78130: Unable to disassemble EXTERNAL block location: 06c78130  
2026-07-22 20:25:24 WARN  (DecompileCallback) Decompiling 06c78138, pcode error at 06c78138: Unable to disassemble EXTERNAL block location: 06c78138  
2026-07-22 20:25:24 WARN  (DecompileCallback) Decompiling 06c78140, pcode error at 06c78140: Unable to disassemble EXTERNAL block location: 06c78140  
2026-07-22 20:25:24 WARN  (DecompileCallback) Decompiling 06c78148, pcode error at 06c78148: Unable to disassemble EXTERNAL block location: 06c78148  
2026-07-22 20:25:24 WARN  (DecompileCallback) Decompiling 06c78158, pcode error at 06c78158: Unable to disassemble EXTERNAL block location: 06c78158  
2026-07-22 20:25:24 WARN  (DecompileCallback) Decompiling 06c78160, pcode error at 06c78160: Unable to disassemble EXTERNAL block location: 06c78160  
2026-07-22 20:25:24 WARN  (DecompileCallback) Decompiling 06c78168, pcode error at 06c78168: Unable to disassemble EXTERNAL block location: 06c78168  
2026-07-22 20:25:24 WARN  (DecompileCallback) Decompiling 06c78170, pcode error at 06c78170: Unable to disassemble EXTERNAL block location: 06c78170  
2026-07-22 20:25:24 WARN  (DecompileCallback) Decompiling 06c78178, pcode error at 06c78178: Unable to disassemble EXTERNAL block location: 06c78178  
2026-07-22 20:25:24 WARN  (DecompileCallback) Decompiling 06c78180, pcode error at 06c78180: Unable to disassemble EXTERNAL block location: 06c78180  
2026-07-22 20:25:24 WARN  (DecompileCallback) Decompiling 06c78188, pcode error at 06c78188: Unable to disassemble EXTERNAL block location: 06c78188  
2026-07-22 20:25:24 WARN  (DecompileCallback) Decompiling 06c78190, pcode error at 06c78190: Unable to disassemble EXTERNAL block location: 06c78190  
2026-07-22 20:25:24 WARN  (DecompileCallback) Decompiling 06c78198, pcode error at 06c78198: Unable to disassemble EXTERNAL block location: 06c78198  
2026-07-22 20:25:24 WARN  (DecompileCallback) Decompiling 06c781a0, pcode error at 06c781a0: Unable to disassemble EXTERNAL block location: 06c781a0  
2026-07-22 20:25:24 WARN  (DecompileCallback) Decompiling 06c781a8, pcode error at 06c781a8: Unable to disassemble EXTERNAL block location: 06c781a8  
2026-07-22 20:25:24 WARN  (DecompileCallback) Decompiling 06c781b0, pcode error at 06c781b0: Unable to disassemble EXTERNAL block location: 06c781b0  
2026-07-22 20:25:24 WARN  (DecompileCallback) Decompiling 06c781b8, pcode error at 06c781b8: Unable to disassemble EXTERNAL block location: 06c781b8  
2026-07-22 20:25:24 WARN  (DecompileCallback) Decompiling 06c781c0, pcode error at 06c781c0: Unable to disassemble EXTERNAL block location: 06c781c0  
2026-07-22 20:25:24 WARN  (DecompileCallback) Decompiling 06c781c8, pcode error at 06c781c8: Unable to disassemble EXTERNAL block location: 06c781c8  
2026-07-22 20:25:24 WARN  (DecompileCallback) Decompiling 06c781d0, pcode error at 06c781d0: Unable to disassemble EXTERNAL block location: 06c781d0  
2026-07-22 20:25:24 WARN  (DecompileCallback) Decompiling 06c781d8, pcode error at 06c781d8: Unable to disassemble EXTERNAL block location: 06c781d8  
2026-07-22 20:25:24 WARN  (DecompileCallback) Decompiling 06c781e0, pcode error at 06c781e0: Unable to disassemble EXTERNAL block location: 06c781e0  
2026-07-22 20:25:24 WARN  (DecompileCallback) Decompiling 06c781e8, pcode error at 06c781e8: Unable to disassemble EXTERNAL block location: 06c781e8  
2026-07-22 20:25:24 WARN  (DecompileCallback) Decompiling 06c781f0, pcode error at 06c781f0: Unable to disassemble EXTERNAL block location: 06c781f0  
2026-07-22 20:25:24 WARN  (DecompileCallback) Decompiling 06c781f8, pcode error at 06c781f8: Unable to disassemble EXTERNAL block location: 06c781f8  
2026-07-22 20:25:24 WARN  (DecompileCallback) Decompiling 06c78200, pcode error at 06c78200: Unable to disassemble EXTERNAL block location: 06c78200  
2026-07-22 20:25:24 WARN  (DecompileCallback) Decompiling 06c78208, pcode error at 06c78208: Unable to disassemble EXTERNAL block location: 06c78208  
2026-07-22 20:25:24 WARN  (DecompileCallback) Decompiling 06c78210, pcode error at 06c78210: Unable to disassemble EXTERNAL block location: 06c78210  
2026-07-22 20:25:24 WARN  (DecompileCallback) Decompiling 06c78218, pcode error at 06c78218: Unable to disassemble EXTERNAL block location: 06c78218  
2026-07-22 20:25:24 WARN  (DecompileCallback) Decompiling 06c78220, pcode error at 06c78220: Unable to disassemble EXTERNAL block location: 06c78220  
2026-07-22 20:25:24 WARN  (DecompileCallback) Decompiling 06c78228, pcode error at 06c78228: Unable to disassemble EXTERNAL block location: 06c78228  
2026-07-22 20:25:24 WARN  (DecompileCallback) Decompiling 06c78230, pcode error at 06c78230: Unable to disassemble EXTERNAL block location: 06c78230  
2026-07-22 20:25:24 WARN  (DecompileCallback) Decompiling 06c78238, pcode error at 06c78238: Unable to disassemble EXTERNAL block location: 06c78238  
2026-07-22 20:25:24 WARN  (DecompileCallback) Decompiling 06c78240, pcode error at 06c78240: Unable to disassemble EXTERNAL block location: 06c78240  
2026-07-22 20:25:24 WARN  (DecompileCallback) Decompiling 06c78248, pcode error at 06c78248: Unable to disassemble EXTERNAL block location: 06c78248  
2026-07-22 20:25:24 WARN  (DecompileCallback) Decompiling 06c78250, pcode error at 06c78250: Unable to disassemble EXTERNAL block location: 06c78250  
2026-07-22 20:25:24 WARN  (DecompileCallback) Decompiling 06c78258, pcode error at 06c78258: Unable to disassemble EXTERNAL block location: 06c78258  
2026-07-22 20:25:24 WARN  (DecompileCallback) Decompiling 06c78260, pcode error at 06c78260: Unable to disassemble EXTERNAL block location: 06c78260  
2026-07-22 20:25:24 WARN  (DecompileCallback) Decompiling 06c78268, pcode error at 06c78268: Unable to disassemble EXTERNAL block location: 06c78268  
2026-07-22 20:25:24 WARN  (DecompileCallback) Decompiling 06c78270, pcode error at 06c78270: Unable to disassemble EXTERNAL block location: 06c78270  
2026-07-22 20:25:24 WARN  (DecompileCallback) Decompiling 06c78278, pcode error at 06c78278: Unable to disassemble EXTERNAL block location: 06c78278  
2026-07-22 20:25:24 WARN  (DecompileCallback) Decompiling 06c78280, pcode error at 06c78280: Unable to disassemble EXTERNAL block location: 06c78280  
2026-07-22 20:25:24 WARN  (DecompileCallback) Decompiling 06c78288, pcode error at 06c78288: Unable to disassemble EXTERNAL block location: 06c78288  
2026-07-22 20:25:24 WARN  (DecompileCallback) Decompiling 06c78290, pcode error at 06c78290: Unable to disassemble EXTERNAL block location: 06c78290  
2026-07-22 20:25:24 WARN  (DecompileCallback) Decompiling 06c78298, pcode error at 06c78298: Unable to disassemble EXTERNAL block location: 06c78298  
2026-07-22 20:25:24 WARN  (DecompileCallback) Decompiling 06c782a0, pcode error at 06c782a0: Unable to disassemble EXTERNAL block location: 06c782a0  
2026-07-22 20:25:24 WARN  (DecompileCallback) Decompiling 06c782a8, pcode error at 06c782a8: Unable to disassemble EXTERNAL block location: 06c782a8  
2026-07-22 20:25:24 WARN  (DecompileCallback) Decompiling 06c782b0, pcode error at 06c782b0: Unable to disassemble EXTERNAL block location: 06c782b0  
2026-07-22 20:25:24 WARN  (DecompileCallback) Decompiling 06c782b8, pcode error at 06c782b8: Unable to disassemble EXTERNAL block location: 06c782b8  
2026-07-22 20:25:24 WARN  (DecompileCallback) Decompiling 06c782c0, pcode error at 06c782c0: Unable to disassemble EXTERNAL block location: 06c782c0  
2026-07-22 20:25:24 WARN  (DecompileCallback) Decompiling 06c782c8, pcode error at 06c782c8: Unable to disassemble EXTERNAL block location: 06c782c8  
2026-07-22 20:25:24 WARN  (DecompileCallback) Decompiling 06c782d0, pcode error at 06c782d0: Unable to disassemble EXTERNAL block location: 06c782d0  
2026-07-22 20:25:24 WARN  (DecompileCallback) Decompiling 06c782d8, pcode error at 06c782d8: Unable to disassemble EXTERNAL block location: 06c782d8  
2026-07-22 20:25:24 WARN  (DecompileCallback) Decompiling 06c782e0, pcode error at 06c782e0: Unable to disassemble EXTERNAL block location: 06c782e0  
2026-07-22 20:25:24 WARN  (DecompileCallback) Decompiling 06c782e8, pcode error at 06c782e8: Unable to disassemble EXTERNAL block location: 06c782e8  
2026-07-22 20:25:24 WARN  (DecompileCallback) Decompiling 06c782f0, pcode error at 06c782f0: Unable to disassemble EXTERNAL block location: 06c782f0  
2026-07-22 20:25:24 WARN  (DecompileCallback) Decompiling 06c782f8, pcode error at 06c782f8: Unable to disassemble EXTERNAL block location: 06c782f8  
2026-07-22 20:25:24 WARN  (DecompileCallback) Decompiling 06c78300, pcode error at 06c78300: Unable to disassemble EXTERNAL block location: 06c78300  
2026-07-22 20:25:24 WARN  (DecompileCallback) Decompiling 06c78308, pcode error at 06c78308: Unable to disassemble EXTERNAL block location: 06c78308  
2026-07-22 20:25:24 WARN  (DecompileCallback) Decompiling 06c78310, pcode error at 06c78310: Unable to disassemble EXTERNAL block location: 06c78310  
2026-07-22 20:25:24 WARN  (DecompileCallback) Decompiling 06c78318, pcode error at 06c78318: Unable to disassemble EXTERNAL block location: 06c78318  
2026-07-22 20:25:24 WARN  (DecompileCallback) Decompiling 06c78320, pcode error at 06c78320: Unable to disassemble EXTERNAL block location: 06c78320  
2026-07-22 20:25:24 WARN  (DecompileCallback) Decompiling 06c78328, pcode error at 06c78328: Unable to disassemble EXTERNAL block location: 06c78328  
2026-07-22 20:25:24 WARN  (DecompileCallback) Decompiling 06c78330, pcode error at 06c78330: Unable to disassemble EXTERNAL block location: 06c78330  
2026-07-22 20:25:24 WARN  (DecompileCallback) Decompiling 06c78338, pcode error at 06c78338: Unable to disassemble EXTERNAL block location: 06c78338  
2026-07-22 20:25:24 WARN  (DecompileCallback) Decompiling 06c78340, pcode error at 06c78340: Unable to disassemble EXTERNAL block location: 06c78340  
2026-07-22 20:25:24 WARN  (DecompileCallback) Decompiling 06c78348, pcode error at 06c78348: Unable to disassemble EXTERNAL block location: 06c78348  
2026-07-22 20:25:24 WARN  (DecompileCallback) Decompiling 06c78350, pcode error at 06c78350: Unable to disassemble EXTERNAL block location: 06c78350  
2026-07-22 20:25:24 WARN  (DecompileCallback) Decompiling 06c78358, pcode error at 06c78358: Unable to disassemble EXTERNAL block location: 06c78358  
2026-07-22 20:25:24 WARN  (DecompileCallback) Decompiling 06c78360, pcode error at 06c78360: Unable to disassemble EXTERNAL block location: 06c78360  
2026-07-22 20:25:24 WARN  (DecompileCallback) Decompiling 06c78368, pcode error at 06c78368: Unable to disassemble EXTERNAL block location: 06c78368  
2026-07-22 20:25:24 WARN  (DecompileCallback) Decompiling 06c78370, pcode error at 06c78370: Unable to disassemble EXTERNAL block location: 06c78370  
2026-07-22 20:25:24 WARN  (DecompileCallback) Decompiling 06c78378, pcode error at 06c78378: Unable to disassemble EXTERNAL block location: 06c78378  
2026-07-22 20:25:24 WARN  (DecompileCallback) Decompiling 06c78380, pcode error at 06c78380: Unable to disassemble EXTERNAL block location: 06c78380  
2026-07-22 20:25:24 WARN  (DecompileCallback) Decompiling 06c78388, pcode error at 06c78388: Unable to disassemble EXTERNAL block location: 06c78388  
2026-07-22 20:25:24 WARN  (DecompileCallback) Decompiling 06c78390, pcode error at 06c78390: Unable to disassemble EXTERNAL block location: 06c78390  
2026-07-22 20:25:24 WARN  (DecompileCallback) Decompiling 06c78398, pcode error at 06c78398: Unable to disassemble EXTERNAL block location: 06c78398  
2026-07-22 20:25:24 WARN  (DecompileCallback) Decompiling 06c783a0, pcode error at 06c783a0: Unable to disassemble EXTERNAL block location: 06c783a0  
2026-07-22 20:25:24 WARN  (DecompileCallback) Decompiling 06c783a8, pcode error at 06c783a8: Unable to disassemble EXTERNAL block location: 06c783a8  
2026-07-22 20:25:24 WARN  (DecompileCallback) Decompiling 06c783b0, pcode error at 06c783b0: Unable to disassemble EXTERNAL block location: 06c783b0  
2026-07-22 20:25:24 WARN  (DecompileCallback) Decompiling 06c783b8, pcode error at 06c783b8: Unable to disassemble EXTERNAL block location: 06c783b8  
2026-07-22 20:25:24 WARN  (DecompileCallback) Decompiling 06c783c0, pcode error at 06c783c0: Unable to disassemble EXTERNAL block location: 06c783c0  
2026-07-22 20:25:24 WARN  (DecompileCallback) Decompiling 06c783c8, pcode error at 06c783c8: Unable to disassemble EXTERNAL block location: 06c783c8  
2026-07-22 20:25:24 WARN  (DecompileCallback) Decompiling 06c783d0, pcode error at 06c783d0: Unable to disassemble EXTERNAL block location: 06c783d0  
2026-07-22 20:25:24 WARN  (DecompileCallback) Decompiling 06c783d8, pcode error at 06c783d8: Unable to disassemble EXTERNAL block location: 06c783d8  
2026-07-22 20:25:24 WARN  (DecompileCallback) Decompiling 06c783e0, pcode error at 06c783e0: Unable to disassemble EXTERNAL block location: 06c783e0  
2026-07-22 20:25:24 WARN  (DecompileCallback) Decompiling 06c783e8, pcode error at 06c783e8: Unable to disassemble EXTERNAL block location: 06c783e8  
2026-07-22 20:25:24 WARN  (DecompileCallback) Decompiling 06c783f0, pcode error at 06c783f0: Unable to disassemble EXTERNAL block location: 06c783f0  
2026-07-22 20:25:24 WARN  (DecompileCallback) Decompiling 06c783f8, pcode error at 06c783f8: Unable to disassemble EXTERNAL block location: 06c783f8  
2026-07-22 20:25:24 WARN  (DecompileCallback) Decompiling 06c78400, pcode error at 06c78400: Unable to disassemble EXTERNAL block location: 06c78400  
2026-07-22 20:25:24 WARN  (DecompileCallback) Decompiling 06c78408, pcode error at 06c78408: Unable to disassemble EXTERNAL block location: 06c78408  
2026-07-22 20:25:24 WARN  (DecompileCallback) Decompiling 06c78410, pcode error at 06c78410: Unable to disassemble EXTERNAL block location: 06c78410  
2026-07-22 20:25:24 WARN  (DecompileCallback) Decompiling 06c78418, pcode error at 06c78418: Unable to disassemble EXTERNAL block location: 06c78418  
2026-07-22 20:25:24 WARN  (DecompileCallback) Decompiling 06c78420, pcode error at 06c78420: Unable to disassemble EXTERNAL block location: 06c78420  
2026-07-22 20:25:24 WARN  (DecompileCallback) Decompiling 06c78428, pcode error at 06c78428: Unable to disassemble EXTERNAL block location: 06c78428  
2026-07-22 20:25:24 WARN  (DecompileCallback) Decompiling 06c78430, pcode error at 06c78430: Unable to disassemble EXTERNAL block location: 06c78430  
2026-07-22 20:25:24 WARN  (DecompileCallback) Decompiling 06c78438, pcode error at 06c78438: Unable to disassemble EXTERNAL block location: 06c78438  
2026-07-22 20:25:24 WARN  (DecompileCallback) Decompiling 06c78440, pcode error at 06c78440: Unable to disassemble EXTERNAL block location: 06c78440  
2026-07-22 20:25:24 WARN  (DecompileCallback) Decompiling 06c78448, pcode error at 06c78448: Unable to disassemble EXTERNAL block location: 06c78448  
2026-07-22 20:25:24 WARN  (DecompileCallback) Decompiling 06c78450, pcode error at 06c78450: Unable to disassemble EXTERNAL block location: 06c78450  
2026-07-22 20:25:24 WARN  (DecompileCallback) Decompiling 06c78458, pcode error at 06c78458: Unable to disassemble EXTERNAL block location: 06c78458  
2026-07-22 20:25:24 WARN  (DecompileCallback) Decompiling 06c78460, pcode error at 06c78460: Unable to disassemble EXTERNAL block location: 06c78460  
2026-07-22 20:25:24 WARN  (DecompileCallback) Decompiling 06c78468, pcode error at 06c78468: Unable to disassemble EXTERNAL block location: 06c78468  
2026-07-22 20:25:24 WARN  (DecompileCallback) Decompiling 06c78470, pcode error at 06c78470: Unable to disassemble EXTERNAL block location: 06c78470  
2026-07-22 20:25:24 WARN  (DecompileCallback) Decompiling 06c78478, pcode error at 06c78478: Unable to disassemble EXTERNAL block location: 06c78478  
2026-07-22 20:25:24 WARN  (DecompileCallback) Decompiling 06c78480, pcode error at 06c78480: Unable to disassemble EXTERNAL block location: 06c78480  
2026-07-22 20:25:24 WARN  (DecompileCallback) Decompiling 06c78488, pcode error at 06c78488: Unable to disassemble EXTERNAL block location: 06c78488  
2026-07-22 20:25:24 WARN  (DecompileCallback) Decompiling 06c78490, pcode error at 06c78490: Unable to disassemble EXTERNAL block location: 06c78490  
2026-07-22 20:25:24 WARN  (DecompileCallback) Decompiling 06c78498, pcode error at 06c78498: Unable to disassemble EXTERNAL block location: 06c78498  
2026-07-22 20:25:24 WARN  (DecompileCallback) Decompiling 06c784a0, pcode error at 06c784a0: Unable to disassemble EXTERNAL block location: 06c784a0  
2026-07-22 20:25:24 WARN  (DecompileCallback) Decompiling 06c784a8, pcode error at 06c784a8: Unable to disassemble EXTERNAL block location: 06c784a8  
2026-07-22 20:25:24 WARN  (DecompileCallback) Decompiling 06c784b0, pcode error at 06c784b0: Unable to disassemble EXTERNAL block location: 06c784b0  
2026-07-22 20:25:24 WARN  (DecompileCallback) Decompiling 06c784b8, pcode error at 06c784b8: Unable to disassemble EXTERNAL block location: 06c784b8  
2026-07-22 20:25:24 WARN  (DecompileCallback) Decompiling 06c784c0, pcode error at 06c784c0: Unable to disassemble EXTERNAL block location: 06c784c0  
2026-07-22 20:25:24 WARN  (DecompileCallback) Decompiling 06c784c8, pcode error at 06c784c8: Unable to disassemble EXTERNAL block location: 06c784c8  
2026-07-22 20:25:24 WARN  (DecompileCallback) Decompiling 06c784d0, pcode error at 06c784d0: Unable to disassemble EXTERNAL block location: 06c784d0  
2026-07-22 20:25:24 WARN  (DecompileCallback) Decompiling 06c784d8, pcode error at 06c784d8: Unable to disassemble EXTERNAL block location: 06c784d8  
2026-07-22 20:25:24 WARN  (DecompileCallback) Decompiling 06c784e0, pcode error at 06c784e0: Unable to disassemble EXTERNAL block location: 06c784e0  
2026-07-22 20:25:24 WARN  (DecompileCallback) Decompiling 06c784e8, pcode error at 06c784e8: Unable to disassemble EXTERNAL block location: 06c784e8  
2026-07-22 20:25:24 WARN  (DecompileCallback) Decompiling 06c784f0, pcode error at 06c784f0: Unable to disassemble EXTERNAL block location: 06c784f0  
2026-07-22 20:25:24 WARN  (DecompileCallback) Decompiling 06c784f8, pcode error at 06c784f8: Unable to disassemble EXTERNAL block location: 06c784f8  
2026-07-22 20:25:24 WARN  (DecompileCallback) Decompiling 06c78500, pcode error at 06c78500: Unable to disassemble EXTERNAL block location: 06c78500  
2026-07-22 20:25:24 WARN  (DecompileCallback) Decompiling 06c78508, pcode error at 06c78508: Unable to disassemble EXTERNAL block location: 06c78508  
2026-07-22 20:25:24 WARN  (DecompileCallback) Decompiling 06c78510, pcode error at 06c78510: Unable to disassemble EXTERNAL block location: 06c78510  
2026-07-22 20:25:24 WARN  (DecompileCallback) Decompiling 06c78518, pcode error at 06c78518: Unable to disassemble EXTERNAL block location: 06c78518  
2026-07-22 20:25:24 WARN  (DecompileCallback) Decompiling 06c78520, pcode error at 06c78520: Unable to disassemble EXTERNAL block location: 06c78520  
2026-07-22 20:25:24 WARN  (DecompileCallback) Decompiling 06c78528, pcode error at 06c78528: Unable to disassemble EXTERNAL block location: 06c78528  
2026-07-22 20:25:24 WARN  (DecompileCallback) Decompiling 06c78530, pcode error at 06c78530: Unable to disassemble EXTERNAL block location: 06c78530  
2026-07-22 20:25:24 WARN  (DecompileCallback) Decompiling 06c78538, pcode error at 06c78538: Unable to disassemble EXTERNAL block location: 06c78538  
2026-07-22 20:25:24 WARN  (DecompileCallback) Decompiling 06c78540, pcode error at 06c78540: Unable to disassemble EXTERNAL block location: 06c78540  
2026-07-22 20:25:24 WARN  (DecompileCallback) Decompiling 06c78548, pcode error at 06c78548: Unable to disassemble EXTERNAL block location: 06c78548  
2026-07-22 20:25:24 WARN  (DecompileCallback) Decompiling 06c78550, pcode error at 06c78550: Unable to disassemble EXTERNAL block location: 06c78550  
2026-07-22 20:25:24 WARN  (DecompileCallback) Decompiling 06c78560, pcode error at 06c78560: Unable to disassemble EXTERNAL block location: 06c78560  
2026-07-22 20:25:24 WARN  (DecompileCallback) Decompiling 06c78568, pcode error at 06c78568: Unable to disassemble EXTERNAL block location: 06c78568  
2026-07-22 20:25:24 WARN  (DecompileCallback) Decompiling 06c78570, pcode error at 06c78570: Unable to disassemble EXTERNAL block location: 06c78570  
2026-07-22 20:25:24 WARN  (DecompileCallback) Decompiling 06c78578, pcode error at 06c78578: Unable to disassemble EXTERNAL block location: 06c78578  
2026-07-22 20:25:24 WARN  (DecompileCallback) Decompiling 06c78580, pcode error at 06c78580: Unable to disassemble EXTERNAL block location: 06c78580  
2026-07-22 20:25:24 WARN  (DecompileCallback) Decompiling 06c78588, pcode error at 06c78588: Unable to disassemble EXTERNAL block location: 06c78588  
2026-07-22 20:25:24 WARN  (DecompileCallback) Decompiling 06c78590, pcode error at 06c78590: Unable to disassemble EXTERNAL block location: 06c78590  
2026-07-22 20:25:24 WARN  (DecompileCallback) Decompiling 06c78598, pcode error at 06c78598: Unable to disassemble EXTERNAL block location: 06c78598  
2026-07-22 20:25:24 WARN  (DecompileCallback) Decompiling 06c785a0, pcode error at 06c785a0: Unable to disassemble EXTERNAL block location: 06c785a0  
2026-07-22 20:25:24 WARN  (DecompileCallback) Decompiling 06c785a8, pcode error at 06c785a8: Unable to disassemble EXTERNAL block location: 06c785a8  
2026-07-22 20:25:24 WARN  (DecompileCallback) Decompiling 06c785b0, pcode error at 06c785b0: Unable to disassemble EXTERNAL block location: 06c785b0  
2026-07-22 20:25:24 WARN  (DecompileCallback) Decompiling 06c785b8, pcode error at 06c785b8: Unable to disassemble EXTERNAL block location: 06c785b8  
2026-07-22 20:25:24 WARN  (DecompileCallback) Decompiling 06c785c0, pcode error at 06c785c0: Unable to disassemble EXTERNAL block location: 06c785c0  
2026-07-22 20:25:24 WARN  (DecompileCallback) Decompiling 06c785c8, pcode error at 06c785c8: Unable to disassemble EXTERNAL block location: 06c785c8  
2026-07-22 20:25:24 WARN  (DecompileCallback) Decompiling 06c785d0, pcode error at 06c785d0: Unable to disassemble EXTERNAL block location: 06c785d0  
2026-07-22 20:25:24 WARN  (DecompileCallback) Decompiling 06c785d8, pcode error at 06c785d8: Unable to disassemble EXTERNAL block location: 06c785d8  
2026-07-22 20:25:24 WARN  (DecompileCallback) Decompiling 06c785e0, pcode error at 06c785e0: Unable to disassemble EXTERNAL block location: 06c785e0  
2026-07-22 20:25:24 WARN  (DecompileCallback) Decompiling 06c785e8, pcode error at 06c785e8: Unable to disassemble EXTERNAL block location: 06c785e8  
2026-07-22 20:25:24 WARN  (DecompileCallback) Decompiling 06c785f0, pcode error at 06c785f0: Unable to disassemble EXTERNAL block location: 06c785f0  
2026-07-22 20:25:24 WARN  (DecompileCallback) Decompiling 06c785f8, pcode error at 06c785f8: Unable to disassemble EXTERNAL block location: 06c785f8  
2026-07-22 20:25:24 WARN  (DecompileCallback) Decompiling 06c78600, pcode error at 06c78600: Unable to disassemble EXTERNAL block location: 06c78600  
2026-07-22 20:25:24 WARN  (DecompileCallback) Decompiling 06c78608, pcode error at 06c78608: Unable to disassemble EXTERNAL block location: 06c78608  
2026-07-22 20:25:24 WARN  (DecompileCallback) Decompiling 06c78610, pcode error at 06c78610: Unable to disassemble EXTERNAL block location: 06c78610  
2026-07-22 20:25:24 WARN  (DecompileCallback) Decompiling 06c78618, pcode error at 06c78618: Unable to disassemble EXTERNAL block location: 06c78618  
2026-07-22 20:25:24 WARN  (DecompileCallback) Decompiling 06c78620, pcode error at 06c78620: Unable to disassemble EXTERNAL block location: 06c78620  
2026-07-22 20:25:24 WARN  (DecompileCallback) Decompiling 06c78628, pcode error at 06c78628: Unable to disassemble EXTERNAL block location: 06c78628  
2026-07-22 20:25:24 WARN  (DecompileCallback) Decompiling 06c78630, pcode error at 06c78630: Unable to disassemble EXTERNAL block location: 06c78630  
2026-07-22 20:25:24 WARN  (DecompileCallback) Decompiling 06c78638, pcode error at 06c78638: Unable to disassemble EXTERNAL block location: 06c78638  
2026-07-22 20:25:24 WARN  (DecompileCallback) Decompiling 06c78640, pcode error at 06c78640: Unable to disassemble EXTERNAL block location: 06c78640  
2026-07-22 20:25:24 WARN  (DecompileCallback) Decompiling 06c78648, pcode error at 06c78648: Unable to disassemble EXTERNAL block location: 06c78648  
2026-07-22 20:25:24 WARN  (DecompileCallback) Decompiling 06c78650, pcode error at 06c78650: Unable to disassemble EXTERNAL block location: 06c78650  
2026-07-22 20:25:24 WARN  (DecompileCallback) Decompiling 06c78658, pcode error at 06c78658: Unable to disassemble EXTERNAL block location: 06c78658  
2026-07-22 20:25:24 WARN  (DecompileCallback) Decompiling 06c78660, pcode error at 06c78660: Unable to disassemble EXTERNAL block location: 06c78660  
2026-07-22 20:25:24 WARN  (DecompileCallback) Decompiling 06c78668, pcode error at 06c78668: Unable to disassemble EXTERNAL block location: 06c78668  
2026-07-22 20:25:24 WARN  (DecompileCallback) Decompiling 06c78670, pcode error at 06c78670: Unable to disassemble EXTERNAL block location: 06c78670  
2026-07-22 20:25:24 WARN  (DecompileCallback) Decompiling 06c78678, pcode error at 06c78678: Unable to disassemble EXTERNAL block location: 06c78678  
2026-07-22 20:25:24 WARN  (DecompileCallback) Decompiling 06c78680, pcode error at 06c78680: Unable to disassemble EXTERNAL block location: 06c78680  
2026-07-22 20:25:24 WARN  (DecompileCallback) Decompiling 06c78688, pcode error at 06c78688: Unable to disassemble EXTERNAL block location: 06c78688  
2026-07-22 20:25:24 WARN  (DecompileCallback) Decompiling 06c78690, pcode error at 06c78690: Unable to disassemble EXTERNAL block location: 06c78690  
2026-07-22 20:25:24 WARN  (DecompileCallback) Decompiling 06c78698, pcode error at 06c78698: Unable to disassemble EXTERNAL block location: 06c78698  
2026-07-22 20:25:24 WARN  (DecompileCallback) Decompiling 06c786a0, pcode error at 06c786a0: Unable to disassemble EXTERNAL block location: 06c786a0  
2026-07-22 20:25:24 WARN  (DecompileCallback) Decompiling 06c786a8, pcode error at 06c786a8: Unable to disassemble EXTERNAL block location: 06c786a8  
2026-07-22 20:25:24 WARN  (DecompileCallback) Decompiling 06c786b0, pcode error at 06c786b0: Unable to disassemble EXTERNAL block location: 06c786b0  
2026-07-22 20:25:24 WARN  (DecompileCallback) Decompiling 06c786b8, pcode error at 06c786b8: Unable to disassemble EXTERNAL block location: 06c786b8  
2026-07-22 20:25:24 WARN  (DecompileCallback) Decompiling 06c786c0, pcode error at 06c786c0: Unable to disassemble EXTERNAL block location: 06c786c0  
2026-07-22 20:25:24 WARN  (DecompileCallback) Decompiling 06c786c8, pcode error at 06c786c8: Unable to disassemble EXTERNAL block location: 06c786c8  
2026-07-22 20:25:24 WARN  (DecompileCallback) Decompiling 06c786d0, pcode error at 06c786d0: Unable to disassemble EXTERNAL block location: 06c786d0  
2026-07-22 20:25:24 WARN  (DecompileCallback) Decompiling 06c786d8, pcode error at 06c786d8: Unable to disassemble EXTERNAL block location: 06c786d8  
2026-07-22 20:25:24 WARN  (DecompileCallback) Decompiling 06c786e0, pcode error at 06c786e0: Unable to disassemble EXTERNAL block location: 06c786e0  
2026-07-22 20:25:24 WARN  (DecompileCallback) Decompiling 06c786e8, pcode error at 06c786e8: Unable to disassemble EXTERNAL block location: 06c786e8  
2026-07-22 20:25:24 WARN  (DecompileCallback) Decompiling 06c786f0, pcode error at 06c786f0: Unable to disassemble EXTERNAL block location: 06c786f0  
2026-07-22 20:25:24 WARN  (DecompileCallback) Decompiling 06c786f8, pcode error at 06c786f8: Unable to disassemble EXTERNAL block location: 06c786f8  
2026-07-22 20:25:24 WARN  (DecompileCallback) Decompiling 06c78700, pcode error at 06c78700: Unable to disassemble EXTERNAL block location: 06c78700  
2026-07-22 20:25:24 WARN  (DecompileCallback) Decompiling 06c78708, pcode error at 06c78708: Unable to disassemble EXTERNAL block location: 06c78708  
2026-07-22 20:25:24 WARN  (DecompileCallback) Decompiling 06c78710, pcode error at 06c78710: Unable to disassemble EXTERNAL block location: 06c78710  
2026-07-22 20:25:24 WARN  (DecompileCallback) Decompiling 06c78718, pcode error at 06c78718: Unable to disassemble EXTERNAL block location: 06c78718  
2026-07-22 20:25:24 WARN  (DecompileCallback) Decompiling 06c78720, pcode error at 06c78720: Unable to disassemble EXTERNAL block location: 06c78720  
2026-07-22 20:25:24 WARN  (DecompileCallback) Decompiling 06c78728, pcode error at 06c78728: Unable to disassemble EXTERNAL block location: 06c78728  
2026-07-22 20:25:24 WARN  (DecompileCallback) Decompiling 06c78730, pcode error at 06c78730: Unable to disassemble EXTERNAL block location: 06c78730  
2026-07-22 20:25:24 WARN  (DecompileCallback) Decompiling 06c78738, pcode error at 06c78738: Unable to disassemble EXTERNAL block location: 06c78738  
2026-07-22 20:25:24 WARN  (DecompileCallback) Decompiling 06c78740, pcode error at 06c78740: Unable to disassemble EXTERNAL block location: 06c78740  
2026-07-22 20:25:24 WARN  (DecompileCallback) Decompiling 06c78748, pcode error at 06c78748: Unable to disassemble EXTERNAL block location: 06c78748  
2026-07-22 20:25:24 WARN  (DecompileCallback) Decompiling 06c78750, pcode error at 06c78750: Unable to disassemble EXTERNAL block location: 06c78750  
2026-07-22 20:25:24 WARN  (DecompileCallback) Decompiling 06c78758, pcode error at 06c78758: Unable to disassemble EXTERNAL block location: 06c78758  
2026-07-22 20:25:24 WARN  (DecompileCallback) Decompiling 06c78760, pcode error at 06c78760: Unable to disassemble EXTERNAL block location: 06c78760  
2026-07-22 20:25:24 WARN  (DecompileCallback) Decompiling 06c78768, pcode error at 06c78768: Unable to disassemble EXTERNAL block location: 06c78768  
2026-07-22 20:25:24 WARN  (DecompileCallback) Decompiling 06c78770, pcode error at 06c78770: Unable to disassemble EXTERNAL block location: 06c78770  
2026-07-22 20:25:24 WARN  (DecompileCallback) Decompiling 06c78778, pcode error at 06c78778: Unable to disassemble EXTERNAL block location: 06c78778  
2026-07-22 20:25:24 WARN  (DecompileCallback) Decompiling 06c78780, pcode error at 06c78780: Unable to disassemble EXTERNAL block location: 06c78780  
2026-07-22 20:25:24 WARN  (DecompileCallback) Decompiling 06c78788, pcode error at 06c78788: Unable to disassemble EXTERNAL block location: 06c78788  
2026-07-22 20:25:24 WARN  (DecompileCallback) Decompiling 06c78790, pcode error at 06c78790: Unable to disassemble EXTERNAL block location: 06c78790  
2026-07-22 20:25:24 WARN  (DecompileCallback) Decompiling 06c78798, pcode error at 06c78798: Unable to disassemble EXTERNAL block location: 06c78798  
2026-07-22 20:25:24 WARN  (DecompileCallback) Decompiling 06c787a0, pcode error at 06c787a0: Unable to disassemble EXTERNAL block location: 06c787a0  
2026-07-22 20:25:24 WARN  (DecompileCallback) Decompiling 06c787a8, pcode error at 06c787a8: Unable to disassemble EXTERNAL block location: 06c787a8  
2026-07-22 20:25:24 WARN  (DecompileCallback) Decompiling 06c787b0, pcode error at 06c787b0: Unable to disassemble EXTERNAL block location: 06c787b0  
2026-07-22 20:25:24 WARN  (DecompileCallback) Decompiling 06c787b8, pcode error at 06c787b8: Unable to disassemble EXTERNAL block location: 06c787b8  
2026-07-22 20:25:24 WARN  (DecompileCallback) Decompiling 06c787c0, pcode error at 06c787c0: Unable to disassemble EXTERNAL block location: 06c787c0  
2026-07-22 20:25:24 WARN  (DecompileCallback) Decompiling 06c787c8, pcode error at 06c787c8: Unable to disassemble EXTERNAL block location: 06c787c8  
2026-07-22 20:25:24 WARN  (DecompileCallback) Decompiling 06c787d0, pcode error at 06c787d0: Unable to disassemble EXTERNAL block location: 06c787d0  
2026-07-22 20:25:24 WARN  (DecompileCallback) Decompiling 06c787d8, pcode error at 06c787d8: Unable to disassemble EXTERNAL block location: 06c787d8  
2026-07-22 20:25:24 WARN  (DecompileCallback) Decompiling 06c787e0, pcode error at 06c787e0: Unable to disassemble EXTERNAL block location: 06c787e0  
2026-07-22 20:25:24 WARN  (DecompileCallback) Decompiling 06c787e8, pcode error at 06c787e8: Unable to disassemble EXTERNAL block location: 06c787e8  
2026-07-22 20:25:24 WARN  (DecompileCallback) Decompiling 06c787f0, pcode error at 06c787f0: Unable to disassemble EXTERNAL block location: 06c787f0  
2026-07-22 20:25:24 WARN  (DecompileCallback) Decompiling 06c787f8, pcode error at 06c787f8: Unable to disassemble EXTERNAL block location: 06c787f8  
2026-07-22 20:25:24 WARN  (DecompileCallback) Decompiling 06c78800, pcode error at 06c78800: Unable to disassemble EXTERNAL block location: 06c78800  
2026-07-22 20:25:24 WARN  (DecompileCallback) Decompiling 06c78808, pcode error at 06c78808: Unable to disassemble EXTERNAL block location: 06c78808  
2026-07-22 20:25:24 WARN  (DecompileCallback) Decompiling 06c78810, pcode error at 06c78810: Unable to disassemble EXTERNAL block location: 06c78810  
2026-07-22 20:25:24 WARN  (DecompileCallback) Decompiling 06c78818, pcode error at 06c78818: Unable to disassemble EXTERNAL block location: 06c78818  
2026-07-22 20:25:24 WARN  (DecompileCallback) Decompiling 06c78820, pcode error at 06c78820: Unable to disassemble EXTERNAL block location: 06c78820  
2026-07-22 20:25:24 WARN  (DecompileCallback) Decompiling 06c78828, pcode error at 06c78828: Unable to disassemble EXTERNAL block location: 06c78828  
2026-07-22 20:25:24 WARN  (DecompileCallback) Decompiling 06c78830, pcode error at 06c78830: Unable to disassemble EXTERNAL block location: 06c78830  
2026-07-22 20:25:24 WARN  (DecompileCallback) Decompiling 06c78838, pcode error at 06c78838: Unable to disassemble EXTERNAL block location: 06c78838  
2026-07-22 20:25:24 WARN  (DecompileCallback) Decompiling 06c78840, pcode error at 06c78840: Unable to disassemble EXTERNAL block location: 06c78840  
2026-07-22 20:25:24 WARN  (DecompileCallback) Decompiling 06c78848, pcode error at 06c78848: Unable to disassemble EXTERNAL block location: 06c78848  
2026-07-22 20:25:24 WARN  (DecompileCallback) Decompiling 06c78850, pcode error at 06c78850: Unable to disassemble EXTERNAL block location: 06c78850  
2026-07-22 20:25:24 WARN  (DecompileCallback) Decompiling 06c78858, pcode error at 06c78858: Unable to disassemble EXTERNAL block location: 06c78858  
2026-07-22 20:25:24 WARN  (DecompileCallback) Decompiling 06c78860, pcode error at 06c78860: Unable to disassemble EXTERNAL block location: 06c78860  
2026-07-22 20:25:24 WARN  (DecompileCallback) Decompiling 06c78868, pcode error at 06c78868: Unable to disassemble EXTERNAL block location: 06c78868  
2026-07-22 20:25:24 WARN  (DecompileCallback) Decompiling 06c78870, pcode error at 06c78870: Unable to disassemble EXTERNAL block location: 06c78870  
2026-07-22 20:25:24 WARN  (DecompileCallback) Decompiling 06c78878, pcode error at 06c78878: Unable to disassemble EXTERNAL block location: 06c78878  
2026-07-22 20:25:24 WARN  (DecompileCallback) Decompiling 06c78880, pcode error at 06c78880: Unable to disassemble EXTERNAL block location: 06c78880  
2026-07-22 20:25:24 WARN  (DecompileCallback) Decompiling 06c78888, pcode error at 06c78888: Unable to disassemble EXTERNAL block location: 06c78888  
2026-07-22 20:25:24 WARN  (DecompileCallback) Decompiling 06c78890, pcode error at 06c78890: Unable to disassemble EXTERNAL block location: 06c78890  
2026-07-22 20:25:24 WARN  (DecompileCallback) Decompiling 06c78898, pcode error at 06c78898: Unable to disassemble EXTERNAL block location: 06c78898  
2026-07-22 20:25:24 WARN  (DecompileCallback) Decompiling 06c788a0, pcode error at 06c788a0: Unable to disassemble EXTERNAL block location: 06c788a0  
2026-07-22 20:25:24 WARN  (DecompileCallback) Decompiling 06c788a8, pcode error at 06c788a8: Unable to disassemble EXTERNAL block location: 06c788a8  
2026-07-22 20:25:24 WARN  (DecompileCallback) Decompiling 06c788b8, pcode error at 06c788b8: Unable to disassemble EXTERNAL block location: 06c788b8  
2026-07-22 20:25:24 WARN  (DecompileCallback) Decompiling 06c788c0, pcode error at 06c788c0: Unable to disassemble EXTERNAL block location: 06c788c0  
2026-07-22 20:25:24 WARN  (DecompileCallback) Decompiling 06c788c8, pcode error at 06c788c8: Unable to disassemble EXTERNAL block location: 06c788c8  
2026-07-22 20:25:24 WARN  (DecompileCallback) Decompiling 06c788d0, pcode error at 06c788d0: Unable to disassemble EXTERNAL block location: 06c788d0  
2026-07-22 20:25:24 WARN  (DecompileCallback) Decompiling 06c788d8, pcode error at 06c788d8: Unable to disassemble EXTERNAL block location: 06c788d8  
2026-07-22 20:25:24 WARN  (DecompileCallback) Decompiling 06c788e0, pcode error at 06c788e0: Unable to disassemble EXTERNAL block location: 06c788e0  
2026-07-22 20:25:24 WARN  (DecompileCallback) Decompiling 06c788e8, pcode error at 06c788e8: Unable to disassemble EXTERNAL block location: 06c788e8  
2026-07-22 20:25:24 WARN  (DecompileCallback) Decompiling 06c788f0, pcode error at 06c788f0: Unable to disassemble EXTERNAL block location: 06c788f0  
2026-07-22 20:25:25 INFO  (GhidraScript) GeneralStructureEyePatternScan.java> General structure scan complete.  
2026-07-22 20:25:25 INFO  (GhidraScript) GeneralStructureEyePatternScan.java> Total functions scanned: 677121  
2026-07-22 20:25:25 INFO  (GhidraScript) GeneralStructureEyePatternScan.java> Exported functions: 989  
2026-07-22 20:25:25 INFO  (GhidraScript) GeneralStructureEyePatternScan.java> Decompile failures: 1288  
2026-07-22 20:25:25 INFO  (GhidraScript) GeneralStructureEyePatternScan.java> Report CSV: C:\realDesktop\manifest-evaluations\summer-26\ghidra-pipeline\il2cpp-files\StupidChimpSlop\general-structure-results\structure_scan_report.csv  
2026-07-22 20:25:25 INFO  (GhidraScript) GeneralStructureEyePatternScan.java> Report JSON: C:\realDesktop\manifest-evaluations\summer-26\ghidra-pipeline\il2cpp-files\StupidChimpSlop\general-structure-results\structure_scan_report.json  
2026-07-22 20:25:25 INFO  (HeadlessAnalyzer) REPORT: Save succeeded for processed file: /StupidChimpSlop-libil2cpp.so  
