WARNING: A terminally deprecated method in sun.misc.Unsafe has been called
WARNING: sun.misc.Unsafe::staticFieldOffset has been called by org.apache.felix.framework.util.SecureAction (file:/C:/Users/kimgiordano27/Downloads/ghidra_12.1.2_PUBLIC_20260605/ghidra_12.1.2_PUBLIC/Ghidra/Features/Base/lib/org.apache.felix.framework-7.0.5.jar)
WARNING: Please consider reporting this to the maintainers of class org.apache.felix.framework.util.SecureAction
WARNING: sun.misc.Unsafe::staticFieldOffset will be removed in a future release
java.util.concurrent.ExecutionException: java.lang.OutOfMemoryError: Java heap space
	at java.base/java.util.concurrent.FutureTask.report(FutureTask.java:124)
	at java.base/java.util.concurrent.FutureTask.get(FutureTask.java:193)
	at generic.concurrent.QResult.<init>(QResult.java:40)
	at generic.concurrent.FutureTaskMonitor.run(FutureTaskMonitor.java:77)
	at java.base/java.util.concurrent.ThreadPoolExecutor.runWorker(ThreadPoolExecutor.java:1090)
	at java.base/java.util.concurrent.ThreadPoolExecutor$Worker.run(ThreadPoolExecutor.java:614)
	at java.base/java.lang.Thread.run(Thread.java:1474)
Caused by: java.lang.OutOfMemoryError: Java heap space
	at java.base/java.util.HashMap.newNode(HashMap.java:1910)
	at java.base/java.util.HashMap.putVal(HashMap.java:638)
	at java.base/java.util.HashMap.put(HashMap.java:619)
	at ghidra.program.util.VarnodeContext.addSetVarnodeToLastSetLocations(VarnodeContext.java:1090)
	at ghidra.program.util.VarnodeContext.putValue(VarnodeContext.java:979)
	at ghidra.program.util.SymbolicPropogator.handleFunctionSideEffects(SymbolicPropogator.java:1688)
	at ghidra.program.util.SymbolicPropogator.applyPcode(SymbolicPropogator.java:1086)
	at ghidra.program.util.SymbolicPropogator.flowConstants(SymbolicPropogator.java:626)
	at ghidra.program.util.SymbolicPropogator.flowConstants(SymbolicPropogator.java:479)
	at ghidra.program.util.SymbolicPropogator.flowConstants(SymbolicPropogator.java:215)
	at ghidra.app.plugin.core.analysis.ConstantPropagationAnalyzer.flowConstants(ConstantPropagationAnalyzer.java:514)
	at ghidra.app.plugin.core.analysis.ConstantPropagationAnalyzer.analyzeLocation(ConstantPropagationAnalyzer.java:490)
	at ghidra.app.services.AbstractAnalyzer$1.process(AbstractAnalyzer.java:181)
	at ghidra.app.services.AbstractAnalyzer$1.process(AbstractAnalyzer.java:170)
	at generic.concurrent.ConcurrentQ$CallbackCallable.call(ConcurrentQ.java:706)
	at java.base/java.util.concurrent.FutureTask.run(FutureTask.java:328)
	at generic.concurrent.FutureTaskMonitor.run(FutureTaskMonitor.java:75)
	at java.base/java.util.concurrent.ThreadPoolExecutor.runWorker(ThreadPoolExecutor.java:1090)
	at java.base/java.util.concurrent.ThreadPoolExecutor$Worker.run(ThreadPoolExecutor.java:614)
	at java.base/java.lang.Thread.runWith(Thread.java:1487)
	... 1 more
Exception in thread "Analysis-pool-4-thread-37" java.lang.OutOfMemoryError: Java heap space
	at generic.concurrent.FutureTaskMonitor.run(FutureTaskMonitor.java:77)
	at java.base/java.util.concurrent.ThreadPoolExecutor.runWorker(ThreadPoolExecutor.java:1090)
	at java.base/java.util.concurrent.ThreadPoolExecutor$Worker.run(ThreadPoolExecutor.java:614)
	at java.base/java.lang.Thread.runWith(Thread.java:1487)
	at java.base/java.lang.Thread.run(Thread.java:1474)
java.util.concurrent.ExecutionException: java.lang.OutOfMemoryError: Java heap space
	at java.base/java.util.concurrent.FutureTask.report(FutureTask.java:124)
	at java.base/java.util.concurrent.FutureTask.get(FutureTask.java:193)
	at generic.concurrent.QResult.<init>(QResult.java:40)
	at generic.concurrent.FutureTaskMonitor.run(FutureTaskMonitor.java:77)
	at java.base/java.util.concurrent.ThreadPoolExecutor.runWorker(ThreadPoolExecutor.java:1090)
	at java.base/java.util.concurrent.ThreadPoolExecutor$Worker.run(ThreadPoolExecutor.java:614)
	at java.base/java.lang.Thread.run(Thread.java:1474)
Caused by: java.lang.OutOfMemoryError: Java heap space
