2026-07-27 05:40:00 INFO  (LoggingInitialization) Using log config file: jar:file:/C:/Users/kimgiordano27/Downloads/ghidra_12.1.2_PUBLIC_20260605/ghidra_12.1.2_PUBLIC/Ghidra/Framework/Generic/lib/Generic.jar!/generic.log4j.xml  
2026-07-27 05:40:00 INFO  (LoggingInitialization) Using log file: C:\realDesktop\manifest-evaluations\summer-26\ghidra-pipeline\il2cpp-files\Waifu\general-structure-ghidra.log  
2026-07-27 05:40:00 DEBUG (GhidraObjectInputFilter) Including serial input filter: FileSystem/data/client.rmi.serial.filter  
2026-07-27 05:40:00 INFO  (Preferences) Loading user preferences: C:\Users\kimgiordano27\AppData\Roaming\ghidra\ghidra_12.1.2_PUBLIC\preferences  
2026-07-27 05:40:00 INFO  (ClassSearcher) Searching for classes...  
2026-07-27 05:40:01 INFO  (ClassSearcher) Class search complete (535 ms)  
2026-07-27 05:40:01 INFO  (DefaultSSLContextInitializer) Initializing SSL Context  
2026-07-27 05:40:01 INFO  (SecureRandomFactory) Initializing Random Number Generator...  
2026-07-27 05:40:01 INFO  (SecureRandomFactory) Random Number Generator initialization complete: SHA1PRNG  
2026-07-27 05:40:01 INFO  (DefaultTrustManagerFactory) Trust manager disabled, cacerts have not been set  
2026-07-27 05:40:01 INFO  (AnalyzeHeadless) Headless startup complete (1630 ms)  
2026-07-27 05:40:01 INFO  (ClassSearcher) Class searcher loaded 59 extension points (20 false positives)  
2026-07-27 05:40:01 INFO  (HeadlessAnalyzer) HEADLESS Script Paths:
    C:\Users\kimgiordano27\Downloads\ghidra_12.1.2_PUBLIC_20260605\ghidra_12.1.2_PUBLIC\Ghidra\Features\DecompilerDependent\ghidra_scripts
    C:\Users\kimgiordano27\Downloads\ghidra_12.1.2_PUBLIC_20260605\ghidra_12.1.2_PUBLIC\Ghidra\Processors\Atmel\ghidra_scripts
    C:\Users\kimgiordano27\Downloads\ghidra_12.1.2_PUBLIC_20260605\ghidra_12.1.2_PUBLIC\Ghidra\Processors\PIC\ghidra_scripts
    C:\Users\kimgiordano27\Downloads\ghidra_12.1.2_PUBLIC_20260605\ghidra_12.1.2_PUBLIC\Ghidra\Features\VersionTracking\ghidra_scripts
    C:\Users\kimgiordano27\Downloads\ghidra_12.1.2_PUBLIC_20260605\ghidra_12.1.2_PUBLIC\Ghidra\Features\BytePatterns\ghidra_scripts
    C:\Users\kimgiordano27\ghidra_scripts
    C:\Users\kimgiordano27\Downloads\ghidra_12.1.2_PUBLIC_20260605\ghidra_12.1.2_PUBLIC\Ghidra\Features\BSim\ghidra_scripts
    C:\realDesktop\manifest-evaluations\summer-26\ghidra-pipeline\ghidra-export-scripts
    C:\Users\kimgiordano27\Downloads\ghidra_12.1.2_PUBLIC_20260605\ghidra_12.1.2_PUBLIC\Ghidra\Processors\JVM\ghidra_scripts
    C:\Users\kimgiordano27\Downloads\ghidra_12.1.2_PUBLIC_20260605\ghidra_12.1.2_PUBLIC\Ghidra\Features\Base\ghidra_scripts
    C:\Users\kimgiordano27\Downloads\ghidra_12.1.2_PUBLIC_20260605\ghidra_12.1.2_PUBLIC\Ghidra\Features\SwiftDemangler\ghidra_scripts
    C:\Users\kimgiordano27\Downloads\ghidra_12.1.2_PUBLIC_20260605\ghidra_12.1.2_PUBLIC\Ghidra\Features\WildcardAssembler\ghidra_scripts
    C:\Users\kimgiordano27\Downloads\ghidra_12.1.2_PUBLIC_20260605\ghidra_12.1.2_PUBLIC\Ghidra\Features\FileFormats\ghidra_scripts
    C:\Users\kimgiordano27\Downloads\ghidra_12.1.2_PUBLIC_20260605\ghidra_12.1.2_PUBLIC\Ghidra\Features\Decompiler\ghidra_scripts
    C:\Users\kimgiordano27\Downloads\ghidra_12.1.2_PUBLIC_20260605\ghidra_12.1.2_PUBLIC\Ghidra\Features\SystemEmulation\ghidra_scripts
    C:\Users\kimgiordano27\Downloads\ghidra_12.1.2_PUBLIC_20260605\ghidra_12.1.2_PUBLIC\Ghidra\Processors\8051\ghidra_scripts
    C:\Users\kimgiordano27\Downloads\ghidra_12.1.2_PUBLIC_20260605\ghidra_12.1.2_PUBLIC\Ghidra\Features\GnuDemangler\ghidra_scripts
    C:\Users\kimgiordano27\Downloads\ghidra_12.1.2_PUBLIC_20260605\ghidra_12.1.2_PUBLIC\Ghidra\Debug\Debugger\ghidra_scripts
    C:\Users\kimgiordano27\Downloads\ghidra_12.1.2_PUBLIC_20260605\ghidra_12.1.2_PUBLIC\Ghidra\Processors\DATA\ghidra_scripts
    C:\Users\kimgiordano27\Downloads\ghidra_12.1.2_PUBLIC_20260605\ghidra_12.1.2_PUBLIC\Ghidra\Debug\Debugger-rmi-trace\ghidra_scripts
    C:\Users\kimgiordano27\Downloads\ghidra_12.1.2_PUBLIC_20260605\ghidra_12.1.2_PUBLIC\Ghidra\Features\FunctionID\ghidra_scripts
    C:\Users\kimgiordano27\Downloads\ghidra_12.1.2_PUBLIC_20260605\ghidra_12.1.2_PUBLIC\Ghidra\Features\MicrosoftCodeAnalyzer\ghidra_scripts
    C:\Users\kimgiordano27\Downloads\ghidra_12.1.2_PUBLIC_20260605\ghidra_12.1.2_PUBLIC\Ghidra\Features\PDB\ghidra_scripts
    C:\Users\kimgiordano27\AppData\Roaming\ghidra\ghidra_12.1.2_PUBLIC\Extensions\Jython\ghidra_scripts
    C:\Users\kimgiordano27\Downloads\ghidra_12.1.2_PUBLIC_20260605\ghidra_12.1.2_PUBLIC\Ghidra\Features\PyGhidra\ghidra_scripts  
2026-07-27 05:40:01 INFO  (HeadlessAnalyzer) HEADLESS: execution starts  
2026-07-27 05:40:01 INFO  (HeadlessAnalyzer) Opening existing project: C:\realDesktop\manifest-evaluations\summer-26\ghidra-pipeline\il2cpp-files\Waifu\ghidra-project-Waifu\Waifu  
2026-07-27 05:40:01 INFO  (HeadlessProject) Opening project: C:\realDesktop\manifest-evaluations\summer-26\ghidra-pipeline\il2cpp-files\Waifu\ghidra-project-Waifu\Waifu  
2026-07-27 05:40:01 INFO  (LocalFileSystem) /Waifu-libil2cpp.so: checkout (2) granted (kimgiordano27)  
2026-07-27 05:40:07 INFO  (HeadlessAnalyzer) REPORT: Processing project file: /Waifu-libil2cpp.so  
2026-07-27 05:40:07 INFO  (HeadlessAnalyzer) REPORT: Execute script: GeneralStructureEyePatternScan.java 'C:\realDesktop\manifest-evaluations\summer-26\ghidra-pipeline\il2cpp-files\Waifu\general-structure-results' '70' 'false'   
2026-07-27 05:40:07 INFO  (HeadlessAnalyzer) SCRIPT: C:\realDesktop\manifest-evaluations\summer-26\ghidra-pipeline\ghidra-export-scripts\GeneralStructureEyePatternScan.java  
2026-07-27 05:40:07 INFO  (GhidraScript) GeneralStructureEyePatternScan.java> General structure scan starting...  
2026-07-27 05:40:07 INFO  (GhidraScript) GeneralStructureEyePatternScan.java> Output: C:\realDesktop\manifest-evaluations\summer-26\ghidra-pipeline\il2cpp-files\Waifu\general-structure-results  
2026-07-27 05:40:07 INFO  (GhidraScript) GeneralStructureEyePatternScan.java> Minimum review score: 70  
2026-07-27 05:40:07 INFO  (GhidraScript) GeneralStructureEyePatternScan.java> Export all: false  
2026-07-27 05:40:43 INFO  (GhidraScript) GeneralStructureEyePatternScan.java> Scanned 10000 functions. Exported so far: 7  
2026-07-27 05:41:01 INFO  (GhidraScript) GeneralStructureEyePatternScan.java> Scanned 20000 functions. Exported so far: 7  
2026-07-27 05:41:14 INFO  (GhidraScript) GeneralStructureEyePatternScan.java> Scanned 30000 functions. Exported so far: 7  
2026-07-27 05:41:33 INFO  (GhidraScript) GeneralStructureEyePatternScan.java> Scanned 40000 functions. Exported so far: 7  
2026-07-27 05:41:53 INFO  (GhidraScript) GeneralStructureEyePatternScan.java> Scanned 50000 functions. Exported so far: 7  
2026-07-27 05:42:08 INFO  (GhidraScript) GeneralStructureEyePatternScan.java> Scanned 60000 functions. Exported so far: 7  
2026-07-27 05:42:31 INFO  (GhidraScript) GeneralStructureEyePatternScan.java> Scanned 70000 functions. Exported so far: 7  
2026-07-27 05:42:53 INFO  (GhidraScript) GeneralStructureEyePatternScan.java> Scanned 80000 functions. Exported so far: 7  
2026-07-27 05:43:14 INFO  (GhidraScript) GeneralStructureEyePatternScan.java> Scanned 90000 functions. Exported so far: 7  
2026-07-27 05:43:33 INFO  (GhidraScript) GeneralStructureEyePatternScan.java> Scanned 100000 functions. Exported so far: 7  
2026-07-27 05:43:52 INFO  (GhidraScript) GeneralStructureEyePatternScan.java> Scanned 110000 functions. Exported so far: 7  
2026-07-27 05:44:14 INFO  (GhidraScript) GeneralStructureEyePatternScan.java> Scanned 120000 functions. Exported so far: 7  
2026-07-27 05:44:37 INFO  (GhidraScript) GeneralStructureEyePatternScan.java> Scanned 130000 functions. Exported so far: 7  
2026-07-27 05:44:59 INFO  (GhidraScript) GeneralStructureEyePatternScan.java> Scanned 140000 functions. Exported so far: 7  
2026-07-27 05:45:22 INFO  (GhidraScript) GeneralStructureEyePatternScan.java> Scanned 150000 functions. Exported so far: 7  
2026-07-27 05:45:38 INFO  (GhidraScript) GeneralStructureEyePatternScan.java> Scanned 160000 functions. Exported so far: 7  
2026-07-27 05:49:16 INFO  (GhidraScript) GeneralStructureEyePatternScan.java> Scanned 170000 functions. Exported so far: 10  
2026-07-27 05:53:52 INFO  (GhidraScript) GeneralStructureEyePatternScan.java> Scanned 180000 functions. Exported so far: 67  
2026-07-27 05:57:52 INFO  (GhidraScript) GeneralStructureEyePatternScan.java> Scanned 190000 functions. Exported so far: 179  
2026-07-27 06:01:29 INFO  (GhidraScript) GeneralStructureEyePatternScan.java> Scanned 200000 functions. Exported so far: 196  
2026-07-27 06:02:27 INFO  (GhidraScript) GeneralStructureEyePatternScan.java> Scanned 210000 functions. Exported so far: 202  
2026-07-27 06:03:32 INFO  (GhidraScript) GeneralStructureEyePatternScan.java> Scanned 220000 functions. Exported so far: 220  
2026-07-27 06:04:45 INFO  (GhidraScript) GeneralStructureEyePatternScan.java> Scanned 230000 functions. Exported so far: 220  
2026-07-27 06:14:40 INFO  (GhidraScript) GeneralStructureEyePatternScan.java> Scanned 240000 functions. Exported so far: 226  
2026-07-27 06:17:41 INFO  (GhidraScript) GeneralStructureEyePatternScan.java> Scanned 250000 functions. Exported so far: 265  
2026-07-27 06:19:39 INFO  (GhidraScript) GeneralStructureEyePatternScan.java> Scanned 260000 functions. Exported so far: 274  
2026-07-27 06:20:50 INFO  (GhidraScript) GeneralStructureEyePatternScan.java> Scanned 270000 functions. Exported so far: 275  
2026-07-27 06:22:28 INFO  (GhidraScript) GeneralStructureEyePatternScan.java> Scanned 280000 functions. Exported so far: 303  
2026-07-27 06:23:45 INFO  (GhidraScript) GeneralStructureEyePatternScan.java> Scanned 290000 functions. Exported so far: 310  
2026-07-27 06:24:47 INFO  (GhidraScript) GeneralStructureEyePatternScan.java> Scanned 300000 functions. Exported so far: 310  
2026-07-27 06:26:49 INFO  (GhidraScript) GeneralStructureEyePatternScan.java> Scanned 310000 functions. Exported so far: 311  
2026-07-27 06:28:35 INFO  (GhidraScript) GeneralStructureEyePatternScan.java> Scanned 320000 functions. Exported so far: 347  
2026-07-27 06:29:19 INFO  (GhidraScript) GeneralStructureEyePatternScan.java> Scanned 330000 functions. Exported so far: 347  
2026-07-27 06:30:08 INFO  (GhidraScript) GeneralStructureEyePatternScan.java> Scanned 340000 functions. Exported so far: 347  
2026-07-27 06:31:11 INFO  (GhidraScript) GeneralStructureEyePatternScan.java> Scanned 350000 functions. Exported so far: 347  
2026-07-27 06:32:23 INFO  (GhidraScript) GeneralStructureEyePatternScan.java> Scanned 360000 functions. Exported so far: 347  
2026-07-27 06:33:34 INFO  (GhidraScript) GeneralStructureEyePatternScan.java> Scanned 370000 functions. Exported so far: 347  
2026-07-27 06:34:41 INFO  (GhidraScript) GeneralStructureEyePatternScan.java> Scanned 380000 functions. Exported so far: 348  
2026-07-27 06:35:53 INFO  (GhidraScript) GeneralStructureEyePatternScan.java> Scanned 390000 functions. Exported so far: 351  
2026-07-27 06:37:07 INFO  (GhidraScript) GeneralStructureEyePatternScan.java> Scanned 400000 functions. Exported so far: 358  
2026-07-27 06:38:26 INFO  (GhidraScript) GeneralStructureEyePatternScan.java> Scanned 410000 functions. Exported so far: 530  
2026-07-27 06:39:13 INFO  (GhidraScript) GeneralStructureEyePatternScan.java> Scanned 420000 functions. Exported so far: 530  
2026-07-27 06:40:23 INFO  (GhidraScript) GeneralStructureEyePatternScan.java> Scanned 430000 functions. Exported so far: 542  
2026-07-27 06:41:15 INFO  (GhidraScript) GeneralStructureEyePatternScan.java> Scanned 440000 functions. Exported so far: 554  
2026-07-27 06:42:36 INFO  (GhidraScript) GeneralStructureEyePatternScan.java> Scanned 450000 functions. Exported so far: 554  
2026-07-27 06:43:35 INFO  (GhidraScript) GeneralStructureEyePatternScan.java> Scanned 460000 functions. Exported so far: 554  
2026-07-27 06:44:57 INFO  (GhidraScript) GeneralStructureEyePatternScan.java> Scanned 470000 functions. Exported so far: 560  
2026-07-27 06:46:15 INFO  (GhidraScript) GeneralStructureEyePatternScan.java> Scanned 480000 functions. Exported so far: 560  
2026-07-27 06:47:38 INFO  (GhidraScript) GeneralStructureEyePatternScan.java> Scanned 490000 functions. Exported so far: 567  
2026-07-27 06:49:16 INFO  (GhidraScript) GeneralStructureEyePatternScan.java> Scanned 500000 functions. Exported so far: 567  
2026-07-27 06:52:33 INFO  (GhidraScript) GeneralStructureEyePatternScan.java> Scanned 510000 functions. Exported so far: 578  
2026-07-27 06:54:12 INFO  (GhidraScript) GeneralStructureEyePatternScan.java> Scanned 520000 functions. Exported so far: 578  
2026-07-27 06:55:51 INFO  (GhidraScript) GeneralStructureEyePatternScan.java> Scanned 530000 functions. Exported so far: 581  
2026-07-27 06:57:38 INFO  (GhidraScript) GeneralStructureEyePatternScan.java> Scanned 540000 functions. Exported so far: 583  
2026-07-27 06:59:41 INFO  (GhidraScript) GeneralStructureEyePatternScan.java> Scanned 550000 functions. Exported so far: 583  
2026-07-27 07:01:32 INFO  (GhidraScript) GeneralStructureEyePatternScan.java> Scanned 560000 functions. Exported so far: 583  
2026-07-27 07:05:18 INFO  (GhidraScript) GeneralStructureEyePatternScan.java> Scanned 570000 functions. Exported so far: 583  
2026-07-27 07:07:02 INFO  (GhidraScript) GeneralStructureEyePatternScan.java> Scanned 580000 functions. Exported so far: 657  
2026-07-27 07:07:59 INFO  (GhidraScript) GeneralStructureEyePatternScan.java> Scanned 590000 functions. Exported so far: 657  
2026-07-27 07:08:57 INFO  (GhidraScript) GeneralStructureEyePatternScan.java> Scanned 600000 functions. Exported so far: 685  
2026-07-27 07:09:45 INFO  (GhidraScript) GeneralStructureEyePatternScan.java> Scanned 610000 functions. Exported so far: 685  
2026-07-27 07:10:57 INFO  (GhidraScript) GeneralStructureEyePatternScan.java> Scanned 620000 functions. Exported so far: 685  
2026-07-27 07:15:54 INFO  (GhidraScript) GeneralStructureEyePatternScan.java> Scanned 630000 functions. Exported so far: 707  
2026-07-27 07:45:57 INFO  (GhidraScript) GeneralStructureEyePatternScan.java> Scanned 640000 functions. Exported so far: 1176  
2026-07-27 07:58:18 INFO  (GhidraScript) GeneralStructureEyePatternScan.java> Scanned 650000 functions. Exported so far: 1197  
2026-07-27 08:01:34 INFO  (GhidraScript) GeneralStructureEyePatternScan.java> Scanned 660000 functions. Exported so far: 1198  
2026-07-27 11:39:48 INFO  (GhidraScript) GeneralStructureEyePatternScan.java> Scanned 670000 functions. Exported so far: 1232  
2026-07-27 11:42:19 INFO  (GhidraScript) GeneralStructureEyePatternScan.java> Scanned 680000 functions. Exported so far: 1314  
2026-07-27 11:45:02 INFO  (GhidraScript) GeneralStructureEyePatternScan.java> Scanned 690000 functions. Exported so far: 1335  
2026-07-27 11:46:41 INFO  (GhidraScript) GeneralStructureEyePatternScan.java> Scanned 700000 functions. Exported so far: 1769  
2026-07-27 11:50:50 INFO  (GhidraScript) GeneralStructureEyePatternScan.java> Scanned 710000 functions. Exported so far: 1804  
2026-07-27 11:54:55 INFO  (GhidraScript) GeneralStructureEyePatternScan.java> Scanned 720000 functions. Exported so far: 1804  
2026-07-27 12:04:58 INFO  (GhidraScript) GeneralStructureEyePatternScan.java> Scanned 730000 functions. Exported so far: 1804  
2026-07-27 12:29:48 INFO  (GhidraScript) GeneralStructureEyePatternScan.java> Scanned 740000 functions. Exported so far: 1805  
2026-07-27 13:14:22 INFO  (GhidraScript) GeneralStructureEyePatternScan.java> Scanned 750000 functions. Exported so far: 1806  
2026-07-27 13:18:44 INFO  (GhidraScript) GeneralStructureEyePatternScan.java> Scanned 760000 functions. Exported so far: 1806  
2026-07-27 13:20:47 INFO  (GhidraScript) GeneralStructureEyePatternScan.java> Scanned 770000 functions. Exported so far: 1806  
2026-07-27 13:26:36 INFO  (GhidraScript) GeneralStructureEyePatternScan.java> Scanned 780000 functions. Exported so far: 1806  
2026-07-27 13:29:05 INFO  (GhidraScript) GeneralStructureEyePatternScan.java> Scanned 790000 functions. Exported so far: 1806  
2026-07-27 13:30:33 INFO  (GhidraScript) GeneralStructureEyePatternScan.java> Scanned 800000 functions. Exported so far: 1815  
2026-07-27 14:05:45 INFO  (GhidraScript) GeneralStructureEyePatternScan.java> Scanned 810000 functions. Exported so far: 1823  
2026-07-27 17:03:33 INFO  (GhidraScript) GeneralStructureEyePatternScan.java> Scanned 820000 functions. Exported so far: 1828  
2026-07-27 17:06:19 INFO  (GhidraScript) GeneralStructureEyePatternScan.java> Scanned 830000 functions. Exported so far: 1847  
2026-07-27 17:08:13 INFO  (GhidraScript) GeneralStructureEyePatternScan.java> Scanned 840000 functions. Exported so far: 1851  
2026-07-27 17:10:34 INFO  (GhidraScript) GeneralStructureEyePatternScan.java> Scanned 850000 functions. Exported so far: 1851  
2026-07-27 17:22:09 INFO  (GhidraScript) GeneralStructureEyePatternScan.java> Scanned 860000 functions. Exported so far: 1852  
2026-07-27 17:26:39 INFO  (GhidraScript) GeneralStructureEyePatternScan.java> Scanned 870000 functions. Exported so far: 1886  
2026-07-27 17:27:08 WARN  (DecompileCallback) Decompiling 0890a000, pcode error at 0890a000: Unable to disassemble EXTERNAL block location: 0890a000  
2026-07-27 17:27:08 WARN  (DecompileCallback) Decompiling 0890a008, pcode error at 0890a008: Unable to disassemble EXTERNAL block location: 0890a008  
2026-07-27 17:27:08 WARN  (DecompileCallback) Decompiling 0890a010, pcode error at 0890a010: Unable to disassemble EXTERNAL block location: 0890a010  
2026-07-27 17:27:08 WARN  (DecompileCallback) Decompiling 0890a018, pcode error at 0890a018: Unable to disassemble EXTERNAL block location: 0890a018  
2026-07-27 17:27:08 WARN  (DecompileCallback) Decompiling 0890a020, pcode error at 0890a020: Unable to disassemble EXTERNAL block location: 0890a020  
2026-07-27 17:27:08 WARN  (DecompileCallback) Decompiling 0890a028, pcode error at 0890a028: Unable to disassemble EXTERNAL block location: 0890a028  
2026-07-27 17:27:08 WARN  (DecompileCallback) Decompiling 0890a030, pcode error at 0890a030: Unable to disassemble EXTERNAL block location: 0890a030  
2026-07-27 17:27:08 WARN  (DecompileCallback) Decompiling 0890a038, pcode error at 0890a038: Unable to disassemble EXTERNAL block location: 0890a038  
2026-07-27 17:27:08 WARN  (DecompileCallback) Decompiling 0890a040, pcode error at 0890a040: Unable to disassemble EXTERNAL block location: 0890a040  
2026-07-27 17:27:08 WARN  (DecompileCallback) Decompiling 0890a048, pcode error at 0890a048: Unable to disassemble EXTERNAL block location: 0890a048  
2026-07-27 17:27:08 WARN  (DecompileCallback) Decompiling 0890a050, pcode error at 0890a050: Unable to disassemble EXTERNAL block location: 0890a050  
2026-07-27 17:27:08 WARN  (DecompileCallback) Decompiling 0890a058, pcode error at 0890a058: Unable to disassemble EXTERNAL block location: 0890a058  
2026-07-27 17:27:08 WARN  (DecompileCallback) Decompiling 0890a060, pcode error at 0890a060: Unable to disassemble EXTERNAL block location: 0890a060  
2026-07-27 17:27:08 WARN  (DecompileCallback) Decompiling 0890a068, pcode error at 0890a068: Unable to disassemble EXTERNAL block location: 0890a068  
2026-07-27 17:27:08 WARN  (DecompileCallback) Decompiling 0890a070, pcode error at 0890a070: Unable to disassemble EXTERNAL block location: 0890a070  
2026-07-27 17:27:08 WARN  (DecompileCallback) Decompiling 0890a078, pcode error at 0890a078: Unable to disassemble EXTERNAL block location: 0890a078  
2026-07-27 17:27:08 WARN  (DecompileCallback) Decompiling 0890a080, pcode error at 0890a080: Unable to disassemble EXTERNAL block location: 0890a080  
2026-07-27 17:27:08 WARN  (DecompileCallback) Decompiling 0890a088, pcode error at 0890a088: Unable to disassemble EXTERNAL block location: 0890a088  
2026-07-27 17:27:08 WARN  (DecompileCallback) Decompiling 0890a090, pcode error at 0890a090: Unable to disassemble EXTERNAL block location: 0890a090  
2026-07-27 17:27:08 WARN  (DecompileCallback) Decompiling 0890a098, pcode error at 0890a098: Unable to disassemble EXTERNAL block location: 0890a098  
2026-07-27 17:27:08 WARN  (DecompileCallback) Decompiling 0890a0a0, pcode error at 0890a0a0: Unable to disassemble EXTERNAL block location: 0890a0a0  
2026-07-27 17:27:08 WARN  (DecompileCallback) Decompiling 0890a0a8, pcode error at 0890a0a8: Unable to disassemble EXTERNAL block location: 0890a0a8  
2026-07-27 17:27:08 WARN  (DecompileCallback) Decompiling 0890a0b0, pcode error at 0890a0b0: Unable to disassemble EXTERNAL block location: 0890a0b0  
2026-07-27 17:27:08 WARN  (DecompileCallback) Decompiling 0890a0b8, pcode error at 0890a0b8: Unable to disassemble EXTERNAL block location: 0890a0b8  
2026-07-27 17:27:08 WARN  (DecompileCallback) Decompiling 0890a0c0, pcode error at 0890a0c0: Unable to disassemble EXTERNAL block location: 0890a0c0  
2026-07-27 17:27:08 WARN  (DecompileCallback) Decompiling 0890a0c8, pcode error at 0890a0c8: Unable to disassemble EXTERNAL block location: 0890a0c8  
2026-07-27 17:27:08 WARN  (DecompileCallback) Decompiling 0890a0d0, pcode error at 0890a0d0: Unable to disassemble EXTERNAL block location: 0890a0d0  
2026-07-27 17:27:08 WARN  (DecompileCallback) Decompiling 0890a0d8, pcode error at 0890a0d8: Unable to disassemble EXTERNAL block location: 0890a0d8  
2026-07-27 17:27:08 WARN  (DecompileCallback) Decompiling 0890a0e0, pcode error at 0890a0e0: Unable to disassemble EXTERNAL block location: 0890a0e0  
2026-07-27 17:27:08 WARN  (DecompileCallback) Decompiling 0890a0e8, pcode error at 0890a0e8: Unable to disassemble EXTERNAL block location: 0890a0e8  
2026-07-27 17:27:08 WARN  (DecompileCallback) Decompiling 0890a0f0, pcode error at 0890a0f0: Unable to disassemble EXTERNAL block location: 0890a0f0  
2026-07-27 17:27:08 WARN  (DecompileCallback) Decompiling 0890a0f8, pcode error at 0890a0f8: Unable to disassemble EXTERNAL block location: 0890a0f8  
2026-07-27 17:27:08 WARN  (DecompileCallback) Decompiling 0890a100, pcode error at 0890a100: Unable to disassemble EXTERNAL block location: 0890a100  
2026-07-27 17:27:08 WARN  (DecompileCallback) Decompiling 0890a108, pcode error at 0890a108: Unable to disassemble EXTERNAL block location: 0890a108  
2026-07-27 17:27:08 WARN  (DecompileCallback) Decompiling 0890a110, pcode error at 0890a110: Unable to disassemble EXTERNAL block location: 0890a110  
2026-07-27 17:27:08 WARN  (DecompileCallback) Decompiling 0890a118, pcode error at 0890a118: Unable to disassemble EXTERNAL block location: 0890a118  
2026-07-27 17:27:08 WARN  (DecompileCallback) Decompiling 0890a120, pcode error at 0890a120: Unable to disassemble EXTERNAL block location: 0890a120  
2026-07-27 17:27:08 WARN  (DecompileCallback) Decompiling 0890a128, pcode error at 0890a128: Unable to disassemble EXTERNAL block location: 0890a128  
2026-07-27 17:27:08 WARN  (DecompileCallback) Decompiling 0890a130, pcode error at 0890a130: Unable to disassemble EXTERNAL block location: 0890a130  
2026-07-27 17:27:08 WARN  (DecompileCallback) Decompiling 0890a138, pcode error at 0890a138: Unable to disassemble EXTERNAL block location: 0890a138  
2026-07-27 17:27:08 WARN  (DecompileCallback) Decompiling 0890a140, pcode error at 0890a140: Unable to disassemble EXTERNAL block location: 0890a140  
2026-07-27 17:27:08 WARN  (DecompileCallback) Decompiling 0890a148, pcode error at 0890a148: Unable to disassemble EXTERNAL block location: 0890a148  
2026-07-27 17:27:08 WARN  (DecompileCallback) Decompiling 0890a150, pcode error at 0890a150: Unable to disassemble EXTERNAL block location: 0890a150  
2026-07-27 17:27:08 WARN  (DecompileCallback) Decompiling 0890a158, pcode error at 0890a158: Unable to disassemble EXTERNAL block location: 0890a158  
2026-07-27 17:27:08 WARN  (DecompileCallback) Decompiling 0890a160, pcode error at 0890a160: Unable to disassemble EXTERNAL block location: 0890a160  
2026-07-27 17:27:08 WARN  (DecompileCallback) Decompiling 0890a168, pcode error at 0890a168: Unable to disassemble EXTERNAL block location: 0890a168  
2026-07-27 17:27:08 WARN  (DecompileCallback) Decompiling 0890a170, pcode error at 0890a170: Unable to disassemble EXTERNAL block location: 0890a170  
2026-07-27 17:27:08 WARN  (DecompileCallback) Decompiling 0890a178, pcode error at 0890a178: Unable to disassemble EXTERNAL block location: 0890a178  
2026-07-27 17:27:08 WARN  (DecompileCallback) Decompiling 0890a180, pcode error at 0890a180: Unable to disassemble EXTERNAL block location: 0890a180  
2026-07-27 17:27:08 WARN  (DecompileCallback) Decompiling 0890a188, pcode error at 0890a188: Unable to disassemble EXTERNAL block location: 0890a188  
2026-07-27 17:27:08 WARN  (DecompileCallback) Decompiling 0890a190, pcode error at 0890a190: Unable to disassemble EXTERNAL block location: 0890a190  
2026-07-27 17:27:08 WARN  (DecompileCallback) Decompiling 0890a198, pcode error at 0890a198: Unable to disassemble EXTERNAL block location: 0890a198  
2026-07-27 17:27:08 WARN  (DecompileCallback) Decompiling 0890a1a0, pcode error at 0890a1a0: Unable to disassemble EXTERNAL block location: 0890a1a0  
2026-07-27 17:27:08 WARN  (DecompileCallback) Decompiling 0890a1a8, pcode error at 0890a1a8: Unable to disassemble EXTERNAL block location: 0890a1a8  
2026-07-27 17:27:08 WARN  (DecompileCallback) Decompiling 0890a1b0, pcode error at 0890a1b0: Unable to disassemble EXTERNAL block location: 0890a1b0  
2026-07-27 17:27:08 WARN  (DecompileCallback) Decompiling 0890a1b8, pcode error at 0890a1b8: Unable to disassemble EXTERNAL block location: 0890a1b8  
2026-07-27 17:27:08 WARN  (DecompileCallback) Decompiling 0890a1c0, pcode error at 0890a1c0: Unable to disassemble EXTERNAL block location: 0890a1c0  
2026-07-27 17:27:08 WARN  (DecompileCallback) Decompiling 0890a1c8, pcode error at 0890a1c8: Unable to disassemble EXTERNAL block location: 0890a1c8  
2026-07-27 17:27:08 WARN  (DecompileCallback) Decompiling 0890a1d8, pcode error at 0890a1d8: Unable to disassemble EXTERNAL block location: 0890a1d8  
2026-07-27 17:27:08 WARN  (DecompileCallback) Decompiling 0890a1e0, pcode error at 0890a1e0: Unable to disassemble EXTERNAL block location: 0890a1e0  
2026-07-27 17:27:08 WARN  (DecompileCallback) Decompiling 0890a1e8, pcode error at 0890a1e8: Unable to disassemble EXTERNAL block location: 0890a1e8  
2026-07-27 17:27:08 WARN  (DecompileCallback) Decompiling 0890a1f0, pcode error at 0890a1f0: Unable to disassemble EXTERNAL block location: 0890a1f0  
2026-07-27 17:27:08 WARN  (DecompileCallback) Decompiling 0890a1f8, pcode error at 0890a1f8: Unable to disassemble EXTERNAL block location: 0890a1f8  
2026-07-27 17:27:08 WARN  (DecompileCallback) Decompiling 0890a200, pcode error at 0890a200: Unable to disassemble EXTERNAL block location: 0890a200  
2026-07-27 17:27:08 WARN  (DecompileCallback) Decompiling 0890a208, pcode error at 0890a208: Unable to disassemble EXTERNAL block location: 0890a208  
2026-07-27 17:27:08 WARN  (DecompileCallback) Decompiling 0890a210, pcode error at 0890a210: Unable to disassemble EXTERNAL block location: 0890a210  
2026-07-27 17:27:08 WARN  (DecompileCallback) Decompiling 0890a218, pcode error at 0890a218: Unable to disassemble EXTERNAL block location: 0890a218  
2026-07-27 17:27:08 WARN  (DecompileCallback) Decompiling 0890a220, pcode error at 0890a220: Unable to disassemble EXTERNAL block location: 0890a220  
2026-07-27 17:27:08 WARN  (DecompileCallback) Decompiling 0890a228, pcode error at 0890a228: Unable to disassemble EXTERNAL block location: 0890a228  
2026-07-27 17:27:08 WARN  (DecompileCallback) Decompiling 0890a230, pcode error at 0890a230: Unable to disassemble EXTERNAL block location: 0890a230  
2026-07-27 17:27:08 WARN  (DecompileCallback) Decompiling 0890a238, pcode error at 0890a238: Unable to disassemble EXTERNAL block location: 0890a238  
2026-07-27 17:27:08 WARN  (DecompileCallback) Decompiling 0890a240, pcode error at 0890a240: Unable to disassemble EXTERNAL block location: 0890a240  
2026-07-27 17:27:08 WARN  (DecompileCallback) Decompiling 0890a248, pcode error at 0890a248: Unable to disassemble EXTERNAL block location: 0890a248  
2026-07-27 17:27:08 WARN  (DecompileCallback) Decompiling 0890a250, pcode error at 0890a250: Unable to disassemble EXTERNAL block location: 0890a250  
2026-07-27 17:27:08 WARN  (DecompileCallback) Decompiling 0890a258, pcode error at 0890a258: Unable to disassemble EXTERNAL block location: 0890a258  
2026-07-27 17:27:08 WARN  (DecompileCallback) Decompiling 0890a260, pcode error at 0890a260: Unable to disassemble EXTERNAL block location: 0890a260  
2026-07-27 17:27:08 WARN  (DecompileCallback) Decompiling 0890a268, pcode error at 0890a268: Unable to disassemble EXTERNAL block location: 0890a268  
2026-07-27 17:27:08 WARN  (DecompileCallback) Decompiling 0890a270, pcode error at 0890a270: Unable to disassemble EXTERNAL block location: 0890a270  
2026-07-27 17:27:08 WARN  (DecompileCallback) Decompiling 0890a278, pcode error at 0890a278: Unable to disassemble EXTERNAL block location: 0890a278  
2026-07-27 17:27:08 WARN  (DecompileCallback) Decompiling 0890a280, pcode error at 0890a280: Unable to disassemble EXTERNAL block location: 0890a280  
2026-07-27 17:27:08 WARN  (DecompileCallback) Decompiling 0890a288, pcode error at 0890a288: Unable to disassemble EXTERNAL block location: 0890a288  
2026-07-27 17:27:08 WARN  (DecompileCallback) Decompiling 0890a290, pcode error at 0890a290: Unable to disassemble EXTERNAL block location: 0890a290  
2026-07-27 17:27:08 WARN  (DecompileCallback) Decompiling 0890a298, pcode error at 0890a298: Unable to disassemble EXTERNAL block location: 0890a298  
2026-07-27 17:27:08 WARN  (DecompileCallback) Decompiling 0890a2a0, pcode error at 0890a2a0: Unable to disassemble EXTERNAL block location: 0890a2a0  
2026-07-27 17:27:08 WARN  (DecompileCallback) Decompiling 0890a2a8, pcode error at 0890a2a8: Unable to disassemble EXTERNAL block location: 0890a2a8  
2026-07-27 17:27:08 WARN  (DecompileCallback) Decompiling 0890a2b0, pcode error at 0890a2b0: Unable to disassemble EXTERNAL block location: 0890a2b0  
2026-07-27 17:27:08 WARN  (DecompileCallback) Decompiling 0890a2b8, pcode error at 0890a2b8: Unable to disassemble EXTERNAL block location: 0890a2b8  
2026-07-27 17:27:08 WARN  (DecompileCallback) Decompiling 0890a2c0, pcode error at 0890a2c0: Unable to disassemble EXTERNAL block location: 0890a2c0  
2026-07-27 17:27:08 WARN  (DecompileCallback) Decompiling 0890a2c8, pcode error at 0890a2c8: Unable to disassemble EXTERNAL block location: 0890a2c8  
2026-07-27 17:27:08 WARN  (DecompileCallback) Decompiling 0890a2d0, pcode error at 0890a2d0: Unable to disassemble EXTERNAL block location: 0890a2d0  
2026-07-27 17:27:08 WARN  (DecompileCallback) Decompiling 0890a2d8, pcode error at 0890a2d8: Unable to disassemble EXTERNAL block location: 0890a2d8  
2026-07-27 17:27:08 WARN  (DecompileCallback) Decompiling 0890a2e0, pcode error at 0890a2e0: Unable to disassemble EXTERNAL block location: 0890a2e0  
2026-07-27 17:27:08 WARN  (DecompileCallback) Decompiling 0890a2e8, pcode error at 0890a2e8: Unable to disassemble EXTERNAL block location: 0890a2e8  
2026-07-27 17:27:08 WARN  (DecompileCallback) Decompiling 0890a2f0, pcode error at 0890a2f0: Unable to disassemble EXTERNAL block location: 0890a2f0  
2026-07-27 17:27:08 WARN  (DecompileCallback) Decompiling 0890a2f8, pcode error at 0890a2f8: Unable to disassemble EXTERNAL block location: 0890a2f8  
2026-07-27 17:27:08 WARN  (DecompileCallback) Decompiling 0890a300, pcode error at 0890a300: Unable to disassemble EXTERNAL block location: 0890a300  
2026-07-27 17:27:08 WARN  (DecompileCallback) Decompiling 0890a308, pcode error at 0890a308: Unable to disassemble EXTERNAL block location: 0890a308  
2026-07-27 17:27:08 WARN  (DecompileCallback) Decompiling 0890a310, pcode error at 0890a310: Unable to disassemble EXTERNAL block location: 0890a310  
2026-07-27 17:27:08 WARN  (DecompileCallback) Decompiling 0890a318, pcode error at 0890a318: Unable to disassemble EXTERNAL block location: 0890a318  
2026-07-27 17:27:08 WARN  (DecompileCallback) Decompiling 0890a320, pcode error at 0890a320: Unable to disassemble EXTERNAL block location: 0890a320  
2026-07-27 17:27:08 WARN  (DecompileCallback) Decompiling 0890a328, pcode error at 0890a328: Unable to disassemble EXTERNAL block location: 0890a328  
2026-07-27 17:27:08 WARN  (DecompileCallback) Decompiling 0890a330, pcode error at 0890a330: Unable to disassemble EXTERNAL block location: 0890a330  
2026-07-27 17:27:08 WARN  (DecompileCallback) Decompiling 0890a338, pcode error at 0890a338: Unable to disassemble EXTERNAL block location: 0890a338  
2026-07-27 17:27:08 WARN  (DecompileCallback) Decompiling 0890a340, pcode error at 0890a340: Unable to disassemble EXTERNAL block location: 0890a340  
2026-07-27 17:27:08 WARN  (DecompileCallback) Decompiling 0890a348, pcode error at 0890a348: Unable to disassemble EXTERNAL block location: 0890a348  
2026-07-27 17:27:08 WARN  (DecompileCallback) Decompiling 0890a350, pcode error at 0890a350: Unable to disassemble EXTERNAL block location: 0890a350  
2026-07-27 17:27:08 WARN  (DecompileCallback) Decompiling 0890a358, pcode error at 0890a358: Unable to disassemble EXTERNAL block location: 0890a358  
2026-07-27 17:27:08 WARN  (DecompileCallback) Decompiling 0890a360, pcode error at 0890a360: Unable to disassemble EXTERNAL block location: 0890a360  
2026-07-27 17:27:08 WARN  (DecompileCallback) Decompiling 0890a368, pcode error at 0890a368: Unable to disassemble EXTERNAL block location: 0890a368  
2026-07-27 17:27:08 WARN  (DecompileCallback) Decompiling 0890a370, pcode error at 0890a370: Unable to disassemble EXTERNAL block location: 0890a370  
2026-07-27 17:27:08 WARN  (DecompileCallback) Decompiling 0890a378, pcode error at 0890a378: Unable to disassemble EXTERNAL block location: 0890a378  
2026-07-27 17:27:08 WARN  (DecompileCallback) Decompiling 0890a380, pcode error at 0890a380: Unable to disassemble EXTERNAL block location: 0890a380  
2026-07-27 17:27:08 WARN  (DecompileCallback) Decompiling 0890a388, pcode error at 0890a388: Unable to disassemble EXTERNAL block location: 0890a388  
2026-07-27 17:27:08 WARN  (DecompileCallback) Decompiling 0890a390, pcode error at 0890a390: Unable to disassemble EXTERNAL block location: 0890a390  
2026-07-27 17:27:08 WARN  (DecompileCallback) Decompiling 0890a398, pcode error at 0890a398: Unable to disassemble EXTERNAL block location: 0890a398  
2026-07-27 17:27:08 WARN  (DecompileCallback) Decompiling 0890a3a0, pcode error at 0890a3a0: Unable to disassemble EXTERNAL block location: 0890a3a0  
2026-07-27 17:27:08 WARN  (DecompileCallback) Decompiling 0890a3a8, pcode error at 0890a3a8: Unable to disassemble EXTERNAL block location: 0890a3a8  
2026-07-27 17:27:08 WARN  (DecompileCallback) Decompiling 0890a3b0, pcode error at 0890a3b0: Unable to disassemble EXTERNAL block location: 0890a3b0  
2026-07-27 17:27:08 WARN  (DecompileCallback) Decompiling 0890a3b8, pcode error at 0890a3b8: Unable to disassemble EXTERNAL block location: 0890a3b8  
2026-07-27 17:27:08 WARN  (DecompileCallback) Decompiling 0890a3c0, pcode error at 0890a3c0: Unable to disassemble EXTERNAL block location: 0890a3c0  
2026-07-27 17:27:08 WARN  (DecompileCallback) Decompiling 0890a3c8, pcode error at 0890a3c8: Unable to disassemble EXTERNAL block location: 0890a3c8  
2026-07-27 17:27:08 WARN  (DecompileCallback) Decompiling 0890a3d0, pcode error at 0890a3d0: Unable to disassemble EXTERNAL block location: 0890a3d0  
2026-07-27 17:27:08 WARN  (DecompileCallback) Decompiling 0890a3d8, pcode error at 0890a3d8: Unable to disassemble EXTERNAL block location: 0890a3d8  
2026-07-27 17:27:08 WARN  (DecompileCallback) Decompiling 0890a3e0, pcode error at 0890a3e0: Unable to disassemble EXTERNAL block location: 0890a3e0  
2026-07-27 17:27:08 WARN  (DecompileCallback) Decompiling 0890a3e8, pcode error at 0890a3e8: Unable to disassemble EXTERNAL block location: 0890a3e8  
2026-07-27 17:27:08 WARN  (DecompileCallback) Decompiling 0890a3f0, pcode error at 0890a3f0: Unable to disassemble EXTERNAL block location: 0890a3f0  
2026-07-27 17:27:08 WARN  (DecompileCallback) Decompiling 0890a3f8, pcode error at 0890a3f8: Unable to disassemble EXTERNAL block location: 0890a3f8  
2026-07-27 17:27:08 WARN  (DecompileCallback) Decompiling 0890a400, pcode error at 0890a400: Unable to disassemble EXTERNAL block location: 0890a400  
2026-07-27 17:27:08 WARN  (DecompileCallback) Decompiling 0890a408, pcode error at 0890a408: Unable to disassemble EXTERNAL block location: 0890a408  
2026-07-27 17:27:08 WARN  (DecompileCallback) Decompiling 0890a410, pcode error at 0890a410: Unable to disassemble EXTERNAL block location: 0890a410  
2026-07-27 17:27:08 WARN  (DecompileCallback) Decompiling 0890a418, pcode error at 0890a418: Unable to disassemble EXTERNAL block location: 0890a418  
2026-07-27 17:27:08 WARN  (DecompileCallback) Decompiling 0890a420, pcode error at 0890a420: Unable to disassemble EXTERNAL block location: 0890a420  
2026-07-27 17:27:08 WARN  (DecompileCallback) Decompiling 0890a428, pcode error at 0890a428: Unable to disassemble EXTERNAL block location: 0890a428  
2026-07-27 17:27:08 WARN  (DecompileCallback) Decompiling 0890a430, pcode error at 0890a430: Unable to disassemble EXTERNAL block location: 0890a430  
2026-07-27 17:27:08 WARN  (DecompileCallback) Decompiling 0890a438, pcode error at 0890a438: Unable to disassemble EXTERNAL block location: 0890a438  
2026-07-27 17:27:08 WARN  (DecompileCallback) Decompiling 0890a440, pcode error at 0890a440: Unable to disassemble EXTERNAL block location: 0890a440  
2026-07-27 17:27:08 WARN  (DecompileCallback) Decompiling 0890a448, pcode error at 0890a448: Unable to disassemble EXTERNAL block location: 0890a448  
2026-07-27 17:27:08 WARN  (DecompileCallback) Decompiling 0890a450, pcode error at 0890a450: Unable to disassemble EXTERNAL block location: 0890a450  
2026-07-27 17:27:08 WARN  (DecompileCallback) Decompiling 0890a458, pcode error at 0890a458: Unable to disassemble EXTERNAL block location: 0890a458  
2026-07-27 17:27:08 WARN  (DecompileCallback) Decompiling 0890a460, pcode error at 0890a460: Unable to disassemble EXTERNAL block location: 0890a460  
2026-07-27 17:27:08 WARN  (DecompileCallback) Decompiling 0890a468, pcode error at 0890a468: Unable to disassemble EXTERNAL block location: 0890a468  
2026-07-27 17:27:08 WARN  (DecompileCallback) Decompiling 0890a470, pcode error at 0890a470: Unable to disassemble EXTERNAL block location: 0890a470  
2026-07-27 17:27:08 WARN  (DecompileCallback) Decompiling 0890a478, pcode error at 0890a478: Unable to disassemble EXTERNAL block location: 0890a478  
2026-07-27 17:27:08 WARN  (DecompileCallback) Decompiling 0890a480, pcode error at 0890a480: Unable to disassemble EXTERNAL block location: 0890a480  
2026-07-27 17:27:08 WARN  (DecompileCallback) Decompiling 0890a488, pcode error at 0890a488: Unable to disassemble EXTERNAL block location: 0890a488  
2026-07-27 17:27:08 WARN  (DecompileCallback) Decompiling 0890a490, pcode error at 0890a490: Unable to disassemble EXTERNAL block location: 0890a490  
2026-07-27 17:27:08 WARN  (DecompileCallback) Decompiling 0890a498, pcode error at 0890a498: Unable to disassemble EXTERNAL block location: 0890a498  
2026-07-27 17:27:08 WARN  (DecompileCallback) Decompiling 0890a4a0, pcode error at 0890a4a0: Unable to disassemble EXTERNAL block location: 0890a4a0  
2026-07-27 17:27:08 WARN  (DecompileCallback) Decompiling 0890a4a8, pcode error at 0890a4a8: Unable to disassemble EXTERNAL block location: 0890a4a8  
2026-07-27 17:27:08 WARN  (DecompileCallback) Decompiling 0890a4b0, pcode error at 0890a4b0: Unable to disassemble EXTERNAL block location: 0890a4b0  
2026-07-27 17:27:08 WARN  (DecompileCallback) Decompiling 0890a4b8, pcode error at 0890a4b8: Unable to disassemble EXTERNAL block location: 0890a4b8  
2026-07-27 17:27:08 WARN  (DecompileCallback) Decompiling 0890a4c0, pcode error at 0890a4c0: Unable to disassemble EXTERNAL block location: 0890a4c0  
2026-07-27 17:27:08 WARN  (DecompileCallback) Decompiling 0890a4c8, pcode error at 0890a4c8: Unable to disassemble EXTERNAL block location: 0890a4c8  
2026-07-27 17:27:08 WARN  (DecompileCallback) Decompiling 0890a4d0, pcode error at 0890a4d0: Unable to disassemble EXTERNAL block location: 0890a4d0  
2026-07-27 17:27:08 WARN  (DecompileCallback) Decompiling 0890a4d8, pcode error at 0890a4d8: Unable to disassemble EXTERNAL block location: 0890a4d8  
2026-07-27 17:27:08 WARN  (DecompileCallback) Decompiling 0890a4e0, pcode error at 0890a4e0: Unable to disassemble EXTERNAL block location: 0890a4e0  
2026-07-27 17:27:08 WARN  (DecompileCallback) Decompiling 0890a4f0, pcode error at 0890a4f0: Unable to disassemble EXTERNAL block location: 0890a4f0  
2026-07-27 17:27:08 WARN  (DecompileCallback) Decompiling 0890a4f8, pcode error at 0890a4f8: Unable to disassemble EXTERNAL block location: 0890a4f8  
2026-07-27 17:27:08 WARN  (DecompileCallback) Decompiling 0890a500, pcode error at 0890a500: Unable to disassemble EXTERNAL block location: 0890a500  
2026-07-27 17:27:08 WARN  (DecompileCallback) Decompiling 0890a508, pcode error at 0890a508: Unable to disassemble EXTERNAL block location: 0890a508  
2026-07-27 17:27:08 WARN  (DecompileCallback) Decompiling 0890a510, pcode error at 0890a510: Unable to disassemble EXTERNAL block location: 0890a510  
2026-07-27 17:27:08 WARN  (DecompileCallback) Decompiling 0890a518, pcode error at 0890a518: Unable to disassemble EXTERNAL block location: 0890a518  
2026-07-27 17:27:08 WARN  (DecompileCallback) Decompiling 0890a520, pcode error at 0890a520: Unable to disassemble EXTERNAL block location: 0890a520  
2026-07-27 17:27:08 WARN  (DecompileCallback) Decompiling 0890a528, pcode error at 0890a528: Unable to disassemble EXTERNAL block location: 0890a528  
2026-07-27 17:27:08 WARN  (DecompileCallback) Decompiling 0890a530, pcode error at 0890a530: Unable to disassemble EXTERNAL block location: 0890a530  
2026-07-27 17:27:08 WARN  (DecompileCallback) Decompiling 0890a538, pcode error at 0890a538: Unable to disassemble EXTERNAL block location: 0890a538  
2026-07-27 17:27:08 WARN  (DecompileCallback) Decompiling 0890a540, pcode error at 0890a540: Unable to disassemble EXTERNAL block location: 0890a540  
2026-07-27 17:27:08 WARN  (DecompileCallback) Decompiling 0890a548, pcode error at 0890a548: Unable to disassemble EXTERNAL block location: 0890a548  
2026-07-27 17:27:08 WARN  (DecompileCallback) Decompiling 0890a550, pcode error at 0890a550: Unable to disassemble EXTERNAL block location: 0890a550  
2026-07-27 17:27:08 WARN  (DecompileCallback) Decompiling 0890a558, pcode error at 0890a558: Unable to disassemble EXTERNAL block location: 0890a558  
2026-07-27 17:27:08 WARN  (DecompileCallback) Decompiling 0890a560, pcode error at 0890a560: Unable to disassemble EXTERNAL block location: 0890a560  
2026-07-27 17:27:08 WARN  (DecompileCallback) Decompiling 0890a568, pcode error at 0890a568: Unable to disassemble EXTERNAL block location: 0890a568  
2026-07-27 17:27:08 WARN  (DecompileCallback) Decompiling 0890a570, pcode error at 0890a570: Unable to disassemble EXTERNAL block location: 0890a570  
2026-07-27 17:27:08 WARN  (DecompileCallback) Decompiling 0890a578, pcode error at 0890a578: Unable to disassemble EXTERNAL block location: 0890a578  
2026-07-27 17:27:08 WARN  (DecompileCallback) Decompiling 0890a580, pcode error at 0890a580: Unable to disassemble EXTERNAL block location: 0890a580  
2026-07-27 17:27:08 WARN  (DecompileCallback) Decompiling 0890a588, pcode error at 0890a588: Unable to disassemble EXTERNAL block location: 0890a588  
2026-07-27 17:27:08 WARN  (DecompileCallback) Decompiling 0890a590, pcode error at 0890a590: Unable to disassemble EXTERNAL block location: 0890a590  
2026-07-27 17:27:08 WARN  (DecompileCallback) Decompiling 0890a598, pcode error at 0890a598: Unable to disassemble EXTERNAL block location: 0890a598  
2026-07-27 17:27:08 WARN  (DecompileCallback) Decompiling 0890a5a0, pcode error at 0890a5a0: Unable to disassemble EXTERNAL block location: 0890a5a0  
2026-07-27 17:27:08 WARN  (DecompileCallback) Decompiling 0890a5a8, pcode error at 0890a5a8: Unable to disassemble EXTERNAL block location: 0890a5a8  
2026-07-27 17:27:08 WARN  (DecompileCallback) Decompiling 0890a5b0, pcode error at 0890a5b0: Unable to disassemble EXTERNAL block location: 0890a5b0  
2026-07-27 17:27:08 WARN  (DecompileCallback) Decompiling 0890a5b8, pcode error at 0890a5b8: Unable to disassemble EXTERNAL block location: 0890a5b8  
2026-07-27 17:27:08 WARN  (DecompileCallback) Decompiling 0890a5c0, pcode error at 0890a5c0: Unable to disassemble EXTERNAL block location: 0890a5c0  
2026-07-27 17:27:08 WARN  (DecompileCallback) Decompiling 0890a5c8, pcode error at 0890a5c8: Unable to disassemble EXTERNAL block location: 0890a5c8  
2026-07-27 17:27:08 WARN  (DecompileCallback) Decompiling 0890a5d0, pcode error at 0890a5d0: Unable to disassemble EXTERNAL block location: 0890a5d0  
2026-07-27 17:27:08 WARN  (DecompileCallback) Decompiling 0890a5d8, pcode error at 0890a5d8: Unable to disassemble EXTERNAL block location: 0890a5d8  
2026-07-27 17:27:08 WARN  (DecompileCallback) Decompiling 0890a5e0, pcode error at 0890a5e0: Unable to disassemble EXTERNAL block location: 0890a5e0  
2026-07-27 17:27:08 WARN  (DecompileCallback) Decompiling 0890a5e8, pcode error at 0890a5e8: Unable to disassemble EXTERNAL block location: 0890a5e8  
2026-07-27 17:27:08 WARN  (DecompileCallback) Decompiling 0890a5f0, pcode error at 0890a5f0: Unable to disassemble EXTERNAL block location: 0890a5f0  
2026-07-27 17:27:08 WARN  (DecompileCallback) Decompiling 0890a5f8, pcode error at 0890a5f8: Unable to disassemble EXTERNAL block location: 0890a5f8  
2026-07-27 17:27:08 WARN  (DecompileCallback) Decompiling 0890a600, pcode error at 0890a600: Unable to disassemble EXTERNAL block location: 0890a600  
2026-07-27 17:27:08 WARN  (DecompileCallback) Decompiling 0890a608, pcode error at 0890a608: Unable to disassemble EXTERNAL block location: 0890a608  
2026-07-27 17:27:08 WARN  (DecompileCallback) Decompiling 0890a610, pcode error at 0890a610: Unable to disassemble EXTERNAL block location: 0890a610  
2026-07-27 17:27:08 WARN  (DecompileCallback) Decompiling 0890a618, pcode error at 0890a618: Unable to disassemble EXTERNAL block location: 0890a618  
2026-07-27 17:27:08 WARN  (DecompileCallback) Decompiling 0890a620, pcode error at 0890a620: Unable to disassemble EXTERNAL block location: 0890a620  
2026-07-27 17:27:08 WARN  (DecompileCallback) Decompiling 0890a628, pcode error at 0890a628: Unable to disassemble EXTERNAL block location: 0890a628  
2026-07-27 17:27:08 WARN  (DecompileCallback) Decompiling 0890a630, pcode error at 0890a630: Unable to disassemble EXTERNAL block location: 0890a630  
2026-07-27 17:27:08 WARN  (DecompileCallback) Decompiling 0890a638, pcode error at 0890a638: Unable to disassemble EXTERNAL block location: 0890a638  
2026-07-27 17:27:08 WARN  (DecompileCallback) Decompiling 0890a640, pcode error at 0890a640: Unable to disassemble EXTERNAL block location: 0890a640  
2026-07-27 17:27:08 WARN  (DecompileCallback) Decompiling 0890a648, pcode error at 0890a648: Unable to disassemble EXTERNAL block location: 0890a648  
2026-07-27 17:27:08 WARN  (DecompileCallback) Decompiling 0890a650, pcode error at 0890a650: Unable to disassemble EXTERNAL block location: 0890a650  
2026-07-27 17:27:08 WARN  (DecompileCallback) Decompiling 0890a658, pcode error at 0890a658: Unable to disassemble EXTERNAL block location: 0890a658  
2026-07-27 17:27:08 WARN  (DecompileCallback) Decompiling 0890a660, pcode error at 0890a660: Unable to disassemble EXTERNAL block location: 0890a660  
2026-07-27 17:27:08 WARN  (DecompileCallback) Decompiling 0890a668, pcode error at 0890a668: Unable to disassemble EXTERNAL block location: 0890a668  
2026-07-27 17:27:08 WARN  (DecompileCallback) Decompiling 0890a670, pcode error at 0890a670: Unable to disassemble EXTERNAL block location: 0890a670  
2026-07-27 17:27:08 WARN  (DecompileCallback) Decompiling 0890a678, pcode error at 0890a678: Unable to disassemble EXTERNAL block location: 0890a678  
2026-07-27 17:27:08 WARN  (DecompileCallback) Decompiling 0890a680, pcode error at 0890a680: Unable to disassemble EXTERNAL block location: 0890a680  
2026-07-27 17:27:08 WARN  (DecompileCallback) Decompiling 0890a688, pcode error at 0890a688: Unable to disassemble EXTERNAL block location: 0890a688  
2026-07-27 17:27:08 WARN  (DecompileCallback) Decompiling 0890a690, pcode error at 0890a690: Unable to disassemble EXTERNAL block location: 0890a690  
2026-07-27 17:27:08 WARN  (DecompileCallback) Decompiling 0890a698, pcode error at 0890a698: Unable to disassemble EXTERNAL block location: 0890a698  
2026-07-27 17:27:08 WARN  (DecompileCallback) Decompiling 0890a6a0, pcode error at 0890a6a0: Unable to disassemble EXTERNAL block location: 0890a6a0  
2026-07-27 17:27:08 WARN  (DecompileCallback) Decompiling 0890a6a8, pcode error at 0890a6a8: Unable to disassemble EXTERNAL block location: 0890a6a8  
2026-07-27 17:27:08 WARN  (DecompileCallback) Decompiling 0890a6b0, pcode error at 0890a6b0: Unable to disassemble EXTERNAL block location: 0890a6b0  
2026-07-27 17:27:08 WARN  (DecompileCallback) Decompiling 0890a6b8, pcode error at 0890a6b8: Unable to disassemble EXTERNAL block location: 0890a6b8  
2026-07-27 17:27:08 WARN  (DecompileCallback) Decompiling 0890a6c0, pcode error at 0890a6c0: Unable to disassemble EXTERNAL block location: 0890a6c0  
2026-07-27 17:27:08 WARN  (DecompileCallback) Decompiling 0890a6c8, pcode error at 0890a6c8: Unable to disassemble EXTERNAL block location: 0890a6c8  
2026-07-27 17:27:08 WARN  (DecompileCallback) Decompiling 0890a6d0, pcode error at 0890a6d0: Unable to disassemble EXTERNAL block location: 0890a6d0  
2026-07-27 17:27:08 WARN  (DecompileCallback) Decompiling 0890a6d8, pcode error at 0890a6d8: Unable to disassemble EXTERNAL block location: 0890a6d8  
2026-07-27 17:27:08 WARN  (DecompileCallback) Decompiling 0890a6e0, pcode error at 0890a6e0: Unable to disassemble EXTERNAL block location: 0890a6e0  
2026-07-27 17:27:08 WARN  (DecompileCallback) Decompiling 0890a6e8, pcode error at 0890a6e8: Unable to disassemble EXTERNAL block location: 0890a6e8  
2026-07-27 17:27:08 WARN  (DecompileCallback) Decompiling 0890a6f0, pcode error at 0890a6f0: Unable to disassemble EXTERNAL block location: 0890a6f0  
2026-07-27 17:27:08 WARN  (DecompileCallback) Decompiling 0890a6f8, pcode error at 0890a6f8: Unable to disassemble EXTERNAL block location: 0890a6f8  
2026-07-27 17:27:08 WARN  (DecompileCallback) Decompiling 0890a700, pcode error at 0890a700: Unable to disassemble EXTERNAL block location: 0890a700  
2026-07-27 17:27:08 WARN  (DecompileCallback) Decompiling 0890a708, pcode error at 0890a708: Unable to disassemble EXTERNAL block location: 0890a708  
2026-07-27 17:27:08 WARN  (DecompileCallback) Decompiling 0890a710, pcode error at 0890a710: Unable to disassemble EXTERNAL block location: 0890a710  
2026-07-27 17:27:08 WARN  (DecompileCallback) Decompiling 0890a718, pcode error at 0890a718: Unable to disassemble EXTERNAL block location: 0890a718  
2026-07-27 17:27:08 WARN  (DecompileCallback) Decompiling 0890a720, pcode error at 0890a720: Unable to disassemble EXTERNAL block location: 0890a720  
2026-07-27 17:27:08 WARN  (DecompileCallback) Decompiling 0890a728, pcode error at 0890a728: Unable to disassemble EXTERNAL block location: 0890a728  
2026-07-27 17:27:08 WARN  (DecompileCallback) Decompiling 0890a730, pcode error at 0890a730: Unable to disassemble EXTERNAL block location: 0890a730  
2026-07-27 17:27:08 WARN  (DecompileCallback) Decompiling 0890a738, pcode error at 0890a738: Unable to disassemble EXTERNAL block location: 0890a738  
2026-07-27 17:27:08 WARN  (DecompileCallback) Decompiling 0890a740, pcode error at 0890a740: Unable to disassemble EXTERNAL block location: 0890a740  
2026-07-27 17:27:08 WARN  (DecompileCallback) Decompiling 0890a748, pcode error at 0890a748: Unable to disassemble EXTERNAL block location: 0890a748  
2026-07-27 17:27:08 WARN  (DecompileCallback) Decompiling 0890a750, pcode error at 0890a750: Unable to disassemble EXTERNAL block location: 0890a750  
2026-07-27 17:27:08 WARN  (DecompileCallback) Decompiling 0890a758, pcode error at 0890a758: Unable to disassemble EXTERNAL block location: 0890a758  
2026-07-27 17:27:08 WARN  (DecompileCallback) Decompiling 0890a760, pcode error at 0890a760: Unable to disassemble EXTERNAL block location: 0890a760  
2026-07-27 17:27:08 WARN  (DecompileCallback) Decompiling 0890a768, pcode error at 0890a768: Unable to disassemble EXTERNAL block location: 0890a768  
2026-07-27 17:27:08 WARN  (DecompileCallback) Decompiling 0890a770, pcode error at 0890a770: Unable to disassemble EXTERNAL block location: 0890a770  
2026-07-27 17:27:08 WARN  (DecompileCallback) Decompiling 0890a778, pcode error at 0890a778: Unable to disassemble EXTERNAL block location: 0890a778  
2026-07-27 17:27:08 WARN  (DecompileCallback) Decompiling 0890a780, pcode error at 0890a780: Unable to disassemble EXTERNAL block location: 0890a780  
2026-07-27 17:27:08 WARN  (DecompileCallback) Decompiling 0890a788, pcode error at 0890a788: Unable to disassemble EXTERNAL block location: 0890a788  
2026-07-27 17:27:08 WARN  (DecompileCallback) Decompiling 0890a790, pcode error at 0890a790: Unable to disassemble EXTERNAL block location: 0890a790  
2026-07-27 17:27:08 WARN  (DecompileCallback) Decompiling 0890a798, pcode error at 0890a798: Unable to disassemble EXTERNAL block location: 0890a798  
2026-07-27 17:27:08 WARN  (DecompileCallback) Decompiling 0890a7a0, pcode error at 0890a7a0: Unable to disassemble EXTERNAL block location: 0890a7a0  
2026-07-27 17:27:08 WARN  (DecompileCallback) Decompiling 0890a7a8, pcode error at 0890a7a8: Unable to disassemble EXTERNAL block location: 0890a7a8  
2026-07-27 17:27:08 WARN  (DecompileCallback) Decompiling 0890a7b0, pcode error at 0890a7b0: Unable to disassemble EXTERNAL block location: 0890a7b0  
2026-07-27 17:27:08 WARN  (DecompileCallback) Decompiling 0890a7b8, pcode error at 0890a7b8: Unable to disassemble EXTERNAL block location: 0890a7b8  
2026-07-27 17:27:08 WARN  (DecompileCallback) Decompiling 0890a7c0, pcode error at 0890a7c0: Unable to disassemble EXTERNAL block location: 0890a7c0  
2026-07-27 17:27:08 WARN  (DecompileCallback) Decompiling 0890a7c8, pcode error at 0890a7c8: Unable to disassemble EXTERNAL block location: 0890a7c8  
2026-07-27 17:27:08 WARN  (DecompileCallback) Decompiling 0890a7d0, pcode error at 0890a7d0: Unable to disassemble EXTERNAL block location: 0890a7d0  
2026-07-27 17:27:08 WARN  (DecompileCallback) Decompiling 0890a7d8, pcode error at 0890a7d8: Unable to disassemble EXTERNAL block location: 0890a7d8  
2026-07-27 17:27:08 WARN  (DecompileCallback) Decompiling 0890a7e0, pcode error at 0890a7e0: Unable to disassemble EXTERNAL block location: 0890a7e0  
2026-07-27 17:27:08 WARN  (DecompileCallback) Decompiling 0890a7e8, pcode error at 0890a7e8: Unable to disassemble EXTERNAL block location: 0890a7e8  
2026-07-27 17:27:08 WARN  (DecompileCallback) Decompiling 0890a7f0, pcode error at 0890a7f0: Unable to disassemble EXTERNAL block location: 0890a7f0  
2026-07-27 17:27:08 WARN  (DecompileCallback) Decompiling 0890a7f8, pcode error at 0890a7f8: Unable to disassemble EXTERNAL block location: 0890a7f8  
2026-07-27 17:27:08 WARN  (DecompileCallback) Decompiling 0890a800, pcode error at 0890a800: Unable to disassemble EXTERNAL block location: 0890a800  
2026-07-27 17:27:08 WARN  (DecompileCallback) Decompiling 0890a808, pcode error at 0890a808: Unable to disassemble EXTERNAL block location: 0890a808  
2026-07-27 17:27:08 WARN  (DecompileCallback) Decompiling 0890a810, pcode error at 0890a810: Unable to disassemble EXTERNAL block location: 0890a810  
2026-07-27 17:27:08 WARN  (DecompileCallback) Decompiling 0890a818, pcode error at 0890a818: Unable to disassemble EXTERNAL block location: 0890a818  
2026-07-27 17:27:08 WARN  (DecompileCallback) Decompiling 0890a820, pcode error at 0890a820: Unable to disassemble EXTERNAL block location: 0890a820  
2026-07-27 17:27:08 WARN  (DecompileCallback) Decompiling 0890a828, pcode error at 0890a828: Unable to disassemble EXTERNAL block location: 0890a828  
2026-07-27 17:27:08 WARN  (DecompileCallback) Decompiling 0890a830, pcode error at 0890a830: Unable to disassemble EXTERNAL block location: 0890a830  
2026-07-27 17:27:08 WARN  (DecompileCallback) Decompiling 0890a838, pcode error at 0890a838: Unable to disassemble EXTERNAL block location: 0890a838  
2026-07-27 17:27:08 WARN  (DecompileCallback) Decompiling 0890a840, pcode error at 0890a840: Unable to disassemble EXTERNAL block location: 0890a840  
2026-07-27 17:27:08 WARN  (DecompileCallback) Decompiling 0890a848, pcode error at 0890a848: Unable to disassemble EXTERNAL block location: 0890a848  
2026-07-27 17:27:08 WARN  (DecompileCallback) Decompiling 0890a850, pcode error at 0890a850: Unable to disassemble EXTERNAL block location: 0890a850  
2026-07-27 17:27:08 WARN  (DecompileCallback) Decompiling 0890a858, pcode error at 0890a858: Unable to disassemble EXTERNAL block location: 0890a858  
2026-07-27 17:27:08 WARN  (DecompileCallback) Decompiling 0890a860, pcode error at 0890a860: Unable to disassemble EXTERNAL block location: 0890a860  
2026-07-27 17:27:08 WARN  (DecompileCallback) Decompiling 0890a868, pcode error at 0890a868: Unable to disassemble EXTERNAL block location: 0890a868  
2026-07-27 17:27:08 WARN  (DecompileCallback) Decompiling 0890a870, pcode error at 0890a870: Unable to disassemble EXTERNAL block location: 0890a870  
2026-07-27 17:27:08 WARN  (DecompileCallback) Decompiling 0890a878, pcode error at 0890a878: Unable to disassemble EXTERNAL block location: 0890a878  
2026-07-27 17:27:08 WARN  (DecompileCallback) Decompiling 0890a880, pcode error at 0890a880: Unable to disassemble EXTERNAL block location: 0890a880  
2026-07-27 17:27:08 WARN  (DecompileCallback) Decompiling 0890a888, pcode error at 0890a888: Unable to disassemble EXTERNAL block location: 0890a888  
2026-07-27 17:27:08 WARN  (DecompileCallback) Decompiling 0890a890, pcode error at 0890a890: Unable to disassemble EXTERNAL block location: 0890a890  
2026-07-27 17:27:08 WARN  (DecompileCallback) Decompiling 0890a898, pcode error at 0890a898: Unable to disassemble EXTERNAL block location: 0890a898  
2026-07-27 17:27:08 WARN  (DecompileCallback) Decompiling 0890a8a0, pcode error at 0890a8a0: Unable to disassemble EXTERNAL block location: 0890a8a0  
2026-07-27 17:27:08 WARN  (DecompileCallback) Decompiling 0890a8a8, pcode error at 0890a8a8: Unable to disassemble EXTERNAL block location: 0890a8a8  
2026-07-27 17:27:08 WARN  (DecompileCallback) Decompiling 0890a8b0, pcode error at 0890a8b0: Unable to disassemble EXTERNAL block location: 0890a8b0  
2026-07-27 17:27:08 WARN  (DecompileCallback) Decompiling 0890a8b8, pcode error at 0890a8b8: Unable to disassemble EXTERNAL block location: 0890a8b8  
2026-07-27 17:27:08 WARN  (DecompileCallback) Decompiling 0890a8c0, pcode error at 0890a8c0: Unable to disassemble EXTERNAL block location: 0890a8c0  
2026-07-27 17:27:08 WARN  (DecompileCallback) Decompiling 0890a8c8, pcode error at 0890a8c8: Unable to disassemble EXTERNAL block location: 0890a8c8  
2026-07-27 17:27:08 WARN  (DecompileCallback) Decompiling 0890a8d0, pcode error at 0890a8d0: Unable to disassemble EXTERNAL block location: 0890a8d0  
2026-07-27 17:27:08 WARN  (DecompileCallback) Decompiling 0890a8d8, pcode error at 0890a8d8: Unable to disassemble EXTERNAL block location: 0890a8d8  
2026-07-27 17:27:08 WARN  (DecompileCallback) Decompiling 0890a8e0, pcode error at 0890a8e0: Unable to disassemble EXTERNAL block location: 0890a8e0  
2026-07-27 17:27:08 WARN  (DecompileCallback) Decompiling 0890a8e8, pcode error at 0890a8e8: Unable to disassemble EXTERNAL block location: 0890a8e8  
2026-07-27 17:27:08 WARN  (DecompileCallback) Decompiling 0890a8f0, pcode error at 0890a8f0: Unable to disassemble EXTERNAL block location: 0890a8f0  
2026-07-27 17:27:08 WARN  (DecompileCallback) Decompiling 0890a8f8, pcode error at 0890a8f8: Unable to disassemble EXTERNAL block location: 0890a8f8  
2026-07-27 17:27:08 WARN  (DecompileCallback) Decompiling 0890a900, pcode error at 0890a900: Unable to disassemble EXTERNAL block location: 0890a900  
2026-07-27 17:27:08 WARN  (DecompileCallback) Decompiling 0890a908, pcode error at 0890a908: Unable to disassemble EXTERNAL block location: 0890a908  
2026-07-27 17:27:08 WARN  (DecompileCallback) Decompiling 0890a910, pcode error at 0890a910: Unable to disassemble EXTERNAL block location: 0890a910  
2026-07-27 17:27:08 WARN  (DecompileCallback) Decompiling 0890a918, pcode error at 0890a918: Unable to disassemble EXTERNAL block location: 0890a918  
2026-07-27 17:27:08 WARN  (DecompileCallback) Decompiling 0890a920, pcode error at 0890a920: Unable to disassemble EXTERNAL block location: 0890a920  
2026-07-27 17:27:08 WARN  (DecompileCallback) Decompiling 0890a928, pcode error at 0890a928: Unable to disassemble EXTERNAL block location: 0890a928  
2026-07-27 17:27:08 WARN  (DecompileCallback) Decompiling 0890a930, pcode error at 0890a930: Unable to disassemble EXTERNAL block location: 0890a930  
2026-07-27 17:27:08 INFO  (GhidraScript) GeneralStructureEyePatternScan.java> General structure scan complete.  
2026-07-27 17:27:08 INFO  (GhidraScript) GeneralStructureEyePatternScan.java> Total functions scanned: 872145  
2026-07-27 17:27:08 INFO  (GhidraScript) GeneralStructureEyePatternScan.java> Exported functions: 1886  
2026-07-27 17:27:08 INFO  (GhidraScript) GeneralStructureEyePatternScan.java> Decompile failures: 483  
2026-07-27 17:27:08 INFO  (GhidraScript) GeneralStructureEyePatternScan.java> Report CSV: C:\realDesktop\manifest-evaluations\summer-26\ghidra-pipeline\il2cpp-files\Waifu\general-structure-results\structure_scan_report.csv  
2026-07-27 17:27:08 INFO  (GhidraScript) GeneralStructureEyePatternScan.java> Report JSON: C:\realDesktop\manifest-evaluations\summer-26\ghidra-pipeline\il2cpp-files\Waifu\general-structure-results\structure_scan_report.json  
2026-07-27 17:27:08 INFO  (HeadlessAnalyzer) REPORT: Save succeeded for processed file: /Waifu-libil2cpp.so  
