2026-07-25 20:32:29 INFO  (LoggingInitialization) Using log config file: jar:file:/C:/Users/kimgiordano27/Downloads/ghidra_12.1.2_PUBLIC_20260605/ghidra_12.1.2_PUBLIC/Ghidra/Framework/Generic/lib/Generic.jar!/generic.log4j.xml  
2026-07-25 20:32:29 INFO  (LoggingInitialization) Using log file: C:\realDesktop\manifest-evaluations\summer-26\ghidra-pipeline\il2cpp-files\vrealmfunverse\general-structure-ghidra.log  
2026-07-25 20:32:29 DEBUG (GhidraObjectInputFilter) Including serial input filter: FileSystem/data/client.rmi.serial.filter  
2026-07-25 20:32:29 INFO  (Preferences) Loading user preferences: C:\Users\kimgiordano27\AppData\Roaming\ghidra\ghidra_12.1.2_PUBLIC\preferences  
2026-07-25 20:32:29 INFO  (ClassSearcher) Searching for classes...  
2026-07-25 20:32:29 INFO  (ClassSearcher) Class search complete (633 ms)  
2026-07-25 20:32:30 INFO  (DefaultSSLContextInitializer) Initializing SSL Context  
2026-07-25 20:32:30 INFO  (SecureRandomFactory) Initializing Random Number Generator...  
2026-07-25 20:32:30 INFO  (SecureRandomFactory) Random Number Generator initialization complete: SHA1PRNG  
2026-07-25 20:32:30 INFO  (DefaultTrustManagerFactory) Trust manager disabled, cacerts have not been set  
2026-07-25 20:32:30 INFO  (FileCacheMaintenanceDaemon) Starting cache cleanup: C:\Users\kimgiordano27\AppData\Local\ghidra\fscache2  
2026-07-25 20:32:30 INFO  (FileCacheMaintenanceDaemon) Finished cache cleanup, estimated storage used: 0  
2026-07-25 20:32:30 INFO  (AnalyzeHeadless) Headless startup complete (6392 ms)  
2026-07-25 20:32:30 INFO  (ClassSearcher) Class searcher loaded 59 extension points (20 false positives)  
2026-07-25 20:32:30 INFO  (HeadlessAnalyzer) HEADLESS Script Paths:
    C:\Users\kimgiordano27\Downloads\ghidra_12.1.2_PUBLIC_20260605\ghidra_12.1.2_PUBLIC\Ghidra\Features\DecompilerDependent\ghidra_scripts
    C:\Users\kimgiordano27\Downloads\ghidra_12.1.2_PUBLIC_20260605\ghidra_12.1.2_PUBLIC\Ghidra\Processors\Atmel\ghidra_scripts
    C:\Users\kimgiordano27\Downloads\ghidra_12.1.2_PUBLIC_20260605\ghidra_12.1.2_PUBLIC\Ghidra\Processors\PIC\ghidra_scripts
    C:\Users\kimgiordano27\Downloads\ghidra_12.1.2_PUBLIC_20260605\ghidra_12.1.2_PUBLIC\Ghidra\Features\VersionTracking\ghidra_scripts
    C:\Users\kimgiordano27\Downloads\ghidra_12.1.2_PUBLIC_20260605\ghidra_12.1.2_PUBLIC\Ghidra\Features\BytePatterns\ghidra_scripts
    C:\Users\kimgiordano27\ghidra_scripts
    C:\Users\kimgiordano27\Downloads\ghidra_12.1.2_PUBLIC_20260605\ghidra_12.1.2_PUBLIC\Ghidra\Features\BSim\ghidra_scripts
    C:\realDesktop\manifest-evaluations\summer-26\ghidra-pipeline\ghidra-export-scripts
    C:\Users\kimgiordano27\Downloads\ghidra_12.1.2_PUBLIC_20260605\ghidra_12.1.2_PUBLIC\Ghidra\Processors\JVM\ghidra_scripts
    C:\Users\kimgiordano27\Downloads\ghidra_12.1.2_PUBLIC_20260605\ghidra_12.1.2_PUBLIC\Ghidra\Features\Base\ghidra_scripts
    C:\Users\kimgiordano27\Downloads\ghidra_12.1.2_PUBLIC_20260605\ghidra_12.1.2_PUBLIC\Ghidra\Features\SwiftDemangler\ghidra_scripts
    C:\Users\kimgiordano27\Downloads\ghidra_12.1.2_PUBLIC_20260605\ghidra_12.1.2_PUBLIC\Ghidra\Features\WildcardAssembler\ghidra_scripts
    C:\Users\kimgiordano27\Downloads\ghidra_12.1.2_PUBLIC_20260605\ghidra_12.1.2_PUBLIC\Ghidra\Features\FileFormats\ghidra_scripts
    C:\Users\kimgiordano27\Downloads\ghidra_12.1.2_PUBLIC_20260605\ghidra_12.1.2_PUBLIC\Ghidra\Features\Decompiler\ghidra_scripts
    C:\Users\kimgiordano27\Downloads\ghidra_12.1.2_PUBLIC_20260605\ghidra_12.1.2_PUBLIC\Ghidra\Features\SystemEmulation\ghidra_scripts
    C:\Users\kimgiordano27\Downloads\ghidra_12.1.2_PUBLIC_20260605\ghidra_12.1.2_PUBLIC\Ghidra\Processors\8051\ghidra_scripts
    C:\Users\kimgiordano27\Downloads\ghidra_12.1.2_PUBLIC_20260605\ghidra_12.1.2_PUBLIC\Ghidra\Features\GnuDemangler\ghidra_scripts
    C:\Users\kimgiordano27\Downloads\ghidra_12.1.2_PUBLIC_20260605\ghidra_12.1.2_PUBLIC\Ghidra\Debug\Debugger\ghidra_scripts
    C:\Users\kimgiordano27\Downloads\ghidra_12.1.2_PUBLIC_20260605\ghidra_12.1.2_PUBLIC\Ghidra\Processors\DATA\ghidra_scripts
    C:\Users\kimgiordano27\Downloads\ghidra_12.1.2_PUBLIC_20260605\ghidra_12.1.2_PUBLIC\Ghidra\Debug\Debugger-rmi-trace\ghidra_scripts
    C:\Users\kimgiordano27\Downloads\ghidra_12.1.2_PUBLIC_20260605\ghidra_12.1.2_PUBLIC\Ghidra\Features\FunctionID\ghidra_scripts
    C:\Users\kimgiordano27\Downloads\ghidra_12.1.2_PUBLIC_20260605\ghidra_12.1.2_PUBLIC\Ghidra\Features\MicrosoftCodeAnalyzer\ghidra_scripts
    C:\Users\kimgiordano27\Downloads\ghidra_12.1.2_PUBLIC_20260605\ghidra_12.1.2_PUBLIC\Ghidra\Features\PDB\ghidra_scripts
    C:\Users\kimgiordano27\AppData\Roaming\ghidra\ghidra_12.1.2_PUBLIC\Extensions\Jython\ghidra_scripts
    C:\Users\kimgiordano27\Downloads\ghidra_12.1.2_PUBLIC_20260605\ghidra_12.1.2_PUBLIC\Ghidra\Features\PyGhidra\ghidra_scripts  
2026-07-25 20:32:30 INFO  (HeadlessAnalyzer) HEADLESS: execution starts  
2026-07-25 20:32:30 INFO  (HeadlessAnalyzer) Opening existing project: C:\realDesktop\manifest-evaluations\summer-26\ghidra-pipeline\il2cpp-files\vrealmfunverse\ghidra-project-vrealmfunverse\vrealmfunverse  
2026-07-25 20:32:30 INFO  (HeadlessProject) Opening project: C:\realDesktop\manifest-evaluations\summer-26\ghidra-pipeline\il2cpp-files\vrealmfunverse\ghidra-project-vrealmfunverse\vrealmfunverse  
2026-07-25 20:32:30 INFO  (LocalFileSystem) /vrealmfunverse-libil2cpp.so: checkout (2) granted (kimgiordano27)  
2026-07-25 20:32:35 INFO  (HeadlessAnalyzer) REPORT: Processing project file: /vrealmfunverse-libil2cpp.so  
2026-07-25 20:32:35 INFO  (HeadlessAnalyzer) REPORT: Execute script: GeneralStructureEyePatternScan.java 'C:\realDesktop\manifest-evaluations\summer-26\ghidra-pipeline\il2cpp-files\vrealmfunverse\general-structure-results' '70' 'false'   
2026-07-25 20:32:35 INFO  (HeadlessAnalyzer) SCRIPT: C:\realDesktop\manifest-evaluations\summer-26\ghidra-pipeline\ghidra-export-scripts\GeneralStructureEyePatternScan.java  
2026-07-25 20:32:35 INFO  (GhidraScript) GeneralStructureEyePatternScan.java> General structure scan starting...  
2026-07-25 20:32:35 INFO  (GhidraScript) GeneralStructureEyePatternScan.java> Output: C:\realDesktop\manifest-evaluations\summer-26\ghidra-pipeline\il2cpp-files\vrealmfunverse\general-structure-results  
2026-07-25 20:32:35 INFO  (GhidraScript) GeneralStructureEyePatternScan.java> Minimum review score: 70  
2026-07-25 20:32:35 INFO  (GhidraScript) GeneralStructureEyePatternScan.java> Export all: false  
2026-07-25 20:32:46 INFO  (GhidraScript) GeneralStructureEyePatternScan.java> Scanned 10000 functions. Exported so far: 0  
2026-07-25 20:32:56 INFO  (GhidraScript) GeneralStructureEyePatternScan.java> Scanned 20000 functions. Exported so far: 0  
2026-07-25 20:33:13 INFO  (GhidraScript) GeneralStructureEyePatternScan.java> Scanned 30000 functions. Exported so far: 0  
2026-07-25 20:33:29 INFO  (GhidraScript) GeneralStructureEyePatternScan.java> Scanned 40000 functions. Exported so far: 0  
2026-07-25 20:33:41 INFO  (GhidraScript) GeneralStructureEyePatternScan.java> Scanned 50000 functions. Exported so far: 0  
2026-07-25 20:34:07 INFO  (GhidraScript) GeneralStructureEyePatternScan.java> Scanned 60000 functions. Exported so far: 0  
2026-07-25 20:34:26 INFO  (GhidraScript) GeneralStructureEyePatternScan.java> Scanned 70000 functions. Exported so far: 0  
2026-07-25 20:34:42 INFO  (GhidraScript) GeneralStructureEyePatternScan.java> Scanned 80000 functions. Exported so far: 0  
2026-07-25 20:34:59 INFO  (GhidraScript) GeneralStructureEyePatternScan.java> Scanned 90000 functions. Exported so far: 0  
2026-07-25 20:35:19 INFO  (GhidraScript) GeneralStructureEyePatternScan.java> Scanned 100000 functions. Exported so far: 0  
2026-07-25 20:35:38 INFO  (GhidraScript) GeneralStructureEyePatternScan.java> Scanned 110000 functions. Exported so far: 0  
2026-07-25 20:35:57 INFO  (GhidraScript) GeneralStructureEyePatternScan.java> Scanned 120000 functions. Exported so far: 3  
2026-07-25 20:36:23 INFO  (GhidraScript) GeneralStructureEyePatternScan.java> Scanned 130000 functions. Exported so far: 3  
2026-07-25 20:38:06 INFO  (GhidraScript) GeneralStructureEyePatternScan.java> Scanned 140000 functions. Exported so far: 10  
2026-07-25 20:40:19 INFO  (GhidraScript) GeneralStructureEyePatternScan.java> Scanned 150000 functions. Exported so far: 21  
2026-07-25 20:42:26 INFO  (GhidraScript) GeneralStructureEyePatternScan.java> Scanned 160000 functions. Exported so far: 51  
2026-07-25 20:43:07 INFO  (GhidraScript) GeneralStructureEyePatternScan.java> Scanned 170000 functions. Exported so far: 65  
2026-07-25 20:44:10 INFO  (GhidraScript) GeneralStructureEyePatternScan.java> Scanned 180000 functions. Exported so far: 74  
2026-07-25 20:45:59 INFO  (GhidraScript) GeneralStructureEyePatternScan.java> Scanned 190000 functions. Exported so far: 100  
2026-07-25 20:48:22 INFO  (GhidraScript) GeneralStructureEyePatternScan.java> Scanned 200000 functions. Exported so far: 158  
2026-07-25 20:49:18 INFO  (GhidraScript) GeneralStructureEyePatternScan.java> Scanned 210000 functions. Exported so far: 162  
2026-07-25 20:50:25 INFO  (GhidraScript) GeneralStructureEyePatternScan.java> Scanned 220000 functions. Exported so far: 197  
2026-07-25 20:51:05 INFO  (GhidraScript) GeneralStructureEyePatternScan.java> Scanned 230000 functions. Exported so far: 197  
2026-07-25 20:51:49 INFO  (GhidraScript) GeneralStructureEyePatternScan.java> Scanned 240000 functions. Exported so far: 204  
2026-07-25 20:52:36 INFO  (GhidraScript) GeneralStructureEyePatternScan.java> Scanned 250000 functions. Exported so far: 204  
2026-07-25 20:53:36 INFO  (GhidraScript) GeneralStructureEyePatternScan.java> Scanned 260000 functions. Exported so far: 204  
2026-07-25 20:54:37 INFO  (GhidraScript) GeneralStructureEyePatternScan.java> Scanned 270000 functions. Exported so far: 206  
2026-07-25 20:55:51 INFO  (GhidraScript) GeneralStructureEyePatternScan.java> Scanned 280000 functions. Exported so far: 210  
2026-07-25 20:57:03 INFO  (GhidraScript) GeneralStructureEyePatternScan.java> Scanned 290000 functions. Exported so far: 395  
2026-07-25 20:57:40 INFO  (GhidraScript) GeneralStructureEyePatternScan.java> Scanned 300000 functions. Exported so far: 395  
2026-07-25 20:59:06 INFO  (GhidraScript) GeneralStructureEyePatternScan.java> Scanned 310000 functions. Exported so far: 404  
2026-07-25 21:00:03 INFO  (GhidraScript) GeneralStructureEyePatternScan.java> Scanned 320000 functions. Exported so far: 433  
2026-07-25 21:01:10 INFO  (GhidraScript) GeneralStructureEyePatternScan.java> Scanned 330000 functions. Exported so far: 443  
2026-07-25 21:02:07 INFO  (GhidraScript) GeneralStructureEyePatternScan.java> Scanned 340000 functions. Exported so far: 504  
2026-07-25 21:03:15 INFO  (GhidraScript) GeneralStructureEyePatternScan.java> Scanned 350000 functions. Exported so far: 531  
2026-07-25 21:04:13 INFO  (GhidraScript) GeneralStructureEyePatternScan.java> Scanned 360000 functions. Exported so far: 547  
2026-07-25 21:05:59 INFO  (GhidraScript) GeneralStructureEyePatternScan.java> Scanned 370000 functions. Exported so far: 550  
2026-07-25 21:07:23 INFO  (GhidraScript) GeneralStructureEyePatternScan.java> Scanned 380000 functions. Exported so far: 552  
2026-07-25 21:10:19 INFO  (GhidraScript) GeneralStructureEyePatternScan.java> Scanned 390000 functions. Exported so far: 575  
2026-07-25 21:11:38 INFO  (GhidraScript) GeneralStructureEyePatternScan.java> Scanned 400000 functions. Exported so far: 575  
2026-07-25 21:13:05 INFO  (GhidraScript) GeneralStructureEyePatternScan.java> Scanned 410000 functions. Exported so far: 575  
2026-07-25 21:14:29 INFO  (GhidraScript) GeneralStructureEyePatternScan.java> Scanned 420000 functions. Exported so far: 579  
2026-07-25 21:16:04 INFO  (GhidraScript) GeneralStructureEyePatternScan.java> Scanned 430000 functions. Exported so far: 668  
2026-07-25 21:16:48 INFO  (GhidraScript) GeneralStructureEyePatternScan.java> Scanned 440000 functions. Exported so far: 692  
2026-07-25 21:17:19 INFO  (GhidraScript) GeneralStructureEyePatternScan.java> Scanned 450000 functions. Exported so far: 692  
2026-07-25 21:18:02 INFO  (GhidraScript) GeneralStructureEyePatternScan.java> Scanned 460000 functions. Exported so far: 692  
2026-07-25 21:20:16 INFO  (GhidraScript) GeneralStructureEyePatternScan.java> Scanned 470000 functions. Exported so far: 692  
2026-07-25 21:21:24 INFO  (GhidraScript) GeneralStructureEyePatternScan.java> Scanned 480000 functions. Exported so far: 1096  
2026-07-25 21:24:42 INFO  (GhidraScript) GeneralStructureEyePatternScan.java> Scanned 490000 functions. Exported so far: 1281  
2026-07-25 21:26:55 INFO  (GhidraScript) GeneralStructureEyePatternScan.java> Scanned 500000 functions. Exported so far: 1281  
2026-07-25 21:49:07 INFO  (GhidraScript) GeneralStructureEyePatternScan.java> Scanned 510000 functions. Exported so far: 1446  
2026-07-25 21:51:10 INFO  (GhidraScript) GeneralStructureEyePatternScan.java> Scanned 520000 functions. Exported so far: 1447  
2026-07-25 21:53:12 INFO  (GhidraScript) GeneralStructureEyePatternScan.java> Scanned 530000 functions. Exported so far: 1593  
2026-07-25 21:55:16 INFO  (GhidraScript) GeneralStructureEyePatternScan.java> Scanned 540000 functions. Exported so far: 2256  
2026-07-25 21:58:17 INFO  (GhidraScript) GeneralStructureEyePatternScan.java> Scanned 550000 functions. Exported so far: 2349  
2026-07-25 22:02:31 INFO  (GhidraScript) GeneralStructureEyePatternScan.java> Scanned 560000 functions. Exported so far: 2362  
2026-07-25 22:06:58 INFO  (GhidraScript) GeneralStructureEyePatternScan.java> Scanned 570000 functions. Exported so far: 2385  
2026-07-25 22:11:14 INFO  (GhidraScript) GeneralStructureEyePatternScan.java> Scanned 580000 functions. Exported so far: 2608  
2026-07-25 22:14:28 INFO  (GhidraScript) GeneralStructureEyePatternScan.java> Scanned 590000 functions. Exported so far: 2644  
2026-07-25 22:31:38 INFO  (GhidraScript) GeneralStructureEyePatternScan.java> Scanned 600000 functions. Exported so far: 2832  
2026-07-25 22:34:52 INFO  (GhidraScript) GeneralStructureEyePatternScan.java> Scanned 610000 functions. Exported so far: 2939  
2026-07-25 22:38:16 INFO  (GhidraScript) GeneralStructureEyePatternScan.java> Scanned 620000 functions. Exported so far: 2976  
2026-07-25 22:43:41 INFO  (GhidraScript) GeneralStructureEyePatternScan.java> Scanned 630000 functions. Exported so far: 3216  
2026-07-25 23:25:06 INFO  (GhidraScript) GeneralStructureEyePatternScan.java> Scanned 640000 functions. Exported so far: 3269  
2026-07-25 23:26:48 INFO  (GhidraScript) GeneralStructureEyePatternScan.java> Scanned 650000 functions. Exported so far: 3312  
2026-07-25 23:39:53 INFO  (GhidraScript) GeneralStructureEyePatternScan.java> Scanned 660000 functions. Exported so far: 3643  
2026-07-25 23:40:42 INFO  (GhidraScript) GeneralStructureEyePatternScan.java> Scanned 670000 functions. Exported so far: 3695  
2026-07-25 23:45:08 INFO  (GhidraScript) GeneralStructureEyePatternScan.java> Scanned 680000 functions. Exported so far: 3743  
2026-07-25 23:47:54 INFO  (GhidraScript) GeneralStructureEyePatternScan.java> Scanned 690000 functions. Exported so far: 3921  
2026-07-25 23:50:14 WARN  (DecompileCallback) Decompiling 068f6000, pcode error at 068f6000: Unable to disassemble EXTERNAL block location: 068f6000  
2026-07-25 23:50:14 WARN  (DecompileCallback) Decompiling 068f6008, pcode error at 068f6008: Unable to disassemble EXTERNAL block location: 068f6008  
2026-07-25 23:50:14 WARN  (DecompileCallback) Decompiling 068f6010, pcode error at 068f6010: Unable to disassemble EXTERNAL block location: 068f6010  
2026-07-25 23:50:14 WARN  (DecompileCallback) Decompiling 068f6018, pcode error at 068f6018: Unable to disassemble EXTERNAL block location: 068f6018  
2026-07-25 23:50:14 WARN  (DecompileCallback) Decompiling 068f6020, pcode error at 068f6020: Unable to disassemble EXTERNAL block location: 068f6020  
2026-07-25 23:50:14 WARN  (DecompileCallback) Decompiling 068f6028, pcode error at 068f6028: Unable to disassemble EXTERNAL block location: 068f6028  
2026-07-25 23:50:14 WARN  (DecompileCallback) Decompiling 068f6030, pcode error at 068f6030: Unable to disassemble EXTERNAL block location: 068f6030  
2026-07-25 23:50:14 WARN  (DecompileCallback) Decompiling 068f6038, pcode error at 068f6038: Unable to disassemble EXTERNAL block location: 068f6038  
2026-07-25 23:50:14 WARN  (DecompileCallback) Decompiling 068f6040, pcode error at 068f6040: Unable to disassemble EXTERNAL block location: 068f6040  
2026-07-25 23:50:14 WARN  (DecompileCallback) Decompiling 068f6048, pcode error at 068f6048: Unable to disassemble EXTERNAL block location: 068f6048  
2026-07-25 23:50:14 WARN  (DecompileCallback) Decompiling 068f6050, pcode error at 068f6050: Unable to disassemble EXTERNAL block location: 068f6050  
2026-07-25 23:50:14 WARN  (DecompileCallback) Decompiling 068f6058, pcode error at 068f6058: Unable to disassemble EXTERNAL block location: 068f6058  
2026-07-25 23:50:14 WARN  (DecompileCallback) Decompiling 068f6060, pcode error at 068f6060: Unable to disassemble EXTERNAL block location: 068f6060  
2026-07-25 23:50:14 WARN  (DecompileCallback) Decompiling 068f6068, pcode error at 068f6068: Unable to disassemble EXTERNAL block location: 068f6068  
2026-07-25 23:50:14 WARN  (DecompileCallback) Decompiling 068f6070, pcode error at 068f6070: Unable to disassemble EXTERNAL block location: 068f6070  
2026-07-25 23:50:14 WARN  (DecompileCallback) Decompiling 068f6078, pcode error at 068f6078: Unable to disassemble EXTERNAL block location: 068f6078  
2026-07-25 23:50:14 WARN  (DecompileCallback) Decompiling 068f6080, pcode error at 068f6080: Unable to disassemble EXTERNAL block location: 068f6080  
2026-07-25 23:50:14 WARN  (DecompileCallback) Decompiling 068f6088, pcode error at 068f6088: Unable to disassemble EXTERNAL block location: 068f6088  
2026-07-25 23:50:14 WARN  (DecompileCallback) Decompiling 068f6090, pcode error at 068f6090: Unable to disassemble EXTERNAL block location: 068f6090  
2026-07-25 23:50:14 WARN  (DecompileCallback) Decompiling 068f6098, pcode error at 068f6098: Unable to disassemble EXTERNAL block location: 068f6098  
2026-07-25 23:50:14 WARN  (DecompileCallback) Decompiling 068f60a0, pcode error at 068f60a0: Unable to disassemble EXTERNAL block location: 068f60a0  
2026-07-25 23:50:14 WARN  (DecompileCallback) Decompiling 068f60a8, pcode error at 068f60a8: Unable to disassemble EXTERNAL block location: 068f60a8  
2026-07-25 23:50:14 WARN  (DecompileCallback) Decompiling 068f60b0, pcode error at 068f60b0: Unable to disassemble EXTERNAL block location: 068f60b0  
2026-07-25 23:50:14 WARN  (DecompileCallback) Decompiling 068f60b8, pcode error at 068f60b8: Unable to disassemble EXTERNAL block location: 068f60b8  
2026-07-25 23:50:14 WARN  (DecompileCallback) Decompiling 068f60c0, pcode error at 068f60c0: Unable to disassemble EXTERNAL block location: 068f60c0  
2026-07-25 23:50:14 WARN  (DecompileCallback) Decompiling 068f60c8, pcode error at 068f60c8: Unable to disassemble EXTERNAL block location: 068f60c8  
2026-07-25 23:50:14 WARN  (DecompileCallback) Decompiling 068f60d0, pcode error at 068f60d0: Unable to disassemble EXTERNAL block location: 068f60d0  
2026-07-25 23:50:14 WARN  (DecompileCallback) Decompiling 068f60d8, pcode error at 068f60d8: Unable to disassemble EXTERNAL block location: 068f60d8  
2026-07-25 23:50:14 WARN  (DecompileCallback) Decompiling 068f60e0, pcode error at 068f60e0: Unable to disassemble EXTERNAL block location: 068f60e0  
2026-07-25 23:50:14 WARN  (DecompileCallback) Decompiling 068f60e8, pcode error at 068f60e8: Unable to disassemble EXTERNAL block location: 068f60e8  
2026-07-25 23:50:14 WARN  (DecompileCallback) Decompiling 068f60f0, pcode error at 068f60f0: Unable to disassemble EXTERNAL block location: 068f60f0  
2026-07-25 23:50:14 WARN  (DecompileCallback) Decompiling 068f60f8, pcode error at 068f60f8: Unable to disassemble EXTERNAL block location: 068f60f8  
2026-07-25 23:50:14 WARN  (DecompileCallback) Decompiling 068f6100, pcode error at 068f6100: Unable to disassemble EXTERNAL block location: 068f6100  
2026-07-25 23:50:14 WARN  (DecompileCallback) Decompiling 068f6108, pcode error at 068f6108: Unable to disassemble EXTERNAL block location: 068f6108  
2026-07-25 23:50:14 WARN  (DecompileCallback) Decompiling 068f6110, pcode error at 068f6110: Unable to disassemble EXTERNAL block location: 068f6110  
2026-07-25 23:50:14 WARN  (DecompileCallback) Decompiling 068f6118, pcode error at 068f6118: Unable to disassemble EXTERNAL block location: 068f6118  
2026-07-25 23:50:14 WARN  (DecompileCallback) Decompiling 068f6120, pcode error at 068f6120: Unable to disassemble EXTERNAL block location: 068f6120  
2026-07-25 23:50:14 WARN  (DecompileCallback) Decompiling 068f6128, pcode error at 068f6128: Unable to disassemble EXTERNAL block location: 068f6128  
2026-07-25 23:50:14 WARN  (DecompileCallback) Decompiling 068f6130, pcode error at 068f6130: Unable to disassemble EXTERNAL block location: 068f6130  
2026-07-25 23:50:14 WARN  (DecompileCallback) Decompiling 068f6140, pcode error at 068f6140: Unable to disassemble EXTERNAL block location: 068f6140  
2026-07-25 23:50:14 WARN  (DecompileCallback) Decompiling 068f6148, pcode error at 068f6148: Unable to disassemble EXTERNAL block location: 068f6148  
2026-07-25 23:50:14 WARN  (DecompileCallback) Decompiling 068f6150, pcode error at 068f6150: Unable to disassemble EXTERNAL block location: 068f6150  
2026-07-25 23:50:14 WARN  (DecompileCallback) Decompiling 068f6158, pcode error at 068f6158: Unable to disassemble EXTERNAL block location: 068f6158  
2026-07-25 23:50:14 WARN  (DecompileCallback) Decompiling 068f6160, pcode error at 068f6160: Unable to disassemble EXTERNAL block location: 068f6160  
2026-07-25 23:50:14 WARN  (DecompileCallback) Decompiling 068f6168, pcode error at 068f6168: Unable to disassemble EXTERNAL block location: 068f6168  
2026-07-25 23:50:14 WARN  (DecompileCallback) Decompiling 068f6170, pcode error at 068f6170: Unable to disassemble EXTERNAL block location: 068f6170  
2026-07-25 23:50:14 WARN  (DecompileCallback) Decompiling 068f6178, pcode error at 068f6178: Unable to disassemble EXTERNAL block location: 068f6178  
2026-07-25 23:50:14 WARN  (DecompileCallback) Decompiling 068f6180, pcode error at 068f6180: Unable to disassemble EXTERNAL block location: 068f6180  
2026-07-25 23:50:14 WARN  (DecompileCallback) Decompiling 068f6188, pcode error at 068f6188: Unable to disassemble EXTERNAL block location: 068f6188  
2026-07-25 23:50:14 WARN  (DecompileCallback) Decompiling 068f6190, pcode error at 068f6190: Unable to disassemble EXTERNAL block location: 068f6190  
2026-07-25 23:50:14 WARN  (DecompileCallback) Decompiling 068f6198, pcode error at 068f6198: Unable to disassemble EXTERNAL block location: 068f6198  
2026-07-25 23:50:14 WARN  (DecompileCallback) Decompiling 068f61a0, pcode error at 068f61a0: Unable to disassemble EXTERNAL block location: 068f61a0  
2026-07-25 23:50:14 WARN  (DecompileCallback) Decompiling 068f61a8, pcode error at 068f61a8: Unable to disassemble EXTERNAL block location: 068f61a8  
2026-07-25 23:50:14 WARN  (DecompileCallback) Decompiling 068f61b0, pcode error at 068f61b0: Unable to disassemble EXTERNAL block location: 068f61b0  
2026-07-25 23:50:14 WARN  (DecompileCallback) Decompiling 068f61b8, pcode error at 068f61b8: Unable to disassemble EXTERNAL block location: 068f61b8  
2026-07-25 23:50:14 WARN  (DecompileCallback) Decompiling 068f61c0, pcode error at 068f61c0: Unable to disassemble EXTERNAL block location: 068f61c0  
2026-07-25 23:50:14 WARN  (DecompileCallback) Decompiling 068f61c8, pcode error at 068f61c8: Unable to disassemble EXTERNAL block location: 068f61c8  
2026-07-25 23:50:14 WARN  (DecompileCallback) Decompiling 068f61d0, pcode error at 068f61d0: Unable to disassemble EXTERNAL block location: 068f61d0  
2026-07-25 23:50:14 WARN  (DecompileCallback) Decompiling 068f61d8, pcode error at 068f61d8: Unable to disassemble EXTERNAL block location: 068f61d8  
2026-07-25 23:50:14 WARN  (DecompileCallback) Decompiling 068f61e0, pcode error at 068f61e0: Unable to disassemble EXTERNAL block location: 068f61e0  
2026-07-25 23:50:14 WARN  (DecompileCallback) Decompiling 068f61e8, pcode error at 068f61e8: Unable to disassemble EXTERNAL block location: 068f61e8  
2026-07-25 23:50:14 WARN  (DecompileCallback) Decompiling 068f61f0, pcode error at 068f61f0: Unable to disassemble EXTERNAL block location: 068f61f0  
2026-07-25 23:50:14 WARN  (DecompileCallback) Decompiling 068f61f8, pcode error at 068f61f8: Unable to disassemble EXTERNAL block location: 068f61f8  
2026-07-25 23:50:14 WARN  (DecompileCallback) Decompiling 068f6200, pcode error at 068f6200: Unable to disassemble EXTERNAL block location: 068f6200  
2026-07-25 23:50:14 WARN  (DecompileCallback) Decompiling 068f6208, pcode error at 068f6208: Unable to disassemble EXTERNAL block location: 068f6208  
2026-07-25 23:50:14 WARN  (DecompileCallback) Decompiling 068f6210, pcode error at 068f6210: Unable to disassemble EXTERNAL block location: 068f6210  
2026-07-25 23:50:14 WARN  (DecompileCallback) Decompiling 068f6218, pcode error at 068f6218: Unable to disassemble EXTERNAL block location: 068f6218  
2026-07-25 23:50:14 WARN  (DecompileCallback) Decompiling 068f6220, pcode error at 068f6220: Unable to disassemble EXTERNAL block location: 068f6220  
2026-07-25 23:50:14 WARN  (DecompileCallback) Decompiling 068f6228, pcode error at 068f6228: Unable to disassemble EXTERNAL block location: 068f6228  
2026-07-25 23:50:14 WARN  (DecompileCallback) Decompiling 068f6230, pcode error at 068f6230: Unable to disassemble EXTERNAL block location: 068f6230  
2026-07-25 23:50:14 WARN  (DecompileCallback) Decompiling 068f6238, pcode error at 068f6238: Unable to disassemble EXTERNAL block location: 068f6238  
2026-07-25 23:50:14 WARN  (DecompileCallback) Decompiling 068f6240, pcode error at 068f6240: Unable to disassemble EXTERNAL block location: 068f6240  
2026-07-25 23:50:14 WARN  (DecompileCallback) Decompiling 068f6248, pcode error at 068f6248: Unable to disassemble EXTERNAL block location: 068f6248  
2026-07-25 23:50:14 WARN  (DecompileCallback) Decompiling 068f6250, pcode error at 068f6250: Unable to disassemble EXTERNAL block location: 068f6250  
2026-07-25 23:50:14 WARN  (DecompileCallback) Decompiling 068f6258, pcode error at 068f6258: Unable to disassemble EXTERNAL block location: 068f6258  
2026-07-25 23:50:14 WARN  (DecompileCallback) Decompiling 068f6260, pcode error at 068f6260: Unable to disassemble EXTERNAL block location: 068f6260  
2026-07-25 23:50:14 WARN  (DecompileCallback) Decompiling 068f6268, pcode error at 068f6268: Unable to disassemble EXTERNAL block location: 068f6268  
2026-07-25 23:50:14 WARN  (DecompileCallback) Decompiling 068f6270, pcode error at 068f6270: Unable to disassemble EXTERNAL block location: 068f6270  
2026-07-25 23:50:14 WARN  (DecompileCallback) Decompiling 068f6278, pcode error at 068f6278: Unable to disassemble EXTERNAL block location: 068f6278  
2026-07-25 23:50:14 WARN  (DecompileCallback) Decompiling 068f6280, pcode error at 068f6280: Unable to disassemble EXTERNAL block location: 068f6280  
2026-07-25 23:50:14 WARN  (DecompileCallback) Decompiling 068f6288, pcode error at 068f6288: Unable to disassemble EXTERNAL block location: 068f6288  
2026-07-25 23:50:14 WARN  (DecompileCallback) Decompiling 068f6290, pcode error at 068f6290: Unable to disassemble EXTERNAL block location: 068f6290  
2026-07-25 23:50:14 WARN  (DecompileCallback) Decompiling 068f6298, pcode error at 068f6298: Unable to disassemble EXTERNAL block location: 068f6298  
2026-07-25 23:50:14 WARN  (DecompileCallback) Decompiling 068f62a0, pcode error at 068f62a0: Unable to disassemble EXTERNAL block location: 068f62a0  
2026-07-25 23:50:14 WARN  (DecompileCallback) Decompiling 068f62a8, pcode error at 068f62a8: Unable to disassemble EXTERNAL block location: 068f62a8  
2026-07-25 23:50:14 WARN  (DecompileCallback) Decompiling 068f62b0, pcode error at 068f62b0: Unable to disassemble EXTERNAL block location: 068f62b0  
2026-07-25 23:50:14 WARN  (DecompileCallback) Decompiling 068f62b8, pcode error at 068f62b8: Unable to disassemble EXTERNAL block location: 068f62b8  
2026-07-25 23:50:14 WARN  (DecompileCallback) Decompiling 068f62c0, pcode error at 068f62c0: Unable to disassemble EXTERNAL block location: 068f62c0  
2026-07-25 23:50:14 WARN  (DecompileCallback) Decompiling 068f62c8, pcode error at 068f62c8: Unable to disassemble EXTERNAL block location: 068f62c8  
2026-07-25 23:50:14 WARN  (DecompileCallback) Decompiling 068f62d0, pcode error at 068f62d0: Unable to disassemble EXTERNAL block location: 068f62d0  
2026-07-25 23:50:14 WARN  (DecompileCallback) Decompiling 068f62d8, pcode error at 068f62d8: Unable to disassemble EXTERNAL block location: 068f62d8  
2026-07-25 23:50:14 WARN  (DecompileCallback) Decompiling 068f62e0, pcode error at 068f62e0: Unable to disassemble EXTERNAL block location: 068f62e0  
2026-07-25 23:50:14 WARN  (DecompileCallback) Decompiling 068f62e8, pcode error at 068f62e8: Unable to disassemble EXTERNAL block location: 068f62e8  
2026-07-25 23:50:14 WARN  (DecompileCallback) Decompiling 068f62f0, pcode error at 068f62f0: Unable to disassemble EXTERNAL block location: 068f62f0  
2026-07-25 23:50:14 WARN  (DecompileCallback) Decompiling 068f62f8, pcode error at 068f62f8: Unable to disassemble EXTERNAL block location: 068f62f8  
2026-07-25 23:50:14 WARN  (DecompileCallback) Decompiling 068f6300, pcode error at 068f6300: Unable to disassemble EXTERNAL block location: 068f6300  
2026-07-25 23:50:14 WARN  (DecompileCallback) Decompiling 068f6308, pcode error at 068f6308: Unable to disassemble EXTERNAL block location: 068f6308  
2026-07-25 23:50:14 WARN  (DecompileCallback) Decompiling 068f6310, pcode error at 068f6310: Unable to disassemble EXTERNAL block location: 068f6310  
2026-07-25 23:50:14 WARN  (DecompileCallback) Decompiling 068f6318, pcode error at 068f6318: Unable to disassemble EXTERNAL block location: 068f6318  
2026-07-25 23:50:14 WARN  (DecompileCallback) Decompiling 068f6320, pcode error at 068f6320: Unable to disassemble EXTERNAL block location: 068f6320  
2026-07-25 23:50:14 WARN  (DecompileCallback) Decompiling 068f6328, pcode error at 068f6328: Unable to disassemble EXTERNAL block location: 068f6328  
2026-07-25 23:50:14 WARN  (DecompileCallback) Decompiling 068f6330, pcode error at 068f6330: Unable to disassemble EXTERNAL block location: 068f6330  
2026-07-25 23:50:14 WARN  (DecompileCallback) Decompiling 068f6338, pcode error at 068f6338: Unable to disassemble EXTERNAL block location: 068f6338  
2026-07-25 23:50:14 WARN  (DecompileCallback) Decompiling 068f6340, pcode error at 068f6340: Unable to disassemble EXTERNAL block location: 068f6340  
2026-07-25 23:50:14 WARN  (DecompileCallback) Decompiling 068f6348, pcode error at 068f6348: Unable to disassemble EXTERNAL block location: 068f6348  
2026-07-25 23:50:14 WARN  (DecompileCallback) Decompiling 068f6350, pcode error at 068f6350: Unable to disassemble EXTERNAL block location: 068f6350  
2026-07-25 23:50:14 WARN  (DecompileCallback) Decompiling 068f6358, pcode error at 068f6358: Unable to disassemble EXTERNAL block location: 068f6358  
2026-07-25 23:50:14 WARN  (DecompileCallback) Decompiling 068f6360, pcode error at 068f6360: Unable to disassemble EXTERNAL block location: 068f6360  
2026-07-25 23:50:14 WARN  (DecompileCallback) Decompiling 068f6368, pcode error at 068f6368: Unable to disassemble EXTERNAL block location: 068f6368  
2026-07-25 23:50:14 WARN  (DecompileCallback) Decompiling 068f6370, pcode error at 068f6370: Unable to disassemble EXTERNAL block location: 068f6370  
2026-07-25 23:50:14 WARN  (DecompileCallback) Decompiling 068f6378, pcode error at 068f6378: Unable to disassemble EXTERNAL block location: 068f6378  
2026-07-25 23:50:14 WARN  (DecompileCallback) Decompiling 068f6380, pcode error at 068f6380: Unable to disassemble EXTERNAL block location: 068f6380  
2026-07-25 23:50:14 WARN  (DecompileCallback) Decompiling 068f6388, pcode error at 068f6388: Unable to disassemble EXTERNAL block location: 068f6388  
2026-07-25 23:50:14 WARN  (DecompileCallback) Decompiling 068f6390, pcode error at 068f6390: Unable to disassemble EXTERNAL block location: 068f6390  
2026-07-25 23:50:14 WARN  (DecompileCallback) Decompiling 068f6398, pcode error at 068f6398: Unable to disassemble EXTERNAL block location: 068f6398  
2026-07-25 23:50:14 WARN  (DecompileCallback) Decompiling 068f63a0, pcode error at 068f63a0: Unable to disassemble EXTERNAL block location: 068f63a0  
2026-07-25 23:50:14 WARN  (DecompileCallback) Decompiling 068f63a8, pcode error at 068f63a8: Unable to disassemble EXTERNAL block location: 068f63a8  
2026-07-25 23:50:14 WARN  (DecompileCallback) Decompiling 068f63b0, pcode error at 068f63b0: Unable to disassemble EXTERNAL block location: 068f63b0  
2026-07-25 23:50:14 WARN  (DecompileCallback) Decompiling 068f63b8, pcode error at 068f63b8: Unable to disassemble EXTERNAL block location: 068f63b8  
2026-07-25 23:50:14 WARN  (DecompileCallback) Decompiling 068f63c0, pcode error at 068f63c0: Unable to disassemble EXTERNAL block location: 068f63c0  
2026-07-25 23:50:14 WARN  (DecompileCallback) Decompiling 068f63c8, pcode error at 068f63c8: Unable to disassemble EXTERNAL block location: 068f63c8  
2026-07-25 23:50:14 WARN  (DecompileCallback) Decompiling 068f63d0, pcode error at 068f63d0: Unable to disassemble EXTERNAL block location: 068f63d0  
2026-07-25 23:50:14 WARN  (DecompileCallback) Decompiling 068f63d8, pcode error at 068f63d8: Unable to disassemble EXTERNAL block location: 068f63d8  
2026-07-25 23:50:14 WARN  (DecompileCallback) Decompiling 068f63e0, pcode error at 068f63e0: Unable to disassemble EXTERNAL block location: 068f63e0  
2026-07-25 23:50:14 WARN  (DecompileCallback) Decompiling 068f63e8, pcode error at 068f63e8: Unable to disassemble EXTERNAL block location: 068f63e8  
2026-07-25 23:50:14 WARN  (DecompileCallback) Decompiling 068f63f0, pcode error at 068f63f0: Unable to disassemble EXTERNAL block location: 068f63f0  
2026-07-25 23:50:14 WARN  (DecompileCallback) Decompiling 068f63f8, pcode error at 068f63f8: Unable to disassemble EXTERNAL block location: 068f63f8  
2026-07-25 23:50:14 WARN  (DecompileCallback) Decompiling 068f6400, pcode error at 068f6400: Unable to disassemble EXTERNAL block location: 068f6400  
2026-07-25 23:50:14 WARN  (DecompileCallback) Decompiling 068f6408, pcode error at 068f6408: Unable to disassemble EXTERNAL block location: 068f6408  
2026-07-25 23:50:14 WARN  (DecompileCallback) Decompiling 068f6410, pcode error at 068f6410: Unable to disassemble EXTERNAL block location: 068f6410  
2026-07-25 23:50:14 WARN  (DecompileCallback) Decompiling 068f6418, pcode error at 068f6418: Unable to disassemble EXTERNAL block location: 068f6418  
2026-07-25 23:50:14 WARN  (DecompileCallback) Decompiling 068f6420, pcode error at 068f6420: Unable to disassemble EXTERNAL block location: 068f6420  
2026-07-25 23:50:14 WARN  (DecompileCallback) Decompiling 068f6428, pcode error at 068f6428: Unable to disassemble EXTERNAL block location: 068f6428  
2026-07-25 23:50:14 WARN  (DecompileCallback) Decompiling 068f6430, pcode error at 068f6430: Unable to disassemble EXTERNAL block location: 068f6430  
2026-07-25 23:50:14 WARN  (DecompileCallback) Decompiling 068f6438, pcode error at 068f6438: Unable to disassemble EXTERNAL block location: 068f6438  
2026-07-25 23:50:14 WARN  (DecompileCallback) Decompiling 068f6440, pcode error at 068f6440: Unable to disassemble EXTERNAL block location: 068f6440  
2026-07-25 23:50:14 WARN  (DecompileCallback) Decompiling 068f6448, pcode error at 068f6448: Unable to disassemble EXTERNAL block location: 068f6448  
2026-07-25 23:50:14 WARN  (DecompileCallback) Decompiling 068f6450, pcode error at 068f6450: Unable to disassemble EXTERNAL block location: 068f6450  
2026-07-25 23:50:14 WARN  (DecompileCallback) Decompiling 068f6458, pcode error at 068f6458: Unable to disassemble EXTERNAL block location: 068f6458  
2026-07-25 23:50:14 WARN  (DecompileCallback) Decompiling 068f6460, pcode error at 068f6460: Unable to disassemble EXTERNAL block location: 068f6460  
2026-07-25 23:50:14 WARN  (DecompileCallback) Decompiling 068f6468, pcode error at 068f6468: Unable to disassemble EXTERNAL block location: 068f6468  
2026-07-25 23:50:14 WARN  (DecompileCallback) Decompiling 068f6470, pcode error at 068f6470: Unable to disassemble EXTERNAL block location: 068f6470  
2026-07-25 23:50:14 WARN  (DecompileCallback) Decompiling 068f6478, pcode error at 068f6478: Unable to disassemble EXTERNAL block location: 068f6478  
2026-07-25 23:50:14 WARN  (DecompileCallback) Decompiling 068f6480, pcode error at 068f6480: Unable to disassemble EXTERNAL block location: 068f6480  
2026-07-25 23:50:14 WARN  (DecompileCallback) Decompiling 068f6488, pcode error at 068f6488: Unable to disassemble EXTERNAL block location: 068f6488  
2026-07-25 23:50:14 WARN  (DecompileCallback) Decompiling 068f6490, pcode error at 068f6490: Unable to disassemble EXTERNAL block location: 068f6490  
2026-07-25 23:50:14 WARN  (DecompileCallback) Decompiling 068f6498, pcode error at 068f6498: Unable to disassemble EXTERNAL block location: 068f6498  
2026-07-25 23:50:14 WARN  (DecompileCallback) Decompiling 068f64a0, pcode error at 068f64a0: Unable to disassemble EXTERNAL block location: 068f64a0  
2026-07-25 23:50:14 WARN  (DecompileCallback) Decompiling 068f64a8, pcode error at 068f64a8: Unable to disassemble EXTERNAL block location: 068f64a8  
2026-07-25 23:50:14 WARN  (DecompileCallback) Decompiling 068f64b0, pcode error at 068f64b0: Unable to disassemble EXTERNAL block location: 068f64b0  
2026-07-25 23:50:14 WARN  (DecompileCallback) Decompiling 068f64b8, pcode error at 068f64b8: Unable to disassemble EXTERNAL block location: 068f64b8  
2026-07-25 23:50:14 WARN  (DecompileCallback) Decompiling 068f64c0, pcode error at 068f64c0: Unable to disassemble EXTERNAL block location: 068f64c0  
2026-07-25 23:50:14 WARN  (DecompileCallback) Decompiling 068f64c8, pcode error at 068f64c8: Unable to disassemble EXTERNAL block location: 068f64c8  
2026-07-25 23:50:14 WARN  (DecompileCallback) Decompiling 068f64d0, pcode error at 068f64d0: Unable to disassemble EXTERNAL block location: 068f64d0  
2026-07-25 23:50:14 WARN  (DecompileCallback) Decompiling 068f64d8, pcode error at 068f64d8: Unable to disassemble EXTERNAL block location: 068f64d8  
2026-07-25 23:50:14 WARN  (DecompileCallback) Decompiling 068f64e0, pcode error at 068f64e0: Unable to disassemble EXTERNAL block location: 068f64e0  
2026-07-25 23:50:14 WARN  (DecompileCallback) Decompiling 068f64e8, pcode error at 068f64e8: Unable to disassemble EXTERNAL block location: 068f64e8  
2026-07-25 23:50:14 WARN  (DecompileCallback) Decompiling 068f64f0, pcode error at 068f64f0: Unable to disassemble EXTERNAL block location: 068f64f0  
2026-07-25 23:50:14 WARN  (DecompileCallback) Decompiling 068f64f8, pcode error at 068f64f8: Unable to disassemble EXTERNAL block location: 068f64f8  
2026-07-25 23:50:14 WARN  (DecompileCallback) Decompiling 068f6500, pcode error at 068f6500: Unable to disassemble EXTERNAL block location: 068f6500  
2026-07-25 23:50:14 WARN  (DecompileCallback) Decompiling 068f6508, pcode error at 068f6508: Unable to disassemble EXTERNAL block location: 068f6508  
2026-07-25 23:50:14 WARN  (DecompileCallback) Decompiling 068f6510, pcode error at 068f6510: Unable to disassemble EXTERNAL block location: 068f6510  
2026-07-25 23:50:14 WARN  (DecompileCallback) Decompiling 068f6518, pcode error at 068f6518: Unable to disassemble EXTERNAL block location: 068f6518  
2026-07-25 23:50:14 WARN  (DecompileCallback) Decompiling 068f6520, pcode error at 068f6520: Unable to disassemble EXTERNAL block location: 068f6520  
2026-07-25 23:50:14 WARN  (DecompileCallback) Decompiling 068f6528, pcode error at 068f6528: Unable to disassemble EXTERNAL block location: 068f6528  
2026-07-25 23:50:14 WARN  (DecompileCallback) Decompiling 068f6530, pcode error at 068f6530: Unable to disassemble EXTERNAL block location: 068f6530  
2026-07-25 23:50:14 WARN  (DecompileCallback) Decompiling 068f6538, pcode error at 068f6538: Unable to disassemble EXTERNAL block location: 068f6538  
2026-07-25 23:50:14 WARN  (DecompileCallback) Decompiling 068f6548, pcode error at 068f6548: Unable to disassemble EXTERNAL block location: 068f6548  
2026-07-25 23:50:14 WARN  (DecompileCallback) Decompiling 068f6550, pcode error at 068f6550: Unable to disassemble EXTERNAL block location: 068f6550  
2026-07-25 23:50:14 WARN  (DecompileCallback) Decompiling 068f6558, pcode error at 068f6558: Unable to disassemble EXTERNAL block location: 068f6558  
2026-07-25 23:50:14 WARN  (DecompileCallback) Decompiling 068f6560, pcode error at 068f6560: Unable to disassemble EXTERNAL block location: 068f6560  
2026-07-25 23:50:14 WARN  (DecompileCallback) Decompiling 068f6568, pcode error at 068f6568: Unable to disassemble EXTERNAL block location: 068f6568  
2026-07-25 23:50:14 WARN  (DecompileCallback) Decompiling 068f6570, pcode error at 068f6570: Unable to disassemble EXTERNAL block location: 068f6570  
2026-07-25 23:50:15 WARN  (DecompileCallback) Decompiling 068f6578, pcode error at 068f6578: Unable to disassemble EXTERNAL block location: 068f6578  
2026-07-25 23:50:15 WARN  (DecompileCallback) Decompiling 068f6580, pcode error at 068f6580: Unable to disassemble EXTERNAL block location: 068f6580  
2026-07-25 23:50:15 WARN  (DecompileCallback) Decompiling 068f6588, pcode error at 068f6588: Unable to disassemble EXTERNAL block location: 068f6588  
2026-07-25 23:50:15 WARN  (DecompileCallback) Decompiling 068f6590, pcode error at 068f6590: Unable to disassemble EXTERNAL block location: 068f6590  
2026-07-25 23:50:15 WARN  (DecompileCallback) Decompiling 068f6598, pcode error at 068f6598: Unable to disassemble EXTERNAL block location: 068f6598  
2026-07-25 23:50:15 WARN  (DecompileCallback) Decompiling 068f65a0, pcode error at 068f65a0: Unable to disassemble EXTERNAL block location: 068f65a0  
2026-07-25 23:50:15 WARN  (DecompileCallback) Decompiling 068f65a8, pcode error at 068f65a8: Unable to disassemble EXTERNAL block location: 068f65a8  
2026-07-25 23:50:15 WARN  (DecompileCallback) Decompiling 068f65b0, pcode error at 068f65b0: Unable to disassemble EXTERNAL block location: 068f65b0  
2026-07-25 23:50:15 WARN  (DecompileCallback) Decompiling 068f65b8, pcode error at 068f65b8: Unable to disassemble EXTERNAL block location: 068f65b8  
2026-07-25 23:50:15 WARN  (DecompileCallback) Decompiling 068f65c0, pcode error at 068f65c0: Unable to disassemble EXTERNAL block location: 068f65c0  
2026-07-25 23:50:15 WARN  (DecompileCallback) Decompiling 068f65c8, pcode error at 068f65c8: Unable to disassemble EXTERNAL block location: 068f65c8  
2026-07-25 23:50:15 WARN  (DecompileCallback) Decompiling 068f65d0, pcode error at 068f65d0: Unable to disassemble EXTERNAL block location: 068f65d0  
2026-07-25 23:50:15 WARN  (DecompileCallback) Decompiling 068f65d8, pcode error at 068f65d8: Unable to disassemble EXTERNAL block location: 068f65d8  
2026-07-25 23:50:15 WARN  (DecompileCallback) Decompiling 068f65e0, pcode error at 068f65e0: Unable to disassemble EXTERNAL block location: 068f65e0  
2026-07-25 23:50:15 WARN  (DecompileCallback) Decompiling 068f65e8, pcode error at 068f65e8: Unable to disassemble EXTERNAL block location: 068f65e8  
2026-07-25 23:50:15 WARN  (DecompileCallback) Decompiling 068f65f0, pcode error at 068f65f0: Unable to disassemble EXTERNAL block location: 068f65f0  
2026-07-25 23:50:15 WARN  (DecompileCallback) Decompiling 068f65f8, pcode error at 068f65f8: Unable to disassemble EXTERNAL block location: 068f65f8  
2026-07-25 23:50:15 WARN  (DecompileCallback) Decompiling 068f6600, pcode error at 068f6600: Unable to disassemble EXTERNAL block location: 068f6600  
2026-07-25 23:50:15 WARN  (DecompileCallback) Decompiling 068f6608, pcode error at 068f6608: Unable to disassemble EXTERNAL block location: 068f6608  
2026-07-25 23:50:15 WARN  (DecompileCallback) Decompiling 068f6610, pcode error at 068f6610: Unable to disassemble EXTERNAL block location: 068f6610  
2026-07-25 23:50:15 WARN  (DecompileCallback) Decompiling 068f6618, pcode error at 068f6618: Unable to disassemble EXTERNAL block location: 068f6618  
2026-07-25 23:50:15 WARN  (DecompileCallback) Decompiling 068f6620, pcode error at 068f6620: Unable to disassemble EXTERNAL block location: 068f6620  
2026-07-25 23:50:15 WARN  (DecompileCallback) Decompiling 068f6628, pcode error at 068f6628: Unable to disassemble EXTERNAL block location: 068f6628  
2026-07-25 23:50:15 WARN  (DecompileCallback) Decompiling 068f6630, pcode error at 068f6630: Unable to disassemble EXTERNAL block location: 068f6630  
2026-07-25 23:50:15 WARN  (DecompileCallback) Decompiling 068f6638, pcode error at 068f6638: Unable to disassemble EXTERNAL block location: 068f6638  
2026-07-25 23:50:15 WARN  (DecompileCallback) Decompiling 068f6640, pcode error at 068f6640: Unable to disassemble EXTERNAL block location: 068f6640  
2026-07-25 23:50:15 WARN  (DecompileCallback) Decompiling 068f6648, pcode error at 068f6648: Unable to disassemble EXTERNAL block location: 068f6648  
2026-07-25 23:50:15 WARN  (DecompileCallback) Decompiling 068f6650, pcode error at 068f6650: Unable to disassemble EXTERNAL block location: 068f6650  
2026-07-25 23:50:15 WARN  (DecompileCallback) Decompiling 068f6658, pcode error at 068f6658: Unable to disassemble EXTERNAL block location: 068f6658  
2026-07-25 23:50:15 WARN  (DecompileCallback) Decompiling 068f6660, pcode error at 068f6660: Unable to disassemble EXTERNAL block location: 068f6660  
2026-07-25 23:50:15 WARN  (DecompileCallback) Decompiling 068f6668, pcode error at 068f6668: Unable to disassemble EXTERNAL block location: 068f6668  
2026-07-25 23:50:15 WARN  (DecompileCallback) Decompiling 068f6670, pcode error at 068f6670: Unable to disassemble EXTERNAL block location: 068f6670  
2026-07-25 23:50:15 WARN  (DecompileCallback) Decompiling 068f6678, pcode error at 068f6678: Unable to disassemble EXTERNAL block location: 068f6678  
2026-07-25 23:50:15 WARN  (DecompileCallback) Decompiling 068f6680, pcode error at 068f6680: Unable to disassemble EXTERNAL block location: 068f6680  
2026-07-25 23:50:15 WARN  (DecompileCallback) Decompiling 068f6688, pcode error at 068f6688: Unable to disassemble EXTERNAL block location: 068f6688  
2026-07-25 23:50:15 WARN  (DecompileCallback) Decompiling 068f6690, pcode error at 068f6690: Unable to disassemble EXTERNAL block location: 068f6690  
2026-07-25 23:50:15 WARN  (DecompileCallback) Decompiling 068f6698, pcode error at 068f6698: Unable to disassemble EXTERNAL block location: 068f6698  
2026-07-25 23:50:15 WARN  (DecompileCallback) Decompiling 068f66a0, pcode error at 068f66a0: Unable to disassemble EXTERNAL block location: 068f66a0  
2026-07-25 23:50:15 WARN  (DecompileCallback) Decompiling 068f66a8, pcode error at 068f66a8: Unable to disassemble EXTERNAL block location: 068f66a8  
2026-07-25 23:50:15 WARN  (DecompileCallback) Decompiling 068f66b0, pcode error at 068f66b0: Unable to disassemble EXTERNAL block location: 068f66b0  
2026-07-25 23:50:15 WARN  (DecompileCallback) Decompiling 068f66b8, pcode error at 068f66b8: Unable to disassemble EXTERNAL block location: 068f66b8  
2026-07-25 23:50:15 WARN  (DecompileCallback) Decompiling 068f66c0, pcode error at 068f66c0: Unable to disassemble EXTERNAL block location: 068f66c0  
2026-07-25 23:50:15 WARN  (DecompileCallback) Decompiling 068f66c8, pcode error at 068f66c8: Unable to disassemble EXTERNAL block location: 068f66c8  
2026-07-25 23:50:15 WARN  (DecompileCallback) Decompiling 068f66d0, pcode error at 068f66d0: Unable to disassemble EXTERNAL block location: 068f66d0  
2026-07-25 23:50:15 WARN  (DecompileCallback) Decompiling 068f66d8, pcode error at 068f66d8: Unable to disassemble EXTERNAL block location: 068f66d8  
2026-07-25 23:50:15 WARN  (DecompileCallback) Decompiling 068f66e0, pcode error at 068f66e0: Unable to disassemble EXTERNAL block location: 068f66e0  
2026-07-25 23:50:15 WARN  (DecompileCallback) Decompiling 068f66e8, pcode error at 068f66e8: Unable to disassemble EXTERNAL block location: 068f66e8  
2026-07-25 23:50:15 WARN  (DecompileCallback) Decompiling 068f66f0, pcode error at 068f66f0: Unable to disassemble EXTERNAL block location: 068f66f0  
2026-07-25 23:50:15 WARN  (DecompileCallback) Decompiling 068f66f8, pcode error at 068f66f8: Unable to disassemble EXTERNAL block location: 068f66f8  
2026-07-25 23:50:15 WARN  (DecompileCallback) Decompiling 068f6700, pcode error at 068f6700: Unable to disassemble EXTERNAL block location: 068f6700  
2026-07-25 23:50:15 WARN  (DecompileCallback) Decompiling 068f6708, pcode error at 068f6708: Unable to disassemble EXTERNAL block location: 068f6708  
2026-07-25 23:50:15 WARN  (DecompileCallback) Decompiling 068f6710, pcode error at 068f6710: Unable to disassemble EXTERNAL block location: 068f6710  
2026-07-25 23:50:15 WARN  (DecompileCallback) Decompiling 068f6718, pcode error at 068f6718: Unable to disassemble EXTERNAL block location: 068f6718  
2026-07-25 23:50:15 WARN  (DecompileCallback) Decompiling 068f6720, pcode error at 068f6720: Unable to disassemble EXTERNAL block location: 068f6720  
2026-07-25 23:50:15 WARN  (DecompileCallback) Decompiling 068f6728, pcode error at 068f6728: Unable to disassemble EXTERNAL block location: 068f6728  
2026-07-25 23:50:15 WARN  (DecompileCallback) Decompiling 068f6730, pcode error at 068f6730: Unable to disassemble EXTERNAL block location: 068f6730  
2026-07-25 23:50:15 WARN  (DecompileCallback) Decompiling 068f6738, pcode error at 068f6738: Unable to disassemble EXTERNAL block location: 068f6738  
2026-07-25 23:50:15 WARN  (DecompileCallback) Decompiling 068f6740, pcode error at 068f6740: Unable to disassemble EXTERNAL block location: 068f6740  
2026-07-25 23:50:15 WARN  (DecompileCallback) Decompiling 068f6748, pcode error at 068f6748: Unable to disassemble EXTERNAL block location: 068f6748  
2026-07-25 23:50:15 WARN  (DecompileCallback) Decompiling 068f6750, pcode error at 068f6750: Unable to disassemble EXTERNAL block location: 068f6750  
2026-07-25 23:50:15 WARN  (DecompileCallback) Decompiling 068f6758, pcode error at 068f6758: Unable to disassemble EXTERNAL block location: 068f6758  
2026-07-25 23:50:15 WARN  (DecompileCallback) Decompiling 068f6760, pcode error at 068f6760: Unable to disassemble EXTERNAL block location: 068f6760  
2026-07-25 23:50:15 WARN  (DecompileCallback) Decompiling 068f6768, pcode error at 068f6768: Unable to disassemble EXTERNAL block location: 068f6768  
2026-07-25 23:50:15 WARN  (DecompileCallback) Decompiling 068f6770, pcode error at 068f6770: Unable to disassemble EXTERNAL block location: 068f6770  
2026-07-25 23:50:15 WARN  (DecompileCallback) Decompiling 068f6778, pcode error at 068f6778: Unable to disassemble EXTERNAL block location: 068f6778  
2026-07-25 23:50:15 WARN  (DecompileCallback) Decompiling 068f6780, pcode error at 068f6780: Unable to disassemble EXTERNAL block location: 068f6780  
2026-07-25 23:50:15 WARN  (DecompileCallback) Decompiling 068f6788, pcode error at 068f6788: Unable to disassemble EXTERNAL block location: 068f6788  
2026-07-25 23:50:15 WARN  (DecompileCallback) Decompiling 068f6790, pcode error at 068f6790: Unable to disassemble EXTERNAL block location: 068f6790  
2026-07-25 23:50:15 WARN  (DecompileCallback) Decompiling 068f6798, pcode error at 068f6798: Unable to disassemble EXTERNAL block location: 068f6798  
2026-07-25 23:50:15 WARN  (DecompileCallback) Decompiling 068f67a0, pcode error at 068f67a0: Unable to disassemble EXTERNAL block location: 068f67a0  
2026-07-25 23:50:15 WARN  (DecompileCallback) Decompiling 068f67a8, pcode error at 068f67a8: Unable to disassemble EXTERNAL block location: 068f67a8  
2026-07-25 23:50:15 WARN  (DecompileCallback) Decompiling 068f67b0, pcode error at 068f67b0: Unable to disassemble EXTERNAL block location: 068f67b0  
2026-07-25 23:50:15 WARN  (DecompileCallback) Decompiling 068f67b8, pcode error at 068f67b8: Unable to disassemble EXTERNAL block location: 068f67b8  
2026-07-25 23:50:15 WARN  (DecompileCallback) Decompiling 068f67c0, pcode error at 068f67c0: Unable to disassemble EXTERNAL block location: 068f67c0  
2026-07-25 23:50:15 WARN  (DecompileCallback) Decompiling 068f67c8, pcode error at 068f67c8: Unable to disassemble EXTERNAL block location: 068f67c8  
2026-07-25 23:50:15 WARN  (DecompileCallback) Decompiling 068f67d0, pcode error at 068f67d0: Unable to disassemble EXTERNAL block location: 068f67d0  
2026-07-25 23:50:15 WARN  (DecompileCallback) Decompiling 068f67d8, pcode error at 068f67d8: Unable to disassemble EXTERNAL block location: 068f67d8  
2026-07-25 23:50:15 WARN  (DecompileCallback) Decompiling 068f67e0, pcode error at 068f67e0: Unable to disassemble EXTERNAL block location: 068f67e0  
2026-07-25 23:50:15 WARN  (DecompileCallback) Decompiling 068f67e8, pcode error at 068f67e8: Unable to disassemble EXTERNAL block location: 068f67e8  
2026-07-25 23:50:15 WARN  (DecompileCallback) Decompiling 068f67f0, pcode error at 068f67f0: Unable to disassemble EXTERNAL block location: 068f67f0  
2026-07-25 23:50:15 WARN  (DecompileCallback) Decompiling 068f67f8, pcode error at 068f67f8: Unable to disassemble EXTERNAL block location: 068f67f8  
2026-07-25 23:50:15 WARN  (DecompileCallback) Decompiling 068f6800, pcode error at 068f6800: Unable to disassemble EXTERNAL block location: 068f6800  
2026-07-25 23:50:15 WARN  (DecompileCallback) Decompiling 068f6808, pcode error at 068f6808: Unable to disassemble EXTERNAL block location: 068f6808  
2026-07-25 23:50:15 WARN  (DecompileCallback) Decompiling 068f6810, pcode error at 068f6810: Unable to disassemble EXTERNAL block location: 068f6810  
2026-07-25 23:50:15 WARN  (DecompileCallback) Decompiling 068f6818, pcode error at 068f6818: Unable to disassemble EXTERNAL block location: 068f6818  
2026-07-25 23:50:15 WARN  (DecompileCallback) Decompiling 068f6820, pcode error at 068f6820: Unable to disassemble EXTERNAL block location: 068f6820  
2026-07-25 23:50:15 WARN  (DecompileCallback) Decompiling 068f6828, pcode error at 068f6828: Unable to disassemble EXTERNAL block location: 068f6828  
2026-07-25 23:50:15 WARN  (DecompileCallback) Decompiling 068f6830, pcode error at 068f6830: Unable to disassemble EXTERNAL block location: 068f6830  
2026-07-25 23:50:15 WARN  (DecompileCallback) Decompiling 068f6838, pcode error at 068f6838: Unable to disassemble EXTERNAL block location: 068f6838  
2026-07-25 23:50:15 WARN  (DecompileCallback) Decompiling 068f6840, pcode error at 068f6840: Unable to disassemble EXTERNAL block location: 068f6840  
2026-07-25 23:50:15 WARN  (DecompileCallback) Decompiling 068f6848, pcode error at 068f6848: Unable to disassemble EXTERNAL block location: 068f6848  
2026-07-25 23:50:15 WARN  (DecompileCallback) Decompiling 068f6850, pcode error at 068f6850: Unable to disassemble EXTERNAL block location: 068f6850  
2026-07-25 23:50:15 WARN  (DecompileCallback) Decompiling 068f6858, pcode error at 068f6858: Unable to disassemble EXTERNAL block location: 068f6858  
2026-07-25 23:50:15 WARN  (DecompileCallback) Decompiling 068f6860, pcode error at 068f6860: Unable to disassemble EXTERNAL block location: 068f6860  
2026-07-25 23:50:15 WARN  (DecompileCallback) Decompiling 068f6868, pcode error at 068f6868: Unable to disassemble EXTERNAL block location: 068f6868  
2026-07-25 23:50:15 WARN  (DecompileCallback) Decompiling 068f6870, pcode error at 068f6870: Unable to disassemble EXTERNAL block location: 068f6870  
2026-07-25 23:50:15 WARN  (DecompileCallback) Decompiling 068f6878, pcode error at 068f6878: Unable to disassemble EXTERNAL block location: 068f6878  
2026-07-25 23:50:15 WARN  (DecompileCallback) Decompiling 068f6880, pcode error at 068f6880: Unable to disassemble EXTERNAL block location: 068f6880  
2026-07-25 23:50:15 WARN  (DecompileCallback) Decompiling 068f6888, pcode error at 068f6888: Unable to disassemble EXTERNAL block location: 068f6888  
2026-07-25 23:50:15 WARN  (DecompileCallback) Decompiling 068f6890, pcode error at 068f6890: Unable to disassemble EXTERNAL block location: 068f6890  
2026-07-25 23:50:15 WARN  (DecompileCallback) Decompiling 068f68a0, pcode error at 068f68a0: Unable to disassemble EXTERNAL block location: 068f68a0  
2026-07-25 23:50:15 WARN  (DecompileCallback) Decompiling 068f68a8, pcode error at 068f68a8: Unable to disassemble EXTERNAL block location: 068f68a8  
2026-07-25 23:50:15 WARN  (DecompileCallback) Decompiling 068f68b0, pcode error at 068f68b0: Unable to disassemble EXTERNAL block location: 068f68b0  
2026-07-25 23:50:15 WARN  (DecompileCallback) Decompiling 068f68b8, pcode error at 068f68b8: Unable to disassemble EXTERNAL block location: 068f68b8  
2026-07-25 23:50:15 WARN  (DecompileCallback) Decompiling 068f68c0, pcode error at 068f68c0: Unable to disassemble EXTERNAL block location: 068f68c0  
2026-07-25 23:50:15 WARN  (DecompileCallback) Decompiling 068f68c8, pcode error at 068f68c8: Unable to disassemble EXTERNAL block location: 068f68c8  
2026-07-25 23:50:15 WARN  (DecompileCallback) Decompiling 068f68d0, pcode error at 068f68d0: Unable to disassemble EXTERNAL block location: 068f68d0  
2026-07-25 23:50:15 WARN  (DecompileCallback) Decompiling 068f68d8, pcode error at 068f68d8: Unable to disassemble EXTERNAL block location: 068f68d8  
2026-07-25 23:50:15 INFO  (GhidraScript) GeneralStructureEyePatternScan.java> General structure scan complete.  
2026-07-25 23:50:15 INFO  (GhidraScript) GeneralStructureEyePatternScan.java> Total functions scanned: 698172  
2026-07-25 23:50:15 INFO  (GhidraScript) GeneralStructureEyePatternScan.java> Exported functions: 3974  
2026-07-25 23:50:15 INFO  (GhidraScript) GeneralStructureEyePatternScan.java> Decompile failures: 885  
2026-07-25 23:50:15 INFO  (GhidraScript) GeneralStructureEyePatternScan.java> Report CSV: C:\realDesktop\manifest-evaluations\summer-26\ghidra-pipeline\il2cpp-files\vrealmfunverse\general-structure-results\structure_scan_report.csv  
2026-07-25 23:50:15 INFO  (GhidraScript) GeneralStructureEyePatternScan.java> Report JSON: C:\realDesktop\manifest-evaluations\summer-26\ghidra-pipeline\il2cpp-files\vrealmfunverse\general-structure-results\structure_scan_report.json  
2026-07-25 23:50:15 INFO  (HeadlessAnalyzer) REPORT: Save succeeded for processed file: /vrealmfunverse-libil2cpp.so  
