WARNING: A terminally deprecated method in sun.misc.Unsafe has been called
WARNING: sun.misc.Unsafe::staticFieldOffset has been called by org.apache.felix.framework.util.SecureAction (file:/C:/Users/kimgiordano27/Downloads/ghidra_12.1.2_PUBLIC_20260605/ghidra_12.1.2_PUBLIC/Ghidra/Features/Base/lib/org.apache.felix.framework-7.0.5.jar)
WARNING: Please consider reporting this to the maintainers of class org.apache.felix.framework.util.SecureAction
WARNING: sun.misc.Unsafe::staticFieldOffset will be removed in a future release

Exception: java.lang.OutOfMemoryError thrown from the UncaughtExceptionHandler in thread "GhidraSwinglessTimer"

Exception: java.lang.OutOfMemoryError thrown from the UncaughtExceptionHandler in thread "GTimer"
java.util.concurrent.ExecutionException: java.lang.OutOfMemoryError: Java heap space
	at java.base/java.util.concurrent.FutureTask.report(FutureTask.java:124)
	at java.base/java.util.concurrent.FutureTask.get(FutureTask.java:193)
	at generic.concurrent.QResult.<init>(QResult.java:40)
	at generic.concurrent.FutureTaskMonitor.run(FutureTaskMonitor.java:77)
	at java.base/java.util.concurrent.ThreadPoolExecutor.runWorker(ThreadPoolExecutor.java:1090)
	at java.base/java.util.concurrent.ThreadPoolExecutor$Worker.run(ThreadPoolExecutor.java:614)
	at java.base/java.lang.Thread.run(Thread.java:1474)
Caused by: java.lang.OutOfMemoryError: Java heap space
java.util.concurrent.ExecutionException: ghidra.framework.model.DomainObjectException caused by: java.io.IOException: Locked buffer: 190344
	at java.base/java.util.concurrent.FutureTask.report(FutureTask.java:124)
	at java.base/java.util.concurrent.FutureTask.get(FutureTask.java:193)
	at generic.concurrent.QResult.<init>(QResult.java:40)
	at generic.concurrent.FutureTaskMonitor.run(FutureTaskMonitor.java:77)
	at java.base/java.util.concurrent.ThreadPoolExecutor.runWorker(ThreadPoolExecutor.java:1090)
	at java.base/java.util.concurrent.ThreadPoolExecutor$Worker.run(ThreadPoolExecutor.java:614)
	at java.base/java.lang.Thread.run(Thread.java:1474)
Caused by: ghidra.framework.model.DomainObjectException caused by: java.io.IOException: Locked buffer: 190344
	at ghidra.framework.data.DomainObjectAdapter.fatalErrorOccurred(DomainObjectAdapter.java:499)
	at ghidra.framework.data.DomainObjectAdapterDB.dbError(DomainObjectAdapterDB.java:211)
	at ghidra.program.database.code.CodeManager.getInstructionAt(CodeManager.java:1333)
	at ghidra.program.database.code.CodeManager.getInstructionAt(CodeManager.java:1315)
	at ghidra.program.database.ListingDB.getInstructionAt(ListingDB.java:106)
	at ghidra.program.util.SymbolicPropogator.getInstructionAt(SymbolicPropogator.java:769)
	at ghidra.program.util.SymbolicPropogator.flowConstants(SymbolicPropogator.java:594)
	at ghidra.program.util.SymbolicPropogator.flowConstants(SymbolicPropogator.java:479)
	at ghidra.program.util.SymbolicPropogator.flowConstants(SymbolicPropogator.java:215)
	at ghidra.app.cmd.function.NewFunctionStackAnalysisCmd.createStackPointerVariables(NewFunctionStackAnalysisCmd.java:362)
	at ghidra.app.cmd.function.NewFunctionStackAnalysisCmd.analyzeFunction(NewFunctionStackAnalysisCmd.java:211)
	at ghidra.app.cmd.function.NewFunctionStackAnalysisCmd.applyTo(NewFunctionStackAnalysisCmd.java:132)
	at ghidra.app.cmd.function.NewFunctionStackAnalysisCmd.applyTo(NewFunctionStackAnalysisCmd.java:41)
	at ghidra.app.plugin.core.function.StackVariableAnalyzer.analyzeLocation(StackVariableAnalyzer.java:82)
	at ghidra.app.services.AbstractAnalyzer$1.process(AbstractAnalyzer.java:181)
	at ghidra.app.services.AbstractAnalyzer$1.process(AbstractAnalyzer.java:170)
	at generic.concurrent.ConcurrentQ$CallbackCallable.call(ConcurrentQ.java:706)
	at java.base/java.util.concurrent.FutureTask.run(FutureTask.java:328)
	at generic.concurrent.FutureTaskMonitor.run(FutureTaskMonitor.java:75)
	... 3 more
Caused by: java.io.IOException: Locked buffer: 190344
	at db.buffers.BufferMgr.getBufferNode(BufferMgr.java:830)
	at db.buffers.BufferMgr.getBuffer(BufferMgr.java:968)
	at db.NodeMgr.getLongKeyNode(NodeMgr.java:257)
	at db.LongKeyInteriorNode.getLeafNode(LongKeyInteriorNode.java:414)
	at db.Table.getRecord(Table.java:701)
	at ghidra.program.database.code.InstDBAdapterV1.getRecord(InstDBAdapterV1.java:95)
	at ghidra.program.database.code.CodeManager.getInstructionDB(CodeManager.java:3081)
	at ghidra.program.database.code.CodeManager.getInstructionAt(CodeManager.java:1326)
	... 19 more
