2026-07-09 16:03:55 INFO  (LoggingInitialization) Using log config file: jar:file:/C:/Users/kimgiordano27/Downloads/ghidra_12.1.2_PUBLIC_20260605/ghidra_12.1.2_PUBLIC/Ghidra/Framework/Generic/lib/Generic.jar!/generic.log4j.xml  
2026-07-09 16:03:55 INFO  (LoggingInitialization) Using log file: C:\realDesktop\manifest-evaluations\summer-26\ghidra-pipeline\il2cpp-files\AimAssaultDemo\general-structure-ghidra.log  
2026-07-09 16:03:55 DEBUG (GhidraObjectInputFilter) Including serial input filter: FileSystem/data/client.rmi.serial.filter  
2026-07-09 16:03:55 INFO  (Preferences) Loading user preferences: C:\Users\kimgiordano27\AppData\Roaming\ghidra\ghidra_12.1.2_PUBLIC\preferences  
2026-07-09 16:03:55 INFO  (ClassSearcher) Searching for classes...  
2026-07-09 16:03:56 INFO  (ClassSearcher) Class search complete (527 ms)  
2026-07-09 16:03:56 INFO  (DefaultSSLContextInitializer) Initializing SSL Context  
2026-07-09 16:03:56 INFO  (SecureRandomFactory) Initializing Random Number Generator...  
2026-07-09 16:03:56 INFO  (SecureRandomFactory) Random Number Generator initialization complete: SHA1PRNG  
2026-07-09 16:03:56 INFO  (DefaultTrustManagerFactory) Trust manager disabled, cacerts have not been set  
2026-07-09 16:03:56 INFO  (AnalyzeHeadless) Headless startup complete (1509 ms)  
2026-07-09 16:03:56 INFO  (ClassSearcher) Class searcher loaded 59 extension points (20 false positives)  
2026-07-09 16:03:56 INFO  (HeadlessAnalyzer) HEADLESS Script Paths:
    C:\Users\kimgiordano27\Downloads\ghidra_12.1.2_PUBLIC_20260605\ghidra_12.1.2_PUBLIC\Ghidra\Features\DecompilerDependent\ghidra_scripts
    C:\Users\kimgiordano27\Downloads\ghidra_12.1.2_PUBLIC_20260605\ghidra_12.1.2_PUBLIC\Ghidra\Processors\Atmel\ghidra_scripts
    C:\Users\kimgiordano27\Downloads\ghidra_12.1.2_PUBLIC_20260605\ghidra_12.1.2_PUBLIC\Ghidra\Processors\PIC\ghidra_scripts
    C:\Users\kimgiordano27\Downloads\ghidra_12.1.2_PUBLIC_20260605\ghidra_12.1.2_PUBLIC\Ghidra\Features\VersionTracking\ghidra_scripts
    C:\Users\kimgiordano27\Downloads\ghidra_12.1.2_PUBLIC_20260605\ghidra_12.1.2_PUBLIC\Ghidra\Features\BytePatterns\ghidra_scripts
    C:\Users\kimgiordano27\ghidra_scripts
    C:\Users\kimgiordano27\Downloads\ghidra_12.1.2_PUBLIC_20260605\ghidra_12.1.2_PUBLIC\Ghidra\Features\BSim\ghidra_scripts
    C:\realDesktop\manifest-evaluations\summer-26\ghidra-pipeline\ghidra-export-scripts
    C:\Users\kimgiordano27\Downloads\ghidra_12.1.2_PUBLIC_20260605\ghidra_12.1.2_PUBLIC\Ghidra\Processors\JVM\ghidra_scripts
    C:\Users\kimgiordano27\Downloads\ghidra_12.1.2_PUBLIC_20260605\ghidra_12.1.2_PUBLIC\Ghidra\Features\Base\ghidra_scripts
    C:\Users\kimgiordano27\Downloads\ghidra_12.1.2_PUBLIC_20260605\ghidra_12.1.2_PUBLIC\Ghidra\Features\SwiftDemangler\ghidra_scripts
    C:\Users\kimgiordano27\Downloads\ghidra_12.1.2_PUBLIC_20260605\ghidra_12.1.2_PUBLIC\Ghidra\Features\WildcardAssembler\ghidra_scripts
    C:\Users\kimgiordano27\Downloads\ghidra_12.1.2_PUBLIC_20260605\ghidra_12.1.2_PUBLIC\Ghidra\Features\FileFormats\ghidra_scripts
    C:\Users\kimgiordano27\Downloads\ghidra_12.1.2_PUBLIC_20260605\ghidra_12.1.2_PUBLIC\Ghidra\Features\Decompiler\ghidra_scripts
    C:\Users\kimgiordano27\Downloads\ghidra_12.1.2_PUBLIC_20260605\ghidra_12.1.2_PUBLIC\Ghidra\Features\SystemEmulation\ghidra_scripts
    C:\Users\kimgiordano27\Downloads\ghidra_12.1.2_PUBLIC_20260605\ghidra_12.1.2_PUBLIC\Ghidra\Processors\8051\ghidra_scripts
    C:\Users\kimgiordano27\Downloads\ghidra_12.1.2_PUBLIC_20260605\ghidra_12.1.2_PUBLIC\Ghidra\Features\GnuDemangler\ghidra_scripts
    C:\Users\kimgiordano27\Downloads\ghidra_12.1.2_PUBLIC_20260605\ghidra_12.1.2_PUBLIC\Ghidra\Debug\Debugger\ghidra_scripts
    C:\Users\kimgiordano27\Downloads\ghidra_12.1.2_PUBLIC_20260605\ghidra_12.1.2_PUBLIC\Ghidra\Processors\DATA\ghidra_scripts
    C:\Users\kimgiordano27\Downloads\ghidra_12.1.2_PUBLIC_20260605\ghidra_12.1.2_PUBLIC\Ghidra\Debug\Debugger-rmi-trace\ghidra_scripts
    C:\Users\kimgiordano27\Downloads\ghidra_12.1.2_PUBLIC_20260605\ghidra_12.1.2_PUBLIC\Ghidra\Features\FunctionID\ghidra_scripts
    C:\Users\kimgiordano27\Downloads\ghidra_12.1.2_PUBLIC_20260605\ghidra_12.1.2_PUBLIC\Ghidra\Features\MicrosoftCodeAnalyzer\ghidra_scripts
    C:\Users\kimgiordano27\Downloads\ghidra_12.1.2_PUBLIC_20260605\ghidra_12.1.2_PUBLIC\Ghidra\Features\PDB\ghidra_scripts
    C:\Users\kimgiordano27\AppData\Roaming\ghidra\ghidra_12.1.2_PUBLIC\Extensions\Jython\ghidra_scripts
    C:\Users\kimgiordano27\Downloads\ghidra_12.1.2_PUBLIC_20260605\ghidra_12.1.2_PUBLIC\Ghidra\Features\PyGhidra\ghidra_scripts  
2026-07-09 16:03:56 INFO  (HeadlessAnalyzer) HEADLESS: execution starts  
2026-07-09 16:03:56 INFO  (HeadlessAnalyzer) Opening existing project: C:\realDesktop\manifest-evaluations\summer-26\ghidra-pipeline\il2cpp-files\AimAssaultDemo\ghidra-project\AimAssaultDemo  
2026-07-09 16:03:56 INFO  (HeadlessProject) Opening project: C:\realDesktop\manifest-evaluations\summer-26\ghidra-pipeline\il2cpp-files\AimAssaultDemo\ghidra-project\AimAssaultDemo  
2026-07-09 16:03:57 ERROR (HeadlessAnalyzer) Abort due to Headless analyzer error: Requested project program file(s) not found: AimAssaultDemo-libil2cpp.so java.io.IOException: Requested project program file(s) not found: AimAssaultDemo-libil2cpp.so
	at ghidra.app.util.headless.HeadlessAnalyzer.processNoImport(HeadlessAnalyzer.java:1404)
	at ghidra.app.util.headless.HeadlessAnalyzer.processLocal(HeadlessAnalyzer.java:461)
	at ghidra.app.util.headless.AnalyzeHeadless.launch(AnalyzeHeadless.java:199)
	at ghidra.GhidraLauncher.launch(GhidraLauncher.java:81)
	at ghidra.Ghidra.main(Ghidra.java:54)
 
2026-07-10 10:17:48 INFO  (LoggingInitialization) Using log config file: jar:file:/C:/Users/kimgiordano27/Downloads/ghidra_12.1.2_PUBLIC_20260605/ghidra_12.1.2_PUBLIC/Ghidra/Framework/Generic/lib/Generic.jar!/generic.log4j.xml  
2026-07-10 10:17:48 INFO  (LoggingInitialization) Using log file: C:\realDesktop\manifest-evaluations\summer-26\ghidra-pipeline\il2cpp-files\AimAssaultDemo\general-structure-ghidra.log  
2026-07-10 10:17:48 DEBUG (GhidraObjectInputFilter) Including serial input filter: FileSystem/data/client.rmi.serial.filter  
2026-07-10 10:17:48 INFO  (Preferences) Loading user preferences: C:\Users\kimgiordano27\AppData\Roaming\ghidra\ghidra_12.1.2_PUBLIC\preferences  
2026-07-10 10:17:48 INFO  (ClassSearcher) Searching for classes...  
2026-07-10 10:17:48 INFO  (ClassSearcher) Class search complete (543 ms)  
2026-07-10 10:17:48 INFO  (DefaultSSLContextInitializer) Initializing SSL Context  
2026-07-10 10:17:48 INFO  (SecureRandomFactory) Initializing Random Number Generator...  
2026-07-10 10:17:48 INFO  (SecureRandomFactory) Random Number Generator initialization complete: SHA1PRNG  
2026-07-10 10:17:48 INFO  (DefaultTrustManagerFactory) Trust manager disabled, cacerts have not been set  
2026-07-10 10:17:49 INFO  (AnalyzeHeadless) Headless startup complete (1548 ms)  
2026-07-10 10:17:49 INFO  (ClassSearcher) Class searcher loaded 59 extension points (20 false positives)  
2026-07-10 10:17:49 INFO  (HeadlessAnalyzer) HEADLESS Script Paths:
    C:\Users\kimgiordano27\Downloads\ghidra_12.1.2_PUBLIC_20260605\ghidra_12.1.2_PUBLIC\Ghidra\Features\DecompilerDependent\ghidra_scripts
    C:\Users\kimgiordano27\Downloads\ghidra_12.1.2_PUBLIC_20260605\ghidra_12.1.2_PUBLIC\Ghidra\Processors\Atmel\ghidra_scripts
    C:\Users\kimgiordano27\Downloads\ghidra_12.1.2_PUBLIC_20260605\ghidra_12.1.2_PUBLIC\Ghidra\Processors\PIC\ghidra_scripts
    C:\Users\kimgiordano27\Downloads\ghidra_12.1.2_PUBLIC_20260605\ghidra_12.1.2_PUBLIC\Ghidra\Features\VersionTracking\ghidra_scripts
    C:\Users\kimgiordano27\Downloads\ghidra_12.1.2_PUBLIC_20260605\ghidra_12.1.2_PUBLIC\Ghidra\Features\BytePatterns\ghidra_scripts
    C:\Users\kimgiordano27\ghidra_scripts
    C:\Users\kimgiordano27\Downloads\ghidra_12.1.2_PUBLIC_20260605\ghidra_12.1.2_PUBLIC\Ghidra\Features\BSim\ghidra_scripts
    C:\realDesktop\manifest-evaluations\summer-26\ghidra-pipeline\ghidra-export-scripts
    C:\Users\kimgiordano27\Downloads\ghidra_12.1.2_PUBLIC_20260605\ghidra_12.1.2_PUBLIC\Ghidra\Processors\JVM\ghidra_scripts
    C:\Users\kimgiordano27\Downloads\ghidra_12.1.2_PUBLIC_20260605\ghidra_12.1.2_PUBLIC\Ghidra\Features\Base\ghidra_scripts
    C:\Users\kimgiordano27\Downloads\ghidra_12.1.2_PUBLIC_20260605\ghidra_12.1.2_PUBLIC\Ghidra\Features\SwiftDemangler\ghidra_scripts
    C:\Users\kimgiordano27\Downloads\ghidra_12.1.2_PUBLIC_20260605\ghidra_12.1.2_PUBLIC\Ghidra\Features\WildcardAssembler\ghidra_scripts
    C:\Users\kimgiordano27\Downloads\ghidra_12.1.2_PUBLIC_20260605\ghidra_12.1.2_PUBLIC\Ghidra\Features\FileFormats\ghidra_scripts
    C:\Users\kimgiordano27\Downloads\ghidra_12.1.2_PUBLIC_20260605\ghidra_12.1.2_PUBLIC\Ghidra\Features\Decompiler\ghidra_scripts
    C:\Users\kimgiordano27\Downloads\ghidra_12.1.2_PUBLIC_20260605\ghidra_12.1.2_PUBLIC\Ghidra\Features\SystemEmulation\ghidra_scripts
    C:\Users\kimgiordano27\Downloads\ghidra_12.1.2_PUBLIC_20260605\ghidra_12.1.2_PUBLIC\Ghidra\Processors\8051\ghidra_scripts
    C:\Users\kimgiordano27\Downloads\ghidra_12.1.2_PUBLIC_20260605\ghidra_12.1.2_PUBLIC\Ghidra\Features\GnuDemangler\ghidra_scripts
    C:\Users\kimgiordano27\Downloads\ghidra_12.1.2_PUBLIC_20260605\ghidra_12.1.2_PUBLIC\Ghidra\Debug\Debugger\ghidra_scripts
    C:\Users\kimgiordano27\Downloads\ghidra_12.1.2_PUBLIC_20260605\ghidra_12.1.2_PUBLIC\Ghidra\Processors\DATA\ghidra_scripts
    C:\Users\kimgiordano27\Downloads\ghidra_12.1.2_PUBLIC_20260605\ghidra_12.1.2_PUBLIC\Ghidra\Debug\Debugger-rmi-trace\ghidra_scripts
    C:\Users\kimgiordano27\Downloads\ghidra_12.1.2_PUBLIC_20260605\ghidra_12.1.2_PUBLIC\Ghidra\Features\FunctionID\ghidra_scripts
    C:\Users\kimgiordano27\Downloads\ghidra_12.1.2_PUBLIC_20260605\ghidra_12.1.2_PUBLIC\Ghidra\Features\MicrosoftCodeAnalyzer\ghidra_scripts
    C:\Users\kimgiordano27\Downloads\ghidra_12.1.2_PUBLIC_20260605\ghidra_12.1.2_PUBLIC\Ghidra\Features\PDB\ghidra_scripts
    C:\Users\kimgiordano27\AppData\Roaming\ghidra\ghidra_12.1.2_PUBLIC\Extensions\Jython\ghidra_scripts
    C:\Users\kimgiordano27\Downloads\ghidra_12.1.2_PUBLIC_20260605\ghidra_12.1.2_PUBLIC\Ghidra\Features\PyGhidra\ghidra_scripts  
2026-07-10 10:17:49 INFO  (HeadlessAnalyzer) HEADLESS: execution starts  
2026-07-10 10:17:49 INFO  (HeadlessAnalyzer) Opening existing project: C:\realDesktop\manifest-evaluations\summer-26\ghidra-pipeline\il2cpp-files\AimAssaultDemo\ghidra-project-AimAssaultDemo\AimAssaultDemo  
2026-07-10 10:17:49 INFO  (HeadlessProject) Opening project: C:\realDesktop\manifest-evaluations\summer-26\ghidra-pipeline\il2cpp-files\AimAssaultDemo\ghidra-project-AimAssaultDemo\AimAssaultDemo  
2026-07-10 10:17:49 INFO  (LocalFileSystem) /AimAssaultDemo-libil2cpp.so: checkout (3) granted (kimgiordano27)  
2026-07-10 10:17:55 INFO  (HeadlessAnalyzer) REPORT: Processing project file: /AimAssaultDemo-libil2cpp.so  
2026-07-10 10:17:55 INFO  (HeadlessAnalyzer) REPORT: Execute script: GeneralStructureEyePatternScan.java 'C:\realDesktop\manifest-evaluations\summer-26\ghidra-pipeline\il2cpp-files\AimAssaultDemo\general-structure-results' '70' 'false'   
2026-07-10 10:17:55 INFO  (HeadlessAnalyzer) SCRIPT: C:\realDesktop\manifest-evaluations\summer-26\ghidra-pipeline\ghidra-export-scripts\GeneralStructureEyePatternScan.java  
2026-07-10 10:17:55 INFO  (GhidraScript) GeneralStructureEyePatternScan.java> General structure scan starting...  
2026-07-10 10:17:55 INFO  (GhidraScript) GeneralStructureEyePatternScan.java> Output: C:\realDesktop\manifest-evaluations\summer-26\ghidra-pipeline\il2cpp-files\AimAssaultDemo\general-structure-results  
2026-07-10 10:17:55 INFO  (GhidraScript) GeneralStructureEyePatternScan.java> Minimum review score: 70  
2026-07-10 10:17:55 INFO  (GhidraScript) GeneralStructureEyePatternScan.java> Export all: false  
2026-07-10 10:18:16 INFO  (GhidraScript) GeneralStructureEyePatternScan.java> Scanned 10000 functions. Exported so far: 0  
2026-07-10 10:18:25 INFO  (GhidraScript) GeneralStructureEyePatternScan.java> Scanned 20000 functions. Exported so far: 0  
2026-07-10 10:18:35 INFO  (GhidraScript) GeneralStructureEyePatternScan.java> Scanned 30000 functions. Exported so far: 0  
2026-07-10 10:18:50 INFO  (GhidraScript) GeneralStructureEyePatternScan.java> Scanned 40000 functions. Exported so far: 0  
2026-07-10 10:19:10 INFO  (GhidraScript) GeneralStructureEyePatternScan.java> Scanned 50000 functions. Exported so far: 0  
2026-07-10 10:19:33 INFO  (GhidraScript) GeneralStructureEyePatternScan.java> Scanned 60000 functions. Exported so far: 0  
2026-07-10 10:19:49 INFO  (GhidraScript) GeneralStructureEyePatternScan.java> Scanned 70000 functions. Exported so far: 0  
2026-07-10 10:20:12 INFO  (GhidraScript) GeneralStructureEyePatternScan.java> Scanned 80000 functions. Exported so far: 0  
2026-07-10 10:20:32 INFO  (GhidraScript) GeneralStructureEyePatternScan.java> Scanned 90000 functions. Exported so far: 0  
2026-07-10 10:20:52 INFO  (GhidraScript) GeneralStructureEyePatternScan.java> Scanned 100000 functions. Exported so far: 0  
2026-07-10 10:21:10 INFO  (GhidraScript) GeneralStructureEyePatternScan.java> Scanned 110000 functions. Exported so far: 0  
2026-07-10 10:21:30 INFO  (GhidraScript) GeneralStructureEyePatternScan.java> Scanned 120000 functions. Exported so far: 0  
2026-07-10 10:21:47 INFO  (GhidraScript) GeneralStructureEyePatternScan.java> Scanned 130000 functions. Exported so far: 0  
2026-07-10 10:22:15 INFO  (GhidraScript) GeneralStructureEyePatternScan.java> Scanned 140000 functions. Exported so far: 0  
2026-07-10 10:22:38 INFO  (GhidraScript) GeneralStructureEyePatternScan.java> Scanned 150000 functions. Exported so far: 0  
2026-07-10 10:23:02 INFO  (GhidraScript) GeneralStructureEyePatternScan.java> Scanned 160000 functions. Exported so far: 0  
2026-07-10 10:23:27 INFO  (GhidraScript) GeneralStructureEyePatternScan.java> Scanned 170000 functions. Exported so far: 0  
2026-07-10 10:23:44 INFO  (GhidraScript) GeneralStructureEyePatternScan.java> Scanned 180000 functions. Exported so far: 0  
2026-07-10 10:24:26 INFO  (GhidraScript) GeneralStructureEyePatternScan.java> Scanned 190000 functions. Exported so far: 1  
2026-07-10 10:27:07 INFO  (GhidraScript) GeneralStructureEyePatternScan.java> Scanned 200000 functions. Exported so far: 29  
2026-07-10 10:28:52 INFO  (GhidraScript) GeneralStructureEyePatternScan.java> Scanned 210000 functions. Exported so far: 50  
2026-07-10 10:31:11 INFO  (GhidraScript) GeneralStructureEyePatternScan.java> Scanned 220000 functions. Exported so far: 60  
2026-07-10 10:32:23 INFO  (GhidraScript) GeneralStructureEyePatternScan.java> Scanned 230000 functions. Exported so far: 82  
2026-07-10 10:33:04 INFO  (GhidraScript) GeneralStructureEyePatternScan.java> Scanned 240000 functions. Exported so far: 91  
2026-07-10 10:34:13 INFO  (GhidraScript) GeneralStructureEyePatternScan.java> Scanned 250000 functions. Exported so far: 96  
2026-07-10 10:40:41 INFO  (LoggingInitialization) Using log config file: jar:file:/C:/Users/kimgiordano27/Downloads/ghidra_12.1.2_PUBLIC_20260605/ghidra_12.1.2_PUBLIC/Ghidra/Framework/Generic/lib/Generic.jar!/generic.log4j.xml  
2026-07-10 10:40:41 INFO  (LoggingInitialization) Using log file: C:\realDesktop\manifest-evaluations\summer-26\ghidra-pipeline\il2cpp-files\AimAssaultDemo\general-structure-ghidra.log  
2026-07-10 10:40:41 DEBUG (GhidraObjectInputFilter) Including serial input filter: FileSystem/data/client.rmi.serial.filter  
2026-07-10 10:40:41 INFO  (Preferences) Loading user preferences: C:\Users\kimgiordano27\AppData\Roaming\ghidra\ghidra_12.1.2_PUBLIC\preferences  
2026-07-10 10:40:41 INFO  (ClassSearcher) Searching for classes...  
2026-07-10 10:40:42 INFO  (ClassSearcher) Class search complete (532 ms)  
2026-07-10 10:40:42 INFO  (DefaultSSLContextInitializer) Initializing SSL Context  
2026-07-10 10:40:42 INFO  (SecureRandomFactory) Initializing Random Number Generator...  
2026-07-10 10:40:42 INFO  (SecureRandomFactory) Random Number Generator initialization complete: SHA1PRNG  
2026-07-10 10:40:42 INFO  (DefaultTrustManagerFactory) Trust manager disabled, cacerts have not been set  
2026-07-10 10:40:42 INFO  (AnalyzeHeadless) Headless startup complete (1507 ms)  
2026-07-10 10:40:42 INFO  (ClassSearcher) Class searcher loaded 59 extension points (20 false positives)  
2026-07-10 10:40:42 INFO  (HeadlessAnalyzer) HEADLESS Script Paths:
    C:\Users\kimgiordano27\Downloads\ghidra_12.1.2_PUBLIC_20260605\ghidra_12.1.2_PUBLIC\Ghidra\Features\DecompilerDependent\ghidra_scripts
    C:\Users\kimgiordano27\Downloads\ghidra_12.1.2_PUBLIC_20260605\ghidra_12.1.2_PUBLIC\Ghidra\Processors\Atmel\ghidra_scripts
    C:\Users\kimgiordano27\Downloads\ghidra_12.1.2_PUBLIC_20260605\ghidra_12.1.2_PUBLIC\Ghidra\Processors\PIC\ghidra_scripts
    C:\Users\kimgiordano27\Downloads\ghidra_12.1.2_PUBLIC_20260605\ghidra_12.1.2_PUBLIC\Ghidra\Features\VersionTracking\ghidra_scripts
    C:\Users\kimgiordano27\Downloads\ghidra_12.1.2_PUBLIC_20260605\ghidra_12.1.2_PUBLIC\Ghidra\Features\BytePatterns\ghidra_scripts
    C:\Users\kimgiordano27\ghidra_scripts
    C:\Users\kimgiordano27\Downloads\ghidra_12.1.2_PUBLIC_20260605\ghidra_12.1.2_PUBLIC\Ghidra\Features\BSim\ghidra_scripts
    C:\realDesktop\manifest-evaluations\summer-26\ghidra-pipeline\ghidra-export-scripts
    C:\Users\kimgiordano27\Downloads\ghidra_12.1.2_PUBLIC_20260605\ghidra_12.1.2_PUBLIC\Ghidra\Processors\JVM\ghidra_scripts
    C:\Users\kimgiordano27\Downloads\ghidra_12.1.2_PUBLIC_20260605\ghidra_12.1.2_PUBLIC\Ghidra\Features\Base\ghidra_scripts
    C:\Users\kimgiordano27\Downloads\ghidra_12.1.2_PUBLIC_20260605\ghidra_12.1.2_PUBLIC\Ghidra\Features\SwiftDemangler\ghidra_scripts
    C:\Users\kimgiordano27\Downloads\ghidra_12.1.2_PUBLIC_20260605\ghidra_12.1.2_PUBLIC\Ghidra\Features\WildcardAssembler\ghidra_scripts
    C:\Users\kimgiordano27\Downloads\ghidra_12.1.2_PUBLIC_20260605\ghidra_12.1.2_PUBLIC\Ghidra\Features\FileFormats\ghidra_scripts
    C:\Users\kimgiordano27\Downloads\ghidra_12.1.2_PUBLIC_20260605\ghidra_12.1.2_PUBLIC\Ghidra\Features\Decompiler\ghidra_scripts
    C:\Users\kimgiordano27\Downloads\ghidra_12.1.2_PUBLIC_20260605\ghidra_12.1.2_PUBLIC\Ghidra\Features\SystemEmulation\ghidra_scripts
    C:\Users\kimgiordano27\Downloads\ghidra_12.1.2_PUBLIC_20260605\ghidra_12.1.2_PUBLIC\Ghidra\Processors\8051\ghidra_scripts
    C:\Users\kimgiordano27\Downloads\ghidra_12.1.2_PUBLIC_20260605\ghidra_12.1.2_PUBLIC\Ghidra\Features\GnuDemangler\ghidra_scripts
    C:\Users\kimgiordano27\Downloads\ghidra_12.1.2_PUBLIC_20260605\ghidra_12.1.2_PUBLIC\Ghidra\Debug\Debugger\ghidra_scripts
    C:\Users\kimgiordano27\Downloads\ghidra_12.1.2_PUBLIC_20260605\ghidra_12.1.2_PUBLIC\Ghidra\Processors\DATA\ghidra_scripts
    C:\Users\kimgiordano27\Downloads\ghidra_12.1.2_PUBLIC_20260605\ghidra_12.1.2_PUBLIC\Ghidra\Debug\Debugger-rmi-trace\ghidra_scripts
    C:\Users\kimgiordano27\Downloads\ghidra_12.1.2_PUBLIC_20260605\ghidra_12.1.2_PUBLIC\Ghidra\Features\FunctionID\ghidra_scripts
    C:\Users\kimgiordano27\Downloads\ghidra_12.1.2_PUBLIC_20260605\ghidra_12.1.2_PUBLIC\Ghidra\Features\MicrosoftCodeAnalyzer\ghidra_scripts
    C:\Users\kimgiordano27\Downloads\ghidra_12.1.2_PUBLIC_20260605\ghidra_12.1.2_PUBLIC\Ghidra\Features\PDB\ghidra_scripts
    C:\Users\kimgiordano27\AppData\Roaming\ghidra\ghidra_12.1.2_PUBLIC\Extensions\Jython\ghidra_scripts
    C:\Users\kimgiordano27\Downloads\ghidra_12.1.2_PUBLIC_20260605\ghidra_12.1.2_PUBLIC\Ghidra\Features\PyGhidra\ghidra_scripts  
2026-07-10 10:40:42 INFO  (HeadlessAnalyzer) HEADLESS: execution starts  
2026-07-10 10:40:42 INFO  (HeadlessAnalyzer) Opening existing project: C:\realDesktop\manifest-evaluations\summer-26\ghidra-pipeline\il2cpp-files\AimAssaultDemo\ghidra-project-AimAssaultDemo\AimAssaultDemo  
2026-07-10 10:40:42 INFO  (HeadlessProject) Opening project: C:\realDesktop\manifest-evaluations\summer-26\ghidra-pipeline\il2cpp-files\AimAssaultDemo\ghidra-project-AimAssaultDemo\AimAssaultDemo  
2026-07-10 10:40:43 INFO  (LocalBufferFile) Removed old presave file: C:\realDesktop\manifest-evaluations\summer-26\ghidra-pipeline\il2cpp-files\AimAssaultDemo\ghidra-project-AimAssaultDemo\AimAssaultDemo.rep\idata\00\~00000002.db\tmp12860939603307395643.ps  
2026-07-10 10:40:44 INFO  (HeadlessAnalyzer) REPORT: Processing project file: /AimAssaultDemo-libil2cpp.so  
2026-07-10 10:40:44 INFO  (HeadlessAnalyzer) REPORT: Execute script: GeneralStructureEyePatternScan.java 'C:\realDesktop\manifest-evaluations\summer-26\ghidra-pipeline\il2cpp-files\AimAssaultDemo\general-structure-results' '70' 'false'   
2026-07-10 10:40:44 INFO  (HeadlessAnalyzer) SCRIPT: C:\realDesktop\manifest-evaluations\summer-26\ghidra-pipeline\ghidra-export-scripts\GeneralStructureEyePatternScan.java  
2026-07-10 10:40:44 INFO  (GhidraScript) GeneralStructureEyePatternScan.java> General structure scan starting...  
2026-07-10 10:40:44 INFO  (GhidraScript) GeneralStructureEyePatternScan.java> Output: C:\realDesktop\manifest-evaluations\summer-26\ghidra-pipeline\il2cpp-files\AimAssaultDemo\general-structure-results  
2026-07-10 10:40:44 INFO  (GhidraScript) GeneralStructureEyePatternScan.java> Minimum review score: 70  
2026-07-10 10:40:44 INFO  (GhidraScript) GeneralStructureEyePatternScan.java> Export all: false  
2026-07-10 10:41:04 INFO  (GhidraScript) GeneralStructureEyePatternScan.java> Scanned 10000 functions. Exported so far: 0  
2026-07-10 10:41:13 INFO  (GhidraScript) GeneralStructureEyePatternScan.java> Scanned 20000 functions. Exported so far: 0  
2026-07-10 10:41:23 INFO  (GhidraScript) GeneralStructureEyePatternScan.java> Scanned 30000 functions. Exported so far: 0  
2026-07-10 10:41:38 INFO  (GhidraScript) GeneralStructureEyePatternScan.java> Scanned 40000 functions. Exported so far: 0  
2026-07-10 10:41:57 INFO  (GhidraScript) GeneralStructureEyePatternScan.java> Scanned 50000 functions. Exported so far: 0  
2026-07-10 10:42:18 INFO  (GhidraScript) GeneralStructureEyePatternScan.java> Scanned 60000 functions. Exported so far: 0  
2026-07-10 10:42:33 INFO  (GhidraScript) GeneralStructureEyePatternScan.java> Scanned 70000 functions. Exported so far: 0  
2026-07-10 10:42:55 INFO  (GhidraScript) GeneralStructureEyePatternScan.java> Scanned 80000 functions. Exported so far: 0  
2026-07-10 10:43:15 INFO  (GhidraScript) GeneralStructureEyePatternScan.java> Scanned 90000 functions. Exported so far: 0  
2026-07-10 10:43:34 INFO  (GhidraScript) GeneralStructureEyePatternScan.java> Scanned 100000 functions. Exported so far: 0  
2026-07-10 10:43:52 INFO  (GhidraScript) GeneralStructureEyePatternScan.java> Scanned 110000 functions. Exported so far: 0  
2026-07-10 10:44:09 INFO  (GhidraScript) GeneralStructureEyePatternScan.java> Scanned 120000 functions. Exported so far: 0  
2026-07-10 10:44:25 INFO  (GhidraScript) GeneralStructureEyePatternScan.java> Scanned 130000 functions. Exported so far: 0  
2026-07-10 10:44:51 INFO  (GhidraScript) GeneralStructureEyePatternScan.java> Scanned 140000 functions. Exported so far: 0  
2026-07-10 10:45:13 INFO  (GhidraScript) GeneralStructureEyePatternScan.java> Scanned 150000 functions. Exported so far: 0  
2026-07-10 10:45:38 INFO  (GhidraScript) GeneralStructureEyePatternScan.java> Scanned 160000 functions. Exported so far: 0  
2026-07-10 10:46:02 INFO  (GhidraScript) GeneralStructureEyePatternScan.java> Scanned 170000 functions. Exported so far: 0  
2026-07-10 10:46:18 INFO  (GhidraScript) GeneralStructureEyePatternScan.java> Scanned 180000 functions. Exported so far: 0  
2026-07-10 10:46:59 INFO  (GhidraScript) GeneralStructureEyePatternScan.java> Scanned 190000 functions. Exported so far: 1  
2026-07-10 10:49:36 INFO  (GhidraScript) GeneralStructureEyePatternScan.java> Scanned 200000 functions. Exported so far: 29  
2026-07-10 10:51:13 INFO  (GhidraScript) GeneralStructureEyePatternScan.java> Scanned 210000 functions. Exported so far: 50  
2026-07-10 10:53:25 INFO  (GhidraScript) GeneralStructureEyePatternScan.java> Scanned 220000 functions. Exported so far: 60  
2026-07-10 10:54:36 INFO  (GhidraScript) GeneralStructureEyePatternScan.java> Scanned 230000 functions. Exported so far: 82  
2026-07-10 10:55:15 INFO  (GhidraScript) GeneralStructureEyePatternScan.java> Scanned 240000 functions. Exported so far: 91  
2026-07-10 10:56:22 INFO  (GhidraScript) GeneralStructureEyePatternScan.java> Scanned 250000 functions. Exported so far: 96  
2026-07-10 10:57:42 INFO  (GhidraScript) GeneralStructureEyePatternScan.java> Scanned 260000 functions. Exported so far: 101  
2026-07-10 10:59:31 INFO  (GhidraScript) GeneralStructureEyePatternScan.java> Scanned 270000 functions. Exported so far: 119  
2026-07-10 11:02:18 INFO  (GhidraScript) GeneralStructureEyePatternScan.java> Scanned 280000 functions. Exported so far: 129  
2026-07-10 11:04:20 INFO  (GhidraScript) GeneralStructureEyePatternScan.java> Scanned 290000 functions. Exported so far: 144  
2026-07-10 11:04:52 INFO  (GhidraScript) GeneralStructureEyePatternScan.java> Scanned 300000 functions. Exported so far: 144  
2026-07-10 11:06:22 INFO  (GhidraScript) GeneralStructureEyePatternScan.java> Scanned 310000 functions. Exported so far: 150  
2026-07-10 11:07:38 INFO  (GhidraScript) GeneralStructureEyePatternScan.java> Scanned 320000 functions. Exported so far: 150  
2026-07-10 11:09:06 INFO  (GhidraScript) GeneralStructureEyePatternScan.java> Scanned 330000 functions. Exported so far: 151  
2026-07-10 11:10:37 INFO  (GhidraScript) GeneralStructureEyePatternScan.java> Scanned 340000 functions. Exported so far: 208  
2026-07-10 11:11:06 INFO  (GhidraScript) GeneralStructureEyePatternScan.java> Scanned 350000 functions. Exported so far: 208  
2026-07-10 11:11:53 INFO  (GhidraScript) GeneralStructureEyePatternScan.java> Scanned 360000 functions. Exported so far: 208  
2026-07-10 11:12:47 INFO  (GhidraScript) GeneralStructureEyePatternScan.java> Scanned 370000 functions. Exported so far: 208  
2026-07-10 11:13:47 INFO  (GhidraScript) GeneralStructureEyePatternScan.java> Scanned 380000 functions. Exported so far: 209  
2026-07-10 11:14:48 INFO  (GhidraScript) GeneralStructureEyePatternScan.java> Scanned 390000 functions. Exported so far: 210  
2026-07-10 11:15:52 INFO  (GhidraScript) GeneralStructureEyePatternScan.java> Scanned 400000 functions. Exported so far: 211  
2026-07-10 11:16:58 INFO  (GhidraScript) GeneralStructureEyePatternScan.java> Scanned 410000 functions. Exported so far: 217  
2026-07-10 11:17:59 INFO  (GhidraScript) GeneralStructureEyePatternScan.java> Scanned 420000 functions. Exported so far: 422  
2026-07-10 11:18:49 INFO  (GhidraScript) GeneralStructureEyePatternScan.java> Scanned 430000 functions. Exported so far: 422  
2026-07-10 11:19:19 INFO  (GhidraScript) GeneralStructureEyePatternScan.java> Scanned 440000 functions. Exported so far: 422  
2026-07-10 11:20:34 INFO  (GhidraScript) GeneralStructureEyePatternScan.java> Scanned 450000 functions. Exported so far: 424  
2026-07-10 11:21:49 INFO  (GhidraScript) GeneralStructureEyePatternScan.java> Scanned 460000 functions. Exported so far: 430  
2026-07-10 11:23:11 INFO  (GhidraScript) GeneralStructureEyePatternScan.java> Scanned 470000 functions. Exported so far: 449  
2026-07-10 11:24:21 INFO  (GhidraScript) GeneralStructureEyePatternScan.java> Scanned 480000 functions. Exported so far: 449  
2026-07-10 11:25:15 INFO  (GhidraScript) GeneralStructureEyePatternScan.java> Scanned 490000 functions. Exported so far: 449  
2026-07-10 11:26:14 INFO  (GhidraScript) GeneralStructureEyePatternScan.java> Scanned 500000 functions. Exported so far: 456  
2026-07-10 11:27:19 INFO  (GhidraScript) GeneralStructureEyePatternScan.java> Scanned 510000 functions. Exported so far: 456  
2026-07-10 11:28:32 INFO  (GhidraScript) GeneralStructureEyePatternScan.java> Scanned 520000 functions. Exported so far: 489  
2026-07-10 11:29:15 INFO  (GhidraScript) GeneralStructureEyePatternScan.java> Scanned 530000 functions. Exported so far: 496  
2026-07-10 11:31:41 INFO  (GhidraScript) GeneralStructureEyePatternScan.java> Scanned 540000 functions. Exported so far: 498  
2026-07-10 11:33:32 INFO  (GhidraScript) GeneralStructureEyePatternScan.java> Scanned 550000 functions. Exported so far: 498  
2026-07-10 11:34:22 INFO  (GhidraScript) GeneralStructureEyePatternScan.java> Scanned 560000 functions. Exported so far: 500  
2026-07-10 11:37:15 INFO  (GhidraScript) GeneralStructureEyePatternScan.java> Scanned 570000 functions. Exported so far: 514  
2026-07-10 11:38:56 INFO  (GhidraScript) GeneralStructureEyePatternScan.java> Scanned 580000 functions. Exported so far: 514  
2026-07-10 11:40:29 INFO  (GhidraScript) GeneralStructureEyePatternScan.java> Scanned 590000 functions. Exported so far: 517  
2026-07-10 11:41:56 INFO  (GhidraScript) GeneralStructureEyePatternScan.java> Scanned 600000 functions. Exported so far: 517  
2026-07-10 11:43:30 INFO  (GhidraScript) GeneralStructureEyePatternScan.java> Scanned 610000 functions. Exported so far: 534  
2026-07-10 11:45:05 INFO  (GhidraScript) GeneralStructureEyePatternScan.java> Scanned 620000 functions. Exported so far: 595  
2026-07-10 11:46:09 INFO  (GhidraScript) GeneralStructureEyePatternScan.java> Scanned 630000 functions. Exported so far: 595  
2026-07-10 11:46:31 INFO  (GhidraScript) GeneralStructureEyePatternScan.java> Scanned 640000 functions. Exported so far: 619  
2026-07-10 11:47:10 INFO  (GhidraScript) GeneralStructureEyePatternScan.java> Scanned 650000 functions. Exported so far: 619  
2026-07-10 11:47:58 INFO  (GhidraScript) GeneralStructureEyePatternScan.java> Scanned 660000 functions. Exported so far: 619  
2026-07-10 11:51:44 INFO  (GhidraScript) GeneralStructureEyePatternScan.java> Scanned 670000 functions. Exported so far: 711  
2026-07-10 11:55:49 INFO  (GhidraScript) GeneralStructureEyePatternScan.java> Scanned 680000 functions. Exported so far: 711  
2026-07-10 12:10:15 INFO  (GhidraScript) GeneralStructureEyePatternScan.java> Scanned 690000 functions. Exported so far: 711  
2026-07-10 12:19:36 INFO  (GhidraScript) GeneralStructureEyePatternScan.java> Scanned 700000 functions. Exported so far: 906  
2026-07-10 12:21:32 INFO  (GhidraScript) GeneralStructureEyePatternScan.java> Scanned 710000 functions. Exported so far: 1461  
2026-07-10 12:24:37 INFO  (GhidraScript) GeneralStructureEyePatternScan.java> Scanned 720000 functions. Exported so far: 1480  
2026-07-10 12:28:30 INFO  (GhidraScript) GeneralStructureEyePatternScan.java> Scanned 730000 functions. Exported so far: 1510  
2026-07-10 12:31:55 INFO  (GhidraScript) GeneralStructureEyePatternScan.java> Scanned 740000 functions. Exported so far: 1510  
2026-07-10 12:35:10 INFO  (GhidraScript) GeneralStructureEyePatternScan.java> Scanned 750000 functions. Exported so far: 1511  
2026-07-10 12:39:08 INFO  (GhidraScript) GeneralStructureEyePatternScan.java> Scanned 760000 functions. Exported so far: 1511  
2026-07-10 12:44:40 INFO  (GhidraScript) GeneralStructureEyePatternScan.java> Scanned 770000 functions. Exported so far: 1511  
2026-07-10 13:15:52 INFO  (GhidraScript) GeneralStructureEyePatternScan.java> Scanned 780000 functions. Exported so far: 1511  
2026-07-10 13:17:01 INFO  (GhidraScript) GeneralStructureEyePatternScan.java> Scanned 790000 functions. Exported so far: 1511  
2026-07-10 13:27:00 INFO  (GhidraScript) GeneralStructureEyePatternScan.java> Scanned 800000 functions. Exported so far: 1511  
2026-07-10 13:29:42 INFO  (GhidraScript) GeneralStructureEyePatternScan.java> Scanned 810000 functions. Exported so far: 1511  
2026-07-10 13:30:27 INFO  (GhidraScript) GeneralStructureEyePatternScan.java> Scanned 820000 functions. Exported so far: 1512  
2026-07-10 13:39:58 INFO  (LoggingInitialization) Using log config file: jar:file:/C:/Users/kimgiordano27/Downloads/ghidra_12.1.2_PUBLIC_20260605/ghidra_12.1.2_PUBLIC/Ghidra/Framework/Generic/lib/Generic.jar!/generic.log4j.xml  
2026-07-10 13:39:58 INFO  (LoggingInitialization) Using log file: C:\realDesktop\manifest-evaluations\summer-26\ghidra-pipeline\il2cpp-files\AimAssaultDemo\general-structure-ghidra.log  
2026-07-10 13:39:58 DEBUG (GhidraObjectInputFilter) Including serial input filter: FileSystem/data/client.rmi.serial.filter  
2026-07-10 13:39:58 INFO  (Preferences) Loading user preferences: C:\Users\kimgiordano27\AppData\Roaming\ghidra\ghidra_12.1.2_PUBLIC\preferences  
2026-07-10 13:39:58 INFO  (ClassSearcher) Searching for classes...  
2026-07-10 13:39:59 INFO  (ClassSearcher) Class search complete (548 ms)  
2026-07-10 13:39:59 INFO  (DefaultSSLContextInitializer) Initializing SSL Context  
2026-07-10 13:39:59 INFO  (SecureRandomFactory) Initializing Random Number Generator...  
2026-07-10 13:39:59 INFO  (SecureRandomFactory) Random Number Generator initialization complete: SHA1PRNG  
2026-07-10 13:39:59 INFO  (DefaultTrustManagerFactory) Trust manager disabled, cacerts have not been set  
2026-07-10 13:39:59 INFO  (AnalyzeHeadless) Headless startup complete (1590 ms)  
2026-07-10 13:39:59 INFO  (ClassSearcher) Class searcher loaded 59 extension points (20 false positives)  
2026-07-10 13:39:59 INFO  (HeadlessAnalyzer) HEADLESS Script Paths:
    C:\Users\kimgiordano27\Downloads\ghidra_12.1.2_PUBLIC_20260605\ghidra_12.1.2_PUBLIC\Ghidra\Features\DecompilerDependent\ghidra_scripts
    C:\Users\kimgiordano27\Downloads\ghidra_12.1.2_PUBLIC_20260605\ghidra_12.1.2_PUBLIC\Ghidra\Processors\Atmel\ghidra_scripts
    C:\Users\kimgiordano27\Downloads\ghidra_12.1.2_PUBLIC_20260605\ghidra_12.1.2_PUBLIC\Ghidra\Processors\PIC\ghidra_scripts
    C:\Users\kimgiordano27\Downloads\ghidra_12.1.2_PUBLIC_20260605\ghidra_12.1.2_PUBLIC\Ghidra\Features\VersionTracking\ghidra_scripts
    C:\Users\kimgiordano27\Downloads\ghidra_12.1.2_PUBLIC_20260605\ghidra_12.1.2_PUBLIC\Ghidra\Features\BytePatterns\ghidra_scripts
    C:\Users\kimgiordano27\ghidra_scripts
    C:\Users\kimgiordano27\Downloads\ghidra_12.1.2_PUBLIC_20260605\ghidra_12.1.2_PUBLIC\Ghidra\Features\BSim\ghidra_scripts
    C:\realDesktop\manifest-evaluations\summer-26\ghidra-pipeline\ghidra-export-scripts
    C:\Users\kimgiordano27\Downloads\ghidra_12.1.2_PUBLIC_20260605\ghidra_12.1.2_PUBLIC\Ghidra\Processors\JVM\ghidra_scripts
    C:\Users\kimgiordano27\Downloads\ghidra_12.1.2_PUBLIC_20260605\ghidra_12.1.2_PUBLIC\Ghidra\Features\Base\ghidra_scripts
    C:\Users\kimgiordano27\Downloads\ghidra_12.1.2_PUBLIC_20260605\ghidra_12.1.2_PUBLIC\Ghidra\Features\SwiftDemangler\ghidra_scripts
    C:\Users\kimgiordano27\Downloads\ghidra_12.1.2_PUBLIC_20260605\ghidra_12.1.2_PUBLIC\Ghidra\Features\WildcardAssembler\ghidra_scripts
    C:\Users\kimgiordano27\Downloads\ghidra_12.1.2_PUBLIC_20260605\ghidra_12.1.2_PUBLIC\Ghidra\Features\FileFormats\ghidra_scripts
    C:\Users\kimgiordano27\Downloads\ghidra_12.1.2_PUBLIC_20260605\ghidra_12.1.2_PUBLIC\Ghidra\Features\Decompiler\ghidra_scripts
    C:\Users\kimgiordano27\Downloads\ghidra_12.1.2_PUBLIC_20260605\ghidra_12.1.2_PUBLIC\Ghidra\Features\SystemEmulation\ghidra_scripts
    C:\Users\kimgiordano27\Downloads\ghidra_12.1.2_PUBLIC_20260605\ghidra_12.1.2_PUBLIC\Ghidra\Processors\8051\ghidra_scripts
    C:\Users\kimgiordano27\Downloads\ghidra_12.1.2_PUBLIC_20260605\ghidra_12.1.2_PUBLIC\Ghidra\Features\GnuDemangler\ghidra_scripts
    C:\Users\kimgiordano27\Downloads\ghidra_12.1.2_PUBLIC_20260605\ghidra_12.1.2_PUBLIC\Ghidra\Debug\Debugger\ghidra_scripts
    C:\Users\kimgiordano27\Downloads\ghidra_12.1.2_PUBLIC_20260605\ghidra_12.1.2_PUBLIC\Ghidra\Processors\DATA\ghidra_scripts
    C:\Users\kimgiordano27\Downloads\ghidra_12.1.2_PUBLIC_20260605\ghidra_12.1.2_PUBLIC\Ghidra\Debug\Debugger-rmi-trace\ghidra_scripts
    C:\Users\kimgiordano27\Downloads\ghidra_12.1.2_PUBLIC_20260605\ghidra_12.1.2_PUBLIC\Ghidra\Features\FunctionID\ghidra_scripts
    C:\Users\kimgiordano27\Downloads\ghidra_12.1.2_PUBLIC_20260605\ghidra_12.1.2_PUBLIC\Ghidra\Features\MicrosoftCodeAnalyzer\ghidra_scripts
    C:\Users\kimgiordano27\Downloads\ghidra_12.1.2_PUBLIC_20260605\ghidra_12.1.2_PUBLIC\Ghidra\Features\PDB\ghidra_scripts
    C:\Users\kimgiordano27\AppData\Roaming\ghidra\ghidra_12.1.2_PUBLIC\Extensions\Jython\ghidra_scripts
    C:\Users\kimgiordano27\Downloads\ghidra_12.1.2_PUBLIC_20260605\ghidra_12.1.2_PUBLIC\Ghidra\Features\PyGhidra\ghidra_scripts  
2026-07-10 13:39:59 INFO  (HeadlessAnalyzer) HEADLESS: execution starts  
2026-07-10 13:39:59 INFO  (HeadlessAnalyzer) Opening existing project: C:\realDesktop\manifest-evaluations\summer-26\ghidra-pipeline\il2cpp-files\AimAssaultDemo\ghidra-project-AimAssaultDemo\AimAssaultDemo  
2026-07-10 13:39:59 INFO  (HeadlessProject) Opening project: C:\realDesktop\manifest-evaluations\summer-26\ghidra-pipeline\il2cpp-files\AimAssaultDemo\ghidra-project-AimAssaultDemo\AimAssaultDemo  
2026-07-10 13:40:01 INFO  (HeadlessAnalyzer) REPORT: Processing project file: /AimAssaultDemo-libil2cpp.so  
2026-07-10 13:40:02 INFO  (HeadlessAnalyzer) REPORT: Execute script: GeneralStructureEyePatternScan.java 'C:\realDesktop\manifest-evaluations\summer-26\ghidra-pipeline\il2cpp-files\AimAssaultDemo\general-structure-results' '70' 'false'   
2026-07-10 13:40:02 INFO  (HeadlessAnalyzer) SCRIPT: C:\realDesktop\manifest-evaluations\summer-26\ghidra-pipeline\ghidra-export-scripts\GeneralStructureEyePatternScan.java  
2026-07-10 13:40:02 INFO  (GhidraScript) GeneralStructureEyePatternScan.java> General structure scan starting...  
2026-07-10 13:40:02 INFO  (GhidraScript) GeneralStructureEyePatternScan.java> Output: C:\realDesktop\manifest-evaluations\summer-26\ghidra-pipeline\il2cpp-files\AimAssaultDemo\general-structure-results  
2026-07-10 13:40:02 INFO  (GhidraScript) GeneralStructureEyePatternScan.java> Minimum review score: 70  
2026-07-10 13:40:02 INFO  (GhidraScript) GeneralStructureEyePatternScan.java> Export all: false  
2026-07-10 13:40:22 INFO  (GhidraScript) GeneralStructureEyePatternScan.java> Scanned 10000 functions. Exported so far: 0  
2026-07-10 13:40:31 INFO  (GhidraScript) GeneralStructureEyePatternScan.java> Scanned 20000 functions. Exported so far: 0  
2026-07-10 13:40:41 INFO  (GhidraScript) GeneralStructureEyePatternScan.java> Scanned 30000 functions. Exported so far: 0  
2026-07-10 13:40:56 INFO  (GhidraScript) GeneralStructureEyePatternScan.java> Scanned 40000 functions. Exported so far: 0  
2026-07-10 13:41:15 INFO  (GhidraScript) GeneralStructureEyePatternScan.java> Scanned 50000 functions. Exported so far: 0  
2026-07-10 13:41:36 INFO  (GhidraScript) GeneralStructureEyePatternScan.java> Scanned 60000 functions. Exported so far: 0  
2026-07-10 13:41:52 INFO  (GhidraScript) GeneralStructureEyePatternScan.java> Scanned 70000 functions. Exported so far: 0  
2026-07-10 13:42:13 INFO  (GhidraScript) GeneralStructureEyePatternScan.java> Scanned 80000 functions. Exported so far: 0  
2026-07-10 13:42:33 INFO  (GhidraScript) GeneralStructureEyePatternScan.java> Scanned 90000 functions. Exported so far: 0  
2026-07-10 13:42:53 INFO  (GhidraScript) GeneralStructureEyePatternScan.java> Scanned 100000 functions. Exported so far: 0  
2026-07-10 13:43:10 INFO  (GhidraScript) GeneralStructureEyePatternScan.java> Scanned 110000 functions. Exported so far: 0  
2026-07-10 13:43:29 INFO  (GhidraScript) GeneralStructureEyePatternScan.java> Scanned 120000 functions. Exported so far: 0  
2026-07-10 13:43:46 INFO  (GhidraScript) GeneralStructureEyePatternScan.java> Scanned 130000 functions. Exported so far: 0  
2026-07-10 13:44:12 INFO  (GhidraScript) GeneralStructureEyePatternScan.java> Scanned 140000 functions. Exported so far: 0  
2026-07-10 13:44:34 INFO  (GhidraScript) GeneralStructureEyePatternScan.java> Scanned 150000 functions. Exported so far: 0  
2026-07-10 13:44:56 INFO  (GhidraScript) GeneralStructureEyePatternScan.java> Scanned 160000 functions. Exported so far: 0  
2026-07-10 13:45:19 INFO  (GhidraScript) GeneralStructureEyePatternScan.java> Scanned 170000 functions. Exported so far: 0  
2026-07-10 13:45:35 INFO  (GhidraScript) GeneralStructureEyePatternScan.java> Scanned 180000 functions. Exported so far: 0  
2026-07-10 13:46:15 INFO  (GhidraScript) GeneralStructureEyePatternScan.java> Scanned 190000 functions. Exported so far: 1  
2026-07-10 13:48:47 INFO  (GhidraScript) GeneralStructureEyePatternScan.java> Scanned 200000 functions. Exported so far: 29  
2026-07-10 13:50:26 INFO  (GhidraScript) GeneralStructureEyePatternScan.java> Scanned 210000 functions. Exported so far: 50  
2026-07-10 13:52:34 INFO  (GhidraScript) GeneralStructureEyePatternScan.java> Scanned 220000 functions. Exported so far: 60  
2026-07-10 13:53:42 INFO  (GhidraScript) GeneralStructureEyePatternScan.java> Scanned 230000 functions. Exported so far: 82  
2026-07-10 13:54:22 INFO  (GhidraScript) GeneralStructureEyePatternScan.java> Scanned 240000 functions. Exported so far: 91  
2026-07-10 13:55:26 INFO  (GhidraScript) GeneralStructureEyePatternScan.java> Scanned 250000 functions. Exported so far: 96  
2026-07-10 13:56:46 INFO  (GhidraScript) GeneralStructureEyePatternScan.java> Scanned 260000 functions. Exported so far: 101  
2026-07-10 13:58:33 INFO  (GhidraScript) GeneralStructureEyePatternScan.java> Scanned 270000 functions. Exported so far: 119  
2026-07-10 14:01:22 INFO  (GhidraScript) GeneralStructureEyePatternScan.java> Scanned 280000 functions. Exported so far: 129  
2026-07-10 14:03:28 INFO  (GhidraScript) GeneralStructureEyePatternScan.java> Scanned 290000 functions. Exported so far: 144  
2026-07-10 14:04:01 INFO  (GhidraScript) GeneralStructureEyePatternScan.java> Scanned 300000 functions. Exported so far: 144  
2026-07-10 14:05:35 INFO  (GhidraScript) GeneralStructureEyePatternScan.java> Scanned 310000 functions. Exported so far: 150  
2026-07-10 14:07:23 INFO  (GhidraScript) GeneralStructureEyePatternScan.java> Scanned 320000 functions. Exported so far: 150  
2026-07-10 14:08:53 INFO  (GhidraScript) GeneralStructureEyePatternScan.java> Scanned 330000 functions. Exported so far: 151  
2026-07-10 14:10:23 INFO  (GhidraScript) GeneralStructureEyePatternScan.java> Scanned 340000 functions. Exported so far: 208  
2026-07-10 14:10:51 INFO  (GhidraScript) GeneralStructureEyePatternScan.java> Scanned 350000 functions. Exported so far: 208  
2026-07-10 14:11:41 INFO  (GhidraScript) GeneralStructureEyePatternScan.java> Scanned 360000 functions. Exported so far: 208  
2026-07-10 14:12:36 INFO  (GhidraScript) GeneralStructureEyePatternScan.java> Scanned 370000 functions. Exported so far: 208  
2026-07-10 14:13:39 INFO  (GhidraScript) GeneralStructureEyePatternScan.java> Scanned 380000 functions. Exported so far: 209  
2026-07-10 14:14:42 INFO  (GhidraScript) GeneralStructureEyePatternScan.java> Scanned 390000 functions. Exported so far: 210  
2026-07-10 14:15:48 INFO  (GhidraScript) GeneralStructureEyePatternScan.java> Scanned 400000 functions. Exported so far: 211  
2026-07-10 14:16:56 INFO  (GhidraScript) GeneralStructureEyePatternScan.java> Scanned 410000 functions. Exported so far: 217  
2026-07-10 14:17:59 INFO  (GhidraScript) GeneralStructureEyePatternScan.java> Scanned 420000 functions. Exported so far: 422  
2026-07-10 14:18:51 INFO  (GhidraScript) GeneralStructureEyePatternScan.java> Scanned 430000 functions. Exported so far: 422  
2026-07-10 14:19:23 INFO  (GhidraScript) GeneralStructureEyePatternScan.java> Scanned 440000 functions. Exported so far: 422  
2026-07-10 14:20:40 INFO  (GhidraScript) GeneralStructureEyePatternScan.java> Scanned 450000 functions. Exported so far: 424  
2026-07-10 14:21:58 INFO  (GhidraScript) GeneralStructureEyePatternScan.java> Scanned 460000 functions. Exported so far: 430  
2026-07-10 14:23:23 INFO  (GhidraScript) GeneralStructureEyePatternScan.java> Scanned 470000 functions. Exported so far: 449  
2026-07-10 14:24:35 INFO  (GhidraScript) GeneralStructureEyePatternScan.java> Scanned 480000 functions. Exported so far: 449  
2026-07-10 14:25:30 INFO  (GhidraScript) GeneralStructureEyePatternScan.java> Scanned 490000 functions. Exported so far: 449  
2026-07-10 14:26:32 INFO  (GhidraScript) GeneralStructureEyePatternScan.java> Scanned 500000 functions. Exported so far: 456  
2026-07-10 14:27:40 INFO  (GhidraScript) GeneralStructureEyePatternScan.java> Scanned 510000 functions. Exported so far: 456  
2026-07-10 14:28:58 INFO  (GhidraScript) GeneralStructureEyePatternScan.java> Scanned 520000 functions. Exported so far: 489  
2026-07-10 14:29:42 INFO  (GhidraScript) GeneralStructureEyePatternScan.java> Scanned 530000 functions. Exported so far: 496  
2026-07-10 14:32:07 INFO  (GhidraScript) GeneralStructureEyePatternScan.java> Scanned 540000 functions. Exported so far: 498  
2026-07-10 14:33:57 INFO  (GhidraScript) GeneralStructureEyePatternScan.java> Scanned 550000 functions. Exported so far: 498  
2026-07-10 14:34:53 INFO  (GhidraScript) GeneralStructureEyePatternScan.java> Scanned 560000 functions. Exported so far: 500  
2026-07-10 14:37:51 INFO  (GhidraScript) GeneralStructureEyePatternScan.java> Scanned 570000 functions. Exported so far: 514  
2026-07-10 14:39:34 INFO  (GhidraScript) GeneralStructureEyePatternScan.java> Scanned 580000 functions. Exported so far: 514  
2026-07-10 14:41:09 INFO  (GhidraScript) GeneralStructureEyePatternScan.java> Scanned 590000 functions. Exported so far: 517  
2026-07-10 14:42:38 INFO  (GhidraScript) GeneralStructureEyePatternScan.java> Scanned 600000 functions. Exported so far: 517  
2026-07-10 14:44:13 INFO  (GhidraScript) GeneralStructureEyePatternScan.java> Scanned 610000 functions. Exported so far: 534  
2026-07-10 14:45:51 INFO  (GhidraScript) GeneralStructureEyePatternScan.java> Scanned 620000 functions. Exported so far: 595  
2026-07-10 14:46:57 INFO  (GhidraScript) GeneralStructureEyePatternScan.java> Scanned 630000 functions. Exported so far: 595  
2026-07-10 14:47:19 INFO  (GhidraScript) GeneralStructureEyePatternScan.java> Scanned 640000 functions. Exported so far: 619  
2026-07-10 14:47:59 INFO  (GhidraScript) GeneralStructureEyePatternScan.java> Scanned 650000 functions. Exported so far: 619  
2026-07-10 14:48:48 INFO  (GhidraScript) GeneralStructureEyePatternScan.java> Scanned 660000 functions. Exported so far: 619  
2026-07-10 14:52:42 INFO  (GhidraScript) GeneralStructureEyePatternScan.java> Scanned 670000 functions. Exported so far: 711  
2026-07-10 14:56:52 INFO  (GhidraScript) GeneralStructureEyePatternScan.java> Scanned 680000 functions. Exported so far: 711  
2026-07-10 15:11:44 INFO  (GhidraScript) GeneralStructureEyePatternScan.java> Scanned 690000 functions. Exported so far: 711  
2026-07-10 15:21:32 INFO  (GhidraScript) GeneralStructureEyePatternScan.java> Scanned 700000 functions. Exported so far: 906  
2026-07-10 15:23:34 INFO  (GhidraScript) GeneralStructureEyePatternScan.java> Scanned 710000 functions. Exported so far: 1461  
2026-07-10 15:26:48 INFO  (GhidraScript) GeneralStructureEyePatternScan.java> Scanned 720000 functions. Exported so far: 1480  
2026-07-10 15:31:00 INFO  (GhidraScript) GeneralStructureEyePatternScan.java> Scanned 730000 functions. Exported so far: 1510  
2026-07-10 15:34:32 INFO  (GhidraScript) GeneralStructureEyePatternScan.java> Scanned 740000 functions. Exported so far: 1510  
2026-07-10 15:37:55 INFO  (GhidraScript) GeneralStructureEyePatternScan.java> Scanned 750000 functions. Exported so far: 1511  
2026-07-10 15:42:05 INFO  (GhidraScript) GeneralStructureEyePatternScan.java> Scanned 760000 functions. Exported so far: 1511  
2026-07-10 15:47:47 INFO  (GhidraScript) GeneralStructureEyePatternScan.java> Scanned 770000 functions. Exported so far: 1511  
2026-07-10 16:19:27 INFO  (GhidraScript) GeneralStructureEyePatternScan.java> Scanned 780000 functions. Exported so far: 1511  
2026-07-10 16:20:38 INFO  (GhidraScript) GeneralStructureEyePatternScan.java> Scanned 790000 functions. Exported so far: 1511  
2026-07-10 16:30:41 INFO  (GhidraScript) GeneralStructureEyePatternScan.java> Scanned 800000 functions. Exported so far: 1511  
2026-07-10 16:33:28 INFO  (GhidraScript) GeneralStructureEyePatternScan.java> Scanned 810000 functions. Exported so far: 1511  
2026-07-10 16:34:14 INFO  (GhidraScript) GeneralStructureEyePatternScan.java> Scanned 820000 functions. Exported so far: 1512  
2026-07-10 18:51:11 INFO  (GhidraScript) GeneralStructureEyePatternScan.java> Scanned 830000 functions. Exported so far: 1515  
2026-07-10 18:56:41 INFO  (GhidraScript) GeneralStructureEyePatternScan.java> Scanned 840000 functions. Exported so far: 1515  
2026-07-10 19:43:41 INFO  (GhidraScript) GeneralStructureEyePatternScan.java> Scanned 850000 functions. Exported so far: 1585  
2026-07-10 20:17:35 INFO  (GhidraScript) GeneralStructureEyePatternScan.java> Scanned 860000 functions. Exported so far: 1627  
2026-07-10 21:32:32 INFO  (GhidraScript) GeneralStructureEyePatternScan.java> Scanned 870000 functions. Exported so far: 1779  
2026-07-10 21:34:31 INFO  (GhidraScript) GeneralStructureEyePatternScan.java> Scanned 880000 functions. Exported so far: 1823  
2026-07-10 21:36:14 INFO  (GhidraScript) GeneralStructureEyePatternScan.java> Scanned 890000 functions. Exported so far: 1855  
2026-07-10 21:48:58 INFO  (GhidraScript) GeneralStructureEyePatternScan.java> Scanned 900000 functions. Exported so far: 1898  
2026-07-10 21:50:06 INFO  (GhidraScript) GeneralStructureEyePatternScan.java> Scanned 910000 functions. Exported so far: 2003  
2026-07-10 22:29:34 INFO  (GhidraScript) GeneralStructureEyePatternScan.java> Scanned 920000 functions. Exported so far: 2052  
2026-07-10 22:34:32 INFO  (GhidraScript) GeneralStructureEyePatternScan.java> Scanned 930000 functions. Exported so far: 2065  
2026-07-10 22:35:15 WARN  (DecompileCallback) Decompiling 0848b000, pcode error at 0848b000: Unable to disassemble EXTERNAL block location: 0848b000  
2026-07-10 22:35:15 WARN  (DecompileCallback) Decompiling 0848b008, pcode error at 0848b008: Unable to disassemble EXTERNAL block location: 0848b008  
2026-07-10 22:35:15 WARN  (DecompileCallback) Decompiling 0848b010, pcode error at 0848b010: Unable to disassemble EXTERNAL block location: 0848b010  
2026-07-10 22:35:15 WARN  (DecompileCallback) Decompiling 0848b018, pcode error at 0848b018: Unable to disassemble EXTERNAL block location: 0848b018  
2026-07-10 22:35:15 WARN  (DecompileCallback) Decompiling 0848b020, pcode error at 0848b020: Unable to disassemble EXTERNAL block location: 0848b020  
2026-07-10 22:35:15 WARN  (DecompileCallback) Decompiling 0848b028, pcode error at 0848b028: Unable to disassemble EXTERNAL block location: 0848b028  
2026-07-10 22:35:15 WARN  (DecompileCallback) Decompiling 0848b030, pcode error at 0848b030: Unable to disassemble EXTERNAL block location: 0848b030  
2026-07-10 22:35:15 WARN  (DecompileCallback) Decompiling 0848b038, pcode error at 0848b038: Unable to disassemble EXTERNAL block location: 0848b038  
2026-07-10 22:35:15 WARN  (DecompileCallback) Decompiling 0848b040, pcode error at 0848b040: Unable to disassemble EXTERNAL block location: 0848b040  
2026-07-10 22:35:15 WARN  (DecompileCallback) Decompiling 0848b048, pcode error at 0848b048: Unable to disassemble EXTERNAL block location: 0848b048  
2026-07-10 22:35:15 WARN  (DecompileCallback) Decompiling 0848b050, pcode error at 0848b050: Unable to disassemble EXTERNAL block location: 0848b050  
2026-07-10 22:35:15 WARN  (DecompileCallback) Decompiling 0848b058, pcode error at 0848b058: Unable to disassemble EXTERNAL block location: 0848b058  
2026-07-10 22:35:15 WARN  (DecompileCallback) Decompiling 0848b060, pcode error at 0848b060: Unable to disassemble EXTERNAL block location: 0848b060  
2026-07-10 22:35:15 WARN  (DecompileCallback) Decompiling 0848b068, pcode error at 0848b068: Unable to disassemble EXTERNAL block location: 0848b068  
2026-07-10 22:35:15 WARN  (DecompileCallback) Decompiling 0848b070, pcode error at 0848b070: Unable to disassemble EXTERNAL block location: 0848b070  
2026-07-10 22:35:15 WARN  (DecompileCallback) Decompiling 0848b078, pcode error at 0848b078: Unable to disassemble EXTERNAL block location: 0848b078  
2026-07-10 22:35:15 WARN  (DecompileCallback) Decompiling 0848b080, pcode error at 0848b080: Unable to disassemble EXTERNAL block location: 0848b080  
2026-07-10 22:35:15 WARN  (DecompileCallback) Decompiling 0848b088, pcode error at 0848b088: Unable to disassemble EXTERNAL block location: 0848b088  
2026-07-10 22:35:15 WARN  (DecompileCallback) Decompiling 0848b090, pcode error at 0848b090: Unable to disassemble EXTERNAL block location: 0848b090  
2026-07-10 22:35:15 WARN  (DecompileCallback) Decompiling 0848b098, pcode error at 0848b098: Unable to disassemble EXTERNAL block location: 0848b098  
2026-07-10 22:35:15 WARN  (DecompileCallback) Decompiling 0848b0a0, pcode error at 0848b0a0: Unable to disassemble EXTERNAL block location: 0848b0a0  
2026-07-10 22:35:15 WARN  (DecompileCallback) Decompiling 0848b0a8, pcode error at 0848b0a8: Unable to disassemble EXTERNAL block location: 0848b0a8  
2026-07-10 22:35:15 WARN  (DecompileCallback) Decompiling 0848b0b0, pcode error at 0848b0b0: Unable to disassemble EXTERNAL block location: 0848b0b0  
2026-07-10 22:35:15 WARN  (DecompileCallback) Decompiling 0848b0b8, pcode error at 0848b0b8: Unable to disassemble EXTERNAL block location: 0848b0b8  
2026-07-10 22:35:15 WARN  (DecompileCallback) Decompiling 0848b0c0, pcode error at 0848b0c0: Unable to disassemble EXTERNAL block location: 0848b0c0  
2026-07-10 22:35:15 WARN  (DecompileCallback) Decompiling 0848b0c8, pcode error at 0848b0c8: Unable to disassemble EXTERNAL block location: 0848b0c8  
2026-07-10 22:35:15 WARN  (DecompileCallback) Decompiling 0848b0d0, pcode error at 0848b0d0: Unable to disassemble EXTERNAL block location: 0848b0d0  
2026-07-10 22:35:15 WARN  (DecompileCallback) Decompiling 0848b0d8, pcode error at 0848b0d8: Unable to disassemble EXTERNAL block location: 0848b0d8  
2026-07-10 22:35:15 WARN  (DecompileCallback) Decompiling 0848b0e0, pcode error at 0848b0e0: Unable to disassemble EXTERNAL block location: 0848b0e0  
2026-07-10 22:35:15 WARN  (DecompileCallback) Decompiling 0848b0e8, pcode error at 0848b0e8: Unable to disassemble EXTERNAL block location: 0848b0e8  
2026-07-10 22:35:15 WARN  (DecompileCallback) Decompiling 0848b0f0, pcode error at 0848b0f0: Unable to disassemble EXTERNAL block location: 0848b0f0  
2026-07-10 22:35:15 WARN  (DecompileCallback) Decompiling 0848b0f8, pcode error at 0848b0f8: Unable to disassemble EXTERNAL block location: 0848b0f8  
2026-07-10 22:35:15 WARN  (DecompileCallback) Decompiling 0848b100, pcode error at 0848b100: Unable to disassemble EXTERNAL block location: 0848b100  
2026-07-10 22:35:15 WARN  (DecompileCallback) Decompiling 0848b108, pcode error at 0848b108: Unable to disassemble EXTERNAL block location: 0848b108  
2026-07-10 22:35:15 WARN  (DecompileCallback) Decompiling 0848b110, pcode error at 0848b110: Unable to disassemble EXTERNAL block location: 0848b110  
2026-07-10 22:35:15 WARN  (DecompileCallback) Decompiling 0848b118, pcode error at 0848b118: Unable to disassemble EXTERNAL block location: 0848b118  
2026-07-10 22:35:15 WARN  (DecompileCallback) Decompiling 0848b120, pcode error at 0848b120: Unable to disassemble EXTERNAL block location: 0848b120  
2026-07-10 22:35:15 WARN  (DecompileCallback) Decompiling 0848b130, pcode error at 0848b130: Unable to disassemble EXTERNAL block location: 0848b130  
2026-07-10 22:35:15 WARN  (DecompileCallback) Decompiling 0848b138, pcode error at 0848b138: Unable to disassemble EXTERNAL block location: 0848b138  
2026-07-10 22:35:15 WARN  (DecompileCallback) Decompiling 0848b140, pcode error at 0848b140: Unable to disassemble EXTERNAL block location: 0848b140  
2026-07-10 22:35:15 WARN  (DecompileCallback) Decompiling 0848b148, pcode error at 0848b148: Unable to disassemble EXTERNAL block location: 0848b148  
2026-07-10 22:35:15 WARN  (DecompileCallback) Decompiling 0848b150, pcode error at 0848b150: Unable to disassemble EXTERNAL block location: 0848b150  
2026-07-10 22:35:15 WARN  (DecompileCallback) Decompiling 0848b158, pcode error at 0848b158: Unable to disassemble EXTERNAL block location: 0848b158  
2026-07-10 22:35:15 WARN  (DecompileCallback) Decompiling 0848b160, pcode error at 0848b160: Unable to disassemble EXTERNAL block location: 0848b160  
2026-07-10 22:35:15 WARN  (DecompileCallback) Decompiling 0848b168, pcode error at 0848b168: Unable to disassemble EXTERNAL block location: 0848b168  
2026-07-10 22:35:15 WARN  (DecompileCallback) Decompiling 0848b170, pcode error at 0848b170: Unable to disassemble EXTERNAL block location: 0848b170  
2026-07-10 22:35:15 WARN  (DecompileCallback) Decompiling 0848b178, pcode error at 0848b178: Unable to disassemble EXTERNAL block location: 0848b178  
2026-07-10 22:35:15 WARN  (DecompileCallback) Decompiling 0848b180, pcode error at 0848b180: Unable to disassemble EXTERNAL block location: 0848b180  
2026-07-10 22:35:15 WARN  (DecompileCallback) Decompiling 0848b188, pcode error at 0848b188: Unable to disassemble EXTERNAL block location: 0848b188  
2026-07-10 22:35:15 WARN  (DecompileCallback) Decompiling 0848b190, pcode error at 0848b190: Unable to disassemble EXTERNAL block location: 0848b190  
2026-07-10 22:35:15 WARN  (DecompileCallback) Decompiling 0848b198, pcode error at 0848b198: Unable to disassemble EXTERNAL block location: 0848b198  
2026-07-10 22:35:15 WARN  (DecompileCallback) Decompiling 0848b1a0, pcode error at 0848b1a0: Unable to disassemble EXTERNAL block location: 0848b1a0  
2026-07-10 22:35:15 WARN  (DecompileCallback) Decompiling 0848b1a8, pcode error at 0848b1a8: Unable to disassemble EXTERNAL block location: 0848b1a8  
2026-07-10 22:35:15 WARN  (DecompileCallback) Decompiling 0848b1b0, pcode error at 0848b1b0: Unable to disassemble EXTERNAL block location: 0848b1b0  
2026-07-10 22:35:15 WARN  (DecompileCallback) Decompiling 0848b1b8, pcode error at 0848b1b8: Unable to disassemble EXTERNAL block location: 0848b1b8  
2026-07-10 22:35:15 WARN  (DecompileCallback) Decompiling 0848b1c0, pcode error at 0848b1c0: Unable to disassemble EXTERNAL block location: 0848b1c0  
2026-07-10 22:35:15 WARN  (DecompileCallback) Decompiling 0848b1c8, pcode error at 0848b1c8: Unable to disassemble EXTERNAL block location: 0848b1c8  
2026-07-10 22:35:15 WARN  (DecompileCallback) Decompiling 0848b1d0, pcode error at 0848b1d0: Unable to disassemble EXTERNAL block location: 0848b1d0  
2026-07-10 22:35:15 WARN  (DecompileCallback) Decompiling 0848b1d8, pcode error at 0848b1d8: Unable to disassemble EXTERNAL block location: 0848b1d8  
2026-07-10 22:35:15 WARN  (DecompileCallback) Decompiling 0848b1e0, pcode error at 0848b1e0: Unable to disassemble EXTERNAL block location: 0848b1e0  
2026-07-10 22:35:15 WARN  (DecompileCallback) Decompiling 0848b1e8, pcode error at 0848b1e8: Unable to disassemble EXTERNAL block location: 0848b1e8  
2026-07-10 22:35:15 WARN  (DecompileCallback) Decompiling 0848b1f0, pcode error at 0848b1f0: Unable to disassemble EXTERNAL block location: 0848b1f0  
2026-07-10 22:35:15 WARN  (DecompileCallback) Decompiling 0848b1f8, pcode error at 0848b1f8: Unable to disassemble EXTERNAL block location: 0848b1f8  
2026-07-10 22:35:15 WARN  (DecompileCallback) Decompiling 0848b200, pcode error at 0848b200: Unable to disassemble EXTERNAL block location: 0848b200  
2026-07-10 22:35:15 WARN  (DecompileCallback) Decompiling 0848b208, pcode error at 0848b208: Unable to disassemble EXTERNAL block location: 0848b208  
2026-07-10 22:35:15 WARN  (DecompileCallback) Decompiling 0848b210, pcode error at 0848b210: Unable to disassemble EXTERNAL block location: 0848b210  
2026-07-10 22:35:15 WARN  (DecompileCallback) Decompiling 0848b218, pcode error at 0848b218: Unable to disassemble EXTERNAL block location: 0848b218  
2026-07-10 22:35:15 WARN  (DecompileCallback) Decompiling 0848b220, pcode error at 0848b220: Unable to disassemble EXTERNAL block location: 0848b220  
2026-07-10 22:35:15 WARN  (DecompileCallback) Decompiling 0848b228, pcode error at 0848b228: Unable to disassemble EXTERNAL block location: 0848b228  
2026-07-10 22:35:15 WARN  (DecompileCallback) Decompiling 0848b230, pcode error at 0848b230: Unable to disassemble EXTERNAL block location: 0848b230  
2026-07-10 22:35:15 WARN  (DecompileCallback) Decompiling 0848b238, pcode error at 0848b238: Unable to disassemble EXTERNAL block location: 0848b238  
2026-07-10 22:35:15 WARN  (DecompileCallback) Decompiling 0848b240, pcode error at 0848b240: Unable to disassemble EXTERNAL block location: 0848b240  
2026-07-10 22:35:15 WARN  (DecompileCallback) Decompiling 0848b248, pcode error at 0848b248: Unable to disassemble EXTERNAL block location: 0848b248  
2026-07-10 22:35:15 WARN  (DecompileCallback) Decompiling 0848b250, pcode error at 0848b250: Unable to disassemble EXTERNAL block location: 0848b250  
2026-07-10 22:35:15 WARN  (DecompileCallback) Decompiling 0848b258, pcode error at 0848b258: Unable to disassemble EXTERNAL block location: 0848b258  
2026-07-10 22:35:15 WARN  (DecompileCallback) Decompiling 0848b260, pcode error at 0848b260: Unable to disassemble EXTERNAL block location: 0848b260  
2026-07-10 22:35:15 WARN  (DecompileCallback) Decompiling 0848b268, pcode error at 0848b268: Unable to disassemble EXTERNAL block location: 0848b268  
2026-07-10 22:35:15 WARN  (DecompileCallback) Decompiling 0848b270, pcode error at 0848b270: Unable to disassemble EXTERNAL block location: 0848b270  
2026-07-10 22:35:15 WARN  (DecompileCallback) Decompiling 0848b278, pcode error at 0848b278: Unable to disassemble EXTERNAL block location: 0848b278  
2026-07-10 22:35:15 WARN  (DecompileCallback) Decompiling 0848b280, pcode error at 0848b280: Unable to disassemble EXTERNAL block location: 0848b280  
2026-07-10 22:35:15 WARN  (DecompileCallback) Decompiling 0848b288, pcode error at 0848b288: Unable to disassemble EXTERNAL block location: 0848b288  
2026-07-10 22:35:15 WARN  (DecompileCallback) Decompiling 0848b290, pcode error at 0848b290: Unable to disassemble EXTERNAL block location: 0848b290  
2026-07-10 22:35:15 WARN  (DecompileCallback) Decompiling 0848b298, pcode error at 0848b298: Unable to disassemble EXTERNAL block location: 0848b298  
2026-07-10 22:35:15 WARN  (DecompileCallback) Decompiling 0848b2a0, pcode error at 0848b2a0: Unable to disassemble EXTERNAL block location: 0848b2a0  
2026-07-10 22:35:15 WARN  (DecompileCallback) Decompiling 0848b2a8, pcode error at 0848b2a8: Unable to disassemble EXTERNAL block location: 0848b2a8  
2026-07-10 22:35:15 WARN  (DecompileCallback) Decompiling 0848b2b0, pcode error at 0848b2b0: Unable to disassemble EXTERNAL block location: 0848b2b0  
2026-07-10 22:35:15 WARN  (DecompileCallback) Decompiling 0848b2b8, pcode error at 0848b2b8: Unable to disassemble EXTERNAL block location: 0848b2b8  
2026-07-10 22:35:15 WARN  (DecompileCallback) Decompiling 0848b2c0, pcode error at 0848b2c0: Unable to disassemble EXTERNAL block location: 0848b2c0  
2026-07-10 22:35:15 WARN  (DecompileCallback) Decompiling 0848b2c8, pcode error at 0848b2c8: Unable to disassemble EXTERNAL block location: 0848b2c8  
2026-07-10 22:35:15 WARN  (DecompileCallback) Decompiling 0848b2d0, pcode error at 0848b2d0: Unable to disassemble EXTERNAL block location: 0848b2d0  
2026-07-10 22:35:15 WARN  (DecompileCallback) Decompiling 0848b2d8, pcode error at 0848b2d8: Unable to disassemble EXTERNAL block location: 0848b2d8  
2026-07-10 22:35:15 WARN  (DecompileCallback) Decompiling 0848b2e0, pcode error at 0848b2e0: Unable to disassemble EXTERNAL block location: 0848b2e0  
2026-07-10 22:35:15 WARN  (DecompileCallback) Decompiling 0848b2e8, pcode error at 0848b2e8: Unable to disassemble EXTERNAL block location: 0848b2e8  
2026-07-10 22:35:15 WARN  (DecompileCallback) Decompiling 0848b2f0, pcode error at 0848b2f0: Unable to disassemble EXTERNAL block location: 0848b2f0  
2026-07-10 22:35:15 WARN  (DecompileCallback) Decompiling 0848b2f8, pcode error at 0848b2f8: Unable to disassemble EXTERNAL block location: 0848b2f8  
2026-07-10 22:35:15 WARN  (DecompileCallback) Decompiling 0848b300, pcode error at 0848b300: Unable to disassemble EXTERNAL block location: 0848b300  
2026-07-10 22:35:15 WARN  (DecompileCallback) Decompiling 0848b308, pcode error at 0848b308: Unable to disassemble EXTERNAL block location: 0848b308  
2026-07-10 22:35:15 WARN  (DecompileCallback) Decompiling 0848b310, pcode error at 0848b310: Unable to disassemble EXTERNAL block location: 0848b310  
2026-07-10 22:35:15 WARN  (DecompileCallback) Decompiling 0848b318, pcode error at 0848b318: Unable to disassemble EXTERNAL block location: 0848b318  
2026-07-10 22:35:15 WARN  (DecompileCallback) Decompiling 0848b320, pcode error at 0848b320: Unable to disassemble EXTERNAL block location: 0848b320  
2026-07-10 22:35:15 WARN  (DecompileCallback) Decompiling 0848b328, pcode error at 0848b328: Unable to disassemble EXTERNAL block location: 0848b328  
2026-07-10 22:35:15 WARN  (DecompileCallback) Decompiling 0848b330, pcode error at 0848b330: Unable to disassemble EXTERNAL block location: 0848b330  
2026-07-10 22:35:15 WARN  (DecompileCallback) Decompiling 0848b338, pcode error at 0848b338: Unable to disassemble EXTERNAL block location: 0848b338  
2026-07-10 22:35:15 WARN  (DecompileCallback) Decompiling 0848b340, pcode error at 0848b340: Unable to disassemble EXTERNAL block location: 0848b340  
2026-07-10 22:35:15 WARN  (DecompileCallback) Decompiling 0848b348, pcode error at 0848b348: Unable to disassemble EXTERNAL block location: 0848b348  
2026-07-10 22:35:15 WARN  (DecompileCallback) Decompiling 0848b350, pcode error at 0848b350: Unable to disassemble EXTERNAL block location: 0848b350  
2026-07-10 22:35:15 WARN  (DecompileCallback) Decompiling 0848b358, pcode error at 0848b358: Unable to disassemble EXTERNAL block location: 0848b358  
2026-07-10 22:35:15 WARN  (DecompileCallback) Decompiling 0848b360, pcode error at 0848b360: Unable to disassemble EXTERNAL block location: 0848b360  
2026-07-10 22:35:15 WARN  (DecompileCallback) Decompiling 0848b368, pcode error at 0848b368: Unable to disassemble EXTERNAL block location: 0848b368  
2026-07-10 22:35:15 WARN  (DecompileCallback) Decompiling 0848b370, pcode error at 0848b370: Unable to disassemble EXTERNAL block location: 0848b370  
2026-07-10 22:35:15 WARN  (DecompileCallback) Decompiling 0848b378, pcode error at 0848b378: Unable to disassemble EXTERNAL block location: 0848b378  
2026-07-10 22:35:15 WARN  (DecompileCallback) Decompiling 0848b380, pcode error at 0848b380: Unable to disassemble EXTERNAL block location: 0848b380  
2026-07-10 22:35:15 WARN  (DecompileCallback) Decompiling 0848b388, pcode error at 0848b388: Unable to disassemble EXTERNAL block location: 0848b388  
2026-07-10 22:35:15 WARN  (DecompileCallback) Decompiling 0848b390, pcode error at 0848b390: Unable to disassemble EXTERNAL block location: 0848b390  
2026-07-10 22:35:15 WARN  (DecompileCallback) Decompiling 0848b398, pcode error at 0848b398: Unable to disassemble EXTERNAL block location: 0848b398  
2026-07-10 22:35:15 WARN  (DecompileCallback) Decompiling 0848b3a0, pcode error at 0848b3a0: Unable to disassemble EXTERNAL block location: 0848b3a0  
2026-07-10 22:35:15 WARN  (DecompileCallback) Decompiling 0848b3a8, pcode error at 0848b3a8: Unable to disassemble EXTERNAL block location: 0848b3a8  
2026-07-10 22:35:15 WARN  (DecompileCallback) Decompiling 0848b3b0, pcode error at 0848b3b0: Unable to disassemble EXTERNAL block location: 0848b3b0  
2026-07-10 22:35:15 WARN  (DecompileCallback) Decompiling 0848b3b8, pcode error at 0848b3b8: Unable to disassemble EXTERNAL block location: 0848b3b8  
2026-07-10 22:35:15 WARN  (DecompileCallback) Decompiling 0848b3c0, pcode error at 0848b3c0: Unable to disassemble EXTERNAL block location: 0848b3c0  
2026-07-10 22:35:15 WARN  (DecompileCallback) Decompiling 0848b3c8, pcode error at 0848b3c8: Unable to disassemble EXTERNAL block location: 0848b3c8  
2026-07-10 22:35:15 WARN  (DecompileCallback) Decompiling 0848b3d0, pcode error at 0848b3d0: Unable to disassemble EXTERNAL block location: 0848b3d0  
2026-07-10 22:35:15 WARN  (DecompileCallback) Decompiling 0848b3d8, pcode error at 0848b3d8: Unable to disassemble EXTERNAL block location: 0848b3d8  
2026-07-10 22:35:15 WARN  (DecompileCallback) Decompiling 0848b3e0, pcode error at 0848b3e0: Unable to disassemble EXTERNAL block location: 0848b3e0  
2026-07-10 22:35:15 WARN  (DecompileCallback) Decompiling 0848b3e8, pcode error at 0848b3e8: Unable to disassemble EXTERNAL block location: 0848b3e8  
2026-07-10 22:35:15 WARN  (DecompileCallback) Decompiling 0848b3f0, pcode error at 0848b3f0: Unable to disassemble EXTERNAL block location: 0848b3f0  
2026-07-10 22:35:15 WARN  (DecompileCallback) Decompiling 0848b3f8, pcode error at 0848b3f8: Unable to disassemble EXTERNAL block location: 0848b3f8  
2026-07-10 22:35:15 WARN  (DecompileCallback) Decompiling 0848b400, pcode error at 0848b400: Unable to disassemble EXTERNAL block location: 0848b400  
2026-07-10 22:35:15 WARN  (DecompileCallback) Decompiling 0848b408, pcode error at 0848b408: Unable to disassemble EXTERNAL block location: 0848b408  
2026-07-10 22:35:15 WARN  (DecompileCallback) Decompiling 0848b410, pcode error at 0848b410: Unable to disassemble EXTERNAL block location: 0848b410  
2026-07-10 22:35:15 WARN  (DecompileCallback) Decompiling 0848b418, pcode error at 0848b418: Unable to disassemble EXTERNAL block location: 0848b418  
2026-07-10 22:35:15 WARN  (DecompileCallback) Decompiling 0848b420, pcode error at 0848b420: Unable to disassemble EXTERNAL block location: 0848b420  
2026-07-10 22:35:15 WARN  (DecompileCallback) Decompiling 0848b428, pcode error at 0848b428: Unable to disassemble EXTERNAL block location: 0848b428  
2026-07-10 22:35:15 WARN  (DecompileCallback) Decompiling 0848b430, pcode error at 0848b430: Unable to disassemble EXTERNAL block location: 0848b430  
2026-07-10 22:35:15 WARN  (DecompileCallback) Decompiling 0848b438, pcode error at 0848b438: Unable to disassemble EXTERNAL block location: 0848b438  
2026-07-10 22:35:15 WARN  (DecompileCallback) Decompiling 0848b440, pcode error at 0848b440: Unable to disassemble EXTERNAL block location: 0848b440  
2026-07-10 22:35:15 WARN  (DecompileCallback) Decompiling 0848b448, pcode error at 0848b448: Unable to disassemble EXTERNAL block location: 0848b448  
2026-07-10 22:35:15 WARN  (DecompileCallback) Decompiling 0848b450, pcode error at 0848b450: Unable to disassemble EXTERNAL block location: 0848b450  
2026-07-10 22:35:15 WARN  (DecompileCallback) Decompiling 0848b458, pcode error at 0848b458: Unable to disassemble EXTERNAL block location: 0848b458  
2026-07-10 22:35:15 WARN  (DecompileCallback) Decompiling 0848b460, pcode error at 0848b460: Unable to disassemble EXTERNAL block location: 0848b460  
2026-07-10 22:35:15 WARN  (DecompileCallback) Decompiling 0848b468, pcode error at 0848b468: Unable to disassemble EXTERNAL block location: 0848b468  
2026-07-10 22:35:15 WARN  (DecompileCallback) Decompiling 0848b470, pcode error at 0848b470: Unable to disassemble EXTERNAL block location: 0848b470  
2026-07-10 22:35:15 WARN  (DecompileCallback) Decompiling 0848b478, pcode error at 0848b478: Unable to disassemble EXTERNAL block location: 0848b478  
2026-07-10 22:35:15 WARN  (DecompileCallback) Decompiling 0848b480, pcode error at 0848b480: Unable to disassemble EXTERNAL block location: 0848b480  
2026-07-10 22:35:15 WARN  (DecompileCallback) Decompiling 0848b488, pcode error at 0848b488: Unable to disassemble EXTERNAL block location: 0848b488  
2026-07-10 22:35:15 WARN  (DecompileCallback) Decompiling 0848b490, pcode error at 0848b490: Unable to disassemble EXTERNAL block location: 0848b490  
2026-07-10 22:35:15 WARN  (DecompileCallback) Decompiling 0848b498, pcode error at 0848b498: Unable to disassemble EXTERNAL block location: 0848b498  
2026-07-10 22:35:15 WARN  (DecompileCallback) Decompiling 0848b4a0, pcode error at 0848b4a0: Unable to disassemble EXTERNAL block location: 0848b4a0  
2026-07-10 22:35:15 WARN  (DecompileCallback) Decompiling 0848b4a8, pcode error at 0848b4a8: Unable to disassemble EXTERNAL block location: 0848b4a8  
2026-07-10 22:35:15 WARN  (DecompileCallback) Decompiling 0848b4b0, pcode error at 0848b4b0: Unable to disassemble EXTERNAL block location: 0848b4b0  
2026-07-10 22:35:15 WARN  (DecompileCallback) Decompiling 0848b4b8, pcode error at 0848b4b8: Unable to disassemble EXTERNAL block location: 0848b4b8  
2026-07-10 22:35:15 WARN  (DecompileCallback) Decompiling 0848b4c0, pcode error at 0848b4c0: Unable to disassemble EXTERNAL block location: 0848b4c0  
2026-07-10 22:35:15 WARN  (DecompileCallback) Decompiling 0848b4c8, pcode error at 0848b4c8: Unable to disassemble EXTERNAL block location: 0848b4c8  
2026-07-10 22:35:15 WARN  (DecompileCallback) Decompiling 0848b4d0, pcode error at 0848b4d0: Unable to disassemble EXTERNAL block location: 0848b4d0  
2026-07-10 22:35:15 WARN  (DecompileCallback) Decompiling 0848b4d8, pcode error at 0848b4d8: Unable to disassemble EXTERNAL block location: 0848b4d8  
2026-07-10 22:35:15 WARN  (DecompileCallback) Decompiling 0848b4e0, pcode error at 0848b4e0: Unable to disassemble EXTERNAL block location: 0848b4e0  
2026-07-10 22:35:15 WARN  (DecompileCallback) Decompiling 0848b4e8, pcode error at 0848b4e8: Unable to disassemble EXTERNAL block location: 0848b4e8  
2026-07-10 22:35:15 WARN  (DecompileCallback) Decompiling 0848b4f0, pcode error at 0848b4f0: Unable to disassemble EXTERNAL block location: 0848b4f0  
2026-07-10 22:35:15 WARN  (DecompileCallback) Decompiling 0848b4f8, pcode error at 0848b4f8: Unable to disassemble EXTERNAL block location: 0848b4f8  
2026-07-10 22:35:15 WARN  (DecompileCallback) Decompiling 0848b500, pcode error at 0848b500: Unable to disassemble EXTERNAL block location: 0848b500  
2026-07-10 22:35:15 WARN  (DecompileCallback) Decompiling 0848b508, pcode error at 0848b508: Unable to disassemble EXTERNAL block location: 0848b508  
2026-07-10 22:35:15 WARN  (DecompileCallback) Decompiling 0848b510, pcode error at 0848b510: Unable to disassemble EXTERNAL block location: 0848b510  
2026-07-10 22:35:15 WARN  (DecompileCallback) Decompiling 0848b518, pcode error at 0848b518: Unable to disassemble EXTERNAL block location: 0848b518  
2026-07-10 22:35:15 WARN  (DecompileCallback) Decompiling 0848b520, pcode error at 0848b520: Unable to disassemble EXTERNAL block location: 0848b520  
2026-07-10 22:35:15 WARN  (DecompileCallback) Decompiling 0848b528, pcode error at 0848b528: Unable to disassemble EXTERNAL block location: 0848b528  
2026-07-10 22:35:15 WARN  (DecompileCallback) Decompiling 0848b530, pcode error at 0848b530: Unable to disassemble EXTERNAL block location: 0848b530  
2026-07-10 22:35:15 WARN  (DecompileCallback) Decompiling 0848b538, pcode error at 0848b538: Unable to disassemble EXTERNAL block location: 0848b538  
2026-07-10 22:35:15 WARN  (DecompileCallback) Decompiling 0848b540, pcode error at 0848b540: Unable to disassemble EXTERNAL block location: 0848b540  
2026-07-10 22:35:15 WARN  (DecompileCallback) Decompiling 0848b550, pcode error at 0848b550: Unable to disassemble EXTERNAL block location: 0848b550  
2026-07-10 22:35:15 WARN  (DecompileCallback) Decompiling 0848b558, pcode error at 0848b558: Unable to disassemble EXTERNAL block location: 0848b558  
2026-07-10 22:35:15 WARN  (DecompileCallback) Decompiling 0848b560, pcode error at 0848b560: Unable to disassemble EXTERNAL block location: 0848b560  
2026-07-10 22:35:15 WARN  (DecompileCallback) Decompiling 0848b568, pcode error at 0848b568: Unable to disassemble EXTERNAL block location: 0848b568  
2026-07-10 22:35:15 WARN  (DecompileCallback) Decompiling 0848b570, pcode error at 0848b570: Unable to disassemble EXTERNAL block location: 0848b570  
2026-07-10 22:35:15 WARN  (DecompileCallback) Decompiling 0848b578, pcode error at 0848b578: Unable to disassemble EXTERNAL block location: 0848b578  
2026-07-10 22:35:15 WARN  (DecompileCallback) Decompiling 0848b580, pcode error at 0848b580: Unable to disassemble EXTERNAL block location: 0848b580  
2026-07-10 22:35:15 WARN  (DecompileCallback) Decompiling 0848b588, pcode error at 0848b588: Unable to disassemble EXTERNAL block location: 0848b588  
2026-07-10 22:35:15 WARN  (DecompileCallback) Decompiling 0848b590, pcode error at 0848b590: Unable to disassemble EXTERNAL block location: 0848b590  
2026-07-10 22:35:15 WARN  (DecompileCallback) Decompiling 0848b598, pcode error at 0848b598: Unable to disassemble EXTERNAL block location: 0848b598  
2026-07-10 22:35:15 WARN  (DecompileCallback) Decompiling 0848b5a0, pcode error at 0848b5a0: Unable to disassemble EXTERNAL block location: 0848b5a0  
2026-07-10 22:35:15 WARN  (DecompileCallback) Decompiling 0848b5a8, pcode error at 0848b5a8: Unable to disassemble EXTERNAL block location: 0848b5a8  
2026-07-10 22:35:15 WARN  (DecompileCallback) Decompiling 0848b5b0, pcode error at 0848b5b0: Unable to disassemble EXTERNAL block location: 0848b5b0  
2026-07-10 22:35:15 WARN  (DecompileCallback) Decompiling 0848b5b8, pcode error at 0848b5b8: Unable to disassemble EXTERNAL block location: 0848b5b8  
2026-07-10 22:35:15 WARN  (DecompileCallback) Decompiling 0848b5c0, pcode error at 0848b5c0: Unable to disassemble EXTERNAL block location: 0848b5c0  
2026-07-10 22:35:15 WARN  (DecompileCallback) Decompiling 0848b5c8, pcode error at 0848b5c8: Unable to disassemble EXTERNAL block location: 0848b5c8  
2026-07-10 22:35:15 WARN  (DecompileCallback) Decompiling 0848b5d0, pcode error at 0848b5d0: Unable to disassemble EXTERNAL block location: 0848b5d0  
2026-07-10 22:35:15 WARN  (DecompileCallback) Decompiling 0848b5d8, pcode error at 0848b5d8: Unable to disassemble EXTERNAL block location: 0848b5d8  
2026-07-10 22:35:15 WARN  (DecompileCallback) Decompiling 0848b5e0, pcode error at 0848b5e0: Unable to disassemble EXTERNAL block location: 0848b5e0  
2026-07-10 22:35:15 WARN  (DecompileCallback) Decompiling 0848b5e8, pcode error at 0848b5e8: Unable to disassemble EXTERNAL block location: 0848b5e8  
2026-07-10 22:35:15 WARN  (DecompileCallback) Decompiling 0848b5f0, pcode error at 0848b5f0: Unable to disassemble EXTERNAL block location: 0848b5f0  
2026-07-10 22:35:15 WARN  (DecompileCallback) Decompiling 0848b5f8, pcode error at 0848b5f8: Unable to disassemble EXTERNAL block location: 0848b5f8  
2026-07-10 22:35:15 WARN  (DecompileCallback) Decompiling 0848b600, pcode error at 0848b600: Unable to disassemble EXTERNAL block location: 0848b600  
2026-07-10 22:35:15 WARN  (DecompileCallback) Decompiling 0848b608, pcode error at 0848b608: Unable to disassemble EXTERNAL block location: 0848b608  
2026-07-10 22:35:15 WARN  (DecompileCallback) Decompiling 0848b610, pcode error at 0848b610: Unable to disassemble EXTERNAL block location: 0848b610  
2026-07-10 22:35:15 WARN  (DecompileCallback) Decompiling 0848b618, pcode error at 0848b618: Unable to disassemble EXTERNAL block location: 0848b618  
2026-07-10 22:35:15 WARN  (DecompileCallback) Decompiling 0848b620, pcode error at 0848b620: Unable to disassemble EXTERNAL block location: 0848b620  
2026-07-10 22:35:15 WARN  (DecompileCallback) Decompiling 0848b628, pcode error at 0848b628: Unable to disassemble EXTERNAL block location: 0848b628  
2026-07-10 22:35:15 WARN  (DecompileCallback) Decompiling 0848b630, pcode error at 0848b630: Unable to disassemble EXTERNAL block location: 0848b630  
2026-07-10 22:35:15 WARN  (DecompileCallback) Decompiling 0848b638, pcode error at 0848b638: Unable to disassemble EXTERNAL block location: 0848b638  
2026-07-10 22:35:15 WARN  (DecompileCallback) Decompiling 0848b640, pcode error at 0848b640: Unable to disassemble EXTERNAL block location: 0848b640  
2026-07-10 22:35:15 WARN  (DecompileCallback) Decompiling 0848b648, pcode error at 0848b648: Unable to disassemble EXTERNAL block location: 0848b648  
2026-07-10 22:35:15 WARN  (DecompileCallback) Decompiling 0848b650, pcode error at 0848b650: Unable to disassemble EXTERNAL block location: 0848b650  
2026-07-10 22:35:15 WARN  (DecompileCallback) Decompiling 0848b658, pcode error at 0848b658: Unable to disassemble EXTERNAL block location: 0848b658  
2026-07-10 22:35:15 WARN  (DecompileCallback) Decompiling 0848b660, pcode error at 0848b660: Unable to disassemble EXTERNAL block location: 0848b660  
2026-07-10 22:35:15 WARN  (DecompileCallback) Decompiling 0848b668, pcode error at 0848b668: Unable to disassemble EXTERNAL block location: 0848b668  
2026-07-10 22:35:15 WARN  (DecompileCallback) Decompiling 0848b670, pcode error at 0848b670: Unable to disassemble EXTERNAL block location: 0848b670  
2026-07-10 22:35:15 WARN  (DecompileCallback) Decompiling 0848b678, pcode error at 0848b678: Unable to disassemble EXTERNAL block location: 0848b678  
2026-07-10 22:35:15 WARN  (DecompileCallback) Decompiling 0848b680, pcode error at 0848b680: Unable to disassemble EXTERNAL block location: 0848b680  
2026-07-10 22:35:15 WARN  (DecompileCallback) Decompiling 0848b688, pcode error at 0848b688: Unable to disassemble EXTERNAL block location: 0848b688  
2026-07-10 22:35:15 WARN  (DecompileCallback) Decompiling 0848b690, pcode error at 0848b690: Unable to disassemble EXTERNAL block location: 0848b690  
2026-07-10 22:35:15 WARN  (DecompileCallback) Decompiling 0848b698, pcode error at 0848b698: Unable to disassemble EXTERNAL block location: 0848b698  
2026-07-10 22:35:15 WARN  (DecompileCallback) Decompiling 0848b6a0, pcode error at 0848b6a0: Unable to disassemble EXTERNAL block location: 0848b6a0  
2026-07-10 22:35:15 WARN  (DecompileCallback) Decompiling 0848b6a8, pcode error at 0848b6a8: Unable to disassemble EXTERNAL block location: 0848b6a8  
2026-07-10 22:35:15 WARN  (DecompileCallback) Decompiling 0848b6b0, pcode error at 0848b6b0: Unable to disassemble EXTERNAL block location: 0848b6b0  
2026-07-10 22:35:15 WARN  (DecompileCallback) Decompiling 0848b6b8, pcode error at 0848b6b8: Unable to disassemble EXTERNAL block location: 0848b6b8  
2026-07-10 22:35:15 WARN  (DecompileCallback) Decompiling 0848b6c0, pcode error at 0848b6c0: Unable to disassemble EXTERNAL block location: 0848b6c0  
2026-07-10 22:35:15 WARN  (DecompileCallback) Decompiling 0848b6c8, pcode error at 0848b6c8: Unable to disassemble EXTERNAL block location: 0848b6c8  
2026-07-10 22:35:15 WARN  (DecompileCallback) Decompiling 0848b6d0, pcode error at 0848b6d0: Unable to disassemble EXTERNAL block location: 0848b6d0  
2026-07-10 22:35:15 WARN  (DecompileCallback) Decompiling 0848b6d8, pcode error at 0848b6d8: Unable to disassemble EXTERNAL block location: 0848b6d8  
2026-07-10 22:35:15 WARN  (DecompileCallback) Decompiling 0848b6e0, pcode error at 0848b6e0: Unable to disassemble EXTERNAL block location: 0848b6e0  
2026-07-10 22:35:15 WARN  (DecompileCallback) Decompiling 0848b6e8, pcode error at 0848b6e8: Unable to disassemble EXTERNAL block location: 0848b6e8  
2026-07-10 22:35:15 WARN  (DecompileCallback) Decompiling 0848b6f0, pcode error at 0848b6f0: Unable to disassemble EXTERNAL block location: 0848b6f0  
2026-07-10 22:35:15 WARN  (DecompileCallback) Decompiling 0848b6f8, pcode error at 0848b6f8: Unable to disassemble EXTERNAL block location: 0848b6f8  
2026-07-10 22:35:15 WARN  (DecompileCallback) Decompiling 0848b700, pcode error at 0848b700: Unable to disassemble EXTERNAL block location: 0848b700  
2026-07-10 22:35:15 WARN  (DecompileCallback) Decompiling 0848b708, pcode error at 0848b708: Unable to disassemble EXTERNAL block location: 0848b708  
2026-07-10 22:35:15 WARN  (DecompileCallback) Decompiling 0848b710, pcode error at 0848b710: Unable to disassemble EXTERNAL block location: 0848b710  
2026-07-10 22:35:15 WARN  (DecompileCallback) Decompiling 0848b718, pcode error at 0848b718: Unable to disassemble EXTERNAL block location: 0848b718  
2026-07-10 22:35:15 WARN  (DecompileCallback) Decompiling 0848b720, pcode error at 0848b720: Unable to disassemble EXTERNAL block location: 0848b720  
2026-07-10 22:35:15 WARN  (DecompileCallback) Decompiling 0848b728, pcode error at 0848b728: Unable to disassemble EXTERNAL block location: 0848b728  
2026-07-10 22:35:15 WARN  (DecompileCallback) Decompiling 0848b730, pcode error at 0848b730: Unable to disassemble EXTERNAL block location: 0848b730  
2026-07-10 22:35:15 WARN  (DecompileCallback) Decompiling 0848b738, pcode error at 0848b738: Unable to disassemble EXTERNAL block location: 0848b738  
2026-07-10 22:35:15 WARN  (DecompileCallback) Decompiling 0848b740, pcode error at 0848b740: Unable to disassemble EXTERNAL block location: 0848b740  
2026-07-10 22:35:15 WARN  (DecompileCallback) Decompiling 0848b748, pcode error at 0848b748: Unable to disassemble EXTERNAL block location: 0848b748  
2026-07-10 22:35:15 WARN  (DecompileCallback) Decompiling 0848b750, pcode error at 0848b750: Unable to disassemble EXTERNAL block location: 0848b750  
2026-07-10 22:35:15 WARN  (DecompileCallback) Decompiling 0848b758, pcode error at 0848b758: Unable to disassemble EXTERNAL block location: 0848b758  
2026-07-10 22:35:15 WARN  (DecompileCallback) Decompiling 0848b760, pcode error at 0848b760: Unable to disassemble EXTERNAL block location: 0848b760  
2026-07-10 22:35:15 WARN  (DecompileCallback) Decompiling 0848b768, pcode error at 0848b768: Unable to disassemble EXTERNAL block location: 0848b768  
2026-07-10 22:35:15 WARN  (DecompileCallback) Decompiling 0848b770, pcode error at 0848b770: Unable to disassemble EXTERNAL block location: 0848b770  
2026-07-10 22:35:15 WARN  (DecompileCallback) Decompiling 0848b778, pcode error at 0848b778: Unable to disassemble EXTERNAL block location: 0848b778  
2026-07-10 22:35:15 WARN  (DecompileCallback) Decompiling 0848b780, pcode error at 0848b780: Unable to disassemble EXTERNAL block location: 0848b780  
2026-07-10 22:35:15 WARN  (DecompileCallback) Decompiling 0848b788, pcode error at 0848b788: Unable to disassemble EXTERNAL block location: 0848b788  
2026-07-10 22:35:15 WARN  (DecompileCallback) Decompiling 0848b790, pcode error at 0848b790: Unable to disassemble EXTERNAL block location: 0848b790  
2026-07-10 22:35:15 WARN  (DecompileCallback) Decompiling 0848b798, pcode error at 0848b798: Unable to disassemble EXTERNAL block location: 0848b798  
2026-07-10 22:35:15 WARN  (DecompileCallback) Decompiling 0848b7a0, pcode error at 0848b7a0: Unable to disassemble EXTERNAL block location: 0848b7a0  
2026-07-10 22:35:15 WARN  (DecompileCallback) Decompiling 0848b7a8, pcode error at 0848b7a8: Unable to disassemble EXTERNAL block location: 0848b7a8  
2026-07-10 22:35:15 WARN  (DecompileCallback) Decompiling 0848b7b0, pcode error at 0848b7b0: Unable to disassemble EXTERNAL block location: 0848b7b0  
2026-07-10 22:35:15 WARN  (DecompileCallback) Decompiling 0848b7b8, pcode error at 0848b7b8: Unable to disassemble EXTERNAL block location: 0848b7b8  
2026-07-10 22:35:15 WARN  (DecompileCallback) Decompiling 0848b7c0, pcode error at 0848b7c0: Unable to disassemble EXTERNAL block location: 0848b7c0  
2026-07-10 22:35:15 WARN  (DecompileCallback) Decompiling 0848b7c8, pcode error at 0848b7c8: Unable to disassemble EXTERNAL block location: 0848b7c8  
2026-07-10 22:35:15 WARN  (DecompileCallback) Decompiling 0848b7d0, pcode error at 0848b7d0: Unable to disassemble EXTERNAL block location: 0848b7d0  
2026-07-10 22:35:15 WARN  (DecompileCallback) Decompiling 0848b7d8, pcode error at 0848b7d8: Unable to disassemble EXTERNAL block location: 0848b7d8  
2026-07-10 22:35:15 WARN  (DecompileCallback) Decompiling 0848b7e0, pcode error at 0848b7e0: Unable to disassemble EXTERNAL block location: 0848b7e0  
2026-07-10 22:35:15 WARN  (DecompileCallback) Decompiling 0848b7e8, pcode error at 0848b7e8: Unable to disassemble EXTERNAL block location: 0848b7e8  
2026-07-10 22:35:15 WARN  (DecompileCallback) Decompiling 0848b7f0, pcode error at 0848b7f0: Unable to disassemble EXTERNAL block location: 0848b7f0  
2026-07-10 22:35:15 WARN  (DecompileCallback) Decompiling 0848b7f8, pcode error at 0848b7f8: Unable to disassemble EXTERNAL block location: 0848b7f8  
2026-07-10 22:35:15 WARN  (DecompileCallback) Decompiling 0848b800, pcode error at 0848b800: Unable to disassemble EXTERNAL block location: 0848b800  
2026-07-10 22:35:15 WARN  (DecompileCallback) Decompiling 0848b808, pcode error at 0848b808: Unable to disassemble EXTERNAL block location: 0848b808  
2026-07-10 22:35:15 WARN  (DecompileCallback) Decompiling 0848b810, pcode error at 0848b810: Unable to disassemble EXTERNAL block location: 0848b810  
2026-07-10 22:35:15 WARN  (DecompileCallback) Decompiling 0848b818, pcode error at 0848b818: Unable to disassemble EXTERNAL block location: 0848b818  
2026-07-10 22:35:15 WARN  (DecompileCallback) Decompiling 0848b820, pcode error at 0848b820: Unable to disassemble EXTERNAL block location: 0848b820  
2026-07-10 22:35:16 WARN  (DecompileCallback) Decompiling 0848b828, pcode error at 0848b828: Unable to disassemble EXTERNAL block location: 0848b828  
2026-07-10 22:35:16 WARN  (DecompileCallback) Decompiling 0848b830, pcode error at 0848b830: Unable to disassemble EXTERNAL block location: 0848b830  
2026-07-10 22:35:16 WARN  (DecompileCallback) Decompiling 0848b838, pcode error at 0848b838: Unable to disassemble EXTERNAL block location: 0848b838  
2026-07-10 22:35:16 WARN  (DecompileCallback) Decompiling 0848b840, pcode error at 0848b840: Unable to disassemble EXTERNAL block location: 0848b840  
2026-07-10 22:35:16 WARN  (DecompileCallback) Decompiling 0848b848, pcode error at 0848b848: Unable to disassemble EXTERNAL block location: 0848b848  
2026-07-10 22:35:16 WARN  (DecompileCallback) Decompiling 0848b850, pcode error at 0848b850: Unable to disassemble EXTERNAL block location: 0848b850  
2026-07-10 22:35:16 WARN  (DecompileCallback) Decompiling 0848b858, pcode error at 0848b858: Unable to disassemble EXTERNAL block location: 0848b858  
2026-07-10 22:35:16 WARN  (DecompileCallback) Decompiling 0848b860, pcode error at 0848b860: Unable to disassemble EXTERNAL block location: 0848b860  
2026-07-10 22:35:16 WARN  (DecompileCallback) Decompiling 0848b868, pcode error at 0848b868: Unable to disassemble EXTERNAL block location: 0848b868  
2026-07-10 22:35:16 WARN  (DecompileCallback) Decompiling 0848b870, pcode error at 0848b870: Unable to disassemble EXTERNAL block location: 0848b870  
2026-07-10 22:35:16 WARN  (DecompileCallback) Decompiling 0848b878, pcode error at 0848b878: Unable to disassemble EXTERNAL block location: 0848b878  
2026-07-10 22:35:16 WARN  (DecompileCallback) Decompiling 0848b880, pcode error at 0848b880: Unable to disassemble EXTERNAL block location: 0848b880  
2026-07-10 22:35:16 WARN  (DecompileCallback) Decompiling 0848b888, pcode error at 0848b888: Unable to disassemble EXTERNAL block location: 0848b888  
2026-07-10 22:35:16 WARN  (DecompileCallback) Decompiling 0848b890, pcode error at 0848b890: Unable to disassemble EXTERNAL block location: 0848b890  
2026-07-10 22:35:16 WARN  (DecompileCallback) Decompiling 0848b898, pcode error at 0848b898: Unable to disassemble EXTERNAL block location: 0848b898  
2026-07-10 22:35:16 WARN  (DecompileCallback) Decompiling 0848b8a0, pcode error at 0848b8a0: Unable to disassemble EXTERNAL block location: 0848b8a0  
2026-07-10 22:35:16 WARN  (DecompileCallback) Decompiling 0848b8a8, pcode error at 0848b8a8: Unable to disassemble EXTERNAL block location: 0848b8a8  
2026-07-10 22:35:16 WARN  (DecompileCallback) Decompiling 0848b8b0, pcode error at 0848b8b0: Unable to disassemble EXTERNAL block location: 0848b8b0  
2026-07-10 22:35:16 WARN  (DecompileCallback) Decompiling 0848b8b8, pcode error at 0848b8b8: Unable to disassemble EXTERNAL block location: 0848b8b8  
2026-07-10 22:35:16 WARN  (DecompileCallback) Decompiling 0848b8c0, pcode error at 0848b8c0: Unable to disassemble EXTERNAL block location: 0848b8c0  
2026-07-10 22:35:16 WARN  (DecompileCallback) Decompiling 0848b8c8, pcode error at 0848b8c8: Unable to disassemble EXTERNAL block location: 0848b8c8  
2026-07-10 22:35:16 WARN  (DecompileCallback) Decompiling 0848b8d0, pcode error at 0848b8d0: Unable to disassemble EXTERNAL block location: 0848b8d0  
2026-07-10 22:35:16 WARN  (DecompileCallback) Decompiling 0848b8d8, pcode error at 0848b8d8: Unable to disassemble EXTERNAL block location: 0848b8d8  
2026-07-10 22:35:16 WARN  (DecompileCallback) Decompiling 0848b8e0, pcode error at 0848b8e0: Unable to disassemble EXTERNAL block location: 0848b8e0  
2026-07-10 22:35:16 WARN  (DecompileCallback) Decompiling 0848b8e8, pcode error at 0848b8e8: Unable to disassemble EXTERNAL block location: 0848b8e8  
2026-07-10 22:35:16 WARN  (DecompileCallback) Decompiling 0848b8f0, pcode error at 0848b8f0: Unable to disassemble EXTERNAL block location: 0848b8f0  
2026-07-10 22:35:16 WARN  (DecompileCallback) Decompiling 0848b8f8, pcode error at 0848b8f8: Unable to disassemble EXTERNAL block location: 0848b8f8  
2026-07-10 22:35:16 WARN  (DecompileCallback) Decompiling 0848b900, pcode error at 0848b900: Unable to disassemble EXTERNAL block location: 0848b900  
2026-07-10 22:35:16 WARN  (DecompileCallback) Decompiling 0848b908, pcode error at 0848b908: Unable to disassemble EXTERNAL block location: 0848b908  
2026-07-10 22:35:16 WARN  (DecompileCallback) Decompiling 0848b910, pcode error at 0848b910: Unable to disassemble EXTERNAL block location: 0848b910  
2026-07-10 22:35:16 WARN  (DecompileCallback) Decompiling 0848b918, pcode error at 0848b918: Unable to disassemble EXTERNAL block location: 0848b918  
2026-07-10 22:35:16 WARN  (DecompileCallback) Decompiling 0848b920, pcode error at 0848b920: Unable to disassemble EXTERNAL block location: 0848b920  
2026-07-10 22:35:16 WARN  (DecompileCallback) Decompiling 0848b928, pcode error at 0848b928: Unable to disassemble EXTERNAL block location: 0848b928  
2026-07-10 22:35:16 WARN  (DecompileCallback) Decompiling 0848b930, pcode error at 0848b930: Unable to disassemble EXTERNAL block location: 0848b930  
2026-07-10 22:35:16 WARN  (DecompileCallback) Decompiling 0848b938, pcode error at 0848b938: Unable to disassemble EXTERNAL block location: 0848b938  
2026-07-10 22:35:16 INFO  (GhidraScript) GeneralStructureEyePatternScan.java> General structure scan complete.  
2026-07-10 22:35:16 INFO  (GhidraScript) GeneralStructureEyePatternScan.java> Total functions scanned: 935881  
2026-07-10 22:35:16 INFO  (GhidraScript) GeneralStructureEyePatternScan.java> Exported functions: 2099  
2026-07-10 22:35:16 INFO  (GhidraScript) GeneralStructureEyePatternScan.java> Decompile failures: 403  
2026-07-10 22:35:16 INFO  (GhidraScript) GeneralStructureEyePatternScan.java> Report CSV: C:\realDesktop\manifest-evaluations\summer-26\ghidra-pipeline\il2cpp-files\AimAssaultDemo\general-structure-results\structure_scan_report.csv  
2026-07-10 22:35:16 INFO  (GhidraScript) GeneralStructureEyePatternScan.java> Report JSON: C:\realDesktop\manifest-evaluations\summer-26\ghidra-pipeline\il2cpp-files\AimAssaultDemo\general-structure-results\structure_scan_report.json  
2026-07-10 22:35:16 INFO  (HeadlessAnalyzer) REPORT: Save succeeded for processed file: /AimAssaultDemo-libil2cpp.so  
