2026-07-12 09:01:14 INFO  (LoggingInitialization) Using log config file: jar:file:/C:/Users/kimgiordano27/Downloads/ghidra_12.1.2_PUBLIC_20260605/ghidra_12.1.2_PUBLIC/Ghidra/Framework/Generic/lib/Generic.jar!/generic.log4j.xml  
2026-07-12 09:01:14 INFO  (LoggingInitialization) Using log file: C:\realDesktop\manifest-evaluations\summer-26\ghidra-pipeline\il2cpp-files\DirtBikerVR\general-structure-ghidra.log  
2026-07-12 09:01:14 DEBUG (GhidraObjectInputFilter) Including serial input filter: FileSystem/data/client.rmi.serial.filter  
2026-07-12 09:01:14 INFO  (Preferences) Loading user preferences: C:\Users\kimgiordano27\AppData\Roaming\ghidra\ghidra_12.1.2_PUBLIC\preferences  
2026-07-12 09:01:14 INFO  (ClassSearcher) Searching for classes...  
2026-07-12 09:01:14 INFO  (ClassSearcher) Class search complete (636 ms)  
2026-07-12 09:01:14 INFO  (DefaultSSLContextInitializer) Initializing SSL Context  
2026-07-12 09:01:14 INFO  (SecureRandomFactory) Initializing Random Number Generator...  
2026-07-12 09:01:14 INFO  (SecureRandomFactory) Random Number Generator initialization complete: SHA1PRNG  
2026-07-12 09:01:14 INFO  (DefaultTrustManagerFactory) Trust manager disabled, cacerts have not been set  
2026-07-12 09:01:15 INFO  (AnalyzeHeadless) Headless startup complete (6082 ms)  
2026-07-12 09:01:15 INFO  (ClassSearcher) Class searcher loaded 59 extension points (20 false positives)  
2026-07-12 09:01:15 INFO  (HeadlessAnalyzer) HEADLESS Script Paths:
    C:\Users\kimgiordano27\Downloads\ghidra_12.1.2_PUBLIC_20260605\ghidra_12.1.2_PUBLIC\Ghidra\Features\DecompilerDependent\ghidra_scripts
    C:\Users\kimgiordano27\Downloads\ghidra_12.1.2_PUBLIC_20260605\ghidra_12.1.2_PUBLIC\Ghidra\Processors\Atmel\ghidra_scripts
    C:\Users\kimgiordano27\Downloads\ghidra_12.1.2_PUBLIC_20260605\ghidra_12.1.2_PUBLIC\Ghidra\Processors\PIC\ghidra_scripts
    C:\Users\kimgiordano27\Downloads\ghidra_12.1.2_PUBLIC_20260605\ghidra_12.1.2_PUBLIC\Ghidra\Features\VersionTracking\ghidra_scripts
    C:\Users\kimgiordano27\Downloads\ghidra_12.1.2_PUBLIC_20260605\ghidra_12.1.2_PUBLIC\Ghidra\Features\BytePatterns\ghidra_scripts
    C:\Users\kimgiordano27\ghidra_scripts
    C:\Users\kimgiordano27\Downloads\ghidra_12.1.2_PUBLIC_20260605\ghidra_12.1.2_PUBLIC\Ghidra\Features\BSim\ghidra_scripts
    C:\realDesktop\manifest-evaluations\summer-26\ghidra-pipeline\ghidra-export-scripts
    C:\Users\kimgiordano27\Downloads\ghidra_12.1.2_PUBLIC_20260605\ghidra_12.1.2_PUBLIC\Ghidra\Processors\JVM\ghidra_scripts
    C:\Users\kimgiordano27\Downloads\ghidra_12.1.2_PUBLIC_20260605\ghidra_12.1.2_PUBLIC\Ghidra\Features\Base\ghidra_scripts
    C:\Users\kimgiordano27\Downloads\ghidra_12.1.2_PUBLIC_20260605\ghidra_12.1.2_PUBLIC\Ghidra\Features\SwiftDemangler\ghidra_scripts
    C:\Users\kimgiordano27\Downloads\ghidra_12.1.2_PUBLIC_20260605\ghidra_12.1.2_PUBLIC\Ghidra\Features\WildcardAssembler\ghidra_scripts
    C:\Users\kimgiordano27\Downloads\ghidra_12.1.2_PUBLIC_20260605\ghidra_12.1.2_PUBLIC\Ghidra\Features\FileFormats\ghidra_scripts
    C:\Users\kimgiordano27\Downloads\ghidra_12.1.2_PUBLIC_20260605\ghidra_12.1.2_PUBLIC\Ghidra\Features\Decompiler\ghidra_scripts
    C:\Users\kimgiordano27\Downloads\ghidra_12.1.2_PUBLIC_20260605\ghidra_12.1.2_PUBLIC\Ghidra\Features\SystemEmulation\ghidra_scripts
    C:\Users\kimgiordano27\Downloads\ghidra_12.1.2_PUBLIC_20260605\ghidra_12.1.2_PUBLIC\Ghidra\Processors\8051\ghidra_scripts
    C:\Users\kimgiordano27\Downloads\ghidra_12.1.2_PUBLIC_20260605\ghidra_12.1.2_PUBLIC\Ghidra\Features\GnuDemangler\ghidra_scripts
    C:\Users\kimgiordano27\Downloads\ghidra_12.1.2_PUBLIC_20260605\ghidra_12.1.2_PUBLIC\Ghidra\Debug\Debugger\ghidra_scripts
    C:\Users\kimgiordano27\Downloads\ghidra_12.1.2_PUBLIC_20260605\ghidra_12.1.2_PUBLIC\Ghidra\Processors\DATA\ghidra_scripts
    C:\Users\kimgiordano27\Downloads\ghidra_12.1.2_PUBLIC_20260605\ghidra_12.1.2_PUBLIC\Ghidra\Debug\Debugger-rmi-trace\ghidra_scripts
    C:\Users\kimgiordano27\Downloads\ghidra_12.1.2_PUBLIC_20260605\ghidra_12.1.2_PUBLIC\Ghidra\Features\FunctionID\ghidra_scripts
    C:\Users\kimgiordano27\Downloads\ghidra_12.1.2_PUBLIC_20260605\ghidra_12.1.2_PUBLIC\Ghidra\Features\MicrosoftCodeAnalyzer\ghidra_scripts
    C:\Users\kimgiordano27\Downloads\ghidra_12.1.2_PUBLIC_20260605\ghidra_12.1.2_PUBLIC\Ghidra\Features\PDB\ghidra_scripts
    C:\Users\kimgiordano27\AppData\Roaming\ghidra\ghidra_12.1.2_PUBLIC\Extensions\Jython\ghidra_scripts
    C:\Users\kimgiordano27\Downloads\ghidra_12.1.2_PUBLIC_20260605\ghidra_12.1.2_PUBLIC\Ghidra\Features\PyGhidra\ghidra_scripts  
2026-07-12 09:01:15 INFO  (HeadlessAnalyzer) HEADLESS: execution starts  
2026-07-12 09:01:15 INFO  (HeadlessAnalyzer) Opening existing project: C:\realDesktop\manifest-evaluations\summer-26\ghidra-pipeline\il2cpp-files\DirtBikerVR\ghidra-project-DirtBikerVR\DirtBikerVR  
2026-07-12 09:01:15 INFO  (HeadlessProject) Opening project: C:\realDesktop\manifest-evaluations\summer-26\ghidra-pipeline\il2cpp-files\DirtBikerVR\ghidra-project-DirtBikerVR\DirtBikerVR  
2026-07-12 09:01:15 INFO  (LocalFileSystem) /DirtBikerVR-libil2cpp.so: checkout (2) granted (kimgiordano27)  
2026-07-12 09:01:20 INFO  (HeadlessAnalyzer) REPORT: Processing project file: /DirtBikerVR-libil2cpp.so  
2026-07-12 09:01:21 INFO  (HeadlessAnalyzer) REPORT: Execute script: GeneralStructureEyePatternScan.java 'C:\realDesktop\manifest-evaluations\summer-26\ghidra-pipeline\il2cpp-files\DirtBikerVR\general-structure-results' '70' 'false'   
2026-07-12 09:01:21 INFO  (HeadlessAnalyzer) SCRIPT: C:\realDesktop\manifest-evaluations\summer-26\ghidra-pipeline\ghidra-export-scripts\GeneralStructureEyePatternScan.java  
2026-07-12 09:01:21 INFO  (GhidraScript) GeneralStructureEyePatternScan.java> General structure scan starting...  
2026-07-12 09:01:21 INFO  (GhidraScript) GeneralStructureEyePatternScan.java> Output: C:\realDesktop\manifest-evaluations\summer-26\ghidra-pipeline\il2cpp-files\DirtBikerVR\general-structure-results  
2026-07-12 09:01:21 INFO  (GhidraScript) GeneralStructureEyePatternScan.java> Minimum review score: 70  
2026-07-12 09:01:21 INFO  (GhidraScript) GeneralStructureEyePatternScan.java> Export all: false  
2026-07-12 09:01:41 INFO  (GhidraScript) GeneralStructureEyePatternScan.java> Scanned 10000 functions. Exported so far: 0  
2026-07-12 09:01:50 INFO  (GhidraScript) GeneralStructureEyePatternScan.java> Scanned 20000 functions. Exported so far: 0  
2026-07-12 09:02:00 INFO  (GhidraScript) GeneralStructureEyePatternScan.java> Scanned 30000 functions. Exported so far: 0  
2026-07-12 09:02:15 INFO  (GhidraScript) GeneralStructureEyePatternScan.java> Scanned 40000 functions. Exported so far: 0  
2026-07-12 09:02:32 INFO  (GhidraScript) GeneralStructureEyePatternScan.java> Scanned 50000 functions. Exported so far: 0  
2026-07-12 09:02:51 INFO  (GhidraScript) GeneralStructureEyePatternScan.java> Scanned 60000 functions. Exported so far: 0  
2026-07-12 09:03:05 INFO  (GhidraScript) GeneralStructureEyePatternScan.java> Scanned 70000 functions. Exported so far: 0  
2026-07-12 09:03:27 INFO  (GhidraScript) GeneralStructureEyePatternScan.java> Scanned 80000 functions. Exported so far: 0  
2026-07-12 09:03:48 INFO  (GhidraScript) GeneralStructureEyePatternScan.java> Scanned 90000 functions. Exported so far: 0  
2026-07-12 09:04:07 INFO  (GhidraScript) GeneralStructureEyePatternScan.java> Scanned 100000 functions. Exported so far: 0  
2026-07-12 09:04:24 INFO  (GhidraScript) GeneralStructureEyePatternScan.java> Scanned 110000 functions. Exported so far: 0  
2026-07-12 09:04:41 INFO  (GhidraScript) GeneralStructureEyePatternScan.java> Scanned 120000 functions. Exported so far: 0  
2026-07-12 09:04:56 INFO  (GhidraScript) GeneralStructureEyePatternScan.java> Scanned 130000 functions. Exported so far: 0  
2026-07-12 09:05:22 INFO  (GhidraScript) GeneralStructureEyePatternScan.java> Scanned 140000 functions. Exported so far: 0  
2026-07-12 09:05:42 INFO  (GhidraScript) GeneralStructureEyePatternScan.java> Scanned 150000 functions. Exported so far: 0  
2026-07-12 09:06:03 INFO  (GhidraScript) GeneralStructureEyePatternScan.java> Scanned 160000 functions. Exported so far: 0  
2026-07-12 09:06:22 INFO  (GhidraScript) GeneralStructureEyePatternScan.java> Scanned 170000 functions. Exported so far: 0  
2026-07-12 09:06:37 INFO  (GhidraScript) GeneralStructureEyePatternScan.java> Scanned 180000 functions. Exported so far: 0  
2026-07-12 09:07:14 INFO  (GhidraScript) GeneralStructureEyePatternScan.java> Scanned 190000 functions. Exported so far: 1  
2026-07-12 09:09:58 INFO  (GhidraScript) GeneralStructureEyePatternScan.java> Scanned 200000 functions. Exported so far: 8  
2026-07-12 09:48:28 INFO  (GhidraScript) GeneralStructureEyePatternScan.java> Scanned 210000 functions. Exported so far: 19  
2026-07-13 03:24:30 INFO  (GhidraScript) GeneralStructureEyePatternScan.java> Scanned 220000 functions. Exported so far: 48  
2026-07-13 03:25:27 INFO  (GhidraScript) GeneralStructureEyePatternScan.java> Scanned 230000 functions. Exported so far: 58  
2026-07-13 03:26:32 INFO  (GhidraScript) GeneralStructureEyePatternScan.java> Scanned 240000 functions. Exported so far: 71  
2026-07-13 03:27:33 INFO  (GhidraScript) GeneralStructureEyePatternScan.java> Scanned 250000 functions. Exported so far: 80  
2026-07-13 03:29:16 INFO  (GhidraScript) GeneralStructureEyePatternScan.java> Scanned 260000 functions. Exported so far: 112  
2026-07-13 03:32:02 INFO  (GhidraScript) GeneralStructureEyePatternScan.java> Scanned 270000 functions. Exported so far: 122  
2026-07-13 03:34:12 INFO  (GhidraScript) GeneralStructureEyePatternScan.java> Scanned 280000 functions. Exported so far: 136  
2026-07-13 03:35:16 INFO  (GhidraScript) GeneralStructureEyePatternScan.java> Scanned 290000 functions. Exported so far: 148  
2026-07-13 03:36:28 INFO  (GhidraScript) GeneralStructureEyePatternScan.java> Scanned 300000 functions. Exported so far: 148  
2026-07-13 03:37:24 INFO  (GhidraScript) GeneralStructureEyePatternScan.java> Scanned 310000 functions. Exported so far: 148  
2026-07-13 03:38:53 INFO  (GhidraScript) GeneralStructureEyePatternScan.java> Scanned 320000 functions. Exported so far: 184  
2026-07-13 03:39:24 INFO  (GhidraScript) GeneralStructureEyePatternScan.java> Scanned 330000 functions. Exported so far: 187  
2026-07-13 03:40:09 INFO  (GhidraScript) GeneralStructureEyePatternScan.java> Scanned 340000 functions. Exported so far: 187  
2026-07-13 03:41:02 INFO  (GhidraScript) GeneralStructureEyePatternScan.java> Scanned 350000 functions. Exported so far: 187  
2026-07-13 03:42:00 INFO  (GhidraScript) GeneralStructureEyePatternScan.java> Scanned 360000 functions. Exported so far: 187  
2026-07-13 03:43:06 INFO  (GhidraScript) GeneralStructureEyePatternScan.java> Scanned 370000 functions. Exported so far: 187  
2026-07-13 03:44:10 INFO  (GhidraScript) GeneralStructureEyePatternScan.java> Scanned 380000 functions. Exported so far: 187  
2026-07-13 03:45:15 INFO  (GhidraScript) GeneralStructureEyePatternScan.java> Scanned 390000 functions. Exported so far: 191  
2026-07-13 03:46:59 INFO  (GhidraScript) GeneralStructureEyePatternScan.java> Scanned 400000 functions. Exported so far: 360  
2026-07-13 03:47:36 INFO  (GhidraScript) GeneralStructureEyePatternScan.java> Scanned 410000 functions. Exported so far: 365  
2026-07-13 03:48:14 INFO  (GhidraScript) GeneralStructureEyePatternScan.java> Scanned 420000 functions. Exported so far: 365  
2026-07-13 03:49:09 INFO  (GhidraScript) GeneralStructureEyePatternScan.java> Scanned 430000 functions. Exported so far: 365  
2026-07-13 03:50:51 INFO  (GhidraScript) GeneralStructureEyePatternScan.java> Scanned 440000 functions. Exported so far: 376  
2026-07-13 03:51:43 INFO  (GhidraScript) GeneralStructureEyePatternScan.java> Scanned 450000 functions. Exported so far: 376  
2026-07-13 03:53:44 INFO  (GhidraScript) GeneralStructureEyePatternScan.java> Scanned 460000 functions. Exported so far: 396  
2026-07-13 03:54:24 INFO  (GhidraScript) GeneralStructureEyePatternScan.java> Scanned 470000 functions. Exported so far: 396  
2026-07-13 03:55:36 INFO  (GhidraScript) GeneralStructureEyePatternScan.java> Scanned 480000 functions. Exported so far: 396  
2026-07-13 03:56:36 INFO  (GhidraScript) GeneralStructureEyePatternScan.java> Scanned 490000 functions. Exported so far: 410  
2026-07-13 03:57:40 INFO  (GhidraScript) GeneralStructureEyePatternScan.java> Scanned 500000 functions. Exported so far: 410  
2026-07-13 03:58:54 INFO  (GhidraScript) GeneralStructureEyePatternScan.java> Scanned 510000 functions. Exported so far: 412  
2026-07-13 03:59:48 INFO  (GhidraScript) GeneralStructureEyePatternScan.java> Scanned 520000 functions. Exported so far: 421  
2026-07-13 04:02:13 INFO  (GhidraScript) GeneralStructureEyePatternScan.java> Scanned 530000 functions. Exported so far: 430  
2026-07-13 04:03:47 INFO  (GhidraScript) GeneralStructureEyePatternScan.java> Scanned 540000 functions. Exported so far: 430  
2026-07-13 04:05:00 INFO  (GhidraScript) GeneralStructureEyePatternScan.java> Scanned 550000 functions. Exported so far: 442  
2026-07-13 04:07:55 INFO  (GhidraScript) GeneralStructureEyePatternScan.java> Scanned 560000 functions. Exported so far: 443  
2026-07-13 04:09:14 INFO  (GhidraScript) GeneralStructureEyePatternScan.java> Scanned 570000 functions. Exported so far: 447  
2026-07-13 04:10:44 INFO  (GhidraScript) GeneralStructureEyePatternScan.java> Scanned 580000 functions. Exported so far: 447  
2026-07-13 04:12:18 INFO  (GhidraScript) GeneralStructureEyePatternScan.java> Scanned 590000 functions. Exported so far: 462  
2026-07-13 04:13:48 INFO  (GhidraScript) GeneralStructureEyePatternScan.java> Scanned 600000 functions. Exported so far: 550  
2026-07-13 04:14:49 INFO  (GhidraScript) GeneralStructureEyePatternScan.java> Scanned 610000 functions. Exported so far: 551  
2026-07-13 04:15:11 INFO  (GhidraScript) GeneralStructureEyePatternScan.java> Scanned 620000 functions. Exported so far: 575  
2026-07-13 04:15:58 INFO  (GhidraScript) GeneralStructureEyePatternScan.java> Scanned 630000 functions. Exported so far: 575  
2026-07-13 04:16:42 INFO  (GhidraScript) GeneralStructureEyePatternScan.java> Scanned 640000 functions. Exported so far: 575  
2026-07-13 04:18:59 INFO  (GhidraScript) GeneralStructureEyePatternScan.java> Scanned 650000 functions. Exported so far: 582  
2026-07-13 04:21:08 INFO  (GhidraScript) GeneralStructureEyePatternScan.java> Scanned 660000 functions. Exported so far: 725  
2026-07-13 04:23:43 INFO  (GhidraScript) GeneralStructureEyePatternScan.java> Scanned 670000 functions. Exported so far: 725  
2026-07-13 05:02:43 INFO  (GhidraScript) GeneralStructureEyePatternScan.java> Scanned 680000 functions. Exported so far: 856  
2026-07-13 05:04:36 INFO  (GhidraScript) GeneralStructureEyePatternScan.java> Scanned 690000 functions. Exported so far: 961  
2026-07-13 05:07:19 INFO  (GhidraScript) GeneralStructureEyePatternScan.java> Scanned 700000 functions. Exported so far: 1015  
2026-07-13 05:09:20 INFO  (GhidraScript) GeneralStructureEyePatternScan.java> Scanned 710000 functions. Exported so far: 1808  
2026-07-13 05:13:48 INFO  (GhidraScript) GeneralStructureEyePatternScan.java> Scanned 720000 functions. Exported so far: 1836  
2026-07-13 05:18:47 INFO  (GhidraScript) GeneralStructureEyePatternScan.java> Scanned 730000 functions. Exported so far: 1836  
2026-07-13 05:21:19 INFO  (GhidraScript) GeneralStructureEyePatternScan.java> Scanned 740000 functions. Exported so far: 1836  
2026-07-13 05:29:09 INFO  (GhidraScript) GeneralStructureEyePatternScan.java> Scanned 750000 functions. Exported so far: 1836  
2026-07-13 05:57:39 INFO  (GhidraScript) GeneralStructureEyePatternScan.java> Scanned 760000 functions. Exported so far: 1847  
2026-07-13 06:01:39 INFO  (GhidraScript) GeneralStructureEyePatternScan.java> Scanned 770000 functions. Exported so far: 1847  
2026-07-13 06:02:45 INFO  (GhidraScript) GeneralStructureEyePatternScan.java> Scanned 780000 functions. Exported so far: 1851  
2026-07-13 06:08:53 INFO  (GhidraScript) GeneralStructureEyePatternScan.java> Scanned 790000 functions. Exported so far: 1862  
2026-07-13 06:10:10 INFO  (GhidraScript) GeneralStructureEyePatternScan.java> Scanned 800000 functions. Exported so far: 1905  
2026-07-13 06:12:00 INFO  (GhidraScript) GeneralStructureEyePatternScan.java> Scanned 810000 functions. Exported so far: 1909  
2026-07-13 06:18:55 INFO  (GhidraScript) GeneralStructureEyePatternScan.java> Scanned 820000 functions. Exported so far: 1909  
2026-07-13 06:35:14 INFO  (GhidraScript) GeneralStructureEyePatternScan.java> Scanned 830000 functions. Exported so far: 1909  
2026-07-13 06:41:32 INFO  (GhidraScript) GeneralStructureEyePatternScan.java> Scanned 840000 functions. Exported so far: 1916  
2026-07-13 06:45:36 INFO  (GhidraScript) GeneralStructureEyePatternScan.java> Scanned 850000 functions. Exported so far: 1999  
2026-07-13 06:48:09 INFO  (GhidraScript) GeneralStructureEyePatternScan.java> Scanned 860000 functions. Exported so far: 2478  
2026-07-13 06:49:41 INFO  (GhidraScript) GeneralStructureEyePatternScan.java> Scanned 870000 functions. Exported so far: 2667  
2026-07-13 06:50:20 INFO  (GhidraScript) GeneralStructureEyePatternScan.java> Scanned 880000 functions. Exported so far: 2669  
2026-07-13 07:26:42 INFO  (GhidraScript) GeneralStructureEyePatternScan.java> Scanned 890000 functions. Exported so far: 2696  
2026-07-13 07:41:50 INFO  (GhidraScript) GeneralStructureEyePatternScan.java> Scanned 900000 functions. Exported so far: 2727  
2026-07-13 07:42:39 INFO  (GhidraScript) GeneralStructureEyePatternScan.java> Scanned 910000 functions. Exported so far: 2730  
2026-07-13 07:46:36 INFO  (GhidraScript) GeneralStructureEyePatternScan.java> Scanned 920000 functions. Exported so far: 2796  
2026-07-13 07:49:01 INFO  (GhidraScript) GeneralStructureEyePatternScan.java> Scanned 930000 functions. Exported so far: 2925  
2026-07-13 07:52:42 INFO  (GhidraScript) GeneralStructureEyePatternScan.java> Scanned 940000 functions. Exported so far: 3047  
2026-07-13 07:52:42 WARN  (DecompileCallback) Decompiling 08bb4000, pcode error at 08bb4000: Unable to disassemble EXTERNAL block location: 08bb4000  
2026-07-13 07:52:42 WARN  (DecompileCallback) Decompiling 08bb4008, pcode error at 08bb4008: Unable to disassemble EXTERNAL block location: 08bb4008  
2026-07-13 07:52:42 WARN  (DecompileCallback) Decompiling 08bb4010, pcode error at 08bb4010: Unable to disassemble EXTERNAL block location: 08bb4010  
2026-07-13 07:52:42 WARN  (DecompileCallback) Decompiling 08bb4018, pcode error at 08bb4018: Unable to disassemble EXTERNAL block location: 08bb4018  
2026-07-13 07:52:42 WARN  (DecompileCallback) Decompiling 08bb4020, pcode error at 08bb4020: Unable to disassemble EXTERNAL block location: 08bb4020  
2026-07-13 07:52:42 WARN  (DecompileCallback) Decompiling 08bb4028, pcode error at 08bb4028: Unable to disassemble EXTERNAL block location: 08bb4028  
2026-07-13 07:52:42 WARN  (DecompileCallback) Decompiling 08bb4030, pcode error at 08bb4030: Unable to disassemble EXTERNAL block location: 08bb4030  
2026-07-13 07:52:42 WARN  (DecompileCallback) Decompiling 08bb4038, pcode error at 08bb4038: Unable to disassemble EXTERNAL block location: 08bb4038  
2026-07-13 07:52:42 WARN  (DecompileCallback) Decompiling 08bb4040, pcode error at 08bb4040: Unable to disassemble EXTERNAL block location: 08bb4040  
2026-07-13 07:52:42 WARN  (DecompileCallback) Decompiling 08bb4048, pcode error at 08bb4048: Unable to disassemble EXTERNAL block location: 08bb4048  
2026-07-13 07:52:42 WARN  (DecompileCallback) Decompiling 08bb4050, pcode error at 08bb4050: Unable to disassemble EXTERNAL block location: 08bb4050  
2026-07-13 07:52:42 WARN  (DecompileCallback) Decompiling 08bb4058, pcode error at 08bb4058: Unable to disassemble EXTERNAL block location: 08bb4058  
2026-07-13 07:52:42 WARN  (DecompileCallback) Decompiling 08bb4060, pcode error at 08bb4060: Unable to disassemble EXTERNAL block location: 08bb4060  
2026-07-13 07:52:42 WARN  (DecompileCallback) Decompiling 08bb4068, pcode error at 08bb4068: Unable to disassemble EXTERNAL block location: 08bb4068  
2026-07-13 07:52:42 WARN  (DecompileCallback) Decompiling 08bb4070, pcode error at 08bb4070: Unable to disassemble EXTERNAL block location: 08bb4070  
2026-07-13 07:52:42 WARN  (DecompileCallback) Decompiling 08bb4078, pcode error at 08bb4078: Unable to disassemble EXTERNAL block location: 08bb4078  
2026-07-13 07:52:42 WARN  (DecompileCallback) Decompiling 08bb4080, pcode error at 08bb4080: Unable to disassemble EXTERNAL block location: 08bb4080  
2026-07-13 07:52:42 WARN  (DecompileCallback) Decompiling 08bb4088, pcode error at 08bb4088: Unable to disassemble EXTERNAL block location: 08bb4088  
2026-07-13 07:52:42 WARN  (DecompileCallback) Decompiling 08bb4090, pcode error at 08bb4090: Unable to disassemble EXTERNAL block location: 08bb4090  
2026-07-13 07:52:42 WARN  (DecompileCallback) Decompiling 08bb4098, pcode error at 08bb4098: Unable to disassemble EXTERNAL block location: 08bb4098  
2026-07-13 07:52:42 WARN  (DecompileCallback) Decompiling 08bb40a0, pcode error at 08bb40a0: Unable to disassemble EXTERNAL block location: 08bb40a0  
2026-07-13 07:52:42 WARN  (DecompileCallback) Decompiling 08bb40a8, pcode error at 08bb40a8: Unable to disassemble EXTERNAL block location: 08bb40a8  
2026-07-13 07:52:42 WARN  (DecompileCallback) Decompiling 08bb40b0, pcode error at 08bb40b0: Unable to disassemble EXTERNAL block location: 08bb40b0  
2026-07-13 07:52:42 WARN  (DecompileCallback) Decompiling 08bb40b8, pcode error at 08bb40b8: Unable to disassemble EXTERNAL block location: 08bb40b8  
2026-07-13 07:52:42 WARN  (DecompileCallback) Decompiling 08bb40c0, pcode error at 08bb40c0: Unable to disassemble EXTERNAL block location: 08bb40c0  
2026-07-13 07:52:42 WARN  (DecompileCallback) Decompiling 08bb40c8, pcode error at 08bb40c8: Unable to disassemble EXTERNAL block location: 08bb40c8  
2026-07-13 07:52:42 WARN  (DecompileCallback) Decompiling 08bb40d0, pcode error at 08bb40d0: Unable to disassemble EXTERNAL block location: 08bb40d0  
2026-07-13 07:52:42 WARN  (DecompileCallback) Decompiling 08bb40d8, pcode error at 08bb40d8: Unable to disassemble EXTERNAL block location: 08bb40d8  
2026-07-13 07:52:42 WARN  (DecompileCallback) Decompiling 08bb40e0, pcode error at 08bb40e0: Unable to disassemble EXTERNAL block location: 08bb40e0  
2026-07-13 07:52:42 WARN  (DecompileCallback) Decompiling 08bb40e8, pcode error at 08bb40e8: Unable to disassemble EXTERNAL block location: 08bb40e8  
2026-07-13 07:52:42 WARN  (DecompileCallback) Decompiling 08bb40f0, pcode error at 08bb40f0: Unable to disassemble EXTERNAL block location: 08bb40f0  
2026-07-13 07:52:42 WARN  (DecompileCallback) Decompiling 08bb40f8, pcode error at 08bb40f8: Unable to disassemble EXTERNAL block location: 08bb40f8  
2026-07-13 07:52:42 WARN  (DecompileCallback) Decompiling 08bb4100, pcode error at 08bb4100: Unable to disassemble EXTERNAL block location: 08bb4100  
2026-07-13 07:52:42 WARN  (DecompileCallback) Decompiling 08bb4108, pcode error at 08bb4108: Unable to disassemble EXTERNAL block location: 08bb4108  
2026-07-13 07:52:42 WARN  (DecompileCallback) Decompiling 08bb4110, pcode error at 08bb4110: Unable to disassemble EXTERNAL block location: 08bb4110  
2026-07-13 07:52:42 WARN  (DecompileCallback) Decompiling 08bb4118, pcode error at 08bb4118: Unable to disassemble EXTERNAL block location: 08bb4118  
2026-07-13 07:52:42 WARN  (DecompileCallback) Decompiling 08bb4120, pcode error at 08bb4120: Unable to disassemble EXTERNAL block location: 08bb4120  
2026-07-13 07:52:42 WARN  (DecompileCallback) Decompiling 08bb4128, pcode error at 08bb4128: Unable to disassemble EXTERNAL block location: 08bb4128  
2026-07-13 07:52:42 WARN  (DecompileCallback) Decompiling 08bb4130, pcode error at 08bb4130: Unable to disassemble EXTERNAL block location: 08bb4130  
2026-07-13 07:52:42 WARN  (DecompileCallback) Decompiling 08bb4138, pcode error at 08bb4138: Unable to disassemble EXTERNAL block location: 08bb4138  
2026-07-13 07:52:42 WARN  (DecompileCallback) Decompiling 08bb4140, pcode error at 08bb4140: Unable to disassemble EXTERNAL block location: 08bb4140  
2026-07-13 07:52:42 WARN  (DecompileCallback) Decompiling 08bb4148, pcode error at 08bb4148: Unable to disassemble EXTERNAL block location: 08bb4148  
2026-07-13 07:52:42 WARN  (DecompileCallback) Decompiling 08bb4158, pcode error at 08bb4158: Unable to disassemble EXTERNAL block location: 08bb4158  
2026-07-13 07:52:42 WARN  (DecompileCallback) Decompiling 08bb4160, pcode error at 08bb4160: Unable to disassemble EXTERNAL block location: 08bb4160  
2026-07-13 07:52:42 WARN  (DecompileCallback) Decompiling 08bb4168, pcode error at 08bb4168: Unable to disassemble EXTERNAL block location: 08bb4168  
2026-07-13 07:52:42 WARN  (DecompileCallback) Decompiling 08bb4170, pcode error at 08bb4170: Unable to disassemble EXTERNAL block location: 08bb4170  
2026-07-13 07:52:42 WARN  (DecompileCallback) Decompiling 08bb4178, pcode error at 08bb4178: Unable to disassemble EXTERNAL block location: 08bb4178  
2026-07-13 07:52:42 WARN  (DecompileCallback) Decompiling 08bb4180, pcode error at 08bb4180: Unable to disassemble EXTERNAL block location: 08bb4180  
2026-07-13 07:52:42 WARN  (DecompileCallback) Decompiling 08bb4188, pcode error at 08bb4188: Unable to disassemble EXTERNAL block location: 08bb4188  
2026-07-13 07:52:42 WARN  (DecompileCallback) Decompiling 08bb4190, pcode error at 08bb4190: Unable to disassemble EXTERNAL block location: 08bb4190  
2026-07-13 07:52:42 WARN  (DecompileCallback) Decompiling 08bb4198, pcode error at 08bb4198: Unable to disassemble EXTERNAL block location: 08bb4198  
2026-07-13 07:52:42 WARN  (DecompileCallback) Decompiling 08bb41a0, pcode error at 08bb41a0: Unable to disassemble EXTERNAL block location: 08bb41a0  
2026-07-13 07:52:42 WARN  (DecompileCallback) Decompiling 08bb41a8, pcode error at 08bb41a8: Unable to disassemble EXTERNAL block location: 08bb41a8  
2026-07-13 07:52:42 WARN  (DecompileCallback) Decompiling 08bb41b0, pcode error at 08bb41b0: Unable to disassemble EXTERNAL block location: 08bb41b0  
2026-07-13 07:52:42 WARN  (DecompileCallback) Decompiling 08bb41b8, pcode error at 08bb41b8: Unable to disassemble EXTERNAL block location: 08bb41b8  
2026-07-13 07:52:42 WARN  (DecompileCallback) Decompiling 08bb41c0, pcode error at 08bb41c0: Unable to disassemble EXTERNAL block location: 08bb41c0  
2026-07-13 07:52:42 WARN  (DecompileCallback) Decompiling 08bb41c8, pcode error at 08bb41c8: Unable to disassemble EXTERNAL block location: 08bb41c8  
2026-07-13 07:52:42 WARN  (DecompileCallback) Decompiling 08bb41d0, pcode error at 08bb41d0: Unable to disassemble EXTERNAL block location: 08bb41d0  
2026-07-13 07:52:42 WARN  (DecompileCallback) Decompiling 08bb41d8, pcode error at 08bb41d8: Unable to disassemble EXTERNAL block location: 08bb41d8  
2026-07-13 07:52:42 WARN  (DecompileCallback) Decompiling 08bb41e0, pcode error at 08bb41e0: Unable to disassemble EXTERNAL block location: 08bb41e0  
2026-07-13 07:52:42 WARN  (DecompileCallback) Decompiling 08bb41e8, pcode error at 08bb41e8: Unable to disassemble EXTERNAL block location: 08bb41e8  
2026-07-13 07:52:42 WARN  (DecompileCallback) Decompiling 08bb41f0, pcode error at 08bb41f0: Unable to disassemble EXTERNAL block location: 08bb41f0  
2026-07-13 07:52:42 WARN  (DecompileCallback) Decompiling 08bb41f8, pcode error at 08bb41f8: Unable to disassemble EXTERNAL block location: 08bb41f8  
2026-07-13 07:52:42 WARN  (DecompileCallback) Decompiling 08bb4200, pcode error at 08bb4200: Unable to disassemble EXTERNAL block location: 08bb4200  
2026-07-13 07:52:42 WARN  (DecompileCallback) Decompiling 08bb4208, pcode error at 08bb4208: Unable to disassemble EXTERNAL block location: 08bb4208  
2026-07-13 07:52:42 WARN  (DecompileCallback) Decompiling 08bb4210, pcode error at 08bb4210: Unable to disassemble EXTERNAL block location: 08bb4210  
2026-07-13 07:52:42 WARN  (DecompileCallback) Decompiling 08bb4218, pcode error at 08bb4218: Unable to disassemble EXTERNAL block location: 08bb4218  
2026-07-13 07:52:42 WARN  (DecompileCallback) Decompiling 08bb4220, pcode error at 08bb4220: Unable to disassemble EXTERNAL block location: 08bb4220  
2026-07-13 07:52:42 WARN  (DecompileCallback) Decompiling 08bb4228, pcode error at 08bb4228: Unable to disassemble EXTERNAL block location: 08bb4228  
2026-07-13 07:52:42 WARN  (DecompileCallback) Decompiling 08bb4230, pcode error at 08bb4230: Unable to disassemble EXTERNAL block location: 08bb4230  
2026-07-13 07:52:42 WARN  (DecompileCallback) Decompiling 08bb4238, pcode error at 08bb4238: Unable to disassemble EXTERNAL block location: 08bb4238  
2026-07-13 07:52:42 WARN  (DecompileCallback) Decompiling 08bb4240, pcode error at 08bb4240: Unable to disassemble EXTERNAL block location: 08bb4240  
2026-07-13 07:52:42 WARN  (DecompileCallback) Decompiling 08bb4248, pcode error at 08bb4248: Unable to disassemble EXTERNAL block location: 08bb4248  
2026-07-13 07:52:42 WARN  (DecompileCallback) Decompiling 08bb4250, pcode error at 08bb4250: Unable to disassemble EXTERNAL block location: 08bb4250  
2026-07-13 07:52:42 WARN  (DecompileCallback) Decompiling 08bb4258, pcode error at 08bb4258: Unable to disassemble EXTERNAL block location: 08bb4258  
2026-07-13 07:52:42 WARN  (DecompileCallback) Decompiling 08bb4260, pcode error at 08bb4260: Unable to disassemble EXTERNAL block location: 08bb4260  
2026-07-13 07:52:42 WARN  (DecompileCallback) Decompiling 08bb4268, pcode error at 08bb4268: Unable to disassemble EXTERNAL block location: 08bb4268  
2026-07-13 07:52:42 WARN  (DecompileCallback) Decompiling 08bb4270, pcode error at 08bb4270: Unable to disassemble EXTERNAL block location: 08bb4270  
2026-07-13 07:52:42 WARN  (DecompileCallback) Decompiling 08bb4278, pcode error at 08bb4278: Unable to disassemble EXTERNAL block location: 08bb4278  
2026-07-13 07:52:42 WARN  (DecompileCallback) Decompiling 08bb4280, pcode error at 08bb4280: Unable to disassemble EXTERNAL block location: 08bb4280  
2026-07-13 07:52:42 WARN  (DecompileCallback) Decompiling 08bb4288, pcode error at 08bb4288: Unable to disassemble EXTERNAL block location: 08bb4288  
2026-07-13 07:52:42 WARN  (DecompileCallback) Decompiling 08bb4290, pcode error at 08bb4290: Unable to disassemble EXTERNAL block location: 08bb4290  
2026-07-13 07:52:42 WARN  (DecompileCallback) Decompiling 08bb4298, pcode error at 08bb4298: Unable to disassemble EXTERNAL block location: 08bb4298  
2026-07-13 07:52:42 WARN  (DecompileCallback) Decompiling 08bb42a0, pcode error at 08bb42a0: Unable to disassemble EXTERNAL block location: 08bb42a0  
2026-07-13 07:52:42 WARN  (DecompileCallback) Decompiling 08bb42a8, pcode error at 08bb42a8: Unable to disassemble EXTERNAL block location: 08bb42a8  
2026-07-13 07:52:42 WARN  (DecompileCallback) Decompiling 08bb42b0, pcode error at 08bb42b0: Unable to disassemble EXTERNAL block location: 08bb42b0  
2026-07-13 07:52:42 WARN  (DecompileCallback) Decompiling 08bb42b8, pcode error at 08bb42b8: Unable to disassemble EXTERNAL block location: 08bb42b8  
2026-07-13 07:52:42 WARN  (DecompileCallback) Decompiling 08bb42c0, pcode error at 08bb42c0: Unable to disassemble EXTERNAL block location: 08bb42c0  
2026-07-13 07:52:42 WARN  (DecompileCallback) Decompiling 08bb42c8, pcode error at 08bb42c8: Unable to disassemble EXTERNAL block location: 08bb42c8  
2026-07-13 07:52:42 WARN  (DecompileCallback) Decompiling 08bb42d0, pcode error at 08bb42d0: Unable to disassemble EXTERNAL block location: 08bb42d0  
2026-07-13 07:52:43 WARN  (DecompileCallback) Decompiling 08bb42d8, pcode error at 08bb42d8: Unable to disassemble EXTERNAL block location: 08bb42d8  
2026-07-13 07:52:43 WARN  (DecompileCallback) Decompiling 08bb42e0, pcode error at 08bb42e0: Unable to disassemble EXTERNAL block location: 08bb42e0  
2026-07-13 07:52:43 WARN  (DecompileCallback) Decompiling 08bb42e8, pcode error at 08bb42e8: Unable to disassemble EXTERNAL block location: 08bb42e8  
2026-07-13 07:52:43 WARN  (DecompileCallback) Decompiling 08bb42f0, pcode error at 08bb42f0: Unable to disassemble EXTERNAL block location: 08bb42f0  
2026-07-13 07:52:43 WARN  (DecompileCallback) Decompiling 08bb42f8, pcode error at 08bb42f8: Unable to disassemble EXTERNAL block location: 08bb42f8  
2026-07-13 07:52:43 WARN  (DecompileCallback) Decompiling 08bb4300, pcode error at 08bb4300: Unable to disassemble EXTERNAL block location: 08bb4300  
2026-07-13 07:52:43 WARN  (DecompileCallback) Decompiling 08bb4308, pcode error at 08bb4308: Unable to disassemble EXTERNAL block location: 08bb4308  
2026-07-13 07:52:43 WARN  (DecompileCallback) Decompiling 08bb4310, pcode error at 08bb4310: Unable to disassemble EXTERNAL block location: 08bb4310  
2026-07-13 07:52:43 WARN  (DecompileCallback) Decompiling 08bb4318, pcode error at 08bb4318: Unable to disassemble EXTERNAL block location: 08bb4318  
2026-07-13 07:52:43 WARN  (DecompileCallback) Decompiling 08bb4320, pcode error at 08bb4320: Unable to disassemble EXTERNAL block location: 08bb4320  
2026-07-13 07:52:43 WARN  (DecompileCallback) Decompiling 08bb4328, pcode error at 08bb4328: Unable to disassemble EXTERNAL block location: 08bb4328  
2026-07-13 07:52:43 WARN  (DecompileCallback) Decompiling 08bb4330, pcode error at 08bb4330: Unable to disassemble EXTERNAL block location: 08bb4330  
2026-07-13 07:52:43 WARN  (DecompileCallback) Decompiling 08bb4338, pcode error at 08bb4338: Unable to disassemble EXTERNAL block location: 08bb4338  
2026-07-13 07:52:43 WARN  (DecompileCallback) Decompiling 08bb4340, pcode error at 08bb4340: Unable to disassemble EXTERNAL block location: 08bb4340  
2026-07-13 07:52:43 WARN  (DecompileCallback) Decompiling 08bb4348, pcode error at 08bb4348: Unable to disassemble EXTERNAL block location: 08bb4348  
2026-07-13 07:52:43 WARN  (DecompileCallback) Decompiling 08bb4350, pcode error at 08bb4350: Unable to disassemble EXTERNAL block location: 08bb4350  
2026-07-13 07:52:43 WARN  (DecompileCallback) Decompiling 08bb4358, pcode error at 08bb4358: Unable to disassemble EXTERNAL block location: 08bb4358  
2026-07-13 07:52:43 WARN  (DecompileCallback) Decompiling 08bb4360, pcode error at 08bb4360: Unable to disassemble EXTERNAL block location: 08bb4360  
2026-07-13 07:52:43 WARN  (DecompileCallback) Decompiling 08bb4368, pcode error at 08bb4368: Unable to disassemble EXTERNAL block location: 08bb4368  
2026-07-13 07:52:43 WARN  (DecompileCallback) Decompiling 08bb4370, pcode error at 08bb4370: Unable to disassemble EXTERNAL block location: 08bb4370  
2026-07-13 07:52:43 WARN  (DecompileCallback) Decompiling 08bb4378, pcode error at 08bb4378: Unable to disassemble EXTERNAL block location: 08bb4378  
2026-07-13 07:52:43 WARN  (DecompileCallback) Decompiling 08bb4380, pcode error at 08bb4380: Unable to disassemble EXTERNAL block location: 08bb4380  
2026-07-13 07:52:43 WARN  (DecompileCallback) Decompiling 08bb4388, pcode error at 08bb4388: Unable to disassemble EXTERNAL block location: 08bb4388  
2026-07-13 07:52:43 WARN  (DecompileCallback) Decompiling 08bb4390, pcode error at 08bb4390: Unable to disassemble EXTERNAL block location: 08bb4390  
2026-07-13 07:52:43 WARN  (DecompileCallback) Decompiling 08bb4398, pcode error at 08bb4398: Unable to disassemble EXTERNAL block location: 08bb4398  
2026-07-13 07:52:43 WARN  (DecompileCallback) Decompiling 08bb43a0, pcode error at 08bb43a0: Unable to disassemble EXTERNAL block location: 08bb43a0  
2026-07-13 07:52:43 WARN  (DecompileCallback) Decompiling 08bb43a8, pcode error at 08bb43a8: Unable to disassemble EXTERNAL block location: 08bb43a8  
2026-07-13 07:52:43 WARN  (DecompileCallback) Decompiling 08bb43b0, pcode error at 08bb43b0: Unable to disassemble EXTERNAL block location: 08bb43b0  
2026-07-13 07:52:43 WARN  (DecompileCallback) Decompiling 08bb43b8, pcode error at 08bb43b8: Unable to disassemble EXTERNAL block location: 08bb43b8  
2026-07-13 07:52:43 WARN  (DecompileCallback) Decompiling 08bb43c0, pcode error at 08bb43c0: Unable to disassemble EXTERNAL block location: 08bb43c0  
2026-07-13 07:52:43 WARN  (DecompileCallback) Decompiling 08bb43c8, pcode error at 08bb43c8: Unable to disassemble EXTERNAL block location: 08bb43c8  
2026-07-13 07:52:43 WARN  (DecompileCallback) Decompiling 08bb43d0, pcode error at 08bb43d0: Unable to disassemble EXTERNAL block location: 08bb43d0  
2026-07-13 07:52:43 WARN  (DecompileCallback) Decompiling 08bb43d8, pcode error at 08bb43d8: Unable to disassemble EXTERNAL block location: 08bb43d8  
2026-07-13 07:52:43 WARN  (DecompileCallback) Decompiling 08bb43e0, pcode error at 08bb43e0: Unable to disassemble EXTERNAL block location: 08bb43e0  
2026-07-13 07:52:43 WARN  (DecompileCallback) Decompiling 08bb43e8, pcode error at 08bb43e8: Unable to disassemble EXTERNAL block location: 08bb43e8  
2026-07-13 07:52:43 WARN  (DecompileCallback) Decompiling 08bb43f0, pcode error at 08bb43f0: Unable to disassemble EXTERNAL block location: 08bb43f0  
2026-07-13 07:52:43 WARN  (DecompileCallback) Decompiling 08bb43f8, pcode error at 08bb43f8: Unable to disassemble EXTERNAL block location: 08bb43f8  
2026-07-13 07:52:43 WARN  (DecompileCallback) Decompiling 08bb4400, pcode error at 08bb4400: Unable to disassemble EXTERNAL block location: 08bb4400  
2026-07-13 07:52:43 WARN  (DecompileCallback) Decompiling 08bb4408, pcode error at 08bb4408: Unable to disassemble EXTERNAL block location: 08bb4408  
2026-07-13 07:52:43 WARN  (DecompileCallback) Decompiling 08bb4410, pcode error at 08bb4410: Unable to disassemble EXTERNAL block location: 08bb4410  
2026-07-13 07:52:43 WARN  (DecompileCallback) Decompiling 08bb4418, pcode error at 08bb4418: Unable to disassemble EXTERNAL block location: 08bb4418  
2026-07-13 07:52:43 WARN  (DecompileCallback) Decompiling 08bb4420, pcode error at 08bb4420: Unable to disassemble EXTERNAL block location: 08bb4420  
2026-07-13 07:52:43 WARN  (DecompileCallback) Decompiling 08bb4428, pcode error at 08bb4428: Unable to disassemble EXTERNAL block location: 08bb4428  
2026-07-13 07:52:43 WARN  (DecompileCallback) Decompiling 08bb4430, pcode error at 08bb4430: Unable to disassemble EXTERNAL block location: 08bb4430  
2026-07-13 07:52:43 WARN  (DecompileCallback) Decompiling 08bb4438, pcode error at 08bb4438: Unable to disassemble EXTERNAL block location: 08bb4438  
2026-07-13 07:52:43 WARN  (DecompileCallback) Decompiling 08bb4440, pcode error at 08bb4440: Unable to disassemble EXTERNAL block location: 08bb4440  
2026-07-13 07:52:43 WARN  (DecompileCallback) Decompiling 08bb4448, pcode error at 08bb4448: Unable to disassemble EXTERNAL block location: 08bb4448  
2026-07-13 07:52:43 WARN  (DecompileCallback) Decompiling 08bb4450, pcode error at 08bb4450: Unable to disassemble EXTERNAL block location: 08bb4450  
2026-07-13 07:52:43 WARN  (DecompileCallback) Decompiling 08bb4458, pcode error at 08bb4458: Unable to disassemble EXTERNAL block location: 08bb4458  
2026-07-13 07:52:43 WARN  (DecompileCallback) Decompiling 08bb4460, pcode error at 08bb4460: Unable to disassemble EXTERNAL block location: 08bb4460  
2026-07-13 07:52:43 WARN  (DecompileCallback) Decompiling 08bb4468, pcode error at 08bb4468: Unable to disassemble EXTERNAL block location: 08bb4468  
2026-07-13 07:52:43 WARN  (DecompileCallback) Decompiling 08bb4470, pcode error at 08bb4470: Unable to disassemble EXTERNAL block location: 08bb4470  
2026-07-13 07:52:43 WARN  (DecompileCallback) Decompiling 08bb4478, pcode error at 08bb4478: Unable to disassemble EXTERNAL block location: 08bb4478  
2026-07-13 07:52:43 WARN  (DecompileCallback) Decompiling 08bb4480, pcode error at 08bb4480: Unable to disassemble EXTERNAL block location: 08bb4480  
2026-07-13 07:52:43 WARN  (DecompileCallback) Decompiling 08bb4488, pcode error at 08bb4488: Unable to disassemble EXTERNAL block location: 08bb4488  
2026-07-13 07:52:43 WARN  (DecompileCallback) Decompiling 08bb4490, pcode error at 08bb4490: Unable to disassemble EXTERNAL block location: 08bb4490  
2026-07-13 07:52:43 WARN  (DecompileCallback) Decompiling 08bb4498, pcode error at 08bb4498: Unable to disassemble EXTERNAL block location: 08bb4498  
2026-07-13 07:52:43 WARN  (DecompileCallback) Decompiling 08bb44a0, pcode error at 08bb44a0: Unable to disassemble EXTERNAL block location: 08bb44a0  
2026-07-13 07:52:43 WARN  (DecompileCallback) Decompiling 08bb44a8, pcode error at 08bb44a8: Unable to disassemble EXTERNAL block location: 08bb44a8  
2026-07-13 07:52:43 WARN  (DecompileCallback) Decompiling 08bb44b0, pcode error at 08bb44b0: Unable to disassemble EXTERNAL block location: 08bb44b0  
2026-07-13 07:52:43 WARN  (DecompileCallback) Decompiling 08bb44b8, pcode error at 08bb44b8: Unable to disassemble EXTERNAL block location: 08bb44b8  
2026-07-13 07:52:43 WARN  (DecompileCallback) Decompiling 08bb44c0, pcode error at 08bb44c0: Unable to disassemble EXTERNAL block location: 08bb44c0  
2026-07-13 07:52:43 WARN  (DecompileCallback) Decompiling 08bb44c8, pcode error at 08bb44c8: Unable to disassemble EXTERNAL block location: 08bb44c8  
2026-07-13 07:52:43 WARN  (DecompileCallback) Decompiling 08bb44d0, pcode error at 08bb44d0: Unable to disassemble EXTERNAL block location: 08bb44d0  
2026-07-13 07:52:43 WARN  (DecompileCallback) Decompiling 08bb44d8, pcode error at 08bb44d8: Unable to disassemble EXTERNAL block location: 08bb44d8  
2026-07-13 07:52:43 WARN  (DecompileCallback) Decompiling 08bb44e0, pcode error at 08bb44e0: Unable to disassemble EXTERNAL block location: 08bb44e0  
2026-07-13 07:52:43 WARN  (DecompileCallback) Decompiling 08bb44e8, pcode error at 08bb44e8: Unable to disassemble EXTERNAL block location: 08bb44e8  
2026-07-13 07:52:43 WARN  (DecompileCallback) Decompiling 08bb44f0, pcode error at 08bb44f0: Unable to disassemble EXTERNAL block location: 08bb44f0  
2026-07-13 07:52:43 WARN  (DecompileCallback) Decompiling 08bb44f8, pcode error at 08bb44f8: Unable to disassemble EXTERNAL block location: 08bb44f8  
2026-07-13 07:52:43 WARN  (DecompileCallback) Decompiling 08bb4500, pcode error at 08bb4500: Unable to disassemble EXTERNAL block location: 08bb4500  
2026-07-13 07:52:43 WARN  (DecompileCallback) Decompiling 08bb4508, pcode error at 08bb4508: Unable to disassemble EXTERNAL block location: 08bb4508  
2026-07-13 07:52:43 WARN  (DecompileCallback) Decompiling 08bb4510, pcode error at 08bb4510: Unable to disassemble EXTERNAL block location: 08bb4510  
2026-07-13 07:52:43 WARN  (DecompileCallback) Decompiling 08bb4518, pcode error at 08bb4518: Unable to disassemble EXTERNAL block location: 08bb4518  
2026-07-13 07:52:43 WARN  (DecompileCallback) Decompiling 08bb4520, pcode error at 08bb4520: Unable to disassemble EXTERNAL block location: 08bb4520  
2026-07-13 07:52:43 WARN  (DecompileCallback) Decompiling 08bb4528, pcode error at 08bb4528: Unable to disassemble EXTERNAL block location: 08bb4528  
2026-07-13 07:52:43 WARN  (DecompileCallback) Decompiling 08bb4530, pcode error at 08bb4530: Unable to disassemble EXTERNAL block location: 08bb4530  
2026-07-13 07:52:43 WARN  (DecompileCallback) Decompiling 08bb4538, pcode error at 08bb4538: Unable to disassemble EXTERNAL block location: 08bb4538  
2026-07-13 07:52:43 WARN  (DecompileCallback) Decompiling 08bb4540, pcode error at 08bb4540: Unable to disassemble EXTERNAL block location: 08bb4540  
2026-07-13 07:52:43 WARN  (DecompileCallback) Decompiling 08bb4548, pcode error at 08bb4548: Unable to disassemble EXTERNAL block location: 08bb4548  
2026-07-13 07:52:43 WARN  (DecompileCallback) Decompiling 08bb4550, pcode error at 08bb4550: Unable to disassemble EXTERNAL block location: 08bb4550  
2026-07-13 07:52:43 WARN  (DecompileCallback) Decompiling 08bb4560, pcode error at 08bb4560: Unable to disassemble EXTERNAL block location: 08bb4560  
2026-07-13 07:52:43 WARN  (DecompileCallback) Decompiling 08bb4568, pcode error at 08bb4568: Unable to disassemble EXTERNAL block location: 08bb4568  
2026-07-13 07:52:43 WARN  (DecompileCallback) Decompiling 08bb4570, pcode error at 08bb4570: Unable to disassemble EXTERNAL block location: 08bb4570  
2026-07-13 07:52:43 WARN  (DecompileCallback) Decompiling 08bb4578, pcode error at 08bb4578: Unable to disassemble EXTERNAL block location: 08bb4578  
2026-07-13 07:52:43 WARN  (DecompileCallback) Decompiling 08bb4580, pcode error at 08bb4580: Unable to disassemble EXTERNAL block location: 08bb4580  
2026-07-13 07:52:43 WARN  (DecompileCallback) Decompiling 08bb4588, pcode error at 08bb4588: Unable to disassemble EXTERNAL block location: 08bb4588  
2026-07-13 07:52:43 WARN  (DecompileCallback) Decompiling 08bb4590, pcode error at 08bb4590: Unable to disassemble EXTERNAL block location: 08bb4590  
2026-07-13 07:52:43 WARN  (DecompileCallback) Decompiling 08bb4598, pcode error at 08bb4598: Unable to disassemble EXTERNAL block location: 08bb4598  
2026-07-13 07:52:43 WARN  (DecompileCallback) Decompiling 08bb45a0, pcode error at 08bb45a0: Unable to disassemble EXTERNAL block location: 08bb45a0  
2026-07-13 07:52:43 WARN  (DecompileCallback) Decompiling 08bb45a8, pcode error at 08bb45a8: Unable to disassemble EXTERNAL block location: 08bb45a8  
2026-07-13 07:52:43 WARN  (DecompileCallback) Decompiling 08bb45b0, pcode error at 08bb45b0: Unable to disassemble EXTERNAL block location: 08bb45b0  
2026-07-13 07:52:43 WARN  (DecompileCallback) Decompiling 08bb45b8, pcode error at 08bb45b8: Unable to disassemble EXTERNAL block location: 08bb45b8  
2026-07-13 07:52:43 WARN  (DecompileCallback) Decompiling 08bb45c0, pcode error at 08bb45c0: Unable to disassemble EXTERNAL block location: 08bb45c0  
2026-07-13 07:52:43 WARN  (DecompileCallback) Decompiling 08bb45c8, pcode error at 08bb45c8: Unable to disassemble EXTERNAL block location: 08bb45c8  
2026-07-13 07:52:43 WARN  (DecompileCallback) Decompiling 08bb45d0, pcode error at 08bb45d0: Unable to disassemble EXTERNAL block location: 08bb45d0  
2026-07-13 07:52:43 WARN  (DecompileCallback) Decompiling 08bb45d8, pcode error at 08bb45d8: Unable to disassemble EXTERNAL block location: 08bb45d8  
2026-07-13 07:52:43 WARN  (DecompileCallback) Decompiling 08bb45e0, pcode error at 08bb45e0: Unable to disassemble EXTERNAL block location: 08bb45e0  
2026-07-13 07:52:43 WARN  (DecompileCallback) Decompiling 08bb45e8, pcode error at 08bb45e8: Unable to disassemble EXTERNAL block location: 08bb45e8  
2026-07-13 07:52:43 WARN  (DecompileCallback) Decompiling 08bb45f0, pcode error at 08bb45f0: Unable to disassemble EXTERNAL block location: 08bb45f0  
2026-07-13 07:52:43 WARN  (DecompileCallback) Decompiling 08bb45f8, pcode error at 08bb45f8: Unable to disassemble EXTERNAL block location: 08bb45f8  
2026-07-13 07:52:43 WARN  (DecompileCallback) Decompiling 08bb4600, pcode error at 08bb4600: Unable to disassemble EXTERNAL block location: 08bb4600  
2026-07-13 07:52:43 WARN  (DecompileCallback) Decompiling 08bb4608, pcode error at 08bb4608: Unable to disassemble EXTERNAL block location: 08bb4608  
2026-07-13 07:52:43 WARN  (DecompileCallback) Decompiling 08bb4610, pcode error at 08bb4610: Unable to disassemble EXTERNAL block location: 08bb4610  
2026-07-13 07:52:43 WARN  (DecompileCallback) Decompiling 08bb4618, pcode error at 08bb4618: Unable to disassemble EXTERNAL block location: 08bb4618  
2026-07-13 07:52:43 WARN  (DecompileCallback) Decompiling 08bb4620, pcode error at 08bb4620: Unable to disassemble EXTERNAL block location: 08bb4620  
2026-07-13 07:52:43 WARN  (DecompileCallback) Decompiling 08bb4628, pcode error at 08bb4628: Unable to disassemble EXTERNAL block location: 08bb4628  
2026-07-13 07:52:43 WARN  (DecompileCallback) Decompiling 08bb4630, pcode error at 08bb4630: Unable to disassemble EXTERNAL block location: 08bb4630  
2026-07-13 07:52:43 WARN  (DecompileCallback) Decompiling 08bb4638, pcode error at 08bb4638: Unable to disassemble EXTERNAL block location: 08bb4638  
2026-07-13 07:52:43 WARN  (DecompileCallback) Decompiling 08bb4640, pcode error at 08bb4640: Unable to disassemble EXTERNAL block location: 08bb4640  
2026-07-13 07:52:43 WARN  (DecompileCallback) Decompiling 08bb4648, pcode error at 08bb4648: Unable to disassemble EXTERNAL block location: 08bb4648  
2026-07-13 07:52:43 WARN  (DecompileCallback) Decompiling 08bb4650, pcode error at 08bb4650: Unable to disassemble EXTERNAL block location: 08bb4650  
2026-07-13 07:52:43 WARN  (DecompileCallback) Decompiling 08bb4658, pcode error at 08bb4658: Unable to disassemble EXTERNAL block location: 08bb4658  
2026-07-13 07:52:43 WARN  (DecompileCallback) Decompiling 08bb4660, pcode error at 08bb4660: Unable to disassemble EXTERNAL block location: 08bb4660  
2026-07-13 07:52:43 WARN  (DecompileCallback) Decompiling 08bb4668, pcode error at 08bb4668: Unable to disassemble EXTERNAL block location: 08bb4668  
2026-07-13 07:52:43 WARN  (DecompileCallback) Decompiling 08bb4670, pcode error at 08bb4670: Unable to disassemble EXTERNAL block location: 08bb4670  
2026-07-13 07:52:43 WARN  (DecompileCallback) Decompiling 08bb4678, pcode error at 08bb4678: Unable to disassemble EXTERNAL block location: 08bb4678  
2026-07-13 07:52:43 WARN  (DecompileCallback) Decompiling 08bb4680, pcode error at 08bb4680: Unable to disassemble EXTERNAL block location: 08bb4680  
2026-07-13 07:52:43 WARN  (DecompileCallback) Decompiling 08bb4688, pcode error at 08bb4688: Unable to disassemble EXTERNAL block location: 08bb4688  
2026-07-13 07:52:43 WARN  (DecompileCallback) Decompiling 08bb4690, pcode error at 08bb4690: Unable to disassemble EXTERNAL block location: 08bb4690  
2026-07-13 07:52:43 WARN  (DecompileCallback) Decompiling 08bb4698, pcode error at 08bb4698: Unable to disassemble EXTERNAL block location: 08bb4698  
2026-07-13 07:52:43 WARN  (DecompileCallback) Decompiling 08bb46a0, pcode error at 08bb46a0: Unable to disassemble EXTERNAL block location: 08bb46a0  
2026-07-13 07:52:43 WARN  (DecompileCallback) Decompiling 08bb46a8, pcode error at 08bb46a8: Unable to disassemble EXTERNAL block location: 08bb46a8  
2026-07-13 07:52:43 WARN  (DecompileCallback) Decompiling 08bb46b0, pcode error at 08bb46b0: Unable to disassemble EXTERNAL block location: 08bb46b0  
2026-07-13 07:52:43 WARN  (DecompileCallback) Decompiling 08bb46b8, pcode error at 08bb46b8: Unable to disassemble EXTERNAL block location: 08bb46b8  
2026-07-13 07:52:43 WARN  (DecompileCallback) Decompiling 08bb46c0, pcode error at 08bb46c0: Unable to disassemble EXTERNAL block location: 08bb46c0  
2026-07-13 07:52:43 WARN  (DecompileCallback) Decompiling 08bb46c8, pcode error at 08bb46c8: Unable to disassemble EXTERNAL block location: 08bb46c8  
2026-07-13 07:52:43 WARN  (DecompileCallback) Decompiling 08bb46d0, pcode error at 08bb46d0: Unable to disassemble EXTERNAL block location: 08bb46d0  
2026-07-13 07:52:43 WARN  (DecompileCallback) Decompiling 08bb46d8, pcode error at 08bb46d8: Unable to disassemble EXTERNAL block location: 08bb46d8  
2026-07-13 07:52:43 WARN  (DecompileCallback) Decompiling 08bb46e0, pcode error at 08bb46e0: Unable to disassemble EXTERNAL block location: 08bb46e0  
2026-07-13 07:52:43 WARN  (DecompileCallback) Decompiling 08bb46e8, pcode error at 08bb46e8: Unable to disassemble EXTERNAL block location: 08bb46e8  
2026-07-13 07:52:43 WARN  (DecompileCallback) Decompiling 08bb46f0, pcode error at 08bb46f0: Unable to disassemble EXTERNAL block location: 08bb46f0  
2026-07-13 07:52:43 WARN  (DecompileCallback) Decompiling 08bb46f8, pcode error at 08bb46f8: Unable to disassemble EXTERNAL block location: 08bb46f8  
2026-07-13 07:52:43 WARN  (DecompileCallback) Decompiling 08bb4700, pcode error at 08bb4700: Unable to disassemble EXTERNAL block location: 08bb4700  
2026-07-13 07:52:43 WARN  (DecompileCallback) Decompiling 08bb4708, pcode error at 08bb4708: Unable to disassemble EXTERNAL block location: 08bb4708  
2026-07-13 07:52:43 WARN  (DecompileCallback) Decompiling 08bb4710, pcode error at 08bb4710: Unable to disassemble EXTERNAL block location: 08bb4710  
2026-07-13 07:52:43 WARN  (DecompileCallback) Decompiling 08bb4718, pcode error at 08bb4718: Unable to disassemble EXTERNAL block location: 08bb4718  
2026-07-13 07:52:43 WARN  (DecompileCallback) Decompiling 08bb4720, pcode error at 08bb4720: Unable to disassemble EXTERNAL block location: 08bb4720  
2026-07-13 07:52:43 WARN  (DecompileCallback) Decompiling 08bb4728, pcode error at 08bb4728: Unable to disassemble EXTERNAL block location: 08bb4728  
2026-07-13 07:52:43 WARN  (DecompileCallback) Decompiling 08bb4730, pcode error at 08bb4730: Unable to disassemble EXTERNAL block location: 08bb4730  
2026-07-13 07:52:43 WARN  (DecompileCallback) Decompiling 08bb4738, pcode error at 08bb4738: Unable to disassemble EXTERNAL block location: 08bb4738  
2026-07-13 07:52:43 WARN  (DecompileCallback) Decompiling 08bb4740, pcode error at 08bb4740: Unable to disassemble EXTERNAL block location: 08bb4740  
2026-07-13 07:52:43 WARN  (DecompileCallback) Decompiling 08bb4748, pcode error at 08bb4748: Unable to disassemble EXTERNAL block location: 08bb4748  
2026-07-13 07:52:43 WARN  (DecompileCallback) Decompiling 08bb4750, pcode error at 08bb4750: Unable to disassemble EXTERNAL block location: 08bb4750  
2026-07-13 07:52:43 WARN  (DecompileCallback) Decompiling 08bb4758, pcode error at 08bb4758: Unable to disassemble EXTERNAL block location: 08bb4758  
2026-07-13 07:52:43 WARN  (DecompileCallback) Decompiling 08bb4760, pcode error at 08bb4760: Unable to disassemble EXTERNAL block location: 08bb4760  
2026-07-13 07:52:43 WARN  (DecompileCallback) Decompiling 08bb4768, pcode error at 08bb4768: Unable to disassemble EXTERNAL block location: 08bb4768  
2026-07-13 07:52:43 WARN  (DecompileCallback) Decompiling 08bb4770, pcode error at 08bb4770: Unable to disassemble EXTERNAL block location: 08bb4770  
2026-07-13 07:52:43 WARN  (DecompileCallback) Decompiling 08bb4778, pcode error at 08bb4778: Unable to disassemble EXTERNAL block location: 08bb4778  
2026-07-13 07:52:43 WARN  (DecompileCallback) Decompiling 08bb4780, pcode error at 08bb4780: Unable to disassemble EXTERNAL block location: 08bb4780  
2026-07-13 07:52:43 WARN  (DecompileCallback) Decompiling 08bb4788, pcode error at 08bb4788: Unable to disassemble EXTERNAL block location: 08bb4788  
2026-07-13 07:52:43 WARN  (DecompileCallback) Decompiling 08bb4790, pcode error at 08bb4790: Unable to disassemble EXTERNAL block location: 08bb4790  
2026-07-13 07:52:43 WARN  (DecompileCallback) Decompiling 08bb4798, pcode error at 08bb4798: Unable to disassemble EXTERNAL block location: 08bb4798  
2026-07-13 07:52:43 WARN  (DecompileCallback) Decompiling 08bb47a0, pcode error at 08bb47a0: Unable to disassemble EXTERNAL block location: 08bb47a0  
2026-07-13 07:52:43 WARN  (DecompileCallback) Decompiling 08bb47a8, pcode error at 08bb47a8: Unable to disassemble EXTERNAL block location: 08bb47a8  
2026-07-13 07:52:43 WARN  (DecompileCallback) Decompiling 08bb47b0, pcode error at 08bb47b0: Unable to disassemble EXTERNAL block location: 08bb47b0  
2026-07-13 07:52:43 WARN  (DecompileCallback) Decompiling 08bb47b8, pcode error at 08bb47b8: Unable to disassemble EXTERNAL block location: 08bb47b8  
2026-07-13 07:52:43 WARN  (DecompileCallback) Decompiling 08bb47c0, pcode error at 08bb47c0: Unable to disassemble EXTERNAL block location: 08bb47c0  
2026-07-13 07:52:43 WARN  (DecompileCallback) Decompiling 08bb47c8, pcode error at 08bb47c8: Unable to disassemble EXTERNAL block location: 08bb47c8  
2026-07-13 07:52:43 WARN  (DecompileCallback) Decompiling 08bb47d0, pcode error at 08bb47d0: Unable to disassemble EXTERNAL block location: 08bb47d0  
2026-07-13 07:52:43 WARN  (DecompileCallback) Decompiling 08bb47d8, pcode error at 08bb47d8: Unable to disassemble EXTERNAL block location: 08bb47d8  
2026-07-13 07:52:43 WARN  (DecompileCallback) Decompiling 08bb47e0, pcode error at 08bb47e0: Unable to disassemble EXTERNAL block location: 08bb47e0  
2026-07-13 07:52:43 WARN  (DecompileCallback) Decompiling 08bb47e8, pcode error at 08bb47e8: Unable to disassemble EXTERNAL block location: 08bb47e8  
2026-07-13 07:52:43 WARN  (DecompileCallback) Decompiling 08bb47f0, pcode error at 08bb47f0: Unable to disassemble EXTERNAL block location: 08bb47f0  
2026-07-13 07:52:43 WARN  (DecompileCallback) Decompiling 08bb47f8, pcode error at 08bb47f8: Unable to disassemble EXTERNAL block location: 08bb47f8  
2026-07-13 07:52:43 WARN  (DecompileCallback) Decompiling 08bb4800, pcode error at 08bb4800: Unable to disassemble EXTERNAL block location: 08bb4800  
2026-07-13 07:52:43 WARN  (DecompileCallback) Decompiling 08bb4808, pcode error at 08bb4808: Unable to disassemble EXTERNAL block location: 08bb4808  
2026-07-13 07:52:43 WARN  (DecompileCallback) Decompiling 08bb4810, pcode error at 08bb4810: Unable to disassemble EXTERNAL block location: 08bb4810  
2026-07-13 07:52:43 WARN  (DecompileCallback) Decompiling 08bb4818, pcode error at 08bb4818: Unable to disassemble EXTERNAL block location: 08bb4818  
2026-07-13 07:52:43 WARN  (DecompileCallback) Decompiling 08bb4820, pcode error at 08bb4820: Unable to disassemble EXTERNAL block location: 08bb4820  
2026-07-13 07:52:43 WARN  (DecompileCallback) Decompiling 08bb4828, pcode error at 08bb4828: Unable to disassemble EXTERNAL block location: 08bb4828  
2026-07-13 07:52:43 WARN  (DecompileCallback) Decompiling 08bb4830, pcode error at 08bb4830: Unable to disassemble EXTERNAL block location: 08bb4830  
2026-07-13 07:52:43 WARN  (DecompileCallback) Decompiling 08bb4838, pcode error at 08bb4838: Unable to disassemble EXTERNAL block location: 08bb4838  
2026-07-13 07:52:43 WARN  (DecompileCallback) Decompiling 08bb4840, pcode error at 08bb4840: Unable to disassemble EXTERNAL block location: 08bb4840  
2026-07-13 07:52:43 WARN  (DecompileCallback) Decompiling 08bb4848, pcode error at 08bb4848: Unable to disassemble EXTERNAL block location: 08bb4848  
2026-07-13 07:52:43 WARN  (DecompileCallback) Decompiling 08bb4850, pcode error at 08bb4850: Unable to disassemble EXTERNAL block location: 08bb4850  
2026-07-13 07:52:43 WARN  (DecompileCallback) Decompiling 08bb4858, pcode error at 08bb4858: Unable to disassemble EXTERNAL block location: 08bb4858  
2026-07-13 07:52:43 WARN  (DecompileCallback) Decompiling 08bb4860, pcode error at 08bb4860: Unable to disassemble EXTERNAL block location: 08bb4860  
2026-07-13 07:52:43 WARN  (DecompileCallback) Decompiling 08bb4868, pcode error at 08bb4868: Unable to disassemble EXTERNAL block location: 08bb4868  
2026-07-13 07:52:43 WARN  (DecompileCallback) Decompiling 08bb4870, pcode error at 08bb4870: Unable to disassemble EXTERNAL block location: 08bb4870  
2026-07-13 07:52:43 WARN  (DecompileCallback) Decompiling 08bb4878, pcode error at 08bb4878: Unable to disassemble EXTERNAL block location: 08bb4878  
2026-07-13 07:52:43 WARN  (DecompileCallback) Decompiling 08bb4880, pcode error at 08bb4880: Unable to disassemble EXTERNAL block location: 08bb4880  
2026-07-13 07:52:43 WARN  (DecompileCallback) Decompiling 08bb4888, pcode error at 08bb4888: Unable to disassemble EXTERNAL block location: 08bb4888  
2026-07-13 07:52:43 WARN  (DecompileCallback) Decompiling 08bb4890, pcode error at 08bb4890: Unable to disassemble EXTERNAL block location: 08bb4890  
2026-07-13 07:52:43 WARN  (DecompileCallback) Decompiling 08bb4898, pcode error at 08bb4898: Unable to disassemble EXTERNAL block location: 08bb4898  
2026-07-13 07:52:43 WARN  (DecompileCallback) Decompiling 08bb48a0, pcode error at 08bb48a0: Unable to disassemble EXTERNAL block location: 08bb48a0  
2026-07-13 07:52:43 WARN  (DecompileCallback) Decompiling 08bb48a8, pcode error at 08bb48a8: Unable to disassemble EXTERNAL block location: 08bb48a8  
2026-07-13 07:52:43 WARN  (DecompileCallback) Decompiling 08bb48b8, pcode error at 08bb48b8: Unable to disassemble EXTERNAL block location: 08bb48b8  
2026-07-13 07:52:43 WARN  (DecompileCallback) Decompiling 08bb48c0, pcode error at 08bb48c0: Unable to disassemble EXTERNAL block location: 08bb48c0  
2026-07-13 07:52:43 WARN  (DecompileCallback) Decompiling 08bb48c8, pcode error at 08bb48c8: Unable to disassemble EXTERNAL block location: 08bb48c8  
2026-07-13 07:52:43 WARN  (DecompileCallback) Decompiling 08bb48d0, pcode error at 08bb48d0: Unable to disassemble EXTERNAL block location: 08bb48d0  
2026-07-13 07:52:43 WARN  (DecompileCallback) Decompiling 08bb48d8, pcode error at 08bb48d8: Unable to disassemble EXTERNAL block location: 08bb48d8  
2026-07-13 07:52:43 WARN  (DecompileCallback) Decompiling 08bb48e0, pcode error at 08bb48e0: Unable to disassemble EXTERNAL block location: 08bb48e0  
2026-07-13 07:52:43 WARN  (DecompileCallback) Decompiling 08bb48e8, pcode error at 08bb48e8: Unable to disassemble EXTERNAL block location: 08bb48e8  
2026-07-13 07:52:43 WARN  (DecompileCallback) Decompiling 08bb48f0, pcode error at 08bb48f0: Unable to disassemble EXTERNAL block location: 08bb48f0  
2026-07-13 07:52:43 INFO  (GhidraScript) GeneralStructureEyePatternScan.java> General structure scan complete.  
2026-07-13 07:52:43 INFO  (GhidraScript) GeneralStructureEyePatternScan.java> Total functions scanned: 940490  
2026-07-13 07:52:43 INFO  (GhidraScript) GeneralStructureEyePatternScan.java> Exported functions: 3047  
2026-07-13 07:52:43 INFO  (GhidraScript) GeneralStructureEyePatternScan.java> Decompile failures: 1947  
2026-07-13 07:52:43 INFO  (GhidraScript) GeneralStructureEyePatternScan.java> Report CSV: C:\realDesktop\manifest-evaluations\summer-26\ghidra-pipeline\il2cpp-files\DirtBikerVR\general-structure-results\structure_scan_report.csv  
2026-07-13 07:52:43 INFO  (GhidraScript) GeneralStructureEyePatternScan.java> Report JSON: C:\realDesktop\manifest-evaluations\summer-26\ghidra-pipeline\il2cpp-files\DirtBikerVR\general-structure-results\structure_scan_report.json  
2026-07-13 07:52:43 INFO  (HeadlessAnalyzer) REPORT: Save succeeded for processed file: /DirtBikerVR-libil2cpp.so  
