2026-07-10 22:35:29 INFO  (LoggingInitialization) Using log config file: jar:file:/C:/Users/kimgiordano27/Downloads/ghidra_12.1.2_PUBLIC_20260605/ghidra_12.1.2_PUBLIC/Ghidra/Framework/Generic/lib/Generic.jar!/generic.log4j.xml  
2026-07-10 22:35:29 INFO  (LoggingInitialization) Using log file: C:\realDesktop\manifest-evaluations\summer-26\ghidra-pipeline\il2cpp-files\beastcraft\general-structure-ghidra.log  
2026-07-10 22:35:29 DEBUG (GhidraObjectInputFilter) Including serial input filter: FileSystem/data/client.rmi.serial.filter  
2026-07-10 22:35:29 INFO  (Preferences) Loading user preferences: C:\Users\kimgiordano27\AppData\Roaming\ghidra\ghidra_12.1.2_PUBLIC\preferences  
2026-07-10 22:35:29 INFO  (ClassSearcher) Searching for classes...  
2026-07-10 22:35:30 INFO  (ClassSearcher) Class search complete (527 ms)  
2026-07-10 22:35:30 INFO  (DefaultSSLContextInitializer) Initializing SSL Context  
2026-07-10 22:35:30 INFO  (SecureRandomFactory) Initializing Random Number Generator...  
2026-07-10 22:35:30 INFO  (SecureRandomFactory) Random Number Generator initialization complete: SHA1PRNG  
2026-07-10 22:35:30 INFO  (DefaultTrustManagerFactory) Trust manager disabled, cacerts have not been set  
2026-07-10 22:35:30 INFO  (AnalyzeHeadless) Headless startup complete (1521 ms)  
2026-07-10 22:35:30 INFO  (ClassSearcher) Class searcher loaded 59 extension points (20 false positives)  
2026-07-10 22:35:31 INFO  (HeadlessAnalyzer) HEADLESS Script Paths:
    C:\Users\kimgiordano27\Downloads\ghidra_12.1.2_PUBLIC_20260605\ghidra_12.1.2_PUBLIC\Ghidra\Features\DecompilerDependent\ghidra_scripts
    C:\Users\kimgiordano27\Downloads\ghidra_12.1.2_PUBLIC_20260605\ghidra_12.1.2_PUBLIC\Ghidra\Processors\Atmel\ghidra_scripts
    C:\Users\kimgiordano27\Downloads\ghidra_12.1.2_PUBLIC_20260605\ghidra_12.1.2_PUBLIC\Ghidra\Processors\PIC\ghidra_scripts
    C:\Users\kimgiordano27\Downloads\ghidra_12.1.2_PUBLIC_20260605\ghidra_12.1.2_PUBLIC\Ghidra\Features\VersionTracking\ghidra_scripts
    C:\Users\kimgiordano27\Downloads\ghidra_12.1.2_PUBLIC_20260605\ghidra_12.1.2_PUBLIC\Ghidra\Features\BytePatterns\ghidra_scripts
    C:\Users\kimgiordano27\ghidra_scripts
    C:\Users\kimgiordano27\Downloads\ghidra_12.1.2_PUBLIC_20260605\ghidra_12.1.2_PUBLIC\Ghidra\Features\BSim\ghidra_scripts
    C:\realDesktop\manifest-evaluations\summer-26\ghidra-pipeline\ghidra-export-scripts
    C:\Users\kimgiordano27\Downloads\ghidra_12.1.2_PUBLIC_20260605\ghidra_12.1.2_PUBLIC\Ghidra\Processors\JVM\ghidra_scripts
    C:\Users\kimgiordano27\Downloads\ghidra_12.1.2_PUBLIC_20260605\ghidra_12.1.2_PUBLIC\Ghidra\Features\Base\ghidra_scripts
    C:\Users\kimgiordano27\Downloads\ghidra_12.1.2_PUBLIC_20260605\ghidra_12.1.2_PUBLIC\Ghidra\Features\SwiftDemangler\ghidra_scripts
    C:\Users\kimgiordano27\Downloads\ghidra_12.1.2_PUBLIC_20260605\ghidra_12.1.2_PUBLIC\Ghidra\Features\WildcardAssembler\ghidra_scripts
    C:\Users\kimgiordano27\Downloads\ghidra_12.1.2_PUBLIC_20260605\ghidra_12.1.2_PUBLIC\Ghidra\Features\FileFormats\ghidra_scripts
    C:\Users\kimgiordano27\Downloads\ghidra_12.1.2_PUBLIC_20260605\ghidra_12.1.2_PUBLIC\Ghidra\Features\Decompiler\ghidra_scripts
    C:\Users\kimgiordano27\Downloads\ghidra_12.1.2_PUBLIC_20260605\ghidra_12.1.2_PUBLIC\Ghidra\Features\SystemEmulation\ghidra_scripts
    C:\Users\kimgiordano27\Downloads\ghidra_12.1.2_PUBLIC_20260605\ghidra_12.1.2_PUBLIC\Ghidra\Processors\8051\ghidra_scripts
    C:\Users\kimgiordano27\Downloads\ghidra_12.1.2_PUBLIC_20260605\ghidra_12.1.2_PUBLIC\Ghidra\Features\GnuDemangler\ghidra_scripts
    C:\Users\kimgiordano27\Downloads\ghidra_12.1.2_PUBLIC_20260605\ghidra_12.1.2_PUBLIC\Ghidra\Debug\Debugger\ghidra_scripts
    C:\Users\kimgiordano27\Downloads\ghidra_12.1.2_PUBLIC_20260605\ghidra_12.1.2_PUBLIC\Ghidra\Processors\DATA\ghidra_scripts
    C:\Users\kimgiordano27\Downloads\ghidra_12.1.2_PUBLIC_20260605\ghidra_12.1.2_PUBLIC\Ghidra\Debug\Debugger-rmi-trace\ghidra_scripts
    C:\Users\kimgiordano27\Downloads\ghidra_12.1.2_PUBLIC_20260605\ghidra_12.1.2_PUBLIC\Ghidra\Features\FunctionID\ghidra_scripts
    C:\Users\kimgiordano27\Downloads\ghidra_12.1.2_PUBLIC_20260605\ghidra_12.1.2_PUBLIC\Ghidra\Features\MicrosoftCodeAnalyzer\ghidra_scripts
    C:\Users\kimgiordano27\Downloads\ghidra_12.1.2_PUBLIC_20260605\ghidra_12.1.2_PUBLIC\Ghidra\Features\PDB\ghidra_scripts
    C:\Users\kimgiordano27\AppData\Roaming\ghidra\ghidra_12.1.2_PUBLIC\Extensions\Jython\ghidra_scripts
    C:\Users\kimgiordano27\Downloads\ghidra_12.1.2_PUBLIC_20260605\ghidra_12.1.2_PUBLIC\Ghidra\Features\PyGhidra\ghidra_scripts  
2026-07-10 22:35:31 INFO  (HeadlessAnalyzer) HEADLESS: execution starts  
2026-07-10 22:35:31 INFO  (HeadlessAnalyzer) Opening existing project: C:\realDesktop\manifest-evaluations\summer-26\ghidra-pipeline\il2cpp-files\beastcraft\ghidra-project-beastcraft\beastcraft  
2026-07-10 22:35:31 INFO  (HeadlessProject) Opening project: C:\realDesktop\manifest-evaluations\summer-26\ghidra-pipeline\il2cpp-files\beastcraft\ghidra-project-beastcraft\beastcraft  
2026-07-10 22:35:31 INFO  (LocalFileSystem) /beastcraft-libil2cpp.so: checkout (2) granted (kimgiordano27)  
2026-07-10 22:35:35 INFO  (HeadlessAnalyzer) REPORT: Processing project file: /beastcraft-libil2cpp.so  
2026-07-10 22:35:35 INFO  (HeadlessAnalyzer) REPORT: Execute script: GeneralStructureEyePatternScan.java 'C:\realDesktop\manifest-evaluations\summer-26\ghidra-pipeline\il2cpp-files\beastcraft\general-structure-results' '70' 'false'   
2026-07-10 22:35:36 INFO  (HeadlessAnalyzer) SCRIPT: C:\realDesktop\manifest-evaluations\summer-26\ghidra-pipeline\ghidra-export-scripts\GeneralStructureEyePatternScan.java  
2026-07-10 22:35:36 INFO  (GhidraScript) GeneralStructureEyePatternScan.java> General structure scan starting...  
2026-07-10 22:35:36 INFO  (GhidraScript) GeneralStructureEyePatternScan.java> Output: C:\realDesktop\manifest-evaluations\summer-26\ghidra-pipeline\il2cpp-files\beastcraft\general-structure-results  
2026-07-10 22:35:36 INFO  (GhidraScript) GeneralStructureEyePatternScan.java> Minimum review score: 70  
2026-07-10 22:35:36 INFO  (GhidraScript) GeneralStructureEyePatternScan.java> Export all: false  
2026-07-10 22:35:49 INFO  (GhidraScript) GeneralStructureEyePatternScan.java> Scanned 10000 functions. Exported so far: 0  
2026-07-10 22:35:58 INFO  (GhidraScript) GeneralStructureEyePatternScan.java> Scanned 20000 functions. Exported so far: 0  
2026-07-10 22:36:17 INFO  (GhidraScript) GeneralStructureEyePatternScan.java> Scanned 30000 functions. Exported so far: 0  
2026-07-10 22:36:36 INFO  (GhidraScript) GeneralStructureEyePatternScan.java> Scanned 40000 functions. Exported so far: 0  
2026-07-10 22:36:46 INFO  (GhidraScript) GeneralStructureEyePatternScan.java> Scanned 50000 functions. Exported so far: 0  
2026-07-10 22:37:17 INFO  (GhidraScript) GeneralStructureEyePatternScan.java> Scanned 60000 functions. Exported so far: 0  
2026-07-10 22:37:37 INFO  (GhidraScript) GeneralStructureEyePatternScan.java> Scanned 70000 functions. Exported so far: 0  
2026-07-10 22:37:55 INFO  (GhidraScript) GeneralStructureEyePatternScan.java> Scanned 80000 functions. Exported so far: 0  
2026-07-10 22:38:13 INFO  (GhidraScript) GeneralStructureEyePatternScan.java> Scanned 90000 functions. Exported so far: 0  
2026-07-10 22:38:33 INFO  (GhidraScript) GeneralStructureEyePatternScan.java> Scanned 100000 functions. Exported so far: 0  
2026-07-10 22:38:53 INFO  (GhidraScript) GeneralStructureEyePatternScan.java> Scanned 110000 functions. Exported so far: 0  
2026-07-10 22:39:10 INFO  (GhidraScript) GeneralStructureEyePatternScan.java> Scanned 120000 functions. Exported so far: 0  
2026-07-10 22:39:49 INFO  (GhidraScript) GeneralStructureEyePatternScan.java> Scanned 130000 functions. Exported so far: 2  
2026-07-10 22:43:46 INFO  (GhidraScript) GeneralStructureEyePatternScan.java> Scanned 140000 functions. Exported so far: 24  
2026-07-10 22:48:34 INFO  (GhidraScript) GeneralStructureEyePatternScan.java> Scanned 150000 functions. Exported so far: 29  
2026-07-10 22:51:06 INFO  (GhidraScript) GeneralStructureEyePatternScan.java> Scanned 160000 functions. Exported so far: 29  
2026-07-11 06:29:32 INFO  (GhidraScript) GeneralStructureEyePatternScan.java> Scanned 170000 functions. Exported so far: 32  
2026-07-11 06:31:38 INFO  (GhidraScript) GeneralStructureEyePatternScan.java> Scanned 180000 functions. Exported so far: 38  
2026-07-11 06:32:53 INFO  (GhidraScript) GeneralStructureEyePatternScan.java> Scanned 190000 functions. Exported so far: 41  
2026-07-11 06:33:41 INFO  (GhidraScript) GeneralStructureEyePatternScan.java> Scanned 200000 functions. Exported so far: 41  
2026-07-11 06:34:47 INFO  (GhidraScript) GeneralStructureEyePatternScan.java> Scanned 210000 functions. Exported so far: 42  
2026-07-11 06:36:34 INFO  (GhidraScript) GeneralStructureEyePatternScan.java> Scanned 220000 functions. Exported so far: 43  
2026-07-11 06:38:54 INFO  (GhidraScript) GeneralStructureEyePatternScan.java> Scanned 230000 functions. Exported so far: 46  
2026-07-11 06:40:23 INFO  (GhidraScript) GeneralStructureEyePatternScan.java> Scanned 240000 functions. Exported so far: 46  
2026-07-11 06:41:17 INFO  (GhidraScript) GeneralStructureEyePatternScan.java> Scanned 250000 functions. Exported so far: 46  
2026-07-11 06:42:07 INFO  (GhidraScript) GeneralStructureEyePatternScan.java> Scanned 260000 functions. Exported so far: 46  
2026-07-11 06:42:39 INFO  (GhidraScript) GeneralStructureEyePatternScan.java> Scanned 270000 functions. Exported so far: 46  
2026-07-11 06:43:34 INFO  (GhidraScript) GeneralStructureEyePatternScan.java> Scanned 280000 functions. Exported so far: 46  
2026-07-11 06:44:35 INFO  (GhidraScript) GeneralStructureEyePatternScan.java> Scanned 290000 functions. Exported so far: 46  
2026-07-11 06:45:39 INFO  (GhidraScript) GeneralStructureEyePatternScan.java> Scanned 300000 functions. Exported so far: 46  
2026-07-11 06:46:43 INFO  (GhidraScript) GeneralStructureEyePatternScan.java> Scanned 310000 functions. Exported so far: 48  
2026-07-11 06:47:38 INFO  (GhidraScript) GeneralStructureEyePatternScan.java> Scanned 320000 functions. Exported so far: 49  
2026-07-11 06:48:29 INFO  (GhidraScript) GeneralStructureEyePatternScan.java> Scanned 330000 functions. Exported so far: 49  
2026-07-11 06:49:14 INFO  (GhidraScript) GeneralStructureEyePatternScan.java> Scanned 340000 functions. Exported so far: 49  
2026-07-11 06:50:20 INFO  (GhidraScript) GeneralStructureEyePatternScan.java> Scanned 350000 functions. Exported so far: 49  
2026-07-11 06:51:19 INFO  (GhidraScript) GeneralStructureEyePatternScan.java> Scanned 360000 functions. Exported so far: 49  
2026-07-11 06:52:20 INFO  (GhidraScript) GeneralStructureEyePatternScan.java> Scanned 370000 functions. Exported so far: 49  
2026-07-11 06:53:12 INFO  (GhidraScript) GeneralStructureEyePatternScan.java> Scanned 380000 functions. Exported so far: 49  
2026-07-11 06:53:59 INFO  (GhidraScript) GeneralStructureEyePatternScan.java> Scanned 390000 functions. Exported so far: 49  
2026-07-11 06:55:29 INFO  (GhidraScript) GeneralStructureEyePatternScan.java> Scanned 400000 functions. Exported so far: 50  
2026-07-11 06:57:32 INFO  (GhidraScript) GeneralStructureEyePatternScan.java> Scanned 410000 functions. Exported so far: 53  
2026-07-11 06:59:00 INFO  (GhidraScript) GeneralStructureEyePatternScan.java> Scanned 420000 functions. Exported so far: 53  
2026-07-11 07:01:37 INFO  (GhidraScript) GeneralStructureEyePatternScan.java> Scanned 430000 functions. Exported so far: 53  
2026-07-11 07:03:27 INFO  (GhidraScript) GeneralStructureEyePatternScan.java> Scanned 440000 functions. Exported so far: 53  
2026-07-11 07:05:09 INFO  (GhidraScript) GeneralStructureEyePatternScan.java> Scanned 450000 functions. Exported so far: 53  
2026-07-11 07:06:26 INFO  (GhidraScript) GeneralStructureEyePatternScan.java> Scanned 460000 functions. Exported so far: 53  
2026-07-11 07:07:54 INFO  (GhidraScript) GeneralStructureEyePatternScan.java> Scanned 470000 functions. Exported so far: 60  
2026-07-11 07:09:25 INFO  (GhidraScript) GeneralStructureEyePatternScan.java> Scanned 480000 functions. Exported so far: 66  
2026-07-11 07:09:47 INFO  (GhidraScript) GeneralStructureEyePatternScan.java> Scanned 490000 functions. Exported so far: 66  
2026-07-11 07:10:27 INFO  (GhidraScript) GeneralStructureEyePatternScan.java> Scanned 500000 functions. Exported so far: 66  
2026-07-11 07:12:17 INFO  (GhidraScript) GeneralStructureEyePatternScan.java> Scanned 510000 functions. Exported so far: 70  
2026-07-11 07:13:55 INFO  (GhidraScript) GeneralStructureEyePatternScan.java> Scanned 520000 functions. Exported so far: 70  
2026-07-11 07:15:13 INFO  (GhidraScript) GeneralStructureEyePatternScan.java> Scanned 530000 functions. Exported so far: 71  
2026-07-11 07:17:49 INFO  (GhidraScript) GeneralStructureEyePatternScan.java> Scanned 540000 functions. Exported so far: 71  
2026-07-11 07:40:27 INFO  (GhidraScript) GeneralStructureEyePatternScan.java> Scanned 550000 functions. Exported so far: 98  
2026-07-11 07:55:06 INFO  (GhidraScript) GeneralStructureEyePatternScan.java> Scanned 560000 functions. Exported so far: 238  
2026-07-11 07:57:32 INFO  (GhidraScript) GeneralStructureEyePatternScan.java> Scanned 570000 functions. Exported so far: 238  
2026-07-11 08:00:08 INFO  (GhidraScript) GeneralStructureEyePatternScan.java> Scanned 580000 functions. Exported so far: 238  
2026-07-11 08:06:18 INFO  (GhidraScript) GeneralStructureEyePatternScan.java> Scanned 590000 functions. Exported so far: 239  
2026-07-11 08:11:23 INFO  (GhidraScript) GeneralStructureEyePatternScan.java> Scanned 600000 functions. Exported so far: 239  
2026-07-11 08:28:35 INFO  (GhidraScript) GeneralStructureEyePatternScan.java> Scanned 610000 functions. Exported so far: 252  
2026-07-11 08:32:10 INFO  (GhidraScript) GeneralStructureEyePatternScan.java> Scanned 620000 functions. Exported so far: 252  
2026-07-11 08:37:30 INFO  (GhidraScript) GeneralStructureEyePatternScan.java> Scanned 630000 functions. Exported so far: 252  
2026-07-11 08:41:40 INFO  (GhidraScript) GeneralStructureEyePatternScan.java> Scanned 640000 functions. Exported so far: 293  
2026-07-11 09:12:43 INFO  (GhidraScript) GeneralStructureEyePatternScan.java> Scanned 650000 functions. Exported so far: 349  
2026-07-11 09:20:13 INFO  (GhidraScript) GeneralStructureEyePatternScan.java> Scanned 660000 functions. Exported so far: 365  
2026-07-11 09:22:10 INFO  (GhidraScript) GeneralStructureEyePatternScan.java> Scanned 670000 functions. Exported so far: 388  
2026-07-11 09:30:21 INFO  (GhidraScript) GeneralStructureEyePatternScan.java> Scanned 680000 functions. Exported so far: 395  
2026-07-11 09:36:05 INFO  (GhidraScript) GeneralStructureEyePatternScan.java> Scanned 690000 functions. Exported so far: 406  
2026-07-11 09:40:52 INFO  (GhidraScript) GeneralStructureEyePatternScan.java> Scanned 700000 functions. Exported so far: 419  
2026-07-11 09:43:31 INFO  (GhidraScript) GeneralStructureEyePatternScan.java> Scanned 710000 functions. Exported so far: 441  
2026-07-11 09:44:14 WARN  (DecompileCallback) Decompiling 070b6000, pcode error at 070b6000: Unable to disassemble EXTERNAL block location: 070b6000  
2026-07-11 09:44:14 WARN  (DecompileCallback) Decompiling 070b6008, pcode error at 070b6008: Unable to disassemble EXTERNAL block location: 070b6008  
2026-07-11 09:44:14 WARN  (DecompileCallback) Decompiling 070b6010, pcode error at 070b6010: Unable to disassemble EXTERNAL block location: 070b6010  
2026-07-11 09:44:14 WARN  (DecompileCallback) Decompiling 070b6018, pcode error at 070b6018: Unable to disassemble EXTERNAL block location: 070b6018  
2026-07-11 09:44:14 WARN  (DecompileCallback) Decompiling 070b6020, pcode error at 070b6020: Unable to disassemble EXTERNAL block location: 070b6020  
2026-07-11 09:44:14 WARN  (DecompileCallback) Decompiling 070b6028, pcode error at 070b6028: Unable to disassemble EXTERNAL block location: 070b6028  
2026-07-11 09:44:14 WARN  (DecompileCallback) Decompiling 070b6030, pcode error at 070b6030: Unable to disassemble EXTERNAL block location: 070b6030  
2026-07-11 09:44:14 WARN  (DecompileCallback) Decompiling 070b6038, pcode error at 070b6038: Unable to disassemble EXTERNAL block location: 070b6038  
2026-07-11 09:44:14 WARN  (DecompileCallback) Decompiling 070b6040, pcode error at 070b6040: Unable to disassemble EXTERNAL block location: 070b6040  
2026-07-11 09:44:14 WARN  (DecompileCallback) Decompiling 070b6048, pcode error at 070b6048: Unable to disassemble EXTERNAL block location: 070b6048  
2026-07-11 09:44:14 WARN  (DecompileCallback) Decompiling 070b6050, pcode error at 070b6050: Unable to disassemble EXTERNAL block location: 070b6050  
2026-07-11 09:44:14 WARN  (DecompileCallback) Decompiling 070b6058, pcode error at 070b6058: Unable to disassemble EXTERNAL block location: 070b6058  
2026-07-11 09:44:14 WARN  (DecompileCallback) Decompiling 070b6060, pcode error at 070b6060: Unable to disassemble EXTERNAL block location: 070b6060  
2026-07-11 09:44:14 WARN  (DecompileCallback) Decompiling 070b6068, pcode error at 070b6068: Unable to disassemble EXTERNAL block location: 070b6068  
2026-07-11 09:44:14 WARN  (DecompileCallback) Decompiling 070b6070, pcode error at 070b6070: Unable to disassemble EXTERNAL block location: 070b6070  
2026-07-11 09:44:14 WARN  (DecompileCallback) Decompiling 070b6078, pcode error at 070b6078: Unable to disassemble EXTERNAL block location: 070b6078  
2026-07-11 09:44:14 WARN  (DecompileCallback) Decompiling 070b6080, pcode error at 070b6080: Unable to disassemble EXTERNAL block location: 070b6080  
2026-07-11 09:44:14 WARN  (DecompileCallback) Decompiling 070b6088, pcode error at 070b6088: Unable to disassemble EXTERNAL block location: 070b6088  
2026-07-11 09:44:14 WARN  (DecompileCallback) Decompiling 070b6090, pcode error at 070b6090: Unable to disassemble EXTERNAL block location: 070b6090  
2026-07-11 09:44:14 WARN  (DecompileCallback) Decompiling 070b6098, pcode error at 070b6098: Unable to disassemble EXTERNAL block location: 070b6098  
2026-07-11 09:44:14 WARN  (DecompileCallback) Decompiling 070b60a0, pcode error at 070b60a0: Unable to disassemble EXTERNAL block location: 070b60a0  
2026-07-11 09:44:14 WARN  (DecompileCallback) Decompiling 070b60a8, pcode error at 070b60a8: Unable to disassemble EXTERNAL block location: 070b60a8  
2026-07-11 09:44:14 WARN  (DecompileCallback) Decompiling 070b60b0, pcode error at 070b60b0: Unable to disassemble EXTERNAL block location: 070b60b0  
2026-07-11 09:44:14 WARN  (DecompileCallback) Decompiling 070b60b8, pcode error at 070b60b8: Unable to disassemble EXTERNAL block location: 070b60b8  
2026-07-11 09:44:14 WARN  (DecompileCallback) Decompiling 070b60c0, pcode error at 070b60c0: Unable to disassemble EXTERNAL block location: 070b60c0  
2026-07-11 09:44:14 WARN  (DecompileCallback) Decompiling 070b60c8, pcode error at 070b60c8: Unable to disassemble EXTERNAL block location: 070b60c8  
2026-07-11 09:44:14 WARN  (DecompileCallback) Decompiling 070b60d0, pcode error at 070b60d0: Unable to disassemble EXTERNAL block location: 070b60d0  
2026-07-11 09:44:14 WARN  (DecompileCallback) Decompiling 070b60d8, pcode error at 070b60d8: Unable to disassemble EXTERNAL block location: 070b60d8  
2026-07-11 09:44:14 WARN  (DecompileCallback) Decompiling 070b60e0, pcode error at 070b60e0: Unable to disassemble EXTERNAL block location: 070b60e0  
2026-07-11 09:44:14 WARN  (DecompileCallback) Decompiling 070b60e8, pcode error at 070b60e8: Unable to disassemble EXTERNAL block location: 070b60e8  
2026-07-11 09:44:14 WARN  (DecompileCallback) Decompiling 070b60f0, pcode error at 070b60f0: Unable to disassemble EXTERNAL block location: 070b60f0  
2026-07-11 09:44:14 WARN  (DecompileCallback) Decompiling 070b60f8, pcode error at 070b60f8: Unable to disassemble EXTERNAL block location: 070b60f8  
2026-07-11 09:44:14 WARN  (DecompileCallback) Decompiling 070b6100, pcode error at 070b6100: Unable to disassemble EXTERNAL block location: 070b6100  
2026-07-11 09:44:14 WARN  (DecompileCallback) Decompiling 070b6108, pcode error at 070b6108: Unable to disassemble EXTERNAL block location: 070b6108  
2026-07-11 09:44:14 WARN  (DecompileCallback) Decompiling 070b6110, pcode error at 070b6110: Unable to disassemble EXTERNAL block location: 070b6110  
2026-07-11 09:44:14 WARN  (DecompileCallback) Decompiling 070b6118, pcode error at 070b6118: Unable to disassemble EXTERNAL block location: 070b6118  
2026-07-11 09:44:14 WARN  (DecompileCallback) Decompiling 070b6120, pcode error at 070b6120: Unable to disassemble EXTERNAL block location: 070b6120  
2026-07-11 09:44:14 WARN  (DecompileCallback) Decompiling 070b6128, pcode error at 070b6128: Unable to disassemble EXTERNAL block location: 070b6128  
2026-07-11 09:44:14 WARN  (DecompileCallback) Decompiling 070b6138, pcode error at 070b6138: Unable to disassemble EXTERNAL block location: 070b6138  
2026-07-11 09:44:14 WARN  (DecompileCallback) Decompiling 070b6140, pcode error at 070b6140: Unable to disassemble EXTERNAL block location: 070b6140  
2026-07-11 09:44:14 WARN  (DecompileCallback) Decompiling 070b6148, pcode error at 070b6148: Unable to disassemble EXTERNAL block location: 070b6148  
2026-07-11 09:44:14 WARN  (DecompileCallback) Decompiling 070b6150, pcode error at 070b6150: Unable to disassemble EXTERNAL block location: 070b6150  
2026-07-11 09:44:14 WARN  (DecompileCallback) Decompiling 070b6158, pcode error at 070b6158: Unable to disassemble EXTERNAL block location: 070b6158  
2026-07-11 09:44:14 WARN  (DecompileCallback) Decompiling 070b6160, pcode error at 070b6160: Unable to disassemble EXTERNAL block location: 070b6160  
2026-07-11 09:44:14 WARN  (DecompileCallback) Decompiling 070b6168, pcode error at 070b6168: Unable to disassemble EXTERNAL block location: 070b6168  
2026-07-11 09:44:14 WARN  (DecompileCallback) Decompiling 070b6170, pcode error at 070b6170: Unable to disassemble EXTERNAL block location: 070b6170  
2026-07-11 09:44:14 WARN  (DecompileCallback) Decompiling 070b6178, pcode error at 070b6178: Unable to disassemble EXTERNAL block location: 070b6178  
2026-07-11 09:44:14 WARN  (DecompileCallback) Decompiling 070b6180, pcode error at 070b6180: Unable to disassemble EXTERNAL block location: 070b6180  
2026-07-11 09:44:14 WARN  (DecompileCallback) Decompiling 070b6188, pcode error at 070b6188: Unable to disassemble EXTERNAL block location: 070b6188  
2026-07-11 09:44:14 WARN  (DecompileCallback) Decompiling 070b6190, pcode error at 070b6190: Unable to disassemble EXTERNAL block location: 070b6190  
2026-07-11 09:44:14 WARN  (DecompileCallback) Decompiling 070b6198, pcode error at 070b6198: Unable to disassemble EXTERNAL block location: 070b6198  
2026-07-11 09:44:14 WARN  (DecompileCallback) Decompiling 070b61a0, pcode error at 070b61a0: Unable to disassemble EXTERNAL block location: 070b61a0  
2026-07-11 09:44:14 WARN  (DecompileCallback) Decompiling 070b61a8, pcode error at 070b61a8: Unable to disassemble EXTERNAL block location: 070b61a8  
2026-07-11 09:44:14 WARN  (DecompileCallback) Decompiling 070b61b0, pcode error at 070b61b0: Unable to disassemble EXTERNAL block location: 070b61b0  
2026-07-11 09:44:14 WARN  (DecompileCallback) Decompiling 070b61b8, pcode error at 070b61b8: Unable to disassemble EXTERNAL block location: 070b61b8  
2026-07-11 09:44:14 WARN  (DecompileCallback) Decompiling 070b61c0, pcode error at 070b61c0: Unable to disassemble EXTERNAL block location: 070b61c0  
2026-07-11 09:44:14 WARN  (DecompileCallback) Decompiling 070b61c8, pcode error at 070b61c8: Unable to disassemble EXTERNAL block location: 070b61c8  
2026-07-11 09:44:14 WARN  (DecompileCallback) Decompiling 070b61d0, pcode error at 070b61d0: Unable to disassemble EXTERNAL block location: 070b61d0  
2026-07-11 09:44:14 WARN  (DecompileCallback) Decompiling 070b61d8, pcode error at 070b61d8: Unable to disassemble EXTERNAL block location: 070b61d8  
2026-07-11 09:44:14 WARN  (DecompileCallback) Decompiling 070b61e0, pcode error at 070b61e0: Unable to disassemble EXTERNAL block location: 070b61e0  
2026-07-11 09:44:14 WARN  (DecompileCallback) Decompiling 070b61e8, pcode error at 070b61e8: Unable to disassemble EXTERNAL block location: 070b61e8  
2026-07-11 09:44:14 WARN  (DecompileCallback) Decompiling 070b61f0, pcode error at 070b61f0: Unable to disassemble EXTERNAL block location: 070b61f0  
2026-07-11 09:44:14 WARN  (DecompileCallback) Decompiling 070b61f8, pcode error at 070b61f8: Unable to disassemble EXTERNAL block location: 070b61f8  
2026-07-11 09:44:14 WARN  (DecompileCallback) Decompiling 070b6200, pcode error at 070b6200: Unable to disassemble EXTERNAL block location: 070b6200  
2026-07-11 09:44:14 WARN  (DecompileCallback) Decompiling 070b6208, pcode error at 070b6208: Unable to disassemble EXTERNAL block location: 070b6208  
2026-07-11 09:44:14 WARN  (DecompileCallback) Decompiling 070b6210, pcode error at 070b6210: Unable to disassemble EXTERNAL block location: 070b6210  
2026-07-11 09:44:14 WARN  (DecompileCallback) Decompiling 070b6218, pcode error at 070b6218: Unable to disassemble EXTERNAL block location: 070b6218  
2026-07-11 09:44:14 WARN  (DecompileCallback) Decompiling 070b6220, pcode error at 070b6220: Unable to disassemble EXTERNAL block location: 070b6220  
2026-07-11 09:44:14 WARN  (DecompileCallback) Decompiling 070b6228, pcode error at 070b6228: Unable to disassemble EXTERNAL block location: 070b6228  
2026-07-11 09:44:14 WARN  (DecompileCallback) Decompiling 070b6230, pcode error at 070b6230: Unable to disassemble EXTERNAL block location: 070b6230  
2026-07-11 09:44:14 WARN  (DecompileCallback) Decompiling 070b6238, pcode error at 070b6238: Unable to disassemble EXTERNAL block location: 070b6238  
2026-07-11 09:44:14 WARN  (DecompileCallback) Decompiling 070b6240, pcode error at 070b6240: Unable to disassemble EXTERNAL block location: 070b6240  
2026-07-11 09:44:14 WARN  (DecompileCallback) Decompiling 070b6248, pcode error at 070b6248: Unable to disassemble EXTERNAL block location: 070b6248  
2026-07-11 09:44:14 WARN  (DecompileCallback) Decompiling 070b6250, pcode error at 070b6250: Unable to disassemble EXTERNAL block location: 070b6250  
2026-07-11 09:44:14 WARN  (DecompileCallback) Decompiling 070b6258, pcode error at 070b6258: Unable to disassemble EXTERNAL block location: 070b6258  
2026-07-11 09:44:14 WARN  (DecompileCallback) Decompiling 070b6260, pcode error at 070b6260: Unable to disassemble EXTERNAL block location: 070b6260  
2026-07-11 09:44:14 WARN  (DecompileCallback) Decompiling 070b6268, pcode error at 070b6268: Unable to disassemble EXTERNAL block location: 070b6268  
2026-07-11 09:44:14 WARN  (DecompileCallback) Decompiling 070b6270, pcode error at 070b6270: Unable to disassemble EXTERNAL block location: 070b6270  
2026-07-11 09:44:14 WARN  (DecompileCallback) Decompiling 070b6278, pcode error at 070b6278: Unable to disassemble EXTERNAL block location: 070b6278  
2026-07-11 09:44:14 WARN  (DecompileCallback) Decompiling 070b6280, pcode error at 070b6280: Unable to disassemble EXTERNAL block location: 070b6280  
2026-07-11 09:44:14 WARN  (DecompileCallback) Decompiling 070b6288, pcode error at 070b6288: Unable to disassemble EXTERNAL block location: 070b6288  
2026-07-11 09:44:14 WARN  (DecompileCallback) Decompiling 070b6290, pcode error at 070b6290: Unable to disassemble EXTERNAL block location: 070b6290  
2026-07-11 09:44:14 WARN  (DecompileCallback) Decompiling 070b6298, pcode error at 070b6298: Unable to disassemble EXTERNAL block location: 070b6298  
2026-07-11 09:44:14 WARN  (DecompileCallback) Decompiling 070b62a0, pcode error at 070b62a0: Unable to disassemble EXTERNAL block location: 070b62a0  
2026-07-11 09:44:14 WARN  (DecompileCallback) Decompiling 070b62a8, pcode error at 070b62a8: Unable to disassemble EXTERNAL block location: 070b62a8  
2026-07-11 09:44:14 WARN  (DecompileCallback) Decompiling 070b62b0, pcode error at 070b62b0: Unable to disassemble EXTERNAL block location: 070b62b0  
2026-07-11 09:44:14 WARN  (DecompileCallback) Decompiling 070b62b8, pcode error at 070b62b8: Unable to disassemble EXTERNAL block location: 070b62b8  
2026-07-11 09:44:14 WARN  (DecompileCallback) Decompiling 070b62c0, pcode error at 070b62c0: Unable to disassemble EXTERNAL block location: 070b62c0  
2026-07-11 09:44:14 WARN  (DecompileCallback) Decompiling 070b62c8, pcode error at 070b62c8: Unable to disassemble EXTERNAL block location: 070b62c8  
2026-07-11 09:44:14 WARN  (DecompileCallback) Decompiling 070b62d0, pcode error at 070b62d0: Unable to disassemble EXTERNAL block location: 070b62d0  
2026-07-11 09:44:14 WARN  (DecompileCallback) Decompiling 070b62d8, pcode error at 070b62d8: Unable to disassemble EXTERNAL block location: 070b62d8  
2026-07-11 09:44:14 WARN  (DecompileCallback) Decompiling 070b62e0, pcode error at 070b62e0: Unable to disassemble EXTERNAL block location: 070b62e0  
2026-07-11 09:44:14 WARN  (DecompileCallback) Decompiling 070b62e8, pcode error at 070b62e8: Unable to disassemble EXTERNAL block location: 070b62e8  
2026-07-11 09:44:14 WARN  (DecompileCallback) Decompiling 070b62f0, pcode error at 070b62f0: Unable to disassemble EXTERNAL block location: 070b62f0  
2026-07-11 09:44:14 WARN  (DecompileCallback) Decompiling 070b62f8, pcode error at 070b62f8: Unable to disassemble EXTERNAL block location: 070b62f8  
2026-07-11 09:44:14 WARN  (DecompileCallback) Decompiling 070b6300, pcode error at 070b6300: Unable to disassemble EXTERNAL block location: 070b6300  
2026-07-11 09:44:14 WARN  (DecompileCallback) Decompiling 070b6308, pcode error at 070b6308: Unable to disassemble EXTERNAL block location: 070b6308  
2026-07-11 09:44:14 WARN  (DecompileCallback) Decompiling 070b6310, pcode error at 070b6310: Unable to disassemble EXTERNAL block location: 070b6310  
2026-07-11 09:44:14 WARN  (DecompileCallback) Decompiling 070b6318, pcode error at 070b6318: Unable to disassemble EXTERNAL block location: 070b6318  
2026-07-11 09:44:14 WARN  (DecompileCallback) Decompiling 070b6320, pcode error at 070b6320: Unable to disassemble EXTERNAL block location: 070b6320  
2026-07-11 09:44:14 WARN  (DecompileCallback) Decompiling 070b6328, pcode error at 070b6328: Unable to disassemble EXTERNAL block location: 070b6328  
2026-07-11 09:44:14 WARN  (DecompileCallback) Decompiling 070b6330, pcode error at 070b6330: Unable to disassemble EXTERNAL block location: 070b6330  
2026-07-11 09:44:14 WARN  (DecompileCallback) Decompiling 070b6338, pcode error at 070b6338: Unable to disassemble EXTERNAL block location: 070b6338  
2026-07-11 09:44:14 WARN  (DecompileCallback) Decompiling 070b6340, pcode error at 070b6340: Unable to disassemble EXTERNAL block location: 070b6340  
2026-07-11 09:44:14 WARN  (DecompileCallback) Decompiling 070b6348, pcode error at 070b6348: Unable to disassemble EXTERNAL block location: 070b6348  
2026-07-11 09:44:14 WARN  (DecompileCallback) Decompiling 070b6350, pcode error at 070b6350: Unable to disassemble EXTERNAL block location: 070b6350  
2026-07-11 09:44:14 WARN  (DecompileCallback) Decompiling 070b6358, pcode error at 070b6358: Unable to disassemble EXTERNAL block location: 070b6358  
2026-07-11 09:44:14 WARN  (DecompileCallback) Decompiling 070b6360, pcode error at 070b6360: Unable to disassemble EXTERNAL block location: 070b6360  
2026-07-11 09:44:14 WARN  (DecompileCallback) Decompiling 070b6368, pcode error at 070b6368: Unable to disassemble EXTERNAL block location: 070b6368  
2026-07-11 09:44:14 WARN  (DecompileCallback) Decompiling 070b6370, pcode error at 070b6370: Unable to disassemble EXTERNAL block location: 070b6370  
2026-07-11 09:44:14 WARN  (DecompileCallback) Decompiling 070b6378, pcode error at 070b6378: Unable to disassemble EXTERNAL block location: 070b6378  
2026-07-11 09:44:14 WARN  (DecompileCallback) Decompiling 070b6380, pcode error at 070b6380: Unable to disassemble EXTERNAL block location: 070b6380  
2026-07-11 09:44:14 WARN  (DecompileCallback) Decompiling 070b6388, pcode error at 070b6388: Unable to disassemble EXTERNAL block location: 070b6388  
2026-07-11 09:44:14 WARN  (DecompileCallback) Decompiling 070b6390, pcode error at 070b6390: Unable to disassemble EXTERNAL block location: 070b6390  
2026-07-11 09:44:14 WARN  (DecompileCallback) Decompiling 070b6398, pcode error at 070b6398: Unable to disassemble EXTERNAL block location: 070b6398  
2026-07-11 09:44:14 WARN  (DecompileCallback) Decompiling 070b63a0, pcode error at 070b63a0: Unable to disassemble EXTERNAL block location: 070b63a0  
2026-07-11 09:44:14 WARN  (DecompileCallback) Decompiling 070b63a8, pcode error at 070b63a8: Unable to disassemble EXTERNAL block location: 070b63a8  
2026-07-11 09:44:14 WARN  (DecompileCallback) Decompiling 070b63b0, pcode error at 070b63b0: Unable to disassemble EXTERNAL block location: 070b63b0  
2026-07-11 09:44:14 WARN  (DecompileCallback) Decompiling 070b63b8, pcode error at 070b63b8: Unable to disassemble EXTERNAL block location: 070b63b8  
2026-07-11 09:44:14 WARN  (DecompileCallback) Decompiling 070b63c0, pcode error at 070b63c0: Unable to disassemble EXTERNAL block location: 070b63c0  
2026-07-11 09:44:14 WARN  (DecompileCallback) Decompiling 070b63c8, pcode error at 070b63c8: Unable to disassemble EXTERNAL block location: 070b63c8  
2026-07-11 09:44:14 WARN  (DecompileCallback) Decompiling 070b63d0, pcode error at 070b63d0: Unable to disassemble EXTERNAL block location: 070b63d0  
2026-07-11 09:44:14 WARN  (DecompileCallback) Decompiling 070b63d8, pcode error at 070b63d8: Unable to disassemble EXTERNAL block location: 070b63d8  
2026-07-11 09:44:14 WARN  (DecompileCallback) Decompiling 070b63e0, pcode error at 070b63e0: Unable to disassemble EXTERNAL block location: 070b63e0  
2026-07-11 09:44:14 WARN  (DecompileCallback) Decompiling 070b63e8, pcode error at 070b63e8: Unable to disassemble EXTERNAL block location: 070b63e8  
2026-07-11 09:44:14 WARN  (DecompileCallback) Decompiling 070b63f0, pcode error at 070b63f0: Unable to disassemble EXTERNAL block location: 070b63f0  
2026-07-11 09:44:14 WARN  (DecompileCallback) Decompiling 070b63f8, pcode error at 070b63f8: Unable to disassemble EXTERNAL block location: 070b63f8  
2026-07-11 09:44:14 WARN  (DecompileCallback) Decompiling 070b6400, pcode error at 070b6400: Unable to disassemble EXTERNAL block location: 070b6400  
2026-07-11 09:44:14 WARN  (DecompileCallback) Decompiling 070b6408, pcode error at 070b6408: Unable to disassemble EXTERNAL block location: 070b6408  
2026-07-11 09:44:14 WARN  (DecompileCallback) Decompiling 070b6410, pcode error at 070b6410: Unable to disassemble EXTERNAL block location: 070b6410  
2026-07-11 09:44:14 WARN  (DecompileCallback) Decompiling 070b6418, pcode error at 070b6418: Unable to disassemble EXTERNAL block location: 070b6418  
2026-07-11 09:44:14 WARN  (DecompileCallback) Decompiling 070b6420, pcode error at 070b6420: Unable to disassemble EXTERNAL block location: 070b6420  
2026-07-11 09:44:14 WARN  (DecompileCallback) Decompiling 070b6428, pcode error at 070b6428: Unable to disassemble EXTERNAL block location: 070b6428  
2026-07-11 09:44:14 WARN  (DecompileCallback) Decompiling 070b6430, pcode error at 070b6430: Unable to disassemble EXTERNAL block location: 070b6430  
2026-07-11 09:44:14 WARN  (DecompileCallback) Decompiling 070b6438, pcode error at 070b6438: Unable to disassemble EXTERNAL block location: 070b6438  
2026-07-11 09:44:14 WARN  (DecompileCallback) Decompiling 070b6440, pcode error at 070b6440: Unable to disassemble EXTERNAL block location: 070b6440  
2026-07-11 09:44:14 WARN  (DecompileCallback) Decompiling 070b6448, pcode error at 070b6448: Unable to disassemble EXTERNAL block location: 070b6448  
2026-07-11 09:44:14 WARN  (DecompileCallback) Decompiling 070b6450, pcode error at 070b6450: Unable to disassemble EXTERNAL block location: 070b6450  
2026-07-11 09:44:14 WARN  (DecompileCallback) Decompiling 070b6458, pcode error at 070b6458: Unable to disassemble EXTERNAL block location: 070b6458  
2026-07-11 09:44:14 WARN  (DecompileCallback) Decompiling 070b6460, pcode error at 070b6460: Unable to disassemble EXTERNAL block location: 070b6460  
2026-07-11 09:44:14 WARN  (DecompileCallback) Decompiling 070b6468, pcode error at 070b6468: Unable to disassemble EXTERNAL block location: 070b6468  
2026-07-11 09:44:14 WARN  (DecompileCallback) Decompiling 070b6470, pcode error at 070b6470: Unable to disassemble EXTERNAL block location: 070b6470  
2026-07-11 09:44:14 WARN  (DecompileCallback) Decompiling 070b6478, pcode error at 070b6478: Unable to disassemble EXTERNAL block location: 070b6478  
2026-07-11 09:44:14 WARN  (DecompileCallback) Decompiling 070b6480, pcode error at 070b6480: Unable to disassemble EXTERNAL block location: 070b6480  
2026-07-11 09:44:14 WARN  (DecompileCallback) Decompiling 070b6488, pcode error at 070b6488: Unable to disassemble EXTERNAL block location: 070b6488  
2026-07-11 09:44:14 WARN  (DecompileCallback) Decompiling 070b6490, pcode error at 070b6490: Unable to disassemble EXTERNAL block location: 070b6490  
2026-07-11 09:44:14 WARN  (DecompileCallback) Decompiling 070b6498, pcode error at 070b6498: Unable to disassemble EXTERNAL block location: 070b6498  
2026-07-11 09:44:14 WARN  (DecompileCallback) Decompiling 070b64a0, pcode error at 070b64a0: Unable to disassemble EXTERNAL block location: 070b64a0  
2026-07-11 09:44:14 WARN  (DecompileCallback) Decompiling 070b64a8, pcode error at 070b64a8: Unable to disassemble EXTERNAL block location: 070b64a8  
2026-07-11 09:44:14 WARN  (DecompileCallback) Decompiling 070b64b0, pcode error at 070b64b0: Unable to disassemble EXTERNAL block location: 070b64b0  
2026-07-11 09:44:14 WARN  (DecompileCallback) Decompiling 070b64b8, pcode error at 070b64b8: Unable to disassemble EXTERNAL block location: 070b64b8  
2026-07-11 09:44:14 WARN  (DecompileCallback) Decompiling 070b64c0, pcode error at 070b64c0: Unable to disassemble EXTERNAL block location: 070b64c0  
2026-07-11 09:44:14 WARN  (DecompileCallback) Decompiling 070b64c8, pcode error at 070b64c8: Unable to disassemble EXTERNAL block location: 070b64c8  
2026-07-11 09:44:14 WARN  (DecompileCallback) Decompiling 070b64d0, pcode error at 070b64d0: Unable to disassemble EXTERNAL block location: 070b64d0  
2026-07-11 09:44:14 WARN  (DecompileCallback) Decompiling 070b64d8, pcode error at 070b64d8: Unable to disassemble EXTERNAL block location: 070b64d8  
2026-07-11 09:44:14 WARN  (DecompileCallback) Decompiling 070b64e0, pcode error at 070b64e0: Unable to disassemble EXTERNAL block location: 070b64e0  
2026-07-11 09:44:14 WARN  (DecompileCallback) Decompiling 070b64e8, pcode error at 070b64e8: Unable to disassemble EXTERNAL block location: 070b64e8  
2026-07-11 09:44:14 WARN  (DecompileCallback) Decompiling 070b64f0, pcode error at 070b64f0: Unable to disassemble EXTERNAL block location: 070b64f0  
2026-07-11 09:44:14 WARN  (DecompileCallback) Decompiling 070b64f8, pcode error at 070b64f8: Unable to disassemble EXTERNAL block location: 070b64f8  
2026-07-11 09:44:14 WARN  (DecompileCallback) Decompiling 070b6500, pcode error at 070b6500: Unable to disassemble EXTERNAL block location: 070b6500  
2026-07-11 09:44:14 WARN  (DecompileCallback) Decompiling 070b6508, pcode error at 070b6508: Unable to disassemble EXTERNAL block location: 070b6508  
2026-07-11 09:44:14 WARN  (DecompileCallback) Decompiling 070b6510, pcode error at 070b6510: Unable to disassemble EXTERNAL block location: 070b6510  
2026-07-11 09:44:14 WARN  (DecompileCallback) Decompiling 070b6518, pcode error at 070b6518: Unable to disassemble EXTERNAL block location: 070b6518  
2026-07-11 09:44:14 WARN  (DecompileCallback) Decompiling 070b6520, pcode error at 070b6520: Unable to disassemble EXTERNAL block location: 070b6520  
2026-07-11 09:44:14 WARN  (DecompileCallback) Decompiling 070b6528, pcode error at 070b6528: Unable to disassemble EXTERNAL block location: 070b6528  
2026-07-11 09:44:14 WARN  (DecompileCallback) Decompiling 070b6530, pcode error at 070b6530: Unable to disassemble EXTERNAL block location: 070b6530  
2026-07-11 09:44:14 WARN  (DecompileCallback) Decompiling 070b6538, pcode error at 070b6538: Unable to disassemble EXTERNAL block location: 070b6538  
2026-07-11 09:44:14 WARN  (DecompileCallback) Decompiling 070b6540, pcode error at 070b6540: Unable to disassemble EXTERNAL block location: 070b6540  
2026-07-11 09:44:14 WARN  (DecompileCallback) Decompiling 070b6548, pcode error at 070b6548: Unable to disassemble EXTERNAL block location: 070b6548  
2026-07-11 09:44:14 WARN  (DecompileCallback) Decompiling 070b6550, pcode error at 070b6550: Unable to disassemble EXTERNAL block location: 070b6550  
2026-07-11 09:44:14 WARN  (DecompileCallback) Decompiling 070b6558, pcode error at 070b6558: Unable to disassemble EXTERNAL block location: 070b6558  
2026-07-11 09:44:14 WARN  (DecompileCallback) Decompiling 070b6560, pcode error at 070b6560: Unable to disassemble EXTERNAL block location: 070b6560  
2026-07-11 09:44:14 WARN  (DecompileCallback) Decompiling 070b6568, pcode error at 070b6568: Unable to disassemble EXTERNAL block location: 070b6568  
2026-07-11 09:44:14 WARN  (DecompileCallback) Decompiling 070b6570, pcode error at 070b6570: Unable to disassemble EXTERNAL block location: 070b6570  
2026-07-11 09:44:14 WARN  (DecompileCallback) Decompiling 070b6578, pcode error at 070b6578: Unable to disassemble EXTERNAL block location: 070b6578  
2026-07-11 09:44:14 WARN  (DecompileCallback) Decompiling 070b6580, pcode error at 070b6580: Unable to disassemble EXTERNAL block location: 070b6580  
2026-07-11 09:44:14 WARN  (DecompileCallback) Decompiling 070b6588, pcode error at 070b6588: Unable to disassemble EXTERNAL block location: 070b6588  
2026-07-11 09:44:14 WARN  (DecompileCallback) Decompiling 070b6590, pcode error at 070b6590: Unable to disassemble EXTERNAL block location: 070b6590  
2026-07-11 09:44:14 WARN  (DecompileCallback) Decompiling 070b6598, pcode error at 070b6598: Unable to disassemble EXTERNAL block location: 070b6598  
2026-07-11 09:44:14 WARN  (DecompileCallback) Decompiling 070b65a0, pcode error at 070b65a0: Unable to disassemble EXTERNAL block location: 070b65a0  
2026-07-11 09:44:14 WARN  (DecompileCallback) Decompiling 070b65a8, pcode error at 070b65a8: Unable to disassemble EXTERNAL block location: 070b65a8  
2026-07-11 09:44:14 WARN  (DecompileCallback) Decompiling 070b65b0, pcode error at 070b65b0: Unable to disassemble EXTERNAL block location: 070b65b0  
2026-07-11 09:44:14 WARN  (DecompileCallback) Decompiling 070b65b8, pcode error at 070b65b8: Unable to disassemble EXTERNAL block location: 070b65b8  
2026-07-11 09:44:14 WARN  (DecompileCallback) Decompiling 070b65c0, pcode error at 070b65c0: Unable to disassemble EXTERNAL block location: 070b65c0  
2026-07-11 09:44:14 WARN  (DecompileCallback) Decompiling 070b65c8, pcode error at 070b65c8: Unable to disassemble EXTERNAL block location: 070b65c8  
2026-07-11 09:44:14 WARN  (DecompileCallback) Decompiling 070b65d0, pcode error at 070b65d0: Unable to disassemble EXTERNAL block location: 070b65d0  
2026-07-11 09:44:14 WARN  (DecompileCallback) Decompiling 070b65d8, pcode error at 070b65d8: Unable to disassemble EXTERNAL block location: 070b65d8  
2026-07-11 09:44:14 WARN  (DecompileCallback) Decompiling 070b65e0, pcode error at 070b65e0: Unable to disassemble EXTERNAL block location: 070b65e0  
2026-07-11 09:44:14 WARN  (DecompileCallback) Decompiling 070b65e8, pcode error at 070b65e8: Unable to disassemble EXTERNAL block location: 070b65e8  
2026-07-11 09:44:14 WARN  (DecompileCallback) Decompiling 070b65f0, pcode error at 070b65f0: Unable to disassemble EXTERNAL block location: 070b65f0  
2026-07-11 09:44:14 WARN  (DecompileCallback) Decompiling 070b65f8, pcode error at 070b65f8: Unable to disassemble EXTERNAL block location: 070b65f8  
2026-07-11 09:44:14 WARN  (DecompileCallback) Decompiling 070b6600, pcode error at 070b6600: Unable to disassemble EXTERNAL block location: 070b6600  
2026-07-11 09:44:14 WARN  (DecompileCallback) Decompiling 070b6608, pcode error at 070b6608: Unable to disassemble EXTERNAL block location: 070b6608  
2026-07-11 09:44:14 WARN  (DecompileCallback) Decompiling 070b6610, pcode error at 070b6610: Unable to disassemble EXTERNAL block location: 070b6610  
2026-07-11 09:44:14 WARN  (DecompileCallback) Decompiling 070b6618, pcode error at 070b6618: Unable to disassemble EXTERNAL block location: 070b6618  
2026-07-11 09:44:14 WARN  (DecompileCallback) Decompiling 070b6620, pcode error at 070b6620: Unable to disassemble EXTERNAL block location: 070b6620  
2026-07-11 09:44:14 WARN  (DecompileCallback) Decompiling 070b6628, pcode error at 070b6628: Unable to disassemble EXTERNAL block location: 070b6628  
2026-07-11 09:44:14 WARN  (DecompileCallback) Decompiling 070b6630, pcode error at 070b6630: Unable to disassemble EXTERNAL block location: 070b6630  
2026-07-11 09:44:14 WARN  (DecompileCallback) Decompiling 070b6638, pcode error at 070b6638: Unable to disassemble EXTERNAL block location: 070b6638  
2026-07-11 09:44:14 WARN  (DecompileCallback) Decompiling 070b6640, pcode error at 070b6640: Unable to disassemble EXTERNAL block location: 070b6640  
2026-07-11 09:44:14 WARN  (DecompileCallback) Decompiling 070b6648, pcode error at 070b6648: Unable to disassemble EXTERNAL block location: 070b6648  
2026-07-11 09:44:14 WARN  (DecompileCallback) Decompiling 070b6650, pcode error at 070b6650: Unable to disassemble EXTERNAL block location: 070b6650  
2026-07-11 09:44:14 WARN  (DecompileCallback) Decompiling 070b6658, pcode error at 070b6658: Unable to disassemble EXTERNAL block location: 070b6658  
2026-07-11 09:44:14 WARN  (DecompileCallback) Decompiling 070b6660, pcode error at 070b6660: Unable to disassemble EXTERNAL block location: 070b6660  
2026-07-11 09:44:14 WARN  (DecompileCallback) Decompiling 070b6668, pcode error at 070b6668: Unable to disassemble EXTERNAL block location: 070b6668  
2026-07-11 09:44:14 WARN  (DecompileCallback) Decompiling 070b6670, pcode error at 070b6670: Unable to disassemble EXTERNAL block location: 070b6670  
2026-07-11 09:44:14 WARN  (DecompileCallback) Decompiling 070b6678, pcode error at 070b6678: Unable to disassemble EXTERNAL block location: 070b6678  
2026-07-11 09:44:14 WARN  (DecompileCallback) Decompiling 070b6680, pcode error at 070b6680: Unable to disassemble EXTERNAL block location: 070b6680  
2026-07-11 09:44:14 WARN  (DecompileCallback) Decompiling 070b6688, pcode error at 070b6688: Unable to disassemble EXTERNAL block location: 070b6688  
2026-07-11 09:44:14 WARN  (DecompileCallback) Decompiling 070b6690, pcode error at 070b6690: Unable to disassemble EXTERNAL block location: 070b6690  
2026-07-11 09:44:14 WARN  (DecompileCallback) Decompiling 070b6698, pcode error at 070b6698: Unable to disassemble EXTERNAL block location: 070b6698  
2026-07-11 09:44:14 WARN  (DecompileCallback) Decompiling 070b66a0, pcode error at 070b66a0: Unable to disassemble EXTERNAL block location: 070b66a0  
2026-07-11 09:44:14 WARN  (DecompileCallback) Decompiling 070b66a8, pcode error at 070b66a8: Unable to disassemble EXTERNAL block location: 070b66a8  
2026-07-11 09:44:14 WARN  (DecompileCallback) Decompiling 070b66b0, pcode error at 070b66b0: Unable to disassemble EXTERNAL block location: 070b66b0  
2026-07-11 09:44:14 WARN  (DecompileCallback) Decompiling 070b66b8, pcode error at 070b66b8: Unable to disassemble EXTERNAL block location: 070b66b8  
2026-07-11 09:44:14 WARN  (DecompileCallback) Decompiling 070b66c0, pcode error at 070b66c0: Unable to disassemble EXTERNAL block location: 070b66c0  
2026-07-11 09:44:14 WARN  (DecompileCallback) Decompiling 070b66c8, pcode error at 070b66c8: Unable to disassemble EXTERNAL block location: 070b66c8  
2026-07-11 09:44:14 WARN  (DecompileCallback) Decompiling 070b66d0, pcode error at 070b66d0: Unable to disassemble EXTERNAL block location: 070b66d0  
2026-07-11 09:44:14 WARN  (DecompileCallback) Decompiling 070b66d8, pcode error at 070b66d8: Unable to disassemble EXTERNAL block location: 070b66d8  
2026-07-11 09:44:14 WARN  (DecompileCallback) Decompiling 070b66e0, pcode error at 070b66e0: Unable to disassemble EXTERNAL block location: 070b66e0  
2026-07-11 09:44:14 WARN  (DecompileCallback) Decompiling 070b66e8, pcode error at 070b66e8: Unable to disassemble EXTERNAL block location: 070b66e8  
2026-07-11 09:44:14 WARN  (DecompileCallback) Decompiling 070b66f0, pcode error at 070b66f0: Unable to disassemble EXTERNAL block location: 070b66f0  
2026-07-11 09:44:14 WARN  (DecompileCallback) Decompiling 070b66f8, pcode error at 070b66f8: Unable to disassemble EXTERNAL block location: 070b66f8  
2026-07-11 09:44:14 WARN  (DecompileCallback) Decompiling 070b6700, pcode error at 070b6700: Unable to disassemble EXTERNAL block location: 070b6700  
2026-07-11 09:44:14 WARN  (DecompileCallback) Decompiling 070b6708, pcode error at 070b6708: Unable to disassemble EXTERNAL block location: 070b6708  
2026-07-11 09:44:14 WARN  (DecompileCallback) Decompiling 070b6710, pcode error at 070b6710: Unable to disassemble EXTERNAL block location: 070b6710  
2026-07-11 09:44:14 WARN  (DecompileCallback) Decompiling 070b6718, pcode error at 070b6718: Unable to disassemble EXTERNAL block location: 070b6718  
2026-07-11 09:44:14 WARN  (DecompileCallback) Decompiling 070b6720, pcode error at 070b6720: Unable to disassemble EXTERNAL block location: 070b6720  
2026-07-11 09:44:14 WARN  (DecompileCallback) Decompiling 070b6728, pcode error at 070b6728: Unable to disassemble EXTERNAL block location: 070b6728  
2026-07-11 09:44:14 WARN  (DecompileCallback) Decompiling 070b6730, pcode error at 070b6730: Unable to disassemble EXTERNAL block location: 070b6730  
2026-07-11 09:44:14 WARN  (DecompileCallback) Decompiling 070b6738, pcode error at 070b6738: Unable to disassemble EXTERNAL block location: 070b6738  
2026-07-11 09:44:14 WARN  (DecompileCallback) Decompiling 070b6740, pcode error at 070b6740: Unable to disassemble EXTERNAL block location: 070b6740  
2026-07-11 09:44:14 WARN  (DecompileCallback) Decompiling 070b6748, pcode error at 070b6748: Unable to disassemble EXTERNAL block location: 070b6748  
2026-07-11 09:44:14 WARN  (DecompileCallback) Decompiling 070b6750, pcode error at 070b6750: Unable to disassemble EXTERNAL block location: 070b6750  
2026-07-11 09:44:14 WARN  (DecompileCallback) Decompiling 070b6758, pcode error at 070b6758: Unable to disassemble EXTERNAL block location: 070b6758  
2026-07-11 09:44:14 WARN  (DecompileCallback) Decompiling 070b6760, pcode error at 070b6760: Unable to disassemble EXTERNAL block location: 070b6760  
2026-07-11 09:44:14 WARN  (DecompileCallback) Decompiling 070b6768, pcode error at 070b6768: Unable to disassemble EXTERNAL block location: 070b6768  
2026-07-11 09:44:14 WARN  (DecompileCallback) Decompiling 070b6770, pcode error at 070b6770: Unable to disassemble EXTERNAL block location: 070b6770  
2026-07-11 09:44:14 WARN  (DecompileCallback) Decompiling 070b6778, pcode error at 070b6778: Unable to disassemble EXTERNAL block location: 070b6778  
2026-07-11 09:44:14 WARN  (DecompileCallback) Decompiling 070b6780, pcode error at 070b6780: Unable to disassemble EXTERNAL block location: 070b6780  
2026-07-11 09:44:14 WARN  (DecompileCallback) Decompiling 070b6788, pcode error at 070b6788: Unable to disassemble EXTERNAL block location: 070b6788  
2026-07-11 09:44:14 WARN  (DecompileCallback) Decompiling 070b6790, pcode error at 070b6790: Unable to disassemble EXTERNAL block location: 070b6790  
2026-07-11 09:44:14 WARN  (DecompileCallback) Decompiling 070b6798, pcode error at 070b6798: Unable to disassemble EXTERNAL block location: 070b6798  
2026-07-11 09:44:14 WARN  (DecompileCallback) Decompiling 070b67a0, pcode error at 070b67a0: Unable to disassemble EXTERNAL block location: 070b67a0  
2026-07-11 09:44:14 WARN  (DecompileCallback) Decompiling 070b67a8, pcode error at 070b67a8: Unable to disassemble EXTERNAL block location: 070b67a8  
2026-07-11 09:44:14 WARN  (DecompileCallback) Decompiling 070b67b0, pcode error at 070b67b0: Unable to disassemble EXTERNAL block location: 070b67b0  
2026-07-11 09:44:14 WARN  (DecompileCallback) Decompiling 070b67b8, pcode error at 070b67b8: Unable to disassemble EXTERNAL block location: 070b67b8  
2026-07-11 09:44:14 WARN  (DecompileCallback) Decompiling 070b67c0, pcode error at 070b67c0: Unable to disassemble EXTERNAL block location: 070b67c0  
2026-07-11 09:44:14 WARN  (DecompileCallback) Decompiling 070b67c8, pcode error at 070b67c8: Unable to disassemble EXTERNAL block location: 070b67c8  
2026-07-11 09:44:14 WARN  (DecompileCallback) Decompiling 070b67d0, pcode error at 070b67d0: Unable to disassemble EXTERNAL block location: 070b67d0  
2026-07-11 09:44:14 WARN  (DecompileCallback) Decompiling 070b67d8, pcode error at 070b67d8: Unable to disassemble EXTERNAL block location: 070b67d8  
2026-07-11 09:44:14 WARN  (DecompileCallback) Decompiling 070b67e0, pcode error at 070b67e0: Unable to disassemble EXTERNAL block location: 070b67e0  
2026-07-11 09:44:14 WARN  (DecompileCallback) Decompiling 070b67e8, pcode error at 070b67e8: Unable to disassemble EXTERNAL block location: 070b67e8  
2026-07-11 09:44:14 WARN  (DecompileCallback) Decompiling 070b67f0, pcode error at 070b67f0: Unable to disassemble EXTERNAL block location: 070b67f0  
2026-07-11 09:44:14 WARN  (DecompileCallback) Decompiling 070b67f8, pcode error at 070b67f8: Unable to disassemble EXTERNAL block location: 070b67f8  
2026-07-11 09:44:14 WARN  (DecompileCallback) Decompiling 070b6800, pcode error at 070b6800: Unable to disassemble EXTERNAL block location: 070b6800  
2026-07-11 09:44:14 WARN  (DecompileCallback) Decompiling 070b6808, pcode error at 070b6808: Unable to disassemble EXTERNAL block location: 070b6808  
2026-07-11 09:44:14 WARN  (DecompileCallback) Decompiling 070b6810, pcode error at 070b6810: Unable to disassemble EXTERNAL block location: 070b6810  
2026-07-11 09:44:14 WARN  (DecompileCallback) Decompiling 070b6818, pcode error at 070b6818: Unable to disassemble EXTERNAL block location: 070b6818  
2026-07-11 09:44:14 WARN  (DecompileCallback) Decompiling 070b6820, pcode error at 070b6820: Unable to disassemble EXTERNAL block location: 070b6820  
2026-07-11 09:44:14 WARN  (DecompileCallback) Decompiling 070b6828, pcode error at 070b6828: Unable to disassemble EXTERNAL block location: 070b6828  
2026-07-11 09:44:14 WARN  (DecompileCallback) Decompiling 070b6830, pcode error at 070b6830: Unable to disassemble EXTERNAL block location: 070b6830  
2026-07-11 09:44:14 WARN  (DecompileCallback) Decompiling 070b6838, pcode error at 070b6838: Unable to disassemble EXTERNAL block location: 070b6838  
2026-07-11 09:44:14 WARN  (DecompileCallback) Decompiling 070b6840, pcode error at 070b6840: Unable to disassemble EXTERNAL block location: 070b6840  
2026-07-11 09:44:14 WARN  (DecompileCallback) Decompiling 070b6848, pcode error at 070b6848: Unable to disassemble EXTERNAL block location: 070b6848  
2026-07-11 09:44:14 WARN  (DecompileCallback) Decompiling 070b6850, pcode error at 070b6850: Unable to disassemble EXTERNAL block location: 070b6850  
2026-07-11 09:44:14 WARN  (DecompileCallback) Decompiling 070b6858, pcode error at 070b6858: Unable to disassemble EXTERNAL block location: 070b6858  
2026-07-11 09:44:14 WARN  (DecompileCallback) Decompiling 070b6860, pcode error at 070b6860: Unable to disassemble EXTERNAL block location: 070b6860  
2026-07-11 09:44:14 WARN  (DecompileCallback) Decompiling 070b6868, pcode error at 070b6868: Unable to disassemble EXTERNAL block location: 070b6868  
2026-07-11 09:44:14 WARN  (DecompileCallback) Decompiling 070b6870, pcode error at 070b6870: Unable to disassemble EXTERNAL block location: 070b6870  
2026-07-11 09:44:14 WARN  (DecompileCallback) Decompiling 070b6878, pcode error at 070b6878: Unable to disassemble EXTERNAL block location: 070b6878  
2026-07-11 09:44:14 WARN  (DecompileCallback) Decompiling 070b6880, pcode error at 070b6880: Unable to disassemble EXTERNAL block location: 070b6880  
2026-07-11 09:44:14 WARN  (DecompileCallback) Decompiling 070b6888, pcode error at 070b6888: Unable to disassemble EXTERNAL block location: 070b6888  
2026-07-11 09:44:14 WARN  (DecompileCallback) Decompiling 070b6898, pcode error at 070b6898: Unable to disassemble EXTERNAL block location: 070b6898  
2026-07-11 09:44:14 WARN  (DecompileCallback) Decompiling 070b68a0, pcode error at 070b68a0: Unable to disassemble EXTERNAL block location: 070b68a0  
2026-07-11 09:44:14 WARN  (DecompileCallback) Decompiling 070b68a8, pcode error at 070b68a8: Unable to disassemble EXTERNAL block location: 070b68a8  
2026-07-11 09:44:14 WARN  (DecompileCallback) Decompiling 070b68b0, pcode error at 070b68b0: Unable to disassemble EXTERNAL block location: 070b68b0  
2026-07-11 09:44:14 WARN  (DecompileCallback) Decompiling 070b68b8, pcode error at 070b68b8: Unable to disassemble EXTERNAL block location: 070b68b8  
2026-07-11 09:44:14 WARN  (DecompileCallback) Decompiling 070b68c0, pcode error at 070b68c0: Unable to disassemble EXTERNAL block location: 070b68c0  
2026-07-11 09:44:14 WARN  (DecompileCallback) Decompiling 070b68c8, pcode error at 070b68c8: Unable to disassemble EXTERNAL block location: 070b68c8  
2026-07-11 09:44:14 WARN  (DecompileCallback) Decompiling 070b68d0, pcode error at 070b68d0: Unable to disassemble EXTERNAL block location: 070b68d0  
2026-07-11 09:44:14 INFO  (GhidraScript) GeneralStructureEyePatternScan.java> General structure scan complete.  
2026-07-11 09:44:14 INFO  (GhidraScript) GeneralStructureEyePatternScan.java> Total functions scanned: 712234  
2026-07-11 09:44:14 INFO  (GhidraScript) GeneralStructureEyePatternScan.java> Exported functions: 441  
2026-07-11 09:44:14 INFO  (GhidraScript) GeneralStructureEyePatternScan.java> Decompile failures: 2954  
2026-07-11 09:44:14 INFO  (GhidraScript) GeneralStructureEyePatternScan.java> Report CSV: C:\realDesktop\manifest-evaluations\summer-26\ghidra-pipeline\il2cpp-files\beastcraft\general-structure-results\structure_scan_report.csv  
2026-07-11 09:44:14 INFO  (GhidraScript) GeneralStructureEyePatternScan.java> Report JSON: C:\realDesktop\manifest-evaluations\summer-26\ghidra-pipeline\il2cpp-files\beastcraft\general-structure-results\structure_scan_report.json  
2026-07-11 09:44:14 INFO  (HeadlessAnalyzer) REPORT: Save succeeded for processed file: /beastcraft-libil2cpp.so  
