2026-07-11 14:31:18 INFO  (LoggingInitialization) Using log config file: jar:file:/C:/Users/kimgiordano27/Downloads/ghidra_12.1.2_PUBLIC_20260605/ghidra_12.1.2_PUBLIC/Ghidra/Framework/Generic/lib/Generic.jar!/generic.log4j.xml  
2026-07-11 14:31:18 INFO  (LoggingInitialization) Using log file: C:\realDesktop\manifest-evaluations\summer-26\ghidra-pipeline\il2cpp-files\BoxingMachineVRDemo\general-structure-ghidra.log  
2026-07-11 14:31:18 DEBUG (GhidraObjectInputFilter) Including serial input filter: FileSystem/data/client.rmi.serial.filter  
2026-07-11 14:31:18 INFO  (Preferences) Loading user preferences: C:\Users\kimgiordano27\AppData\Roaming\ghidra\ghidra_12.1.2_PUBLIC\preferences  
2026-07-11 14:31:18 INFO  (ClassSearcher) Searching for classes...  
2026-07-11 14:31:18 INFO  (ClassSearcher) Class search complete (650 ms)  
2026-07-11 14:31:19 INFO  (DefaultSSLContextInitializer) Initializing SSL Context  
2026-07-11 14:31:19 INFO  (SecureRandomFactory) Initializing Random Number Generator...  
2026-07-11 14:31:19 INFO  (SecureRandomFactory) Random Number Generator initialization complete: SHA1PRNG  
2026-07-11 14:31:19 INFO  (DefaultTrustManagerFactory) Trust manager disabled, cacerts have not been set  
2026-07-11 14:31:19 INFO  (AnalyzeHeadless) Headless startup complete (6281 ms)  
2026-07-11 14:31:19 INFO  (ClassSearcher) Class searcher loaded 59 extension points (20 false positives)  
2026-07-11 14:31:19 INFO  (HeadlessAnalyzer) HEADLESS Script Paths:
    C:\Users\kimgiordano27\Downloads\ghidra_12.1.2_PUBLIC_20260605\ghidra_12.1.2_PUBLIC\Ghidra\Features\DecompilerDependent\ghidra_scripts
    C:\Users\kimgiordano27\Downloads\ghidra_12.1.2_PUBLIC_20260605\ghidra_12.1.2_PUBLIC\Ghidra\Processors\Atmel\ghidra_scripts
    C:\Users\kimgiordano27\Downloads\ghidra_12.1.2_PUBLIC_20260605\ghidra_12.1.2_PUBLIC\Ghidra\Processors\PIC\ghidra_scripts
    C:\Users\kimgiordano27\Downloads\ghidra_12.1.2_PUBLIC_20260605\ghidra_12.1.2_PUBLIC\Ghidra\Features\VersionTracking\ghidra_scripts
    C:\Users\kimgiordano27\Downloads\ghidra_12.1.2_PUBLIC_20260605\ghidra_12.1.2_PUBLIC\Ghidra\Features\BytePatterns\ghidra_scripts
    C:\Users\kimgiordano27\ghidra_scripts
    C:\Users\kimgiordano27\Downloads\ghidra_12.1.2_PUBLIC_20260605\ghidra_12.1.2_PUBLIC\Ghidra\Features\BSim\ghidra_scripts
    C:\realDesktop\manifest-evaluations\summer-26\ghidra-pipeline\ghidra-export-scripts
    C:\Users\kimgiordano27\Downloads\ghidra_12.1.2_PUBLIC_20260605\ghidra_12.1.2_PUBLIC\Ghidra\Processors\JVM\ghidra_scripts
    C:\Users\kimgiordano27\Downloads\ghidra_12.1.2_PUBLIC_20260605\ghidra_12.1.2_PUBLIC\Ghidra\Features\Base\ghidra_scripts
    C:\Users\kimgiordano27\Downloads\ghidra_12.1.2_PUBLIC_20260605\ghidra_12.1.2_PUBLIC\Ghidra\Features\SwiftDemangler\ghidra_scripts
    C:\Users\kimgiordano27\Downloads\ghidra_12.1.2_PUBLIC_20260605\ghidra_12.1.2_PUBLIC\Ghidra\Features\WildcardAssembler\ghidra_scripts
    C:\Users\kimgiordano27\Downloads\ghidra_12.1.2_PUBLIC_20260605\ghidra_12.1.2_PUBLIC\Ghidra\Features\FileFormats\ghidra_scripts
    C:\Users\kimgiordano27\Downloads\ghidra_12.1.2_PUBLIC_20260605\ghidra_12.1.2_PUBLIC\Ghidra\Features\Decompiler\ghidra_scripts
    C:\Users\kimgiordano27\Downloads\ghidra_12.1.2_PUBLIC_20260605\ghidra_12.1.2_PUBLIC\Ghidra\Features\SystemEmulation\ghidra_scripts
    C:\Users\kimgiordano27\Downloads\ghidra_12.1.2_PUBLIC_20260605\ghidra_12.1.2_PUBLIC\Ghidra\Processors\8051\ghidra_scripts
    C:\Users\kimgiordano27\Downloads\ghidra_12.1.2_PUBLIC_20260605\ghidra_12.1.2_PUBLIC\Ghidra\Features\GnuDemangler\ghidra_scripts
    C:\Users\kimgiordano27\Downloads\ghidra_12.1.2_PUBLIC_20260605\ghidra_12.1.2_PUBLIC\Ghidra\Debug\Debugger\ghidra_scripts
    C:\Users\kimgiordano27\Downloads\ghidra_12.1.2_PUBLIC_20260605\ghidra_12.1.2_PUBLIC\Ghidra\Processors\DATA\ghidra_scripts
    C:\Users\kimgiordano27\Downloads\ghidra_12.1.2_PUBLIC_20260605\ghidra_12.1.2_PUBLIC\Ghidra\Debug\Debugger-rmi-trace\ghidra_scripts
    C:\Users\kimgiordano27\Downloads\ghidra_12.1.2_PUBLIC_20260605\ghidra_12.1.2_PUBLIC\Ghidra\Features\FunctionID\ghidra_scripts
    C:\Users\kimgiordano27\Downloads\ghidra_12.1.2_PUBLIC_20260605\ghidra_12.1.2_PUBLIC\Ghidra\Features\MicrosoftCodeAnalyzer\ghidra_scripts
    C:\Users\kimgiordano27\Downloads\ghidra_12.1.2_PUBLIC_20260605\ghidra_12.1.2_PUBLIC\Ghidra\Features\PDB\ghidra_scripts
    C:\Users\kimgiordano27\AppData\Roaming\ghidra\ghidra_12.1.2_PUBLIC\Extensions\Jython\ghidra_scripts
    C:\Users\kimgiordano27\Downloads\ghidra_12.1.2_PUBLIC_20260605\ghidra_12.1.2_PUBLIC\Ghidra\Features\PyGhidra\ghidra_scripts  
2026-07-11 14:31:19 INFO  (HeadlessAnalyzer) HEADLESS: execution starts  
2026-07-11 14:31:19 INFO  (HeadlessAnalyzer) Opening existing project: C:\realDesktop\manifest-evaluations\summer-26\ghidra-pipeline\il2cpp-files\BoxingMachineVRDemo\ghidra-project-BoxingMachineVRDemo\BoxingMachineVRDemo  
2026-07-11 14:31:19 INFO  (HeadlessProject) Opening project: C:\realDesktop\manifest-evaluations\summer-26\ghidra-pipeline\il2cpp-files\BoxingMachineVRDemo\ghidra-project-BoxingMachineVRDemo\BoxingMachineVRDemo  
2026-07-11 14:31:19 INFO  (LocalFileSystem) /BoxingMachineVRDemo-libil2cpp.so: checkout (2) granted (kimgiordano27)  
2026-07-11 14:31:24 INFO  (HeadlessAnalyzer) REPORT: Processing project file: /BoxingMachineVRDemo-libil2cpp.so  
2026-07-11 14:31:24 INFO  (HeadlessAnalyzer) REPORT: Execute script: GeneralStructureEyePatternScan.java 'C:\realDesktop\manifest-evaluations\summer-26\ghidra-pipeline\il2cpp-files\BoxingMachineVRDemo\general-structure-results' '70' 'false'   
2026-07-11 14:31:24 INFO  (HeadlessAnalyzer) SCRIPT: C:\realDesktop\manifest-evaluations\summer-26\ghidra-pipeline\ghidra-export-scripts\GeneralStructureEyePatternScan.java  
2026-07-11 14:31:24 INFO  (GhidraScript) GeneralStructureEyePatternScan.java> General structure scan starting...  
2026-07-11 14:31:24 INFO  (GhidraScript) GeneralStructureEyePatternScan.java> Output: C:\realDesktop\manifest-evaluations\summer-26\ghidra-pipeline\il2cpp-files\BoxingMachineVRDemo\general-structure-results  
2026-07-11 14:31:24 INFO  (GhidraScript) GeneralStructureEyePatternScan.java> Minimum review score: 70  
2026-07-11 14:31:24 INFO  (GhidraScript) GeneralStructureEyePatternScan.java> Export all: false  
2026-07-11 14:31:36 INFO  (GhidraScript) GeneralStructureEyePatternScan.java> Scanned 10000 functions. Exported so far: 0  
2026-07-11 14:31:45 INFO  (GhidraScript) GeneralStructureEyePatternScan.java> Scanned 20000 functions. Exported so far: 0  
2026-07-11 14:32:01 INFO  (GhidraScript) GeneralStructureEyePatternScan.java> Scanned 30000 functions. Exported so far: 0  
2026-07-11 14:32:20 INFO  (GhidraScript) GeneralStructureEyePatternScan.java> Scanned 40000 functions. Exported so far: 0  
2026-07-11 14:32:33 INFO  (GhidraScript) GeneralStructureEyePatternScan.java> Scanned 50000 functions. Exported so far: 0  
2026-07-11 14:32:49 INFO  (GhidraScript) GeneralStructureEyePatternScan.java> Scanned 60000 functions. Exported so far: 0  
2026-07-11 14:33:17 INFO  (GhidraScript) GeneralStructureEyePatternScan.java> Scanned 70000 functions. Exported so far: 0  
2026-07-11 14:33:35 INFO  (GhidraScript) GeneralStructureEyePatternScan.java> Scanned 80000 functions. Exported so far: 0  
2026-07-11 14:33:51 INFO  (GhidraScript) GeneralStructureEyePatternScan.java> Scanned 90000 functions. Exported so far: 0  
2026-07-11 14:34:08 INFO  (GhidraScript) GeneralStructureEyePatternScan.java> Scanned 100000 functions. Exported so far: 0  
2026-07-11 14:34:29 INFO  (GhidraScript) GeneralStructureEyePatternScan.java> Scanned 110000 functions. Exported so far: 0  
2026-07-11 14:34:49 INFO  (GhidraScript) GeneralStructureEyePatternScan.java> Scanned 120000 functions. Exported so far: 0  
2026-07-11 14:35:09 INFO  (GhidraScript) GeneralStructureEyePatternScan.java> Scanned 130000 functions. Exported so far: 0  
2026-07-11 14:35:24 INFO  (GhidraScript) GeneralStructureEyePatternScan.java> Scanned 140000 functions. Exported so far: 0  
2026-07-11 14:35:55 INFO  (GhidraScript) GeneralStructureEyePatternScan.java> Scanned 150000 functions. Exported so far: 0  
2026-07-11 14:37:59 INFO  (GhidraScript) GeneralStructureEyePatternScan.java> Scanned 160000 functions. Exported so far: 8  
2026-07-11 14:39:52 INFO  (GhidraScript) GeneralStructureEyePatternScan.java> Scanned 170000 functions. Exported so far: 24  
2026-07-11 14:40:49 INFO  (GhidraScript) GeneralStructureEyePatternScan.java> Scanned 180000 functions. Exported so far: 35  
2026-07-11 14:41:40 INFO  (GhidraScript) GeneralStructureEyePatternScan.java> Scanned 190000 functions. Exported so far: 50  
2026-07-11 14:42:41 INFO  (GhidraScript) GeneralStructureEyePatternScan.java> Scanned 200000 functions. Exported so far: 50  
2026-07-11 14:44:25 INFO  (GhidraScript) GeneralStructureEyePatternScan.java> Scanned 210000 functions. Exported so far: 70  
2026-07-11 14:45:54 INFO  (GhidraScript) GeneralStructureEyePatternScan.java> Scanned 220000 functions. Exported so far: 103  
2026-07-11 14:47:04 INFO  (GhidraScript) GeneralStructureEyePatternScan.java> Scanned 230000 functions. Exported so far: 107  
2026-07-11 14:48:09 INFO  (GhidraScript) GeneralStructureEyePatternScan.java> Scanned 240000 functions. Exported so far: 107  
2026-07-11 14:49:34 INFO  (GhidraScript) GeneralStructureEyePatternScan.java> Scanned 250000 functions. Exported so far: 150  
2026-07-11 14:50:11 INFO  (GhidraScript) GeneralStructureEyePatternScan.java> Scanned 260000 functions. Exported so far: 150  
2026-07-11 14:50:49 INFO  (GhidraScript) GeneralStructureEyePatternScan.java> Scanned 270000 functions. Exported so far: 151  
2026-07-11 14:51:44 INFO  (GhidraScript) GeneralStructureEyePatternScan.java> Scanned 280000 functions. Exported so far: 151  
2026-07-11 14:52:45 INFO  (GhidraScript) GeneralStructureEyePatternScan.java> Scanned 290000 functions. Exported so far: 151  
2026-07-11 14:53:48 INFO  (GhidraScript) GeneralStructureEyePatternScan.java> Scanned 300000 functions. Exported so far: 156  
2026-07-11 14:54:43 INFO  (GhidraScript) GeneralStructureEyePatternScan.java> Scanned 310000 functions. Exported so far: 156  
2026-07-11 14:55:56 INFO  (GhidraScript) GeneralStructureEyePatternScan.java> Scanned 320000 functions. Exported so far: 347  
2026-07-11 14:56:26 INFO  (GhidraScript) GeneralStructureEyePatternScan.java> Scanned 330000 functions. Exported so far: 347  
2026-07-11 14:57:37 INFO  (GhidraScript) GeneralStructureEyePatternScan.java> Scanned 340000 functions. Exported so far: 353  
2026-07-11 14:58:36 INFO  (GhidraScript) GeneralStructureEyePatternScan.java> Scanned 350000 functions. Exported so far: 382  
2026-07-11 14:59:38 INFO  (GhidraScript) GeneralStructureEyePatternScan.java> Scanned 360000 functions. Exported so far: 382  
2026-07-11 15:00:31 INFO  (GhidraScript) GeneralStructureEyePatternScan.java> Scanned 370000 functions. Exported so far: 393  
2026-07-11 15:01:38 INFO  (GhidraScript) GeneralStructureEyePatternScan.java> Scanned 380000 functions. Exported so far: 395  
2026-07-11 15:02:36 INFO  (GhidraScript) GeneralStructureEyePatternScan.java> Scanned 390000 functions. Exported so far: 399  
2026-07-11 15:03:43 INFO  (GhidraScript) GeneralStructureEyePatternScan.java> Scanned 400000 functions. Exported so far: 408  
2026-07-11 15:05:38 INFO  (GhidraScript) GeneralStructureEyePatternScan.java> Scanned 410000 functions. Exported so far: 409  
2026-07-11 15:07:10 INFO  (GhidraScript) GeneralStructureEyePatternScan.java> Scanned 420000 functions. Exported so far: 417  
2026-07-11 15:09:49 INFO  (GhidraScript) GeneralStructureEyePatternScan.java> Scanned 430000 functions. Exported so far: 433  
2026-07-11 15:10:57 INFO  (GhidraScript) GeneralStructureEyePatternScan.java> Scanned 440000 functions. Exported so far: 433  
2026-07-11 15:12:38 INFO  (GhidraScript) GeneralStructureEyePatternScan.java> Scanned 450000 functions. Exported so far: 433  
2026-07-11 15:13:59 INFO  (GhidraScript) GeneralStructureEyePatternScan.java> Scanned 460000 functions. Exported so far: 437  
2026-07-11 15:15:29 INFO  (GhidraScript) GeneralStructureEyePatternScan.java> Scanned 470000 functions. Exported so far: 501  
2026-07-11 15:16:35 INFO  (GhidraScript) GeneralStructureEyePatternScan.java> Scanned 480000 functions. Exported so far: 525  
2026-07-11 15:16:57 INFO  (GhidraScript) GeneralStructureEyePatternScan.java> Scanned 490000 functions. Exported so far: 525  
2026-07-11 15:17:42 INFO  (GhidraScript) GeneralStructureEyePatternScan.java> Scanned 500000 functions. Exported so far: 526  
2026-07-11 15:19:12 INFO  (GhidraScript) GeneralStructureEyePatternScan.java> Scanned 510000 functions. Exported so far: 526  
2026-07-11 15:21:13 INFO  (GhidraScript) GeneralStructureEyePatternScan.java> Scanned 520000 functions. Exported so far: 624  
2026-07-11 15:22:27 INFO  (GhidraScript) GeneralStructureEyePatternScan.java> Scanned 530000 functions. Exported so far: 660  
2026-07-11 15:24:36 INFO  (GhidraScript) GeneralStructureEyePatternScan.java> Scanned 540000 functions. Exported so far: 660  
2026-07-11 16:16:25 INFO  (GhidraScript) GeneralStructureEyePatternScan.java> Scanned 550000 functions. Exported so far: 848  
2026-07-11 16:18:23 INFO  (GhidraScript) GeneralStructureEyePatternScan.java> Scanned 560000 functions. Exported so far: 1035  
2026-07-11 16:20:01 INFO  (GhidraScript) GeneralStructureEyePatternScan.java> Scanned 570000 functions. Exported so far: 1486  
2026-07-11 16:24:39 INFO  (GhidraScript) GeneralStructureEyePatternScan.java> Scanned 580000 functions. Exported so far: 1509  
2026-07-11 16:28:16 INFO  (GhidraScript) GeneralStructureEyePatternScan.java> Scanned 590000 functions. Exported so far: 1529  
2026-07-11 16:32:29 INFO  (GhidraScript) GeneralStructureEyePatternScan.java> Scanned 600000 functions. Exported so far: 1558  
2026-07-11 16:35:55 INFO  (GhidraScript) GeneralStructureEyePatternScan.java> Scanned 610000 functions. Exported so far: 1584  
2026-07-11 16:47:41 INFO  (GhidraScript) GeneralStructureEyePatternScan.java> Scanned 620000 functions. Exported so far: 1617  
2026-07-11 16:48:36 INFO  (GhidraScript) GeneralStructureEyePatternScan.java> Scanned 630000 functions. Exported so far: 1623  
2026-07-11 16:55:00 INFO  (GhidraScript) GeneralStructureEyePatternScan.java> Scanned 640000 functions. Exported so far: 1664  
2026-07-11 16:57:12 INFO  (GhidraScript) GeneralStructureEyePatternScan.java> Scanned 650000 functions. Exported so far: 1826  
2026-07-11 16:58:03 INFO  (GhidraScript) GeneralStructureEyePatternScan.java> Scanned 660000 functions. Exported so far: 1827  
2026-07-11 17:02:18 INFO  (GhidraScript) GeneralStructureEyePatternScan.java> Scanned 670000 functions. Exported so far: 1907  
2026-07-11 18:21:09 INFO  (GhidraScript) GeneralStructureEyePatternScan.java> Scanned 680000 functions. Exported so far: 2097  
2026-07-11 19:44:06 INFO  (GhidraScript) GeneralStructureEyePatternScan.java> Scanned 690000 functions. Exported so far: 2452  
2026-07-11 19:51:51 INFO  (GhidraScript) GeneralStructureEyePatternScan.java> Scanned 700000 functions. Exported so far: 2736  
2026-07-11 19:53:26 INFO  (GhidraScript) GeneralStructureEyePatternScan.java> Scanned 710000 functions. Exported so far: 2769  
2026-07-11 19:55:06 INFO  (GhidraScript) GeneralStructureEyePatternScan.java> Scanned 720000 functions. Exported so far: 2809  
2026-07-11 20:04:25 INFO  (GhidraScript) GeneralStructureEyePatternScan.java> Scanned 730000 functions. Exported so far: 3455  
2026-07-11 20:05:31 INFO  (GhidraScript) GeneralStructureEyePatternScan.java> Scanned 740000 functions. Exported so far: 3484  
2026-07-11 20:35:15 INFO  (GhidraScript) GeneralStructureEyePatternScan.java> Scanned 750000 functions. Exported so far: 3562  
2026-07-11 20:40:06 INFO  (GhidraScript) GeneralStructureEyePatternScan.java> Scanned 760000 functions. Exported so far: 3669  
2026-07-11 20:40:17 WARN  (DecompileCallback) Decompiling 06da5000, pcode error at 06da5000: Unable to disassemble EXTERNAL block location: 06da5000  
2026-07-11 20:40:17 WARN  (DecompileCallback) Decompiling 06da5008, pcode error at 06da5008: Unable to disassemble EXTERNAL block location: 06da5008  
2026-07-11 20:40:17 WARN  (DecompileCallback) Decompiling 06da5010, pcode error at 06da5010: Unable to disassemble EXTERNAL block location: 06da5010  
2026-07-11 20:40:17 WARN  (DecompileCallback) Decompiling 06da5018, pcode error at 06da5018: Unable to disassemble EXTERNAL block location: 06da5018  
2026-07-11 20:40:17 WARN  (DecompileCallback) Decompiling 06da5020, pcode error at 06da5020: Unable to disassemble EXTERNAL block location: 06da5020  
2026-07-11 20:40:17 WARN  (DecompileCallback) Decompiling 06da5028, pcode error at 06da5028: Unable to disassemble EXTERNAL block location: 06da5028  
2026-07-11 20:40:17 WARN  (DecompileCallback) Decompiling 06da5030, pcode error at 06da5030: Unable to disassemble EXTERNAL block location: 06da5030  
2026-07-11 20:40:17 WARN  (DecompileCallback) Decompiling 06da5038, pcode error at 06da5038: Unable to disassemble EXTERNAL block location: 06da5038  
2026-07-11 20:40:17 WARN  (DecompileCallback) Decompiling 06da5040, pcode error at 06da5040: Unable to disassemble EXTERNAL block location: 06da5040  
2026-07-11 20:40:17 WARN  (DecompileCallback) Decompiling 06da5048, pcode error at 06da5048: Unable to disassemble EXTERNAL block location: 06da5048  
2026-07-11 20:40:17 WARN  (DecompileCallback) Decompiling 06da5050, pcode error at 06da5050: Unable to disassemble EXTERNAL block location: 06da5050  
2026-07-11 20:40:17 WARN  (DecompileCallback) Decompiling 06da5058, pcode error at 06da5058: Unable to disassemble EXTERNAL block location: 06da5058  
2026-07-11 20:40:17 WARN  (DecompileCallback) Decompiling 06da5060, pcode error at 06da5060: Unable to disassemble EXTERNAL block location: 06da5060  
2026-07-11 20:40:17 WARN  (DecompileCallback) Decompiling 06da5068, pcode error at 06da5068: Unable to disassemble EXTERNAL block location: 06da5068  
2026-07-11 20:40:17 WARN  (DecompileCallback) Decompiling 06da5070, pcode error at 06da5070: Unable to disassemble EXTERNAL block location: 06da5070  
2026-07-11 20:40:17 WARN  (DecompileCallback) Decompiling 06da5078, pcode error at 06da5078: Unable to disassemble EXTERNAL block location: 06da5078  
2026-07-11 20:40:17 WARN  (DecompileCallback) Decompiling 06da5080, pcode error at 06da5080: Unable to disassemble EXTERNAL block location: 06da5080  
2026-07-11 20:40:17 WARN  (DecompileCallback) Decompiling 06da5088, pcode error at 06da5088: Unable to disassemble EXTERNAL block location: 06da5088  
2026-07-11 20:40:17 WARN  (DecompileCallback) Decompiling 06da5090, pcode error at 06da5090: Unable to disassemble EXTERNAL block location: 06da5090  
2026-07-11 20:40:17 WARN  (DecompileCallback) Decompiling 06da5098, pcode error at 06da5098: Unable to disassemble EXTERNAL block location: 06da5098  
2026-07-11 20:40:17 WARN  (DecompileCallback) Decompiling 06da50a0, pcode error at 06da50a0: Unable to disassemble EXTERNAL block location: 06da50a0  
2026-07-11 20:40:17 WARN  (DecompileCallback) Decompiling 06da50a8, pcode error at 06da50a8: Unable to disassemble EXTERNAL block location: 06da50a8  
2026-07-11 20:40:17 WARN  (DecompileCallback) Decompiling 06da50b0, pcode error at 06da50b0: Unable to disassemble EXTERNAL block location: 06da50b0  
2026-07-11 20:40:17 WARN  (DecompileCallback) Decompiling 06da50b8, pcode error at 06da50b8: Unable to disassemble EXTERNAL block location: 06da50b8  
2026-07-11 20:40:17 WARN  (DecompileCallback) Decompiling 06da50c0, pcode error at 06da50c0: Unable to disassemble EXTERNAL block location: 06da50c0  
2026-07-11 20:40:17 WARN  (DecompileCallback) Decompiling 06da50c8, pcode error at 06da50c8: Unable to disassemble EXTERNAL block location: 06da50c8  
2026-07-11 20:40:17 WARN  (DecompileCallback) Decompiling 06da50d0, pcode error at 06da50d0: Unable to disassemble EXTERNAL block location: 06da50d0  
2026-07-11 20:40:17 WARN  (DecompileCallback) Decompiling 06da50d8, pcode error at 06da50d8: Unable to disassemble EXTERNAL block location: 06da50d8  
2026-07-11 20:40:17 WARN  (DecompileCallback) Decompiling 06da50e0, pcode error at 06da50e0: Unable to disassemble EXTERNAL block location: 06da50e0  
2026-07-11 20:40:17 WARN  (DecompileCallback) Decompiling 06da50e8, pcode error at 06da50e8: Unable to disassemble EXTERNAL block location: 06da50e8  
2026-07-11 20:40:17 WARN  (DecompileCallback) Decompiling 06da50f0, pcode error at 06da50f0: Unable to disassemble EXTERNAL block location: 06da50f0  
2026-07-11 20:40:17 WARN  (DecompileCallback) Decompiling 06da50f8, pcode error at 06da50f8: Unable to disassemble EXTERNAL block location: 06da50f8  
2026-07-11 20:40:17 WARN  (DecompileCallback) Decompiling 06da5100, pcode error at 06da5100: Unable to disassemble EXTERNAL block location: 06da5100  
2026-07-11 20:40:17 WARN  (DecompileCallback) Decompiling 06da5108, pcode error at 06da5108: Unable to disassemble EXTERNAL block location: 06da5108  
2026-07-11 20:40:17 WARN  (DecompileCallback) Decompiling 06da5110, pcode error at 06da5110: Unable to disassemble EXTERNAL block location: 06da5110  
2026-07-11 20:40:17 WARN  (DecompileCallback) Decompiling 06da5118, pcode error at 06da5118: Unable to disassemble EXTERNAL block location: 06da5118  
2026-07-11 20:40:17 WARN  (DecompileCallback) Decompiling 06da5120, pcode error at 06da5120: Unable to disassemble EXTERNAL block location: 06da5120  
2026-07-11 20:40:17 WARN  (DecompileCallback) Decompiling 06da5130, pcode error at 06da5130: Unable to disassemble EXTERNAL block location: 06da5130  
2026-07-11 20:40:17 WARN  (DecompileCallback) Decompiling 06da5138, pcode error at 06da5138: Unable to disassemble EXTERNAL block location: 06da5138  
2026-07-11 20:40:17 WARN  (DecompileCallback) Decompiling 06da5140, pcode error at 06da5140: Unable to disassemble EXTERNAL block location: 06da5140  
2026-07-11 20:40:17 WARN  (DecompileCallback) Decompiling 06da5148, pcode error at 06da5148: Unable to disassemble EXTERNAL block location: 06da5148  
2026-07-11 20:40:17 WARN  (DecompileCallback) Decompiling 06da5150, pcode error at 06da5150: Unable to disassemble EXTERNAL block location: 06da5150  
2026-07-11 20:40:17 WARN  (DecompileCallback) Decompiling 06da5158, pcode error at 06da5158: Unable to disassemble EXTERNAL block location: 06da5158  
2026-07-11 20:40:17 WARN  (DecompileCallback) Decompiling 06da5160, pcode error at 06da5160: Unable to disassemble EXTERNAL block location: 06da5160  
2026-07-11 20:40:17 WARN  (DecompileCallback) Decompiling 06da5168, pcode error at 06da5168: Unable to disassemble EXTERNAL block location: 06da5168  
2026-07-11 20:40:17 WARN  (DecompileCallback) Decompiling 06da5170, pcode error at 06da5170: Unable to disassemble EXTERNAL block location: 06da5170  
2026-07-11 20:40:17 WARN  (DecompileCallback) Decompiling 06da5178, pcode error at 06da5178: Unable to disassemble EXTERNAL block location: 06da5178  
2026-07-11 20:40:17 WARN  (DecompileCallback) Decompiling 06da5180, pcode error at 06da5180: Unable to disassemble EXTERNAL block location: 06da5180  
2026-07-11 20:40:17 WARN  (DecompileCallback) Decompiling 06da5188, pcode error at 06da5188: Unable to disassemble EXTERNAL block location: 06da5188  
2026-07-11 20:40:17 WARN  (DecompileCallback) Decompiling 06da5190, pcode error at 06da5190: Unable to disassemble EXTERNAL block location: 06da5190  
2026-07-11 20:40:17 WARN  (DecompileCallback) Decompiling 06da5198, pcode error at 06da5198: Unable to disassemble EXTERNAL block location: 06da5198  
2026-07-11 20:40:17 WARN  (DecompileCallback) Decompiling 06da51a0, pcode error at 06da51a0: Unable to disassemble EXTERNAL block location: 06da51a0  
2026-07-11 20:40:17 WARN  (DecompileCallback) Decompiling 06da51a8, pcode error at 06da51a8: Unable to disassemble EXTERNAL block location: 06da51a8  
2026-07-11 20:40:17 WARN  (DecompileCallback) Decompiling 06da51b0, pcode error at 06da51b0: Unable to disassemble EXTERNAL block location: 06da51b0  
2026-07-11 20:40:17 WARN  (DecompileCallback) Decompiling 06da51b8, pcode error at 06da51b8: Unable to disassemble EXTERNAL block location: 06da51b8  
2026-07-11 20:40:17 WARN  (DecompileCallback) Decompiling 06da51c0, pcode error at 06da51c0: Unable to disassemble EXTERNAL block location: 06da51c0  
2026-07-11 20:40:17 WARN  (DecompileCallback) Decompiling 06da51c8, pcode error at 06da51c8: Unable to disassemble EXTERNAL block location: 06da51c8  
2026-07-11 20:40:17 WARN  (DecompileCallback) Decompiling 06da51d0, pcode error at 06da51d0: Unable to disassemble EXTERNAL block location: 06da51d0  
2026-07-11 20:40:17 WARN  (DecompileCallback) Decompiling 06da51d8, pcode error at 06da51d8: Unable to disassemble EXTERNAL block location: 06da51d8  
2026-07-11 20:40:17 WARN  (DecompileCallback) Decompiling 06da51e0, pcode error at 06da51e0: Unable to disassemble EXTERNAL block location: 06da51e0  
2026-07-11 20:40:17 WARN  (DecompileCallback) Decompiling 06da51e8, pcode error at 06da51e8: Unable to disassemble EXTERNAL block location: 06da51e8  
2026-07-11 20:40:17 WARN  (DecompileCallback) Decompiling 06da51f0, pcode error at 06da51f0: Unable to disassemble EXTERNAL block location: 06da51f0  
2026-07-11 20:40:17 WARN  (DecompileCallback) Decompiling 06da51f8, pcode error at 06da51f8: Unable to disassemble EXTERNAL block location: 06da51f8  
2026-07-11 20:40:17 WARN  (DecompileCallback) Decompiling 06da5200, pcode error at 06da5200: Unable to disassemble EXTERNAL block location: 06da5200  
2026-07-11 20:40:17 WARN  (DecompileCallback) Decompiling 06da5208, pcode error at 06da5208: Unable to disassemble EXTERNAL block location: 06da5208  
2026-07-11 20:40:17 WARN  (DecompileCallback) Decompiling 06da5210, pcode error at 06da5210: Unable to disassemble EXTERNAL block location: 06da5210  
2026-07-11 20:40:17 WARN  (DecompileCallback) Decompiling 06da5218, pcode error at 06da5218: Unable to disassemble EXTERNAL block location: 06da5218  
2026-07-11 20:40:17 WARN  (DecompileCallback) Decompiling 06da5220, pcode error at 06da5220: Unable to disassemble EXTERNAL block location: 06da5220  
2026-07-11 20:40:17 WARN  (DecompileCallback) Decompiling 06da5228, pcode error at 06da5228: Unable to disassemble EXTERNAL block location: 06da5228  
2026-07-11 20:40:17 WARN  (DecompileCallback) Decompiling 06da5230, pcode error at 06da5230: Unable to disassemble EXTERNAL block location: 06da5230  
2026-07-11 20:40:17 WARN  (DecompileCallback) Decompiling 06da5238, pcode error at 06da5238: Unable to disassemble EXTERNAL block location: 06da5238  
2026-07-11 20:40:17 WARN  (DecompileCallback) Decompiling 06da5240, pcode error at 06da5240: Unable to disassemble EXTERNAL block location: 06da5240  
2026-07-11 20:40:17 WARN  (DecompileCallback) Decompiling 06da5248, pcode error at 06da5248: Unable to disassemble EXTERNAL block location: 06da5248  
2026-07-11 20:40:17 WARN  (DecompileCallback) Decompiling 06da5250, pcode error at 06da5250: Unable to disassemble EXTERNAL block location: 06da5250  
2026-07-11 20:40:17 WARN  (DecompileCallback) Decompiling 06da5258, pcode error at 06da5258: Unable to disassemble EXTERNAL block location: 06da5258  
2026-07-11 20:40:17 WARN  (DecompileCallback) Decompiling 06da5260, pcode error at 06da5260: Unable to disassemble EXTERNAL block location: 06da5260  
2026-07-11 20:40:17 WARN  (DecompileCallback) Decompiling 06da5268, pcode error at 06da5268: Unable to disassemble EXTERNAL block location: 06da5268  
2026-07-11 20:40:17 WARN  (DecompileCallback) Decompiling 06da5270, pcode error at 06da5270: Unable to disassemble EXTERNAL block location: 06da5270  
2026-07-11 20:40:17 WARN  (DecompileCallback) Decompiling 06da5278, pcode error at 06da5278: Unable to disassemble EXTERNAL block location: 06da5278  
2026-07-11 20:40:17 WARN  (DecompileCallback) Decompiling 06da5280, pcode error at 06da5280: Unable to disassemble EXTERNAL block location: 06da5280  
2026-07-11 20:40:17 WARN  (DecompileCallback) Decompiling 06da5288, pcode error at 06da5288: Unable to disassemble EXTERNAL block location: 06da5288  
2026-07-11 20:40:17 WARN  (DecompileCallback) Decompiling 06da5290, pcode error at 06da5290: Unable to disassemble EXTERNAL block location: 06da5290  
2026-07-11 20:40:17 WARN  (DecompileCallback) Decompiling 06da5298, pcode error at 06da5298: Unable to disassemble EXTERNAL block location: 06da5298  
2026-07-11 20:40:17 WARN  (DecompileCallback) Decompiling 06da52a0, pcode error at 06da52a0: Unable to disassemble EXTERNAL block location: 06da52a0  
2026-07-11 20:40:17 WARN  (DecompileCallback) Decompiling 06da52a8, pcode error at 06da52a8: Unable to disassemble EXTERNAL block location: 06da52a8  
2026-07-11 20:40:17 WARN  (DecompileCallback) Decompiling 06da52b0, pcode error at 06da52b0: Unable to disassemble EXTERNAL block location: 06da52b0  
2026-07-11 20:40:17 WARN  (DecompileCallback) Decompiling 06da52b8, pcode error at 06da52b8: Unable to disassemble EXTERNAL block location: 06da52b8  
2026-07-11 20:40:17 WARN  (DecompileCallback) Decompiling 06da52c0, pcode error at 06da52c0: Unable to disassemble EXTERNAL block location: 06da52c0  
2026-07-11 20:40:17 WARN  (DecompileCallback) Decompiling 06da52c8, pcode error at 06da52c8: Unable to disassemble EXTERNAL block location: 06da52c8  
2026-07-11 20:40:17 WARN  (DecompileCallback) Decompiling 06da52d0, pcode error at 06da52d0: Unable to disassemble EXTERNAL block location: 06da52d0  
2026-07-11 20:40:17 WARN  (DecompileCallback) Decompiling 06da52d8, pcode error at 06da52d8: Unable to disassemble EXTERNAL block location: 06da52d8  
2026-07-11 20:40:17 WARN  (DecompileCallback) Decompiling 06da52e0, pcode error at 06da52e0: Unable to disassemble EXTERNAL block location: 06da52e0  
2026-07-11 20:40:17 WARN  (DecompileCallback) Decompiling 06da52e8, pcode error at 06da52e8: Unable to disassemble EXTERNAL block location: 06da52e8  
2026-07-11 20:40:17 WARN  (DecompileCallback) Decompiling 06da52f0, pcode error at 06da52f0: Unable to disassemble EXTERNAL block location: 06da52f0  
2026-07-11 20:40:17 WARN  (DecompileCallback) Decompiling 06da52f8, pcode error at 06da52f8: Unable to disassemble EXTERNAL block location: 06da52f8  
2026-07-11 20:40:17 WARN  (DecompileCallback) Decompiling 06da5300, pcode error at 06da5300: Unable to disassemble EXTERNAL block location: 06da5300  
2026-07-11 20:40:17 WARN  (DecompileCallback) Decompiling 06da5308, pcode error at 06da5308: Unable to disassemble EXTERNAL block location: 06da5308  
2026-07-11 20:40:17 WARN  (DecompileCallback) Decompiling 06da5310, pcode error at 06da5310: Unable to disassemble EXTERNAL block location: 06da5310  
2026-07-11 20:40:17 WARN  (DecompileCallback) Decompiling 06da5318, pcode error at 06da5318: Unable to disassemble EXTERNAL block location: 06da5318  
2026-07-11 20:40:17 WARN  (DecompileCallback) Decompiling 06da5320, pcode error at 06da5320: Unable to disassemble EXTERNAL block location: 06da5320  
2026-07-11 20:40:17 WARN  (DecompileCallback) Decompiling 06da5328, pcode error at 06da5328: Unable to disassemble EXTERNAL block location: 06da5328  
2026-07-11 20:40:17 WARN  (DecompileCallback) Decompiling 06da5330, pcode error at 06da5330: Unable to disassemble EXTERNAL block location: 06da5330  
2026-07-11 20:40:17 WARN  (DecompileCallback) Decompiling 06da5338, pcode error at 06da5338: Unable to disassemble EXTERNAL block location: 06da5338  
2026-07-11 20:40:17 WARN  (DecompileCallback) Decompiling 06da5340, pcode error at 06da5340: Unable to disassemble EXTERNAL block location: 06da5340  
2026-07-11 20:40:17 WARN  (DecompileCallback) Decompiling 06da5348, pcode error at 06da5348: Unable to disassemble EXTERNAL block location: 06da5348  
2026-07-11 20:40:17 WARN  (DecompileCallback) Decompiling 06da5350, pcode error at 06da5350: Unable to disassemble EXTERNAL block location: 06da5350  
2026-07-11 20:40:17 WARN  (DecompileCallback) Decompiling 06da5358, pcode error at 06da5358: Unable to disassemble EXTERNAL block location: 06da5358  
2026-07-11 20:40:17 WARN  (DecompileCallback) Decompiling 06da5360, pcode error at 06da5360: Unable to disassemble EXTERNAL block location: 06da5360  
2026-07-11 20:40:17 WARN  (DecompileCallback) Decompiling 06da5368, pcode error at 06da5368: Unable to disassemble EXTERNAL block location: 06da5368  
2026-07-11 20:40:17 WARN  (DecompileCallback) Decompiling 06da5370, pcode error at 06da5370: Unable to disassemble EXTERNAL block location: 06da5370  
2026-07-11 20:40:17 WARN  (DecompileCallback) Decompiling 06da5378, pcode error at 06da5378: Unable to disassemble EXTERNAL block location: 06da5378  
2026-07-11 20:40:17 WARN  (DecompileCallback) Decompiling 06da5380, pcode error at 06da5380: Unable to disassemble EXTERNAL block location: 06da5380  
2026-07-11 20:40:17 WARN  (DecompileCallback) Decompiling 06da5388, pcode error at 06da5388: Unable to disassemble EXTERNAL block location: 06da5388  
2026-07-11 20:40:17 WARN  (DecompileCallback) Decompiling 06da5390, pcode error at 06da5390: Unable to disassemble EXTERNAL block location: 06da5390  
2026-07-11 20:40:17 WARN  (DecompileCallback) Decompiling 06da5398, pcode error at 06da5398: Unable to disassemble EXTERNAL block location: 06da5398  
2026-07-11 20:40:17 WARN  (DecompileCallback) Decompiling 06da53a0, pcode error at 06da53a0: Unable to disassemble EXTERNAL block location: 06da53a0  
2026-07-11 20:40:17 WARN  (DecompileCallback) Decompiling 06da53a8, pcode error at 06da53a8: Unable to disassemble EXTERNAL block location: 06da53a8  
2026-07-11 20:40:17 WARN  (DecompileCallback) Decompiling 06da53b0, pcode error at 06da53b0: Unable to disassemble EXTERNAL block location: 06da53b0  
2026-07-11 20:40:17 WARN  (DecompileCallback) Decompiling 06da53b8, pcode error at 06da53b8: Unable to disassemble EXTERNAL block location: 06da53b8  
2026-07-11 20:40:17 WARN  (DecompileCallback) Decompiling 06da53c0, pcode error at 06da53c0: Unable to disassemble EXTERNAL block location: 06da53c0  
2026-07-11 20:40:17 WARN  (DecompileCallback) Decompiling 06da53c8, pcode error at 06da53c8: Unable to disassemble EXTERNAL block location: 06da53c8  
2026-07-11 20:40:17 WARN  (DecompileCallback) Decompiling 06da53d0, pcode error at 06da53d0: Unable to disassemble EXTERNAL block location: 06da53d0  
2026-07-11 20:40:17 WARN  (DecompileCallback) Decompiling 06da53d8, pcode error at 06da53d8: Unable to disassemble EXTERNAL block location: 06da53d8  
2026-07-11 20:40:17 WARN  (DecompileCallback) Decompiling 06da53e0, pcode error at 06da53e0: Unable to disassemble EXTERNAL block location: 06da53e0  
2026-07-11 20:40:17 WARN  (DecompileCallback) Decompiling 06da53e8, pcode error at 06da53e8: Unable to disassemble EXTERNAL block location: 06da53e8  
2026-07-11 20:40:17 WARN  (DecompileCallback) Decompiling 06da53f0, pcode error at 06da53f0: Unable to disassemble EXTERNAL block location: 06da53f0  
2026-07-11 20:40:17 WARN  (DecompileCallback) Decompiling 06da53f8, pcode error at 06da53f8: Unable to disassemble EXTERNAL block location: 06da53f8  
2026-07-11 20:40:17 WARN  (DecompileCallback) Decompiling 06da5400, pcode error at 06da5400: Unable to disassemble EXTERNAL block location: 06da5400  
2026-07-11 20:40:17 WARN  (DecompileCallback) Decompiling 06da5408, pcode error at 06da5408: Unable to disassemble EXTERNAL block location: 06da5408  
2026-07-11 20:40:17 WARN  (DecompileCallback) Decompiling 06da5410, pcode error at 06da5410: Unable to disassemble EXTERNAL block location: 06da5410  
2026-07-11 20:40:17 WARN  (DecompileCallback) Decompiling 06da5418, pcode error at 06da5418: Unable to disassemble EXTERNAL block location: 06da5418  
2026-07-11 20:40:17 WARN  (DecompileCallback) Decompiling 06da5420, pcode error at 06da5420: Unable to disassemble EXTERNAL block location: 06da5420  
2026-07-11 20:40:17 WARN  (DecompileCallback) Decompiling 06da5428, pcode error at 06da5428: Unable to disassemble EXTERNAL block location: 06da5428  
2026-07-11 20:40:17 WARN  (DecompileCallback) Decompiling 06da5430, pcode error at 06da5430: Unable to disassemble EXTERNAL block location: 06da5430  
2026-07-11 20:40:17 WARN  (DecompileCallback) Decompiling 06da5438, pcode error at 06da5438: Unable to disassemble EXTERNAL block location: 06da5438  
2026-07-11 20:40:17 WARN  (DecompileCallback) Decompiling 06da5440, pcode error at 06da5440: Unable to disassemble EXTERNAL block location: 06da5440  
2026-07-11 20:40:17 WARN  (DecompileCallback) Decompiling 06da5448, pcode error at 06da5448: Unable to disassemble EXTERNAL block location: 06da5448  
2026-07-11 20:40:17 WARN  (DecompileCallback) Decompiling 06da5450, pcode error at 06da5450: Unable to disassemble EXTERNAL block location: 06da5450  
2026-07-11 20:40:17 WARN  (DecompileCallback) Decompiling 06da5458, pcode error at 06da5458: Unable to disassemble EXTERNAL block location: 06da5458  
2026-07-11 20:40:17 WARN  (DecompileCallback) Decompiling 06da5460, pcode error at 06da5460: Unable to disassemble EXTERNAL block location: 06da5460  
2026-07-11 20:40:17 WARN  (DecompileCallback) Decompiling 06da5468, pcode error at 06da5468: Unable to disassemble EXTERNAL block location: 06da5468  
2026-07-11 20:40:17 WARN  (DecompileCallback) Decompiling 06da5470, pcode error at 06da5470: Unable to disassemble EXTERNAL block location: 06da5470  
2026-07-11 20:40:17 WARN  (DecompileCallback) Decompiling 06da5478, pcode error at 06da5478: Unable to disassemble EXTERNAL block location: 06da5478  
2026-07-11 20:40:17 WARN  (DecompileCallback) Decompiling 06da5480, pcode error at 06da5480: Unable to disassemble EXTERNAL block location: 06da5480  
2026-07-11 20:40:17 WARN  (DecompileCallback) Decompiling 06da5488, pcode error at 06da5488: Unable to disassemble EXTERNAL block location: 06da5488  
2026-07-11 20:40:17 WARN  (DecompileCallback) Decompiling 06da5490, pcode error at 06da5490: Unable to disassemble EXTERNAL block location: 06da5490  
2026-07-11 20:40:17 WARN  (DecompileCallback) Decompiling 06da5498, pcode error at 06da5498: Unable to disassemble EXTERNAL block location: 06da5498  
2026-07-11 20:40:17 WARN  (DecompileCallback) Decompiling 06da54a0, pcode error at 06da54a0: Unable to disassemble EXTERNAL block location: 06da54a0  
2026-07-11 20:40:17 WARN  (DecompileCallback) Decompiling 06da54a8, pcode error at 06da54a8: Unable to disassemble EXTERNAL block location: 06da54a8  
2026-07-11 20:40:17 WARN  (DecompileCallback) Decompiling 06da54b0, pcode error at 06da54b0: Unable to disassemble EXTERNAL block location: 06da54b0  
2026-07-11 20:40:17 WARN  (DecompileCallback) Decompiling 06da54b8, pcode error at 06da54b8: Unable to disassemble EXTERNAL block location: 06da54b8  
2026-07-11 20:40:17 WARN  (DecompileCallback) Decompiling 06da54c0, pcode error at 06da54c0: Unable to disassemble EXTERNAL block location: 06da54c0  
2026-07-11 20:40:17 WARN  (DecompileCallback) Decompiling 06da54c8, pcode error at 06da54c8: Unable to disassemble EXTERNAL block location: 06da54c8  
2026-07-11 20:40:17 WARN  (DecompileCallback) Decompiling 06da54d0, pcode error at 06da54d0: Unable to disassemble EXTERNAL block location: 06da54d0  
2026-07-11 20:40:17 WARN  (DecompileCallback) Decompiling 06da54d8, pcode error at 06da54d8: Unable to disassemble EXTERNAL block location: 06da54d8  
2026-07-11 20:40:17 WARN  (DecompileCallback) Decompiling 06da54e0, pcode error at 06da54e0: Unable to disassemble EXTERNAL block location: 06da54e0  
2026-07-11 20:40:17 WARN  (DecompileCallback) Decompiling 06da54e8, pcode error at 06da54e8: Unable to disassemble EXTERNAL block location: 06da54e8  
2026-07-11 20:40:17 WARN  (DecompileCallback) Decompiling 06da54f0, pcode error at 06da54f0: Unable to disassemble EXTERNAL block location: 06da54f0  
2026-07-11 20:40:17 WARN  (DecompileCallback) Decompiling 06da54f8, pcode error at 06da54f8: Unable to disassemble EXTERNAL block location: 06da54f8  
2026-07-11 20:40:17 WARN  (DecompileCallback) Decompiling 06da5500, pcode error at 06da5500: Unable to disassemble EXTERNAL block location: 06da5500  
2026-07-11 20:40:17 WARN  (DecompileCallback) Decompiling 06da5508, pcode error at 06da5508: Unable to disassemble EXTERNAL block location: 06da5508  
2026-07-11 20:40:17 WARN  (DecompileCallback) Decompiling 06da5510, pcode error at 06da5510: Unable to disassemble EXTERNAL block location: 06da5510  
2026-07-11 20:40:17 WARN  (DecompileCallback) Decompiling 06da5518, pcode error at 06da5518: Unable to disassemble EXTERNAL block location: 06da5518  
2026-07-11 20:40:17 WARN  (DecompileCallback) Decompiling 06da5520, pcode error at 06da5520: Unable to disassemble EXTERNAL block location: 06da5520  
2026-07-11 20:40:17 WARN  (DecompileCallback) Decompiling 06da5528, pcode error at 06da5528: Unable to disassemble EXTERNAL block location: 06da5528  
2026-07-11 20:40:17 WARN  (DecompileCallback) Decompiling 06da5530, pcode error at 06da5530: Unable to disassemble EXTERNAL block location: 06da5530  
2026-07-11 20:40:17 WARN  (DecompileCallback) Decompiling 06da5538, pcode error at 06da5538: Unable to disassemble EXTERNAL block location: 06da5538  
2026-07-11 20:40:17 WARN  (DecompileCallback) Decompiling 06da5548, pcode error at 06da5548: Unable to disassemble EXTERNAL block location: 06da5548  
2026-07-11 20:40:17 WARN  (DecompileCallback) Decompiling 06da5550, pcode error at 06da5550: Unable to disassemble EXTERNAL block location: 06da5550  
2026-07-11 20:40:17 WARN  (DecompileCallback) Decompiling 06da5558, pcode error at 06da5558: Unable to disassemble EXTERNAL block location: 06da5558  
2026-07-11 20:40:17 WARN  (DecompileCallback) Decompiling 06da5560, pcode error at 06da5560: Unable to disassemble EXTERNAL block location: 06da5560  
2026-07-11 20:40:17 WARN  (DecompileCallback) Decompiling 06da5568, pcode error at 06da5568: Unable to disassemble EXTERNAL block location: 06da5568  
2026-07-11 20:40:17 WARN  (DecompileCallback) Decompiling 06da5570, pcode error at 06da5570: Unable to disassemble EXTERNAL block location: 06da5570  
2026-07-11 20:40:17 WARN  (DecompileCallback) Decompiling 06da5578, pcode error at 06da5578: Unable to disassemble EXTERNAL block location: 06da5578  
2026-07-11 20:40:17 WARN  (DecompileCallback) Decompiling 06da5580, pcode error at 06da5580: Unable to disassemble EXTERNAL block location: 06da5580  
2026-07-11 20:40:17 WARN  (DecompileCallback) Decompiling 06da5588, pcode error at 06da5588: Unable to disassemble EXTERNAL block location: 06da5588  
2026-07-11 20:40:17 WARN  (DecompileCallback) Decompiling 06da5590, pcode error at 06da5590: Unable to disassemble EXTERNAL block location: 06da5590  
2026-07-11 20:40:17 WARN  (DecompileCallback) Decompiling 06da5598, pcode error at 06da5598: Unable to disassemble EXTERNAL block location: 06da5598  
2026-07-11 20:40:17 WARN  (DecompileCallback) Decompiling 06da55a0, pcode error at 06da55a0: Unable to disassemble EXTERNAL block location: 06da55a0  
2026-07-11 20:40:17 WARN  (DecompileCallback) Decompiling 06da55a8, pcode error at 06da55a8: Unable to disassemble EXTERNAL block location: 06da55a8  
2026-07-11 20:40:17 WARN  (DecompileCallback) Decompiling 06da55b0, pcode error at 06da55b0: Unable to disassemble EXTERNAL block location: 06da55b0  
2026-07-11 20:40:17 WARN  (DecompileCallback) Decompiling 06da55b8, pcode error at 06da55b8: Unable to disassemble EXTERNAL block location: 06da55b8  
2026-07-11 20:40:17 WARN  (DecompileCallback) Decompiling 06da55c0, pcode error at 06da55c0: Unable to disassemble EXTERNAL block location: 06da55c0  
2026-07-11 20:40:17 WARN  (DecompileCallback) Decompiling 06da55c8, pcode error at 06da55c8: Unable to disassemble EXTERNAL block location: 06da55c8  
2026-07-11 20:40:17 WARN  (DecompileCallback) Decompiling 06da55d0, pcode error at 06da55d0: Unable to disassemble EXTERNAL block location: 06da55d0  
2026-07-11 20:40:17 WARN  (DecompileCallback) Decompiling 06da55d8, pcode error at 06da55d8: Unable to disassemble EXTERNAL block location: 06da55d8  
2026-07-11 20:40:17 WARN  (DecompileCallback) Decompiling 06da55e0, pcode error at 06da55e0: Unable to disassemble EXTERNAL block location: 06da55e0  
2026-07-11 20:40:17 WARN  (DecompileCallback) Decompiling 06da55e8, pcode error at 06da55e8: Unable to disassemble EXTERNAL block location: 06da55e8  
2026-07-11 20:40:17 WARN  (DecompileCallback) Decompiling 06da55f0, pcode error at 06da55f0: Unable to disassemble EXTERNAL block location: 06da55f0  
2026-07-11 20:40:17 WARN  (DecompileCallback) Decompiling 06da55f8, pcode error at 06da55f8: Unable to disassemble EXTERNAL block location: 06da55f8  
2026-07-11 20:40:17 WARN  (DecompileCallback) Decompiling 06da5600, pcode error at 06da5600: Unable to disassemble EXTERNAL block location: 06da5600  
2026-07-11 20:40:17 WARN  (DecompileCallback) Decompiling 06da5608, pcode error at 06da5608: Unable to disassemble EXTERNAL block location: 06da5608  
2026-07-11 20:40:17 WARN  (DecompileCallback) Decompiling 06da5610, pcode error at 06da5610: Unable to disassemble EXTERNAL block location: 06da5610  
2026-07-11 20:40:17 WARN  (DecompileCallback) Decompiling 06da5618, pcode error at 06da5618: Unable to disassemble EXTERNAL block location: 06da5618  
2026-07-11 20:40:17 WARN  (DecompileCallback) Decompiling 06da5620, pcode error at 06da5620: Unable to disassemble EXTERNAL block location: 06da5620  
2026-07-11 20:40:17 WARN  (DecompileCallback) Decompiling 06da5628, pcode error at 06da5628: Unable to disassemble EXTERNAL block location: 06da5628  
2026-07-11 20:40:17 WARN  (DecompileCallback) Decompiling 06da5630, pcode error at 06da5630: Unable to disassemble EXTERNAL block location: 06da5630  
2026-07-11 20:40:17 WARN  (DecompileCallback) Decompiling 06da5638, pcode error at 06da5638: Unable to disassemble EXTERNAL block location: 06da5638  
2026-07-11 20:40:17 WARN  (DecompileCallback) Decompiling 06da5640, pcode error at 06da5640: Unable to disassemble EXTERNAL block location: 06da5640  
2026-07-11 20:40:17 WARN  (DecompileCallback) Decompiling 06da5648, pcode error at 06da5648: Unable to disassemble EXTERNAL block location: 06da5648  
2026-07-11 20:40:17 WARN  (DecompileCallback) Decompiling 06da5650, pcode error at 06da5650: Unable to disassemble EXTERNAL block location: 06da5650  
2026-07-11 20:40:17 WARN  (DecompileCallback) Decompiling 06da5658, pcode error at 06da5658: Unable to disassemble EXTERNAL block location: 06da5658  
2026-07-11 20:40:17 WARN  (DecompileCallback) Decompiling 06da5660, pcode error at 06da5660: Unable to disassemble EXTERNAL block location: 06da5660  
2026-07-11 20:40:17 WARN  (DecompileCallback) Decompiling 06da5668, pcode error at 06da5668: Unable to disassemble EXTERNAL block location: 06da5668  
2026-07-11 20:40:17 WARN  (DecompileCallback) Decompiling 06da5670, pcode error at 06da5670: Unable to disassemble EXTERNAL block location: 06da5670  
2026-07-11 20:40:17 WARN  (DecompileCallback) Decompiling 06da5678, pcode error at 06da5678: Unable to disassemble EXTERNAL block location: 06da5678  
2026-07-11 20:40:17 WARN  (DecompileCallback) Decompiling 06da5680, pcode error at 06da5680: Unable to disassemble EXTERNAL block location: 06da5680  
2026-07-11 20:40:17 WARN  (DecompileCallback) Decompiling 06da5688, pcode error at 06da5688: Unable to disassemble EXTERNAL block location: 06da5688  
2026-07-11 20:40:17 WARN  (DecompileCallback) Decompiling 06da5690, pcode error at 06da5690: Unable to disassemble EXTERNAL block location: 06da5690  
2026-07-11 20:40:17 WARN  (DecompileCallback) Decompiling 06da5698, pcode error at 06da5698: Unable to disassemble EXTERNAL block location: 06da5698  
2026-07-11 20:40:17 WARN  (DecompileCallback) Decompiling 06da56a0, pcode error at 06da56a0: Unable to disassemble EXTERNAL block location: 06da56a0  
2026-07-11 20:40:17 WARN  (DecompileCallback) Decompiling 06da56a8, pcode error at 06da56a8: Unable to disassemble EXTERNAL block location: 06da56a8  
2026-07-11 20:40:17 WARN  (DecompileCallback) Decompiling 06da56b0, pcode error at 06da56b0: Unable to disassemble EXTERNAL block location: 06da56b0  
2026-07-11 20:40:17 WARN  (DecompileCallback) Decompiling 06da56b8, pcode error at 06da56b8: Unable to disassemble EXTERNAL block location: 06da56b8  
2026-07-11 20:40:17 WARN  (DecompileCallback) Decompiling 06da56c0, pcode error at 06da56c0: Unable to disassemble EXTERNAL block location: 06da56c0  
2026-07-11 20:40:17 WARN  (DecompileCallback) Decompiling 06da56c8, pcode error at 06da56c8: Unable to disassemble EXTERNAL block location: 06da56c8  
2026-07-11 20:40:17 WARN  (DecompileCallback) Decompiling 06da56d0, pcode error at 06da56d0: Unable to disassemble EXTERNAL block location: 06da56d0  
2026-07-11 20:40:17 WARN  (DecompileCallback) Decompiling 06da56d8, pcode error at 06da56d8: Unable to disassemble EXTERNAL block location: 06da56d8  
2026-07-11 20:40:17 WARN  (DecompileCallback) Decompiling 06da56e0, pcode error at 06da56e0: Unable to disassemble EXTERNAL block location: 06da56e0  
2026-07-11 20:40:17 WARN  (DecompileCallback) Decompiling 06da56e8, pcode error at 06da56e8: Unable to disassemble EXTERNAL block location: 06da56e8  
2026-07-11 20:40:17 WARN  (DecompileCallback) Decompiling 06da56f0, pcode error at 06da56f0: Unable to disassemble EXTERNAL block location: 06da56f0  
2026-07-11 20:40:17 WARN  (DecompileCallback) Decompiling 06da56f8, pcode error at 06da56f8: Unable to disassemble EXTERNAL block location: 06da56f8  
2026-07-11 20:40:17 WARN  (DecompileCallback) Decompiling 06da5700, pcode error at 06da5700: Unable to disassemble EXTERNAL block location: 06da5700  
2026-07-11 20:40:17 WARN  (DecompileCallback) Decompiling 06da5708, pcode error at 06da5708: Unable to disassemble EXTERNAL block location: 06da5708  
2026-07-11 20:40:17 WARN  (DecompileCallback) Decompiling 06da5710, pcode error at 06da5710: Unable to disassemble EXTERNAL block location: 06da5710  
2026-07-11 20:40:17 WARN  (DecompileCallback) Decompiling 06da5718, pcode error at 06da5718: Unable to disassemble EXTERNAL block location: 06da5718  
2026-07-11 20:40:17 WARN  (DecompileCallback) Decompiling 06da5720, pcode error at 06da5720: Unable to disassemble EXTERNAL block location: 06da5720  
2026-07-11 20:40:17 WARN  (DecompileCallback) Decompiling 06da5728, pcode error at 06da5728: Unable to disassemble EXTERNAL block location: 06da5728  
2026-07-11 20:40:17 WARN  (DecompileCallback) Decompiling 06da5730, pcode error at 06da5730: Unable to disassemble EXTERNAL block location: 06da5730  
2026-07-11 20:40:17 WARN  (DecompileCallback) Decompiling 06da5738, pcode error at 06da5738: Unable to disassemble EXTERNAL block location: 06da5738  
2026-07-11 20:40:17 WARN  (DecompileCallback) Decompiling 06da5740, pcode error at 06da5740: Unable to disassemble EXTERNAL block location: 06da5740  
2026-07-11 20:40:17 WARN  (DecompileCallback) Decompiling 06da5748, pcode error at 06da5748: Unable to disassemble EXTERNAL block location: 06da5748  
2026-07-11 20:40:17 WARN  (DecompileCallback) Decompiling 06da5750, pcode error at 06da5750: Unable to disassemble EXTERNAL block location: 06da5750  
2026-07-11 20:40:17 WARN  (DecompileCallback) Decompiling 06da5758, pcode error at 06da5758: Unable to disassemble EXTERNAL block location: 06da5758  
2026-07-11 20:40:17 WARN  (DecompileCallback) Decompiling 06da5760, pcode error at 06da5760: Unable to disassemble EXTERNAL block location: 06da5760  
2026-07-11 20:40:17 WARN  (DecompileCallback) Decompiling 06da5768, pcode error at 06da5768: Unable to disassemble EXTERNAL block location: 06da5768  
2026-07-11 20:40:17 WARN  (DecompileCallback) Decompiling 06da5770, pcode error at 06da5770: Unable to disassemble EXTERNAL block location: 06da5770  
2026-07-11 20:40:17 WARN  (DecompileCallback) Decompiling 06da5778, pcode error at 06da5778: Unable to disassemble EXTERNAL block location: 06da5778  
2026-07-11 20:40:17 WARN  (DecompileCallback) Decompiling 06da5780, pcode error at 06da5780: Unable to disassemble EXTERNAL block location: 06da5780  
2026-07-11 20:40:17 WARN  (DecompileCallback) Decompiling 06da5788, pcode error at 06da5788: Unable to disassemble EXTERNAL block location: 06da5788  
2026-07-11 20:40:17 WARN  (DecompileCallback) Decompiling 06da5790, pcode error at 06da5790: Unable to disassemble EXTERNAL block location: 06da5790  
2026-07-11 20:40:17 WARN  (DecompileCallback) Decompiling 06da5798, pcode error at 06da5798: Unable to disassemble EXTERNAL block location: 06da5798  
2026-07-11 20:40:17 WARN  (DecompileCallback) Decompiling 06da57a0, pcode error at 06da57a0: Unable to disassemble EXTERNAL block location: 06da57a0  
2026-07-11 20:40:17 WARN  (DecompileCallback) Decompiling 06da57a8, pcode error at 06da57a8: Unable to disassemble EXTERNAL block location: 06da57a8  
2026-07-11 20:40:17 WARN  (DecompileCallback) Decompiling 06da57b0, pcode error at 06da57b0: Unable to disassemble EXTERNAL block location: 06da57b0  
2026-07-11 20:40:17 WARN  (DecompileCallback) Decompiling 06da57b8, pcode error at 06da57b8: Unable to disassemble EXTERNAL block location: 06da57b8  
2026-07-11 20:40:17 WARN  (DecompileCallback) Decompiling 06da57c0, pcode error at 06da57c0: Unable to disassemble EXTERNAL block location: 06da57c0  
2026-07-11 20:40:17 WARN  (DecompileCallback) Decompiling 06da57c8, pcode error at 06da57c8: Unable to disassemble EXTERNAL block location: 06da57c8  
2026-07-11 20:40:17 WARN  (DecompileCallback) Decompiling 06da57d0, pcode error at 06da57d0: Unable to disassemble EXTERNAL block location: 06da57d0  
2026-07-11 20:40:17 WARN  (DecompileCallback) Decompiling 06da57d8, pcode error at 06da57d8: Unable to disassemble EXTERNAL block location: 06da57d8  
2026-07-11 20:40:17 WARN  (DecompileCallback) Decompiling 06da57e0, pcode error at 06da57e0: Unable to disassemble EXTERNAL block location: 06da57e0  
2026-07-11 20:40:17 WARN  (DecompileCallback) Decompiling 06da57e8, pcode error at 06da57e8: Unable to disassemble EXTERNAL block location: 06da57e8  
2026-07-11 20:40:17 WARN  (DecompileCallback) Decompiling 06da57f0, pcode error at 06da57f0: Unable to disassemble EXTERNAL block location: 06da57f0  
2026-07-11 20:40:17 WARN  (DecompileCallback) Decompiling 06da57f8, pcode error at 06da57f8: Unable to disassemble EXTERNAL block location: 06da57f8  
2026-07-11 20:40:17 WARN  (DecompileCallback) Decompiling 06da5800, pcode error at 06da5800: Unable to disassemble EXTERNAL block location: 06da5800  
2026-07-11 20:40:17 WARN  (DecompileCallback) Decompiling 06da5808, pcode error at 06da5808: Unable to disassemble EXTERNAL block location: 06da5808  
2026-07-11 20:40:17 WARN  (DecompileCallback) Decompiling 06da5810, pcode error at 06da5810: Unable to disassemble EXTERNAL block location: 06da5810  
2026-07-11 20:40:17 WARN  (DecompileCallback) Decompiling 06da5818, pcode error at 06da5818: Unable to disassemble EXTERNAL block location: 06da5818  
2026-07-11 20:40:17 WARN  (DecompileCallback) Decompiling 06da5820, pcode error at 06da5820: Unable to disassemble EXTERNAL block location: 06da5820  
2026-07-11 20:40:17 WARN  (DecompileCallback) Decompiling 06da5828, pcode error at 06da5828: Unable to disassemble EXTERNAL block location: 06da5828  
2026-07-11 20:40:17 WARN  (DecompileCallback) Decompiling 06da5830, pcode error at 06da5830: Unable to disassemble EXTERNAL block location: 06da5830  
2026-07-11 20:40:17 WARN  (DecompileCallback) Decompiling 06da5838, pcode error at 06da5838: Unable to disassemble EXTERNAL block location: 06da5838  
2026-07-11 20:40:17 WARN  (DecompileCallback) Decompiling 06da5840, pcode error at 06da5840: Unable to disassemble EXTERNAL block location: 06da5840  
2026-07-11 20:40:17 WARN  (DecompileCallback) Decompiling 06da5848, pcode error at 06da5848: Unable to disassemble EXTERNAL block location: 06da5848  
2026-07-11 20:40:17 WARN  (DecompileCallback) Decompiling 06da5850, pcode error at 06da5850: Unable to disassemble EXTERNAL block location: 06da5850  
2026-07-11 20:40:17 WARN  (DecompileCallback) Decompiling 06da5858, pcode error at 06da5858: Unable to disassemble EXTERNAL block location: 06da5858  
2026-07-11 20:40:17 WARN  (DecompileCallback) Decompiling 06da5860, pcode error at 06da5860: Unable to disassemble EXTERNAL block location: 06da5860  
2026-07-11 20:40:17 WARN  (DecompileCallback) Decompiling 06da5868, pcode error at 06da5868: Unable to disassemble EXTERNAL block location: 06da5868  
2026-07-11 20:40:17 WARN  (DecompileCallback) Decompiling 06da5870, pcode error at 06da5870: Unable to disassemble EXTERNAL block location: 06da5870  
2026-07-11 20:40:17 WARN  (DecompileCallback) Decompiling 06da5878, pcode error at 06da5878: Unable to disassemble EXTERNAL block location: 06da5878  
2026-07-11 20:40:17 WARN  (DecompileCallback) Decompiling 06da5880, pcode error at 06da5880: Unable to disassemble EXTERNAL block location: 06da5880  
2026-07-11 20:40:17 WARN  (DecompileCallback) Decompiling 06da5888, pcode error at 06da5888: Unable to disassemble EXTERNAL block location: 06da5888  
2026-07-11 20:40:17 WARN  (DecompileCallback) Decompiling 06da5890, pcode error at 06da5890: Unable to disassemble EXTERNAL block location: 06da5890  
2026-07-11 20:40:17 WARN  (DecompileCallback) Decompiling 06da5898, pcode error at 06da5898: Unable to disassemble EXTERNAL block location: 06da5898  
2026-07-11 20:40:17 WARN  (DecompileCallback) Decompiling 06da58a0, pcode error at 06da58a0: Unable to disassemble EXTERNAL block location: 06da58a0  
2026-07-11 20:40:17 WARN  (DecompileCallback) Decompiling 06da58a8, pcode error at 06da58a8: Unable to disassemble EXTERNAL block location: 06da58a8  
2026-07-11 20:40:17 WARN  (DecompileCallback) Decompiling 06da58b0, pcode error at 06da58b0: Unable to disassemble EXTERNAL block location: 06da58b0  
2026-07-11 20:40:17 WARN  (DecompileCallback) Decompiling 06da58b8, pcode error at 06da58b8: Unable to disassemble EXTERNAL block location: 06da58b8  
2026-07-11 20:40:17 WARN  (DecompileCallback) Decompiling 06da58c0, pcode error at 06da58c0: Unable to disassemble EXTERNAL block location: 06da58c0  
2026-07-11 20:40:17 WARN  (DecompileCallback) Decompiling 06da58c8, pcode error at 06da58c8: Unable to disassemble EXTERNAL block location: 06da58c8  
2026-07-11 20:40:17 WARN  (DecompileCallback) Decompiling 06da58d0, pcode error at 06da58d0: Unable to disassemble EXTERNAL block location: 06da58d0  
2026-07-11 20:40:17 WARN  (DecompileCallback) Decompiling 06da58d8, pcode error at 06da58d8: Unable to disassemble EXTERNAL block location: 06da58d8  
2026-07-11 20:40:17 WARN  (DecompileCallback) Decompiling 06da58e0, pcode error at 06da58e0: Unable to disassemble EXTERNAL block location: 06da58e0  
2026-07-11 20:40:17 WARN  (DecompileCallback) Decompiling 06da58e8, pcode error at 06da58e8: Unable to disassemble EXTERNAL block location: 06da58e8  
2026-07-11 20:40:17 WARN  (DecompileCallback) Decompiling 06da58f0, pcode error at 06da58f0: Unable to disassemble EXTERNAL block location: 06da58f0  
2026-07-11 20:40:17 WARN  (DecompileCallback) Decompiling 06da58f8, pcode error at 06da58f8: Unable to disassemble EXTERNAL block location: 06da58f8  
2026-07-11 20:40:17 WARN  (DecompileCallback) Decompiling 06da5900, pcode error at 06da5900: Unable to disassemble EXTERNAL block location: 06da5900  
2026-07-11 20:40:17 WARN  (DecompileCallback) Decompiling 06da5908, pcode error at 06da5908: Unable to disassemble EXTERNAL block location: 06da5908  
2026-07-11 20:40:17 WARN  (DecompileCallback) Decompiling 06da5910, pcode error at 06da5910: Unable to disassemble EXTERNAL block location: 06da5910  
2026-07-11 20:40:17 WARN  (DecompileCallback) Decompiling 06da5918, pcode error at 06da5918: Unable to disassemble EXTERNAL block location: 06da5918  
2026-07-11 20:40:17 WARN  (DecompileCallback) Decompiling 06da5920, pcode error at 06da5920: Unable to disassemble EXTERNAL block location: 06da5920  
2026-07-11 20:40:17 WARN  (DecompileCallback) Decompiling 06da5928, pcode error at 06da5928: Unable to disassemble EXTERNAL block location: 06da5928  
2026-07-11 20:40:17 WARN  (DecompileCallback) Decompiling 06da5930, pcode error at 06da5930: Unable to disassemble EXTERNAL block location: 06da5930  
2026-07-11 20:40:17 INFO  (GhidraScript) GeneralStructureEyePatternScan.java> General structure scan complete.  
2026-07-11 20:40:17 INFO  (GhidraScript) GeneralStructureEyePatternScan.java> Total functions scanned: 762962  
2026-07-11 20:40:17 INFO  (GhidraScript) GeneralStructureEyePatternScan.java> Exported functions: 3673  
2026-07-11 20:40:17 INFO  (GhidraScript) GeneralStructureEyePatternScan.java> Decompile failures: 328  
2026-07-11 20:40:17 INFO  (GhidraScript) GeneralStructureEyePatternScan.java> Report CSV: C:\realDesktop\manifest-evaluations\summer-26\ghidra-pipeline\il2cpp-files\BoxingMachineVRDemo\general-structure-results\structure_scan_report.csv  
2026-07-11 20:40:17 INFO  (GhidraScript) GeneralStructureEyePatternScan.java> Report JSON: C:\realDesktop\manifest-evaluations\summer-26\ghidra-pipeline\il2cpp-files\BoxingMachineVRDemo\general-structure-results\structure_scan_report.json  
2026-07-11 20:40:17 INFO  (HeadlessAnalyzer) REPORT: Save succeeded for processed file: /BoxingMachineVRDemo-libil2cpp.so  
