2026-07-22 20:25:39 INFO  (LoggingInitialization) Using log config file: jar:file:/C:/Users/kimgiordano27/Downloads/ghidra_12.1.2_PUBLIC_20260605/ghidra_12.1.2_PUBLIC/Ghidra/Framework/Generic/lib/Generic.jar!/generic.log4j.xml  
2026-07-22 20:25:39 INFO  (LoggingInitialization) Using log file: C:\realDesktop\manifest-evaluations\summer-26\ghidra-pipeline\il2cpp-files\TheRagmans\general-structure-ghidra.log  
2026-07-22 20:25:39 DEBUG (GhidraObjectInputFilter) Including serial input filter: FileSystem/data/client.rmi.serial.filter  
2026-07-22 20:25:39 INFO  (Preferences) Loading user preferences: C:\Users\kimgiordano27\AppData\Roaming\ghidra\ghidra_12.1.2_PUBLIC\preferences  
2026-07-22 20:25:39 INFO  (ClassSearcher) Searching for classes...  
2026-07-22 20:25:39 INFO  (ClassSearcher) Class search complete (539 ms)  
2026-07-22 20:25:39 INFO  (DefaultSSLContextInitializer) Initializing SSL Context  
2026-07-22 20:25:39 INFO  (SecureRandomFactory) Initializing Random Number Generator...  
2026-07-22 20:25:39 INFO  (SecureRandomFactory) Random Number Generator initialization complete: SHA1PRNG  
2026-07-22 20:25:39 INFO  (DefaultTrustManagerFactory) Trust manager disabled, cacerts have not been set  
2026-07-22 20:25:40 INFO  (AnalyzeHeadless) Headless startup complete (1651 ms)  
2026-07-22 20:25:40 INFO  (ClassSearcher) Class searcher loaded 59 extension points (20 false positives)  
2026-07-22 20:25:40 INFO  (HeadlessAnalyzer) HEADLESS Script Paths:
    C:\Users\kimgiordano27\Downloads\ghidra_12.1.2_PUBLIC_20260605\ghidra_12.1.2_PUBLIC\Ghidra\Features\DecompilerDependent\ghidra_scripts
    C:\Users\kimgiordano27\Downloads\ghidra_12.1.2_PUBLIC_20260605\ghidra_12.1.2_PUBLIC\Ghidra\Processors\Atmel\ghidra_scripts
    C:\Users\kimgiordano27\Downloads\ghidra_12.1.2_PUBLIC_20260605\ghidra_12.1.2_PUBLIC\Ghidra\Processors\PIC\ghidra_scripts
    C:\Users\kimgiordano27\Downloads\ghidra_12.1.2_PUBLIC_20260605\ghidra_12.1.2_PUBLIC\Ghidra\Features\VersionTracking\ghidra_scripts
    C:\Users\kimgiordano27\Downloads\ghidra_12.1.2_PUBLIC_20260605\ghidra_12.1.2_PUBLIC\Ghidra\Features\BytePatterns\ghidra_scripts
    C:\Users\kimgiordano27\ghidra_scripts
    C:\Users\kimgiordano27\Downloads\ghidra_12.1.2_PUBLIC_20260605\ghidra_12.1.2_PUBLIC\Ghidra\Features\BSim\ghidra_scripts
    C:\realDesktop\manifest-evaluations\summer-26\ghidra-pipeline\ghidra-export-scripts
    C:\Users\kimgiordano27\Downloads\ghidra_12.1.2_PUBLIC_20260605\ghidra_12.1.2_PUBLIC\Ghidra\Processors\JVM\ghidra_scripts
    C:\Users\kimgiordano27\Downloads\ghidra_12.1.2_PUBLIC_20260605\ghidra_12.1.2_PUBLIC\Ghidra\Features\Base\ghidra_scripts
    C:\Users\kimgiordano27\Downloads\ghidra_12.1.2_PUBLIC_20260605\ghidra_12.1.2_PUBLIC\Ghidra\Features\SwiftDemangler\ghidra_scripts
    C:\Users\kimgiordano27\Downloads\ghidra_12.1.2_PUBLIC_20260605\ghidra_12.1.2_PUBLIC\Ghidra\Features\WildcardAssembler\ghidra_scripts
    C:\Users\kimgiordano27\Downloads\ghidra_12.1.2_PUBLIC_20260605\ghidra_12.1.2_PUBLIC\Ghidra\Features\FileFormats\ghidra_scripts
    C:\Users\kimgiordano27\Downloads\ghidra_12.1.2_PUBLIC_20260605\ghidra_12.1.2_PUBLIC\Ghidra\Features\Decompiler\ghidra_scripts
    C:\Users\kimgiordano27\Downloads\ghidra_12.1.2_PUBLIC_20260605\ghidra_12.1.2_PUBLIC\Ghidra\Features\SystemEmulation\ghidra_scripts
    C:\Users\kimgiordano27\Downloads\ghidra_12.1.2_PUBLIC_20260605\ghidra_12.1.2_PUBLIC\Ghidra\Processors\8051\ghidra_scripts
    C:\Users\kimgiordano27\Downloads\ghidra_12.1.2_PUBLIC_20260605\ghidra_12.1.2_PUBLIC\Ghidra\Features\GnuDemangler\ghidra_scripts
    C:\Users\kimgiordano27\Downloads\ghidra_12.1.2_PUBLIC_20260605\ghidra_12.1.2_PUBLIC\Ghidra\Debug\Debugger\ghidra_scripts
    C:\Users\kimgiordano27\Downloads\ghidra_12.1.2_PUBLIC_20260605\ghidra_12.1.2_PUBLIC\Ghidra\Processors\DATA\ghidra_scripts
    C:\Users\kimgiordano27\Downloads\ghidra_12.1.2_PUBLIC_20260605\ghidra_12.1.2_PUBLIC\Ghidra\Debug\Debugger-rmi-trace\ghidra_scripts
    C:\Users\kimgiordano27\Downloads\ghidra_12.1.2_PUBLIC_20260605\ghidra_12.1.2_PUBLIC\Ghidra\Features\FunctionID\ghidra_scripts
    C:\Users\kimgiordano27\Downloads\ghidra_12.1.2_PUBLIC_20260605\ghidra_12.1.2_PUBLIC\Ghidra\Features\MicrosoftCodeAnalyzer\ghidra_scripts
    C:\Users\kimgiordano27\Downloads\ghidra_12.1.2_PUBLIC_20260605\ghidra_12.1.2_PUBLIC\Ghidra\Features\PDB\ghidra_scripts
    C:\Users\kimgiordano27\AppData\Roaming\ghidra\ghidra_12.1.2_PUBLIC\Extensions\Jython\ghidra_scripts
    C:\Users\kimgiordano27\Downloads\ghidra_12.1.2_PUBLIC_20260605\ghidra_12.1.2_PUBLIC\Ghidra\Features\PyGhidra\ghidra_scripts  
2026-07-22 20:25:40 INFO  (HeadlessAnalyzer) HEADLESS: execution starts  
2026-07-22 20:25:40 INFO  (HeadlessAnalyzer) Opening existing project: C:\realDesktop\manifest-evaluations\summer-26\ghidra-pipeline\il2cpp-files\TheRagmans\ghidra-project-TheRagmans\TheRagmans  
2026-07-22 20:25:40 INFO  (HeadlessProject) Opening project: C:\realDesktop\manifest-evaluations\summer-26\ghidra-pipeline\il2cpp-files\TheRagmans\ghidra-project-TheRagmans\TheRagmans  
2026-07-22 20:25:40 INFO  (LocalFileSystem) /TheRagmans-libil2cpp.so: checkout (2) granted (kimgiordano27)  
2026-07-22 20:25:44 INFO  (HeadlessAnalyzer) REPORT: Processing project file: /TheRagmans-libil2cpp.so  
2026-07-22 20:25:45 INFO  (HeadlessAnalyzer) REPORT: Execute script: GeneralStructureEyePatternScan.java 'C:\realDesktop\manifest-evaluations\summer-26\ghidra-pipeline\il2cpp-files\TheRagmans\general-structure-results' '70' 'false'   
2026-07-22 20:25:45 INFO  (HeadlessAnalyzer) SCRIPT: C:\realDesktop\manifest-evaluations\summer-26\ghidra-pipeline\ghidra-export-scripts\GeneralStructureEyePatternScan.java  
2026-07-22 20:25:45 INFO  (GhidraScript) GeneralStructureEyePatternScan.java> General structure scan starting...  
2026-07-22 20:25:45 INFO  (GhidraScript) GeneralStructureEyePatternScan.java> Output: C:\realDesktop\manifest-evaluations\summer-26\ghidra-pipeline\il2cpp-files\TheRagmans\general-structure-results  
2026-07-22 20:25:45 INFO  (GhidraScript) GeneralStructureEyePatternScan.java> Minimum review score: 70  
2026-07-22 20:25:45 INFO  (GhidraScript) GeneralStructureEyePatternScan.java> Export all: false  
2026-07-22 20:26:17 INFO  (GhidraScript) GeneralStructureEyePatternScan.java> Scanned 10000 functions. Exported so far: 0  
2026-07-22 20:29:14 INFO  (GhidraScript) GeneralStructureEyePatternScan.java> Scanned 20000 functions. Exported so far: 3  
2026-07-22 20:36:31 INFO  (GhidraScript) GeneralStructureEyePatternScan.java> Scanned 30000 functions. Exported so far: 6  
2026-07-22 20:40:28 INFO  (GhidraScript) GeneralStructureEyePatternScan.java> Scanned 40000 functions. Exported so far: 6  
2026-07-22 20:42:37 INFO  (GhidraScript) GeneralStructureEyePatternScan.java> Scanned 50000 functions. Exported so far: 6  
2026-07-22 20:45:11 INFO  (GhidraScript) GeneralStructureEyePatternScan.java> Scanned 60000 functions. Exported so far: 6  
2026-07-22 20:47:25 INFO  (GhidraScript) GeneralStructureEyePatternScan.java> Scanned 70000 functions. Exported so far: 6  
2026-07-22 20:51:39 INFO  (GhidraScript) GeneralStructureEyePatternScan.java> Scanned 80000 functions. Exported so far: 6  
2026-07-22 20:54:36 INFO  (GhidraScript) GeneralStructureEyePatternScan.java> Scanned 90000 functions. Exported so far: 6  
2026-07-22 21:03:08 INFO  (GhidraScript) GeneralStructureEyePatternScan.java> Scanned 100000 functions. Exported so far: 7  
2026-07-22 22:50:56 INFO  (GhidraScript) GeneralStructureEyePatternScan.java> Scanned 110000 functions. Exported so far: 7  
2026-07-22 23:04:00 INFO  (GhidraScript) GeneralStructureEyePatternScan.java> Scanned 120000 functions. Exported so far: 7  
2026-07-22 23:05:37 WARN  (DecompileCallback) Decompiling 01852000, pcode error at 01852000: Unable to disassemble EXTERNAL block location: 01852000  
2026-07-22 23:05:37 WARN  (DecompileCallback) Decompiling 01852008, pcode error at 01852008: Unable to disassemble EXTERNAL block location: 01852008  
2026-07-22 23:05:37 WARN  (DecompileCallback) Decompiling 01852010, pcode error at 01852010: Unable to disassemble EXTERNAL block location: 01852010  
2026-07-22 23:05:37 WARN  (DecompileCallback) Decompiling 01852018, pcode error at 01852018: Unable to disassemble EXTERNAL block location: 01852018  
2026-07-22 23:05:37 WARN  (DecompileCallback) Decompiling 01852020, pcode error at 01852020: Unable to disassemble EXTERNAL block location: 01852020  
2026-07-22 23:05:37 WARN  (DecompileCallback) Decompiling 01852028, pcode error at 01852028: Unable to disassemble EXTERNAL block location: 01852028  
2026-07-22 23:05:37 WARN  (DecompileCallback) Decompiling 01852030, pcode error at 01852030: Unable to disassemble EXTERNAL block location: 01852030  
2026-07-22 23:05:37 WARN  (DecompileCallback) Decompiling 01852038, pcode error at 01852038: Unable to disassemble EXTERNAL block location: 01852038  
2026-07-22 23:05:37 WARN  (DecompileCallback) Decompiling 01852040, pcode error at 01852040: Unable to disassemble EXTERNAL block location: 01852040  
2026-07-22 23:05:37 WARN  (DecompileCallback) Decompiling 01852048, pcode error at 01852048: Unable to disassemble EXTERNAL block location: 01852048  
2026-07-22 23:05:37 WARN  (DecompileCallback) Decompiling 01852050, pcode error at 01852050: Unable to disassemble EXTERNAL block location: 01852050  
2026-07-22 23:05:37 WARN  (DecompileCallback) Decompiling 01852058, pcode error at 01852058: Unable to disassemble EXTERNAL block location: 01852058  
2026-07-22 23:05:37 WARN  (DecompileCallback) Decompiling 01852060, pcode error at 01852060: Unable to disassemble EXTERNAL block location: 01852060  
2026-07-22 23:05:37 WARN  (DecompileCallback) Decompiling 01852068, pcode error at 01852068: Unable to disassemble EXTERNAL block location: 01852068  
2026-07-22 23:05:37 WARN  (DecompileCallback) Decompiling 01852070, pcode error at 01852070: Unable to disassemble EXTERNAL block location: 01852070  
2026-07-22 23:05:37 WARN  (DecompileCallback) Decompiling 01852078, pcode error at 01852078: Unable to disassemble EXTERNAL block location: 01852078  
2026-07-22 23:05:37 WARN  (DecompileCallback) Decompiling 01852080, pcode error at 01852080: Unable to disassemble EXTERNAL block location: 01852080  
2026-07-22 23:05:37 WARN  (DecompileCallback) Decompiling 01852088, pcode error at 01852088: Unable to disassemble EXTERNAL block location: 01852088  
2026-07-22 23:05:37 WARN  (DecompileCallback) Decompiling 01852090, pcode error at 01852090: Unable to disassemble EXTERNAL block location: 01852090  
2026-07-22 23:05:37 WARN  (DecompileCallback) Decompiling 01852098, pcode error at 01852098: Unable to disassemble EXTERNAL block location: 01852098  
2026-07-22 23:05:37 WARN  (DecompileCallback) Decompiling 018520a0, pcode error at 018520a0: Unable to disassemble EXTERNAL block location: 018520a0  
2026-07-22 23:05:37 WARN  (DecompileCallback) Decompiling 018520a8, pcode error at 018520a8: Unable to disassemble EXTERNAL block location: 018520a8  
2026-07-22 23:05:37 WARN  (DecompileCallback) Decompiling 018520b0, pcode error at 018520b0: Unable to disassemble EXTERNAL block location: 018520b0  
2026-07-22 23:05:37 WARN  (DecompileCallback) Decompiling 018520b8, pcode error at 018520b8: Unable to disassemble EXTERNAL block location: 018520b8  
2026-07-22 23:05:37 WARN  (DecompileCallback) Decompiling 018520c0, pcode error at 018520c0: Unable to disassemble EXTERNAL block location: 018520c0  
2026-07-22 23:05:37 WARN  (DecompileCallback) Decompiling 018520c8, pcode error at 018520c8: Unable to disassemble EXTERNAL block location: 018520c8  
2026-07-22 23:05:37 WARN  (DecompileCallback) Decompiling 018520d0, pcode error at 018520d0: Unable to disassemble EXTERNAL block location: 018520d0  
2026-07-22 23:05:37 WARN  (DecompileCallback) Decompiling 018520d8, pcode error at 018520d8: Unable to disassemble EXTERNAL block location: 018520d8  
2026-07-22 23:05:37 WARN  (DecompileCallback) Decompiling 018520e0, pcode error at 018520e0: Unable to disassemble EXTERNAL block location: 018520e0  
2026-07-22 23:05:37 WARN  (DecompileCallback) Decompiling 018520e8, pcode error at 018520e8: Unable to disassemble EXTERNAL block location: 018520e8  
2026-07-22 23:05:37 WARN  (DecompileCallback) Decompiling 018520f0, pcode error at 018520f0: Unable to disassemble EXTERNAL block location: 018520f0  
2026-07-22 23:05:37 WARN  (DecompileCallback) Decompiling 018520f8, pcode error at 018520f8: Unable to disassemble EXTERNAL block location: 018520f8  
2026-07-22 23:05:37 WARN  (DecompileCallback) Decompiling 01852100, pcode error at 01852100: Unable to disassemble EXTERNAL block location: 01852100  
2026-07-22 23:05:37 WARN  (DecompileCallback) Decompiling 01852108, pcode error at 01852108: Unable to disassemble EXTERNAL block location: 01852108  
2026-07-22 23:05:37 WARN  (DecompileCallback) Decompiling 01852110, pcode error at 01852110: Unable to disassemble EXTERNAL block location: 01852110  
2026-07-22 23:05:37 WARN  (DecompileCallback) Decompiling 01852118, pcode error at 01852118: Unable to disassemble EXTERNAL block location: 01852118  
2026-07-22 23:05:37 WARN  (DecompileCallback) Decompiling 01852120, pcode error at 01852120: Unable to disassemble EXTERNAL block location: 01852120  
2026-07-22 23:05:37 WARN  (DecompileCallback) Decompiling 01852128, pcode error at 01852128: Unable to disassemble EXTERNAL block location: 01852128  
2026-07-22 23:05:37 WARN  (DecompileCallback) Decompiling 01852130, pcode error at 01852130: Unable to disassemble EXTERNAL block location: 01852130  
2026-07-22 23:05:37 WARN  (DecompileCallback) Decompiling 01852138, pcode error at 01852138: Unable to disassemble EXTERNAL block location: 01852138  
2026-07-22 23:05:37 WARN  (DecompileCallback) Decompiling 01852140, pcode error at 01852140: Unable to disassemble EXTERNAL block location: 01852140  
2026-07-22 23:05:37 WARN  (DecompileCallback) Decompiling 01852148, pcode error at 01852148: Unable to disassemble EXTERNAL block location: 01852148  
2026-07-22 23:05:37 WARN  (DecompileCallback) Decompiling 01852150, pcode error at 01852150: Unable to disassemble EXTERNAL block location: 01852150  
2026-07-22 23:05:37 WARN  (DecompileCallback) Decompiling 01852158, pcode error at 01852158: Unable to disassemble EXTERNAL block location: 01852158  
2026-07-22 23:05:37 WARN  (DecompileCallback) Decompiling 01852160, pcode error at 01852160: Unable to disassemble EXTERNAL block location: 01852160  
2026-07-22 23:05:37 WARN  (DecompileCallback) Decompiling 01852168, pcode error at 01852168: Unable to disassemble EXTERNAL block location: 01852168  
2026-07-22 23:05:37 WARN  (DecompileCallback) Decompiling 01852170, pcode error at 01852170: Unable to disassemble EXTERNAL block location: 01852170  
2026-07-22 23:05:37 WARN  (DecompileCallback) Decompiling 01852178, pcode error at 01852178: Unable to disassemble EXTERNAL block location: 01852178  
2026-07-22 23:05:37 WARN  (DecompileCallback) Decompiling 01852180, pcode error at 01852180: Unable to disassemble EXTERNAL block location: 01852180  
2026-07-22 23:05:37 WARN  (DecompileCallback) Decompiling 01852188, pcode error at 01852188: Unable to disassemble EXTERNAL block location: 01852188  
2026-07-22 23:05:37 WARN  (DecompileCallback) Decompiling 01852190, pcode error at 01852190: Unable to disassemble EXTERNAL block location: 01852190  
2026-07-22 23:05:37 WARN  (DecompileCallback) Decompiling 01852198, pcode error at 01852198: Unable to disassemble EXTERNAL block location: 01852198  
2026-07-22 23:05:37 WARN  (DecompileCallback) Decompiling 018521a0, pcode error at 018521a0: Unable to disassemble EXTERNAL block location: 018521a0  
2026-07-22 23:05:37 WARN  (DecompileCallback) Decompiling 018521a8, pcode error at 018521a8: Unable to disassemble EXTERNAL block location: 018521a8  
2026-07-22 23:05:37 WARN  (DecompileCallback) Decompiling 018521b0, pcode error at 018521b0: Unable to disassemble EXTERNAL block location: 018521b0  
2026-07-22 23:05:37 WARN  (DecompileCallback) Decompiling 018521b8, pcode error at 018521b8: Unable to disassemble EXTERNAL block location: 018521b8  
2026-07-22 23:05:37 WARN  (DecompileCallback) Decompiling 018521c0, pcode error at 018521c0: Unable to disassemble EXTERNAL block location: 018521c0  
2026-07-22 23:05:37 WARN  (DecompileCallback) Decompiling 018521c8, pcode error at 018521c8: Unable to disassemble EXTERNAL block location: 018521c8  
2026-07-22 23:05:37 WARN  (DecompileCallback) Decompiling 018521d0, pcode error at 018521d0: Unable to disassemble EXTERNAL block location: 018521d0  
2026-07-22 23:05:37 WARN  (DecompileCallback) Decompiling 018521d8, pcode error at 018521d8: Unable to disassemble EXTERNAL block location: 018521d8  
2026-07-22 23:05:37 WARN  (DecompileCallback) Decompiling 018521e0, pcode error at 018521e0: Unable to disassemble EXTERNAL block location: 018521e0  
2026-07-22 23:05:37 WARN  (DecompileCallback) Decompiling 018521e8, pcode error at 018521e8: Unable to disassemble EXTERNAL block location: 018521e8  
2026-07-22 23:05:37 WARN  (DecompileCallback) Decompiling 018521f0, pcode error at 018521f0: Unable to disassemble EXTERNAL block location: 018521f0  
2026-07-22 23:05:37 WARN  (DecompileCallback) Decompiling 018521f8, pcode error at 018521f8: Unable to disassemble EXTERNAL block location: 018521f8  
2026-07-22 23:05:37 WARN  (DecompileCallback) Decompiling 01852200, pcode error at 01852200: Unable to disassemble EXTERNAL block location: 01852200  
2026-07-22 23:05:37 WARN  (DecompileCallback) Decompiling 01852208, pcode error at 01852208: Unable to disassemble EXTERNAL block location: 01852208  
2026-07-22 23:05:37 WARN  (DecompileCallback) Decompiling 01852210, pcode error at 01852210: Unable to disassemble EXTERNAL block location: 01852210  
2026-07-22 23:05:37 WARN  (DecompileCallback) Decompiling 01852218, pcode error at 01852218: Unable to disassemble EXTERNAL block location: 01852218  
2026-07-22 23:05:37 WARN  (DecompileCallback) Decompiling 01852220, pcode error at 01852220: Unable to disassemble EXTERNAL block location: 01852220  
2026-07-22 23:05:37 WARN  (DecompileCallback) Decompiling 01852228, pcode error at 01852228: Unable to disassemble EXTERNAL block location: 01852228  
2026-07-22 23:05:37 WARN  (DecompileCallback) Decompiling 01852230, pcode error at 01852230: Unable to disassemble EXTERNAL block location: 01852230  
2026-07-22 23:05:37 WARN  (DecompileCallback) Decompiling 01852238, pcode error at 01852238: Unable to disassemble EXTERNAL block location: 01852238  
2026-07-22 23:05:37 WARN  (DecompileCallback) Decompiling 01852248, pcode error at 01852248: Unable to disassemble EXTERNAL block location: 01852248  
2026-07-22 23:05:37 WARN  (DecompileCallback) Decompiling 01852250, pcode error at 01852250: Unable to disassemble EXTERNAL block location: 01852250  
2026-07-22 23:05:37 WARN  (DecompileCallback) Decompiling 01852258, pcode error at 01852258: Unable to disassemble EXTERNAL block location: 01852258  
2026-07-22 23:05:37 WARN  (DecompileCallback) Decompiling 01852260, pcode error at 01852260: Unable to disassemble EXTERNAL block location: 01852260  
2026-07-22 23:05:37 WARN  (DecompileCallback) Decompiling 01852268, pcode error at 01852268: Unable to disassemble EXTERNAL block location: 01852268  
2026-07-22 23:05:37 WARN  (DecompileCallback) Decompiling 01852270, pcode error at 01852270: Unable to disassemble EXTERNAL block location: 01852270  
2026-07-22 23:05:37 WARN  (DecompileCallback) Decompiling 01852278, pcode error at 01852278: Unable to disassemble EXTERNAL block location: 01852278  
2026-07-22 23:05:37 WARN  (DecompileCallback) Decompiling 01852280, pcode error at 01852280: Unable to disassemble EXTERNAL block location: 01852280  
2026-07-22 23:05:37 WARN  (DecompileCallback) Decompiling 01852288, pcode error at 01852288: Unable to disassemble EXTERNAL block location: 01852288  
2026-07-22 23:05:37 WARN  (DecompileCallback) Decompiling 01852290, pcode error at 01852290: Unable to disassemble EXTERNAL block location: 01852290  
2026-07-22 23:05:37 WARN  (DecompileCallback) Decompiling 01852298, pcode error at 01852298: Unable to disassemble EXTERNAL block location: 01852298  
2026-07-22 23:05:37 WARN  (DecompileCallback) Decompiling 018522a0, pcode error at 018522a0: Unable to disassemble EXTERNAL block location: 018522a0  
2026-07-22 23:05:37 WARN  (DecompileCallback) Decompiling 018522a8, pcode error at 018522a8: Unable to disassemble EXTERNAL block location: 018522a8  
2026-07-22 23:05:37 WARN  (DecompileCallback) Decompiling 018522b0, pcode error at 018522b0: Unable to disassemble EXTERNAL block location: 018522b0  
2026-07-22 23:05:37 WARN  (DecompileCallback) Decompiling 018522b8, pcode error at 018522b8: Unable to disassemble EXTERNAL block location: 018522b8  
2026-07-22 23:05:37 WARN  (DecompileCallback) Decompiling 018522c0, pcode error at 018522c0: Unable to disassemble EXTERNAL block location: 018522c0  
2026-07-22 23:05:37 WARN  (DecompileCallback) Decompiling 018522c8, pcode error at 018522c8: Unable to disassemble EXTERNAL block location: 018522c8  
2026-07-22 23:05:37 WARN  (DecompileCallback) Decompiling 018522d0, pcode error at 018522d0: Unable to disassemble EXTERNAL block location: 018522d0  
2026-07-22 23:05:37 WARN  (DecompileCallback) Decompiling 018522d8, pcode error at 018522d8: Unable to disassemble EXTERNAL block location: 018522d8  
2026-07-22 23:05:37 WARN  (DecompileCallback) Decompiling 018522e0, pcode error at 018522e0: Unable to disassemble EXTERNAL block location: 018522e0  
2026-07-22 23:05:37 WARN  (DecompileCallback) Decompiling 018522e8, pcode error at 018522e8: Unable to disassemble EXTERNAL block location: 018522e8  
2026-07-22 23:05:37 WARN  (DecompileCallback) Decompiling 018522f0, pcode error at 018522f0: Unable to disassemble EXTERNAL block location: 018522f0  
2026-07-22 23:05:37 WARN  (DecompileCallback) Decompiling 018522f8, pcode error at 018522f8: Unable to disassemble EXTERNAL block location: 018522f8  
2026-07-22 23:05:37 WARN  (DecompileCallback) Decompiling 01852300, pcode error at 01852300: Unable to disassemble EXTERNAL block location: 01852300  
2026-07-22 23:05:37 WARN  (DecompileCallback) Decompiling 01852308, pcode error at 01852308: Unable to disassemble EXTERNAL block location: 01852308  
2026-07-22 23:05:37 WARN  (DecompileCallback) Decompiling 01852310, pcode error at 01852310: Unable to disassemble EXTERNAL block location: 01852310  
2026-07-22 23:05:37 WARN  (DecompileCallback) Decompiling 01852318, pcode error at 01852318: Unable to disassemble EXTERNAL block location: 01852318  
2026-07-22 23:05:37 WARN  (DecompileCallback) Decompiling 01852320, pcode error at 01852320: Unable to disassemble EXTERNAL block location: 01852320  
2026-07-22 23:05:37 WARN  (DecompileCallback) Decompiling 01852328, pcode error at 01852328: Unable to disassemble EXTERNAL block location: 01852328  
2026-07-22 23:05:37 WARN  (DecompileCallback) Decompiling 01852330, pcode error at 01852330: Unable to disassemble EXTERNAL block location: 01852330  
2026-07-22 23:05:37 WARN  (DecompileCallback) Decompiling 01852338, pcode error at 01852338: Unable to disassemble EXTERNAL block location: 01852338  
2026-07-22 23:05:37 WARN  (DecompileCallback) Decompiling 01852340, pcode error at 01852340: Unable to disassemble EXTERNAL block location: 01852340  
2026-07-22 23:05:37 WARN  (DecompileCallback) Decompiling 01852348, pcode error at 01852348: Unable to disassemble EXTERNAL block location: 01852348  
2026-07-22 23:05:37 WARN  (DecompileCallback) Decompiling 01852350, pcode error at 01852350: Unable to disassemble EXTERNAL block location: 01852350  
2026-07-22 23:05:37 WARN  (DecompileCallback) Decompiling 01852358, pcode error at 01852358: Unable to disassemble EXTERNAL block location: 01852358  
2026-07-22 23:05:37 WARN  (DecompileCallback) Decompiling 01852360, pcode error at 01852360: Unable to disassemble EXTERNAL block location: 01852360  
2026-07-22 23:05:37 WARN  (DecompileCallback) Decompiling 01852368, pcode error at 01852368: Unable to disassemble EXTERNAL block location: 01852368  
2026-07-22 23:05:37 WARN  (DecompileCallback) Decompiling 01852370, pcode error at 01852370: Unable to disassemble EXTERNAL block location: 01852370  
2026-07-22 23:05:37 WARN  (DecompileCallback) Decompiling 01852378, pcode error at 01852378: Unable to disassemble EXTERNAL block location: 01852378  
2026-07-22 23:05:37 WARN  (DecompileCallback) Decompiling 01852380, pcode error at 01852380: Unable to disassemble EXTERNAL block location: 01852380  
2026-07-22 23:05:37 WARN  (DecompileCallback) Decompiling 01852388, pcode error at 01852388: Unable to disassemble EXTERNAL block location: 01852388  
2026-07-22 23:05:37 WARN  (DecompileCallback) Decompiling 01852390, pcode error at 01852390: Unable to disassemble EXTERNAL block location: 01852390  
2026-07-22 23:05:37 WARN  (DecompileCallback) Decompiling 01852398, pcode error at 01852398: Unable to disassemble EXTERNAL block location: 01852398  
2026-07-22 23:05:37 WARN  (DecompileCallback) Decompiling 018523a0, pcode error at 018523a0: Unable to disassemble EXTERNAL block location: 018523a0  
2026-07-22 23:05:37 WARN  (DecompileCallback) Decompiling 018523a8, pcode error at 018523a8: Unable to disassemble EXTERNAL block location: 018523a8  
2026-07-22 23:05:37 WARN  (DecompileCallback) Decompiling 018523b0, pcode error at 018523b0: Unable to disassemble EXTERNAL block location: 018523b0  
2026-07-22 23:05:37 WARN  (DecompileCallback) Decompiling 018523b8, pcode error at 018523b8: Unable to disassemble EXTERNAL block location: 018523b8  
2026-07-22 23:05:37 WARN  (DecompileCallback) Decompiling 018523c0, pcode error at 018523c0: Unable to disassemble EXTERNAL block location: 018523c0  
2026-07-22 23:05:37 WARN  (DecompileCallback) Decompiling 018523c8, pcode error at 018523c8: Unable to disassemble EXTERNAL block location: 018523c8  
2026-07-22 23:05:37 WARN  (DecompileCallback) Decompiling 018523d0, pcode error at 018523d0: Unable to disassemble EXTERNAL block location: 018523d0  
2026-07-22 23:05:37 WARN  (DecompileCallback) Decompiling 018523d8, pcode error at 018523d8: Unable to disassemble EXTERNAL block location: 018523d8  
2026-07-22 23:05:38 WARN  (DecompileCallback) Decompiling 018523e0, pcode error at 018523e0: Unable to disassemble EXTERNAL block location: 018523e0  
2026-07-22 23:05:38 WARN  (DecompileCallback) Decompiling 018523e8, pcode error at 018523e8: Unable to disassemble EXTERNAL block location: 018523e8  
2026-07-22 23:05:38 WARN  (DecompileCallback) Decompiling 018523f0, pcode error at 018523f0: Unable to disassemble EXTERNAL block location: 018523f0  
2026-07-22 23:05:38 WARN  (DecompileCallback) Decompiling 018523f8, pcode error at 018523f8: Unable to disassemble EXTERNAL block location: 018523f8  
2026-07-22 23:05:38 WARN  (DecompileCallback) Decompiling 01852400, pcode error at 01852400: Unable to disassemble EXTERNAL block location: 01852400  
2026-07-22 23:05:38 WARN  (DecompileCallback) Decompiling 01852408, pcode error at 01852408: Unable to disassemble EXTERNAL block location: 01852408  
2026-07-22 23:05:38 WARN  (DecompileCallback) Decompiling 01852410, pcode error at 01852410: Unable to disassemble EXTERNAL block location: 01852410  
2026-07-22 23:05:38 WARN  (DecompileCallback) Decompiling 01852418, pcode error at 01852418: Unable to disassemble EXTERNAL block location: 01852418  
2026-07-22 23:05:38 WARN  (DecompileCallback) Decompiling 01852420, pcode error at 01852420: Unable to disassemble EXTERNAL block location: 01852420  
2026-07-22 23:05:38 WARN  (DecompileCallback) Decompiling 01852428, pcode error at 01852428: Unable to disassemble EXTERNAL block location: 01852428  
2026-07-22 23:05:38 WARN  (DecompileCallback) Decompiling 01852430, pcode error at 01852430: Unable to disassemble EXTERNAL block location: 01852430  
2026-07-22 23:05:38 WARN  (DecompileCallback) Decompiling 01852438, pcode error at 01852438: Unable to disassemble EXTERNAL block location: 01852438  
2026-07-22 23:05:38 WARN  (DecompileCallback) Decompiling 01852440, pcode error at 01852440: Unable to disassemble EXTERNAL block location: 01852440  
2026-07-22 23:05:38 WARN  (DecompileCallback) Decompiling 01852448, pcode error at 01852448: Unable to disassemble EXTERNAL block location: 01852448  
2026-07-22 23:05:38 WARN  (DecompileCallback) Decompiling 01852450, pcode error at 01852450: Unable to disassemble EXTERNAL block location: 01852450  
2026-07-22 23:05:38 WARN  (DecompileCallback) Decompiling 01852458, pcode error at 01852458: Unable to disassemble EXTERNAL block location: 01852458  
2026-07-22 23:05:38 WARN  (DecompileCallback) Decompiling 01852460, pcode error at 01852460: Unable to disassemble EXTERNAL block location: 01852460  
2026-07-22 23:05:38 WARN  (DecompileCallback) Decompiling 01852468, pcode error at 01852468: Unable to disassemble EXTERNAL block location: 01852468  
2026-07-22 23:05:38 WARN  (DecompileCallback) Decompiling 01852470, pcode error at 01852470: Unable to disassemble EXTERNAL block location: 01852470  
2026-07-22 23:05:38 WARN  (DecompileCallback) Decompiling 01852478, pcode error at 01852478: Unable to disassemble EXTERNAL block location: 01852478  
2026-07-22 23:05:38 WARN  (DecompileCallback) Decompiling 01852480, pcode error at 01852480: Unable to disassemble EXTERNAL block location: 01852480  
2026-07-22 23:05:38 WARN  (DecompileCallback) Decompiling 01852488, pcode error at 01852488: Unable to disassemble EXTERNAL block location: 01852488  
2026-07-22 23:05:38 WARN  (DecompileCallback) Decompiling 01852490, pcode error at 01852490: Unable to disassemble EXTERNAL block location: 01852490  
2026-07-22 23:05:38 WARN  (DecompileCallback) Decompiling 01852498, pcode error at 01852498: Unable to disassemble EXTERNAL block location: 01852498  
2026-07-22 23:05:38 WARN  (DecompileCallback) Decompiling 018524a0, pcode error at 018524a0: Unable to disassemble EXTERNAL block location: 018524a0  
2026-07-22 23:05:38 WARN  (DecompileCallback) Decompiling 018524a8, pcode error at 018524a8: Unable to disassemble EXTERNAL block location: 018524a8  
2026-07-22 23:05:38 WARN  (DecompileCallback) Decompiling 018524b0, pcode error at 018524b0: Unable to disassemble EXTERNAL block location: 018524b0  
2026-07-22 23:05:38 WARN  (DecompileCallback) Decompiling 018524b8, pcode error at 018524b8: Unable to disassemble EXTERNAL block location: 018524b8  
2026-07-22 23:05:38 WARN  (DecompileCallback) Decompiling 018524c0, pcode error at 018524c0: Unable to disassemble EXTERNAL block location: 018524c0  
2026-07-22 23:05:38 WARN  (DecompileCallback) Decompiling 018524c8, pcode error at 018524c8: Unable to disassemble EXTERNAL block location: 018524c8  
2026-07-22 23:05:38 WARN  (DecompileCallback) Decompiling 018524d0, pcode error at 018524d0: Unable to disassemble EXTERNAL block location: 018524d0  
2026-07-22 23:05:38 WARN  (DecompileCallback) Decompiling 018524d8, pcode error at 018524d8: Unable to disassemble EXTERNAL block location: 018524d8  
2026-07-22 23:05:38 WARN  (DecompileCallback) Decompiling 018524e0, pcode error at 018524e0: Unable to disassemble EXTERNAL block location: 018524e0  
2026-07-22 23:05:38 WARN  (DecompileCallback) Decompiling 018524e8, pcode error at 018524e8: Unable to disassemble EXTERNAL block location: 018524e8  
2026-07-22 23:05:38 WARN  (DecompileCallback) Decompiling 018524f0, pcode error at 018524f0: Unable to disassemble EXTERNAL block location: 018524f0  
2026-07-22 23:05:38 WARN  (DecompileCallback) Decompiling 018524f8, pcode error at 018524f8: Unable to disassemble EXTERNAL block location: 018524f8  
2026-07-22 23:05:38 WARN  (DecompileCallback) Decompiling 01852500, pcode error at 01852500: Unable to disassemble EXTERNAL block location: 01852500  
2026-07-22 23:05:38 WARN  (DecompileCallback) Decompiling 01852508, pcode error at 01852508: Unable to disassemble EXTERNAL block location: 01852508  
2026-07-22 23:05:38 WARN  (DecompileCallback) Decompiling 01852510, pcode error at 01852510: Unable to disassemble EXTERNAL block location: 01852510  
2026-07-22 23:05:38 WARN  (DecompileCallback) Decompiling 01852518, pcode error at 01852518: Unable to disassemble EXTERNAL block location: 01852518  
2026-07-22 23:05:38 WARN  (DecompileCallback) Decompiling 01852520, pcode error at 01852520: Unable to disassemble EXTERNAL block location: 01852520  
2026-07-22 23:05:38 WARN  (DecompileCallback) Decompiling 01852528, pcode error at 01852528: Unable to disassemble EXTERNAL block location: 01852528  
2026-07-22 23:05:38 WARN  (DecompileCallback) Decompiling 01852530, pcode error at 01852530: Unable to disassemble EXTERNAL block location: 01852530  
2026-07-22 23:05:38 WARN  (DecompileCallback) Decompiling 01852538, pcode error at 01852538: Unable to disassemble EXTERNAL block location: 01852538  
2026-07-22 23:05:38 WARN  (DecompileCallback) Decompiling 01852540, pcode error at 01852540: Unable to disassemble EXTERNAL block location: 01852540  
2026-07-22 23:05:38 WARN  (DecompileCallback) Decompiling 01852548, pcode error at 01852548: Unable to disassemble EXTERNAL block location: 01852548  
2026-07-22 23:05:38 WARN  (DecompileCallback) Decompiling 01852550, pcode error at 01852550: Unable to disassemble EXTERNAL block location: 01852550  
2026-07-22 23:05:38 WARN  (DecompileCallback) Decompiling 01852558, pcode error at 01852558: Unable to disassemble EXTERNAL block location: 01852558  
2026-07-22 23:05:38 WARN  (DecompileCallback) Decompiling 01852560, pcode error at 01852560: Unable to disassemble EXTERNAL block location: 01852560  
2026-07-22 23:05:38 WARN  (DecompileCallback) Decompiling 01852568, pcode error at 01852568: Unable to disassemble EXTERNAL block location: 01852568  
2026-07-22 23:05:38 WARN  (DecompileCallback) Decompiling 01852570, pcode error at 01852570: Unable to disassemble EXTERNAL block location: 01852570  
2026-07-22 23:05:38 WARN  (DecompileCallback) Decompiling 01852578, pcode error at 01852578: Unable to disassemble EXTERNAL block location: 01852578  
2026-07-22 23:05:38 WARN  (DecompileCallback) Decompiling 01852580, pcode error at 01852580: Unable to disassemble EXTERNAL block location: 01852580  
2026-07-22 23:05:38 WARN  (DecompileCallback) Decompiling 01852588, pcode error at 01852588: Unable to disassemble EXTERNAL block location: 01852588  
2026-07-22 23:05:38 WARN  (DecompileCallback) Decompiling 01852590, pcode error at 01852590: Unable to disassemble EXTERNAL block location: 01852590  
2026-07-22 23:05:38 WARN  (DecompileCallback) Decompiling 01852598, pcode error at 01852598: Unable to disassemble EXTERNAL block location: 01852598  
2026-07-22 23:05:38 WARN  (DecompileCallback) Decompiling 018525a0, pcode error at 018525a0: Unable to disassemble EXTERNAL block location: 018525a0  
2026-07-22 23:05:38 WARN  (DecompileCallback) Decompiling 018525a8, pcode error at 018525a8: Unable to disassemble EXTERNAL block location: 018525a8  
2026-07-22 23:05:38 WARN  (DecompileCallback) Decompiling 018525b0, pcode error at 018525b0: Unable to disassemble EXTERNAL block location: 018525b0  
2026-07-22 23:05:38 WARN  (DecompileCallback) Decompiling 018525b8, pcode error at 018525b8: Unable to disassemble EXTERNAL block location: 018525b8  
2026-07-22 23:05:38 WARN  (DecompileCallback) Decompiling 018525c0, pcode error at 018525c0: Unable to disassemble EXTERNAL block location: 018525c0  
2026-07-22 23:05:38 WARN  (DecompileCallback) Decompiling 018525c8, pcode error at 018525c8: Unable to disassemble EXTERNAL block location: 018525c8  
2026-07-22 23:05:38 WARN  (DecompileCallback) Decompiling 018525d0, pcode error at 018525d0: Unable to disassemble EXTERNAL block location: 018525d0  
2026-07-22 23:05:38 WARN  (DecompileCallback) Decompiling 018525d8, pcode error at 018525d8: Unable to disassemble EXTERNAL block location: 018525d8  
2026-07-22 23:05:38 WARN  (DecompileCallback) Decompiling 018525e0, pcode error at 018525e0: Unable to disassemble EXTERNAL block location: 018525e0  
2026-07-22 23:05:38 WARN  (DecompileCallback) Decompiling 018525e8, pcode error at 018525e8: Unable to disassemble EXTERNAL block location: 018525e8  
2026-07-22 23:05:38 WARN  (DecompileCallback) Decompiling 018525f0, pcode error at 018525f0: Unable to disassemble EXTERNAL block location: 018525f0  
2026-07-22 23:05:38 WARN  (DecompileCallback) Decompiling 018525f8, pcode error at 018525f8: Unable to disassemble EXTERNAL block location: 018525f8  
2026-07-22 23:05:38 WARN  (DecompileCallback) Decompiling 01852600, pcode error at 01852600: Unable to disassemble EXTERNAL block location: 01852600  
2026-07-22 23:05:38 WARN  (DecompileCallback) Decompiling 01852608, pcode error at 01852608: Unable to disassemble EXTERNAL block location: 01852608  
2026-07-22 23:05:38 WARN  (DecompileCallback) Decompiling 01852610, pcode error at 01852610: Unable to disassemble EXTERNAL block location: 01852610  
2026-07-22 23:05:38 WARN  (DecompileCallback) Decompiling 01852618, pcode error at 01852618: Unable to disassemble EXTERNAL block location: 01852618  
2026-07-22 23:05:38 WARN  (DecompileCallback) Decompiling 01852620, pcode error at 01852620: Unable to disassemble EXTERNAL block location: 01852620  
2026-07-22 23:05:38 WARN  (DecompileCallback) Decompiling 01852628, pcode error at 01852628: Unable to disassemble EXTERNAL block location: 01852628  
2026-07-22 23:05:38 WARN  (DecompileCallback) Decompiling 01852630, pcode error at 01852630: Unable to disassemble EXTERNAL block location: 01852630  
2026-07-22 23:05:38 WARN  (DecompileCallback) Decompiling 01852638, pcode error at 01852638: Unable to disassemble EXTERNAL block location: 01852638  
2026-07-22 23:05:38 WARN  (DecompileCallback) Decompiling 01852640, pcode error at 01852640: Unable to disassemble EXTERNAL block location: 01852640  
2026-07-22 23:05:38 WARN  (DecompileCallback) Decompiling 01852648, pcode error at 01852648: Unable to disassemble EXTERNAL block location: 01852648  
2026-07-22 23:05:38 WARN  (DecompileCallback) Decompiling 01852650, pcode error at 01852650: Unable to disassemble EXTERNAL block location: 01852650  
2026-07-22 23:05:38 WARN  (DecompileCallback) Decompiling 01852658, pcode error at 01852658: Unable to disassemble EXTERNAL block location: 01852658  
2026-07-22 23:05:38 WARN  (DecompileCallback) Decompiling 01852660, pcode error at 01852660: Unable to disassemble EXTERNAL block location: 01852660  
2026-07-22 23:05:38 WARN  (DecompileCallback) Decompiling 01852668, pcode error at 01852668: Unable to disassemble EXTERNAL block location: 01852668  
2026-07-22 23:05:38 WARN  (DecompileCallback) Decompiling 01852670, pcode error at 01852670: Unable to disassemble EXTERNAL block location: 01852670  
2026-07-22 23:05:38 WARN  (DecompileCallback) Decompiling 01852678, pcode error at 01852678: Unable to disassemble EXTERNAL block location: 01852678  
2026-07-22 23:05:38 WARN  (DecompileCallback) Decompiling 01852680, pcode error at 01852680: Unable to disassemble EXTERNAL block location: 01852680  
2026-07-22 23:05:38 WARN  (DecompileCallback) Decompiling 01852688, pcode error at 01852688: Unable to disassemble EXTERNAL block location: 01852688  
2026-07-22 23:05:38 WARN  (DecompileCallback) Decompiling 01852690, pcode error at 01852690: Unable to disassemble EXTERNAL block location: 01852690  
2026-07-22 23:05:38 WARN  (DecompileCallback) Decompiling 01852698, pcode error at 01852698: Unable to disassemble EXTERNAL block location: 01852698  
2026-07-22 23:05:38 WARN  (DecompileCallback) Decompiling 018526a0, pcode error at 018526a0: Unable to disassemble EXTERNAL block location: 018526a0  
2026-07-22 23:05:38 WARN  (DecompileCallback) Decompiling 018526a8, pcode error at 018526a8: Unable to disassemble EXTERNAL block location: 018526a8  
2026-07-22 23:05:38 WARN  (DecompileCallback) Decompiling 018526b0, pcode error at 018526b0: Unable to disassemble EXTERNAL block location: 018526b0  
2026-07-22 23:05:38 WARN  (DecompileCallback) Decompiling 018526b8, pcode error at 018526b8: Unable to disassemble EXTERNAL block location: 018526b8  
2026-07-22 23:05:38 WARN  (DecompileCallback) Decompiling 018526c0, pcode error at 018526c0: Unable to disassemble EXTERNAL block location: 018526c0  
2026-07-22 23:05:38 WARN  (DecompileCallback) Decompiling 018526c8, pcode error at 018526c8: Unable to disassemble EXTERNAL block location: 018526c8  
2026-07-22 23:05:38 WARN  (DecompileCallback) Decompiling 018526d0, pcode error at 018526d0: Unable to disassemble EXTERNAL block location: 018526d0  
2026-07-22 23:05:38 WARN  (DecompileCallback) Decompiling 018526d8, pcode error at 018526d8: Unable to disassemble EXTERNAL block location: 018526d8  
2026-07-22 23:05:38 WARN  (DecompileCallback) Decompiling 018526e0, pcode error at 018526e0: Unable to disassemble EXTERNAL block location: 018526e0  
2026-07-22 23:05:38 WARN  (DecompileCallback) Decompiling 018526e8, pcode error at 018526e8: Unable to disassemble EXTERNAL block location: 018526e8  
2026-07-22 23:05:38 WARN  (DecompileCallback) Decompiling 018526f0, pcode error at 018526f0: Unable to disassemble EXTERNAL block location: 018526f0  
2026-07-22 23:05:38 WARN  (DecompileCallback) Decompiling 018526f8, pcode error at 018526f8: Unable to disassemble EXTERNAL block location: 018526f8  
2026-07-22 23:05:38 WARN  (DecompileCallback) Decompiling 01852700, pcode error at 01852700: Unable to disassemble EXTERNAL block location: 01852700  
2026-07-22 23:05:38 WARN  (DecompileCallback) Decompiling 01852708, pcode error at 01852708: Unable to disassemble EXTERNAL block location: 01852708  
2026-07-22 23:05:38 WARN  (DecompileCallback) Decompiling 01852710, pcode error at 01852710: Unable to disassemble EXTERNAL block location: 01852710  
2026-07-22 23:05:38 WARN  (DecompileCallback) Decompiling 01852718, pcode error at 01852718: Unable to disassemble EXTERNAL block location: 01852718  
2026-07-22 23:05:38 WARN  (DecompileCallback) Decompiling 01852720, pcode error at 01852720: Unable to disassemble EXTERNAL block location: 01852720  
2026-07-22 23:05:38 WARN  (DecompileCallback) Decompiling 01852728, pcode error at 01852728: Unable to disassemble EXTERNAL block location: 01852728  
2026-07-22 23:05:38 WARN  (DecompileCallback) Decompiling 01852730, pcode error at 01852730: Unable to disassemble EXTERNAL block location: 01852730  
2026-07-22 23:05:38 WARN  (DecompileCallback) Decompiling 01852738, pcode error at 01852738: Unable to disassemble EXTERNAL block location: 01852738  
2026-07-22 23:05:38 WARN  (DecompileCallback) Decompiling 01852740, pcode error at 01852740: Unable to disassemble EXTERNAL block location: 01852740  
2026-07-22 23:05:38 WARN  (DecompileCallback) Decompiling 01852748, pcode error at 01852748: Unable to disassemble EXTERNAL block location: 01852748  
2026-07-22 23:05:38 WARN  (DecompileCallback) Decompiling 01852750, pcode error at 01852750: Unable to disassemble EXTERNAL block location: 01852750  
2026-07-22 23:05:38 WARN  (DecompileCallback) Decompiling 01852758, pcode error at 01852758: Unable to disassemble EXTERNAL block location: 01852758  
2026-07-22 23:05:38 WARN  (DecompileCallback) Decompiling 01852760, pcode error at 01852760: Unable to disassemble EXTERNAL block location: 01852760  
2026-07-22 23:05:38 WARN  (DecompileCallback) Decompiling 01852768, pcode error at 01852768: Unable to disassemble EXTERNAL block location: 01852768  
2026-07-22 23:05:38 WARN  (DecompileCallback) Decompiling 01852770, pcode error at 01852770: Unable to disassemble EXTERNAL block location: 01852770  
2026-07-22 23:05:38 WARN  (DecompileCallback) Decompiling 01852778, pcode error at 01852778: Unable to disassemble EXTERNAL block location: 01852778  
2026-07-22 23:05:38 WARN  (DecompileCallback) Decompiling 01852780, pcode error at 01852780: Unable to disassemble EXTERNAL block location: 01852780  
2026-07-22 23:05:38 WARN  (DecompileCallback) Decompiling 01852788, pcode error at 01852788: Unable to disassemble EXTERNAL block location: 01852788  
2026-07-22 23:05:38 WARN  (DecompileCallback) Decompiling 01852790, pcode error at 01852790: Unable to disassemble EXTERNAL block location: 01852790  
2026-07-22 23:05:38 WARN  (DecompileCallback) Decompiling 01852798, pcode error at 01852798: Unable to disassemble EXTERNAL block location: 01852798  
2026-07-22 23:05:38 WARN  (DecompileCallback) Decompiling 018527a0, pcode error at 018527a0: Unable to disassemble EXTERNAL block location: 018527a0  
2026-07-22 23:05:38 WARN  (DecompileCallback) Decompiling 018527a8, pcode error at 018527a8: Unable to disassemble EXTERNAL block location: 018527a8  
2026-07-22 23:05:38 WARN  (DecompileCallback) Decompiling 018527b0, pcode error at 018527b0: Unable to disassemble EXTERNAL block location: 018527b0  
2026-07-22 23:05:38 WARN  (DecompileCallback) Decompiling 018527b8, pcode error at 018527b8: Unable to disassemble EXTERNAL block location: 018527b8  
2026-07-22 23:05:38 WARN  (DecompileCallback) Decompiling 018527c0, pcode error at 018527c0: Unable to disassemble EXTERNAL block location: 018527c0  
2026-07-22 23:05:38 WARN  (DecompileCallback) Decompiling 018527c8, pcode error at 018527c8: Unable to disassemble EXTERNAL block location: 018527c8  
2026-07-22 23:05:38 WARN  (DecompileCallback) Decompiling 018527d0, pcode error at 018527d0: Unable to disassemble EXTERNAL block location: 018527d0  
2026-07-22 23:05:38 WARN  (DecompileCallback) Decompiling 018527d8, pcode error at 018527d8: Unable to disassemble EXTERNAL block location: 018527d8  
2026-07-22 23:05:38 WARN  (DecompileCallback) Decompiling 018527e0, pcode error at 018527e0: Unable to disassemble EXTERNAL block location: 018527e0  
2026-07-22 23:05:38 WARN  (DecompileCallback) Decompiling 018527e8, pcode error at 018527e8: Unable to disassemble EXTERNAL block location: 018527e8  
2026-07-22 23:05:38 WARN  (DecompileCallback) Decompiling 018527f0, pcode error at 018527f0: Unable to disassemble EXTERNAL block location: 018527f0  
2026-07-22 23:05:38 WARN  (DecompileCallback) Decompiling 018527f8, pcode error at 018527f8: Unable to disassemble EXTERNAL block location: 018527f8  
2026-07-22 23:05:38 WARN  (DecompileCallback) Decompiling 01852800, pcode error at 01852800: Unable to disassemble EXTERNAL block location: 01852800  
2026-07-22 23:05:38 WARN  (DecompileCallback) Decompiling 01852808, pcode error at 01852808: Unable to disassemble EXTERNAL block location: 01852808  
2026-07-22 23:05:38 WARN  (DecompileCallback) Decompiling 01852810, pcode error at 01852810: Unable to disassemble EXTERNAL block location: 01852810  
2026-07-22 23:05:38 WARN  (DecompileCallback) Decompiling 01852818, pcode error at 01852818: Unable to disassemble EXTERNAL block location: 01852818  
2026-07-22 23:05:38 WARN  (DecompileCallback) Decompiling 01852820, pcode error at 01852820: Unable to disassemble EXTERNAL block location: 01852820  
2026-07-22 23:05:38 WARN  (DecompileCallback) Decompiling 01852828, pcode error at 01852828: Unable to disassemble EXTERNAL block location: 01852828  
2026-07-22 23:05:38 WARN  (DecompileCallback) Decompiling 01852830, pcode error at 01852830: Unable to disassemble EXTERNAL block location: 01852830  
2026-07-22 23:05:38 INFO  (GhidraScript) GeneralStructureEyePatternScan.java> General structure scan complete.  
2026-07-22 23:05:38 INFO  (GhidraScript) GeneralStructureEyePatternScan.java> Total functions scanned: 124911  
2026-07-22 23:05:38 INFO  (GhidraScript) GeneralStructureEyePatternScan.java> Exported functions: 7  
2026-07-22 23:05:38 INFO  (GhidraScript) GeneralStructureEyePatternScan.java> Decompile failures: 53  
2026-07-22 23:05:38 INFO  (GhidraScript) GeneralStructureEyePatternScan.java> Report CSV: C:\realDesktop\manifest-evaluations\summer-26\ghidra-pipeline\il2cpp-files\TheRagmans\general-structure-results\structure_scan_report.csv  
2026-07-22 23:05:38 INFO  (GhidraScript) GeneralStructureEyePatternScan.java> Report JSON: C:\realDesktop\manifest-evaluations\summer-26\ghidra-pipeline\il2cpp-files\TheRagmans\general-structure-results\structure_scan_report.json  
2026-07-22 23:05:38 INFO  (HeadlessAnalyzer) REPORT: Save succeeded for processed file: /TheRagmans-libil2cpp.so  
