2026-07-21 06:41:30 INFO  (LoggingInitialization) Using log config file: jar:file:/C:/Users/kimgiordano27/Downloads/ghidra_12.1.2_PUBLIC_20260605/ghidra_12.1.2_PUBLIC/Ghidra/Framework/Generic/lib/Generic.jar!/generic.log4j.xml  
2026-07-21 06:41:30 INFO  (LoggingInitialization) Using log file: C:\realDesktop\manifest-evaluations\summer-26\ghidra-pipeline\il2cpp-files\spatialPiano\general-structure-ghidra.log  
2026-07-21 06:41:30 DEBUG (GhidraObjectInputFilter) Including serial input filter: FileSystem/data/client.rmi.serial.filter  
2026-07-21 06:41:30 INFO  (Preferences) Loading user preferences: C:\Users\kimgiordano27\AppData\Roaming\ghidra\ghidra_12.1.2_PUBLIC\preferences  
2026-07-21 06:41:30 INFO  (ClassSearcher) Searching for classes...  
2026-07-21 06:41:31 INFO  (ClassSearcher) Class search complete (650 ms)  
2026-07-21 06:41:31 INFO  (DefaultSSLContextInitializer) Initializing SSL Context  
2026-07-21 06:41:31 INFO  (SecureRandomFactory) Initializing Random Number Generator...  
2026-07-21 06:41:31 INFO  (SecureRandomFactory) Random Number Generator initialization complete: SHA1PRNG  
2026-07-21 06:41:31 INFO  (DefaultTrustManagerFactory) Trust manager disabled, cacerts have not been set  
2026-07-21 06:41:31 INFO  (AnalyzeHeadless) Headless startup complete (6022 ms)  
2026-07-21 06:41:31 INFO  (ClassSearcher) Class searcher loaded 59 extension points (20 false positives)  
2026-07-21 06:41:31 INFO  (HeadlessAnalyzer) HEADLESS Script Paths:
    C:\Users\kimgiordano27\Downloads\ghidra_12.1.2_PUBLIC_20260605\ghidra_12.1.2_PUBLIC\Ghidra\Features\DecompilerDependent\ghidra_scripts
    C:\Users\kimgiordano27\Downloads\ghidra_12.1.2_PUBLIC_20260605\ghidra_12.1.2_PUBLIC\Ghidra\Processors\Atmel\ghidra_scripts
    C:\Users\kimgiordano27\Downloads\ghidra_12.1.2_PUBLIC_20260605\ghidra_12.1.2_PUBLIC\Ghidra\Processors\PIC\ghidra_scripts
    C:\Users\kimgiordano27\Downloads\ghidra_12.1.2_PUBLIC_20260605\ghidra_12.1.2_PUBLIC\Ghidra\Features\VersionTracking\ghidra_scripts
    C:\Users\kimgiordano27\Downloads\ghidra_12.1.2_PUBLIC_20260605\ghidra_12.1.2_PUBLIC\Ghidra\Features\BytePatterns\ghidra_scripts
    C:\Users\kimgiordano27\ghidra_scripts
    C:\Users\kimgiordano27\Downloads\ghidra_12.1.2_PUBLIC_20260605\ghidra_12.1.2_PUBLIC\Ghidra\Features\BSim\ghidra_scripts
    C:\realDesktop\manifest-evaluations\summer-26\ghidra-pipeline\ghidra-export-scripts
    C:\Users\kimgiordano27\Downloads\ghidra_12.1.2_PUBLIC_20260605\ghidra_12.1.2_PUBLIC\Ghidra\Processors\JVM\ghidra_scripts
    C:\Users\kimgiordano27\Downloads\ghidra_12.1.2_PUBLIC_20260605\ghidra_12.1.2_PUBLIC\Ghidra\Features\Base\ghidra_scripts
    C:\Users\kimgiordano27\Downloads\ghidra_12.1.2_PUBLIC_20260605\ghidra_12.1.2_PUBLIC\Ghidra\Features\SwiftDemangler\ghidra_scripts
    C:\Users\kimgiordano27\Downloads\ghidra_12.1.2_PUBLIC_20260605\ghidra_12.1.2_PUBLIC\Ghidra\Features\WildcardAssembler\ghidra_scripts
    C:\Users\kimgiordano27\Downloads\ghidra_12.1.2_PUBLIC_20260605\ghidra_12.1.2_PUBLIC\Ghidra\Features\FileFormats\ghidra_scripts
    C:\Users\kimgiordano27\Downloads\ghidra_12.1.2_PUBLIC_20260605\ghidra_12.1.2_PUBLIC\Ghidra\Features\Decompiler\ghidra_scripts
    C:\Users\kimgiordano27\Downloads\ghidra_12.1.2_PUBLIC_20260605\ghidra_12.1.2_PUBLIC\Ghidra\Features\SystemEmulation\ghidra_scripts
    C:\Users\kimgiordano27\Downloads\ghidra_12.1.2_PUBLIC_20260605\ghidra_12.1.2_PUBLIC\Ghidra\Processors\8051\ghidra_scripts
    C:\Users\kimgiordano27\Downloads\ghidra_12.1.2_PUBLIC_20260605\ghidra_12.1.2_PUBLIC\Ghidra\Features\GnuDemangler\ghidra_scripts
    C:\Users\kimgiordano27\Downloads\ghidra_12.1.2_PUBLIC_20260605\ghidra_12.1.2_PUBLIC\Ghidra\Debug\Debugger\ghidra_scripts
    C:\Users\kimgiordano27\Downloads\ghidra_12.1.2_PUBLIC_20260605\ghidra_12.1.2_PUBLIC\Ghidra\Processors\DATA\ghidra_scripts
    C:\Users\kimgiordano27\Downloads\ghidra_12.1.2_PUBLIC_20260605\ghidra_12.1.2_PUBLIC\Ghidra\Debug\Debugger-rmi-trace\ghidra_scripts
    C:\Users\kimgiordano27\Downloads\ghidra_12.1.2_PUBLIC_20260605\ghidra_12.1.2_PUBLIC\Ghidra\Features\FunctionID\ghidra_scripts
    C:\Users\kimgiordano27\Downloads\ghidra_12.1.2_PUBLIC_20260605\ghidra_12.1.2_PUBLIC\Ghidra\Features\MicrosoftCodeAnalyzer\ghidra_scripts
    C:\Users\kimgiordano27\Downloads\ghidra_12.1.2_PUBLIC_20260605\ghidra_12.1.2_PUBLIC\Ghidra\Features\PDB\ghidra_scripts
    C:\Users\kimgiordano27\AppData\Roaming\ghidra\ghidra_12.1.2_PUBLIC\Extensions\Jython\ghidra_scripts
    C:\Users\kimgiordano27\Downloads\ghidra_12.1.2_PUBLIC_20260605\ghidra_12.1.2_PUBLIC\Ghidra\Features\PyGhidra\ghidra_scripts  
2026-07-21 06:41:31 INFO  (HeadlessAnalyzer) HEADLESS: execution starts  
2026-07-21 06:41:31 INFO  (HeadlessAnalyzer) Opening existing project: C:\realDesktop\manifest-evaluations\summer-26\ghidra-pipeline\il2cpp-files\spatialPiano\ghidra-project-spatialPiano\spatialPiano  
2026-07-21 06:41:31 INFO  (HeadlessProject) Opening project: C:\realDesktop\manifest-evaluations\summer-26\ghidra-pipeline\il2cpp-files\spatialPiano\ghidra-project-spatialPiano\spatialPiano  
2026-07-21 06:41:31 INFO  (LocalFileSystem) /spatialPiano-libil2cpp.so: checkout (2) granted (kimgiordano27)  
2026-07-21 06:41:36 INFO  (HeadlessAnalyzer) REPORT: Processing project file: /spatialPiano-libil2cpp.so  
2026-07-21 06:41:37 INFO  (HeadlessAnalyzer) REPORT: Execute script: GeneralStructureEyePatternScan.java 'C:\realDesktop\manifest-evaluations\summer-26\ghidra-pipeline\il2cpp-files\spatialPiano\general-structure-results' '70' 'false'   
2026-07-21 06:41:37 INFO  (HeadlessAnalyzer) SCRIPT: C:\realDesktop\manifest-evaluations\summer-26\ghidra-pipeline\ghidra-export-scripts\GeneralStructureEyePatternScan.java  
2026-07-21 06:41:37 INFO  (GhidraScript) GeneralStructureEyePatternScan.java> General structure scan starting...  
2026-07-21 06:41:37 INFO  (GhidraScript) GeneralStructureEyePatternScan.java> Output: C:\realDesktop\manifest-evaluations\summer-26\ghidra-pipeline\il2cpp-files\spatialPiano\general-structure-results  
2026-07-21 06:41:37 INFO  (GhidraScript) GeneralStructureEyePatternScan.java> Minimum review score: 70  
2026-07-21 06:41:37 INFO  (GhidraScript) GeneralStructureEyePatternScan.java> Export all: false  
2026-07-21 06:41:48 INFO  (GhidraScript) GeneralStructureEyePatternScan.java> Scanned 10000 functions. Exported so far: 0  
2026-07-21 06:41:57 INFO  (GhidraScript) GeneralStructureEyePatternScan.java> Scanned 20000 functions. Exported so far: 0  
2026-07-21 06:42:15 INFO  (GhidraScript) GeneralStructureEyePatternScan.java> Scanned 30000 functions. Exported so far: 0  
2026-07-21 06:42:32 INFO  (GhidraScript) GeneralStructureEyePatternScan.java> Scanned 40000 functions. Exported so far: 0  
2026-07-21 06:42:49 INFO  (GhidraScript) GeneralStructureEyePatternScan.java> Scanned 50000 functions. Exported so far: 0  
2026-07-21 06:43:05 INFO  (GhidraScript) GeneralStructureEyePatternScan.java> Scanned 60000 functions. Exported so far: 0  
2026-07-21 06:43:38 INFO  (GhidraScript) GeneralStructureEyePatternScan.java> Scanned 70000 functions. Exported so far: 0  
2026-07-21 06:43:58 INFO  (GhidraScript) GeneralStructureEyePatternScan.java> Scanned 80000 functions. Exported so far: 0  
2026-07-21 06:44:15 INFO  (GhidraScript) GeneralStructureEyePatternScan.java> Scanned 90000 functions. Exported so far: 0  
2026-07-21 06:44:32 INFO  (GhidraScript) GeneralStructureEyePatternScan.java> Scanned 100000 functions. Exported so far: 0  
2026-07-21 06:44:52 INFO  (GhidraScript) GeneralStructureEyePatternScan.java> Scanned 110000 functions. Exported so far: 0  
2026-07-21 06:45:14 INFO  (GhidraScript) GeneralStructureEyePatternScan.java> Scanned 120000 functions. Exported so far: 0  
2026-07-21 06:45:35 INFO  (GhidraScript) GeneralStructureEyePatternScan.java> Scanned 130000 functions. Exported so far: 0  
2026-07-21 06:45:53 INFO  (GhidraScript) GeneralStructureEyePatternScan.java> Scanned 140000 functions. Exported so far: 3  
2026-07-21 06:46:09 INFO  (GhidraScript) GeneralStructureEyePatternScan.java> Scanned 150000 functions. Exported so far: 3  
2026-07-21 06:48:47 INFO  (GhidraScript) GeneralStructureEyePatternScan.java> Scanned 170000 functions. Exported so far: 43  
2026-07-21 06:49:47 INFO  (GhidraScript) GeneralStructureEyePatternScan.java> Scanned 180000 functions. Exported so far: 58  
2026-07-21 06:51:03 INFO  (GhidraScript) GeneralStructureEyePatternScan.java> Scanned 190000 functions. Exported so far: 58  
2026-07-21 06:52:58 INFO  (GhidraScript) GeneralStructureEyePatternScan.java> Scanned 200000 functions. Exported so far: 78  
2026-07-21 06:54:42 INFO  (GhidraScript) GeneralStructureEyePatternScan.java> Scanned 210000 functions. Exported so far: 124  
2026-07-21 06:55:40 INFO  (GhidraScript) GeneralStructureEyePatternScan.java> Scanned 220000 functions. Exported so far: 128  
2026-07-21 06:57:06 INFO  (GhidraScript) GeneralStructureEyePatternScan.java> Scanned 230000 functions. Exported so far: 128  
2026-07-21 06:58:34 INFO  (GhidraScript) GeneralStructureEyePatternScan.java> Scanned 240000 functions. Exported so far: 190  
2026-07-21 06:59:11 INFO  (GhidraScript) GeneralStructureEyePatternScan.java> Scanned 250000 functions. Exported so far: 190  
2026-07-21 06:59:57 INFO  (GhidraScript) GeneralStructureEyePatternScan.java> Scanned 260000 functions. Exported so far: 190  
2026-07-21 07:00:49 INFO  (GhidraScript) GeneralStructureEyePatternScan.java> Scanned 270000 functions. Exported so far: 190  
2026-07-21 07:02:58 INFO  (GhidraScript) GeneralStructureEyePatternScan.java> Scanned 290000 functions. Exported so far: 191  
2026-07-21 07:04:07 INFO  (GhidraScript) GeneralStructureEyePatternScan.java> Scanned 300000 functions. Exported so far: 195  
2026-07-21 07:05:13 INFO  (GhidraScript) GeneralStructureEyePatternScan.java> Scanned 310000 functions. Exported so far: 383  
2026-07-21 07:05:50 INFO  (GhidraScript) GeneralStructureEyePatternScan.java> Scanned 320000 functions. Exported so far: 383  
2026-07-21 07:07:13 INFO  (GhidraScript) GeneralStructureEyePatternScan.java> Scanned 330000 functions. Exported so far: 400  
2026-07-21 07:08:13 INFO  (GhidraScript) GeneralStructureEyePatternScan.java> Scanned 340000 functions. Exported so far: 450  
2026-07-21 07:09:26 INFO  (GhidraScript) GeneralStructureEyePatternScan.java> Scanned 350000 functions. Exported so far: 450  
2026-07-21 07:10:24 INFO  (GhidraScript) GeneralStructureEyePatternScan.java> Scanned 360000 functions. Exported so far: 450  
2026-07-21 07:11:24 INFO  (GhidraScript) GeneralStructureEyePatternScan.java> Scanned 370000 functions. Exported so far: 465  
2026-07-21 07:12:15 INFO  (GhidraScript) GeneralStructureEyePatternScan.java> Scanned 380000 functions. Exported so far: 470  
2026-07-21 07:14:03 INFO  (GhidraScript) GeneralStructureEyePatternScan.java> Scanned 390000 functions. Exported so far: 472  
2026-07-21 07:15:37 INFO  (GhidraScript) GeneralStructureEyePatternScan.java> Scanned 400000 functions. Exported so far: 481  
2026-07-21 07:17:45 INFO  (GhidraScript) GeneralStructureEyePatternScan.java> Scanned 410000 functions. Exported so far: 496  
2026-07-21 07:18:46 INFO  (GhidraScript) GeneralStructureEyePatternScan.java> Scanned 420000 functions. Exported so far: 510  
2026-07-21 07:22:05 INFO  (GhidraScript) GeneralStructureEyePatternScan.java> Scanned 430000 functions. Exported so far: 512  
2026-07-21 07:23:22 INFO  (GhidraScript) GeneralStructureEyePatternScan.java> Scanned 440000 functions. Exported so far: 512  
2026-07-21 07:24:54 INFO  (GhidraScript) GeneralStructureEyePatternScan.java> Scanned 450000 functions. Exported so far: 512  
2026-07-21 07:26:26 INFO  (GhidraScript) GeneralStructureEyePatternScan.java> Scanned 460000 functions. Exported so far: 518  
2026-07-21 07:28:02 INFO  (GhidraScript) GeneralStructureEyePatternScan.java> Scanned 470000 functions. Exported so far: 589  
2026-07-21 07:28:30 INFO  (GhidraScript) GeneralStructureEyePatternScan.java> Scanned 480000 functions. Exported so far: 613  
2026-07-21 07:29:05 INFO  (GhidraScript) GeneralStructureEyePatternScan.java> Scanned 490000 functions. Exported so far: 613  
2026-07-21 07:29:54 INFO  (GhidraScript) GeneralStructureEyePatternScan.java> Scanned 500000 functions. Exported so far: 613  
2026-07-21 07:31:57 INFO  (GhidraScript) GeneralStructureEyePatternScan.java> Scanned 510000 functions. Exported so far: 613  
2026-07-21 07:33:19 INFO  (GhidraScript) GeneralStructureEyePatternScan.java> Scanned 520000 functions. Exported so far: 910  
2026-07-21 07:37:25 INFO  (GhidraScript) GeneralStructureEyePatternScan.java> Scanned 530000 functions. Exported so far: 910  
2026-07-21 07:39:30 INFO  (GhidraScript) GeneralStructureEyePatternScan.java> Scanned 540000 functions. Exported so far: 910  
2026-07-21 07:58:37 INFO  (GhidraScript) GeneralStructureEyePatternScan.java> Scanned 550000 functions. Exported so far: 1196  
2026-07-21 08:00:41 INFO  (GhidraScript) GeneralStructureEyePatternScan.java> Scanned 560000 functions. Exported so far: 1271  
2026-07-21 08:03:07 INFO  (GhidraScript) GeneralStructureEyePatternScan.java> Scanned 570000 functions. Exported so far: 1374  
2026-07-21 08:04:49 INFO  (GhidraScript) GeneralStructureEyePatternScan.java> Scanned 580000 functions. Exported so far: 1941  
2026-07-21 08:08:56 INFO  (GhidraScript) GeneralStructureEyePatternScan.java> Scanned 590000 functions. Exported so far: 1977  
2026-07-21 08:12:56 INFO  (GhidraScript) GeneralStructureEyePatternScan.java> Scanned 600000 functions. Exported so far: 2184  
2026-07-21 08:14:37 INFO  (GhidraScript) GeneralStructureEyePatternScan.java> Scanned 610000 functions. Exported so far: 2199  
2026-07-21 08:20:24 INFO  (GhidraScript) GeneralStructureEyePatternScan.java> Scanned 620000 functions. Exported so far: 2268  
2026-07-21 08:31:50 INFO  (GhidraScript) GeneralStructureEyePatternScan.java> Scanned 630000 functions. Exported so far: 2400  
2026-07-21 08:34:46 INFO  (GhidraScript) GeneralStructureEyePatternScan.java> Scanned 640000 functions. Exported so far: 2487  
2026-07-21 08:36:02 INFO  (GhidraScript) GeneralStructureEyePatternScan.java> Scanned 650000 functions. Exported so far: 2598  
2026-07-21 08:43:13 INFO  (GhidraScript) GeneralStructureEyePatternScan.java> Scanned 660000 functions. Exported so far: 2943  
2026-07-21 08:44:54 INFO  (GhidraScript) GeneralStructureEyePatternScan.java> Scanned 670000 functions. Exported so far: 2997  
2026-07-21 08:46:07 INFO  (GhidraScript) GeneralStructureEyePatternScan.java> Scanned 680000 functions. Exported so far: 2999  
2026-07-21 08:49:54 INFO  (GhidraScript) GeneralStructureEyePatternScan.java> Scanned 690000 functions. Exported so far: 3119  
2026-07-21 09:32:17 INFO  (GhidraScript) GeneralStructureEyePatternScan.java> Scanned 700000 functions. Exported so far: 3369  
2026-07-21 09:33:45 INFO  (GhidraScript) GeneralStructureEyePatternScan.java> Scanned 710000 functions. Exported so far: 3388  
2026-07-21 09:35:22 INFO  (GhidraScript) GeneralStructureEyePatternScan.java> Scanned 720000 functions. Exported so far: 3404  
2026-07-21 09:43:46 INFO  (GhidraScript) GeneralStructureEyePatternScan.java> Scanned 730000 functions. Exported so far: 3587  
2026-07-21 09:44:38 INFO  (GhidraScript) GeneralStructureEyePatternScan.java> Scanned 740000 functions. Exported so far: 3591  
2026-07-21 09:49:31 INFO  (GhidraScript) GeneralStructureEyePatternScan.java> Scanned 750000 functions. Exported so far: 3595  
2026-07-21 09:55:07 INFO  (GhidraScript) GeneralStructureEyePatternScan.java> Scanned 760000 functions. Exported so far: 3600  
2026-07-21 09:55:48 WARN  (DecompileCallback) Decompiling 06de5000, pcode error at 06de5000: Unable to disassemble EXTERNAL block location: 06de5000  
2026-07-21 09:55:48 WARN  (DecompileCallback) Decompiling 06de5008, pcode error at 06de5008: Unable to disassemble EXTERNAL block location: 06de5008  
2026-07-21 09:55:48 WARN  (DecompileCallback) Decompiling 06de5010, pcode error at 06de5010: Unable to disassemble EXTERNAL block location: 06de5010  
2026-07-21 09:55:48 WARN  (DecompileCallback) Decompiling 06de5018, pcode error at 06de5018: Unable to disassemble EXTERNAL block location: 06de5018  
2026-07-21 09:55:48 WARN  (DecompileCallback) Decompiling 06de5020, pcode error at 06de5020: Unable to disassemble EXTERNAL block location: 06de5020  
2026-07-21 09:55:48 WARN  (DecompileCallback) Decompiling 06de5028, pcode error at 06de5028: Unable to disassemble EXTERNAL block location: 06de5028  
2026-07-21 09:55:48 WARN  (DecompileCallback) Decompiling 06de5030, pcode error at 06de5030: Unable to disassemble EXTERNAL block location: 06de5030  
2026-07-21 09:55:48 WARN  (DecompileCallback) Decompiling 06de5038, pcode error at 06de5038: Unable to disassemble EXTERNAL block location: 06de5038  
2026-07-21 09:55:48 WARN  (DecompileCallback) Decompiling 06de5040, pcode error at 06de5040: Unable to disassemble EXTERNAL block location: 06de5040  
2026-07-21 09:55:48 WARN  (DecompileCallback) Decompiling 06de5048, pcode error at 06de5048: Unable to disassemble EXTERNAL block location: 06de5048  
2026-07-21 09:55:48 WARN  (DecompileCallback) Decompiling 06de5050, pcode error at 06de5050: Unable to disassemble EXTERNAL block location: 06de5050  
2026-07-21 09:55:48 WARN  (DecompileCallback) Decompiling 06de5058, pcode error at 06de5058: Unable to disassemble EXTERNAL block location: 06de5058  
2026-07-21 09:55:48 WARN  (DecompileCallback) Decompiling 06de5060, pcode error at 06de5060: Unable to disassemble EXTERNAL block location: 06de5060  
2026-07-21 09:55:48 WARN  (DecompileCallback) Decompiling 06de5068, pcode error at 06de5068: Unable to disassemble EXTERNAL block location: 06de5068  
2026-07-21 09:55:48 WARN  (DecompileCallback) Decompiling 06de5070, pcode error at 06de5070: Unable to disassemble EXTERNAL block location: 06de5070  
2026-07-21 09:55:48 WARN  (DecompileCallback) Decompiling 06de5078, pcode error at 06de5078: Unable to disassemble EXTERNAL block location: 06de5078  
2026-07-21 09:55:48 WARN  (DecompileCallback) Decompiling 06de5080, pcode error at 06de5080: Unable to disassemble EXTERNAL block location: 06de5080  
2026-07-21 09:55:48 WARN  (DecompileCallback) Decompiling 06de5088, pcode error at 06de5088: Unable to disassemble EXTERNAL block location: 06de5088  
2026-07-21 09:55:48 WARN  (DecompileCallback) Decompiling 06de5090, pcode error at 06de5090: Unable to disassemble EXTERNAL block location: 06de5090  
2026-07-21 09:55:48 WARN  (DecompileCallback) Decompiling 06de5098, pcode error at 06de5098: Unable to disassemble EXTERNAL block location: 06de5098  
2026-07-21 09:55:48 WARN  (DecompileCallback) Decompiling 06de50a0, pcode error at 06de50a0: Unable to disassemble EXTERNAL block location: 06de50a0  
2026-07-21 09:55:48 WARN  (DecompileCallback) Decompiling 06de50a8, pcode error at 06de50a8: Unable to disassemble EXTERNAL block location: 06de50a8  
2026-07-21 09:55:48 WARN  (DecompileCallback) Decompiling 06de50b0, pcode error at 06de50b0: Unable to disassemble EXTERNAL block location: 06de50b0  
2026-07-21 09:55:48 WARN  (DecompileCallback) Decompiling 06de50b8, pcode error at 06de50b8: Unable to disassemble EXTERNAL block location: 06de50b8  
2026-07-21 09:55:48 WARN  (DecompileCallback) Decompiling 06de50c0, pcode error at 06de50c0: Unable to disassemble EXTERNAL block location: 06de50c0  
2026-07-21 09:55:48 WARN  (DecompileCallback) Decompiling 06de50c8, pcode error at 06de50c8: Unable to disassemble EXTERNAL block location: 06de50c8  
2026-07-21 09:55:48 WARN  (DecompileCallback) Decompiling 06de50d0, pcode error at 06de50d0: Unable to disassemble EXTERNAL block location: 06de50d0  
2026-07-21 09:55:48 WARN  (DecompileCallback) Decompiling 06de50d8, pcode error at 06de50d8: Unable to disassemble EXTERNAL block location: 06de50d8  
2026-07-21 09:55:48 WARN  (DecompileCallback) Decompiling 06de50e0, pcode error at 06de50e0: Unable to disassemble EXTERNAL block location: 06de50e0  
2026-07-21 09:55:48 WARN  (DecompileCallback) Decompiling 06de50e8, pcode error at 06de50e8: Unable to disassemble EXTERNAL block location: 06de50e8  
2026-07-21 09:55:48 WARN  (DecompileCallback) Decompiling 06de50f0, pcode error at 06de50f0: Unable to disassemble EXTERNAL block location: 06de50f0  
2026-07-21 09:55:48 WARN  (DecompileCallback) Decompiling 06de50f8, pcode error at 06de50f8: Unable to disassemble EXTERNAL block location: 06de50f8  
2026-07-21 09:55:48 WARN  (DecompileCallback) Decompiling 06de5100, pcode error at 06de5100: Unable to disassemble EXTERNAL block location: 06de5100  
2026-07-21 09:55:48 WARN  (DecompileCallback) Decompiling 06de5108, pcode error at 06de5108: Unable to disassemble EXTERNAL block location: 06de5108  
2026-07-21 09:55:48 WARN  (DecompileCallback) Decompiling 06de5110, pcode error at 06de5110: Unable to disassemble EXTERNAL block location: 06de5110  
2026-07-21 09:55:48 WARN  (DecompileCallback) Decompiling 06de5118, pcode error at 06de5118: Unable to disassemble EXTERNAL block location: 06de5118  
2026-07-21 09:55:48 WARN  (DecompileCallback) Decompiling 06de5120, pcode error at 06de5120: Unable to disassemble EXTERNAL block location: 06de5120  
2026-07-21 09:55:48 WARN  (DecompileCallback) Decompiling 06de5128, pcode error at 06de5128: Unable to disassemble EXTERNAL block location: 06de5128  
2026-07-21 09:55:48 WARN  (DecompileCallback) Decompiling 06de5130, pcode error at 06de5130: Unable to disassemble EXTERNAL block location: 06de5130  
2026-07-21 09:55:48 WARN  (DecompileCallback) Decompiling 06de5138, pcode error at 06de5138: Unable to disassemble EXTERNAL block location: 06de5138  
2026-07-21 09:55:48 WARN  (DecompileCallback) Decompiling 06de5140, pcode error at 06de5140: Unable to disassemble EXTERNAL block location: 06de5140  
2026-07-21 09:55:48 WARN  (DecompileCallback) Decompiling 06de5148, pcode error at 06de5148: Unable to disassemble EXTERNAL block location: 06de5148  
2026-07-21 09:55:48 WARN  (DecompileCallback) Decompiling 06de5158, pcode error at 06de5158: Unable to disassemble EXTERNAL block location: 06de5158  
2026-07-21 09:55:48 WARN  (DecompileCallback) Decompiling 06de5160, pcode error at 06de5160: Unable to disassemble EXTERNAL block location: 06de5160  
2026-07-21 09:55:48 WARN  (DecompileCallback) Decompiling 06de5168, pcode error at 06de5168: Unable to disassemble EXTERNAL block location: 06de5168  
2026-07-21 09:55:48 WARN  (DecompileCallback) Decompiling 06de5170, pcode error at 06de5170: Unable to disassemble EXTERNAL block location: 06de5170  
2026-07-21 09:55:48 WARN  (DecompileCallback) Decompiling 06de5178, pcode error at 06de5178: Unable to disassemble EXTERNAL block location: 06de5178  
2026-07-21 09:55:48 WARN  (DecompileCallback) Decompiling 06de5180, pcode error at 06de5180: Unable to disassemble EXTERNAL block location: 06de5180  
2026-07-21 09:55:48 WARN  (DecompileCallback) Decompiling 06de5188, pcode error at 06de5188: Unable to disassemble EXTERNAL block location: 06de5188  
2026-07-21 09:55:48 WARN  (DecompileCallback) Decompiling 06de5190, pcode error at 06de5190: Unable to disassemble EXTERNAL block location: 06de5190  
2026-07-21 09:55:48 WARN  (DecompileCallback) Decompiling 06de5198, pcode error at 06de5198: Unable to disassemble EXTERNAL block location: 06de5198  
2026-07-21 09:55:48 WARN  (DecompileCallback) Decompiling 06de51a0, pcode error at 06de51a0: Unable to disassemble EXTERNAL block location: 06de51a0  
2026-07-21 09:55:48 WARN  (DecompileCallback) Decompiling 06de51a8, pcode error at 06de51a8: Unable to disassemble EXTERNAL block location: 06de51a8  
2026-07-21 09:55:48 WARN  (DecompileCallback) Decompiling 06de51b0, pcode error at 06de51b0: Unable to disassemble EXTERNAL block location: 06de51b0  
2026-07-21 09:55:48 WARN  (DecompileCallback) Decompiling 06de51b8, pcode error at 06de51b8: Unable to disassemble EXTERNAL block location: 06de51b8  
2026-07-21 09:55:48 WARN  (DecompileCallback) Decompiling 06de51c0, pcode error at 06de51c0: Unable to disassemble EXTERNAL block location: 06de51c0  
2026-07-21 09:55:48 WARN  (DecompileCallback) Decompiling 06de51c8, pcode error at 06de51c8: Unable to disassemble EXTERNAL block location: 06de51c8  
2026-07-21 09:55:48 WARN  (DecompileCallback) Decompiling 06de51d0, pcode error at 06de51d0: Unable to disassemble EXTERNAL block location: 06de51d0  
2026-07-21 09:55:48 WARN  (DecompileCallback) Decompiling 06de51d8, pcode error at 06de51d8: Unable to disassemble EXTERNAL block location: 06de51d8  
2026-07-21 09:55:48 WARN  (DecompileCallback) Decompiling 06de51e0, pcode error at 06de51e0: Unable to disassemble EXTERNAL block location: 06de51e0  
2026-07-21 09:55:48 WARN  (DecompileCallback) Decompiling 06de51e8, pcode error at 06de51e8: Unable to disassemble EXTERNAL block location: 06de51e8  
2026-07-21 09:55:48 WARN  (DecompileCallback) Decompiling 06de51f0, pcode error at 06de51f0: Unable to disassemble EXTERNAL block location: 06de51f0  
2026-07-21 09:55:48 WARN  (DecompileCallback) Decompiling 06de51f8, pcode error at 06de51f8: Unable to disassemble EXTERNAL block location: 06de51f8  
2026-07-21 09:55:48 WARN  (DecompileCallback) Decompiling 06de5200, pcode error at 06de5200: Unable to disassemble EXTERNAL block location: 06de5200  
2026-07-21 09:55:48 WARN  (DecompileCallback) Decompiling 06de5208, pcode error at 06de5208: Unable to disassemble EXTERNAL block location: 06de5208  
2026-07-21 09:55:48 WARN  (DecompileCallback) Decompiling 06de5210, pcode error at 06de5210: Unable to disassemble EXTERNAL block location: 06de5210  
2026-07-21 09:55:48 WARN  (DecompileCallback) Decompiling 06de5218, pcode error at 06de5218: Unable to disassemble EXTERNAL block location: 06de5218  
2026-07-21 09:55:48 WARN  (DecompileCallback) Decompiling 06de5220, pcode error at 06de5220: Unable to disassemble EXTERNAL block location: 06de5220  
2026-07-21 09:55:48 WARN  (DecompileCallback) Decompiling 06de5228, pcode error at 06de5228: Unable to disassemble EXTERNAL block location: 06de5228  
2026-07-21 09:55:48 WARN  (DecompileCallback) Decompiling 06de5230, pcode error at 06de5230: Unable to disassemble EXTERNAL block location: 06de5230  
2026-07-21 09:55:48 WARN  (DecompileCallback) Decompiling 06de5238, pcode error at 06de5238: Unable to disassemble EXTERNAL block location: 06de5238  
2026-07-21 09:55:48 WARN  (DecompileCallback) Decompiling 06de5240, pcode error at 06de5240: Unable to disassemble EXTERNAL block location: 06de5240  
2026-07-21 09:55:48 WARN  (DecompileCallback) Decompiling 06de5248, pcode error at 06de5248: Unable to disassemble EXTERNAL block location: 06de5248  
2026-07-21 09:55:48 WARN  (DecompileCallback) Decompiling 06de5250, pcode error at 06de5250: Unable to disassemble EXTERNAL block location: 06de5250  
2026-07-21 09:55:48 WARN  (DecompileCallback) Decompiling 06de5258, pcode error at 06de5258: Unable to disassemble EXTERNAL block location: 06de5258  
2026-07-21 09:55:48 WARN  (DecompileCallback) Decompiling 06de5260, pcode error at 06de5260: Unable to disassemble EXTERNAL block location: 06de5260  
2026-07-21 09:55:48 WARN  (DecompileCallback) Decompiling 06de5268, pcode error at 06de5268: Unable to disassemble EXTERNAL block location: 06de5268  
2026-07-21 09:55:48 WARN  (DecompileCallback) Decompiling 06de5270, pcode error at 06de5270: Unable to disassemble EXTERNAL block location: 06de5270  
2026-07-21 09:55:48 WARN  (DecompileCallback) Decompiling 06de5278, pcode error at 06de5278: Unable to disassemble EXTERNAL block location: 06de5278  
2026-07-21 09:55:48 WARN  (DecompileCallback) Decompiling 06de5280, pcode error at 06de5280: Unable to disassemble EXTERNAL block location: 06de5280  
2026-07-21 09:55:48 WARN  (DecompileCallback) Decompiling 06de5288, pcode error at 06de5288: Unable to disassemble EXTERNAL block location: 06de5288  
2026-07-21 09:55:48 WARN  (DecompileCallback) Decompiling 06de5290, pcode error at 06de5290: Unable to disassemble EXTERNAL block location: 06de5290  
2026-07-21 09:55:48 WARN  (DecompileCallback) Decompiling 06de5298, pcode error at 06de5298: Unable to disassemble EXTERNAL block location: 06de5298  
2026-07-21 09:55:48 WARN  (DecompileCallback) Decompiling 06de52a0, pcode error at 06de52a0: Unable to disassemble EXTERNAL block location: 06de52a0  
2026-07-21 09:55:48 WARN  (DecompileCallback) Decompiling 06de52a8, pcode error at 06de52a8: Unable to disassemble EXTERNAL block location: 06de52a8  
2026-07-21 09:55:48 WARN  (DecompileCallback) Decompiling 06de52b0, pcode error at 06de52b0: Unable to disassemble EXTERNAL block location: 06de52b0  
2026-07-21 09:55:48 WARN  (DecompileCallback) Decompiling 06de52b8, pcode error at 06de52b8: Unable to disassemble EXTERNAL block location: 06de52b8  
2026-07-21 09:55:48 WARN  (DecompileCallback) Decompiling 06de52c0, pcode error at 06de52c0: Unable to disassemble EXTERNAL block location: 06de52c0  
2026-07-21 09:55:48 WARN  (DecompileCallback) Decompiling 06de52c8, pcode error at 06de52c8: Unable to disassemble EXTERNAL block location: 06de52c8  
2026-07-21 09:55:48 WARN  (DecompileCallback) Decompiling 06de52d0, pcode error at 06de52d0: Unable to disassemble EXTERNAL block location: 06de52d0  
2026-07-21 09:55:48 WARN  (DecompileCallback) Decompiling 06de52d8, pcode error at 06de52d8: Unable to disassemble EXTERNAL block location: 06de52d8  
2026-07-21 09:55:48 WARN  (DecompileCallback) Decompiling 06de52e0, pcode error at 06de52e0: Unable to disassemble EXTERNAL block location: 06de52e0  
2026-07-21 09:55:48 WARN  (DecompileCallback) Decompiling 06de52e8, pcode error at 06de52e8: Unable to disassemble EXTERNAL block location: 06de52e8  
2026-07-21 09:55:48 WARN  (DecompileCallback) Decompiling 06de52f0, pcode error at 06de52f0: Unable to disassemble EXTERNAL block location: 06de52f0  
2026-07-21 09:55:48 WARN  (DecompileCallback) Decompiling 06de52f8, pcode error at 06de52f8: Unable to disassemble EXTERNAL block location: 06de52f8  
2026-07-21 09:55:48 WARN  (DecompileCallback) Decompiling 06de5300, pcode error at 06de5300: Unable to disassemble EXTERNAL block location: 06de5300  
2026-07-21 09:55:48 WARN  (DecompileCallback) Decompiling 06de5308, pcode error at 06de5308: Unable to disassemble EXTERNAL block location: 06de5308  
2026-07-21 09:55:48 WARN  (DecompileCallback) Decompiling 06de5310, pcode error at 06de5310: Unable to disassemble EXTERNAL block location: 06de5310  
2026-07-21 09:55:48 WARN  (DecompileCallback) Decompiling 06de5318, pcode error at 06de5318: Unable to disassemble EXTERNAL block location: 06de5318  
2026-07-21 09:55:48 WARN  (DecompileCallback) Decompiling 06de5320, pcode error at 06de5320: Unable to disassemble EXTERNAL block location: 06de5320  
2026-07-21 09:55:48 WARN  (DecompileCallback) Decompiling 06de5328, pcode error at 06de5328: Unable to disassemble EXTERNAL block location: 06de5328  
2026-07-21 09:55:48 WARN  (DecompileCallback) Decompiling 06de5330, pcode error at 06de5330: Unable to disassemble EXTERNAL block location: 06de5330  
2026-07-21 09:55:48 WARN  (DecompileCallback) Decompiling 06de5338, pcode error at 06de5338: Unable to disassemble EXTERNAL block location: 06de5338  
2026-07-21 09:55:48 WARN  (DecompileCallback) Decompiling 06de5340, pcode error at 06de5340: Unable to disassemble EXTERNAL block location: 06de5340  
2026-07-21 09:55:48 WARN  (DecompileCallback) Decompiling 06de5348, pcode error at 06de5348: Unable to disassemble EXTERNAL block location: 06de5348  
2026-07-21 09:55:48 WARN  (DecompileCallback) Decompiling 06de5350, pcode error at 06de5350: Unable to disassemble EXTERNAL block location: 06de5350  
2026-07-21 09:55:48 WARN  (DecompileCallback) Decompiling 06de5358, pcode error at 06de5358: Unable to disassemble EXTERNAL block location: 06de5358  
2026-07-21 09:55:48 WARN  (DecompileCallback) Decompiling 06de5360, pcode error at 06de5360: Unable to disassemble EXTERNAL block location: 06de5360  
2026-07-21 09:55:48 WARN  (DecompileCallback) Decompiling 06de5368, pcode error at 06de5368: Unable to disassemble EXTERNAL block location: 06de5368  
2026-07-21 09:55:48 WARN  (DecompileCallback) Decompiling 06de5370, pcode error at 06de5370: Unable to disassemble EXTERNAL block location: 06de5370  
2026-07-21 09:55:48 WARN  (DecompileCallback) Decompiling 06de5378, pcode error at 06de5378: Unable to disassemble EXTERNAL block location: 06de5378  
2026-07-21 09:55:48 WARN  (DecompileCallback) Decompiling 06de5380, pcode error at 06de5380: Unable to disassemble EXTERNAL block location: 06de5380  
2026-07-21 09:55:48 WARN  (DecompileCallback) Decompiling 06de5388, pcode error at 06de5388: Unable to disassemble EXTERNAL block location: 06de5388  
2026-07-21 09:55:48 WARN  (DecompileCallback) Decompiling 06de5390, pcode error at 06de5390: Unable to disassemble EXTERNAL block location: 06de5390  
2026-07-21 09:55:48 WARN  (DecompileCallback) Decompiling 06de5398, pcode error at 06de5398: Unable to disassemble EXTERNAL block location: 06de5398  
2026-07-21 09:55:48 WARN  (DecompileCallback) Decompiling 06de53a0, pcode error at 06de53a0: Unable to disassemble EXTERNAL block location: 06de53a0  
2026-07-21 09:55:48 WARN  (DecompileCallback) Decompiling 06de53a8, pcode error at 06de53a8: Unable to disassemble EXTERNAL block location: 06de53a8  
2026-07-21 09:55:48 WARN  (DecompileCallback) Decompiling 06de53b0, pcode error at 06de53b0: Unable to disassemble EXTERNAL block location: 06de53b0  
2026-07-21 09:55:48 WARN  (DecompileCallback) Decompiling 06de53b8, pcode error at 06de53b8: Unable to disassemble EXTERNAL block location: 06de53b8  
2026-07-21 09:55:48 WARN  (DecompileCallback) Decompiling 06de53c0, pcode error at 06de53c0: Unable to disassemble EXTERNAL block location: 06de53c0  
2026-07-21 09:55:48 WARN  (DecompileCallback) Decompiling 06de53c8, pcode error at 06de53c8: Unable to disassemble EXTERNAL block location: 06de53c8  
2026-07-21 09:55:48 WARN  (DecompileCallback) Decompiling 06de53d0, pcode error at 06de53d0: Unable to disassemble EXTERNAL block location: 06de53d0  
2026-07-21 09:55:48 WARN  (DecompileCallback) Decompiling 06de53d8, pcode error at 06de53d8: Unable to disassemble EXTERNAL block location: 06de53d8  
2026-07-21 09:55:48 WARN  (DecompileCallback) Decompiling 06de53e0, pcode error at 06de53e0: Unable to disassemble EXTERNAL block location: 06de53e0  
2026-07-21 09:55:48 WARN  (DecompileCallback) Decompiling 06de53e8, pcode error at 06de53e8: Unable to disassemble EXTERNAL block location: 06de53e8  
2026-07-21 09:55:48 WARN  (DecompileCallback) Decompiling 06de53f0, pcode error at 06de53f0: Unable to disassemble EXTERNAL block location: 06de53f0  
2026-07-21 09:55:48 WARN  (DecompileCallback) Decompiling 06de53f8, pcode error at 06de53f8: Unable to disassemble EXTERNAL block location: 06de53f8  
2026-07-21 09:55:48 WARN  (DecompileCallback) Decompiling 06de5400, pcode error at 06de5400: Unable to disassemble EXTERNAL block location: 06de5400  
2026-07-21 09:55:48 WARN  (DecompileCallback) Decompiling 06de5408, pcode error at 06de5408: Unable to disassemble EXTERNAL block location: 06de5408  
2026-07-21 09:55:48 WARN  (DecompileCallback) Decompiling 06de5410, pcode error at 06de5410: Unable to disassemble EXTERNAL block location: 06de5410  
2026-07-21 09:55:48 WARN  (DecompileCallback) Decompiling 06de5418, pcode error at 06de5418: Unable to disassemble EXTERNAL block location: 06de5418  
2026-07-21 09:55:48 WARN  (DecompileCallback) Decompiling 06de5420, pcode error at 06de5420: Unable to disassemble EXTERNAL block location: 06de5420  
2026-07-21 09:55:48 WARN  (DecompileCallback) Decompiling 06de5428, pcode error at 06de5428: Unable to disassemble EXTERNAL block location: 06de5428  
2026-07-21 09:55:48 WARN  (DecompileCallback) Decompiling 06de5430, pcode error at 06de5430: Unable to disassemble EXTERNAL block location: 06de5430  
2026-07-21 09:55:48 WARN  (DecompileCallback) Decompiling 06de5438, pcode error at 06de5438: Unable to disassemble EXTERNAL block location: 06de5438  
2026-07-21 09:55:48 WARN  (DecompileCallback) Decompiling 06de5440, pcode error at 06de5440: Unable to disassemble EXTERNAL block location: 06de5440  
2026-07-21 09:55:48 WARN  (DecompileCallback) Decompiling 06de5448, pcode error at 06de5448: Unable to disassemble EXTERNAL block location: 06de5448  
2026-07-21 09:55:48 WARN  (DecompileCallback) Decompiling 06de5450, pcode error at 06de5450: Unable to disassemble EXTERNAL block location: 06de5450  
2026-07-21 09:55:48 WARN  (DecompileCallback) Decompiling 06de5458, pcode error at 06de5458: Unable to disassemble EXTERNAL block location: 06de5458  
2026-07-21 09:55:48 WARN  (DecompileCallback) Decompiling 06de5460, pcode error at 06de5460: Unable to disassemble EXTERNAL block location: 06de5460  
2026-07-21 09:55:48 WARN  (DecompileCallback) Decompiling 06de5468, pcode error at 06de5468: Unable to disassemble EXTERNAL block location: 06de5468  
2026-07-21 09:55:48 WARN  (DecompileCallback) Decompiling 06de5470, pcode error at 06de5470: Unable to disassemble EXTERNAL block location: 06de5470  
2026-07-21 09:55:48 WARN  (DecompileCallback) Decompiling 06de5478, pcode error at 06de5478: Unable to disassemble EXTERNAL block location: 06de5478  
2026-07-21 09:55:48 WARN  (DecompileCallback) Decompiling 06de5480, pcode error at 06de5480: Unable to disassemble EXTERNAL block location: 06de5480  
2026-07-21 09:55:48 WARN  (DecompileCallback) Decompiling 06de5488, pcode error at 06de5488: Unable to disassemble EXTERNAL block location: 06de5488  
2026-07-21 09:55:48 WARN  (DecompileCallback) Decompiling 06de5490, pcode error at 06de5490: Unable to disassemble EXTERNAL block location: 06de5490  
2026-07-21 09:55:48 WARN  (DecompileCallback) Decompiling 06de5498, pcode error at 06de5498: Unable to disassemble EXTERNAL block location: 06de5498  
2026-07-21 09:55:48 WARN  (DecompileCallback) Decompiling 06de54a0, pcode error at 06de54a0: Unable to disassemble EXTERNAL block location: 06de54a0  
2026-07-21 09:55:48 WARN  (DecompileCallback) Decompiling 06de54a8, pcode error at 06de54a8: Unable to disassemble EXTERNAL block location: 06de54a8  
2026-07-21 09:55:48 WARN  (DecompileCallback) Decompiling 06de54b0, pcode error at 06de54b0: Unable to disassemble EXTERNAL block location: 06de54b0  
2026-07-21 09:55:48 WARN  (DecompileCallback) Decompiling 06de54b8, pcode error at 06de54b8: Unable to disassemble EXTERNAL block location: 06de54b8  
2026-07-21 09:55:48 WARN  (DecompileCallback) Decompiling 06de54c0, pcode error at 06de54c0: Unable to disassemble EXTERNAL block location: 06de54c0  
2026-07-21 09:55:48 WARN  (DecompileCallback) Decompiling 06de54c8, pcode error at 06de54c8: Unable to disassemble EXTERNAL block location: 06de54c8  
2026-07-21 09:55:48 WARN  (DecompileCallback) Decompiling 06de54d0, pcode error at 06de54d0: Unable to disassemble EXTERNAL block location: 06de54d0  
2026-07-21 09:55:48 WARN  (DecompileCallback) Decompiling 06de54d8, pcode error at 06de54d8: Unable to disassemble EXTERNAL block location: 06de54d8  
2026-07-21 09:55:48 WARN  (DecompileCallback) Decompiling 06de54e0, pcode error at 06de54e0: Unable to disassemble EXTERNAL block location: 06de54e0  
2026-07-21 09:55:48 WARN  (DecompileCallback) Decompiling 06de54e8, pcode error at 06de54e8: Unable to disassemble EXTERNAL block location: 06de54e8  
2026-07-21 09:55:48 WARN  (DecompileCallback) Decompiling 06de54f0, pcode error at 06de54f0: Unable to disassemble EXTERNAL block location: 06de54f0  
2026-07-21 09:55:48 WARN  (DecompileCallback) Decompiling 06de54f8, pcode error at 06de54f8: Unable to disassemble EXTERNAL block location: 06de54f8  
2026-07-21 09:55:48 WARN  (DecompileCallback) Decompiling 06de5500, pcode error at 06de5500: Unable to disassemble EXTERNAL block location: 06de5500  
2026-07-21 09:55:48 WARN  (DecompileCallback) Decompiling 06de5508, pcode error at 06de5508: Unable to disassemble EXTERNAL block location: 06de5508  
2026-07-21 09:55:48 WARN  (DecompileCallback) Decompiling 06de5510, pcode error at 06de5510: Unable to disassemble EXTERNAL block location: 06de5510  
2026-07-21 09:55:48 WARN  (DecompileCallback) Decompiling 06de5518, pcode error at 06de5518: Unable to disassemble EXTERNAL block location: 06de5518  
2026-07-21 09:55:48 WARN  (DecompileCallback) Decompiling 06de5520, pcode error at 06de5520: Unable to disassemble EXTERNAL block location: 06de5520  
2026-07-21 09:55:48 WARN  (DecompileCallback) Decompiling 06de5528, pcode error at 06de5528: Unable to disassemble EXTERNAL block location: 06de5528  
2026-07-21 09:55:48 WARN  (DecompileCallback) Decompiling 06de5530, pcode error at 06de5530: Unable to disassemble EXTERNAL block location: 06de5530  
2026-07-21 09:55:48 WARN  (DecompileCallback) Decompiling 06de5538, pcode error at 06de5538: Unable to disassemble EXTERNAL block location: 06de5538  
2026-07-21 09:55:48 WARN  (DecompileCallback) Decompiling 06de5540, pcode error at 06de5540: Unable to disassemble EXTERNAL block location: 06de5540  
2026-07-21 09:55:48 WARN  (DecompileCallback) Decompiling 06de5548, pcode error at 06de5548: Unable to disassemble EXTERNAL block location: 06de5548  
2026-07-21 09:55:48 WARN  (DecompileCallback) Decompiling 06de5550, pcode error at 06de5550: Unable to disassemble EXTERNAL block location: 06de5550  
2026-07-21 09:55:48 WARN  (DecompileCallback) Decompiling 06de5560, pcode error at 06de5560: Unable to disassemble EXTERNAL block location: 06de5560  
2026-07-21 09:55:48 WARN  (DecompileCallback) Decompiling 06de5568, pcode error at 06de5568: Unable to disassemble EXTERNAL block location: 06de5568  
2026-07-21 09:55:48 WARN  (DecompileCallback) Decompiling 06de5570, pcode error at 06de5570: Unable to disassemble EXTERNAL block location: 06de5570  
2026-07-21 09:55:48 WARN  (DecompileCallback) Decompiling 06de5578, pcode error at 06de5578: Unable to disassemble EXTERNAL block location: 06de5578  
2026-07-21 09:55:48 WARN  (DecompileCallback) Decompiling 06de5580, pcode error at 06de5580: Unable to disassemble EXTERNAL block location: 06de5580  
2026-07-21 09:55:48 WARN  (DecompileCallback) Decompiling 06de5588, pcode error at 06de5588: Unable to disassemble EXTERNAL block location: 06de5588  
2026-07-21 09:55:48 WARN  (DecompileCallback) Decompiling 06de5590, pcode error at 06de5590: Unable to disassemble EXTERNAL block location: 06de5590  
2026-07-21 09:55:48 WARN  (DecompileCallback) Decompiling 06de5598, pcode error at 06de5598: Unable to disassemble EXTERNAL block location: 06de5598  
2026-07-21 09:55:48 WARN  (DecompileCallback) Decompiling 06de55a0, pcode error at 06de55a0: Unable to disassemble EXTERNAL block location: 06de55a0  
2026-07-21 09:55:48 WARN  (DecompileCallback) Decompiling 06de55a8, pcode error at 06de55a8: Unable to disassemble EXTERNAL block location: 06de55a8  
2026-07-21 09:55:48 WARN  (DecompileCallback) Decompiling 06de55b0, pcode error at 06de55b0: Unable to disassemble EXTERNAL block location: 06de55b0  
2026-07-21 09:55:48 WARN  (DecompileCallback) Decompiling 06de55b8, pcode error at 06de55b8: Unable to disassemble EXTERNAL block location: 06de55b8  
2026-07-21 09:55:48 WARN  (DecompileCallback) Decompiling 06de55c0, pcode error at 06de55c0: Unable to disassemble EXTERNAL block location: 06de55c0  
2026-07-21 09:55:48 WARN  (DecompileCallback) Decompiling 06de55c8, pcode error at 06de55c8: Unable to disassemble EXTERNAL block location: 06de55c8  
2026-07-21 09:55:48 WARN  (DecompileCallback) Decompiling 06de55d0, pcode error at 06de55d0: Unable to disassemble EXTERNAL block location: 06de55d0  
2026-07-21 09:55:48 WARN  (DecompileCallback) Decompiling 06de55d8, pcode error at 06de55d8: Unable to disassemble EXTERNAL block location: 06de55d8  
2026-07-21 09:55:48 WARN  (DecompileCallback) Decompiling 06de55e0, pcode error at 06de55e0: Unable to disassemble EXTERNAL block location: 06de55e0  
2026-07-21 09:55:48 WARN  (DecompileCallback) Decompiling 06de55e8, pcode error at 06de55e8: Unable to disassemble EXTERNAL block location: 06de55e8  
2026-07-21 09:55:48 WARN  (DecompileCallback) Decompiling 06de55f0, pcode error at 06de55f0: Unable to disassemble EXTERNAL block location: 06de55f0  
2026-07-21 09:55:48 WARN  (DecompileCallback) Decompiling 06de55f8, pcode error at 06de55f8: Unable to disassemble EXTERNAL block location: 06de55f8  
2026-07-21 09:55:48 WARN  (DecompileCallback) Decompiling 06de5600, pcode error at 06de5600: Unable to disassemble EXTERNAL block location: 06de5600  
2026-07-21 09:55:48 WARN  (DecompileCallback) Decompiling 06de5608, pcode error at 06de5608: Unable to disassemble EXTERNAL block location: 06de5608  
2026-07-21 09:55:48 WARN  (DecompileCallback) Decompiling 06de5610, pcode error at 06de5610: Unable to disassemble EXTERNAL block location: 06de5610  
2026-07-21 09:55:48 WARN  (DecompileCallback) Decompiling 06de5618, pcode error at 06de5618: Unable to disassemble EXTERNAL block location: 06de5618  
2026-07-21 09:55:48 WARN  (DecompileCallback) Decompiling 06de5620, pcode error at 06de5620: Unable to disassemble EXTERNAL block location: 06de5620  
2026-07-21 09:55:48 WARN  (DecompileCallback) Decompiling 06de5628, pcode error at 06de5628: Unable to disassemble EXTERNAL block location: 06de5628  
2026-07-21 09:55:48 WARN  (DecompileCallback) Decompiling 06de5630, pcode error at 06de5630: Unable to disassemble EXTERNAL block location: 06de5630  
2026-07-21 09:55:48 WARN  (DecompileCallback) Decompiling 06de5638, pcode error at 06de5638: Unable to disassemble EXTERNAL block location: 06de5638  
2026-07-21 09:55:48 WARN  (DecompileCallback) Decompiling 06de5640, pcode error at 06de5640: Unable to disassemble EXTERNAL block location: 06de5640  
2026-07-21 09:55:48 WARN  (DecompileCallback) Decompiling 06de5648, pcode error at 06de5648: Unable to disassemble EXTERNAL block location: 06de5648  
2026-07-21 09:55:48 WARN  (DecompileCallback) Decompiling 06de5650, pcode error at 06de5650: Unable to disassemble EXTERNAL block location: 06de5650  
2026-07-21 09:55:48 WARN  (DecompileCallback) Decompiling 06de5658, pcode error at 06de5658: Unable to disassemble EXTERNAL block location: 06de5658  
2026-07-21 09:55:48 WARN  (DecompileCallback) Decompiling 06de5660, pcode error at 06de5660: Unable to disassemble EXTERNAL block location: 06de5660  
2026-07-21 09:55:48 WARN  (DecompileCallback) Decompiling 06de5668, pcode error at 06de5668: Unable to disassemble EXTERNAL block location: 06de5668  
2026-07-21 09:55:48 WARN  (DecompileCallback) Decompiling 06de5670, pcode error at 06de5670: Unable to disassemble EXTERNAL block location: 06de5670  
2026-07-21 09:55:48 WARN  (DecompileCallback) Decompiling 06de5678, pcode error at 06de5678: Unable to disassemble EXTERNAL block location: 06de5678  
2026-07-21 09:55:48 WARN  (DecompileCallback) Decompiling 06de5680, pcode error at 06de5680: Unable to disassemble EXTERNAL block location: 06de5680  
2026-07-21 09:55:48 WARN  (DecompileCallback) Decompiling 06de5688, pcode error at 06de5688: Unable to disassemble EXTERNAL block location: 06de5688  
2026-07-21 09:55:48 WARN  (DecompileCallback) Decompiling 06de5690, pcode error at 06de5690: Unable to disassemble EXTERNAL block location: 06de5690  
2026-07-21 09:55:48 WARN  (DecompileCallback) Decompiling 06de5698, pcode error at 06de5698: Unable to disassemble EXTERNAL block location: 06de5698  
2026-07-21 09:55:48 WARN  (DecompileCallback) Decompiling 06de56a0, pcode error at 06de56a0: Unable to disassemble EXTERNAL block location: 06de56a0  
2026-07-21 09:55:48 WARN  (DecompileCallback) Decompiling 06de56a8, pcode error at 06de56a8: Unable to disassemble EXTERNAL block location: 06de56a8  
2026-07-21 09:55:48 WARN  (DecompileCallback) Decompiling 06de56b0, pcode error at 06de56b0: Unable to disassemble EXTERNAL block location: 06de56b0  
2026-07-21 09:55:48 WARN  (DecompileCallback) Decompiling 06de56b8, pcode error at 06de56b8: Unable to disassemble EXTERNAL block location: 06de56b8  
2026-07-21 09:55:48 WARN  (DecompileCallback) Decompiling 06de56c0, pcode error at 06de56c0: Unable to disassemble EXTERNAL block location: 06de56c0  
2026-07-21 09:55:48 WARN  (DecompileCallback) Decompiling 06de56c8, pcode error at 06de56c8: Unable to disassemble EXTERNAL block location: 06de56c8  
2026-07-21 09:55:48 WARN  (DecompileCallback) Decompiling 06de56d0, pcode error at 06de56d0: Unable to disassemble EXTERNAL block location: 06de56d0  
2026-07-21 09:55:48 WARN  (DecompileCallback) Decompiling 06de56d8, pcode error at 06de56d8: Unable to disassemble EXTERNAL block location: 06de56d8  
2026-07-21 09:55:48 WARN  (DecompileCallback) Decompiling 06de56e0, pcode error at 06de56e0: Unable to disassemble EXTERNAL block location: 06de56e0  
2026-07-21 09:55:48 WARN  (DecompileCallback) Decompiling 06de56e8, pcode error at 06de56e8: Unable to disassemble EXTERNAL block location: 06de56e8  
2026-07-21 09:55:48 WARN  (DecompileCallback) Decompiling 06de56f0, pcode error at 06de56f0: Unable to disassemble EXTERNAL block location: 06de56f0  
2026-07-21 09:55:48 WARN  (DecompileCallback) Decompiling 06de56f8, pcode error at 06de56f8: Unable to disassemble EXTERNAL block location: 06de56f8  
2026-07-21 09:55:48 WARN  (DecompileCallback) Decompiling 06de5700, pcode error at 06de5700: Unable to disassemble EXTERNAL block location: 06de5700  
2026-07-21 09:55:48 WARN  (DecompileCallback) Decompiling 06de5708, pcode error at 06de5708: Unable to disassemble EXTERNAL block location: 06de5708  
2026-07-21 09:55:48 WARN  (DecompileCallback) Decompiling 06de5710, pcode error at 06de5710: Unable to disassemble EXTERNAL block location: 06de5710  
2026-07-21 09:55:48 WARN  (DecompileCallback) Decompiling 06de5718, pcode error at 06de5718: Unable to disassemble EXTERNAL block location: 06de5718  
2026-07-21 09:55:48 WARN  (DecompileCallback) Decompiling 06de5720, pcode error at 06de5720: Unable to disassemble EXTERNAL block location: 06de5720  
2026-07-21 09:55:48 WARN  (DecompileCallback) Decompiling 06de5728, pcode error at 06de5728: Unable to disassemble EXTERNAL block location: 06de5728  
2026-07-21 09:55:48 WARN  (DecompileCallback) Decompiling 06de5730, pcode error at 06de5730: Unable to disassemble EXTERNAL block location: 06de5730  
2026-07-21 09:55:48 WARN  (DecompileCallback) Decompiling 06de5738, pcode error at 06de5738: Unable to disassemble EXTERNAL block location: 06de5738  
2026-07-21 09:55:48 WARN  (DecompileCallback) Decompiling 06de5740, pcode error at 06de5740: Unable to disassemble EXTERNAL block location: 06de5740  
2026-07-21 09:55:48 WARN  (DecompileCallback) Decompiling 06de5748, pcode error at 06de5748: Unable to disassemble EXTERNAL block location: 06de5748  
2026-07-21 09:55:48 WARN  (DecompileCallback) Decompiling 06de5750, pcode error at 06de5750: Unable to disassemble EXTERNAL block location: 06de5750  
2026-07-21 09:55:48 WARN  (DecompileCallback) Decompiling 06de5758, pcode error at 06de5758: Unable to disassemble EXTERNAL block location: 06de5758  
2026-07-21 09:55:48 WARN  (DecompileCallback) Decompiling 06de5760, pcode error at 06de5760: Unable to disassemble EXTERNAL block location: 06de5760  
2026-07-21 09:55:48 WARN  (DecompileCallback) Decompiling 06de5768, pcode error at 06de5768: Unable to disassemble EXTERNAL block location: 06de5768  
2026-07-21 09:55:48 WARN  (DecompileCallback) Decompiling 06de5770, pcode error at 06de5770: Unable to disassemble EXTERNAL block location: 06de5770  
2026-07-21 09:55:48 WARN  (DecompileCallback) Decompiling 06de5778, pcode error at 06de5778: Unable to disassemble EXTERNAL block location: 06de5778  
2026-07-21 09:55:48 WARN  (DecompileCallback) Decompiling 06de5780, pcode error at 06de5780: Unable to disassemble EXTERNAL block location: 06de5780  
2026-07-21 09:55:48 WARN  (DecompileCallback) Decompiling 06de5788, pcode error at 06de5788: Unable to disassemble EXTERNAL block location: 06de5788  
2026-07-21 09:55:48 WARN  (DecompileCallback) Decompiling 06de5790, pcode error at 06de5790: Unable to disassemble EXTERNAL block location: 06de5790  
2026-07-21 09:55:48 WARN  (DecompileCallback) Decompiling 06de5798, pcode error at 06de5798: Unable to disassemble EXTERNAL block location: 06de5798  
2026-07-21 09:55:48 WARN  (DecompileCallback) Decompiling 06de57a0, pcode error at 06de57a0: Unable to disassemble EXTERNAL block location: 06de57a0  
2026-07-21 09:55:48 WARN  (DecompileCallback) Decompiling 06de57a8, pcode error at 06de57a8: Unable to disassemble EXTERNAL block location: 06de57a8  
2026-07-21 09:55:48 WARN  (DecompileCallback) Decompiling 06de57b0, pcode error at 06de57b0: Unable to disassemble EXTERNAL block location: 06de57b0  
2026-07-21 09:55:48 WARN  (DecompileCallback) Decompiling 06de57b8, pcode error at 06de57b8: Unable to disassemble EXTERNAL block location: 06de57b8  
2026-07-21 09:55:48 WARN  (DecompileCallback) Decompiling 06de57c0, pcode error at 06de57c0: Unable to disassemble EXTERNAL block location: 06de57c0  
2026-07-21 09:55:48 WARN  (DecompileCallback) Decompiling 06de57c8, pcode error at 06de57c8: Unable to disassemble EXTERNAL block location: 06de57c8  
2026-07-21 09:55:48 WARN  (DecompileCallback) Decompiling 06de57d0, pcode error at 06de57d0: Unable to disassemble EXTERNAL block location: 06de57d0  
2026-07-21 09:55:48 WARN  (DecompileCallback) Decompiling 06de57d8, pcode error at 06de57d8: Unable to disassemble EXTERNAL block location: 06de57d8  
2026-07-21 09:55:48 WARN  (DecompileCallback) Decompiling 06de57e0, pcode error at 06de57e0: Unable to disassemble EXTERNAL block location: 06de57e0  
2026-07-21 09:55:48 WARN  (DecompileCallback) Decompiling 06de57e8, pcode error at 06de57e8: Unable to disassemble EXTERNAL block location: 06de57e8  
2026-07-21 09:55:48 WARN  (DecompileCallback) Decompiling 06de57f0, pcode error at 06de57f0: Unable to disassemble EXTERNAL block location: 06de57f0  
2026-07-21 09:55:48 WARN  (DecompileCallback) Decompiling 06de57f8, pcode error at 06de57f8: Unable to disassemble EXTERNAL block location: 06de57f8  
2026-07-21 09:55:48 WARN  (DecompileCallback) Decompiling 06de5800, pcode error at 06de5800: Unable to disassemble EXTERNAL block location: 06de5800  
2026-07-21 09:55:48 WARN  (DecompileCallback) Decompiling 06de5808, pcode error at 06de5808: Unable to disassemble EXTERNAL block location: 06de5808  
2026-07-21 09:55:48 WARN  (DecompileCallback) Decompiling 06de5810, pcode error at 06de5810: Unable to disassemble EXTERNAL block location: 06de5810  
2026-07-21 09:55:48 WARN  (DecompileCallback) Decompiling 06de5818, pcode error at 06de5818: Unable to disassemble EXTERNAL block location: 06de5818  
2026-07-21 09:55:48 WARN  (DecompileCallback) Decompiling 06de5820, pcode error at 06de5820: Unable to disassemble EXTERNAL block location: 06de5820  
2026-07-21 09:55:48 WARN  (DecompileCallback) Decompiling 06de5828, pcode error at 06de5828: Unable to disassemble EXTERNAL block location: 06de5828  
2026-07-21 09:55:48 WARN  (DecompileCallback) Decompiling 06de5830, pcode error at 06de5830: Unable to disassemble EXTERNAL block location: 06de5830  
2026-07-21 09:55:48 WARN  (DecompileCallback) Decompiling 06de5838, pcode error at 06de5838: Unable to disassemble EXTERNAL block location: 06de5838  
2026-07-21 09:55:48 WARN  (DecompileCallback) Decompiling 06de5840, pcode error at 06de5840: Unable to disassemble EXTERNAL block location: 06de5840  
2026-07-21 09:55:48 WARN  (DecompileCallback) Decompiling 06de5848, pcode error at 06de5848: Unable to disassemble EXTERNAL block location: 06de5848  
2026-07-21 09:55:48 WARN  (DecompileCallback) Decompiling 06de5850, pcode error at 06de5850: Unable to disassemble EXTERNAL block location: 06de5850  
2026-07-21 09:55:48 WARN  (DecompileCallback) Decompiling 06de5858, pcode error at 06de5858: Unable to disassemble EXTERNAL block location: 06de5858  
2026-07-21 09:55:48 WARN  (DecompileCallback) Decompiling 06de5860, pcode error at 06de5860: Unable to disassemble EXTERNAL block location: 06de5860  
2026-07-21 09:55:48 WARN  (DecompileCallback) Decompiling 06de5868, pcode error at 06de5868: Unable to disassemble EXTERNAL block location: 06de5868  
2026-07-21 09:55:48 WARN  (DecompileCallback) Decompiling 06de5870, pcode error at 06de5870: Unable to disassemble EXTERNAL block location: 06de5870  
2026-07-21 09:55:48 WARN  (DecompileCallback) Decompiling 06de5878, pcode error at 06de5878: Unable to disassemble EXTERNAL block location: 06de5878  
2026-07-21 09:55:48 WARN  (DecompileCallback) Decompiling 06de5880, pcode error at 06de5880: Unable to disassemble EXTERNAL block location: 06de5880  
2026-07-21 09:55:48 WARN  (DecompileCallback) Decompiling 06de5888, pcode error at 06de5888: Unable to disassemble EXTERNAL block location: 06de5888  
2026-07-21 09:55:48 WARN  (DecompileCallback) Decompiling 06de5890, pcode error at 06de5890: Unable to disassemble EXTERNAL block location: 06de5890  
2026-07-21 09:55:48 WARN  (DecompileCallback) Decompiling 06de5898, pcode error at 06de5898: Unable to disassemble EXTERNAL block location: 06de5898  
2026-07-21 09:55:48 WARN  (DecompileCallback) Decompiling 06de58a0, pcode error at 06de58a0: Unable to disassemble EXTERNAL block location: 06de58a0  
2026-07-21 09:55:48 WARN  (DecompileCallback) Decompiling 06de58a8, pcode error at 06de58a8: Unable to disassemble EXTERNAL block location: 06de58a8  
2026-07-21 09:55:48 WARN  (DecompileCallback) Decompiling 06de58b8, pcode error at 06de58b8: Unable to disassemble EXTERNAL block location: 06de58b8  
2026-07-21 09:55:48 WARN  (DecompileCallback) Decompiling 06de58c0, pcode error at 06de58c0: Unable to disassemble EXTERNAL block location: 06de58c0  
2026-07-21 09:55:48 WARN  (DecompileCallback) Decompiling 06de58c8, pcode error at 06de58c8: Unable to disassemble EXTERNAL block location: 06de58c8  
2026-07-21 09:55:48 WARN  (DecompileCallback) Decompiling 06de58d0, pcode error at 06de58d0: Unable to disassemble EXTERNAL block location: 06de58d0  
2026-07-21 09:55:48 WARN  (DecompileCallback) Decompiling 06de58d8, pcode error at 06de58d8: Unable to disassemble EXTERNAL block location: 06de58d8  
2026-07-21 09:55:48 WARN  (DecompileCallback) Decompiling 06de58e0, pcode error at 06de58e0: Unable to disassemble EXTERNAL block location: 06de58e0  
2026-07-21 09:55:48 WARN  (DecompileCallback) Decompiling 06de58e8, pcode error at 06de58e8: Unable to disassemble EXTERNAL block location: 06de58e8  
2026-07-21 09:55:48 WARN  (DecompileCallback) Decompiling 06de58f0, pcode error at 06de58f0: Unable to disassemble EXTERNAL block location: 06de58f0  
2026-07-21 09:55:48 INFO  (GhidraScript) GeneralStructureEyePatternScan.java> General structure scan complete.  
2026-07-21 09:55:48 INFO  (GhidraScript) GeneralStructureEyePatternScan.java> Total functions scanned: 765310  
2026-07-21 09:55:48 INFO  (GhidraScript) GeneralStructureEyePatternScan.java> Exported functions: 3603  
2026-07-21 09:55:48 INFO  (GhidraScript) GeneralStructureEyePatternScan.java> Decompile failures: 997  
2026-07-21 09:55:48 INFO  (GhidraScript) GeneralStructureEyePatternScan.java> Report CSV: C:\realDesktop\manifest-evaluations\summer-26\ghidra-pipeline\il2cpp-files\spatialPiano\general-structure-results\structure_scan_report.csv  
2026-07-21 09:55:48 INFO  (GhidraScript) GeneralStructureEyePatternScan.java> Report JSON: C:\realDesktop\manifest-evaluations\summer-26\ghidra-pipeline\il2cpp-files\spatialPiano\general-structure-results\structure_scan_report.json  
2026-07-21 09:55:48 INFO  (HeadlessAnalyzer) REPORT: Save succeeded for processed file: /spatialPiano-libil2cpp.so  
