2026-07-23 12:59:41 INFO  (LoggingInitialization) Using log config file: jar:file:/C:/Users/kimgiordano27/Downloads/ghidra_12.1.2_PUBLIC_20260605/ghidra_12.1.2_PUBLIC/Ghidra/Framework/Generic/lib/Generic.jar!/generic.log4j.xml  
2026-07-23 12:59:41 INFO  (LoggingInitialization) Using log file: C:\realDesktop\manifest-evaluations\summer-26\ghidra-pipeline\il2cpp-files\Untangled\general-structure-ghidra.log  
2026-07-23 12:59:42 DEBUG (GhidraObjectInputFilter) Including serial input filter: FileSystem/data/client.rmi.serial.filter  
2026-07-23 12:59:42 INFO  (Preferences) Loading user preferences: C:\Users\kimgiordano27\AppData\Roaming\ghidra\ghidra_12.1.2_PUBLIC\preferences  
2026-07-23 12:59:42 INFO  (ClassSearcher) Searching for classes...  
2026-07-23 12:59:42 INFO  (ClassSearcher) Class search complete (662 ms)  
2026-07-23 12:59:42 INFO  (DefaultSSLContextInitializer) Initializing SSL Context  
2026-07-23 12:59:42 INFO  (SecureRandomFactory) Initializing Random Number Generator...  
2026-07-23 12:59:42 INFO  (SecureRandomFactory) Random Number Generator initialization complete: SHA1PRNG  
2026-07-23 12:59:42 INFO  (DefaultTrustManagerFactory) Trust manager disabled, cacerts have not been set  
2026-07-23 12:59:43 INFO  (AnalyzeHeadless) Headless startup complete (6745 ms)  
2026-07-23 12:59:43 INFO  (ClassSearcher) Class searcher loaded 59 extension points (20 false positives)  
2026-07-23 12:59:43 INFO  (HeadlessAnalyzer) HEADLESS Script Paths:
    C:\Users\kimgiordano27\Downloads\ghidra_12.1.2_PUBLIC_20260605\ghidra_12.1.2_PUBLIC\Ghidra\Features\DecompilerDependent\ghidra_scripts
    C:\Users\kimgiordano27\Downloads\ghidra_12.1.2_PUBLIC_20260605\ghidra_12.1.2_PUBLIC\Ghidra\Processors\Atmel\ghidra_scripts
    C:\Users\kimgiordano27\Downloads\ghidra_12.1.2_PUBLIC_20260605\ghidra_12.1.2_PUBLIC\Ghidra\Processors\PIC\ghidra_scripts
    C:\Users\kimgiordano27\Downloads\ghidra_12.1.2_PUBLIC_20260605\ghidra_12.1.2_PUBLIC\Ghidra\Features\VersionTracking\ghidra_scripts
    C:\Users\kimgiordano27\Downloads\ghidra_12.1.2_PUBLIC_20260605\ghidra_12.1.2_PUBLIC\Ghidra\Features\BytePatterns\ghidra_scripts
    C:\Users\kimgiordano27\ghidra_scripts
    C:\Users\kimgiordano27\Downloads\ghidra_12.1.2_PUBLIC_20260605\ghidra_12.1.2_PUBLIC\Ghidra\Features\BSim\ghidra_scripts
    C:\realDesktop\manifest-evaluations\summer-26\ghidra-pipeline\ghidra-export-scripts
    C:\Users\kimgiordano27\Downloads\ghidra_12.1.2_PUBLIC_20260605\ghidra_12.1.2_PUBLIC\Ghidra\Processors\JVM\ghidra_scripts
    C:\Users\kimgiordano27\Downloads\ghidra_12.1.2_PUBLIC_20260605\ghidra_12.1.2_PUBLIC\Ghidra\Features\Base\ghidra_scripts
    C:\Users\kimgiordano27\Downloads\ghidra_12.1.2_PUBLIC_20260605\ghidra_12.1.2_PUBLIC\Ghidra\Features\SwiftDemangler\ghidra_scripts
    C:\Users\kimgiordano27\Downloads\ghidra_12.1.2_PUBLIC_20260605\ghidra_12.1.2_PUBLIC\Ghidra\Features\WildcardAssembler\ghidra_scripts
    C:\Users\kimgiordano27\Downloads\ghidra_12.1.2_PUBLIC_20260605\ghidra_12.1.2_PUBLIC\Ghidra\Features\FileFormats\ghidra_scripts
    C:\Users\kimgiordano27\Downloads\ghidra_12.1.2_PUBLIC_20260605\ghidra_12.1.2_PUBLIC\Ghidra\Features\Decompiler\ghidra_scripts
    C:\Users\kimgiordano27\Downloads\ghidra_12.1.2_PUBLIC_20260605\ghidra_12.1.2_PUBLIC\Ghidra\Features\SystemEmulation\ghidra_scripts
    C:\Users\kimgiordano27\Downloads\ghidra_12.1.2_PUBLIC_20260605\ghidra_12.1.2_PUBLIC\Ghidra\Processors\8051\ghidra_scripts
    C:\Users\kimgiordano27\Downloads\ghidra_12.1.2_PUBLIC_20260605\ghidra_12.1.2_PUBLIC\Ghidra\Features\GnuDemangler\ghidra_scripts
    C:\Users\kimgiordano27\Downloads\ghidra_12.1.2_PUBLIC_20260605\ghidra_12.1.2_PUBLIC\Ghidra\Debug\Debugger\ghidra_scripts
    C:\Users\kimgiordano27\Downloads\ghidra_12.1.2_PUBLIC_20260605\ghidra_12.1.2_PUBLIC\Ghidra\Processors\DATA\ghidra_scripts
    C:\Users\kimgiordano27\Downloads\ghidra_12.1.2_PUBLIC_20260605\ghidra_12.1.2_PUBLIC\Ghidra\Debug\Debugger-rmi-trace\ghidra_scripts
    C:\Users\kimgiordano27\Downloads\ghidra_12.1.2_PUBLIC_20260605\ghidra_12.1.2_PUBLIC\Ghidra\Features\FunctionID\ghidra_scripts
    C:\Users\kimgiordano27\Downloads\ghidra_12.1.2_PUBLIC_20260605\ghidra_12.1.2_PUBLIC\Ghidra\Features\MicrosoftCodeAnalyzer\ghidra_scripts
    C:\Users\kimgiordano27\Downloads\ghidra_12.1.2_PUBLIC_20260605\ghidra_12.1.2_PUBLIC\Ghidra\Features\PDB\ghidra_scripts
    C:\Users\kimgiordano27\AppData\Roaming\ghidra\ghidra_12.1.2_PUBLIC\Extensions\Jython\ghidra_scripts
    C:\Users\kimgiordano27\Downloads\ghidra_12.1.2_PUBLIC_20260605\ghidra_12.1.2_PUBLIC\Ghidra\Features\PyGhidra\ghidra_scripts  
2026-07-23 12:59:43 INFO  (HeadlessAnalyzer) HEADLESS: execution starts  
2026-07-23 12:59:43 INFO  (HeadlessAnalyzer) Opening existing project: C:\realDesktop\manifest-evaluations\summer-26\ghidra-pipeline\il2cpp-files\Untangled\ghidra-project-Untangled\Untangled  
2026-07-23 12:59:43 INFO  (HeadlessProject) Opening project: C:\realDesktop\manifest-evaluations\summer-26\ghidra-pipeline\il2cpp-files\Untangled\ghidra-project-Untangled\Untangled  
2026-07-23 12:59:43 INFO  (LocalFileSystem) /Untangled-libil2cpp.so: checkout (2) granted (kimgiordano27)  
2026-07-23 12:59:48 INFO  (HeadlessAnalyzer) REPORT: Processing project file: /Untangled-libil2cpp.so  
2026-07-23 12:59:48 INFO  (HeadlessAnalyzer) REPORT: Execute script: GeneralStructureEyePatternScan.java 'C:\realDesktop\manifest-evaluations\summer-26\ghidra-pipeline\il2cpp-files\Untangled\general-structure-results' '70' 'false'   
2026-07-23 12:59:49 INFO  (HeadlessAnalyzer) SCRIPT: C:\realDesktop\manifest-evaluations\summer-26\ghidra-pipeline\ghidra-export-scripts\GeneralStructureEyePatternScan.java  
2026-07-23 12:59:49 INFO  (GhidraScript) GeneralStructureEyePatternScan.java> General structure scan starting...  
2026-07-23 12:59:49 INFO  (GhidraScript) GeneralStructureEyePatternScan.java> Output: C:\realDesktop\manifest-evaluations\summer-26\ghidra-pipeline\il2cpp-files\Untangled\general-structure-results  
2026-07-23 12:59:49 INFO  (GhidraScript) GeneralStructureEyePatternScan.java> Minimum review score: 70  
2026-07-23 12:59:49 INFO  (GhidraScript) GeneralStructureEyePatternScan.java> Export all: false  
2026-07-23 13:00:02 INFO  (GhidraScript) GeneralStructureEyePatternScan.java> Scanned 10000 functions. Exported so far: 0  
2026-07-23 13:00:12 INFO  (GhidraScript) GeneralStructureEyePatternScan.java> Scanned 20000 functions. Exported so far: 0  
2026-07-23 13:00:30 INFO  (GhidraScript) GeneralStructureEyePatternScan.java> Scanned 30000 functions. Exported so far: 0  
2026-07-23 13:00:49 INFO  (GhidraScript) GeneralStructureEyePatternScan.java> Scanned 40000 functions. Exported so far: 0  
2026-07-23 13:01:00 INFO  (GhidraScript) GeneralStructureEyePatternScan.java> Scanned 50000 functions. Exported so far: 0  
2026-07-23 13:01:22 INFO  (GhidraScript) GeneralStructureEyePatternScan.java> Scanned 60000 functions. Exported so far: 0  
2026-07-23 13:01:53 INFO  (GhidraScript) GeneralStructureEyePatternScan.java> Scanned 70000 functions. Exported so far: 0  
2026-07-23 13:02:12 INFO  (GhidraScript) GeneralStructureEyePatternScan.java> Scanned 80000 functions. Exported so far: 0  
2026-07-23 13:02:30 INFO  (GhidraScript) GeneralStructureEyePatternScan.java> Scanned 90000 functions. Exported so far: 0  
2026-07-23 13:02:49 INFO  (GhidraScript) GeneralStructureEyePatternScan.java> Scanned 100000 functions. Exported so far: 0  
2026-07-23 13:03:13 INFO  (GhidraScript) GeneralStructureEyePatternScan.java> Scanned 110000 functions. Exported so far: 0  
2026-07-23 13:03:35 INFO  (GhidraScript) GeneralStructureEyePatternScan.java> Scanned 120000 functions. Exported so far: 0  
2026-07-23 13:03:54 INFO  (GhidraScript) GeneralStructureEyePatternScan.java> Scanned 130000 functions. Exported so far: 0  
2026-07-23 13:05:07 INFO  (GhidraScript) GeneralStructureEyePatternScan.java> Scanned 140000 functions. Exported so far: 8  
2026-07-23 13:07:55 INFO  (GhidraScript) GeneralStructureEyePatternScan.java> Scanned 150000 functions. Exported so far: 75  
2026-07-23 13:11:09 INFO  (GhidraScript) GeneralStructureEyePatternScan.java> Scanned 160000 functions. Exported so far: 79  
2026-07-23 13:14:02 INFO  (GhidraScript) GeneralStructureEyePatternScan.java> Scanned 170000 functions. Exported so far: 83  
2026-07-23 13:16:11 INFO  (GhidraScript) GeneralStructureEyePatternScan.java> Scanned 180000 functions. Exported so far: 83  
2026-07-24 03:56:30 INFO  (GhidraScript) GeneralStructureEyePatternScan.java> Scanned 200000 functions. Exported so far: 96  
2026-07-24 03:57:26 INFO  (GhidraScript) GeneralStructureEyePatternScan.java> Scanned 210000 functions. Exported so far: 110  
2026-07-24 03:58:21 INFO  (GhidraScript) GeneralStructureEyePatternScan.java> Scanned 220000 functions. Exported so far: 112  
2026-07-24 04:04:55 INFO  (GhidraScript) GeneralStructureEyePatternScan.java> Scanned 230000 functions. Exported so far: 118  
2026-07-24 04:06:13 INFO  (GhidraScript) GeneralStructureEyePatternScan.java> Scanned 240000 functions. Exported so far: 132  
2026-07-24 04:07:22 INFO  (GhidraScript) GeneralStructureEyePatternScan.java> Scanned 250000 functions. Exported so far: 135  
2026-07-24 04:08:26 INFO  (GhidraScript) GeneralStructureEyePatternScan.java> Scanned 260000 functions. Exported so far: 135  
2026-07-24 04:09:30 INFO  (GhidraScript) GeneralStructureEyePatternScan.java> Scanned 270000 functions. Exported so far: 219  
2026-07-24 04:10:09 INFO  (GhidraScript) GeneralStructureEyePatternScan.java> Scanned 280000 functions. Exported so far: 219  
2026-07-24 04:10:55 INFO  (GhidraScript) GeneralStructureEyePatternScan.java> Scanned 290000 functions. Exported so far: 219  
2026-07-24 04:11:54 INFO  (GhidraScript) GeneralStructureEyePatternScan.java> Scanned 300000 functions. Exported so far: 219  
2026-07-24 04:12:57 INFO  (GhidraScript) GeneralStructureEyePatternScan.java> Scanned 310000 functions. Exported so far: 220  
2026-07-24 04:14:04 INFO  (GhidraScript) GeneralStructureEyePatternScan.java> Scanned 320000 functions. Exported so far: 225  
2026-07-24 04:15:17 INFO  (GhidraScript) GeneralStructureEyePatternScan.java> Scanned 330000 functions. Exported so far: 364  
2026-07-24 04:15:59 INFO  (GhidraScript) GeneralStructureEyePatternScan.java> Scanned 340000 functions. Exported so far: 365  
2026-07-24 04:17:22 INFO  (GhidraScript) GeneralStructureEyePatternScan.java> Scanned 350000 functions. Exported so far: 379  
2026-07-24 04:18:19 INFO  (GhidraScript) GeneralStructureEyePatternScan.java> Scanned 360000 functions. Exported so far: 391  
2026-07-24 04:19:29 INFO  (GhidraScript) GeneralStructureEyePatternScan.java> Scanned 370000 functions. Exported so far: 391  
2026-07-24 04:20:24 INFO  (GhidraScript) GeneralStructureEyePatternScan.java> Scanned 380000 functions. Exported so far: 391  
2026-07-24 04:21:28 INFO  (GhidraScript) GeneralStructureEyePatternScan.java> Scanned 390000 functions. Exported so far: 399  
2026-07-24 04:23:08 INFO  (GhidraScript) GeneralStructureEyePatternScan.java> Scanned 400000 functions. Exported so far: 399  
2026-07-24 04:24:07 INFO  (GhidraScript) GeneralStructureEyePatternScan.java> Scanned 410000 functions. Exported so far: 425  
2026-07-24 04:26:53 INFO  (GhidraScript) GeneralStructureEyePatternScan.java> Scanned 420000 functions. Exported so far: 431  
2026-07-24 04:28:13 INFO  (GhidraScript) GeneralStructureEyePatternScan.java> Scanned 430000 functions. Exported so far: 431  
2026-07-24 04:30:01 INFO  (GhidraScript) GeneralStructureEyePatternScan.java> Scanned 440000 functions. Exported so far: 432  
2026-07-24 04:31:38 INFO  (GhidraScript) GeneralStructureEyePatternScan.java> Scanned 450000 functions. Exported so far: 432  
2026-07-24 04:32:59 INFO  (GhidraScript) GeneralStructureEyePatternScan.java> Scanned 460000 functions. Exported so far: 487  
2026-07-24 04:33:46 INFO  (GhidraScript) GeneralStructureEyePatternScan.java> Scanned 470000 functions. Exported so far: 519  
2026-07-24 04:34:19 INFO  (GhidraScript) GeneralStructureEyePatternScan.java> Scanned 480000 functions. Exported so far: 519  
2026-07-24 04:35:07 INFO  (GhidraScript) GeneralStructureEyePatternScan.java> Scanned 490000 functions. Exported so far: 519  
2026-07-24 04:37:44 INFO  (GhidraScript) GeneralStructureEyePatternScan.java> Scanned 500000 functions. Exported so far: 555  
2026-07-24 04:38:39 INFO  (GhidraScript) GeneralStructureEyePatternScan.java> Scanned 510000 functions. Exported so far: 555  
2026-07-24 04:39:50 INFO  (GhidraScript) GeneralStructureEyePatternScan.java> Scanned 520000 functions. Exported so far: 562  
2026-07-24 04:45:44 INFO  (GhidraScript) GeneralStructureEyePatternScan.java> Scanned 530000 functions. Exported so far: 981  
2026-07-24 04:48:38 INFO  (GhidraScript) GeneralStructureEyePatternScan.java> Scanned 540000 functions. Exported so far: 981  
2026-07-24 04:50:24 INFO  (GhidraScript) GeneralStructureEyePatternScan.java> Scanned 550000 functions. Exported so far: 981  
2026-07-24 05:46:42 INFO  (GhidraScript) GeneralStructureEyePatternScan.java> Scanned 560000 functions. Exported so far: 1214  
2026-07-24 05:48:47 INFO  (GhidraScript) GeneralStructureEyePatternScan.java> Scanned 570000 functions. Exported so far: 1619  
2026-07-24 05:51:42 INFO  (GhidraScript) GeneralStructureEyePatternScan.java> Scanned 580000 functions. Exported so far: 1669  
2026-07-24 06:00:43 INFO  (GhidraScript) GeneralStructureEyePatternScan.java> Scanned 590000 functions. Exported so far: 1691  
2026-07-24 14:34:28 INFO  (GhidraScript) GeneralStructureEyePatternScan.java> Scanned 600000 functions. Exported so far: 1691  
2026-07-24 14:37:32 INFO  (GhidraScript) GeneralStructureEyePatternScan.java> Scanned 610000 functions. Exported so far: 1691  
2026-07-24 14:40:20 INFO  (GhidraScript) GeneralStructureEyePatternScan.java> Scanned 620000 functions. Exported so far: 1691  
2026-07-24 14:45:26 INFO  (GhidraScript) GeneralStructureEyePatternScan.java> Scanned 630000 functions. Exported so far: 1692  
2026-07-24 14:47:42 INFO  (GhidraScript) GeneralStructureEyePatternScan.java> Scanned 640000 functions. Exported so far: 1695  
2026-07-24 15:06:34 INFO  (GhidraScript) GeneralStructureEyePatternScan.java> Scanned 650000 functions. Exported so far: 1695  
2026-07-24 15:07:35 INFO  (GhidraScript) GeneralStructureEyePatternScan.java> Scanned 660000 functions. Exported so far: 1697  
2026-07-24 15:13:09 INFO  (GhidraScript) GeneralStructureEyePatternScan.java> Scanned 670000 functions. Exported so far: 1697  
2026-07-24 15:14:40 INFO  (GhidraScript) GeneralStructureEyePatternScan.java> Scanned 680000 functions. Exported so far: 1697  
2026-07-24 15:15:32 INFO  (GhidraScript) GeneralStructureEyePatternScan.java> Scanned 690000 functions. Exported so far: 1697  
2026-07-24 15:31:48 INFO  (GhidraScript) GeneralStructureEyePatternScan.java> Scanned 700000 functions. Exported so far: 1833  
2026-07-24 15:40:56 INFO  (GhidraScript) GeneralStructureEyePatternScan.java> Scanned 710000 functions. Exported so far: 1920  
2026-07-24 17:00:27 INFO  (GhidraScript) GeneralStructureEyePatternScan.java> Scanned 720000 functions. Exported so far: 2110  
2026-07-24 17:02:13 INFO  (GhidraScript) GeneralStructureEyePatternScan.java> Scanned 730000 functions. Exported so far: 2140  
2026-07-24 17:12:31 INFO  (GhidraScript) GeneralStructureEyePatternScan.java> Scanned 740000 functions. Exported so far: 2195  
2026-07-24 17:25:13 INFO  (GhidraScript) GeneralStructureEyePatternScan.java> Scanned 750000 functions. Exported so far: 2211  
2026-07-24 17:27:29 WARN  (DecompileCallback) Decompiling 073f0000, pcode error at 073f0000: Unable to disassemble EXTERNAL block location: 073f0000  
2026-07-24 17:27:29 WARN  (DecompileCallback) Decompiling 073f0008, pcode error at 073f0008: Unable to disassemble EXTERNAL block location: 073f0008  
2026-07-24 17:27:29 WARN  (DecompileCallback) Decompiling 073f0010, pcode error at 073f0010: Unable to disassemble EXTERNAL block location: 073f0010  
2026-07-24 17:27:29 WARN  (DecompileCallback) Decompiling 073f0018, pcode error at 073f0018: Unable to disassemble EXTERNAL block location: 073f0018  
2026-07-24 17:27:29 WARN  (DecompileCallback) Decompiling 073f0020, pcode error at 073f0020: Unable to disassemble EXTERNAL block location: 073f0020  
2026-07-24 17:27:29 WARN  (DecompileCallback) Decompiling 073f0028, pcode error at 073f0028: Unable to disassemble EXTERNAL block location: 073f0028  
2026-07-24 17:27:29 WARN  (DecompileCallback) Decompiling 073f0030, pcode error at 073f0030: Unable to disassemble EXTERNAL block location: 073f0030  
2026-07-24 17:27:29 WARN  (DecompileCallback) Decompiling 073f0038, pcode error at 073f0038: Unable to disassemble EXTERNAL block location: 073f0038  
2026-07-24 17:27:29 WARN  (DecompileCallback) Decompiling 073f0040, pcode error at 073f0040: Unable to disassemble EXTERNAL block location: 073f0040  
2026-07-24 17:27:29 WARN  (DecompileCallback) Decompiling 073f0048, pcode error at 073f0048: Unable to disassemble EXTERNAL block location: 073f0048  
2026-07-24 17:27:29 WARN  (DecompileCallback) Decompiling 073f0050, pcode error at 073f0050: Unable to disassemble EXTERNAL block location: 073f0050  
2026-07-24 17:27:29 WARN  (DecompileCallback) Decompiling 073f0058, pcode error at 073f0058: Unable to disassemble EXTERNAL block location: 073f0058  
2026-07-24 17:27:29 WARN  (DecompileCallback) Decompiling 073f0060, pcode error at 073f0060: Unable to disassemble EXTERNAL block location: 073f0060  
2026-07-24 17:27:29 WARN  (DecompileCallback) Decompiling 073f0068, pcode error at 073f0068: Unable to disassemble EXTERNAL block location: 073f0068  
2026-07-24 17:27:29 WARN  (DecompileCallback) Decompiling 073f0070, pcode error at 073f0070: Unable to disassemble EXTERNAL block location: 073f0070  
2026-07-24 17:27:29 WARN  (DecompileCallback) Decompiling 073f0078, pcode error at 073f0078: Unable to disassemble EXTERNAL block location: 073f0078  
2026-07-24 17:27:29 WARN  (DecompileCallback) Decompiling 073f0080, pcode error at 073f0080: Unable to disassemble EXTERNAL block location: 073f0080  
2026-07-24 17:27:29 WARN  (DecompileCallback) Decompiling 073f0088, pcode error at 073f0088: Unable to disassemble EXTERNAL block location: 073f0088  
2026-07-24 17:27:29 WARN  (DecompileCallback) Decompiling 073f0090, pcode error at 073f0090: Unable to disassemble EXTERNAL block location: 073f0090  
2026-07-24 17:27:29 WARN  (DecompileCallback) Decompiling 073f0098, pcode error at 073f0098: Unable to disassemble EXTERNAL block location: 073f0098  
2026-07-24 17:27:29 WARN  (DecompileCallback) Decompiling 073f00a0, pcode error at 073f00a0: Unable to disassemble EXTERNAL block location: 073f00a0  
2026-07-24 17:27:29 WARN  (DecompileCallback) Decompiling 073f00a8, pcode error at 073f00a8: Unable to disassemble EXTERNAL block location: 073f00a8  
2026-07-24 17:27:29 WARN  (DecompileCallback) Decompiling 073f00b0, pcode error at 073f00b0: Unable to disassemble EXTERNAL block location: 073f00b0  
2026-07-24 17:27:29 WARN  (DecompileCallback) Decompiling 073f00b8, pcode error at 073f00b8: Unable to disassemble EXTERNAL block location: 073f00b8  
2026-07-24 17:27:29 WARN  (DecompileCallback) Decompiling 073f00c0, pcode error at 073f00c0: Unable to disassemble EXTERNAL block location: 073f00c0  
2026-07-24 17:27:29 WARN  (DecompileCallback) Decompiling 073f00c8, pcode error at 073f00c8: Unable to disassemble EXTERNAL block location: 073f00c8  
2026-07-24 17:27:29 WARN  (DecompileCallback) Decompiling 073f00d0, pcode error at 073f00d0: Unable to disassemble EXTERNAL block location: 073f00d0  
2026-07-24 17:27:29 WARN  (DecompileCallback) Decompiling 073f00d8, pcode error at 073f00d8: Unable to disassemble EXTERNAL block location: 073f00d8  
2026-07-24 17:27:29 WARN  (DecompileCallback) Decompiling 073f00e0, pcode error at 073f00e0: Unable to disassemble EXTERNAL block location: 073f00e0  
2026-07-24 17:27:29 WARN  (DecompileCallback) Decompiling 073f00e8, pcode error at 073f00e8: Unable to disassemble EXTERNAL block location: 073f00e8  
2026-07-24 17:27:29 WARN  (DecompileCallback) Decompiling 073f00f0, pcode error at 073f00f0: Unable to disassemble EXTERNAL block location: 073f00f0  
2026-07-24 17:27:29 WARN  (DecompileCallback) Decompiling 073f00f8, pcode error at 073f00f8: Unable to disassemble EXTERNAL block location: 073f00f8  
2026-07-24 17:27:29 WARN  (DecompileCallback) Decompiling 073f0100, pcode error at 073f0100: Unable to disassemble EXTERNAL block location: 073f0100  
2026-07-24 17:27:29 WARN  (DecompileCallback) Decompiling 073f0108, pcode error at 073f0108: Unable to disassemble EXTERNAL block location: 073f0108  
2026-07-24 17:27:29 WARN  (DecompileCallback) Decompiling 073f0110, pcode error at 073f0110: Unable to disassemble EXTERNAL block location: 073f0110  
2026-07-24 17:27:29 WARN  (DecompileCallback) Decompiling 073f0118, pcode error at 073f0118: Unable to disassemble EXTERNAL block location: 073f0118  
2026-07-24 17:27:29 WARN  (DecompileCallback) Decompiling 073f0120, pcode error at 073f0120: Unable to disassemble EXTERNAL block location: 073f0120  
2026-07-24 17:27:29 WARN  (DecompileCallback) Decompiling 073f0128, pcode error at 073f0128: Unable to disassemble EXTERNAL block location: 073f0128  
2026-07-24 17:27:29 WARN  (DecompileCallback) Decompiling 073f0130, pcode error at 073f0130: Unable to disassemble EXTERNAL block location: 073f0130  
2026-07-24 17:27:29 WARN  (DecompileCallback) Decompiling 073f0138, pcode error at 073f0138: Unable to disassemble EXTERNAL block location: 073f0138  
2026-07-24 17:27:29 WARN  (DecompileCallback) Decompiling 073f0140, pcode error at 073f0140: Unable to disassemble EXTERNAL block location: 073f0140  
2026-07-24 17:27:29 WARN  (DecompileCallback) Decompiling 073f0148, pcode error at 073f0148: Unable to disassemble EXTERNAL block location: 073f0148  
2026-07-24 17:27:29 WARN  (DecompileCallback) Decompiling 073f0150, pcode error at 073f0150: Unable to disassemble EXTERNAL block location: 073f0150  
2026-07-24 17:27:29 WARN  (DecompileCallback) Decompiling 073f0158, pcode error at 073f0158: Unable to disassemble EXTERNAL block location: 073f0158  
2026-07-24 17:27:29 WARN  (DecompileCallback) Decompiling 073f0160, pcode error at 073f0160: Unable to disassemble EXTERNAL block location: 073f0160  
2026-07-24 17:27:29 WARN  (DecompileCallback) Decompiling 073f0168, pcode error at 073f0168: Unable to disassemble EXTERNAL block location: 073f0168  
2026-07-24 17:27:29 WARN  (DecompileCallback) Decompiling 073f0170, pcode error at 073f0170: Unable to disassemble EXTERNAL block location: 073f0170  
2026-07-24 17:27:29 WARN  (DecompileCallback) Decompiling 073f0178, pcode error at 073f0178: Unable to disassemble EXTERNAL block location: 073f0178  
2026-07-24 17:27:29 WARN  (DecompileCallback) Decompiling 073f0180, pcode error at 073f0180: Unable to disassemble EXTERNAL block location: 073f0180  
2026-07-24 17:27:29 WARN  (DecompileCallback) Decompiling 073f0188, pcode error at 073f0188: Unable to disassemble EXTERNAL block location: 073f0188  
2026-07-24 17:27:29 WARN  (DecompileCallback) Decompiling 073f0190, pcode error at 073f0190: Unable to disassemble EXTERNAL block location: 073f0190  
2026-07-24 17:27:29 WARN  (DecompileCallback) Decompiling 073f0198, pcode error at 073f0198: Unable to disassemble EXTERNAL block location: 073f0198  
2026-07-24 17:27:29 WARN  (DecompileCallback) Decompiling 073f01a0, pcode error at 073f01a0: Unable to disassemble EXTERNAL block location: 073f01a0  
2026-07-24 17:27:29 WARN  (DecompileCallback) Decompiling 073f01a8, pcode error at 073f01a8: Unable to disassemble EXTERNAL block location: 073f01a8  
2026-07-24 17:27:29 WARN  (DecompileCallback) Decompiling 073f01b0, pcode error at 073f01b0: Unable to disassemble EXTERNAL block location: 073f01b0  
2026-07-24 17:27:29 WARN  (DecompileCallback) Decompiling 073f01b8, pcode error at 073f01b8: Unable to disassemble EXTERNAL block location: 073f01b8  
2026-07-24 17:27:29 WARN  (DecompileCallback) Decompiling 073f01c0, pcode error at 073f01c0: Unable to disassemble EXTERNAL block location: 073f01c0  
2026-07-24 17:27:29 WARN  (DecompileCallback) Decompiling 073f01c8, pcode error at 073f01c8: Unable to disassemble EXTERNAL block location: 073f01c8  
2026-07-24 17:27:29 WARN  (DecompileCallback) Decompiling 073f01d0, pcode error at 073f01d0: Unable to disassemble EXTERNAL block location: 073f01d0  
2026-07-24 17:27:29 WARN  (DecompileCallback) Decompiling 073f01d8, pcode error at 073f01d8: Unable to disassemble EXTERNAL block location: 073f01d8  
2026-07-24 17:27:29 WARN  (DecompileCallback) Decompiling 073f01e0, pcode error at 073f01e0: Unable to disassemble EXTERNAL block location: 073f01e0  
2026-07-24 17:27:29 WARN  (DecompileCallback) Decompiling 073f01e8, pcode error at 073f01e8: Unable to disassemble EXTERNAL block location: 073f01e8  
2026-07-24 17:27:29 WARN  (DecompileCallback) Decompiling 073f01f0, pcode error at 073f01f0: Unable to disassemble EXTERNAL block location: 073f01f0  
2026-07-24 17:27:29 WARN  (DecompileCallback) Decompiling 073f01f8, pcode error at 073f01f8: Unable to disassemble EXTERNAL block location: 073f01f8  
2026-07-24 17:27:29 WARN  (DecompileCallback) Decompiling 073f0200, pcode error at 073f0200: Unable to disassemble EXTERNAL block location: 073f0200  
2026-07-24 17:27:29 WARN  (DecompileCallback) Decompiling 073f0208, pcode error at 073f0208: Unable to disassemble EXTERNAL block location: 073f0208  
2026-07-24 17:27:29 WARN  (DecompileCallback) Decompiling 073f0210, pcode error at 073f0210: Unable to disassemble EXTERNAL block location: 073f0210  
2026-07-24 17:27:29 WARN  (DecompileCallback) Decompiling 073f0218, pcode error at 073f0218: Unable to disassemble EXTERNAL block location: 073f0218  
2026-07-24 17:27:29 WARN  (DecompileCallback) Decompiling 073f0220, pcode error at 073f0220: Unable to disassemble EXTERNAL block location: 073f0220  
2026-07-24 17:27:29 WARN  (DecompileCallback) Decompiling 073f0228, pcode error at 073f0228: Unable to disassemble EXTERNAL block location: 073f0228  
2026-07-24 17:27:29 WARN  (DecompileCallback) Decompiling 073f0230, pcode error at 073f0230: Unable to disassemble EXTERNAL block location: 073f0230  
2026-07-24 17:27:29 WARN  (DecompileCallback) Decompiling 073f0238, pcode error at 073f0238: Unable to disassemble EXTERNAL block location: 073f0238  
2026-07-24 17:27:29 WARN  (DecompileCallback) Decompiling 073f0240, pcode error at 073f0240: Unable to disassemble EXTERNAL block location: 073f0240  
2026-07-24 17:27:29 WARN  (DecompileCallback) Decompiling 073f0248, pcode error at 073f0248: Unable to disassemble EXTERNAL block location: 073f0248  
2026-07-24 17:27:29 WARN  (DecompileCallback) Decompiling 073f0250, pcode error at 073f0250: Unable to disassemble EXTERNAL block location: 073f0250  
2026-07-24 17:27:29 WARN  (DecompileCallback) Decompiling 073f0258, pcode error at 073f0258: Unable to disassemble EXTERNAL block location: 073f0258  
2026-07-24 17:27:29 WARN  (DecompileCallback) Decompiling 073f0260, pcode error at 073f0260: Unable to disassemble EXTERNAL block location: 073f0260  
2026-07-24 17:27:29 WARN  (DecompileCallback) Decompiling 073f0268, pcode error at 073f0268: Unable to disassemble EXTERNAL block location: 073f0268  
2026-07-24 17:27:29 WARN  (DecompileCallback) Decompiling 073f0270, pcode error at 073f0270: Unable to disassemble EXTERNAL block location: 073f0270  
2026-07-24 17:27:29 WARN  (DecompileCallback) Decompiling 073f0278, pcode error at 073f0278: Unable to disassemble EXTERNAL block location: 073f0278  
2026-07-24 17:27:29 WARN  (DecompileCallback) Decompiling 073f0280, pcode error at 073f0280: Unable to disassemble EXTERNAL block location: 073f0280  
2026-07-24 17:27:29 WARN  (DecompileCallback) Decompiling 073f0288, pcode error at 073f0288: Unable to disassemble EXTERNAL block location: 073f0288  
2026-07-24 17:27:29 WARN  (DecompileCallback) Decompiling 073f0290, pcode error at 073f0290: Unable to disassemble EXTERNAL block location: 073f0290  
2026-07-24 17:27:29 WARN  (DecompileCallback) Decompiling 073f0298, pcode error at 073f0298: Unable to disassemble EXTERNAL block location: 073f0298  
2026-07-24 17:27:29 WARN  (DecompileCallback) Decompiling 073f02a0, pcode error at 073f02a0: Unable to disassemble EXTERNAL block location: 073f02a0  
2026-07-24 17:27:29 WARN  (DecompileCallback) Decompiling 073f02a8, pcode error at 073f02a8: Unable to disassemble EXTERNAL block location: 073f02a8  
2026-07-24 17:27:29 WARN  (DecompileCallback) Decompiling 073f02b0, pcode error at 073f02b0: Unable to disassemble EXTERNAL block location: 073f02b0  
2026-07-24 17:27:29 WARN  (DecompileCallback) Decompiling 073f02c0, pcode error at 073f02c0: Unable to disassemble EXTERNAL block location: 073f02c0  
2026-07-24 17:27:29 WARN  (DecompileCallback) Decompiling 073f02c8, pcode error at 073f02c8: Unable to disassemble EXTERNAL block location: 073f02c8  
2026-07-24 17:27:29 WARN  (DecompileCallback) Decompiling 073f02d0, pcode error at 073f02d0: Unable to disassemble EXTERNAL block location: 073f02d0  
2026-07-24 17:27:29 WARN  (DecompileCallback) Decompiling 073f02d8, pcode error at 073f02d8: Unable to disassemble EXTERNAL block location: 073f02d8  
2026-07-24 17:27:29 WARN  (DecompileCallback) Decompiling 073f02e0, pcode error at 073f02e0: Unable to disassemble EXTERNAL block location: 073f02e0  
2026-07-24 17:27:29 WARN  (DecompileCallback) Decompiling 073f02e8, pcode error at 073f02e8: Unable to disassemble EXTERNAL block location: 073f02e8  
2026-07-24 17:27:29 WARN  (DecompileCallback) Decompiling 073f02f0, pcode error at 073f02f0: Unable to disassemble EXTERNAL block location: 073f02f0  
2026-07-24 17:27:29 WARN  (DecompileCallback) Decompiling 073f02f8, pcode error at 073f02f8: Unable to disassemble EXTERNAL block location: 073f02f8  
2026-07-24 17:27:29 WARN  (DecompileCallback) Decompiling 073f0300, pcode error at 073f0300: Unable to disassemble EXTERNAL block location: 073f0300  
2026-07-24 17:27:29 WARN  (DecompileCallback) Decompiling 073f0308, pcode error at 073f0308: Unable to disassemble EXTERNAL block location: 073f0308  
2026-07-24 17:27:29 WARN  (DecompileCallback) Decompiling 073f0310, pcode error at 073f0310: Unable to disassemble EXTERNAL block location: 073f0310  
2026-07-24 17:27:29 WARN  (DecompileCallback) Decompiling 073f0318, pcode error at 073f0318: Unable to disassemble EXTERNAL block location: 073f0318  
2026-07-24 17:27:29 WARN  (DecompileCallback) Decompiling 073f0320, pcode error at 073f0320: Unable to disassemble EXTERNAL block location: 073f0320  
2026-07-24 17:27:29 WARN  (DecompileCallback) Decompiling 073f0328, pcode error at 073f0328: Unable to disassemble EXTERNAL block location: 073f0328  
2026-07-24 17:27:29 WARN  (DecompileCallback) Decompiling 073f0330, pcode error at 073f0330: Unable to disassemble EXTERNAL block location: 073f0330  
2026-07-24 17:27:29 WARN  (DecompileCallback) Decompiling 073f0338, pcode error at 073f0338: Unable to disassemble EXTERNAL block location: 073f0338  
2026-07-24 17:27:29 WARN  (DecompileCallback) Decompiling 073f0340, pcode error at 073f0340: Unable to disassemble EXTERNAL block location: 073f0340  
2026-07-24 17:27:29 WARN  (DecompileCallback) Decompiling 073f0348, pcode error at 073f0348: Unable to disassemble EXTERNAL block location: 073f0348  
2026-07-24 17:27:29 WARN  (DecompileCallback) Decompiling 073f0350, pcode error at 073f0350: Unable to disassemble EXTERNAL block location: 073f0350  
2026-07-24 17:27:29 WARN  (DecompileCallback) Decompiling 073f0358, pcode error at 073f0358: Unable to disassemble EXTERNAL block location: 073f0358  
2026-07-24 17:27:29 WARN  (DecompileCallback) Decompiling 073f0360, pcode error at 073f0360: Unable to disassemble EXTERNAL block location: 073f0360  
2026-07-24 17:27:29 WARN  (DecompileCallback) Decompiling 073f0368, pcode error at 073f0368: Unable to disassemble EXTERNAL block location: 073f0368  
2026-07-24 17:27:29 WARN  (DecompileCallback) Decompiling 073f0370, pcode error at 073f0370: Unable to disassemble EXTERNAL block location: 073f0370  
2026-07-24 17:27:29 WARN  (DecompileCallback) Decompiling 073f0378, pcode error at 073f0378: Unable to disassemble EXTERNAL block location: 073f0378  
2026-07-24 17:27:29 WARN  (DecompileCallback) Decompiling 073f0380, pcode error at 073f0380: Unable to disassemble EXTERNAL block location: 073f0380  
2026-07-24 17:27:29 WARN  (DecompileCallback) Decompiling 073f0388, pcode error at 073f0388: Unable to disassemble EXTERNAL block location: 073f0388  
2026-07-24 17:27:29 WARN  (DecompileCallback) Decompiling 073f0390, pcode error at 073f0390: Unable to disassemble EXTERNAL block location: 073f0390  
2026-07-24 17:27:29 WARN  (DecompileCallback) Decompiling 073f0398, pcode error at 073f0398: Unable to disassemble EXTERNAL block location: 073f0398  
2026-07-24 17:27:29 WARN  (DecompileCallback) Decompiling 073f03a0, pcode error at 073f03a0: Unable to disassemble EXTERNAL block location: 073f03a0  
2026-07-24 17:27:29 WARN  (DecompileCallback) Decompiling 073f03a8, pcode error at 073f03a8: Unable to disassemble EXTERNAL block location: 073f03a8  
2026-07-24 17:27:29 WARN  (DecompileCallback) Decompiling 073f03b0, pcode error at 073f03b0: Unable to disassemble EXTERNAL block location: 073f03b0  
2026-07-24 17:27:29 WARN  (DecompileCallback) Decompiling 073f03b8, pcode error at 073f03b8: Unable to disassemble EXTERNAL block location: 073f03b8  
2026-07-24 17:27:29 WARN  (DecompileCallback) Decompiling 073f03c0, pcode error at 073f03c0: Unable to disassemble EXTERNAL block location: 073f03c0  
2026-07-24 17:27:29 WARN  (DecompileCallback) Decompiling 073f03c8, pcode error at 073f03c8: Unable to disassemble EXTERNAL block location: 073f03c8  
2026-07-24 17:27:29 WARN  (DecompileCallback) Decompiling 073f03d0, pcode error at 073f03d0: Unable to disassemble EXTERNAL block location: 073f03d0  
2026-07-24 17:27:29 WARN  (DecompileCallback) Decompiling 073f03d8, pcode error at 073f03d8: Unable to disassemble EXTERNAL block location: 073f03d8  
2026-07-24 17:27:29 WARN  (DecompileCallback) Decompiling 073f03e0, pcode error at 073f03e0: Unable to disassemble EXTERNAL block location: 073f03e0  
2026-07-24 17:27:29 WARN  (DecompileCallback) Decompiling 073f03e8, pcode error at 073f03e8: Unable to disassemble EXTERNAL block location: 073f03e8  
2026-07-24 17:27:29 WARN  (DecompileCallback) Decompiling 073f03f0, pcode error at 073f03f0: Unable to disassemble EXTERNAL block location: 073f03f0  
2026-07-24 17:27:29 WARN  (DecompileCallback) Decompiling 073f03f8, pcode error at 073f03f8: Unable to disassemble EXTERNAL block location: 073f03f8  
2026-07-24 17:27:29 WARN  (DecompileCallback) Decompiling 073f0400, pcode error at 073f0400: Unable to disassemble EXTERNAL block location: 073f0400  
2026-07-24 17:27:29 WARN  (DecompileCallback) Decompiling 073f0408, pcode error at 073f0408: Unable to disassemble EXTERNAL block location: 073f0408  
2026-07-24 17:27:29 WARN  (DecompileCallback) Decompiling 073f0410, pcode error at 073f0410: Unable to disassemble EXTERNAL block location: 073f0410  
2026-07-24 17:27:29 WARN  (DecompileCallback) Decompiling 073f0418, pcode error at 073f0418: Unable to disassemble EXTERNAL block location: 073f0418  
2026-07-24 17:27:29 WARN  (DecompileCallback) Decompiling 073f0420, pcode error at 073f0420: Unable to disassemble EXTERNAL block location: 073f0420  
2026-07-24 17:27:29 WARN  (DecompileCallback) Decompiling 073f0428, pcode error at 073f0428: Unable to disassemble EXTERNAL block location: 073f0428  
2026-07-24 17:27:29 WARN  (DecompileCallback) Decompiling 073f0430, pcode error at 073f0430: Unable to disassemble EXTERNAL block location: 073f0430  
2026-07-24 17:27:29 WARN  (DecompileCallback) Decompiling 073f0438, pcode error at 073f0438: Unable to disassemble EXTERNAL block location: 073f0438  
2026-07-24 17:27:29 WARN  (DecompileCallback) Decompiling 073f0440, pcode error at 073f0440: Unable to disassemble EXTERNAL block location: 073f0440  
2026-07-24 17:27:29 WARN  (DecompileCallback) Decompiling 073f0448, pcode error at 073f0448: Unable to disassemble EXTERNAL block location: 073f0448  
2026-07-24 17:27:29 WARN  (DecompileCallback) Decompiling 073f0450, pcode error at 073f0450: Unable to disassemble EXTERNAL block location: 073f0450  
2026-07-24 17:27:29 WARN  (DecompileCallback) Decompiling 073f0458, pcode error at 073f0458: Unable to disassemble EXTERNAL block location: 073f0458  
2026-07-24 17:27:29 WARN  (DecompileCallback) Decompiling 073f0460, pcode error at 073f0460: Unable to disassemble EXTERNAL block location: 073f0460  
2026-07-24 17:27:29 WARN  (DecompileCallback) Decompiling 073f0468, pcode error at 073f0468: Unable to disassemble EXTERNAL block location: 073f0468  
2026-07-24 17:27:29 WARN  (DecompileCallback) Decompiling 073f0470, pcode error at 073f0470: Unable to disassemble EXTERNAL block location: 073f0470  
2026-07-24 17:27:29 WARN  (DecompileCallback) Decompiling 073f0478, pcode error at 073f0478: Unable to disassemble EXTERNAL block location: 073f0478  
2026-07-24 17:27:29 WARN  (DecompileCallback) Decompiling 073f0480, pcode error at 073f0480: Unable to disassemble EXTERNAL block location: 073f0480  
2026-07-24 17:27:29 WARN  (DecompileCallback) Decompiling 073f0488, pcode error at 073f0488: Unable to disassemble EXTERNAL block location: 073f0488  
2026-07-24 17:27:29 WARN  (DecompileCallback) Decompiling 073f0490, pcode error at 073f0490: Unable to disassemble EXTERNAL block location: 073f0490  
2026-07-24 17:27:29 WARN  (DecompileCallback) Decompiling 073f04a0, pcode error at 073f04a0: Unable to disassemble EXTERNAL block location: 073f04a0  
2026-07-24 17:27:29 WARN  (DecompileCallback) Decompiling 073f04a8, pcode error at 073f04a8: Unable to disassemble EXTERNAL block location: 073f04a8  
2026-07-24 17:27:29 WARN  (DecompileCallback) Decompiling 073f04b0, pcode error at 073f04b0: Unable to disassemble EXTERNAL block location: 073f04b0  
2026-07-24 17:27:29 WARN  (DecompileCallback) Decompiling 073f04b8, pcode error at 073f04b8: Unable to disassemble EXTERNAL block location: 073f04b8  
2026-07-24 17:27:29 WARN  (DecompileCallback) Decompiling 073f04c0, pcode error at 073f04c0: Unable to disassemble EXTERNAL block location: 073f04c0  
2026-07-24 17:27:29 WARN  (DecompileCallback) Decompiling 073f04c8, pcode error at 073f04c8: Unable to disassemble EXTERNAL block location: 073f04c8  
2026-07-24 17:27:29 WARN  (DecompileCallback) Decompiling 073f04d0, pcode error at 073f04d0: Unable to disassemble EXTERNAL block location: 073f04d0  
2026-07-24 17:27:29 WARN  (DecompileCallback) Decompiling 073f04d8, pcode error at 073f04d8: Unable to disassemble EXTERNAL block location: 073f04d8  
2026-07-24 17:27:29 WARN  (DecompileCallback) Decompiling 073f04e0, pcode error at 073f04e0: Unable to disassemble EXTERNAL block location: 073f04e0  
2026-07-24 17:27:29 WARN  (DecompileCallback) Decompiling 073f04e8, pcode error at 073f04e8: Unable to disassemble EXTERNAL block location: 073f04e8  
2026-07-24 17:27:29 WARN  (DecompileCallback) Decompiling 073f04f0, pcode error at 073f04f0: Unable to disassemble EXTERNAL block location: 073f04f0  
2026-07-24 17:27:29 WARN  (DecompileCallback) Decompiling 073f04f8, pcode error at 073f04f8: Unable to disassemble EXTERNAL block location: 073f04f8  
2026-07-24 17:27:29 WARN  (DecompileCallback) Decompiling 073f0500, pcode error at 073f0500: Unable to disassemble EXTERNAL block location: 073f0500  
2026-07-24 17:27:29 WARN  (DecompileCallback) Decompiling 073f0508, pcode error at 073f0508: Unable to disassemble EXTERNAL block location: 073f0508  
2026-07-24 17:27:29 WARN  (DecompileCallback) Decompiling 073f0510, pcode error at 073f0510: Unable to disassemble EXTERNAL block location: 073f0510  
2026-07-24 17:27:29 WARN  (DecompileCallback) Decompiling 073f0518, pcode error at 073f0518: Unable to disassemble EXTERNAL block location: 073f0518  
2026-07-24 17:27:29 WARN  (DecompileCallback) Decompiling 073f0520, pcode error at 073f0520: Unable to disassemble EXTERNAL block location: 073f0520  
2026-07-24 17:27:29 WARN  (DecompileCallback) Decompiling 073f0528, pcode error at 073f0528: Unable to disassemble EXTERNAL block location: 073f0528  
2026-07-24 17:27:29 WARN  (DecompileCallback) Decompiling 073f0530, pcode error at 073f0530: Unable to disassemble EXTERNAL block location: 073f0530  
2026-07-24 17:27:29 WARN  (DecompileCallback) Decompiling 073f0538, pcode error at 073f0538: Unable to disassemble EXTERNAL block location: 073f0538  
2026-07-24 17:27:29 WARN  (DecompileCallback) Decompiling 073f0540, pcode error at 073f0540: Unable to disassemble EXTERNAL block location: 073f0540  
2026-07-24 17:27:29 WARN  (DecompileCallback) Decompiling 073f0548, pcode error at 073f0548: Unable to disassemble EXTERNAL block location: 073f0548  
2026-07-24 17:27:29 WARN  (DecompileCallback) Decompiling 073f0550, pcode error at 073f0550: Unable to disassemble EXTERNAL block location: 073f0550  
2026-07-24 17:27:29 WARN  (DecompileCallback) Decompiling 073f0558, pcode error at 073f0558: Unable to disassemble EXTERNAL block location: 073f0558  
2026-07-24 17:27:29 WARN  (DecompileCallback) Decompiling 073f0560, pcode error at 073f0560: Unable to disassemble EXTERNAL block location: 073f0560  
2026-07-24 17:27:29 WARN  (DecompileCallback) Decompiling 073f0568, pcode error at 073f0568: Unable to disassemble EXTERNAL block location: 073f0568  
2026-07-24 17:27:29 WARN  (DecompileCallback) Decompiling 073f0570, pcode error at 073f0570: Unable to disassemble EXTERNAL block location: 073f0570  
2026-07-24 17:27:29 WARN  (DecompileCallback) Decompiling 073f0578, pcode error at 073f0578: Unable to disassemble EXTERNAL block location: 073f0578  
2026-07-24 17:27:29 WARN  (DecompileCallback) Decompiling 073f0580, pcode error at 073f0580: Unable to disassemble EXTERNAL block location: 073f0580  
2026-07-24 17:27:29 WARN  (DecompileCallback) Decompiling 073f0588, pcode error at 073f0588: Unable to disassemble EXTERNAL block location: 073f0588  
2026-07-24 17:27:29 WARN  (DecompileCallback) Decompiling 073f0590, pcode error at 073f0590: Unable to disassemble EXTERNAL block location: 073f0590  
2026-07-24 17:27:29 WARN  (DecompileCallback) Decompiling 073f0598, pcode error at 073f0598: Unable to disassemble EXTERNAL block location: 073f0598  
2026-07-24 17:27:29 WARN  (DecompileCallback) Decompiling 073f05a0, pcode error at 073f05a0: Unable to disassemble EXTERNAL block location: 073f05a0  
2026-07-24 17:27:29 WARN  (DecompileCallback) Decompiling 073f05a8, pcode error at 073f05a8: Unable to disassemble EXTERNAL block location: 073f05a8  
2026-07-24 17:27:29 WARN  (DecompileCallback) Decompiling 073f05b0, pcode error at 073f05b0: Unable to disassemble EXTERNAL block location: 073f05b0  
2026-07-24 17:27:29 WARN  (DecompileCallback) Decompiling 073f05b8, pcode error at 073f05b8: Unable to disassemble EXTERNAL block location: 073f05b8  
2026-07-24 17:27:29 WARN  (DecompileCallback) Decompiling 073f05c0, pcode error at 073f05c0: Unable to disassemble EXTERNAL block location: 073f05c0  
2026-07-24 17:27:29 WARN  (DecompileCallback) Decompiling 073f05c8, pcode error at 073f05c8: Unable to disassemble EXTERNAL block location: 073f05c8  
2026-07-24 17:27:29 WARN  (DecompileCallback) Decompiling 073f05d0, pcode error at 073f05d0: Unable to disassemble EXTERNAL block location: 073f05d0  
2026-07-24 17:27:29 WARN  (DecompileCallback) Decompiling 073f05d8, pcode error at 073f05d8: Unable to disassemble EXTERNAL block location: 073f05d8  
2026-07-24 17:27:29 WARN  (DecompileCallback) Decompiling 073f05e0, pcode error at 073f05e0: Unable to disassemble EXTERNAL block location: 073f05e0  
2026-07-24 17:27:29 WARN  (DecompileCallback) Decompiling 073f05e8, pcode error at 073f05e8: Unable to disassemble EXTERNAL block location: 073f05e8  
2026-07-24 17:27:29 WARN  (DecompileCallback) Decompiling 073f05f0, pcode error at 073f05f0: Unable to disassemble EXTERNAL block location: 073f05f0  
2026-07-24 17:27:29 WARN  (DecompileCallback) Decompiling 073f05f8, pcode error at 073f05f8: Unable to disassemble EXTERNAL block location: 073f05f8  
2026-07-24 17:27:29 WARN  (DecompileCallback) Decompiling 073f0600, pcode error at 073f0600: Unable to disassemble EXTERNAL block location: 073f0600  
2026-07-24 17:27:29 WARN  (DecompileCallback) Decompiling 073f0608, pcode error at 073f0608: Unable to disassemble EXTERNAL block location: 073f0608  
2026-07-24 17:27:29 WARN  (DecompileCallback) Decompiling 073f0610, pcode error at 073f0610: Unable to disassemble EXTERNAL block location: 073f0610  
2026-07-24 17:27:29 WARN  (DecompileCallback) Decompiling 073f0618, pcode error at 073f0618: Unable to disassemble EXTERNAL block location: 073f0618  
2026-07-24 17:27:29 WARN  (DecompileCallback) Decompiling 073f0620, pcode error at 073f0620: Unable to disassemble EXTERNAL block location: 073f0620  
2026-07-24 17:27:29 WARN  (DecompileCallback) Decompiling 073f0628, pcode error at 073f0628: Unable to disassemble EXTERNAL block location: 073f0628  
2026-07-24 17:27:29 WARN  (DecompileCallback) Decompiling 073f0630, pcode error at 073f0630: Unable to disassemble EXTERNAL block location: 073f0630  
2026-07-24 17:27:29 WARN  (DecompileCallback) Decompiling 073f0638, pcode error at 073f0638: Unable to disassemble EXTERNAL block location: 073f0638  
2026-07-24 17:27:29 WARN  (DecompileCallback) Decompiling 073f0640, pcode error at 073f0640: Unable to disassemble EXTERNAL block location: 073f0640  
2026-07-24 17:27:29 WARN  (DecompileCallback) Decompiling 073f0648, pcode error at 073f0648: Unable to disassemble EXTERNAL block location: 073f0648  
2026-07-24 17:27:29 WARN  (DecompileCallback) Decompiling 073f0650, pcode error at 073f0650: Unable to disassemble EXTERNAL block location: 073f0650  
2026-07-24 17:27:29 WARN  (DecompileCallback) Decompiling 073f0658, pcode error at 073f0658: Unable to disassemble EXTERNAL block location: 073f0658  
2026-07-24 17:27:29 WARN  (DecompileCallback) Decompiling 073f0660, pcode error at 073f0660: Unable to disassemble EXTERNAL block location: 073f0660  
2026-07-24 17:27:29 WARN  (DecompileCallback) Decompiling 073f0668, pcode error at 073f0668: Unable to disassemble EXTERNAL block location: 073f0668  
2026-07-24 17:27:29 WARN  (DecompileCallback) Decompiling 073f0670, pcode error at 073f0670: Unable to disassemble EXTERNAL block location: 073f0670  
2026-07-24 17:27:29 WARN  (DecompileCallback) Decompiling 073f0678, pcode error at 073f0678: Unable to disassemble EXTERNAL block location: 073f0678  
2026-07-24 17:27:29 WARN  (DecompileCallback) Decompiling 073f0680, pcode error at 073f0680: Unable to disassemble EXTERNAL block location: 073f0680  
2026-07-24 17:27:29 WARN  (DecompileCallback) Decompiling 073f0688, pcode error at 073f0688: Unable to disassemble EXTERNAL block location: 073f0688  
2026-07-24 17:27:29 WARN  (DecompileCallback) Decompiling 073f0690, pcode error at 073f0690: Unable to disassemble EXTERNAL block location: 073f0690  
2026-07-24 17:27:29 WARN  (DecompileCallback) Decompiling 073f0698, pcode error at 073f0698: Unable to disassemble EXTERNAL block location: 073f0698  
2026-07-24 17:27:29 WARN  (DecompileCallback) Decompiling 073f06a0, pcode error at 073f06a0: Unable to disassemble EXTERNAL block location: 073f06a0  
2026-07-24 17:27:29 WARN  (DecompileCallback) Decompiling 073f06a8, pcode error at 073f06a8: Unable to disassemble EXTERNAL block location: 073f06a8  
2026-07-24 17:27:29 WARN  (DecompileCallback) Decompiling 073f06b0, pcode error at 073f06b0: Unable to disassemble EXTERNAL block location: 073f06b0  
2026-07-24 17:27:29 WARN  (DecompileCallback) Decompiling 073f06b8, pcode error at 073f06b8: Unable to disassemble EXTERNAL block location: 073f06b8  
2026-07-24 17:27:29 WARN  (DecompileCallback) Decompiling 073f06c0, pcode error at 073f06c0: Unable to disassemble EXTERNAL block location: 073f06c0  
2026-07-24 17:27:29 WARN  (DecompileCallback) Decompiling 073f06c8, pcode error at 073f06c8: Unable to disassemble EXTERNAL block location: 073f06c8  
2026-07-24 17:27:29 WARN  (DecompileCallback) Decompiling 073f06d0, pcode error at 073f06d0: Unable to disassemble EXTERNAL block location: 073f06d0  
2026-07-24 17:27:29 WARN  (DecompileCallback) Decompiling 073f06d8, pcode error at 073f06d8: Unable to disassemble EXTERNAL block location: 073f06d8  
2026-07-24 17:27:29 WARN  (DecompileCallback) Decompiling 073f06e0, pcode error at 073f06e0: Unable to disassemble EXTERNAL block location: 073f06e0  
2026-07-24 17:27:29 WARN  (DecompileCallback) Decompiling 073f06e8, pcode error at 073f06e8: Unable to disassemble EXTERNAL block location: 073f06e8  
2026-07-24 17:27:29 WARN  (DecompileCallback) Decompiling 073f06f0, pcode error at 073f06f0: Unable to disassemble EXTERNAL block location: 073f06f0  
2026-07-24 17:27:29 WARN  (DecompileCallback) Decompiling 073f06f8, pcode error at 073f06f8: Unable to disassemble EXTERNAL block location: 073f06f8  
2026-07-24 17:27:29 WARN  (DecompileCallback) Decompiling 073f0700, pcode error at 073f0700: Unable to disassemble EXTERNAL block location: 073f0700  
2026-07-24 17:27:29 WARN  (DecompileCallback) Decompiling 073f0708, pcode error at 073f0708: Unable to disassemble EXTERNAL block location: 073f0708  
2026-07-24 17:27:29 WARN  (DecompileCallback) Decompiling 073f0710, pcode error at 073f0710: Unable to disassemble EXTERNAL block location: 073f0710  
2026-07-24 17:27:29 WARN  (DecompileCallback) Decompiling 073f0718, pcode error at 073f0718: Unable to disassemble EXTERNAL block location: 073f0718  
2026-07-24 17:27:29 WARN  (DecompileCallback) Decompiling 073f0720, pcode error at 073f0720: Unable to disassemble EXTERNAL block location: 073f0720  
2026-07-24 17:27:29 WARN  (DecompileCallback) Decompiling 073f0728, pcode error at 073f0728: Unable to disassemble EXTERNAL block location: 073f0728  
2026-07-24 17:27:29 WARN  (DecompileCallback) Decompiling 073f0730, pcode error at 073f0730: Unable to disassemble EXTERNAL block location: 073f0730  
2026-07-24 17:27:29 WARN  (DecompileCallback) Decompiling 073f0738, pcode error at 073f0738: Unable to disassemble EXTERNAL block location: 073f0738  
2026-07-24 17:27:29 WARN  (DecompileCallback) Decompiling 073f0740, pcode error at 073f0740: Unable to disassemble EXTERNAL block location: 073f0740  
2026-07-24 17:27:29 WARN  (DecompileCallback) Decompiling 073f0748, pcode error at 073f0748: Unable to disassemble EXTERNAL block location: 073f0748  
2026-07-24 17:27:29 WARN  (DecompileCallback) Decompiling 073f0750, pcode error at 073f0750: Unable to disassemble EXTERNAL block location: 073f0750  
2026-07-24 17:27:29 WARN  (DecompileCallback) Decompiling 073f0758, pcode error at 073f0758: Unable to disassemble EXTERNAL block location: 073f0758  
2026-07-24 17:27:29 WARN  (DecompileCallback) Decompiling 073f0760, pcode error at 073f0760: Unable to disassemble EXTERNAL block location: 073f0760  
2026-07-24 17:27:29 WARN  (DecompileCallback) Decompiling 073f0768, pcode error at 073f0768: Unable to disassemble EXTERNAL block location: 073f0768  
2026-07-24 17:27:29 WARN  (DecompileCallback) Decompiling 073f0770, pcode error at 073f0770: Unable to disassemble EXTERNAL block location: 073f0770  
2026-07-24 17:27:29 WARN  (DecompileCallback) Decompiling 073f0778, pcode error at 073f0778: Unable to disassemble EXTERNAL block location: 073f0778  
2026-07-24 17:27:29 WARN  (DecompileCallback) Decompiling 073f0780, pcode error at 073f0780: Unable to disassemble EXTERNAL block location: 073f0780  
2026-07-24 17:27:29 WARN  (DecompileCallback) Decompiling 073f0788, pcode error at 073f0788: Unable to disassemble EXTERNAL block location: 073f0788  
2026-07-24 17:27:29 WARN  (DecompileCallback) Decompiling 073f0790, pcode error at 073f0790: Unable to disassemble EXTERNAL block location: 073f0790  
2026-07-24 17:27:29 WARN  (DecompileCallback) Decompiling 073f0798, pcode error at 073f0798: Unable to disassemble EXTERNAL block location: 073f0798  
2026-07-24 17:27:29 WARN  (DecompileCallback) Decompiling 073f07a0, pcode error at 073f07a0: Unable to disassemble EXTERNAL block location: 073f07a0  
2026-07-24 17:27:29 WARN  (DecompileCallback) Decompiling 073f07a8, pcode error at 073f07a8: Unable to disassemble EXTERNAL block location: 073f07a8  
2026-07-24 17:27:29 WARN  (DecompileCallback) Decompiling 073f07b0, pcode error at 073f07b0: Unable to disassemble EXTERNAL block location: 073f07b0  
2026-07-24 17:27:29 WARN  (DecompileCallback) Decompiling 073f07b8, pcode error at 073f07b8: Unable to disassemble EXTERNAL block location: 073f07b8  
2026-07-24 17:27:29 WARN  (DecompileCallback) Decompiling 073f07c0, pcode error at 073f07c0: Unable to disassemble EXTERNAL block location: 073f07c0  
2026-07-24 17:27:29 WARN  (DecompileCallback) Decompiling 073f07c8, pcode error at 073f07c8: Unable to disassemble EXTERNAL block location: 073f07c8  
2026-07-24 17:27:29 WARN  (DecompileCallback) Decompiling 073f07d0, pcode error at 073f07d0: Unable to disassemble EXTERNAL block location: 073f07d0  
2026-07-24 17:27:29 WARN  (DecompileCallback) Decompiling 073f07d8, pcode error at 073f07d8: Unable to disassemble EXTERNAL block location: 073f07d8  
2026-07-24 17:27:29 WARN  (DecompileCallback) Decompiling 073f07e0, pcode error at 073f07e0: Unable to disassemble EXTERNAL block location: 073f07e0  
2026-07-24 17:27:29 WARN  (DecompileCallback) Decompiling 073f07e8, pcode error at 073f07e8: Unable to disassemble EXTERNAL block location: 073f07e8  
2026-07-24 17:27:29 WARN  (DecompileCallback) Decompiling 073f07f0, pcode error at 073f07f0: Unable to disassemble EXTERNAL block location: 073f07f0  
2026-07-24 17:27:29 WARN  (DecompileCallback) Decompiling 073f07f8, pcode error at 073f07f8: Unable to disassemble EXTERNAL block location: 073f07f8  
2026-07-24 17:27:29 WARN  (DecompileCallback) Decompiling 073f0800, pcode error at 073f0800: Unable to disassemble EXTERNAL block location: 073f0800  
2026-07-24 17:27:29 WARN  (DecompileCallback) Decompiling 073f0808, pcode error at 073f0808: Unable to disassemble EXTERNAL block location: 073f0808  
2026-07-24 17:27:29 WARN  (DecompileCallback) Decompiling 073f0810, pcode error at 073f0810: Unable to disassemble EXTERNAL block location: 073f0810  
2026-07-24 17:27:29 WARN  (DecompileCallback) Decompiling 073f0818, pcode error at 073f0818: Unable to disassemble EXTERNAL block location: 073f0818  
2026-07-24 17:27:29 WARN  (DecompileCallback) Decompiling 073f0820, pcode error at 073f0820: Unable to disassemble EXTERNAL block location: 073f0820  
2026-07-24 17:27:29 WARN  (DecompileCallback) Decompiling 073f0828, pcode error at 073f0828: Unable to disassemble EXTERNAL block location: 073f0828  
2026-07-24 17:27:29 WARN  (DecompileCallback) Decompiling 073f0830, pcode error at 073f0830: Unable to disassemble EXTERNAL block location: 073f0830  
2026-07-24 17:27:29 WARN  (DecompileCallback) Decompiling 073f0838, pcode error at 073f0838: Unable to disassemble EXTERNAL block location: 073f0838  
2026-07-24 17:27:29 WARN  (DecompileCallback) Decompiling 073f0840, pcode error at 073f0840: Unable to disassemble EXTERNAL block location: 073f0840  
2026-07-24 17:27:29 WARN  (DecompileCallback) Decompiling 073f0848, pcode error at 073f0848: Unable to disassemble EXTERNAL block location: 073f0848  
2026-07-24 17:27:29 WARN  (DecompileCallback) Decompiling 073f0850, pcode error at 073f0850: Unable to disassemble EXTERNAL block location: 073f0850  
2026-07-24 17:27:29 WARN  (DecompileCallback) Decompiling 073f0858, pcode error at 073f0858: Unable to disassemble EXTERNAL block location: 073f0858  
2026-07-24 17:27:29 WARN  (DecompileCallback) Decompiling 073f0860, pcode error at 073f0860: Unable to disassemble EXTERNAL block location: 073f0860  
2026-07-24 17:27:29 WARN  (DecompileCallback) Decompiling 073f0868, pcode error at 073f0868: Unable to disassemble EXTERNAL block location: 073f0868  
2026-07-24 17:27:29 WARN  (DecompileCallback) Decompiling 073f0870, pcode error at 073f0870: Unable to disassemble EXTERNAL block location: 073f0870  
2026-07-24 17:27:29 WARN  (DecompileCallback) Decompiling 073f0878, pcode error at 073f0878: Unable to disassemble EXTERNAL block location: 073f0878  
2026-07-24 17:27:29 WARN  (DecompileCallback) Decompiling 073f0880, pcode error at 073f0880: Unable to disassemble EXTERNAL block location: 073f0880  
2026-07-24 17:27:29 WARN  (DecompileCallback) Decompiling 073f0888, pcode error at 073f0888: Unable to disassemble EXTERNAL block location: 073f0888  
2026-07-24 17:27:29 WARN  (DecompileCallback) Decompiling 073f0890, pcode error at 073f0890: Unable to disassemble EXTERNAL block location: 073f0890  
2026-07-24 17:27:29 WARN  (DecompileCallback) Decompiling 073f0898, pcode error at 073f0898: Unable to disassemble EXTERNAL block location: 073f0898  
2026-07-24 17:27:29 WARN  (DecompileCallback) Decompiling 073f08a0, pcode error at 073f08a0: Unable to disassemble EXTERNAL block location: 073f08a0  
2026-07-24 17:27:29 WARN  (DecompileCallback) Decompiling 073f08a8, pcode error at 073f08a8: Unable to disassemble EXTERNAL block location: 073f08a8  
2026-07-24 17:27:29 WARN  (DecompileCallback) Decompiling 073f08b0, pcode error at 073f08b0: Unable to disassemble EXTERNAL block location: 073f08b0  
2026-07-24 17:27:29 WARN  (DecompileCallback) Decompiling 073f08b8, pcode error at 073f08b8: Unable to disassemble EXTERNAL block location: 073f08b8  
2026-07-24 17:27:29 WARN  (DecompileCallback) Decompiling 073f08c0, pcode error at 073f08c0: Unable to disassemble EXTERNAL block location: 073f08c0  
2026-07-24 17:27:29 WARN  (DecompileCallback) Decompiling 073f08c8, pcode error at 073f08c8: Unable to disassemble EXTERNAL block location: 073f08c8  
2026-07-24 17:27:29 WARN  (DecompileCallback) Decompiling 073f08d0, pcode error at 073f08d0: Unable to disassemble EXTERNAL block location: 073f08d0  
2026-07-24 17:27:29 WARN  (DecompileCallback) Decompiling 073f08d8, pcode error at 073f08d8: Unable to disassemble EXTERNAL block location: 073f08d8  
2026-07-24 17:27:29 WARN  (DecompileCallback) Decompiling 073f08e0, pcode error at 073f08e0: Unable to disassemble EXTERNAL block location: 073f08e0  
2026-07-24 17:27:29 WARN  (DecompileCallback) Decompiling 073f08e8, pcode error at 073f08e8: Unable to disassemble EXTERNAL block location: 073f08e8  
2026-07-24 17:27:29 WARN  (DecompileCallback) Decompiling 073f08f0, pcode error at 073f08f0: Unable to disassemble EXTERNAL block location: 073f08f0  
2026-07-24 17:27:29 WARN  (DecompileCallback) Decompiling 073f08f8, pcode error at 073f08f8: Unable to disassemble EXTERNAL block location: 073f08f8  
2026-07-24 17:27:29 WARN  (DecompileCallback) Decompiling 073f0900, pcode error at 073f0900: Unable to disassemble EXTERNAL block location: 073f0900  
2026-07-24 17:27:29 WARN  (DecompileCallback) Decompiling 073f0908, pcode error at 073f0908: Unable to disassemble EXTERNAL block location: 073f0908  
2026-07-24 17:27:29 WARN  (DecompileCallback) Decompiling 073f0910, pcode error at 073f0910: Unable to disassemble EXTERNAL block location: 073f0910  
2026-07-24 17:27:29 WARN  (DecompileCallback) Decompiling 073f0918, pcode error at 073f0918: Unable to disassemble EXTERNAL block location: 073f0918  
2026-07-24 17:27:29 WARN  (DecompileCallback) Decompiling 073f0920, pcode error at 073f0920: Unable to disassemble EXTERNAL block location: 073f0920  
2026-07-24 17:27:29 WARN  (DecompileCallback) Decompiling 073f0928, pcode error at 073f0928: Unable to disassemble EXTERNAL block location: 073f0928  
2026-07-24 17:27:29 WARN  (DecompileCallback) Decompiling 073f0930, pcode error at 073f0930: Unable to disassemble EXTERNAL block location: 073f0930  
2026-07-24 17:27:29 WARN  (DecompileCallback) Decompiling 073f0938, pcode error at 073f0938: Unable to disassemble EXTERNAL block location: 073f0938  
2026-07-24 17:27:29 INFO  (GhidraScript) GeneralStructureEyePatternScan.java> General structure scan complete.  
2026-07-24 17:27:29 INFO  (GhidraScript) GeneralStructureEyePatternScan.java> Total functions scanned: 759904  
2026-07-24 17:27:29 INFO  (GhidraScript) GeneralStructureEyePatternScan.java> Exported functions: 2293  
2026-07-24 17:27:29 INFO  (GhidraScript) GeneralStructureEyePatternScan.java> Decompile failures: 5148  
2026-07-24 17:27:29 INFO  (GhidraScript) GeneralStructureEyePatternScan.java> Report CSV: C:\realDesktop\manifest-evaluations\summer-26\ghidra-pipeline\il2cpp-files\Untangled\general-structure-results\structure_scan_report.csv  
2026-07-24 17:27:29 INFO  (GhidraScript) GeneralStructureEyePatternScan.java> Report JSON: C:\realDesktop\manifest-evaluations\summer-26\ghidra-pipeline\il2cpp-files\Untangled\general-structure-results\structure_scan_report.json  
2026-07-24 17:27:29 INFO  (HeadlessAnalyzer) REPORT: Save succeeded for processed file: /Untangled-libil2cpp.so  
