2026-07-15 20:08:39 INFO  (LoggingInitialization) Using log config file: jar:file:/C:/Users/kimgiordano27/Downloads/ghidra_12.1.2_PUBLIC_20260605/ghidra_12.1.2_PUBLIC/Ghidra/Framework/Generic/lib/Generic.jar!/generic.log4j.xml  
2026-07-15 20:08:39 INFO  (LoggingInitialization) Using log file: C:\realDesktop\manifest-evaluations\summer-26\ghidra-pipeline\il2cpp-files\IRONGUARDHomecoming\general-structure-ghidra.log  
2026-07-15 20:08:39 DEBUG (GhidraObjectInputFilter) Including serial input filter: FileSystem/data/client.rmi.serial.filter  
2026-07-15 20:08:39 INFO  (Preferences) Loading user preferences: C:\Users\kimgiordano27\AppData\Roaming\ghidra\ghidra_12.1.2_PUBLIC\preferences  
2026-07-15 20:08:39 INFO  (ClassSearcher) Searching for classes...  
2026-07-15 20:08:40 INFO  (ClassSearcher) Class search complete (663 ms)  
2026-07-15 20:08:40 INFO  (DefaultSSLContextInitializer) Initializing SSL Context  
2026-07-15 20:08:40 INFO  (SecureRandomFactory) Initializing Random Number Generator...  
2026-07-15 20:08:40 INFO  (SecureRandomFactory) Random Number Generator initialization complete: SHA1PRNG  
2026-07-15 20:08:40 INFO  (DefaultTrustManagerFactory) Trust manager disabled, cacerts have not been set  
2026-07-15 20:08:41 INFO  (AnalyzeHeadless) Headless startup complete (6467 ms)  
2026-07-15 20:08:41 INFO  (ClassSearcher) Class searcher loaded 59 extension points (20 false positives)  
2026-07-15 20:08:41 INFO  (HeadlessAnalyzer) HEADLESS Script Paths:
    C:\Users\kimgiordano27\Downloads\ghidra_12.1.2_PUBLIC_20260605\ghidra_12.1.2_PUBLIC\Ghidra\Features\DecompilerDependent\ghidra_scripts
    C:\Users\kimgiordano27\Downloads\ghidra_12.1.2_PUBLIC_20260605\ghidra_12.1.2_PUBLIC\Ghidra\Processors\Atmel\ghidra_scripts
    C:\Users\kimgiordano27\Downloads\ghidra_12.1.2_PUBLIC_20260605\ghidra_12.1.2_PUBLIC\Ghidra\Processors\PIC\ghidra_scripts
    C:\Users\kimgiordano27\Downloads\ghidra_12.1.2_PUBLIC_20260605\ghidra_12.1.2_PUBLIC\Ghidra\Features\VersionTracking\ghidra_scripts
    C:\Users\kimgiordano27\Downloads\ghidra_12.1.2_PUBLIC_20260605\ghidra_12.1.2_PUBLIC\Ghidra\Features\BytePatterns\ghidra_scripts
    C:\Users\kimgiordano27\ghidra_scripts
    C:\Users\kimgiordano27\Downloads\ghidra_12.1.2_PUBLIC_20260605\ghidra_12.1.2_PUBLIC\Ghidra\Features\BSim\ghidra_scripts
    C:\realDesktop\manifest-evaluations\summer-26\ghidra-pipeline\ghidra-export-scripts
    C:\Users\kimgiordano27\Downloads\ghidra_12.1.2_PUBLIC_20260605\ghidra_12.1.2_PUBLIC\Ghidra\Processors\JVM\ghidra_scripts
    C:\Users\kimgiordano27\Downloads\ghidra_12.1.2_PUBLIC_20260605\ghidra_12.1.2_PUBLIC\Ghidra\Features\Base\ghidra_scripts
    C:\Users\kimgiordano27\Downloads\ghidra_12.1.2_PUBLIC_20260605\ghidra_12.1.2_PUBLIC\Ghidra\Features\SwiftDemangler\ghidra_scripts
    C:\Users\kimgiordano27\Downloads\ghidra_12.1.2_PUBLIC_20260605\ghidra_12.1.2_PUBLIC\Ghidra\Features\WildcardAssembler\ghidra_scripts
    C:\Users\kimgiordano27\Downloads\ghidra_12.1.2_PUBLIC_20260605\ghidra_12.1.2_PUBLIC\Ghidra\Features\FileFormats\ghidra_scripts
    C:\Users\kimgiordano27\Downloads\ghidra_12.1.2_PUBLIC_20260605\ghidra_12.1.2_PUBLIC\Ghidra\Features\Decompiler\ghidra_scripts
    C:\Users\kimgiordano27\Downloads\ghidra_12.1.2_PUBLIC_20260605\ghidra_12.1.2_PUBLIC\Ghidra\Features\SystemEmulation\ghidra_scripts
    C:\Users\kimgiordano27\Downloads\ghidra_12.1.2_PUBLIC_20260605\ghidra_12.1.2_PUBLIC\Ghidra\Processors\8051\ghidra_scripts
    C:\Users\kimgiordano27\Downloads\ghidra_12.1.2_PUBLIC_20260605\ghidra_12.1.2_PUBLIC\Ghidra\Features\GnuDemangler\ghidra_scripts
    C:\Users\kimgiordano27\Downloads\ghidra_12.1.2_PUBLIC_20260605\ghidra_12.1.2_PUBLIC\Ghidra\Debug\Debugger\ghidra_scripts
    C:\Users\kimgiordano27\Downloads\ghidra_12.1.2_PUBLIC_20260605\ghidra_12.1.2_PUBLIC\Ghidra\Processors\DATA\ghidra_scripts
    C:\Users\kimgiordano27\Downloads\ghidra_12.1.2_PUBLIC_20260605\ghidra_12.1.2_PUBLIC\Ghidra\Debug\Debugger-rmi-trace\ghidra_scripts
    C:\Users\kimgiordano27\Downloads\ghidra_12.1.2_PUBLIC_20260605\ghidra_12.1.2_PUBLIC\Ghidra\Features\FunctionID\ghidra_scripts
    C:\Users\kimgiordano27\Downloads\ghidra_12.1.2_PUBLIC_20260605\ghidra_12.1.2_PUBLIC\Ghidra\Features\MicrosoftCodeAnalyzer\ghidra_scripts
    C:\Users\kimgiordano27\Downloads\ghidra_12.1.2_PUBLIC_20260605\ghidra_12.1.2_PUBLIC\Ghidra\Features\PDB\ghidra_scripts
    C:\Users\kimgiordano27\AppData\Roaming\ghidra\ghidra_12.1.2_PUBLIC\Extensions\Jython\ghidra_scripts
    C:\Users\kimgiordano27\Downloads\ghidra_12.1.2_PUBLIC_20260605\ghidra_12.1.2_PUBLIC\Ghidra\Features\PyGhidra\ghidra_scripts  
2026-07-15 20:08:41 INFO  (HeadlessAnalyzer) HEADLESS: execution starts  
2026-07-15 20:08:41 INFO  (HeadlessAnalyzer) Opening existing project: C:\realDesktop\manifest-evaluations\summer-26\ghidra-pipeline\il2cpp-files\IRONGUARDHomecoming\ghidra-project-IRONGUARDHomecoming\IRONGUARDHomecoming  
2026-07-15 20:08:41 INFO  (HeadlessProject) Opening project: C:\realDesktop\manifest-evaluations\summer-26\ghidra-pipeline\il2cpp-files\IRONGUARDHomecoming\ghidra-project-IRONGUARDHomecoming\IRONGUARDHomecoming  
2026-07-15 20:08:41 INFO  (LocalFileSystem) /IRONGUARDHomecoming-libil2cpp.so: checkout (2) granted (kimgiordano27)  
2026-07-15 20:08:45 INFO  (HeadlessAnalyzer) REPORT: Processing project file: /IRONGUARDHomecoming-libil2cpp.so  
2026-07-15 20:08:45 INFO  (HeadlessAnalyzer) REPORT: Execute script: GeneralStructureEyePatternScan.java 'C:\realDesktop\manifest-evaluations\summer-26\ghidra-pipeline\il2cpp-files\IRONGUARDHomecoming\general-structure-results' '70' 'false'   
2026-07-15 20:08:46 INFO  (HeadlessAnalyzer) SCRIPT: C:\realDesktop\manifest-evaluations\summer-26\ghidra-pipeline\ghidra-export-scripts\GeneralStructureEyePatternScan.java  
2026-07-15 20:08:46 INFO  (GhidraScript) GeneralStructureEyePatternScan.java> General structure scan starting...  
2026-07-15 20:08:46 INFO  (GhidraScript) GeneralStructureEyePatternScan.java> Output: C:\realDesktop\manifest-evaluations\summer-26\ghidra-pipeline\il2cpp-files\IRONGUARDHomecoming\general-structure-results  
2026-07-15 20:08:46 INFO  (GhidraScript) GeneralStructureEyePatternScan.java> Minimum review score: 70  
2026-07-15 20:08:46 INFO  (GhidraScript) GeneralStructureEyePatternScan.java> Export all: false  
2026-07-15 20:09:07 INFO  (GhidraScript) GeneralStructureEyePatternScan.java> Scanned 10000 functions. Exported so far: 0  
2026-07-15 20:09:21 INFO  (GhidraScript) GeneralStructureEyePatternScan.java> Scanned 20000 functions. Exported so far: 0  
2026-07-15 20:09:35 INFO  (GhidraScript) GeneralStructureEyePatternScan.java> Scanned 30000 functions. Exported so far: 0  
2026-07-15 20:09:59 INFO  (GhidraScript) GeneralStructureEyePatternScan.java> Scanned 40000 functions. Exported so far: 0  
2026-07-15 20:10:20 INFO  (GhidraScript) GeneralStructureEyePatternScan.java> Scanned 50000 functions. Exported so far: 0  
2026-07-15 20:10:44 INFO  (GhidraScript) GeneralStructureEyePatternScan.java> Scanned 60000 functions. Exported so far: 0  
2026-07-15 20:11:08 INFO  (GhidraScript) GeneralStructureEyePatternScan.java> Scanned 70000 functions. Exported so far: 0  
2026-07-15 20:11:26 INFO  (GhidraScript) GeneralStructureEyePatternScan.java> Scanned 80000 functions. Exported so far: 7  
2026-07-15 20:13:17 INFO  (GhidraScript) GeneralStructureEyePatternScan.java> Scanned 90000 functions. Exported so far: 11  
2026-07-15 20:16:09 INFO  (GhidraScript) GeneralStructureEyePatternScan.java> Scanned 100000 functions. Exported so far: 81  
2026-07-15 20:18:17 INFO  (GhidraScript) GeneralStructureEyePatternScan.java> Scanned 110000 functions. Exported so far: 266  
2026-07-15 20:19:43 INFO  (GhidraScript) GeneralStructureEyePatternScan.java> Scanned 120000 functions. Exported so far: 1162  
2026-07-15 20:21:57 INFO  (GhidraScript) GeneralStructureEyePatternScan.java> Scanned 130000 functions. Exported so far: 1913  
2026-07-15 20:23:27 INFO  (GhidraScript) GeneralStructureEyePatternScan.java> Scanned 140000 functions. Exported so far: 2099  
2026-07-15 20:24:16 INFO  (GhidraScript) GeneralStructureEyePatternScan.java> Scanned 150000 functions. Exported so far: 2337  
2026-07-15 20:25:23 INFO  (GhidraScript) GeneralStructureEyePatternScan.java> Scanned 160000 functions. Exported so far: 2504  
2026-07-15 20:26:41 INFO  (GhidraScript) GeneralStructureEyePatternScan.java> Scanned 170000 functions. Exported so far: 2599  
2026-07-15 20:28:22 INFO  (GhidraScript) GeneralStructureEyePatternScan.java> Scanned 180000 functions. Exported so far: 2812  
2026-07-15 20:30:47 INFO  (GhidraScript) GeneralStructureEyePatternScan.java> Scanned 190000 functions. Exported so far: 3233  
2026-07-15 20:32:46 INFO  (GhidraScript) GeneralStructureEyePatternScan.java> Scanned 200000 functions. Exported so far: 3598  
2026-07-15 20:34:18 INFO  (GhidraScript) GeneralStructureEyePatternScan.java> Scanned 210000 functions. Exported so far: 4137  
2026-07-15 20:35:51 INFO  (GhidraScript) GeneralStructureEyePatternScan.java> Scanned 220000 functions. Exported so far: 4618  
2026-07-15 20:36:27 INFO  (GhidraScript) GeneralStructureEyePatternScan.java> Scanned 230000 functions. Exported so far: 4653  
2026-07-15 20:38:04 INFO  (GhidraScript) GeneralStructureEyePatternScan.java> Scanned 240000 functions. Exported so far: 4660  
2026-07-15 20:39:32 INFO  (GhidraScript) GeneralStructureEyePatternScan.java> Scanned 250000 functions. Exported so far: 4685  
2026-07-15 20:40:53 INFO  (GhidraScript) GeneralStructureEyePatternScan.java> Scanned 260000 functions. Exported so far: 5193  
2026-07-15 20:41:36 INFO  (GhidraScript) GeneralStructureEyePatternScan.java> Scanned 270000 functions. Exported so far: 5193  
2026-07-15 20:42:33 INFO  (GhidraScript) GeneralStructureEyePatternScan.java> Scanned 280000 functions. Exported so far: 5462  
2026-07-15 20:43:42 INFO  (GhidraScript) GeneralStructureEyePatternScan.java> Scanned 290000 functions. Exported so far: 5842  
2026-07-15 20:44:52 INFO  (GhidraScript) GeneralStructureEyePatternScan.java> Scanned 300000 functions. Exported so far: 6396  
2026-07-15 20:45:46 INFO  (GhidraScript) GeneralStructureEyePatternScan.java> Scanned 310000 functions. Exported so far: 6545  
2026-07-15 20:47:39 INFO  (GhidraScript) GeneralStructureEyePatternScan.java> Scanned 320000 functions. Exported so far: 6785  
2026-07-15 20:49:41 INFO  (GhidraScript) GeneralStructureEyePatternScan.java> Scanned 330000 functions. Exported so far: 7113  
2026-07-15 21:49:07 INFO  (GhidraScript) GeneralStructureEyePatternScan.java> Scanned 340000 functions. Exported so far: 7399  
2026-07-15 21:50:55 INFO  (GhidraScript) GeneralStructureEyePatternScan.java> Scanned 350000 functions. Exported so far: 8086  
2026-07-15 21:52:57 INFO  (GhidraScript) GeneralStructureEyePatternScan.java> Scanned 360000 functions. Exported so far: 8316  
2026-07-15 21:55:04 INFO  (GhidraScript) GeneralStructureEyePatternScan.java> Scanned 370000 functions. Exported so far: 8386  
2026-07-15 21:57:46 INFO  (GhidraScript) GeneralStructureEyePatternScan.java> Scanned 380000 functions. Exported so far: 8772  
2026-07-15 22:26:47 INFO  (GhidraScript) GeneralStructureEyePatternScan.java> Scanned 390000 functions. Exported so far: 9089  
2026-07-15 22:27:39 INFO  (GhidraScript) GeneralStructureEyePatternScan.java> Scanned 400000 functions. Exported so far: 9187  
2026-07-15 22:36:09 INFO  (GhidraScript) GeneralStructureEyePatternScan.java> Scanned 410000 functions. Exported so far: 9342  
2026-07-15 22:37:04 INFO  (GhidraScript) GeneralStructureEyePatternScan.java> Scanned 420000 functions. Exported so far: 9388  
2026-07-15 22:38:57 INFO  (GhidraScript) GeneralStructureEyePatternScan.java> Scanned 430000 functions. Exported so far: 9431  
2026-07-15 23:15:45 INFO  (GhidraScript) GeneralStructureEyePatternScan.java> Scanned 440000 functions. Exported so far: 9839  
2026-07-16 01:11:03 INFO  (GhidraScript) GeneralStructureEyePatternScan.java> Scanned 450000 functions. Exported so far: 10017  
2026-07-16 01:18:04 INFO  (GhidraScript) GeneralStructureEyePatternScan.java> Scanned 460000 functions. Exported so far: 10390  
2026-07-16 01:44:26 INFO  (GhidraScript) GeneralStructureEyePatternScan.java> Scanned 470000 functions. Exported so far: 10447  
2026-07-16 01:47:21 INFO  (GhidraScript) GeneralStructureEyePatternScan.java> Scanned 480000 functions. Exported so far: 10713  
2026-07-16 01:47:39 WARN  (DecompileCallback) Decompiling 04a5a000, pcode error at 04a5a000: Unable to disassemble EXTERNAL block location: 04a5a000  
2026-07-16 01:47:39 WARN  (DecompileCallback) Decompiling 04a5a008, pcode error at 04a5a008: Unable to disassemble EXTERNAL block location: 04a5a008  
2026-07-16 01:47:39 WARN  (DecompileCallback) Decompiling 04a5a010, pcode error at 04a5a010: Unable to disassemble EXTERNAL block location: 04a5a010  
2026-07-16 01:47:39 WARN  (DecompileCallback) Decompiling 04a5a018, pcode error at 04a5a018: Unable to disassemble EXTERNAL block location: 04a5a018  
2026-07-16 01:47:39 WARN  (DecompileCallback) Decompiling 04a5a020, pcode error at 04a5a020: Unable to disassemble EXTERNAL block location: 04a5a020  
2026-07-16 01:47:39 WARN  (DecompileCallback) Decompiling 04a5a028, pcode error at 04a5a028: Unable to disassemble EXTERNAL block location: 04a5a028  
2026-07-16 01:47:39 WARN  (DecompileCallback) Decompiling 04a5a030, pcode error at 04a5a030: Unable to disassemble EXTERNAL block location: 04a5a030  
2026-07-16 01:47:39 WARN  (DecompileCallback) Decompiling 04a5a038, pcode error at 04a5a038: Unable to disassemble EXTERNAL block location: 04a5a038  
2026-07-16 01:47:39 WARN  (DecompileCallback) Decompiling 04a5a040, pcode error at 04a5a040: Unable to disassemble EXTERNAL block location: 04a5a040  
2026-07-16 01:47:39 WARN  (DecompileCallback) Decompiling 04a5a048, pcode error at 04a5a048: Unable to disassemble EXTERNAL block location: 04a5a048  
2026-07-16 01:47:39 WARN  (DecompileCallback) Decompiling 04a5a050, pcode error at 04a5a050: Unable to disassemble EXTERNAL block location: 04a5a050  
2026-07-16 01:47:39 WARN  (DecompileCallback) Decompiling 04a5a058, pcode error at 04a5a058: Unable to disassemble EXTERNAL block location: 04a5a058  
2026-07-16 01:47:39 WARN  (DecompileCallback) Decompiling 04a5a060, pcode error at 04a5a060: Unable to disassemble EXTERNAL block location: 04a5a060  
2026-07-16 01:47:39 WARN  (DecompileCallback) Decompiling 04a5a068, pcode error at 04a5a068: Unable to disassemble EXTERNAL block location: 04a5a068  
2026-07-16 01:47:39 WARN  (DecompileCallback) Decompiling 04a5a070, pcode error at 04a5a070: Unable to disassemble EXTERNAL block location: 04a5a070  
2026-07-16 01:47:39 WARN  (DecompileCallback) Decompiling 04a5a078, pcode error at 04a5a078: Unable to disassemble EXTERNAL block location: 04a5a078  
2026-07-16 01:47:39 WARN  (DecompileCallback) Decompiling 04a5a080, pcode error at 04a5a080: Unable to disassemble EXTERNAL block location: 04a5a080  
2026-07-16 01:47:39 WARN  (DecompileCallback) Decompiling 04a5a088, pcode error at 04a5a088: Unable to disassemble EXTERNAL block location: 04a5a088  
2026-07-16 01:47:39 WARN  (DecompileCallback) Decompiling 04a5a090, pcode error at 04a5a090: Unable to disassemble EXTERNAL block location: 04a5a090  
2026-07-16 01:47:39 WARN  (DecompileCallback) Decompiling 04a5a098, pcode error at 04a5a098: Unable to disassemble EXTERNAL block location: 04a5a098  
2026-07-16 01:47:39 WARN  (DecompileCallback) Decompiling 04a5a0a0, pcode error at 04a5a0a0: Unable to disassemble EXTERNAL block location: 04a5a0a0  
2026-07-16 01:47:39 WARN  (DecompileCallback) Decompiling 04a5a0a8, pcode error at 04a5a0a8: Unable to disassemble EXTERNAL block location: 04a5a0a8  
2026-07-16 01:47:39 WARN  (DecompileCallback) Decompiling 04a5a0b0, pcode error at 04a5a0b0: Unable to disassemble EXTERNAL block location: 04a5a0b0  
2026-07-16 01:47:39 WARN  (DecompileCallback) Decompiling 04a5a0b8, pcode error at 04a5a0b8: Unable to disassemble EXTERNAL block location: 04a5a0b8  
2026-07-16 01:47:39 WARN  (DecompileCallback) Decompiling 04a5a0c0, pcode error at 04a5a0c0: Unable to disassemble EXTERNAL block location: 04a5a0c0  
2026-07-16 01:47:39 WARN  (DecompileCallback) Decompiling 04a5a0c8, pcode error at 04a5a0c8: Unable to disassemble EXTERNAL block location: 04a5a0c8  
2026-07-16 01:47:39 WARN  (DecompileCallback) Decompiling 04a5a0d0, pcode error at 04a5a0d0: Unable to disassemble EXTERNAL block location: 04a5a0d0  
2026-07-16 01:47:39 WARN  (DecompileCallback) Decompiling 04a5a0d8, pcode error at 04a5a0d8: Unable to disassemble EXTERNAL block location: 04a5a0d8  
2026-07-16 01:47:39 WARN  (DecompileCallback) Decompiling 04a5a0e0, pcode error at 04a5a0e0: Unable to disassemble EXTERNAL block location: 04a5a0e0  
2026-07-16 01:47:39 WARN  (DecompileCallback) Decompiling 04a5a0e8, pcode error at 04a5a0e8: Unable to disassemble EXTERNAL block location: 04a5a0e8  
2026-07-16 01:47:39 WARN  (DecompileCallback) Decompiling 04a5a0f0, pcode error at 04a5a0f0: Unable to disassemble EXTERNAL block location: 04a5a0f0  
2026-07-16 01:47:39 WARN  (DecompileCallback) Decompiling 04a5a0f8, pcode error at 04a5a0f8: Unable to disassemble EXTERNAL block location: 04a5a0f8  
2026-07-16 01:47:39 WARN  (DecompileCallback) Decompiling 04a5a100, pcode error at 04a5a100: Unable to disassemble EXTERNAL block location: 04a5a100  
2026-07-16 01:47:39 WARN  (DecompileCallback) Decompiling 04a5a108, pcode error at 04a5a108: Unable to disassemble EXTERNAL block location: 04a5a108  
2026-07-16 01:47:39 WARN  (DecompileCallback) Decompiling 04a5a110, pcode error at 04a5a110: Unable to disassemble EXTERNAL block location: 04a5a110  
2026-07-16 01:47:39 WARN  (DecompileCallback) Decompiling 04a5a118, pcode error at 04a5a118: Unable to disassemble EXTERNAL block location: 04a5a118  
2026-07-16 01:47:39 WARN  (DecompileCallback) Decompiling 04a5a120, pcode error at 04a5a120: Unable to disassemble EXTERNAL block location: 04a5a120  
2026-07-16 01:47:39 WARN  (DecompileCallback) Decompiling 04a5a128, pcode error at 04a5a128: Unable to disassemble EXTERNAL block location: 04a5a128  
2026-07-16 01:47:39 WARN  (DecompileCallback) Decompiling 04a5a130, pcode error at 04a5a130: Unable to disassemble EXTERNAL block location: 04a5a130  
2026-07-16 01:47:39 WARN  (DecompileCallback) Decompiling 04a5a138, pcode error at 04a5a138: Unable to disassemble EXTERNAL block location: 04a5a138  
2026-07-16 01:47:39 WARN  (DecompileCallback) Decompiling 04a5a148, pcode error at 04a5a148: Unable to disassemble EXTERNAL block location: 04a5a148  
2026-07-16 01:47:39 WARN  (DecompileCallback) Decompiling 04a5a150, pcode error at 04a5a150: Unable to disassemble EXTERNAL block location: 04a5a150  
2026-07-16 01:47:39 WARN  (DecompileCallback) Decompiling 04a5a158, pcode error at 04a5a158: Unable to disassemble EXTERNAL block location: 04a5a158  
2026-07-16 01:47:39 WARN  (DecompileCallback) Decompiling 04a5a160, pcode error at 04a5a160: Unable to disassemble EXTERNAL block location: 04a5a160  
2026-07-16 01:47:39 WARN  (DecompileCallback) Decompiling 04a5a168, pcode error at 04a5a168: Unable to disassemble EXTERNAL block location: 04a5a168  
2026-07-16 01:47:39 WARN  (DecompileCallback) Decompiling 04a5a170, pcode error at 04a5a170: Unable to disassemble EXTERNAL block location: 04a5a170  
2026-07-16 01:47:39 WARN  (DecompileCallback) Decompiling 04a5a178, pcode error at 04a5a178: Unable to disassemble EXTERNAL block location: 04a5a178  
2026-07-16 01:47:39 WARN  (DecompileCallback) Decompiling 04a5a180, pcode error at 04a5a180: Unable to disassemble EXTERNAL block location: 04a5a180  
2026-07-16 01:47:39 WARN  (DecompileCallback) Decompiling 04a5a188, pcode error at 04a5a188: Unable to disassemble EXTERNAL block location: 04a5a188  
2026-07-16 01:47:39 WARN  (DecompileCallback) Decompiling 04a5a190, pcode error at 04a5a190: Unable to disassemble EXTERNAL block location: 04a5a190  
2026-07-16 01:47:39 WARN  (DecompileCallback) Decompiling 04a5a198, pcode error at 04a5a198: Unable to disassemble EXTERNAL block location: 04a5a198  
2026-07-16 01:47:39 WARN  (DecompileCallback) Decompiling 04a5a1a0, pcode error at 04a5a1a0: Unable to disassemble EXTERNAL block location: 04a5a1a0  
2026-07-16 01:47:39 WARN  (DecompileCallback) Decompiling 04a5a1a8, pcode error at 04a5a1a8: Unable to disassemble EXTERNAL block location: 04a5a1a8  
2026-07-16 01:47:39 WARN  (DecompileCallback) Decompiling 04a5a1b0, pcode error at 04a5a1b0: Unable to disassemble EXTERNAL block location: 04a5a1b0  
2026-07-16 01:47:39 WARN  (DecompileCallback) Decompiling 04a5a1b8, pcode error at 04a5a1b8: Unable to disassemble EXTERNAL block location: 04a5a1b8  
2026-07-16 01:47:39 WARN  (DecompileCallback) Decompiling 04a5a1c0, pcode error at 04a5a1c0: Unable to disassemble EXTERNAL block location: 04a5a1c0  
2026-07-16 01:47:39 WARN  (DecompileCallback) Decompiling 04a5a1c8, pcode error at 04a5a1c8: Unable to disassemble EXTERNAL block location: 04a5a1c8  
2026-07-16 01:47:39 WARN  (DecompileCallback) Decompiling 04a5a1d0, pcode error at 04a5a1d0: Unable to disassemble EXTERNAL block location: 04a5a1d0  
2026-07-16 01:47:39 WARN  (DecompileCallback) Decompiling 04a5a1d8, pcode error at 04a5a1d8: Unable to disassemble EXTERNAL block location: 04a5a1d8  
2026-07-16 01:47:39 WARN  (DecompileCallback) Decompiling 04a5a1e0, pcode error at 04a5a1e0: Unable to disassemble EXTERNAL block location: 04a5a1e0  
2026-07-16 01:47:39 WARN  (DecompileCallback) Decompiling 04a5a1e8, pcode error at 04a5a1e8: Unable to disassemble EXTERNAL block location: 04a5a1e8  
2026-07-16 01:47:39 WARN  (DecompileCallback) Decompiling 04a5a1f0, pcode error at 04a5a1f0: Unable to disassemble EXTERNAL block location: 04a5a1f0  
2026-07-16 01:47:39 WARN  (DecompileCallback) Decompiling 04a5a1f8, pcode error at 04a5a1f8: Unable to disassemble EXTERNAL block location: 04a5a1f8  
2026-07-16 01:47:39 WARN  (DecompileCallback) Decompiling 04a5a200, pcode error at 04a5a200: Unable to disassemble EXTERNAL block location: 04a5a200  
2026-07-16 01:47:39 WARN  (DecompileCallback) Decompiling 04a5a208, pcode error at 04a5a208: Unable to disassemble EXTERNAL block location: 04a5a208  
2026-07-16 01:47:39 WARN  (DecompileCallback) Decompiling 04a5a210, pcode error at 04a5a210: Unable to disassemble EXTERNAL block location: 04a5a210  
2026-07-16 01:47:39 WARN  (DecompileCallback) Decompiling 04a5a218, pcode error at 04a5a218: Unable to disassemble EXTERNAL block location: 04a5a218  
2026-07-16 01:47:39 WARN  (DecompileCallback) Decompiling 04a5a220, pcode error at 04a5a220: Unable to disassemble EXTERNAL block location: 04a5a220  
2026-07-16 01:47:39 WARN  (DecompileCallback) Decompiling 04a5a228, pcode error at 04a5a228: Unable to disassemble EXTERNAL block location: 04a5a228  
2026-07-16 01:47:39 WARN  (DecompileCallback) Decompiling 04a5a230, pcode error at 04a5a230: Unable to disassemble EXTERNAL block location: 04a5a230  
2026-07-16 01:47:39 WARN  (DecompileCallback) Decompiling 04a5a238, pcode error at 04a5a238: Unable to disassemble EXTERNAL block location: 04a5a238  
2026-07-16 01:47:39 WARN  (DecompileCallback) Decompiling 04a5a240, pcode error at 04a5a240: Unable to disassemble EXTERNAL block location: 04a5a240  
2026-07-16 01:47:39 WARN  (DecompileCallback) Decompiling 04a5a248, pcode error at 04a5a248: Unable to disassemble EXTERNAL block location: 04a5a248  
2026-07-16 01:47:39 WARN  (DecompileCallback) Decompiling 04a5a250, pcode error at 04a5a250: Unable to disassemble EXTERNAL block location: 04a5a250  
2026-07-16 01:47:39 WARN  (DecompileCallback) Decompiling 04a5a258, pcode error at 04a5a258: Unable to disassemble EXTERNAL block location: 04a5a258  
2026-07-16 01:47:39 WARN  (DecompileCallback) Decompiling 04a5a260, pcode error at 04a5a260: Unable to disassemble EXTERNAL block location: 04a5a260  
2026-07-16 01:47:39 WARN  (DecompileCallback) Decompiling 04a5a268, pcode error at 04a5a268: Unable to disassemble EXTERNAL block location: 04a5a268  
2026-07-16 01:47:39 WARN  (DecompileCallback) Decompiling 04a5a270, pcode error at 04a5a270: Unable to disassemble EXTERNAL block location: 04a5a270  
2026-07-16 01:47:39 WARN  (DecompileCallback) Decompiling 04a5a278, pcode error at 04a5a278: Unable to disassemble EXTERNAL block location: 04a5a278  
2026-07-16 01:47:39 WARN  (DecompileCallback) Decompiling 04a5a280, pcode error at 04a5a280: Unable to disassemble EXTERNAL block location: 04a5a280  
2026-07-16 01:47:39 WARN  (DecompileCallback) Decompiling 04a5a288, pcode error at 04a5a288: Unable to disassemble EXTERNAL block location: 04a5a288  
2026-07-16 01:47:39 WARN  (DecompileCallback) Decompiling 04a5a290, pcode error at 04a5a290: Unable to disassemble EXTERNAL block location: 04a5a290  
2026-07-16 01:47:39 WARN  (DecompileCallback) Decompiling 04a5a298, pcode error at 04a5a298: Unable to disassemble EXTERNAL block location: 04a5a298  
2026-07-16 01:47:39 WARN  (DecompileCallback) Decompiling 04a5a2a0, pcode error at 04a5a2a0: Unable to disassemble EXTERNAL block location: 04a5a2a0  
2026-07-16 01:47:39 WARN  (DecompileCallback) Decompiling 04a5a2a8, pcode error at 04a5a2a8: Unable to disassemble EXTERNAL block location: 04a5a2a8  
2026-07-16 01:47:39 WARN  (DecompileCallback) Decompiling 04a5a2b0, pcode error at 04a5a2b0: Unable to disassemble EXTERNAL block location: 04a5a2b0  
2026-07-16 01:47:39 WARN  (DecompileCallback) Decompiling 04a5a2b8, pcode error at 04a5a2b8: Unable to disassemble EXTERNAL block location: 04a5a2b8  
2026-07-16 01:47:39 WARN  (DecompileCallback) Decompiling 04a5a2c0, pcode error at 04a5a2c0: Unable to disassemble EXTERNAL block location: 04a5a2c0  
2026-07-16 01:47:39 WARN  (DecompileCallback) Decompiling 04a5a2c8, pcode error at 04a5a2c8: Unable to disassemble EXTERNAL block location: 04a5a2c8  
2026-07-16 01:47:39 WARN  (DecompileCallback) Decompiling 04a5a2d0, pcode error at 04a5a2d0: Unable to disassemble EXTERNAL block location: 04a5a2d0  
2026-07-16 01:47:39 WARN  (DecompileCallback) Decompiling 04a5a2d8, pcode error at 04a5a2d8: Unable to disassemble EXTERNAL block location: 04a5a2d8  
2026-07-16 01:47:39 WARN  (DecompileCallback) Decompiling 04a5a2e0, pcode error at 04a5a2e0: Unable to disassemble EXTERNAL block location: 04a5a2e0  
2026-07-16 01:47:39 WARN  (DecompileCallback) Decompiling 04a5a2e8, pcode error at 04a5a2e8: Unable to disassemble EXTERNAL block location: 04a5a2e8  
2026-07-16 01:47:39 WARN  (DecompileCallback) Decompiling 04a5a2f0, pcode error at 04a5a2f0: Unable to disassemble EXTERNAL block location: 04a5a2f0  
2026-07-16 01:47:39 WARN  (DecompileCallback) Decompiling 04a5a2f8, pcode error at 04a5a2f8: Unable to disassemble EXTERNAL block location: 04a5a2f8  
2026-07-16 01:47:39 WARN  (DecompileCallback) Decompiling 04a5a300, pcode error at 04a5a300: Unable to disassemble EXTERNAL block location: 04a5a300  
2026-07-16 01:47:39 WARN  (DecompileCallback) Decompiling 04a5a308, pcode error at 04a5a308: Unable to disassemble EXTERNAL block location: 04a5a308  
2026-07-16 01:47:39 WARN  (DecompileCallback) Decompiling 04a5a310, pcode error at 04a5a310: Unable to disassemble EXTERNAL block location: 04a5a310  
2026-07-16 01:47:39 WARN  (DecompileCallback) Decompiling 04a5a318, pcode error at 04a5a318: Unable to disassemble EXTERNAL block location: 04a5a318  
2026-07-16 01:47:39 WARN  (DecompileCallback) Decompiling 04a5a320, pcode error at 04a5a320: Unable to disassemble EXTERNAL block location: 04a5a320  
2026-07-16 01:47:39 WARN  (DecompileCallback) Decompiling 04a5a328, pcode error at 04a5a328: Unable to disassemble EXTERNAL block location: 04a5a328  
2026-07-16 01:47:39 WARN  (DecompileCallback) Decompiling 04a5a330, pcode error at 04a5a330: Unable to disassemble EXTERNAL block location: 04a5a330  
2026-07-16 01:47:39 WARN  (DecompileCallback) Decompiling 04a5a338, pcode error at 04a5a338: Unable to disassemble EXTERNAL block location: 04a5a338  
2026-07-16 01:47:39 WARN  (DecompileCallback) Decompiling 04a5a340, pcode error at 04a5a340: Unable to disassemble EXTERNAL block location: 04a5a340  
2026-07-16 01:47:39 WARN  (DecompileCallback) Decompiling 04a5a348, pcode error at 04a5a348: Unable to disassemble EXTERNAL block location: 04a5a348  
2026-07-16 01:47:39 WARN  (DecompileCallback) Decompiling 04a5a350, pcode error at 04a5a350: Unable to disassemble EXTERNAL block location: 04a5a350  
2026-07-16 01:47:39 WARN  (DecompileCallback) Decompiling 04a5a358, pcode error at 04a5a358: Unable to disassemble EXTERNAL block location: 04a5a358  
2026-07-16 01:47:39 WARN  (DecompileCallback) Decompiling 04a5a360, pcode error at 04a5a360: Unable to disassemble EXTERNAL block location: 04a5a360  
2026-07-16 01:47:39 WARN  (DecompileCallback) Decompiling 04a5a368, pcode error at 04a5a368: Unable to disassemble EXTERNAL block location: 04a5a368  
2026-07-16 01:47:39 WARN  (DecompileCallback) Decompiling 04a5a370, pcode error at 04a5a370: Unable to disassemble EXTERNAL block location: 04a5a370  
2026-07-16 01:47:39 WARN  (DecompileCallback) Decompiling 04a5a378, pcode error at 04a5a378: Unable to disassemble EXTERNAL block location: 04a5a378  
2026-07-16 01:47:39 WARN  (DecompileCallback) Decompiling 04a5a380, pcode error at 04a5a380: Unable to disassemble EXTERNAL block location: 04a5a380  
2026-07-16 01:47:39 WARN  (DecompileCallback) Decompiling 04a5a388, pcode error at 04a5a388: Unable to disassemble EXTERNAL block location: 04a5a388  
2026-07-16 01:47:39 WARN  (DecompileCallback) Decompiling 04a5a390, pcode error at 04a5a390: Unable to disassemble EXTERNAL block location: 04a5a390  
2026-07-16 01:47:39 WARN  (DecompileCallback) Decompiling 04a5a398, pcode error at 04a5a398: Unable to disassemble EXTERNAL block location: 04a5a398  
2026-07-16 01:47:39 WARN  (DecompileCallback) Decompiling 04a5a3a0, pcode error at 04a5a3a0: Unable to disassemble EXTERNAL block location: 04a5a3a0  
2026-07-16 01:47:39 WARN  (DecompileCallback) Decompiling 04a5a3a8, pcode error at 04a5a3a8: Unable to disassemble EXTERNAL block location: 04a5a3a8  
2026-07-16 01:47:39 WARN  (DecompileCallback) Decompiling 04a5a3b0, pcode error at 04a5a3b0: Unable to disassemble EXTERNAL block location: 04a5a3b0  
2026-07-16 01:47:39 WARN  (DecompileCallback) Decompiling 04a5a3b8, pcode error at 04a5a3b8: Unable to disassemble EXTERNAL block location: 04a5a3b8  
2026-07-16 01:47:39 WARN  (DecompileCallback) Decompiling 04a5a3c0, pcode error at 04a5a3c0: Unable to disassemble EXTERNAL block location: 04a5a3c0  
2026-07-16 01:47:39 WARN  (DecompileCallback) Decompiling 04a5a3c8, pcode error at 04a5a3c8: Unable to disassemble EXTERNAL block location: 04a5a3c8  
2026-07-16 01:47:39 WARN  (DecompileCallback) Decompiling 04a5a3d0, pcode error at 04a5a3d0: Unable to disassemble EXTERNAL block location: 04a5a3d0  
2026-07-16 01:47:39 WARN  (DecompileCallback) Decompiling 04a5a3d8, pcode error at 04a5a3d8: Unable to disassemble EXTERNAL block location: 04a5a3d8  
2026-07-16 01:47:39 WARN  (DecompileCallback) Decompiling 04a5a3e0, pcode error at 04a5a3e0: Unable to disassemble EXTERNAL block location: 04a5a3e0  
2026-07-16 01:47:39 WARN  (DecompileCallback) Decompiling 04a5a3e8, pcode error at 04a5a3e8: Unable to disassemble EXTERNAL block location: 04a5a3e8  
2026-07-16 01:47:39 WARN  (DecompileCallback) Decompiling 04a5a3f0, pcode error at 04a5a3f0: Unable to disassemble EXTERNAL block location: 04a5a3f0  
2026-07-16 01:47:39 WARN  (DecompileCallback) Decompiling 04a5a3f8, pcode error at 04a5a3f8: Unable to disassemble EXTERNAL block location: 04a5a3f8  
2026-07-16 01:47:39 WARN  (DecompileCallback) Decompiling 04a5a400, pcode error at 04a5a400: Unable to disassemble EXTERNAL block location: 04a5a400  
2026-07-16 01:47:39 WARN  (DecompileCallback) Decompiling 04a5a408, pcode error at 04a5a408: Unable to disassemble EXTERNAL block location: 04a5a408  
2026-07-16 01:47:39 WARN  (DecompileCallback) Decompiling 04a5a410, pcode error at 04a5a410: Unable to disassemble EXTERNAL block location: 04a5a410  
2026-07-16 01:47:39 WARN  (DecompileCallback) Decompiling 04a5a418, pcode error at 04a5a418: Unable to disassemble EXTERNAL block location: 04a5a418  
2026-07-16 01:47:39 WARN  (DecompileCallback) Decompiling 04a5a420, pcode error at 04a5a420: Unable to disassemble EXTERNAL block location: 04a5a420  
2026-07-16 01:47:39 WARN  (DecompileCallback) Decompiling 04a5a428, pcode error at 04a5a428: Unable to disassemble EXTERNAL block location: 04a5a428  
2026-07-16 01:47:39 WARN  (DecompileCallback) Decompiling 04a5a430, pcode error at 04a5a430: Unable to disassemble EXTERNAL block location: 04a5a430  
2026-07-16 01:47:39 WARN  (DecompileCallback) Decompiling 04a5a438, pcode error at 04a5a438: Unable to disassemble EXTERNAL block location: 04a5a438  
2026-07-16 01:47:39 WARN  (DecompileCallback) Decompiling 04a5a440, pcode error at 04a5a440: Unable to disassemble EXTERNAL block location: 04a5a440  
2026-07-16 01:47:39 WARN  (DecompileCallback) Decompiling 04a5a448, pcode error at 04a5a448: Unable to disassemble EXTERNAL block location: 04a5a448  
2026-07-16 01:47:39 WARN  (DecompileCallback) Decompiling 04a5a450, pcode error at 04a5a450: Unable to disassemble EXTERNAL block location: 04a5a450  
2026-07-16 01:47:39 WARN  (DecompileCallback) Decompiling 04a5a458, pcode error at 04a5a458: Unable to disassemble EXTERNAL block location: 04a5a458  
2026-07-16 01:47:39 WARN  (DecompileCallback) Decompiling 04a5a460, pcode error at 04a5a460: Unable to disassemble EXTERNAL block location: 04a5a460  
2026-07-16 01:47:39 WARN  (DecompileCallback) Decompiling 04a5a468, pcode error at 04a5a468: Unable to disassemble EXTERNAL block location: 04a5a468  
2026-07-16 01:47:39 WARN  (DecompileCallback) Decompiling 04a5a470, pcode error at 04a5a470: Unable to disassemble EXTERNAL block location: 04a5a470  
2026-07-16 01:47:39 WARN  (DecompileCallback) Decompiling 04a5a480, pcode error at 04a5a480: Unable to disassemble EXTERNAL block location: 04a5a480  
2026-07-16 01:47:39 WARN  (DecompileCallback) Decompiling 04a5a488, pcode error at 04a5a488: Unable to disassemble EXTERNAL block location: 04a5a488  
2026-07-16 01:47:39 WARN  (DecompileCallback) Decompiling 04a5a490, pcode error at 04a5a490: Unable to disassemble EXTERNAL block location: 04a5a490  
2026-07-16 01:47:39 WARN  (DecompileCallback) Decompiling 04a5a498, pcode error at 04a5a498: Unable to disassemble EXTERNAL block location: 04a5a498  
2026-07-16 01:47:39 WARN  (DecompileCallback) Decompiling 04a5a4a0, pcode error at 04a5a4a0: Unable to disassemble EXTERNAL block location: 04a5a4a0  
2026-07-16 01:47:39 WARN  (DecompileCallback) Decompiling 04a5a4a8, pcode error at 04a5a4a8: Unable to disassemble EXTERNAL block location: 04a5a4a8  
2026-07-16 01:47:39 WARN  (DecompileCallback) Decompiling 04a5a4b0, pcode error at 04a5a4b0: Unable to disassemble EXTERNAL block location: 04a5a4b0  
2026-07-16 01:47:39 WARN  (DecompileCallback) Decompiling 04a5a4b8, pcode error at 04a5a4b8: Unable to disassemble EXTERNAL block location: 04a5a4b8  
2026-07-16 01:47:39 WARN  (DecompileCallback) Decompiling 04a5a4c0, pcode error at 04a5a4c0: Unable to disassemble EXTERNAL block location: 04a5a4c0  
2026-07-16 01:47:39 WARN  (DecompileCallback) Decompiling 04a5a4c8, pcode error at 04a5a4c8: Unable to disassemble EXTERNAL block location: 04a5a4c8  
2026-07-16 01:47:39 WARN  (DecompileCallback) Decompiling 04a5a4d0, pcode error at 04a5a4d0: Unable to disassemble EXTERNAL block location: 04a5a4d0  
2026-07-16 01:47:39 WARN  (DecompileCallback) Decompiling 04a5a4d8, pcode error at 04a5a4d8: Unable to disassemble EXTERNAL block location: 04a5a4d8  
2026-07-16 01:47:39 WARN  (DecompileCallback) Decompiling 04a5a4e0, pcode error at 04a5a4e0: Unable to disassemble EXTERNAL block location: 04a5a4e0  
2026-07-16 01:47:39 WARN  (DecompileCallback) Decompiling 04a5a4e8, pcode error at 04a5a4e8: Unable to disassemble EXTERNAL block location: 04a5a4e8  
2026-07-16 01:47:39 WARN  (DecompileCallback) Decompiling 04a5a4f0, pcode error at 04a5a4f0: Unable to disassemble EXTERNAL block location: 04a5a4f0  
2026-07-16 01:47:39 WARN  (DecompileCallback) Decompiling 04a5a4f8, pcode error at 04a5a4f8: Unable to disassemble EXTERNAL block location: 04a5a4f8  
2026-07-16 01:47:39 WARN  (DecompileCallback) Decompiling 04a5a500, pcode error at 04a5a500: Unable to disassemble EXTERNAL block location: 04a5a500  
2026-07-16 01:47:39 WARN  (DecompileCallback) Decompiling 04a5a508, pcode error at 04a5a508: Unable to disassemble EXTERNAL block location: 04a5a508  
2026-07-16 01:47:39 WARN  (DecompileCallback) Decompiling 04a5a510, pcode error at 04a5a510: Unable to disassemble EXTERNAL block location: 04a5a510  
2026-07-16 01:47:39 WARN  (DecompileCallback) Decompiling 04a5a518, pcode error at 04a5a518: Unable to disassemble EXTERNAL block location: 04a5a518  
2026-07-16 01:47:39 WARN  (DecompileCallback) Decompiling 04a5a520, pcode error at 04a5a520: Unable to disassemble EXTERNAL block location: 04a5a520  
2026-07-16 01:47:39 WARN  (DecompileCallback) Decompiling 04a5a528, pcode error at 04a5a528: Unable to disassemble EXTERNAL block location: 04a5a528  
2026-07-16 01:47:39 WARN  (DecompileCallback) Decompiling 04a5a530, pcode error at 04a5a530: Unable to disassemble EXTERNAL block location: 04a5a530  
2026-07-16 01:47:39 WARN  (DecompileCallback) Decompiling 04a5a538, pcode error at 04a5a538: Unable to disassemble EXTERNAL block location: 04a5a538  
2026-07-16 01:47:39 WARN  (DecompileCallback) Decompiling 04a5a540, pcode error at 04a5a540: Unable to disassemble EXTERNAL block location: 04a5a540  
2026-07-16 01:47:39 WARN  (DecompileCallback) Decompiling 04a5a548, pcode error at 04a5a548: Unable to disassemble EXTERNAL block location: 04a5a548  
2026-07-16 01:47:39 WARN  (DecompileCallback) Decompiling 04a5a550, pcode error at 04a5a550: Unable to disassemble EXTERNAL block location: 04a5a550  
2026-07-16 01:47:39 WARN  (DecompileCallback) Decompiling 04a5a558, pcode error at 04a5a558: Unable to disassemble EXTERNAL block location: 04a5a558  
2026-07-16 01:47:39 WARN  (DecompileCallback) Decompiling 04a5a560, pcode error at 04a5a560: Unable to disassemble EXTERNAL block location: 04a5a560  
2026-07-16 01:47:39 WARN  (DecompileCallback) Decompiling 04a5a568, pcode error at 04a5a568: Unable to disassemble EXTERNAL block location: 04a5a568  
2026-07-16 01:47:39 WARN  (DecompileCallback) Decompiling 04a5a570, pcode error at 04a5a570: Unable to disassemble EXTERNAL block location: 04a5a570  
2026-07-16 01:47:39 WARN  (DecompileCallback) Decompiling 04a5a578, pcode error at 04a5a578: Unable to disassemble EXTERNAL block location: 04a5a578  
2026-07-16 01:47:39 WARN  (DecompileCallback) Decompiling 04a5a580, pcode error at 04a5a580: Unable to disassemble EXTERNAL block location: 04a5a580  
2026-07-16 01:47:39 WARN  (DecompileCallback) Decompiling 04a5a588, pcode error at 04a5a588: Unable to disassemble EXTERNAL block location: 04a5a588  
2026-07-16 01:47:39 WARN  (DecompileCallback) Decompiling 04a5a590, pcode error at 04a5a590: Unable to disassemble EXTERNAL block location: 04a5a590  
2026-07-16 01:47:39 WARN  (DecompileCallback) Decompiling 04a5a598, pcode error at 04a5a598: Unable to disassemble EXTERNAL block location: 04a5a598  
2026-07-16 01:47:39 WARN  (DecompileCallback) Decompiling 04a5a5a0, pcode error at 04a5a5a0: Unable to disassemble EXTERNAL block location: 04a5a5a0  
2026-07-16 01:47:39 WARN  (DecompileCallback) Decompiling 04a5a5a8, pcode error at 04a5a5a8: Unable to disassemble EXTERNAL block location: 04a5a5a8  
2026-07-16 01:47:39 WARN  (DecompileCallback) Decompiling 04a5a5b0, pcode error at 04a5a5b0: Unable to disassemble EXTERNAL block location: 04a5a5b0  
2026-07-16 01:47:39 WARN  (DecompileCallback) Decompiling 04a5a5b8, pcode error at 04a5a5b8: Unable to disassemble EXTERNAL block location: 04a5a5b8  
2026-07-16 01:47:39 WARN  (DecompileCallback) Decompiling 04a5a5c0, pcode error at 04a5a5c0: Unable to disassemble EXTERNAL block location: 04a5a5c0  
2026-07-16 01:47:39 WARN  (DecompileCallback) Decompiling 04a5a5c8, pcode error at 04a5a5c8: Unable to disassemble EXTERNAL block location: 04a5a5c8  
2026-07-16 01:47:39 WARN  (DecompileCallback) Decompiling 04a5a5d0, pcode error at 04a5a5d0: Unable to disassemble EXTERNAL block location: 04a5a5d0  
2026-07-16 01:47:39 WARN  (DecompileCallback) Decompiling 04a5a5d8, pcode error at 04a5a5d8: Unable to disassemble EXTERNAL block location: 04a5a5d8  
2026-07-16 01:47:39 WARN  (DecompileCallback) Decompiling 04a5a5e0, pcode error at 04a5a5e0: Unable to disassemble EXTERNAL block location: 04a5a5e0  
2026-07-16 01:47:39 WARN  (DecompileCallback) Decompiling 04a5a5e8, pcode error at 04a5a5e8: Unable to disassemble EXTERNAL block location: 04a5a5e8  
2026-07-16 01:47:39 WARN  (DecompileCallback) Decompiling 04a5a5f0, pcode error at 04a5a5f0: Unable to disassemble EXTERNAL block location: 04a5a5f0  
2026-07-16 01:47:39 WARN  (DecompileCallback) Decompiling 04a5a5f8, pcode error at 04a5a5f8: Unable to disassemble EXTERNAL block location: 04a5a5f8  
2026-07-16 01:47:39 WARN  (DecompileCallback) Decompiling 04a5a600, pcode error at 04a5a600: Unable to disassemble EXTERNAL block location: 04a5a600  
2026-07-16 01:47:39 WARN  (DecompileCallback) Decompiling 04a5a608, pcode error at 04a5a608: Unable to disassemble EXTERNAL block location: 04a5a608  
2026-07-16 01:47:39 WARN  (DecompileCallback) Decompiling 04a5a610, pcode error at 04a5a610: Unable to disassemble EXTERNAL block location: 04a5a610  
2026-07-16 01:47:39 WARN  (DecompileCallback) Decompiling 04a5a618, pcode error at 04a5a618: Unable to disassemble EXTERNAL block location: 04a5a618  
2026-07-16 01:47:39 WARN  (DecompileCallback) Decompiling 04a5a620, pcode error at 04a5a620: Unable to disassemble EXTERNAL block location: 04a5a620  
2026-07-16 01:47:39 WARN  (DecompileCallback) Decompiling 04a5a628, pcode error at 04a5a628: Unable to disassemble EXTERNAL block location: 04a5a628  
2026-07-16 01:47:39 WARN  (DecompileCallback) Decompiling 04a5a630, pcode error at 04a5a630: Unable to disassemble EXTERNAL block location: 04a5a630  
2026-07-16 01:47:39 WARN  (DecompileCallback) Decompiling 04a5a638, pcode error at 04a5a638: Unable to disassemble EXTERNAL block location: 04a5a638  
2026-07-16 01:47:39 WARN  (DecompileCallback) Decompiling 04a5a640, pcode error at 04a5a640: Unable to disassemble EXTERNAL block location: 04a5a640  
2026-07-16 01:47:39 WARN  (DecompileCallback) Decompiling 04a5a648, pcode error at 04a5a648: Unable to disassemble EXTERNAL block location: 04a5a648  
2026-07-16 01:47:39 WARN  (DecompileCallback) Decompiling 04a5a650, pcode error at 04a5a650: Unable to disassemble EXTERNAL block location: 04a5a650  
2026-07-16 01:47:39 WARN  (DecompileCallback) Decompiling 04a5a658, pcode error at 04a5a658: Unable to disassemble EXTERNAL block location: 04a5a658  
2026-07-16 01:47:39 WARN  (DecompileCallback) Decompiling 04a5a660, pcode error at 04a5a660: Unable to disassemble EXTERNAL block location: 04a5a660  
2026-07-16 01:47:39 WARN  (DecompileCallback) Decompiling 04a5a668, pcode error at 04a5a668: Unable to disassemble EXTERNAL block location: 04a5a668  
2026-07-16 01:47:39 WARN  (DecompileCallback) Decompiling 04a5a670, pcode error at 04a5a670: Unable to disassemble EXTERNAL block location: 04a5a670  
2026-07-16 01:47:39 WARN  (DecompileCallback) Decompiling 04a5a678, pcode error at 04a5a678: Unable to disassemble EXTERNAL block location: 04a5a678  
2026-07-16 01:47:39 WARN  (DecompileCallback) Decompiling 04a5a680, pcode error at 04a5a680: Unable to disassemble EXTERNAL block location: 04a5a680  
2026-07-16 01:47:39 WARN  (DecompileCallback) Decompiling 04a5a688, pcode error at 04a5a688: Unable to disassemble EXTERNAL block location: 04a5a688  
2026-07-16 01:47:39 WARN  (DecompileCallback) Decompiling 04a5a690, pcode error at 04a5a690: Unable to disassemble EXTERNAL block location: 04a5a690  
2026-07-16 01:47:39 WARN  (DecompileCallback) Decompiling 04a5a698, pcode error at 04a5a698: Unable to disassemble EXTERNAL block location: 04a5a698  
2026-07-16 01:47:39 WARN  (DecompileCallback) Decompiling 04a5a6a0, pcode error at 04a5a6a0: Unable to disassemble EXTERNAL block location: 04a5a6a0  
2026-07-16 01:47:39 WARN  (DecompileCallback) Decompiling 04a5a6a8, pcode error at 04a5a6a8: Unable to disassemble EXTERNAL block location: 04a5a6a8  
2026-07-16 01:47:39 WARN  (DecompileCallback) Decompiling 04a5a6b0, pcode error at 04a5a6b0: Unable to disassemble EXTERNAL block location: 04a5a6b0  
2026-07-16 01:47:39 WARN  (DecompileCallback) Decompiling 04a5a6b8, pcode error at 04a5a6b8: Unable to disassemble EXTERNAL block location: 04a5a6b8  
2026-07-16 01:47:39 WARN  (DecompileCallback) Decompiling 04a5a6c0, pcode error at 04a5a6c0: Unable to disassemble EXTERNAL block location: 04a5a6c0  
2026-07-16 01:47:39 WARN  (DecompileCallback) Decompiling 04a5a6c8, pcode error at 04a5a6c8: Unable to disassemble EXTERNAL block location: 04a5a6c8  
2026-07-16 01:47:39 WARN  (DecompileCallback) Decompiling 04a5a6d0, pcode error at 04a5a6d0: Unable to disassemble EXTERNAL block location: 04a5a6d0  
2026-07-16 01:47:39 WARN  (DecompileCallback) Decompiling 04a5a6d8, pcode error at 04a5a6d8: Unable to disassemble EXTERNAL block location: 04a5a6d8  
2026-07-16 01:47:39 WARN  (DecompileCallback) Decompiling 04a5a6e0, pcode error at 04a5a6e0: Unable to disassemble EXTERNAL block location: 04a5a6e0  
2026-07-16 01:47:39 WARN  (DecompileCallback) Decompiling 04a5a6e8, pcode error at 04a5a6e8: Unable to disassemble EXTERNAL block location: 04a5a6e8  
2026-07-16 01:47:39 WARN  (DecompileCallback) Decompiling 04a5a6f0, pcode error at 04a5a6f0: Unable to disassemble EXTERNAL block location: 04a5a6f0  
2026-07-16 01:47:39 WARN  (DecompileCallback) Decompiling 04a5a6f8, pcode error at 04a5a6f8: Unable to disassemble EXTERNAL block location: 04a5a6f8  
2026-07-16 01:47:39 WARN  (DecompileCallback) Decompiling 04a5a700, pcode error at 04a5a700: Unable to disassemble EXTERNAL block location: 04a5a700  
2026-07-16 01:47:39 WARN  (DecompileCallback) Decompiling 04a5a708, pcode error at 04a5a708: Unable to disassemble EXTERNAL block location: 04a5a708  
2026-07-16 01:47:39 WARN  (DecompileCallback) Decompiling 04a5a710, pcode error at 04a5a710: Unable to disassemble EXTERNAL block location: 04a5a710  
2026-07-16 01:47:39 WARN  (DecompileCallback) Decompiling 04a5a718, pcode error at 04a5a718: Unable to disassemble EXTERNAL block location: 04a5a718  
2026-07-16 01:47:39 WARN  (DecompileCallback) Decompiling 04a5a720, pcode error at 04a5a720: Unable to disassemble EXTERNAL block location: 04a5a720  
2026-07-16 01:47:39 WARN  (DecompileCallback) Decompiling 04a5a728, pcode error at 04a5a728: Unable to disassemble EXTERNAL block location: 04a5a728  
2026-07-16 01:47:39 WARN  (DecompileCallback) Decompiling 04a5a730, pcode error at 04a5a730: Unable to disassemble EXTERNAL block location: 04a5a730  
2026-07-16 01:47:39 WARN  (DecompileCallback) Decompiling 04a5a738, pcode error at 04a5a738: Unable to disassemble EXTERNAL block location: 04a5a738  
2026-07-16 01:47:39 WARN  (DecompileCallback) Decompiling 04a5a740, pcode error at 04a5a740: Unable to disassemble EXTERNAL block location: 04a5a740  
2026-07-16 01:47:39 WARN  (DecompileCallback) Decompiling 04a5a748, pcode error at 04a5a748: Unable to disassemble EXTERNAL block location: 04a5a748  
2026-07-16 01:47:39 WARN  (DecompileCallback) Decompiling 04a5a750, pcode error at 04a5a750: Unable to disassemble EXTERNAL block location: 04a5a750  
2026-07-16 01:47:39 WARN  (DecompileCallback) Decompiling 04a5a758, pcode error at 04a5a758: Unable to disassemble EXTERNAL block location: 04a5a758  
2026-07-16 01:47:39 WARN  (DecompileCallback) Decompiling 04a5a760, pcode error at 04a5a760: Unable to disassemble EXTERNAL block location: 04a5a760  
2026-07-16 01:47:39 WARN  (DecompileCallback) Decompiling 04a5a768, pcode error at 04a5a768: Unable to disassemble EXTERNAL block location: 04a5a768  
2026-07-16 01:47:39 WARN  (DecompileCallback) Decompiling 04a5a770, pcode error at 04a5a770: Unable to disassemble EXTERNAL block location: 04a5a770  
2026-07-16 01:47:39 WARN  (DecompileCallback) Decompiling 04a5a778, pcode error at 04a5a778: Unable to disassemble EXTERNAL block location: 04a5a778  
2026-07-16 01:47:39 WARN  (DecompileCallback) Decompiling 04a5a780, pcode error at 04a5a780: Unable to disassemble EXTERNAL block location: 04a5a780  
2026-07-16 01:47:39 WARN  (DecompileCallback) Decompiling 04a5a788, pcode error at 04a5a788: Unable to disassemble EXTERNAL block location: 04a5a788  
2026-07-16 01:47:39 WARN  (DecompileCallback) Decompiling 04a5a790, pcode error at 04a5a790: Unable to disassemble EXTERNAL block location: 04a5a790  
2026-07-16 01:47:39 WARN  (DecompileCallback) Decompiling 04a5a798, pcode error at 04a5a798: Unable to disassemble EXTERNAL block location: 04a5a798  
2026-07-16 01:47:39 WARN  (DecompileCallback) Decompiling 04a5a7a0, pcode error at 04a5a7a0: Unable to disassemble EXTERNAL block location: 04a5a7a0  
2026-07-16 01:47:39 WARN  (DecompileCallback) Decompiling 04a5a7a8, pcode error at 04a5a7a8: Unable to disassemble EXTERNAL block location: 04a5a7a8  
2026-07-16 01:47:39 WARN  (DecompileCallback) Decompiling 04a5a7b0, pcode error at 04a5a7b0: Unable to disassemble EXTERNAL block location: 04a5a7b0  
2026-07-16 01:47:39 WARN  (DecompileCallback) Decompiling 04a5a7b8, pcode error at 04a5a7b8: Unable to disassemble EXTERNAL block location: 04a5a7b8  
2026-07-16 01:47:39 WARN  (DecompileCallback) Decompiling 04a5a7c0, pcode error at 04a5a7c0: Unable to disassemble EXTERNAL block location: 04a5a7c0  
2026-07-16 01:47:39 WARN  (DecompileCallback) Decompiling 04a5a7c8, pcode error at 04a5a7c8: Unable to disassemble EXTERNAL block location: 04a5a7c8  
2026-07-16 01:47:39 WARN  (DecompileCallback) Decompiling 04a5a7d0, pcode error at 04a5a7d0: Unable to disassemble EXTERNAL block location: 04a5a7d0  
2026-07-16 01:47:39 WARN  (DecompileCallback) Decompiling 04a5a7d8, pcode error at 04a5a7d8: Unable to disassemble EXTERNAL block location: 04a5a7d8  
2026-07-16 01:47:39 WARN  (DecompileCallback) Decompiling 04a5a7e0, pcode error at 04a5a7e0: Unable to disassemble EXTERNAL block location: 04a5a7e0  
2026-07-16 01:47:39 WARN  (DecompileCallback) Decompiling 04a5a7e8, pcode error at 04a5a7e8: Unable to disassemble EXTERNAL block location: 04a5a7e8  
2026-07-16 01:47:39 WARN  (DecompileCallback) Decompiling 04a5a7f0, pcode error at 04a5a7f0: Unable to disassemble EXTERNAL block location: 04a5a7f0  
2026-07-16 01:47:39 WARN  (DecompileCallback) Decompiling 04a5a7f8, pcode error at 04a5a7f8: Unable to disassemble EXTERNAL block location: 04a5a7f8  
2026-07-16 01:47:39 WARN  (DecompileCallback) Decompiling 04a5a800, pcode error at 04a5a800: Unable to disassemble EXTERNAL block location: 04a5a800  
2026-07-16 01:47:39 WARN  (DecompileCallback) Decompiling 04a5a808, pcode error at 04a5a808: Unable to disassemble EXTERNAL block location: 04a5a808  
2026-07-16 01:47:39 WARN  (DecompileCallback) Decompiling 04a5a810, pcode error at 04a5a810: Unable to disassemble EXTERNAL block location: 04a5a810  
2026-07-16 01:47:39 WARN  (DecompileCallback) Decompiling 04a5a818, pcode error at 04a5a818: Unable to disassemble EXTERNAL block location: 04a5a818  
2026-07-16 01:47:39 WARN  (DecompileCallback) Decompiling 04a5a820, pcode error at 04a5a820: Unable to disassemble EXTERNAL block location: 04a5a820  
2026-07-16 01:47:39 WARN  (DecompileCallback) Decompiling 04a5a828, pcode error at 04a5a828: Unable to disassemble EXTERNAL block location: 04a5a828  
2026-07-16 01:47:39 WARN  (DecompileCallback) Decompiling 04a5a830, pcode error at 04a5a830: Unable to disassemble EXTERNAL block location: 04a5a830  
2026-07-16 01:47:39 WARN  (DecompileCallback) Decompiling 04a5a838, pcode error at 04a5a838: Unable to disassemble EXTERNAL block location: 04a5a838  
2026-07-16 01:47:39 WARN  (DecompileCallback) Decompiling 04a5a840, pcode error at 04a5a840: Unable to disassemble EXTERNAL block location: 04a5a840  
2026-07-16 01:47:39 WARN  (DecompileCallback) Decompiling 04a5a848, pcode error at 04a5a848: Unable to disassemble EXTERNAL block location: 04a5a848  
2026-07-16 01:47:39 WARN  (DecompileCallback) Decompiling 04a5a850, pcode error at 04a5a850: Unable to disassemble EXTERNAL block location: 04a5a850  
2026-07-16 01:47:39 WARN  (DecompileCallback) Decompiling 04a5a858, pcode error at 04a5a858: Unable to disassemble EXTERNAL block location: 04a5a858  
2026-07-16 01:47:39 WARN  (DecompileCallback) Decompiling 04a5a860, pcode error at 04a5a860: Unable to disassemble EXTERNAL block location: 04a5a860  
2026-07-16 01:47:39 WARN  (DecompileCallback) Decompiling 04a5a868, pcode error at 04a5a868: Unable to disassemble EXTERNAL block location: 04a5a868  
2026-07-16 01:47:39 WARN  (DecompileCallback) Decompiling 04a5a870, pcode error at 04a5a870: Unable to disassemble EXTERNAL block location: 04a5a870  
2026-07-16 01:47:39 WARN  (DecompileCallback) Decompiling 04a5a878, pcode error at 04a5a878: Unable to disassemble EXTERNAL block location: 04a5a878  
2026-07-16 01:47:39 WARN  (DecompileCallback) Decompiling 04a5a880, pcode error at 04a5a880: Unable to disassemble EXTERNAL block location: 04a5a880  
2026-07-16 01:47:39 WARN  (DecompileCallback) Decompiling 04a5a888, pcode error at 04a5a888: Unable to disassemble EXTERNAL block location: 04a5a888  
2026-07-16 01:47:39 WARN  (DecompileCallback) Decompiling 04a5a890, pcode error at 04a5a890: Unable to disassemble EXTERNAL block location: 04a5a890  
2026-07-16 01:47:39 WARN  (DecompileCallback) Decompiling 04a5a898, pcode error at 04a5a898: Unable to disassemble EXTERNAL block location: 04a5a898  
2026-07-16 01:47:39 WARN  (DecompileCallback) Decompiling 04a5a8a0, pcode error at 04a5a8a0: Unable to disassemble EXTERNAL block location: 04a5a8a0  
2026-07-16 01:47:39 WARN  (DecompileCallback) Decompiling 04a5a8a8, pcode error at 04a5a8a8: Unable to disassemble EXTERNAL block location: 04a5a8a8  
2026-07-16 01:47:39 WARN  (DecompileCallback) Decompiling 04a5a8b0, pcode error at 04a5a8b0: Unable to disassemble EXTERNAL block location: 04a5a8b0  
2026-07-16 01:47:39 WARN  (DecompileCallback) Decompiling 04a5a8b8, pcode error at 04a5a8b8: Unable to disassemble EXTERNAL block location: 04a5a8b8  
2026-07-16 01:47:39 WARN  (DecompileCallback) Decompiling 04a5a8c0, pcode error at 04a5a8c0: Unable to disassemble EXTERNAL block location: 04a5a8c0  
2026-07-16 01:47:39 WARN  (DecompileCallback) Decompiling 04a5a8c8, pcode error at 04a5a8c8: Unable to disassemble EXTERNAL block location: 04a5a8c8  
2026-07-16 01:47:39 WARN  (DecompileCallback) Decompiling 04a5a8d0, pcode error at 04a5a8d0: Unable to disassemble EXTERNAL block location: 04a5a8d0  
2026-07-16 01:47:39 WARN  (DecompileCallback) Decompiling 04a5a8d8, pcode error at 04a5a8d8: Unable to disassemble EXTERNAL block location: 04a5a8d8  
2026-07-16 01:47:39 WARN  (DecompileCallback) Decompiling 04a5a8e0, pcode error at 04a5a8e0: Unable to disassemble EXTERNAL block location: 04a5a8e0  
2026-07-16 01:47:39 WARN  (DecompileCallback) Decompiling 04a5a8e8, pcode error at 04a5a8e8: Unable to disassemble EXTERNAL block location: 04a5a8e8  
2026-07-16 01:47:39 WARN  (DecompileCallback) Decompiling 04a5a8f0, pcode error at 04a5a8f0: Unable to disassemble EXTERNAL block location: 04a5a8f0  
2026-07-16 01:47:39 WARN  (DecompileCallback) Decompiling 04a5a8f8, pcode error at 04a5a8f8: Unable to disassemble EXTERNAL block location: 04a5a8f8  
2026-07-16 01:47:39 WARN  (DecompileCallback) Decompiling 04a5a900, pcode error at 04a5a900: Unable to disassemble EXTERNAL block location: 04a5a900  
2026-07-16 01:47:39 WARN  (DecompileCallback) Decompiling 04a5a908, pcode error at 04a5a908: Unable to disassemble EXTERNAL block location: 04a5a908  
2026-07-16 01:47:39 WARN  (DecompileCallback) Decompiling 04a5a910, pcode error at 04a5a910: Unable to disassemble EXTERNAL block location: 04a5a910  
2026-07-16 01:47:39 WARN  (DecompileCallback) Decompiling 04a5a918, pcode error at 04a5a918: Unable to disassemble EXTERNAL block location: 04a5a918  
2026-07-16 01:47:39 WARN  (DecompileCallback) Decompiling 04a5a920, pcode error at 04a5a920: Unable to disassemble EXTERNAL block location: 04a5a920  
2026-07-16 01:47:39 WARN  (DecompileCallback) Decompiling 04a5a928, pcode error at 04a5a928: Unable to disassemble EXTERNAL block location: 04a5a928  
2026-07-16 01:47:39 WARN  (DecompileCallback) Decompiling 04a5a930, pcode error at 04a5a930: Unable to disassemble EXTERNAL block location: 04a5a930  
2026-07-16 01:47:39 INFO  (GhidraScript) GeneralStructureEyePatternScan.java> General structure scan complete.  
2026-07-16 01:47:39 INFO  (GhidraScript) GeneralStructureEyePatternScan.java> Total functions scanned: 483658  
2026-07-16 01:47:39 INFO  (GhidraScript) GeneralStructureEyePatternScan.java> Exported functions: 10738  
2026-07-16 01:47:39 INFO  (GhidraScript) GeneralStructureEyePatternScan.java> Decompile failures: 222  
2026-07-16 01:47:39 INFO  (GhidraScript) GeneralStructureEyePatternScan.java> Report CSV: C:\realDesktop\manifest-evaluations\summer-26\ghidra-pipeline\il2cpp-files\IRONGUARDHomecoming\general-structure-results\structure_scan_report.csv  
2026-07-16 01:47:39 INFO  (GhidraScript) GeneralStructureEyePatternScan.java> Report JSON: C:\realDesktop\manifest-evaluations\summer-26\ghidra-pipeline\il2cpp-files\IRONGUARDHomecoming\general-structure-results\structure_scan_report.json  
2026-07-16 01:47:39 INFO  (HeadlessAnalyzer) REPORT: Save succeeded for processed file: /IRONGUARDHomecoming-libil2cpp.so  
