2026-07-16 01:47:50 INFO  (LoggingInitialization) Using log config file: jar:file:/C:/Users/kimgiordano27/Downloads/ghidra_12.1.2_PUBLIC_20260605/ghidra_12.1.2_PUBLIC/Ghidra/Framework/Generic/lib/Generic.jar!/generic.log4j.xml  
2026-07-16 01:47:50 INFO  (LoggingInitialization) Using log file: C:\realDesktop\manifest-evaluations\summer-26\ghidra-pipeline\il2cpp-files\JustAnotherCookingGame\general-structure-ghidra.log  
2026-07-16 01:47:50 DEBUG (GhidraObjectInputFilter) Including serial input filter: FileSystem/data/client.rmi.serial.filter  
2026-07-16 01:47:50 INFO  (Preferences) Loading user preferences: C:\Users\kimgiordano27\AppData\Roaming\ghidra\ghidra_12.1.2_PUBLIC\preferences  
2026-07-16 01:47:50 INFO  (ClassSearcher) Searching for classes...  
2026-07-16 01:47:51 INFO  (ClassSearcher) Class search complete (523 ms)  
2026-07-16 01:47:51 INFO  (DefaultSSLContextInitializer) Initializing SSL Context  
2026-07-16 01:47:51 INFO  (SecureRandomFactory) Initializing Random Number Generator...  
2026-07-16 01:47:51 INFO  (SecureRandomFactory) Random Number Generator initialization complete: SHA1PRNG  
2026-07-16 01:47:51 INFO  (DefaultTrustManagerFactory) Trust manager disabled, cacerts have not been set  
2026-07-16 01:47:51 INFO  (AnalyzeHeadless) Headless startup complete (1585 ms)  
2026-07-16 01:47:51 INFO  (ClassSearcher) Class searcher loaded 59 extension points (20 false positives)  
2026-07-16 01:47:51 INFO  (HeadlessAnalyzer) HEADLESS Script Paths:
    C:\Users\kimgiordano27\Downloads\ghidra_12.1.2_PUBLIC_20260605\ghidra_12.1.2_PUBLIC\Ghidra\Features\DecompilerDependent\ghidra_scripts
    C:\Users\kimgiordano27\Downloads\ghidra_12.1.2_PUBLIC_20260605\ghidra_12.1.2_PUBLIC\Ghidra\Processors\Atmel\ghidra_scripts
    C:\Users\kimgiordano27\Downloads\ghidra_12.1.2_PUBLIC_20260605\ghidra_12.1.2_PUBLIC\Ghidra\Processors\PIC\ghidra_scripts
    C:\Users\kimgiordano27\Downloads\ghidra_12.1.2_PUBLIC_20260605\ghidra_12.1.2_PUBLIC\Ghidra\Features\VersionTracking\ghidra_scripts
    C:\Users\kimgiordano27\Downloads\ghidra_12.1.2_PUBLIC_20260605\ghidra_12.1.2_PUBLIC\Ghidra\Features\BytePatterns\ghidra_scripts
    C:\Users\kimgiordano27\ghidra_scripts
    C:\Users\kimgiordano27\Downloads\ghidra_12.1.2_PUBLIC_20260605\ghidra_12.1.2_PUBLIC\Ghidra\Features\BSim\ghidra_scripts
    C:\realDesktop\manifest-evaluations\summer-26\ghidra-pipeline\ghidra-export-scripts
    C:\Users\kimgiordano27\Downloads\ghidra_12.1.2_PUBLIC_20260605\ghidra_12.1.2_PUBLIC\Ghidra\Processors\JVM\ghidra_scripts
    C:\Users\kimgiordano27\Downloads\ghidra_12.1.2_PUBLIC_20260605\ghidra_12.1.2_PUBLIC\Ghidra\Features\Base\ghidra_scripts
    C:\Users\kimgiordano27\Downloads\ghidra_12.1.2_PUBLIC_20260605\ghidra_12.1.2_PUBLIC\Ghidra\Features\SwiftDemangler\ghidra_scripts
    C:\Users\kimgiordano27\Downloads\ghidra_12.1.2_PUBLIC_20260605\ghidra_12.1.2_PUBLIC\Ghidra\Features\WildcardAssembler\ghidra_scripts
    C:\Users\kimgiordano27\Downloads\ghidra_12.1.2_PUBLIC_20260605\ghidra_12.1.2_PUBLIC\Ghidra\Features\FileFormats\ghidra_scripts
    C:\Users\kimgiordano27\Downloads\ghidra_12.1.2_PUBLIC_20260605\ghidra_12.1.2_PUBLIC\Ghidra\Features\Decompiler\ghidra_scripts
    C:\Users\kimgiordano27\Downloads\ghidra_12.1.2_PUBLIC_20260605\ghidra_12.1.2_PUBLIC\Ghidra\Features\SystemEmulation\ghidra_scripts
    C:\Users\kimgiordano27\Downloads\ghidra_12.1.2_PUBLIC_20260605\ghidra_12.1.2_PUBLIC\Ghidra\Processors\8051\ghidra_scripts
    C:\Users\kimgiordano27\Downloads\ghidra_12.1.2_PUBLIC_20260605\ghidra_12.1.2_PUBLIC\Ghidra\Features\GnuDemangler\ghidra_scripts
    C:\Users\kimgiordano27\Downloads\ghidra_12.1.2_PUBLIC_20260605\ghidra_12.1.2_PUBLIC\Ghidra\Debug\Debugger\ghidra_scripts
    C:\Users\kimgiordano27\Downloads\ghidra_12.1.2_PUBLIC_20260605\ghidra_12.1.2_PUBLIC\Ghidra\Processors\DATA\ghidra_scripts
    C:\Users\kimgiordano27\Downloads\ghidra_12.1.2_PUBLIC_20260605\ghidra_12.1.2_PUBLIC\Ghidra\Debug\Debugger-rmi-trace\ghidra_scripts
    C:\Users\kimgiordano27\Downloads\ghidra_12.1.2_PUBLIC_20260605\ghidra_12.1.2_PUBLIC\Ghidra\Features\FunctionID\ghidra_scripts
    C:\Users\kimgiordano27\Downloads\ghidra_12.1.2_PUBLIC_20260605\ghidra_12.1.2_PUBLIC\Ghidra\Features\MicrosoftCodeAnalyzer\ghidra_scripts
    C:\Users\kimgiordano27\Downloads\ghidra_12.1.2_PUBLIC_20260605\ghidra_12.1.2_PUBLIC\Ghidra\Features\PDB\ghidra_scripts
    C:\Users\kimgiordano27\AppData\Roaming\ghidra\ghidra_12.1.2_PUBLIC\Extensions\Jython\ghidra_scripts
    C:\Users\kimgiordano27\Downloads\ghidra_12.1.2_PUBLIC_20260605\ghidra_12.1.2_PUBLIC\Ghidra\Features\PyGhidra\ghidra_scripts  
2026-07-16 01:47:51 INFO  (HeadlessAnalyzer) HEADLESS: execution starts  
2026-07-16 01:47:51 INFO  (HeadlessAnalyzer) Opening existing project: C:\realDesktop\manifest-evaluations\summer-26\ghidra-pipeline\il2cpp-files\JustAnotherCookingGame\ghidra-project-JustAnotherCookingGame\JustAnotherCookingGame  
2026-07-16 01:47:51 INFO  (HeadlessProject) Opening project: C:\realDesktop\manifest-evaluations\summer-26\ghidra-pipeline\il2cpp-files\JustAnotherCookingGame\ghidra-project-JustAnotherCookingGame\JustAnotherCookingGame  
2026-07-16 01:47:51 INFO  (LocalFileSystem) /JustAnotherCookingGame-libil2cpp.so: checkout (2) granted (kimgiordano27)  
2026-07-16 01:47:54 INFO  (HeadlessAnalyzer) REPORT: Processing project file: /JustAnotherCookingGame-libil2cpp.so  
2026-07-16 01:47:54 INFO  (HeadlessAnalyzer) REPORT: Execute script: GeneralStructureEyePatternScan.java 'C:\realDesktop\manifest-evaluations\summer-26\ghidra-pipeline\il2cpp-files\JustAnotherCookingGame\general-structure-results' '70' 'false'   
2026-07-16 01:47:54 INFO  (HeadlessAnalyzer) SCRIPT: C:\realDesktop\manifest-evaluations\summer-26\ghidra-pipeline\ghidra-export-scripts\GeneralStructureEyePatternScan.java  
2026-07-16 01:47:54 INFO  (GhidraScript) GeneralStructureEyePatternScan.java> General structure scan starting...  
2026-07-16 01:47:54 INFO  (GhidraScript) GeneralStructureEyePatternScan.java> Output: C:\realDesktop\manifest-evaluations\summer-26\ghidra-pipeline\il2cpp-files\JustAnotherCookingGame\general-structure-results  
2026-07-16 01:47:54 INFO  (GhidraScript) GeneralStructureEyePatternScan.java> Minimum review score: 70  
2026-07-16 01:47:54 INFO  (GhidraScript) GeneralStructureEyePatternScan.java> Export all: false  
2026-07-16 01:48:17 INFO  (GhidraScript) GeneralStructureEyePatternScan.java> Scanned 10000 functions. Exported so far: 0  
2026-07-16 01:48:29 INFO  (GhidraScript) GeneralStructureEyePatternScan.java> Scanned 20000 functions. Exported so far: 0  
2026-07-16 01:49:17 INFO  (GhidraScript) GeneralStructureEyePatternScan.java> Scanned 30000 functions. Exported so far: 0  
2026-07-16 01:50:32 WARN  (DecompileCallback) Decompiling 00661ae4: Unable to read bytes at ram:344b78d4  
2026-07-16 01:50:45 INFO  (GhidraScript) GeneralStructureEyePatternScan.java> Scanned 40000 functions. Exported so far: 0  
2026-07-16 01:53:39 INFO  (GhidraScript) GeneralStructureEyePatternScan.java> Scanned 50000 functions. Exported so far: 2  
2026-07-16 01:55:38 INFO  (GhidraScript) GeneralStructureEyePatternScan.java> Scanned 60000 functions. Exported so far: 2  
2026-07-16 02:22:34 INFO  (GhidraScript) GeneralStructureEyePatternScan.java> Scanned 70000 functions. Exported so far: 2  
2026-07-16 02:24:03 INFO  (GhidraScript) GeneralStructureEyePatternScan.java> Scanned 80000 functions. Exported so far: 2  
2026-07-16 02:33:08 INFO  (GhidraScript) GeneralStructureEyePatternScan.java> Scanned 90000 functions. Exported so far: 2  
2026-07-16 02:34:32 INFO  (GhidraScript) GeneralStructureEyePatternScan.java> Scanned 100000 functions. Exported so far: 2  
2026-07-16 02:50:11 INFO  (GhidraScript) GeneralStructureEyePatternScan.java> Scanned 110000 functions. Exported so far: 3  
2026-07-16 02:52:06 INFO  (GhidraScript) GeneralStructureEyePatternScan.java> Scanned 120000 functions. Exported so far: 4  
2026-07-16 02:54:07 INFO  (GhidraScript) GeneralStructureEyePatternScan.java> Scanned 130000 functions. Exported so far: 14  
2026-07-16 02:54:19 WARN  (DecompileCallback) Decompiling 01878000, pcode error at 01878000: Unable to disassemble EXTERNAL block location: 01878000  
2026-07-16 02:54:19 WARN  (DecompileCallback) Decompiling 01878008, pcode error at 01878008: Unable to disassemble EXTERNAL block location: 01878008  
2026-07-16 02:54:19 WARN  (DecompileCallback) Decompiling 01878010, pcode error at 01878010: Unable to disassemble EXTERNAL block location: 01878010  
2026-07-16 02:54:19 WARN  (DecompileCallback) Decompiling 01878018, pcode error at 01878018: Unable to disassemble EXTERNAL block location: 01878018  
2026-07-16 02:54:19 WARN  (DecompileCallback) Decompiling 01878020, pcode error at 01878020: Unable to disassemble EXTERNAL block location: 01878020  
2026-07-16 02:54:19 WARN  (DecompileCallback) Decompiling 01878028, pcode error at 01878028: Unable to disassemble EXTERNAL block location: 01878028  
2026-07-16 02:54:19 WARN  (DecompileCallback) Decompiling 01878030, pcode error at 01878030: Unable to disassemble EXTERNAL block location: 01878030  
2026-07-16 02:54:19 WARN  (DecompileCallback) Decompiling 01878038, pcode error at 01878038: Unable to disassemble EXTERNAL block location: 01878038  
2026-07-16 02:54:19 WARN  (DecompileCallback) Decompiling 01878040, pcode error at 01878040: Unable to disassemble EXTERNAL block location: 01878040  
2026-07-16 02:54:19 WARN  (DecompileCallback) Decompiling 01878048, pcode error at 01878048: Unable to disassemble EXTERNAL block location: 01878048  
2026-07-16 02:54:19 WARN  (DecompileCallback) Decompiling 01878050, pcode error at 01878050: Unable to disassemble EXTERNAL block location: 01878050  
2026-07-16 02:54:19 WARN  (DecompileCallback) Decompiling 01878058, pcode error at 01878058: Unable to disassemble EXTERNAL block location: 01878058  
2026-07-16 02:54:19 WARN  (DecompileCallback) Decompiling 01878060, pcode error at 01878060: Unable to disassemble EXTERNAL block location: 01878060  
2026-07-16 02:54:19 WARN  (DecompileCallback) Decompiling 01878068, pcode error at 01878068: Unable to disassemble EXTERNAL block location: 01878068  
2026-07-16 02:54:19 WARN  (DecompileCallback) Decompiling 01878070, pcode error at 01878070: Unable to disassemble EXTERNAL block location: 01878070  
2026-07-16 02:54:19 WARN  (DecompileCallback) Decompiling 01878078, pcode error at 01878078: Unable to disassemble EXTERNAL block location: 01878078  
2026-07-16 02:54:19 WARN  (DecompileCallback) Decompiling 01878080, pcode error at 01878080: Unable to disassemble EXTERNAL block location: 01878080  
2026-07-16 02:54:19 WARN  (DecompileCallback) Decompiling 01878088, pcode error at 01878088: Unable to disassemble EXTERNAL block location: 01878088  
2026-07-16 02:54:19 WARN  (DecompileCallback) Decompiling 01878090, pcode error at 01878090: Unable to disassemble EXTERNAL block location: 01878090  
2026-07-16 02:54:19 WARN  (DecompileCallback) Decompiling 01878098, pcode error at 01878098: Unable to disassemble EXTERNAL block location: 01878098  
2026-07-16 02:54:19 WARN  (DecompileCallback) Decompiling 018780a0, pcode error at 018780a0: Unable to disassemble EXTERNAL block location: 018780a0  
2026-07-16 02:54:19 WARN  (DecompileCallback) Decompiling 018780a8, pcode error at 018780a8: Unable to disassemble EXTERNAL block location: 018780a8  
2026-07-16 02:54:19 WARN  (DecompileCallback) Decompiling 018780b0, pcode error at 018780b0: Unable to disassemble EXTERNAL block location: 018780b0  
2026-07-16 02:54:19 WARN  (DecompileCallback) Decompiling 018780b8, pcode error at 018780b8: Unable to disassemble EXTERNAL block location: 018780b8  
2026-07-16 02:54:19 WARN  (DecompileCallback) Decompiling 018780c0, pcode error at 018780c0: Unable to disassemble EXTERNAL block location: 018780c0  
2026-07-16 02:54:19 WARN  (DecompileCallback) Decompiling 018780c8, pcode error at 018780c8: Unable to disassemble EXTERNAL block location: 018780c8  
2026-07-16 02:54:19 WARN  (DecompileCallback) Decompiling 018780d0, pcode error at 018780d0: Unable to disassemble EXTERNAL block location: 018780d0  
2026-07-16 02:54:19 WARN  (DecompileCallback) Decompiling 018780d8, pcode error at 018780d8: Unable to disassemble EXTERNAL block location: 018780d8  
2026-07-16 02:54:19 WARN  (DecompileCallback) Decompiling 018780e0, pcode error at 018780e0: Unable to disassemble EXTERNAL block location: 018780e0  
2026-07-16 02:54:19 WARN  (DecompileCallback) Decompiling 018780e8, pcode error at 018780e8: Unable to disassemble EXTERNAL block location: 018780e8  
2026-07-16 02:54:19 WARN  (DecompileCallback) Decompiling 018780f0, pcode error at 018780f0: Unable to disassemble EXTERNAL block location: 018780f0  
2026-07-16 02:54:19 WARN  (DecompileCallback) Decompiling 018780f8, pcode error at 018780f8: Unable to disassemble EXTERNAL block location: 018780f8  
2026-07-16 02:54:19 WARN  (DecompileCallback) Decompiling 01878100, pcode error at 01878100: Unable to disassemble EXTERNAL block location: 01878100  
2026-07-16 02:54:19 WARN  (DecompileCallback) Decompiling 01878108, pcode error at 01878108: Unable to disassemble EXTERNAL block location: 01878108  
2026-07-16 02:54:19 WARN  (DecompileCallback) Decompiling 01878110, pcode error at 01878110: Unable to disassemble EXTERNAL block location: 01878110  
2026-07-16 02:54:19 WARN  (DecompileCallback) Decompiling 01878118, pcode error at 01878118: Unable to disassemble EXTERNAL block location: 01878118  
2026-07-16 02:54:19 WARN  (DecompileCallback) Decompiling 01878120, pcode error at 01878120: Unable to disassemble EXTERNAL block location: 01878120  
2026-07-16 02:54:19 WARN  (DecompileCallback) Decompiling 01878128, pcode error at 01878128: Unable to disassemble EXTERNAL block location: 01878128  
2026-07-16 02:54:19 WARN  (DecompileCallback) Decompiling 01878130, pcode error at 01878130: Unable to disassemble EXTERNAL block location: 01878130  
2026-07-16 02:54:19 WARN  (DecompileCallback) Decompiling 01878138, pcode error at 01878138: Unable to disassemble EXTERNAL block location: 01878138  
2026-07-16 02:54:19 WARN  (DecompileCallback) Decompiling 01878140, pcode error at 01878140: Unable to disassemble EXTERNAL block location: 01878140  
2026-07-16 02:54:19 WARN  (DecompileCallback) Decompiling 01878148, pcode error at 01878148: Unable to disassemble EXTERNAL block location: 01878148  
2026-07-16 02:54:19 WARN  (DecompileCallback) Decompiling 01878150, pcode error at 01878150: Unable to disassemble EXTERNAL block location: 01878150  
2026-07-16 02:54:19 WARN  (DecompileCallback) Decompiling 01878158, pcode error at 01878158: Unable to disassemble EXTERNAL block location: 01878158  
2026-07-16 02:54:19 WARN  (DecompileCallback) Decompiling 01878160, pcode error at 01878160: Unable to disassemble EXTERNAL block location: 01878160  
2026-07-16 02:54:19 WARN  (DecompileCallback) Decompiling 01878168, pcode error at 01878168: Unable to disassemble EXTERNAL block location: 01878168  
2026-07-16 02:54:19 WARN  (DecompileCallback) Decompiling 01878170, pcode error at 01878170: Unable to disassemble EXTERNAL block location: 01878170  
2026-07-16 02:54:19 WARN  (DecompileCallback) Decompiling 01878178, pcode error at 01878178: Unable to disassemble EXTERNAL block location: 01878178  
2026-07-16 02:54:19 WARN  (DecompileCallback) Decompiling 01878180, pcode error at 01878180: Unable to disassemble EXTERNAL block location: 01878180  
2026-07-16 02:54:19 WARN  (DecompileCallback) Decompiling 01878188, pcode error at 01878188: Unable to disassemble EXTERNAL block location: 01878188  
2026-07-16 02:54:19 WARN  (DecompileCallback) Decompiling 01878190, pcode error at 01878190: Unable to disassemble EXTERNAL block location: 01878190  
2026-07-16 02:54:19 WARN  (DecompileCallback) Decompiling 01878198, pcode error at 01878198: Unable to disassemble EXTERNAL block location: 01878198  
2026-07-16 02:54:19 WARN  (DecompileCallback) Decompiling 018781a0, pcode error at 018781a0: Unable to disassemble EXTERNAL block location: 018781a0  
2026-07-16 02:54:19 WARN  (DecompileCallback) Decompiling 018781a8, pcode error at 018781a8: Unable to disassemble EXTERNAL block location: 018781a8  
2026-07-16 02:54:19 WARN  (DecompileCallback) Decompiling 018781b0, pcode error at 018781b0: Unable to disassemble EXTERNAL block location: 018781b0  
2026-07-16 02:54:19 WARN  (DecompileCallback) Decompiling 018781b8, pcode error at 018781b8: Unable to disassemble EXTERNAL block location: 018781b8  
2026-07-16 02:54:19 WARN  (DecompileCallback) Decompiling 018781c0, pcode error at 018781c0: Unable to disassemble EXTERNAL block location: 018781c0  
2026-07-16 02:54:19 WARN  (DecompileCallback) Decompiling 018781c8, pcode error at 018781c8: Unable to disassemble EXTERNAL block location: 018781c8  
2026-07-16 02:54:19 WARN  (DecompileCallback) Decompiling 018781d0, pcode error at 018781d0: Unable to disassemble EXTERNAL block location: 018781d0  
2026-07-16 02:54:19 WARN  (DecompileCallback) Decompiling 018781d8, pcode error at 018781d8: Unable to disassemble EXTERNAL block location: 018781d8  
2026-07-16 02:54:19 WARN  (DecompileCallback) Decompiling 018781e0, pcode error at 018781e0: Unable to disassemble EXTERNAL block location: 018781e0  
2026-07-16 02:54:19 WARN  (DecompileCallback) Decompiling 018781e8, pcode error at 018781e8: Unable to disassemble EXTERNAL block location: 018781e8  
2026-07-16 02:54:19 WARN  (DecompileCallback) Decompiling 018781f0, pcode error at 018781f0: Unable to disassemble EXTERNAL block location: 018781f0  
2026-07-16 02:54:19 WARN  (DecompileCallback) Decompiling 018781f8, pcode error at 018781f8: Unable to disassemble EXTERNAL block location: 018781f8  
2026-07-16 02:54:19 WARN  (DecompileCallback) Decompiling 01878208, pcode error at 01878208: Unable to disassemble EXTERNAL block location: 01878208  
2026-07-16 02:54:19 WARN  (DecompileCallback) Decompiling 01878210, pcode error at 01878210: Unable to disassemble EXTERNAL block location: 01878210  
2026-07-16 02:54:19 WARN  (DecompileCallback) Decompiling 01878218, pcode error at 01878218: Unable to disassemble EXTERNAL block location: 01878218  
2026-07-16 02:54:19 WARN  (DecompileCallback) Decompiling 01878220, pcode error at 01878220: Unable to disassemble EXTERNAL block location: 01878220  
2026-07-16 02:54:19 WARN  (DecompileCallback) Decompiling 01878228, pcode error at 01878228: Unable to disassemble EXTERNAL block location: 01878228  
2026-07-16 02:54:19 WARN  (DecompileCallback) Decompiling 01878230, pcode error at 01878230: Unable to disassemble EXTERNAL block location: 01878230  
2026-07-16 02:54:19 WARN  (DecompileCallback) Decompiling 01878238, pcode error at 01878238: Unable to disassemble EXTERNAL block location: 01878238  
2026-07-16 02:54:19 WARN  (DecompileCallback) Decompiling 01878240, pcode error at 01878240: Unable to disassemble EXTERNAL block location: 01878240  
2026-07-16 02:54:19 WARN  (DecompileCallback) Decompiling 01878248, pcode error at 01878248: Unable to disassemble EXTERNAL block location: 01878248  
2026-07-16 02:54:19 WARN  (DecompileCallback) Decompiling 01878250, pcode error at 01878250: Unable to disassemble EXTERNAL block location: 01878250  
2026-07-16 02:54:19 WARN  (DecompileCallback) Decompiling 01878258, pcode error at 01878258: Unable to disassemble EXTERNAL block location: 01878258  
2026-07-16 02:54:19 WARN  (DecompileCallback) Decompiling 01878260, pcode error at 01878260: Unable to disassemble EXTERNAL block location: 01878260  
2026-07-16 02:54:19 WARN  (DecompileCallback) Decompiling 01878268, pcode error at 01878268: Unable to disassemble EXTERNAL block location: 01878268  
2026-07-16 02:54:19 WARN  (DecompileCallback) Decompiling 01878270, pcode error at 01878270: Unable to disassemble EXTERNAL block location: 01878270  
2026-07-16 02:54:19 WARN  (DecompileCallback) Decompiling 01878278, pcode error at 01878278: Unable to disassemble EXTERNAL block location: 01878278  
2026-07-16 02:54:19 WARN  (DecompileCallback) Decompiling 01878280, pcode error at 01878280: Unable to disassemble EXTERNAL block location: 01878280  
2026-07-16 02:54:19 WARN  (DecompileCallback) Decompiling 01878288, pcode error at 01878288: Unable to disassemble EXTERNAL block location: 01878288  
2026-07-16 02:54:19 WARN  (DecompileCallback) Decompiling 01878290, pcode error at 01878290: Unable to disassemble EXTERNAL block location: 01878290  
2026-07-16 02:54:19 WARN  (DecompileCallback) Decompiling 01878298, pcode error at 01878298: Unable to disassemble EXTERNAL block location: 01878298  
2026-07-16 02:54:19 WARN  (DecompileCallback) Decompiling 018782a0, pcode error at 018782a0: Unable to disassemble EXTERNAL block location: 018782a0  
2026-07-16 02:54:19 WARN  (DecompileCallback) Decompiling 018782a8, pcode error at 018782a8: Unable to disassemble EXTERNAL block location: 018782a8  
2026-07-16 02:54:19 WARN  (DecompileCallback) Decompiling 018782b0, pcode error at 018782b0: Unable to disassemble EXTERNAL block location: 018782b0  
2026-07-16 02:54:19 WARN  (DecompileCallback) Decompiling 018782b8, pcode error at 018782b8: Unable to disassemble EXTERNAL block location: 018782b8  
2026-07-16 02:54:19 WARN  (DecompileCallback) Decompiling 018782c0, pcode error at 018782c0: Unable to disassemble EXTERNAL block location: 018782c0  
2026-07-16 02:54:19 WARN  (DecompileCallback) Decompiling 018782c8, pcode error at 018782c8: Unable to disassemble EXTERNAL block location: 018782c8  
2026-07-16 02:54:19 WARN  (DecompileCallback) Decompiling 018782d0, pcode error at 018782d0: Unable to disassemble EXTERNAL block location: 018782d0  
2026-07-16 02:54:19 WARN  (DecompileCallback) Decompiling 018782d8, pcode error at 018782d8: Unable to disassemble EXTERNAL block location: 018782d8  
2026-07-16 02:54:19 WARN  (DecompileCallback) Decompiling 018782e0, pcode error at 018782e0: Unable to disassemble EXTERNAL block location: 018782e0  
2026-07-16 02:54:19 WARN  (DecompileCallback) Decompiling 018782e8, pcode error at 018782e8: Unable to disassemble EXTERNAL block location: 018782e8  
2026-07-16 02:54:19 WARN  (DecompileCallback) Decompiling 018782f0, pcode error at 018782f0: Unable to disassemble EXTERNAL block location: 018782f0  
2026-07-16 02:54:19 WARN  (DecompileCallback) Decompiling 018782f8, pcode error at 018782f8: Unable to disassemble EXTERNAL block location: 018782f8  
2026-07-16 02:54:19 WARN  (DecompileCallback) Decompiling 01878300, pcode error at 01878300: Unable to disassemble EXTERNAL block location: 01878300  
2026-07-16 02:54:19 WARN  (DecompileCallback) Decompiling 01878308, pcode error at 01878308: Unable to disassemble EXTERNAL block location: 01878308  
2026-07-16 02:54:19 WARN  (DecompileCallback) Decompiling 01878310, pcode error at 01878310: Unable to disassemble EXTERNAL block location: 01878310  
2026-07-16 02:54:19 WARN  (DecompileCallback) Decompiling 01878318, pcode error at 01878318: Unable to disassemble EXTERNAL block location: 01878318  
2026-07-16 02:54:19 WARN  (DecompileCallback) Decompiling 01878320, pcode error at 01878320: Unable to disassemble EXTERNAL block location: 01878320  
2026-07-16 02:54:19 WARN  (DecompileCallback) Decompiling 01878328, pcode error at 01878328: Unable to disassemble EXTERNAL block location: 01878328  
2026-07-16 02:54:19 WARN  (DecompileCallback) Decompiling 01878330, pcode error at 01878330: Unable to disassemble EXTERNAL block location: 01878330  
2026-07-16 02:54:19 WARN  (DecompileCallback) Decompiling 01878338, pcode error at 01878338: Unable to disassemble EXTERNAL block location: 01878338  
2026-07-16 02:54:19 WARN  (DecompileCallback) Decompiling 01878340, pcode error at 01878340: Unable to disassemble EXTERNAL block location: 01878340  
2026-07-16 02:54:19 WARN  (DecompileCallback) Decompiling 01878348, pcode error at 01878348: Unable to disassemble EXTERNAL block location: 01878348  
2026-07-16 02:54:19 WARN  (DecompileCallback) Decompiling 01878350, pcode error at 01878350: Unable to disassemble EXTERNAL block location: 01878350  
2026-07-16 02:54:19 WARN  (DecompileCallback) Decompiling 01878358, pcode error at 01878358: Unable to disassemble EXTERNAL block location: 01878358  
2026-07-16 02:54:19 WARN  (DecompileCallback) Decompiling 01878360, pcode error at 01878360: Unable to disassemble EXTERNAL block location: 01878360  
2026-07-16 02:54:19 WARN  (DecompileCallback) Decompiling 01878368, pcode error at 01878368: Unable to disassemble EXTERNAL block location: 01878368  
2026-07-16 02:54:19 WARN  (DecompileCallback) Decompiling 01878370, pcode error at 01878370: Unable to disassemble EXTERNAL block location: 01878370  
2026-07-16 02:54:19 WARN  (DecompileCallback) Decompiling 01878378, pcode error at 01878378: Unable to disassemble EXTERNAL block location: 01878378  
2026-07-16 02:54:19 WARN  (DecompileCallback) Decompiling 01878380, pcode error at 01878380: Unable to disassemble EXTERNAL block location: 01878380  
2026-07-16 02:54:19 WARN  (DecompileCallback) Decompiling 01878388, pcode error at 01878388: Unable to disassemble EXTERNAL block location: 01878388  
2026-07-16 02:54:19 WARN  (DecompileCallback) Decompiling 01878390, pcode error at 01878390: Unable to disassemble EXTERNAL block location: 01878390  
2026-07-16 02:54:19 WARN  (DecompileCallback) Decompiling 01878398, pcode error at 01878398: Unable to disassemble EXTERNAL block location: 01878398  
2026-07-16 02:54:19 WARN  (DecompileCallback) Decompiling 018783a0, pcode error at 018783a0: Unable to disassemble EXTERNAL block location: 018783a0  
2026-07-16 02:54:19 WARN  (DecompileCallback) Decompiling 018783a8, pcode error at 018783a8: Unable to disassemble EXTERNAL block location: 018783a8  
2026-07-16 02:54:19 WARN  (DecompileCallback) Decompiling 018783b0, pcode error at 018783b0: Unable to disassemble EXTERNAL block location: 018783b0  
2026-07-16 02:54:19 WARN  (DecompileCallback) Decompiling 018783b8, pcode error at 018783b8: Unable to disassemble EXTERNAL block location: 018783b8  
2026-07-16 02:54:19 WARN  (DecompileCallback) Decompiling 018783c0, pcode error at 018783c0: Unable to disassemble EXTERNAL block location: 018783c0  
2026-07-16 02:54:19 WARN  (DecompileCallback) Decompiling 018783c8, pcode error at 018783c8: Unable to disassemble EXTERNAL block location: 018783c8  
2026-07-16 02:54:19 WARN  (DecompileCallback) Decompiling 018783d0, pcode error at 018783d0: Unable to disassemble EXTERNAL block location: 018783d0  
2026-07-16 02:54:19 WARN  (DecompileCallback) Decompiling 018783d8, pcode error at 018783d8: Unable to disassemble EXTERNAL block location: 018783d8  
2026-07-16 02:54:19 WARN  (DecompileCallback) Decompiling 018783e0, pcode error at 018783e0: Unable to disassemble EXTERNAL block location: 018783e0  
2026-07-16 02:54:19 WARN  (DecompileCallback) Decompiling 018783e8, pcode error at 018783e8: Unable to disassemble EXTERNAL block location: 018783e8  
2026-07-16 02:54:19 WARN  (DecompileCallback) Decompiling 018783f0, pcode error at 018783f0: Unable to disassemble EXTERNAL block location: 018783f0  
2026-07-16 02:54:19 WARN  (DecompileCallback) Decompiling 018783f8, pcode error at 018783f8: Unable to disassemble EXTERNAL block location: 018783f8  
2026-07-16 02:54:19 WARN  (DecompileCallback) Decompiling 01878400, pcode error at 01878400: Unable to disassemble EXTERNAL block location: 01878400  
2026-07-16 02:54:19 WARN  (DecompileCallback) Decompiling 01878408, pcode error at 01878408: Unable to disassemble EXTERNAL block location: 01878408  
2026-07-16 02:54:19 WARN  (DecompileCallback) Decompiling 01878410, pcode error at 01878410: Unable to disassemble EXTERNAL block location: 01878410  
2026-07-16 02:54:19 WARN  (DecompileCallback) Decompiling 01878418, pcode error at 01878418: Unable to disassemble EXTERNAL block location: 01878418  
2026-07-16 02:54:19 WARN  (DecompileCallback) Decompiling 01878420, pcode error at 01878420: Unable to disassemble EXTERNAL block location: 01878420  
2026-07-16 02:54:19 WARN  (DecompileCallback) Decompiling 01878428, pcode error at 01878428: Unable to disassemble EXTERNAL block location: 01878428  
2026-07-16 02:54:19 WARN  (DecompileCallback) Decompiling 01878430, pcode error at 01878430: Unable to disassemble EXTERNAL block location: 01878430  
2026-07-16 02:54:19 WARN  (DecompileCallback) Decompiling 01878438, pcode error at 01878438: Unable to disassemble EXTERNAL block location: 01878438  
2026-07-16 02:54:19 WARN  (DecompileCallback) Decompiling 01878440, pcode error at 01878440: Unable to disassemble EXTERNAL block location: 01878440  
2026-07-16 02:54:19 WARN  (DecompileCallback) Decompiling 01878448, pcode error at 01878448: Unable to disassemble EXTERNAL block location: 01878448  
2026-07-16 02:54:19 WARN  (DecompileCallback) Decompiling 01878450, pcode error at 01878450: Unable to disassemble EXTERNAL block location: 01878450  
2026-07-16 02:54:19 WARN  (DecompileCallback) Decompiling 01878458, pcode error at 01878458: Unable to disassemble EXTERNAL block location: 01878458  
2026-07-16 02:54:19 WARN  (DecompileCallback) Decompiling 01878460, pcode error at 01878460: Unable to disassemble EXTERNAL block location: 01878460  
2026-07-16 02:54:19 WARN  (DecompileCallback) Decompiling 01878468, pcode error at 01878468: Unable to disassemble EXTERNAL block location: 01878468  
2026-07-16 02:54:19 WARN  (DecompileCallback) Decompiling 01878470, pcode error at 01878470: Unable to disassemble EXTERNAL block location: 01878470  
2026-07-16 02:54:19 WARN  (DecompileCallback) Decompiling 01878478, pcode error at 01878478: Unable to disassemble EXTERNAL block location: 01878478  
2026-07-16 02:54:19 WARN  (DecompileCallback) Decompiling 01878480, pcode error at 01878480: Unable to disassemble EXTERNAL block location: 01878480  
2026-07-16 02:54:19 WARN  (DecompileCallback) Decompiling 01878488, pcode error at 01878488: Unable to disassemble EXTERNAL block location: 01878488  
2026-07-16 02:54:19 WARN  (DecompileCallback) Decompiling 01878490, pcode error at 01878490: Unable to disassemble EXTERNAL block location: 01878490  
2026-07-16 02:54:19 WARN  (DecompileCallback) Decompiling 01878498, pcode error at 01878498: Unable to disassemble EXTERNAL block location: 01878498  
2026-07-16 02:54:19 WARN  (DecompileCallback) Decompiling 018784a0, pcode error at 018784a0: Unable to disassemble EXTERNAL block location: 018784a0  
2026-07-16 02:54:19 WARN  (DecompileCallback) Decompiling 018784a8, pcode error at 018784a8: Unable to disassemble EXTERNAL block location: 018784a8  
2026-07-16 02:54:19 WARN  (DecompileCallback) Decompiling 018784b0, pcode error at 018784b0: Unable to disassemble EXTERNAL block location: 018784b0  
2026-07-16 02:54:19 WARN  (DecompileCallback) Decompiling 018784b8, pcode error at 018784b8: Unable to disassemble EXTERNAL block location: 018784b8  
2026-07-16 02:54:19 WARN  (DecompileCallback) Decompiling 018784c0, pcode error at 018784c0: Unable to disassemble EXTERNAL block location: 018784c0  
2026-07-16 02:54:19 WARN  (DecompileCallback) Decompiling 018784c8, pcode error at 018784c8: Unable to disassemble EXTERNAL block location: 018784c8  
2026-07-16 02:54:19 WARN  (DecompileCallback) Decompiling 018784d0, pcode error at 018784d0: Unable to disassemble EXTERNAL block location: 018784d0  
2026-07-16 02:54:19 WARN  (DecompileCallback) Decompiling 018784d8, pcode error at 018784d8: Unable to disassemble EXTERNAL block location: 018784d8  
2026-07-16 02:54:19 WARN  (DecompileCallback) Decompiling 018784e0, pcode error at 018784e0: Unable to disassemble EXTERNAL block location: 018784e0  
2026-07-16 02:54:19 WARN  (DecompileCallback) Decompiling 018784e8, pcode error at 018784e8: Unable to disassemble EXTERNAL block location: 018784e8  
2026-07-16 02:54:19 WARN  (DecompileCallback) Decompiling 018784f0, pcode error at 018784f0: Unable to disassemble EXTERNAL block location: 018784f0  
2026-07-16 02:54:19 WARN  (DecompileCallback) Decompiling 018784f8, pcode error at 018784f8: Unable to disassemble EXTERNAL block location: 018784f8  
2026-07-16 02:54:19 WARN  (DecompileCallback) Decompiling 01878500, pcode error at 01878500: Unable to disassemble EXTERNAL block location: 01878500  
2026-07-16 02:54:19 WARN  (DecompileCallback) Decompiling 01878508, pcode error at 01878508: Unable to disassemble EXTERNAL block location: 01878508  
2026-07-16 02:54:19 WARN  (DecompileCallback) Decompiling 01878510, pcode error at 01878510: Unable to disassemble EXTERNAL block location: 01878510  
2026-07-16 02:54:19 WARN  (DecompileCallback) Decompiling 01878518, pcode error at 01878518: Unable to disassemble EXTERNAL block location: 01878518  
2026-07-16 02:54:19 WARN  (DecompileCallback) Decompiling 01878520, pcode error at 01878520: Unable to disassemble EXTERNAL block location: 01878520  
2026-07-16 02:54:19 WARN  (DecompileCallback) Decompiling 01878528, pcode error at 01878528: Unable to disassemble EXTERNAL block location: 01878528  
2026-07-16 02:54:19 WARN  (DecompileCallback) Decompiling 01878530, pcode error at 01878530: Unable to disassemble EXTERNAL block location: 01878530  
2026-07-16 02:54:19 WARN  (DecompileCallback) Decompiling 01878538, pcode error at 01878538: Unable to disassemble EXTERNAL block location: 01878538  
2026-07-16 02:54:19 WARN  (DecompileCallback) Decompiling 01878540, pcode error at 01878540: Unable to disassemble EXTERNAL block location: 01878540  
2026-07-16 02:54:19 WARN  (DecompileCallback) Decompiling 01878548, pcode error at 01878548: Unable to disassemble EXTERNAL block location: 01878548  
2026-07-16 02:54:19 WARN  (DecompileCallback) Decompiling 01878550, pcode error at 01878550: Unable to disassemble EXTERNAL block location: 01878550  
2026-07-16 02:54:19 WARN  (DecompileCallback) Decompiling 01878558, pcode error at 01878558: Unable to disassemble EXTERNAL block location: 01878558  
2026-07-16 02:54:19 WARN  (DecompileCallback) Decompiling 01878560, pcode error at 01878560: Unable to disassemble EXTERNAL block location: 01878560  
2026-07-16 02:54:19 WARN  (DecompileCallback) Decompiling 01878568, pcode error at 01878568: Unable to disassemble EXTERNAL block location: 01878568  
2026-07-16 02:54:19 WARN  (DecompileCallback) Decompiling 01878570, pcode error at 01878570: Unable to disassemble EXTERNAL block location: 01878570  
2026-07-16 02:54:19 WARN  (DecompileCallback) Decompiling 01878578, pcode error at 01878578: Unable to disassemble EXTERNAL block location: 01878578  
2026-07-16 02:54:19 WARN  (DecompileCallback) Decompiling 01878580, pcode error at 01878580: Unable to disassemble EXTERNAL block location: 01878580  
2026-07-16 02:54:19 WARN  (DecompileCallback) Decompiling 01878588, pcode error at 01878588: Unable to disassemble EXTERNAL block location: 01878588  
2026-07-16 02:54:19 WARN  (DecompileCallback) Decompiling 01878590, pcode error at 01878590: Unable to disassemble EXTERNAL block location: 01878590  
2026-07-16 02:54:19 WARN  (DecompileCallback) Decompiling 01878598, pcode error at 01878598: Unable to disassemble EXTERNAL block location: 01878598  
2026-07-16 02:54:19 WARN  (DecompileCallback) Decompiling 018785a0, pcode error at 018785a0: Unable to disassemble EXTERNAL block location: 018785a0  
2026-07-16 02:54:19 WARN  (DecompileCallback) Decompiling 018785a8, pcode error at 018785a8: Unable to disassemble EXTERNAL block location: 018785a8  
2026-07-16 02:54:19 WARN  (DecompileCallback) Decompiling 018785b0, pcode error at 018785b0: Unable to disassemble EXTERNAL block location: 018785b0  
2026-07-16 02:54:19 WARN  (DecompileCallback) Decompiling 018785b8, pcode error at 018785b8: Unable to disassemble EXTERNAL block location: 018785b8  
2026-07-16 02:54:19 WARN  (DecompileCallback) Decompiling 018785c0, pcode error at 018785c0: Unable to disassemble EXTERNAL block location: 018785c0  
2026-07-16 02:54:19 WARN  (DecompileCallback) Decompiling 018785c8, pcode error at 018785c8: Unable to disassemble EXTERNAL block location: 018785c8  
2026-07-16 02:54:19 WARN  (DecompileCallback) Decompiling 018785d0, pcode error at 018785d0: Unable to disassemble EXTERNAL block location: 018785d0  
2026-07-16 02:54:19 WARN  (DecompileCallback) Decompiling 018785d8, pcode error at 018785d8: Unable to disassemble EXTERNAL block location: 018785d8  
2026-07-16 02:54:19 WARN  (DecompileCallback) Decompiling 018785e0, pcode error at 018785e0: Unable to disassemble EXTERNAL block location: 018785e0  
2026-07-16 02:54:19 WARN  (DecompileCallback) Decompiling 018785e8, pcode error at 018785e8: Unable to disassemble EXTERNAL block location: 018785e8  
2026-07-16 02:54:19 WARN  (DecompileCallback) Decompiling 018785f0, pcode error at 018785f0: Unable to disassemble EXTERNAL block location: 018785f0  
2026-07-16 02:54:19 WARN  (DecompileCallback) Decompiling 018785f8, pcode error at 018785f8: Unable to disassemble EXTERNAL block location: 018785f8  
2026-07-16 02:54:19 WARN  (DecompileCallback) Decompiling 01878600, pcode error at 01878600: Unable to disassemble EXTERNAL block location: 01878600  
2026-07-16 02:54:19 WARN  (DecompileCallback) Decompiling 01878608, pcode error at 01878608: Unable to disassemble EXTERNAL block location: 01878608  
2026-07-16 02:54:19 WARN  (DecompileCallback) Decompiling 01878610, pcode error at 01878610: Unable to disassemble EXTERNAL block location: 01878610  
2026-07-16 02:54:19 WARN  (DecompileCallback) Decompiling 01878618, pcode error at 01878618: Unable to disassemble EXTERNAL block location: 01878618  
2026-07-16 02:54:19 WARN  (DecompileCallback) Decompiling 01878620, pcode error at 01878620: Unable to disassemble EXTERNAL block location: 01878620  
2026-07-16 02:54:19 WARN  (DecompileCallback) Decompiling 01878628, pcode error at 01878628: Unable to disassemble EXTERNAL block location: 01878628  
2026-07-16 02:54:19 WARN  (DecompileCallback) Decompiling 01878630, pcode error at 01878630: Unable to disassemble EXTERNAL block location: 01878630  
2026-07-16 02:54:19 WARN  (DecompileCallback) Decompiling 01878638, pcode error at 01878638: Unable to disassemble EXTERNAL block location: 01878638  
2026-07-16 02:54:19 WARN  (DecompileCallback) Decompiling 01878640, pcode error at 01878640: Unable to disassemble EXTERNAL block location: 01878640  
2026-07-16 02:54:19 WARN  (DecompileCallback) Decompiling 01878648, pcode error at 01878648: Unable to disassemble EXTERNAL block location: 01878648  
2026-07-16 02:54:19 WARN  (DecompileCallback) Decompiling 01878650, pcode error at 01878650: Unable to disassemble EXTERNAL block location: 01878650  
2026-07-16 02:54:19 WARN  (DecompileCallback) Decompiling 01878658, pcode error at 01878658: Unable to disassemble EXTERNAL block location: 01878658  
2026-07-16 02:54:19 WARN  (DecompileCallback) Decompiling 01878660, pcode error at 01878660: Unable to disassemble EXTERNAL block location: 01878660  
2026-07-16 02:54:19 WARN  (DecompileCallback) Decompiling 01878668, pcode error at 01878668: Unable to disassemble EXTERNAL block location: 01878668  
2026-07-16 02:54:19 WARN  (DecompileCallback) Decompiling 01878670, pcode error at 01878670: Unable to disassemble EXTERNAL block location: 01878670  
2026-07-16 02:54:19 WARN  (DecompileCallback) Decompiling 01878678, pcode error at 01878678: Unable to disassemble EXTERNAL block location: 01878678  
2026-07-16 02:54:19 WARN  (DecompileCallback) Decompiling 01878680, pcode error at 01878680: Unable to disassemble EXTERNAL block location: 01878680  
2026-07-16 02:54:19 WARN  (DecompileCallback) Decompiling 01878688, pcode error at 01878688: Unable to disassemble EXTERNAL block location: 01878688  
2026-07-16 02:54:19 WARN  (DecompileCallback) Decompiling 01878690, pcode error at 01878690: Unable to disassemble EXTERNAL block location: 01878690  
2026-07-16 02:54:19 WARN  (DecompileCallback) Decompiling 01878698, pcode error at 01878698: Unable to disassemble EXTERNAL block location: 01878698  
2026-07-16 02:54:19 WARN  (DecompileCallback) Decompiling 018786a0, pcode error at 018786a0: Unable to disassemble EXTERNAL block location: 018786a0  
2026-07-16 02:54:19 WARN  (DecompileCallback) Decompiling 018786b0, pcode error at 018786b0: Unable to disassemble EXTERNAL block location: 018786b0  
2026-07-16 02:54:19 WARN  (DecompileCallback) Decompiling 018786b8, pcode error at 018786b8: Unable to disassemble EXTERNAL block location: 018786b8  
2026-07-16 02:54:19 WARN  (DecompileCallback) Decompiling 018786c0, pcode error at 018786c0: Unable to disassemble EXTERNAL block location: 018786c0  
2026-07-16 02:54:19 WARN  (DecompileCallback) Decompiling 018786c8, pcode error at 018786c8: Unable to disassemble EXTERNAL block location: 018786c8  
2026-07-16 02:54:19 WARN  (DecompileCallback) Decompiling 018786d0, pcode error at 018786d0: Unable to disassemble EXTERNAL block location: 018786d0  
2026-07-16 02:54:19 WARN  (DecompileCallback) Decompiling 018786d8, pcode error at 018786d8: Unable to disassemble EXTERNAL block location: 018786d8  
2026-07-16 02:54:19 WARN  (DecompileCallback) Decompiling 018786e0, pcode error at 018786e0: Unable to disassemble EXTERNAL block location: 018786e0  
2026-07-16 02:54:19 WARN  (DecompileCallback) Decompiling 018786e8, pcode error at 018786e8: Unable to disassemble EXTERNAL block location: 018786e8  
2026-07-16 02:54:19 WARN  (DecompileCallback) Decompiling 018786f0, pcode error at 018786f0: Unable to disassemble EXTERNAL block location: 018786f0  
2026-07-16 02:54:19 WARN  (DecompileCallback) Decompiling 018786f8, pcode error at 018786f8: Unable to disassemble EXTERNAL block location: 018786f8  
2026-07-16 02:54:19 WARN  (DecompileCallback) Decompiling 01878700, pcode error at 01878700: Unable to disassemble EXTERNAL block location: 01878700  
2026-07-16 02:54:19 WARN  (DecompileCallback) Decompiling 01878708, pcode error at 01878708: Unable to disassemble EXTERNAL block location: 01878708  
2026-07-16 02:54:19 WARN  (DecompileCallback) Decompiling 01878710, pcode error at 01878710: Unable to disassemble EXTERNAL block location: 01878710  
2026-07-16 02:54:19 WARN  (DecompileCallback) Decompiling 01878718, pcode error at 01878718: Unable to disassemble EXTERNAL block location: 01878718  
2026-07-16 02:54:19 WARN  (DecompileCallback) Decompiling 01878720, pcode error at 01878720: Unable to disassemble EXTERNAL block location: 01878720  
2026-07-16 02:54:19 WARN  (DecompileCallback) Decompiling 01878728, pcode error at 01878728: Unable to disassemble EXTERNAL block location: 01878728  
2026-07-16 02:54:19 WARN  (DecompileCallback) Decompiling 01878730, pcode error at 01878730: Unable to disassemble EXTERNAL block location: 01878730  
2026-07-16 02:54:19 WARN  (DecompileCallback) Decompiling 01878738, pcode error at 01878738: Unable to disassemble EXTERNAL block location: 01878738  
2026-07-16 02:54:19 WARN  (DecompileCallback) Decompiling 01878740, pcode error at 01878740: Unable to disassemble EXTERNAL block location: 01878740  
2026-07-16 02:54:19 WARN  (DecompileCallback) Decompiling 01878748, pcode error at 01878748: Unable to disassemble EXTERNAL block location: 01878748  
2026-07-16 02:54:19 WARN  (DecompileCallback) Decompiling 01878750, pcode error at 01878750: Unable to disassemble EXTERNAL block location: 01878750  
2026-07-16 02:54:19 WARN  (DecompileCallback) Decompiling 01878758, pcode error at 01878758: Unable to disassemble EXTERNAL block location: 01878758  
2026-07-16 02:54:19 WARN  (DecompileCallback) Decompiling 01878760, pcode error at 01878760: Unable to disassemble EXTERNAL block location: 01878760  
2026-07-16 02:54:19 WARN  (DecompileCallback) Decompiling 01878768, pcode error at 01878768: Unable to disassemble EXTERNAL block location: 01878768  
2026-07-16 02:54:19 WARN  (DecompileCallback) Decompiling 01878770, pcode error at 01878770: Unable to disassemble EXTERNAL block location: 01878770  
2026-07-16 02:54:19 WARN  (DecompileCallback) Decompiling 01878778, pcode error at 01878778: Unable to disassemble EXTERNAL block location: 01878778  
2026-07-16 02:54:19 WARN  (DecompileCallback) Decompiling 01878780, pcode error at 01878780: Unable to disassemble EXTERNAL block location: 01878780  
2026-07-16 02:54:19 WARN  (DecompileCallback) Decompiling 01878788, pcode error at 01878788: Unable to disassemble EXTERNAL block location: 01878788  
2026-07-16 02:54:19 WARN  (DecompileCallback) Decompiling 01878790, pcode error at 01878790: Unable to disassemble EXTERNAL block location: 01878790  
2026-07-16 02:54:19 WARN  (DecompileCallback) Decompiling 01878798, pcode error at 01878798: Unable to disassemble EXTERNAL block location: 01878798  
2026-07-16 02:54:19 WARN  (DecompileCallback) Decompiling 018787a0, pcode error at 018787a0: Unable to disassemble EXTERNAL block location: 018787a0  
2026-07-16 02:54:19 WARN  (DecompileCallback) Decompiling 018787a8, pcode error at 018787a8: Unable to disassemble EXTERNAL block location: 018787a8  
2026-07-16 02:54:19 WARN  (DecompileCallback) Decompiling 018787b0, pcode error at 018787b0: Unable to disassemble EXTERNAL block location: 018787b0  
2026-07-16 02:54:19 WARN  (DecompileCallback) Decompiling 018787b8, pcode error at 018787b8: Unable to disassemble EXTERNAL block location: 018787b8  
2026-07-16 02:54:19 WARN  (DecompileCallback) Decompiling 018787c0, pcode error at 018787c0: Unable to disassemble EXTERNAL block location: 018787c0  
2026-07-16 02:54:19 INFO  (GhidraScript) GeneralStructureEyePatternScan.java> General structure scan complete.  
2026-07-16 02:54:19 INFO  (GhidraScript) GeneralStructureEyePatternScan.java> Total functions scanned: 132337  
2026-07-16 02:54:19 INFO  (GhidraScript) GeneralStructureEyePatternScan.java> Exported functions: 14  
2026-07-16 02:54:19 INFO  (GhidraScript) GeneralStructureEyePatternScan.java> Decompile failures: 13  
2026-07-16 02:54:19 INFO  (GhidraScript) GeneralStructureEyePatternScan.java> Report CSV: C:\realDesktop\manifest-evaluations\summer-26\ghidra-pipeline\il2cpp-files\JustAnotherCookingGame\general-structure-results\structure_scan_report.csv  
2026-07-16 02:54:19 INFO  (GhidraScript) GeneralStructureEyePatternScan.java> Report JSON: C:\realDesktop\manifest-evaluations\summer-26\ghidra-pipeline\il2cpp-files\JustAnotherCookingGame\general-structure-results\structure_scan_report.json  
2026-07-16 02:54:19 INFO  (HeadlessAnalyzer) REPORT: Save succeeded for processed file: /JustAnotherCookingGame-libil2cpp.so  
