2026-07-20 16:55:42 INFO  (LoggingInitialization) Using log config file: jar:file:/C:/Users/kimgiordano27/Downloads/ghidra_12.1.2_PUBLIC_20260605/ghidra_12.1.2_PUBLIC/Ghidra/Framework/Generic/lib/Generic.jar!/generic.log4j.xml  
2026-07-20 16:55:42 INFO  (LoggingInitialization) Using log file: C:\realDesktop\manifest-evaluations\summer-26\ghidra-pipeline\il2cpp-files\PokerStarsVR\general-structure-ghidra.log  
2026-07-20 16:55:42 DEBUG (GhidraObjectInputFilter) Including serial input filter: FileSystem/data/client.rmi.serial.filter  
2026-07-20 16:55:42 INFO  (Preferences) Loading user preferences: C:\Users\kimgiordano27\AppData\Roaming\ghidra\ghidra_12.1.2_PUBLIC\preferences  
2026-07-20 16:55:42 INFO  (ClassSearcher) Searching for classes...  
2026-07-20 16:55:42 INFO  (ClassSearcher) Class search complete (533 ms)  
2026-07-20 16:55:42 INFO  (DefaultSSLContextInitializer) Initializing SSL Context  
2026-07-20 16:55:42 INFO  (SecureRandomFactory) Initializing Random Number Generator...  
2026-07-20 16:55:42 INFO  (SecureRandomFactory) Random Number Generator initialization complete: SHA1PRNG  
2026-07-20 16:55:42 INFO  (DefaultTrustManagerFactory) Trust manager disabled, cacerts have not been set  
2026-07-20 16:55:43 INFO  (AnalyzeHeadless) Headless startup complete (1600 ms)  
2026-07-20 16:55:43 INFO  (ClassSearcher) Class searcher loaded 59 extension points (20 false positives)  
2026-07-20 16:55:43 INFO  (HeadlessAnalyzer) HEADLESS Script Paths:
    C:\Users\kimgiordano27\Downloads\ghidra_12.1.2_PUBLIC_20260605\ghidra_12.1.2_PUBLIC\Ghidra\Features\DecompilerDependent\ghidra_scripts
    C:\Users\kimgiordano27\Downloads\ghidra_12.1.2_PUBLIC_20260605\ghidra_12.1.2_PUBLIC\Ghidra\Processors\Atmel\ghidra_scripts
    C:\Users\kimgiordano27\Downloads\ghidra_12.1.2_PUBLIC_20260605\ghidra_12.1.2_PUBLIC\Ghidra\Processors\PIC\ghidra_scripts
    C:\Users\kimgiordano27\Downloads\ghidra_12.1.2_PUBLIC_20260605\ghidra_12.1.2_PUBLIC\Ghidra\Features\VersionTracking\ghidra_scripts
    C:\Users\kimgiordano27\Downloads\ghidra_12.1.2_PUBLIC_20260605\ghidra_12.1.2_PUBLIC\Ghidra\Features\BytePatterns\ghidra_scripts
    C:\Users\kimgiordano27\ghidra_scripts
    C:\Users\kimgiordano27\Downloads\ghidra_12.1.2_PUBLIC_20260605\ghidra_12.1.2_PUBLIC\Ghidra\Features\BSim\ghidra_scripts
    C:\realDesktop\manifest-evaluations\summer-26\ghidra-pipeline\ghidra-export-scripts
    C:\Users\kimgiordano27\Downloads\ghidra_12.1.2_PUBLIC_20260605\ghidra_12.1.2_PUBLIC\Ghidra\Processors\JVM\ghidra_scripts
    C:\Users\kimgiordano27\Downloads\ghidra_12.1.2_PUBLIC_20260605\ghidra_12.1.2_PUBLIC\Ghidra\Features\Base\ghidra_scripts
    C:\Users\kimgiordano27\Downloads\ghidra_12.1.2_PUBLIC_20260605\ghidra_12.1.2_PUBLIC\Ghidra\Features\SwiftDemangler\ghidra_scripts
    C:\Users\kimgiordano27\Downloads\ghidra_12.1.2_PUBLIC_20260605\ghidra_12.1.2_PUBLIC\Ghidra\Features\WildcardAssembler\ghidra_scripts
    C:\Users\kimgiordano27\Downloads\ghidra_12.1.2_PUBLIC_20260605\ghidra_12.1.2_PUBLIC\Ghidra\Features\FileFormats\ghidra_scripts
    C:\Users\kimgiordano27\Downloads\ghidra_12.1.2_PUBLIC_20260605\ghidra_12.1.2_PUBLIC\Ghidra\Features\Decompiler\ghidra_scripts
    C:\Users\kimgiordano27\Downloads\ghidra_12.1.2_PUBLIC_20260605\ghidra_12.1.2_PUBLIC\Ghidra\Features\SystemEmulation\ghidra_scripts
    C:\Users\kimgiordano27\Downloads\ghidra_12.1.2_PUBLIC_20260605\ghidra_12.1.2_PUBLIC\Ghidra\Processors\8051\ghidra_scripts
    C:\Users\kimgiordano27\Downloads\ghidra_12.1.2_PUBLIC_20260605\ghidra_12.1.2_PUBLIC\Ghidra\Features\GnuDemangler\ghidra_scripts
    C:\Users\kimgiordano27\Downloads\ghidra_12.1.2_PUBLIC_20260605\ghidra_12.1.2_PUBLIC\Ghidra\Debug\Debugger\ghidra_scripts
    C:\Users\kimgiordano27\Downloads\ghidra_12.1.2_PUBLIC_20260605\ghidra_12.1.2_PUBLIC\Ghidra\Processors\DATA\ghidra_scripts
    C:\Users\kimgiordano27\Downloads\ghidra_12.1.2_PUBLIC_20260605\ghidra_12.1.2_PUBLIC\Ghidra\Debug\Debugger-rmi-trace\ghidra_scripts
    C:\Users\kimgiordano27\Downloads\ghidra_12.1.2_PUBLIC_20260605\ghidra_12.1.2_PUBLIC\Ghidra\Features\FunctionID\ghidra_scripts
    C:\Users\kimgiordano27\Downloads\ghidra_12.1.2_PUBLIC_20260605\ghidra_12.1.2_PUBLIC\Ghidra\Features\MicrosoftCodeAnalyzer\ghidra_scripts
    C:\Users\kimgiordano27\Downloads\ghidra_12.1.2_PUBLIC_20260605\ghidra_12.1.2_PUBLIC\Ghidra\Features\PDB\ghidra_scripts
    C:\Users\kimgiordano27\AppData\Roaming\ghidra\ghidra_12.1.2_PUBLIC\Extensions\Jython\ghidra_scripts
    C:\Users\kimgiordano27\Downloads\ghidra_12.1.2_PUBLIC_20260605\ghidra_12.1.2_PUBLIC\Ghidra\Features\PyGhidra\ghidra_scripts  
2026-07-20 16:55:43 INFO  (HeadlessAnalyzer) HEADLESS: execution starts  
2026-07-20 16:55:43 INFO  (HeadlessAnalyzer) Opening existing project: C:\realDesktop\manifest-evaluations\summer-26\ghidra-pipeline\il2cpp-files\PokerStarsVR\ghidra-project-PokerStarsVR\PokerStarsVR  
2026-07-20 16:55:43 INFO  (HeadlessProject) Opening project: C:\realDesktop\manifest-evaluations\summer-26\ghidra-pipeline\il2cpp-files\PokerStarsVR\ghidra-project-PokerStarsVR\PokerStarsVR  
2026-07-20 16:55:43 INFO  (LocalFileSystem) /PokerStarsVR-libil2cpp.so: checkout (2) granted (kimgiordano27)  
2026-07-20 16:55:50 INFO  (HeadlessAnalyzer) REPORT: Processing project file: /PokerStarsVR-libil2cpp.so  
2026-07-20 16:55:51 INFO  (HeadlessAnalyzer) REPORT: Execute script: GeneralStructureEyePatternScan.java 'C:\realDesktop\manifest-evaluations\summer-26\ghidra-pipeline\il2cpp-files\PokerStarsVR\general-structure-results' '70' 'false'   
2026-07-20 16:55:51 INFO  (HeadlessAnalyzer) SCRIPT: C:\realDesktop\manifest-evaluations\summer-26\ghidra-pipeline\ghidra-export-scripts\GeneralStructureEyePatternScan.java  
2026-07-20 16:55:51 INFO  (GhidraScript) GeneralStructureEyePatternScan.java> General structure scan starting...  
2026-07-20 16:55:51 INFO  (GhidraScript) GeneralStructureEyePatternScan.java> Output: C:\realDesktop\manifest-evaluations\summer-26\ghidra-pipeline\il2cpp-files\PokerStarsVR\general-structure-results  
2026-07-20 16:55:51 INFO  (GhidraScript) GeneralStructureEyePatternScan.java> Minimum review score: 70  
2026-07-20 16:55:51 INFO  (GhidraScript) GeneralStructureEyePatternScan.java> Export all: false  
2026-07-20 16:56:04 INFO  (GhidraScript) GeneralStructureEyePatternScan.java> Scanned 10000 functions. Exported so far: 0  
2026-07-20 16:56:18 INFO  (GhidraScript) GeneralStructureEyePatternScan.java> Scanned 20000 functions. Exported so far: 0  
2026-07-20 16:56:33 INFO  (GhidraScript) GeneralStructureEyePatternScan.java> Scanned 30000 functions. Exported so far: 0  
2026-07-20 16:56:49 INFO  (GhidraScript) GeneralStructureEyePatternScan.java> Scanned 40000 functions. Exported so far: 0  
2026-07-20 16:57:02 INFO  (GhidraScript) GeneralStructureEyePatternScan.java> Scanned 50000 functions. Exported so far: 0  
2026-07-20 16:57:16 INFO  (GhidraScript) GeneralStructureEyePatternScan.java> Scanned 60000 functions. Exported so far: 0  
2026-07-20 16:57:30 INFO  (GhidraScript) GeneralStructureEyePatternScan.java> Scanned 70000 functions. Exported so far: 0  
2026-07-20 16:57:48 INFO  (GhidraScript) GeneralStructureEyePatternScan.java> Scanned 80000 functions. Exported so far: 0  
2026-07-20 16:58:15 INFO  (GhidraScript) GeneralStructureEyePatternScan.java> Scanned 90000 functions. Exported so far: 0  
2026-07-20 16:58:36 INFO  (GhidraScript) GeneralStructureEyePatternScan.java> Scanned 100000 functions. Exported so far: 0  
2026-07-20 16:58:54 INFO  (GhidraScript) GeneralStructureEyePatternScan.java> Scanned 110000 functions. Exported so far: 0  
2026-07-20 16:59:18 INFO  (GhidraScript) GeneralStructureEyePatternScan.java> Scanned 120000 functions. Exported so far: 0  
2026-07-20 16:59:39 INFO  (GhidraScript) GeneralStructureEyePatternScan.java> Scanned 130000 functions. Exported so far: 0  
2026-07-20 17:00:00 INFO  (GhidraScript) GeneralStructureEyePatternScan.java> Scanned 140000 functions. Exported so far: 0  
2026-07-20 17:00:19 INFO  (GhidraScript) GeneralStructureEyePatternScan.java> Scanned 150000 functions. Exported so far: 0  
2026-07-20 17:00:49 INFO  (GhidraScript) GeneralStructureEyePatternScan.java> Scanned 160000 functions. Exported so far: 0  
2026-07-20 17:01:50 INFO  (GhidraScript) GeneralStructureEyePatternScan.java> Scanned 170000 functions. Exported so far: 1  
2026-07-20 17:02:51 INFO  (GhidraScript) GeneralStructureEyePatternScan.java> Scanned 180000 functions. Exported so far: 1  
2026-07-20 17:05:10 INFO  (GhidraScript) GeneralStructureEyePatternScan.java> Scanned 190000 functions. Exported so far: 1  
2026-07-20 17:06:31 INFO  (GhidraScript) GeneralStructureEyePatternScan.java> Scanned 200000 functions. Exported so far: 1  
2026-07-20 17:07:57 INFO  (GhidraScript) GeneralStructureEyePatternScan.java> Scanned 210000 functions. Exported so far: 1  
2026-07-20 17:09:03 INFO  (GhidraScript) GeneralStructureEyePatternScan.java> Scanned 220000 functions. Exported so far: 1  
2026-07-20 17:09:33 INFO  (GhidraScript) GeneralStructureEyePatternScan.java> Scanned 230000 functions. Exported so far: 1  
2026-07-20 17:11:33 INFO  (GhidraScript) GeneralStructureEyePatternScan.java> Scanned 240000 functions. Exported so far: 1  
2026-07-20 17:12:46 INFO  (GhidraScript) GeneralStructureEyePatternScan.java> Scanned 250000 functions. Exported so far: 1  
2026-07-20 17:14:55 INFO  (GhidraScript) GeneralStructureEyePatternScan.java> Scanned 260000 functions. Exported so far: 1  
2026-07-20 17:16:31 INFO  (GhidraScript) GeneralStructureEyePatternScan.java> Scanned 270000 functions. Exported so far: 1  
2026-07-20 17:17:50 INFO  (GhidraScript) GeneralStructureEyePatternScan.java> Scanned 280000 functions. Exported so far: 1  
2026-07-20 17:19:28 INFO  (GhidraScript) GeneralStructureEyePatternScan.java> Scanned 290000 functions. Exported so far: 1  
2026-07-20 17:21:19 INFO  (GhidraScript) GeneralStructureEyePatternScan.java> Scanned 300000 functions. Exported so far: 1  
2026-07-20 17:22:46 INFO  (GhidraScript) GeneralStructureEyePatternScan.java> Scanned 310000 functions. Exported so far: 1  
2026-07-20 17:25:45 INFO  (GhidraScript) GeneralStructureEyePatternScan.java> Scanned 320000 functions. Exported so far: 1  
2026-07-20 17:34:01 INFO  (GhidraScript) GeneralStructureEyePatternScan.java> Scanned 330000 functions. Exported so far: 1  
2026-07-20 17:36:04 INFO  (GhidraScript) GeneralStructureEyePatternScan.java> Scanned 340000 functions. Exported so far: 1  
2026-07-20 17:39:13 INFO  (GhidraScript) GeneralStructureEyePatternScan.java> Scanned 350000 functions. Exported so far: 1  
2026-07-20 17:40:20 INFO  (GhidraScript) GeneralStructureEyePatternScan.java> Scanned 360000 functions. Exported so far: 1  
2026-07-20 17:41:42 INFO  (GhidraScript) GeneralStructureEyePatternScan.java> Scanned 370000 functions. Exported so far: 1  
2026-07-20 17:44:20 INFO  (GhidraScript) GeneralStructureEyePatternScan.java> Scanned 380000 functions. Exported so far: 1  
2026-07-20 17:45:37 INFO  (GhidraScript) GeneralStructureEyePatternScan.java> Scanned 390000 functions. Exported so far: 1  
2026-07-20 17:46:09 INFO  (GhidraScript) GeneralStructureEyePatternScan.java> Scanned 400000 functions. Exported so far: 1  
2026-07-20 17:46:47 INFO  (GhidraScript) GeneralStructureEyePatternScan.java> Scanned 410000 functions. Exported so far: 1  
2026-07-20 17:48:31 INFO  (GhidraScript) GeneralStructureEyePatternScan.java> Scanned 420000 functions. Exported so far: 1  
2026-07-20 17:49:38 INFO  (GhidraScript) GeneralStructureEyePatternScan.java> Scanned 430000 functions. Exported so far: 1  
2026-07-20 17:50:13 INFO  (GhidraScript) GeneralStructureEyePatternScan.java> Scanned 440000 functions. Exported so far: 1  
2026-07-20 17:50:52 INFO  (GhidraScript) GeneralStructureEyePatternScan.java> Scanned 450000 functions. Exported so far: 1  
2026-07-20 17:51:45 INFO  (GhidraScript) GeneralStructureEyePatternScan.java> Scanned 460000 functions. Exported so far: 1  
2026-07-20 17:52:44 INFO  (GhidraScript) GeneralStructureEyePatternScan.java> Scanned 470000 functions. Exported so far: 1  
2026-07-20 17:53:47 INFO  (GhidraScript) GeneralStructureEyePatternScan.java> Scanned 480000 functions. Exported so far: 1  
2026-07-20 17:54:36 INFO  (GhidraScript) GeneralStructureEyePatternScan.java> Scanned 490000 functions. Exported so far: 1  
2026-07-20 17:55:23 INFO  (GhidraScript) GeneralStructureEyePatternScan.java> Scanned 500000 functions. Exported so far: 1  
2026-07-20 17:56:16 INFO  (GhidraScript) GeneralStructureEyePatternScan.java> Scanned 510000 functions. Exported so far: 1  
2026-07-20 17:57:04 INFO  (GhidraScript) GeneralStructureEyePatternScan.java> Scanned 520000 functions. Exported so far: 1  
2026-07-20 17:58:02 INFO  (GhidraScript) GeneralStructureEyePatternScan.java> Scanned 530000 functions. Exported so far: 1  
2026-07-20 17:58:56 INFO  (GhidraScript) GeneralStructureEyePatternScan.java> Scanned 540000 functions. Exported so far: 1  
2026-07-20 18:00:09 INFO  (GhidraScript) GeneralStructureEyePatternScan.java> Scanned 550000 functions. Exported so far: 1  
2026-07-20 18:01:58 INFO  (GhidraScript) GeneralStructureEyePatternScan.java> Scanned 560000 functions. Exported so far: 1  
2026-07-20 18:03:19 INFO  (GhidraScript) GeneralStructureEyePatternScan.java> Scanned 570000 functions. Exported so far: 1  
2026-07-20 18:04:21 INFO  (GhidraScript) GeneralStructureEyePatternScan.java> Scanned 580000 functions. Exported so far: 1  
2026-07-20 18:05:49 INFO  (GhidraScript) GeneralStructureEyePatternScan.java> Scanned 590000 functions. Exported so far: 1  
2026-07-20 18:08:09 INFO  (GhidraScript) GeneralStructureEyePatternScan.java> Scanned 600000 functions. Exported so far: 1  
2026-07-20 18:09:43 INFO  (GhidraScript) GeneralStructureEyePatternScan.java> Scanned 610000 functions. Exported so far: 1  
2026-07-20 18:11:23 INFO  (GhidraScript) GeneralStructureEyePatternScan.java> Scanned 620000 functions. Exported so far: 1  
2026-07-20 18:12:37 INFO  (GhidraScript) GeneralStructureEyePatternScan.java> Scanned 630000 functions. Exported so far: 1  
2026-07-20 18:14:44 INFO  (GhidraScript) GeneralStructureEyePatternScan.java> Scanned 640000 functions. Exported so far: 1  
2026-07-20 18:15:50 INFO  (GhidraScript) GeneralStructureEyePatternScan.java> Scanned 650000 functions. Exported so far: 1  
2026-07-20 18:17:14 INFO  (GhidraScript) GeneralStructureEyePatternScan.java> Scanned 660000 functions. Exported so far: 27  
2026-07-20 18:19:39 INFO  (GhidraScript) GeneralStructureEyePatternScan.java> Scanned 670000 functions. Exported so far: 27  
2026-07-20 18:21:17 INFO  (GhidraScript) GeneralStructureEyePatternScan.java> Scanned 680000 functions. Exported so far: 27  
2026-07-20 18:23:25 INFO  (GhidraScript) GeneralStructureEyePatternScan.java> Scanned 690000 functions. Exported so far: 27  
2026-07-20 18:25:02 INFO  (GhidraScript) GeneralStructureEyePatternScan.java> Scanned 700000 functions. Exported so far: 27  
2026-07-20 18:26:48 INFO  (GhidraScript) GeneralStructureEyePatternScan.java> Scanned 710000 functions. Exported so far: 27  
2026-07-20 18:28:36 INFO  (GhidraScript) GeneralStructureEyePatternScan.java> Scanned 720000 functions. Exported so far: 30  
2026-07-20 18:29:26 INFO  (GhidraScript) GeneralStructureEyePatternScan.java> Scanned 730000 functions. Exported so far: 30  
2026-07-20 18:31:16 INFO  (GhidraScript) GeneralStructureEyePatternScan.java> Scanned 740000 functions. Exported so far: 30  
2026-07-20 18:31:35 WARN  (DecompileCallback) Decompiling 0d185000, pcode error at 0d185000: Unable to disassemble EXTERNAL block location: 0d185000  
2026-07-20 18:31:35 WARN  (DecompileCallback) Decompiling 0d185008, pcode error at 0d185008: Unable to disassemble EXTERNAL block location: 0d185008  
2026-07-20 18:31:35 WARN  (DecompileCallback) Decompiling 0d185010, pcode error at 0d185010: Unable to disassemble EXTERNAL block location: 0d185010  
2026-07-20 18:31:35 WARN  (DecompileCallback) Decompiling 0d185018, pcode error at 0d185018: Unable to disassemble EXTERNAL block location: 0d185018  
2026-07-20 18:31:35 WARN  (DecompileCallback) Decompiling 0d185020, pcode error at 0d185020: Unable to disassemble EXTERNAL block location: 0d185020  
2026-07-20 18:31:35 WARN  (DecompileCallback) Decompiling 0d185028, pcode error at 0d185028: Unable to disassemble EXTERNAL block location: 0d185028  
2026-07-20 18:31:35 WARN  (DecompileCallback) Decompiling 0d185030, pcode error at 0d185030: Unable to disassemble EXTERNAL block location: 0d185030  
2026-07-20 18:31:35 WARN  (DecompileCallback) Decompiling 0d185038, pcode error at 0d185038: Unable to disassemble EXTERNAL block location: 0d185038  
2026-07-20 18:31:35 WARN  (DecompileCallback) Decompiling 0d185040, pcode error at 0d185040: Unable to disassemble EXTERNAL block location: 0d185040  
2026-07-20 18:31:35 WARN  (DecompileCallback) Decompiling 0d185048, pcode error at 0d185048: Unable to disassemble EXTERNAL block location: 0d185048  
2026-07-20 18:31:35 WARN  (DecompileCallback) Decompiling 0d185050, pcode error at 0d185050: Unable to disassemble EXTERNAL block location: 0d185050  
2026-07-20 18:31:35 WARN  (DecompileCallback) Decompiling 0d185058, pcode error at 0d185058: Unable to disassemble EXTERNAL block location: 0d185058  
2026-07-20 18:31:35 WARN  (DecompileCallback) Decompiling 0d185060, pcode error at 0d185060: Unable to disassemble EXTERNAL block location: 0d185060  
2026-07-20 18:31:35 WARN  (DecompileCallback) Decompiling 0d185068, pcode error at 0d185068: Unable to disassemble EXTERNAL block location: 0d185068  
2026-07-20 18:31:35 WARN  (DecompileCallback) Decompiling 0d185070, pcode error at 0d185070: Unable to disassemble EXTERNAL block location: 0d185070  
2026-07-20 18:31:35 WARN  (DecompileCallback) Decompiling 0d185078, pcode error at 0d185078: Unable to disassemble EXTERNAL block location: 0d185078  
2026-07-20 18:31:35 WARN  (DecompileCallback) Decompiling 0d185080, pcode error at 0d185080: Unable to disassemble EXTERNAL block location: 0d185080  
2026-07-20 18:31:35 WARN  (DecompileCallback) Decompiling 0d185088, pcode error at 0d185088: Unable to disassemble EXTERNAL block location: 0d185088  
2026-07-20 18:31:35 WARN  (DecompileCallback) Decompiling 0d185090, pcode error at 0d185090: Unable to disassemble EXTERNAL block location: 0d185090  
2026-07-20 18:31:35 WARN  (DecompileCallback) Decompiling 0d185098, pcode error at 0d185098: Unable to disassemble EXTERNAL block location: 0d185098  
2026-07-20 18:31:35 WARN  (DecompileCallback) Decompiling 0d1850a0, pcode error at 0d1850a0: Unable to disassemble EXTERNAL block location: 0d1850a0  
2026-07-20 18:31:35 WARN  (DecompileCallback) Decompiling 0d1850a8, pcode error at 0d1850a8: Unable to disassemble EXTERNAL block location: 0d1850a8  
2026-07-20 18:31:35 WARN  (DecompileCallback) Decompiling 0d1850b0, pcode error at 0d1850b0: Unable to disassemble EXTERNAL block location: 0d1850b0  
2026-07-20 18:31:35 WARN  (DecompileCallback) Decompiling 0d1850b8, pcode error at 0d1850b8: Unable to disassemble EXTERNAL block location: 0d1850b8  
2026-07-20 18:31:35 WARN  (DecompileCallback) Decompiling 0d1850c0, pcode error at 0d1850c0: Unable to disassemble EXTERNAL block location: 0d1850c0  
2026-07-20 18:31:35 WARN  (DecompileCallback) Decompiling 0d1850c8, pcode error at 0d1850c8: Unable to disassemble EXTERNAL block location: 0d1850c8  
2026-07-20 18:31:35 WARN  (DecompileCallback) Decompiling 0d1850d0, pcode error at 0d1850d0: Unable to disassemble EXTERNAL block location: 0d1850d0  
2026-07-20 18:31:35 WARN  (DecompileCallback) Decompiling 0d1850d8, pcode error at 0d1850d8: Unable to disassemble EXTERNAL block location: 0d1850d8  
2026-07-20 18:31:35 WARN  (DecompileCallback) Decompiling 0d1850e0, pcode error at 0d1850e0: Unable to disassemble EXTERNAL block location: 0d1850e0  
2026-07-20 18:31:35 WARN  (DecompileCallback) Decompiling 0d1850e8, pcode error at 0d1850e8: Unable to disassemble EXTERNAL block location: 0d1850e8  
2026-07-20 18:31:35 WARN  (DecompileCallback) Decompiling 0d1850f0, pcode error at 0d1850f0: Unable to disassemble EXTERNAL block location: 0d1850f0  
2026-07-20 18:31:35 WARN  (DecompileCallback) Decompiling 0d1850f8, pcode error at 0d1850f8: Unable to disassemble EXTERNAL block location: 0d1850f8  
2026-07-20 18:31:35 WARN  (DecompileCallback) Decompiling 0d185100, pcode error at 0d185100: Unable to disassemble EXTERNAL block location: 0d185100  
2026-07-20 18:31:35 WARN  (DecompileCallback) Decompiling 0d185108, pcode error at 0d185108: Unable to disassemble EXTERNAL block location: 0d185108  
2026-07-20 18:31:35 WARN  (DecompileCallback) Decompiling 0d185110, pcode error at 0d185110: Unable to disassemble EXTERNAL block location: 0d185110  
2026-07-20 18:31:35 WARN  (DecompileCallback) Decompiling 0d185118, pcode error at 0d185118: Unable to disassemble EXTERNAL block location: 0d185118  
2026-07-20 18:31:35 WARN  (DecompileCallback) Decompiling 0d185120, pcode error at 0d185120: Unable to disassemble EXTERNAL block location: 0d185120  
2026-07-20 18:31:35 WARN  (DecompileCallback) Decompiling 0d185128, pcode error at 0d185128: Unable to disassemble EXTERNAL block location: 0d185128  
2026-07-20 18:31:35 WARN  (DecompileCallback) Decompiling 0d185130, pcode error at 0d185130: Unable to disassemble EXTERNAL block location: 0d185130  
2026-07-20 18:31:35 WARN  (DecompileCallback) Decompiling 0d185138, pcode error at 0d185138: Unable to disassemble EXTERNAL block location: 0d185138  
2026-07-20 18:31:35 WARN  (DecompileCallback) Decompiling 0d185140, pcode error at 0d185140: Unable to disassemble EXTERNAL block location: 0d185140  
2026-07-20 18:31:35 WARN  (DecompileCallback) Decompiling 0d185148, pcode error at 0d185148: Unable to disassemble EXTERNAL block location: 0d185148  
2026-07-20 18:31:35 WARN  (DecompileCallback) Decompiling 0d185150, pcode error at 0d185150: Unable to disassemble EXTERNAL block location: 0d185150  
2026-07-20 18:31:35 WARN  (DecompileCallback) Decompiling 0d185158, pcode error at 0d185158: Unable to disassemble EXTERNAL block location: 0d185158  
2026-07-20 18:31:35 WARN  (DecompileCallback) Decompiling 0d185160, pcode error at 0d185160: Unable to disassemble EXTERNAL block location: 0d185160  
2026-07-20 18:31:35 WARN  (DecompileCallback) Decompiling 0d185168, pcode error at 0d185168: Unable to disassemble EXTERNAL block location: 0d185168  
2026-07-20 18:31:35 WARN  (DecompileCallback) Decompiling 0d185170, pcode error at 0d185170: Unable to disassemble EXTERNAL block location: 0d185170  
2026-07-20 18:31:35 WARN  (DecompileCallback) Decompiling 0d185178, pcode error at 0d185178: Unable to disassemble EXTERNAL block location: 0d185178  
2026-07-20 18:31:35 WARN  (DecompileCallback) Decompiling 0d185180, pcode error at 0d185180: Unable to disassemble EXTERNAL block location: 0d185180  
2026-07-20 18:31:35 WARN  (DecompileCallback) Decompiling 0d185188, pcode error at 0d185188: Unable to disassemble EXTERNAL block location: 0d185188  
2026-07-20 18:31:35 WARN  (DecompileCallback) Decompiling 0d185190, pcode error at 0d185190: Unable to disassemble EXTERNAL block location: 0d185190  
2026-07-20 18:31:35 WARN  (DecompileCallback) Decompiling 0d185198, pcode error at 0d185198: Unable to disassemble EXTERNAL block location: 0d185198  
2026-07-20 18:31:35 WARN  (DecompileCallback) Decompiling 0d1851a0, pcode error at 0d1851a0: Unable to disassemble EXTERNAL block location: 0d1851a0  
2026-07-20 18:31:35 WARN  (DecompileCallback) Decompiling 0d1851a8, pcode error at 0d1851a8: Unable to disassemble EXTERNAL block location: 0d1851a8  
2026-07-20 18:31:35 WARN  (DecompileCallback) Decompiling 0d1851b0, pcode error at 0d1851b0: Unable to disassemble EXTERNAL block location: 0d1851b0  
2026-07-20 18:31:35 WARN  (DecompileCallback) Decompiling 0d1851b8, pcode error at 0d1851b8: Unable to disassemble EXTERNAL block location: 0d1851b8  
2026-07-20 18:31:35 WARN  (DecompileCallback) Decompiling 0d1851c0, pcode error at 0d1851c0: Unable to disassemble EXTERNAL block location: 0d1851c0  
2026-07-20 18:31:35 WARN  (DecompileCallback) Decompiling 0d1851c8, pcode error at 0d1851c8: Unable to disassemble EXTERNAL block location: 0d1851c8  
2026-07-20 18:31:35 WARN  (DecompileCallback) Decompiling 0d1851d0, pcode error at 0d1851d0: Unable to disassemble EXTERNAL block location: 0d1851d0  
2026-07-20 18:31:35 WARN  (DecompileCallback) Decompiling 0d1851d8, pcode error at 0d1851d8: Unable to disassemble EXTERNAL block location: 0d1851d8  
2026-07-20 18:31:35 WARN  (DecompileCallback) Decompiling 0d1851e0, pcode error at 0d1851e0: Unable to disassemble EXTERNAL block location: 0d1851e0  
2026-07-20 18:31:35 WARN  (DecompileCallback) Decompiling 0d1851e8, pcode error at 0d1851e8: Unable to disassemble EXTERNAL block location: 0d1851e8  
2026-07-20 18:31:35 WARN  (DecompileCallback) Decompiling 0d1851f0, pcode error at 0d1851f0: Unable to disassemble EXTERNAL block location: 0d1851f0  
2026-07-20 18:31:35 WARN  (DecompileCallback) Decompiling 0d1851f8, pcode error at 0d1851f8: Unable to disassemble EXTERNAL block location: 0d1851f8  
2026-07-20 18:31:35 WARN  (DecompileCallback) Decompiling 0d185200, pcode error at 0d185200: Unable to disassemble EXTERNAL block location: 0d185200  
2026-07-20 18:31:35 WARN  (DecompileCallback) Decompiling 0d185208, pcode error at 0d185208: Unable to disassemble EXTERNAL block location: 0d185208  
2026-07-20 18:31:35 WARN  (DecompileCallback) Decompiling 0d185210, pcode error at 0d185210: Unable to disassemble EXTERNAL block location: 0d185210  
2026-07-20 18:31:35 WARN  (DecompileCallback) Decompiling 0d185218, pcode error at 0d185218: Unable to disassemble EXTERNAL block location: 0d185218  
2026-07-20 18:31:35 WARN  (DecompileCallback) Decompiling 0d185220, pcode error at 0d185220: Unable to disassemble EXTERNAL block location: 0d185220  
2026-07-20 18:31:35 WARN  (DecompileCallback) Decompiling 0d185228, pcode error at 0d185228: Unable to disassemble EXTERNAL block location: 0d185228  
2026-07-20 18:31:35 WARN  (DecompileCallback) Decompiling 0d185230, pcode error at 0d185230: Unable to disassemble EXTERNAL block location: 0d185230  
2026-07-20 18:31:35 WARN  (DecompileCallback) Decompiling 0d185238, pcode error at 0d185238: Unable to disassemble EXTERNAL block location: 0d185238  
2026-07-20 18:31:35 WARN  (DecompileCallback) Decompiling 0d185240, pcode error at 0d185240: Unable to disassemble EXTERNAL block location: 0d185240  
2026-07-20 18:31:35 WARN  (DecompileCallback) Decompiling 0d185248, pcode error at 0d185248: Unable to disassemble EXTERNAL block location: 0d185248  
2026-07-20 18:31:35 WARN  (DecompileCallback) Decompiling 0d185250, pcode error at 0d185250: Unable to disassemble EXTERNAL block location: 0d185250  
2026-07-20 18:31:35 WARN  (DecompileCallback) Decompiling 0d185258, pcode error at 0d185258: Unable to disassemble EXTERNAL block location: 0d185258  
2026-07-20 18:31:35 WARN  (DecompileCallback) Decompiling 0d185260, pcode error at 0d185260: Unable to disassemble EXTERNAL block location: 0d185260  
2026-07-20 18:31:35 WARN  (DecompileCallback) Decompiling 0d185268, pcode error at 0d185268: Unable to disassemble EXTERNAL block location: 0d185268  
2026-07-20 18:31:35 WARN  (DecompileCallback) Decompiling 0d185270, pcode error at 0d185270: Unable to disassemble EXTERNAL block location: 0d185270  
2026-07-20 18:31:35 WARN  (DecompileCallback) Decompiling 0d185278, pcode error at 0d185278: Unable to disassemble EXTERNAL block location: 0d185278  
2026-07-20 18:31:35 WARN  (DecompileCallback) Decompiling 0d185280, pcode error at 0d185280: Unable to disassemble EXTERNAL block location: 0d185280  
2026-07-20 18:31:35 WARN  (DecompileCallback) Decompiling 0d185288, pcode error at 0d185288: Unable to disassemble EXTERNAL block location: 0d185288  
2026-07-20 18:31:35 WARN  (DecompileCallback) Decompiling 0d185290, pcode error at 0d185290: Unable to disassemble EXTERNAL block location: 0d185290  
2026-07-20 18:31:35 WARN  (DecompileCallback) Decompiling 0d185298, pcode error at 0d185298: Unable to disassemble EXTERNAL block location: 0d185298  
2026-07-20 18:31:35 WARN  (DecompileCallback) Decompiling 0d1852a0, pcode error at 0d1852a0: Unable to disassemble EXTERNAL block location: 0d1852a0  
2026-07-20 18:31:35 WARN  (DecompileCallback) Decompiling 0d1852a8, pcode error at 0d1852a8: Unable to disassemble EXTERNAL block location: 0d1852a8  
2026-07-20 18:31:35 WARN  (DecompileCallback) Decompiling 0d1852b0, pcode error at 0d1852b0: Unable to disassemble EXTERNAL block location: 0d1852b0  
2026-07-20 18:31:35 WARN  (DecompileCallback) Decompiling 0d1852b8, pcode error at 0d1852b8: Unable to disassemble EXTERNAL block location: 0d1852b8  
2026-07-20 18:31:35 WARN  (DecompileCallback) Decompiling 0d1852c0, pcode error at 0d1852c0: Unable to disassemble EXTERNAL block location: 0d1852c0  
2026-07-20 18:31:35 WARN  (DecompileCallback) Decompiling 0d1852c8, pcode error at 0d1852c8: Unable to disassemble EXTERNAL block location: 0d1852c8  
2026-07-20 18:31:35 WARN  (DecompileCallback) Decompiling 0d1852d0, pcode error at 0d1852d0: Unable to disassemble EXTERNAL block location: 0d1852d0  
2026-07-20 18:31:35 WARN  (DecompileCallback) Decompiling 0d1852d8, pcode error at 0d1852d8: Unable to disassemble EXTERNAL block location: 0d1852d8  
2026-07-20 18:31:35 WARN  (DecompileCallback) Decompiling 0d1852e0, pcode error at 0d1852e0: Unable to disassemble EXTERNAL block location: 0d1852e0  
2026-07-20 18:31:35 WARN  (DecompileCallback) Decompiling 0d1852e8, pcode error at 0d1852e8: Unable to disassemble EXTERNAL block location: 0d1852e8  
2026-07-20 18:31:35 WARN  (DecompileCallback) Decompiling 0d1852f8, pcode error at 0d1852f8: Unable to disassemble EXTERNAL block location: 0d1852f8  
2026-07-20 18:31:35 WARN  (DecompileCallback) Decompiling 0d185300, pcode error at 0d185300: Unable to disassemble EXTERNAL block location: 0d185300  
2026-07-20 18:31:35 WARN  (DecompileCallback) Decompiling 0d185308, pcode error at 0d185308: Unable to disassemble EXTERNAL block location: 0d185308  
2026-07-20 18:31:35 WARN  (DecompileCallback) Decompiling 0d185310, pcode error at 0d185310: Unable to disassemble EXTERNAL block location: 0d185310  
2026-07-20 18:31:35 WARN  (DecompileCallback) Decompiling 0d185318, pcode error at 0d185318: Unable to disassemble EXTERNAL block location: 0d185318  
2026-07-20 18:31:35 WARN  (DecompileCallback) Decompiling 0d185320, pcode error at 0d185320: Unable to disassemble EXTERNAL block location: 0d185320  
2026-07-20 18:31:35 WARN  (DecompileCallback) Decompiling 0d185328, pcode error at 0d185328: Unable to disassemble EXTERNAL block location: 0d185328  
2026-07-20 18:31:35 WARN  (DecompileCallback) Decompiling 0d185330, pcode error at 0d185330: Unable to disassemble EXTERNAL block location: 0d185330  
2026-07-20 18:31:35 WARN  (DecompileCallback) Decompiling 0d185338, pcode error at 0d185338: Unable to disassemble EXTERNAL block location: 0d185338  
2026-07-20 18:31:35 WARN  (DecompileCallback) Decompiling 0d185340, pcode error at 0d185340: Unable to disassemble EXTERNAL block location: 0d185340  
2026-07-20 18:31:35 WARN  (DecompileCallback) Decompiling 0d185348, pcode error at 0d185348: Unable to disassemble EXTERNAL block location: 0d185348  
2026-07-20 18:31:35 WARN  (DecompileCallback) Decompiling 0d185350, pcode error at 0d185350: Unable to disassemble EXTERNAL block location: 0d185350  
2026-07-20 18:31:35 WARN  (DecompileCallback) Decompiling 0d185358, pcode error at 0d185358: Unable to disassemble EXTERNAL block location: 0d185358  
2026-07-20 18:31:35 WARN  (DecompileCallback) Decompiling 0d185360, pcode error at 0d185360: Unable to disassemble EXTERNAL block location: 0d185360  
2026-07-20 18:31:35 WARN  (DecompileCallback) Decompiling 0d185368, pcode error at 0d185368: Unable to disassemble EXTERNAL block location: 0d185368  
2026-07-20 18:31:35 WARN  (DecompileCallback) Decompiling 0d185370, pcode error at 0d185370: Unable to disassemble EXTERNAL block location: 0d185370  
2026-07-20 18:31:35 WARN  (DecompileCallback) Decompiling 0d185378, pcode error at 0d185378: Unable to disassemble EXTERNAL block location: 0d185378  
2026-07-20 18:31:35 WARN  (DecompileCallback) Decompiling 0d185380, pcode error at 0d185380: Unable to disassemble EXTERNAL block location: 0d185380  
2026-07-20 18:31:35 WARN  (DecompileCallback) Decompiling 0d185388, pcode error at 0d185388: Unable to disassemble EXTERNAL block location: 0d185388  
2026-07-20 18:31:35 WARN  (DecompileCallback) Decompiling 0d185390, pcode error at 0d185390: Unable to disassemble EXTERNAL block location: 0d185390  
2026-07-20 18:31:35 WARN  (DecompileCallback) Decompiling 0d185398, pcode error at 0d185398: Unable to disassemble EXTERNAL block location: 0d185398  
2026-07-20 18:31:35 WARN  (DecompileCallback) Decompiling 0d1853a0, pcode error at 0d1853a0: Unable to disassemble EXTERNAL block location: 0d1853a0  
2026-07-20 18:31:35 WARN  (DecompileCallback) Decompiling 0d1853a8, pcode error at 0d1853a8: Unable to disassemble EXTERNAL block location: 0d1853a8  
2026-07-20 18:31:35 WARN  (DecompileCallback) Decompiling 0d1853b0, pcode error at 0d1853b0: Unable to disassemble EXTERNAL block location: 0d1853b0  
2026-07-20 18:31:35 WARN  (DecompileCallback) Decompiling 0d1853b8, pcode error at 0d1853b8: Unable to disassemble EXTERNAL block location: 0d1853b8  
2026-07-20 18:31:35 WARN  (DecompileCallback) Decompiling 0d1853c0, pcode error at 0d1853c0: Unable to disassemble EXTERNAL block location: 0d1853c0  
2026-07-20 18:31:35 WARN  (DecompileCallback) Decompiling 0d1853c8, pcode error at 0d1853c8: Unable to disassemble EXTERNAL block location: 0d1853c8  
2026-07-20 18:31:35 WARN  (DecompileCallback) Decompiling 0d1853d0, pcode error at 0d1853d0: Unable to disassemble EXTERNAL block location: 0d1853d0  
2026-07-20 18:31:35 WARN  (DecompileCallback) Decompiling 0d1853d8, pcode error at 0d1853d8: Unable to disassemble EXTERNAL block location: 0d1853d8  
2026-07-20 18:31:35 WARN  (DecompileCallback) Decompiling 0d1853e0, pcode error at 0d1853e0: Unable to disassemble EXTERNAL block location: 0d1853e0  
2026-07-20 18:31:35 WARN  (DecompileCallback) Decompiling 0d1853e8, pcode error at 0d1853e8: Unable to disassemble EXTERNAL block location: 0d1853e8  
2026-07-20 18:31:35 WARN  (DecompileCallback) Decompiling 0d1853f0, pcode error at 0d1853f0: Unable to disassemble EXTERNAL block location: 0d1853f0  
2026-07-20 18:31:35 WARN  (DecompileCallback) Decompiling 0d1853f8, pcode error at 0d1853f8: Unable to disassemble EXTERNAL block location: 0d1853f8  
2026-07-20 18:31:35 WARN  (DecompileCallback) Decompiling 0d185400, pcode error at 0d185400: Unable to disassemble EXTERNAL block location: 0d185400  
2026-07-20 18:31:35 WARN  (DecompileCallback) Decompiling 0d185408, pcode error at 0d185408: Unable to disassemble EXTERNAL block location: 0d185408  
2026-07-20 18:31:35 WARN  (DecompileCallback) Decompiling 0d185410, pcode error at 0d185410: Unable to disassemble EXTERNAL block location: 0d185410  
2026-07-20 18:31:35 WARN  (DecompileCallback) Decompiling 0d185418, pcode error at 0d185418: Unable to disassemble EXTERNAL block location: 0d185418  
2026-07-20 18:31:35 WARN  (DecompileCallback) Decompiling 0d185420, pcode error at 0d185420: Unable to disassemble EXTERNAL block location: 0d185420  
2026-07-20 18:31:35 WARN  (DecompileCallback) Decompiling 0d185428, pcode error at 0d185428: Unable to disassemble EXTERNAL block location: 0d185428  
2026-07-20 18:31:35 WARN  (DecompileCallback) Decompiling 0d185430, pcode error at 0d185430: Unable to disassemble EXTERNAL block location: 0d185430  
2026-07-20 18:31:35 WARN  (DecompileCallback) Decompiling 0d185438, pcode error at 0d185438: Unable to disassemble EXTERNAL block location: 0d185438  
2026-07-20 18:31:35 WARN  (DecompileCallback) Decompiling 0d185440, pcode error at 0d185440: Unable to disassemble EXTERNAL block location: 0d185440  
2026-07-20 18:31:35 WARN  (DecompileCallback) Decompiling 0d185448, pcode error at 0d185448: Unable to disassemble EXTERNAL block location: 0d185448  
2026-07-20 18:31:35 WARN  (DecompileCallback) Decompiling 0d185450, pcode error at 0d185450: Unable to disassemble EXTERNAL block location: 0d185450  
2026-07-20 18:31:35 WARN  (DecompileCallback) Decompiling 0d185458, pcode error at 0d185458: Unable to disassemble EXTERNAL block location: 0d185458  
2026-07-20 18:31:35 WARN  (DecompileCallback) Decompiling 0d185460, pcode error at 0d185460: Unable to disassemble EXTERNAL block location: 0d185460  
2026-07-20 18:31:35 WARN  (DecompileCallback) Decompiling 0d185468, pcode error at 0d185468: Unable to disassemble EXTERNAL block location: 0d185468  
2026-07-20 18:31:36 WARN  (DecompileCallback) Decompiling 0d185470, pcode error at 0d185470: Unable to disassemble EXTERNAL block location: 0d185470  
2026-07-20 18:31:36 WARN  (DecompileCallback) Decompiling 0d185478, pcode error at 0d185478: Unable to disassemble EXTERNAL block location: 0d185478  
2026-07-20 18:31:36 WARN  (DecompileCallback) Decompiling 0d185480, pcode error at 0d185480: Unable to disassemble EXTERNAL block location: 0d185480  
2026-07-20 18:31:36 WARN  (DecompileCallback) Decompiling 0d185488, pcode error at 0d185488: Unable to disassemble EXTERNAL block location: 0d185488  
2026-07-20 18:31:36 WARN  (DecompileCallback) Decompiling 0d185490, pcode error at 0d185490: Unable to disassemble EXTERNAL block location: 0d185490  
2026-07-20 18:31:36 WARN  (DecompileCallback) Decompiling 0d185498, pcode error at 0d185498: Unable to disassemble EXTERNAL block location: 0d185498  
2026-07-20 18:31:36 WARN  (DecompileCallback) Decompiling 0d1854a0, pcode error at 0d1854a0: Unable to disassemble EXTERNAL block location: 0d1854a0  
2026-07-20 18:31:36 WARN  (DecompileCallback) Decompiling 0d1854a8, pcode error at 0d1854a8: Unable to disassemble EXTERNAL block location: 0d1854a8  
2026-07-20 18:31:36 WARN  (DecompileCallback) Decompiling 0d1854b0, pcode error at 0d1854b0: Unable to disassemble EXTERNAL block location: 0d1854b0  
2026-07-20 18:31:36 WARN  (DecompileCallback) Decompiling 0d1854b8, pcode error at 0d1854b8: Unable to disassemble EXTERNAL block location: 0d1854b8  
2026-07-20 18:31:36 WARN  (DecompileCallback) Decompiling 0d1854c0, pcode error at 0d1854c0: Unable to disassemble EXTERNAL block location: 0d1854c0  
2026-07-20 18:31:36 WARN  (DecompileCallback) Decompiling 0d1854c8, pcode error at 0d1854c8: Unable to disassemble EXTERNAL block location: 0d1854c8  
2026-07-20 18:31:36 WARN  (DecompileCallback) Decompiling 0d1854d0, pcode error at 0d1854d0: Unable to disassemble EXTERNAL block location: 0d1854d0  
2026-07-20 18:31:36 WARN  (DecompileCallback) Decompiling 0d1854d8, pcode error at 0d1854d8: Unable to disassemble EXTERNAL block location: 0d1854d8  
2026-07-20 18:31:36 WARN  (DecompileCallback) Decompiling 0d1854e0, pcode error at 0d1854e0: Unable to disassemble EXTERNAL block location: 0d1854e0  
2026-07-20 18:31:36 WARN  (DecompileCallback) Decompiling 0d1854e8, pcode error at 0d1854e8: Unable to disassemble EXTERNAL block location: 0d1854e8  
2026-07-20 18:31:36 WARN  (DecompileCallback) Decompiling 0d1854f0, pcode error at 0d1854f0: Unable to disassemble EXTERNAL block location: 0d1854f0  
2026-07-20 18:31:36 WARN  (DecompileCallback) Decompiling 0d1854f8, pcode error at 0d1854f8: Unable to disassemble EXTERNAL block location: 0d1854f8  
2026-07-20 18:31:36 WARN  (DecompileCallback) Decompiling 0d185500, pcode error at 0d185500: Unable to disassemble EXTERNAL block location: 0d185500  
2026-07-20 18:31:36 WARN  (DecompileCallback) Decompiling 0d185508, pcode error at 0d185508: Unable to disassemble EXTERNAL block location: 0d185508  
2026-07-20 18:31:36 WARN  (DecompileCallback) Decompiling 0d185510, pcode error at 0d185510: Unable to disassemble EXTERNAL block location: 0d185510  
2026-07-20 18:31:36 WARN  (DecompileCallback) Decompiling 0d185518, pcode error at 0d185518: Unable to disassemble EXTERNAL block location: 0d185518  
2026-07-20 18:31:36 WARN  (DecompileCallback) Decompiling 0d185520, pcode error at 0d185520: Unable to disassemble EXTERNAL block location: 0d185520  
2026-07-20 18:31:36 WARN  (DecompileCallback) Decompiling 0d185528, pcode error at 0d185528: Unable to disassemble EXTERNAL block location: 0d185528  
2026-07-20 18:31:36 WARN  (DecompileCallback) Decompiling 0d185530, pcode error at 0d185530: Unable to disassemble EXTERNAL block location: 0d185530  
2026-07-20 18:31:36 WARN  (DecompileCallback) Decompiling 0d185538, pcode error at 0d185538: Unable to disassemble EXTERNAL block location: 0d185538  
2026-07-20 18:31:36 WARN  (DecompileCallback) Decompiling 0d185540, pcode error at 0d185540: Unable to disassemble EXTERNAL block location: 0d185540  
2026-07-20 18:31:36 WARN  (DecompileCallback) Decompiling 0d185548, pcode error at 0d185548: Unable to disassemble EXTERNAL block location: 0d185548  
2026-07-20 18:31:36 WARN  (DecompileCallback) Decompiling 0d185550, pcode error at 0d185550: Unable to disassemble EXTERNAL block location: 0d185550  
2026-07-20 18:31:36 WARN  (DecompileCallback) Decompiling 0d185558, pcode error at 0d185558: Unable to disassemble EXTERNAL block location: 0d185558  
2026-07-20 18:31:36 WARN  (DecompileCallback) Decompiling 0d185560, pcode error at 0d185560: Unable to disassemble EXTERNAL block location: 0d185560  
2026-07-20 18:31:36 WARN  (DecompileCallback) Decompiling 0d185568, pcode error at 0d185568: Unable to disassemble EXTERNAL block location: 0d185568  
2026-07-20 18:31:36 WARN  (DecompileCallback) Decompiling 0d185570, pcode error at 0d185570: Unable to disassemble EXTERNAL block location: 0d185570  
2026-07-20 18:31:36 WARN  (DecompileCallback) Decompiling 0d185578, pcode error at 0d185578: Unable to disassemble EXTERNAL block location: 0d185578  
2026-07-20 18:31:36 WARN  (DecompileCallback) Decompiling 0d185580, pcode error at 0d185580: Unable to disassemble EXTERNAL block location: 0d185580  
2026-07-20 18:31:36 WARN  (DecompileCallback) Decompiling 0d185588, pcode error at 0d185588: Unable to disassemble EXTERNAL block location: 0d185588  
2026-07-20 18:31:36 WARN  (DecompileCallback) Decompiling 0d185590, pcode error at 0d185590: Unable to disassemble EXTERNAL block location: 0d185590  
2026-07-20 18:31:36 WARN  (DecompileCallback) Decompiling 0d185598, pcode error at 0d185598: Unable to disassemble EXTERNAL block location: 0d185598  
2026-07-20 18:31:36 WARN  (DecompileCallback) Decompiling 0d1855a0, pcode error at 0d1855a0: Unable to disassemble EXTERNAL block location: 0d1855a0  
2026-07-20 18:31:36 WARN  (DecompileCallback) Decompiling 0d1855a8, pcode error at 0d1855a8: Unable to disassemble EXTERNAL block location: 0d1855a8  
2026-07-20 18:31:36 WARN  (DecompileCallback) Decompiling 0d1855b0, pcode error at 0d1855b0: Unable to disassemble EXTERNAL block location: 0d1855b0  
2026-07-20 18:31:36 WARN  (DecompileCallback) Decompiling 0d1855b8, pcode error at 0d1855b8: Unable to disassemble EXTERNAL block location: 0d1855b8  
2026-07-20 18:31:36 WARN  (DecompileCallback) Decompiling 0d1855c0, pcode error at 0d1855c0: Unable to disassemble EXTERNAL block location: 0d1855c0  
2026-07-20 18:31:36 WARN  (DecompileCallback) Decompiling 0d1855c8, pcode error at 0d1855c8: Unable to disassemble EXTERNAL block location: 0d1855c8  
2026-07-20 18:31:36 WARN  (DecompileCallback) Decompiling 0d1855d0, pcode error at 0d1855d0: Unable to disassemble EXTERNAL block location: 0d1855d0  
2026-07-20 18:31:36 WARN  (DecompileCallback) Decompiling 0d1855d8, pcode error at 0d1855d8: Unable to disassemble EXTERNAL block location: 0d1855d8  
2026-07-20 18:31:36 WARN  (DecompileCallback) Decompiling 0d1855e0, pcode error at 0d1855e0: Unable to disassemble EXTERNAL block location: 0d1855e0  
2026-07-20 18:31:36 WARN  (DecompileCallback) Decompiling 0d1855e8, pcode error at 0d1855e8: Unable to disassemble EXTERNAL block location: 0d1855e8  
2026-07-20 18:31:36 WARN  (DecompileCallback) Decompiling 0d1855f0, pcode error at 0d1855f0: Unable to disassemble EXTERNAL block location: 0d1855f0  
2026-07-20 18:31:36 WARN  (DecompileCallback) Decompiling 0d1855f8, pcode error at 0d1855f8: Unable to disassemble EXTERNAL block location: 0d1855f8  
2026-07-20 18:31:36 WARN  (DecompileCallback) Decompiling 0d185600, pcode error at 0d185600: Unable to disassemble EXTERNAL block location: 0d185600  
2026-07-20 18:31:36 WARN  (DecompileCallback) Decompiling 0d185608, pcode error at 0d185608: Unable to disassemble EXTERNAL block location: 0d185608  
2026-07-20 18:31:36 WARN  (DecompileCallback) Decompiling 0d185610, pcode error at 0d185610: Unable to disassemble EXTERNAL block location: 0d185610  
2026-07-20 18:31:36 WARN  (DecompileCallback) Decompiling 0d185618, pcode error at 0d185618: Unable to disassemble EXTERNAL block location: 0d185618  
2026-07-20 18:31:36 WARN  (DecompileCallback) Decompiling 0d185620, pcode error at 0d185620: Unable to disassemble EXTERNAL block location: 0d185620  
2026-07-20 18:31:36 WARN  (DecompileCallback) Decompiling 0d185628, pcode error at 0d185628: Unable to disassemble EXTERNAL block location: 0d185628  
2026-07-20 18:31:36 WARN  (DecompileCallback) Decompiling 0d185638, pcode error at 0d185638: Unable to disassemble EXTERNAL block location: 0d185638  
2026-07-20 18:31:36 WARN  (DecompileCallback) Decompiling 0d185640, pcode error at 0d185640: Unable to disassemble EXTERNAL block location: 0d185640  
2026-07-20 18:31:36 WARN  (DecompileCallback) Decompiling 0d185648, pcode error at 0d185648: Unable to disassemble EXTERNAL block location: 0d185648  
2026-07-20 18:31:36 WARN  (DecompileCallback) Decompiling 0d185650, pcode error at 0d185650: Unable to disassemble EXTERNAL block location: 0d185650  
2026-07-20 18:31:36 WARN  (DecompileCallback) Decompiling 0d185658, pcode error at 0d185658: Unable to disassemble EXTERNAL block location: 0d185658  
2026-07-20 18:31:36 WARN  (DecompileCallback) Decompiling 0d185660, pcode error at 0d185660: Unable to disassemble EXTERNAL block location: 0d185660  
2026-07-20 18:31:36 WARN  (DecompileCallback) Decompiling 0d185668, pcode error at 0d185668: Unable to disassemble EXTERNAL block location: 0d185668  
2026-07-20 18:31:36 WARN  (DecompileCallback) Decompiling 0d185670, pcode error at 0d185670: Unable to disassemble EXTERNAL block location: 0d185670  
2026-07-20 18:31:36 WARN  (DecompileCallback) Decompiling 0d185678, pcode error at 0d185678: Unable to disassemble EXTERNAL block location: 0d185678  
2026-07-20 18:31:36 WARN  (DecompileCallback) Decompiling 0d185680, pcode error at 0d185680: Unable to disassemble EXTERNAL block location: 0d185680  
2026-07-20 18:31:36 WARN  (DecompileCallback) Decompiling 0d185688, pcode error at 0d185688: Unable to disassemble EXTERNAL block location: 0d185688  
2026-07-20 18:31:36 WARN  (DecompileCallback) Decompiling 0d185690, pcode error at 0d185690: Unable to disassemble EXTERNAL block location: 0d185690  
2026-07-20 18:31:36 WARN  (DecompileCallback) Decompiling 0d185698, pcode error at 0d185698: Unable to disassemble EXTERNAL block location: 0d185698  
2026-07-20 18:31:36 WARN  (DecompileCallback) Decompiling 0d1856a0, pcode error at 0d1856a0: Unable to disassemble EXTERNAL block location: 0d1856a0  
2026-07-20 18:31:36 WARN  (DecompileCallback) Decompiling 0d1856a8, pcode error at 0d1856a8: Unable to disassemble EXTERNAL block location: 0d1856a8  
2026-07-20 18:31:36 WARN  (DecompileCallback) Decompiling 0d1856b0, pcode error at 0d1856b0: Unable to disassemble EXTERNAL block location: 0d1856b0  
2026-07-20 18:31:36 WARN  (DecompileCallback) Decompiling 0d1856b8, pcode error at 0d1856b8: Unable to disassemble EXTERNAL block location: 0d1856b8  
2026-07-20 18:31:36 WARN  (DecompileCallback) Decompiling 0d1856c0, pcode error at 0d1856c0: Unable to disassemble EXTERNAL block location: 0d1856c0  
2026-07-20 18:31:36 WARN  (DecompileCallback) Decompiling 0d1856c8, pcode error at 0d1856c8: Unable to disassemble EXTERNAL block location: 0d1856c8  
2026-07-20 18:31:36 WARN  (DecompileCallback) Decompiling 0d1856d0, pcode error at 0d1856d0: Unable to disassemble EXTERNAL block location: 0d1856d0  
2026-07-20 18:31:36 WARN  (DecompileCallback) Decompiling 0d1856d8, pcode error at 0d1856d8: Unable to disassemble EXTERNAL block location: 0d1856d8  
2026-07-20 18:31:36 WARN  (DecompileCallback) Decompiling 0d1856e0, pcode error at 0d1856e0: Unable to disassemble EXTERNAL block location: 0d1856e0  
2026-07-20 18:31:36 WARN  (DecompileCallback) Decompiling 0d1856e8, pcode error at 0d1856e8: Unable to disassemble EXTERNAL block location: 0d1856e8  
2026-07-20 18:31:36 WARN  (DecompileCallback) Decompiling 0d1856f0, pcode error at 0d1856f0: Unable to disassemble EXTERNAL block location: 0d1856f0  
2026-07-20 18:31:36 WARN  (DecompileCallback) Decompiling 0d1856f8, pcode error at 0d1856f8: Unable to disassemble EXTERNAL block location: 0d1856f8  
2026-07-20 18:31:36 WARN  (DecompileCallback) Decompiling 0d185700, pcode error at 0d185700: Unable to disassemble EXTERNAL block location: 0d185700  
2026-07-20 18:31:36 WARN  (DecompileCallback) Decompiling 0d185708, pcode error at 0d185708: Unable to disassemble EXTERNAL block location: 0d185708  
2026-07-20 18:31:36 WARN  (DecompileCallback) Decompiling 0d185710, pcode error at 0d185710: Unable to disassemble EXTERNAL block location: 0d185710  
2026-07-20 18:31:36 WARN  (DecompileCallback) Decompiling 0d185718, pcode error at 0d185718: Unable to disassemble EXTERNAL block location: 0d185718  
2026-07-20 18:31:36 WARN  (DecompileCallback) Decompiling 0d185720, pcode error at 0d185720: Unable to disassemble EXTERNAL block location: 0d185720  
2026-07-20 18:31:36 WARN  (DecompileCallback) Decompiling 0d185728, pcode error at 0d185728: Unable to disassemble EXTERNAL block location: 0d185728  
2026-07-20 18:31:36 WARN  (DecompileCallback) Decompiling 0d185730, pcode error at 0d185730: Unable to disassemble EXTERNAL block location: 0d185730  
2026-07-20 18:31:36 WARN  (DecompileCallback) Decompiling 0d185738, pcode error at 0d185738: Unable to disassemble EXTERNAL block location: 0d185738  
2026-07-20 18:31:36 WARN  (DecompileCallback) Decompiling 0d185740, pcode error at 0d185740: Unable to disassemble EXTERNAL block location: 0d185740  
2026-07-20 18:31:36 WARN  (DecompileCallback) Decompiling 0d185748, pcode error at 0d185748: Unable to disassemble EXTERNAL block location: 0d185748  
2026-07-20 18:31:36 WARN  (DecompileCallback) Decompiling 0d185750, pcode error at 0d185750: Unable to disassemble EXTERNAL block location: 0d185750  
2026-07-20 18:31:36 WARN  (DecompileCallback) Decompiling 0d185758, pcode error at 0d185758: Unable to disassemble EXTERNAL block location: 0d185758  
2026-07-20 18:31:36 WARN  (DecompileCallback) Decompiling 0d185760, pcode error at 0d185760: Unable to disassemble EXTERNAL block location: 0d185760  
2026-07-20 18:31:36 WARN  (DecompileCallback) Decompiling 0d185768, pcode error at 0d185768: Unable to disassemble EXTERNAL block location: 0d185768  
2026-07-20 18:31:36 WARN  (DecompileCallback) Decompiling 0d185770, pcode error at 0d185770: Unable to disassemble EXTERNAL block location: 0d185770  
2026-07-20 18:31:36 WARN  (DecompileCallback) Decompiling 0d185778, pcode error at 0d185778: Unable to disassemble EXTERNAL block location: 0d185778  
2026-07-20 18:31:36 WARN  (DecompileCallback) Decompiling 0d185780, pcode error at 0d185780: Unable to disassemble EXTERNAL block location: 0d185780  
2026-07-20 18:31:36 WARN  (DecompileCallback) Decompiling 0d185788, pcode error at 0d185788: Unable to disassemble EXTERNAL block location: 0d185788  
2026-07-20 18:31:36 WARN  (DecompileCallback) Decompiling 0d185790, pcode error at 0d185790: Unable to disassemble EXTERNAL block location: 0d185790  
2026-07-20 18:31:36 WARN  (DecompileCallback) Decompiling 0d185798, pcode error at 0d185798: Unable to disassemble EXTERNAL block location: 0d185798  
2026-07-20 18:31:36 WARN  (DecompileCallback) Decompiling 0d1857a0, pcode error at 0d1857a0: Unable to disassemble EXTERNAL block location: 0d1857a0  
2026-07-20 18:31:36 WARN  (DecompileCallback) Decompiling 0d1857a8, pcode error at 0d1857a8: Unable to disassemble EXTERNAL block location: 0d1857a8  
2026-07-20 18:31:36 WARN  (DecompileCallback) Decompiling 0d1857b0, pcode error at 0d1857b0: Unable to disassemble EXTERNAL block location: 0d1857b0  
2026-07-20 18:31:36 WARN  (DecompileCallback) Decompiling 0d1857b8, pcode error at 0d1857b8: Unable to disassemble EXTERNAL block location: 0d1857b8  
2026-07-20 18:31:36 WARN  (DecompileCallback) Decompiling 0d1857c0, pcode error at 0d1857c0: Unable to disassemble EXTERNAL block location: 0d1857c0  
2026-07-20 18:31:36 WARN  (DecompileCallback) Decompiling 0d1857c8, pcode error at 0d1857c8: Unable to disassemble EXTERNAL block location: 0d1857c8  
2026-07-20 18:31:36 WARN  (DecompileCallback) Decompiling 0d1857d0, pcode error at 0d1857d0: Unable to disassemble EXTERNAL block location: 0d1857d0  
2026-07-20 18:31:36 WARN  (DecompileCallback) Decompiling 0d1857d8, pcode error at 0d1857d8: Unable to disassemble EXTERNAL block location: 0d1857d8  
2026-07-20 18:31:36 WARN  (DecompileCallback) Decompiling 0d1857e0, pcode error at 0d1857e0: Unable to disassemble EXTERNAL block location: 0d1857e0  
2026-07-20 18:31:36 WARN  (DecompileCallback) Decompiling 0d1857e8, pcode error at 0d1857e8: Unable to disassemble EXTERNAL block location: 0d1857e8  
2026-07-20 18:31:36 WARN  (DecompileCallback) Decompiling 0d1857f0, pcode error at 0d1857f0: Unable to disassemble EXTERNAL block location: 0d1857f0  
2026-07-20 18:31:36 WARN  (DecompileCallback) Decompiling 0d1857f8, pcode error at 0d1857f8: Unable to disassemble EXTERNAL block location: 0d1857f8  
2026-07-20 18:31:36 WARN  (DecompileCallback) Decompiling 0d185800, pcode error at 0d185800: Unable to disassemble EXTERNAL block location: 0d185800  
2026-07-20 18:31:36 WARN  (DecompileCallback) Decompiling 0d185808, pcode error at 0d185808: Unable to disassemble EXTERNAL block location: 0d185808  
2026-07-20 18:31:36 WARN  (DecompileCallback) Decompiling 0d185810, pcode error at 0d185810: Unable to disassemble EXTERNAL block location: 0d185810  
2026-07-20 18:31:36 WARN  (DecompileCallback) Decompiling 0d185818, pcode error at 0d185818: Unable to disassemble EXTERNAL block location: 0d185818  
2026-07-20 18:31:36 WARN  (DecompileCallback) Decompiling 0d185820, pcode error at 0d185820: Unable to disassemble EXTERNAL block location: 0d185820  
2026-07-20 18:31:36 WARN  (DecompileCallback) Decompiling 0d185828, pcode error at 0d185828: Unable to disassemble EXTERNAL block location: 0d185828  
2026-07-20 18:31:36 WARN  (DecompileCallback) Decompiling 0d185830, pcode error at 0d185830: Unable to disassemble EXTERNAL block location: 0d185830  
2026-07-20 18:31:36 WARN  (DecompileCallback) Decompiling 0d185838, pcode error at 0d185838: Unable to disassemble EXTERNAL block location: 0d185838  
2026-07-20 18:31:36 WARN  (DecompileCallback) Decompiling 0d185840, pcode error at 0d185840: Unable to disassemble EXTERNAL block location: 0d185840  
2026-07-20 18:31:36 WARN  (DecompileCallback) Decompiling 0d185848, pcode error at 0d185848: Unable to disassemble EXTERNAL block location: 0d185848  
2026-07-20 18:31:36 WARN  (DecompileCallback) Decompiling 0d185850, pcode error at 0d185850: Unable to disassemble EXTERNAL block location: 0d185850  
2026-07-20 18:31:36 WARN  (DecompileCallback) Decompiling 0d185858, pcode error at 0d185858: Unable to disassemble EXTERNAL block location: 0d185858  
2026-07-20 18:31:36 WARN  (DecompileCallback) Decompiling 0d185860, pcode error at 0d185860: Unable to disassemble EXTERNAL block location: 0d185860  
2026-07-20 18:31:36 WARN  (DecompileCallback) Decompiling 0d185868, pcode error at 0d185868: Unable to disassemble EXTERNAL block location: 0d185868  
2026-07-20 18:31:36 WARN  (DecompileCallback) Decompiling 0d185870, pcode error at 0d185870: Unable to disassemble EXTERNAL block location: 0d185870  
2026-07-20 18:31:36 WARN  (DecompileCallback) Decompiling 0d185878, pcode error at 0d185878: Unable to disassemble EXTERNAL block location: 0d185878  
2026-07-20 18:31:36 WARN  (DecompileCallback) Decompiling 0d185880, pcode error at 0d185880: Unable to disassemble EXTERNAL block location: 0d185880  
2026-07-20 18:31:36 WARN  (DecompileCallback) Decompiling 0d185888, pcode error at 0d185888: Unable to disassemble EXTERNAL block location: 0d185888  
2026-07-20 18:31:36 WARN  (DecompileCallback) Decompiling 0d185890, pcode error at 0d185890: Unable to disassemble EXTERNAL block location: 0d185890  
2026-07-20 18:31:36 WARN  (DecompileCallback) Decompiling 0d185898, pcode error at 0d185898: Unable to disassemble EXTERNAL block location: 0d185898  
2026-07-20 18:31:36 WARN  (DecompileCallback) Decompiling 0d1858a0, pcode error at 0d1858a0: Unable to disassemble EXTERNAL block location: 0d1858a0  
2026-07-20 18:31:36 WARN  (DecompileCallback) Decompiling 0d1858a8, pcode error at 0d1858a8: Unable to disassemble EXTERNAL block location: 0d1858a8  
2026-07-20 18:31:36 WARN  (DecompileCallback) Decompiling 0d1858b0, pcode error at 0d1858b0: Unable to disassemble EXTERNAL block location: 0d1858b0  
2026-07-20 18:31:36 WARN  (DecompileCallback) Decompiling 0d1858b8, pcode error at 0d1858b8: Unable to disassemble EXTERNAL block location: 0d1858b8  
2026-07-20 18:31:36 WARN  (DecompileCallback) Decompiling 0d1858c0, pcode error at 0d1858c0: Unable to disassemble EXTERNAL block location: 0d1858c0  
2026-07-20 18:31:36 WARN  (DecompileCallback) Decompiling 0d1858c8, pcode error at 0d1858c8: Unable to disassemble EXTERNAL block location: 0d1858c8  
2026-07-20 18:31:36 WARN  (DecompileCallback) Decompiling 0d1858d0, pcode error at 0d1858d0: Unable to disassemble EXTERNAL block location: 0d1858d0  
2026-07-20 18:31:36 WARN  (DecompileCallback) Decompiling 0d1858d8, pcode error at 0d1858d8: Unable to disassemble EXTERNAL block location: 0d1858d8  
2026-07-20 18:31:36 WARN  (DecompileCallback) Decompiling 0d1858e0, pcode error at 0d1858e0: Unable to disassemble EXTERNAL block location: 0d1858e0  
2026-07-20 18:31:36 WARN  (DecompileCallback) Decompiling 0d1858e8, pcode error at 0d1858e8: Unable to disassemble EXTERNAL block location: 0d1858e8  
2026-07-20 18:31:36 WARN  (DecompileCallback) Decompiling 0d1858f0, pcode error at 0d1858f0: Unable to disassemble EXTERNAL block location: 0d1858f0  
2026-07-20 18:31:36 WARN  (DecompileCallback) Decompiling 0d1858f8, pcode error at 0d1858f8: Unable to disassemble EXTERNAL block location: 0d1858f8  
2026-07-20 18:31:36 WARN  (DecompileCallback) Decompiling 0d185900, pcode error at 0d185900: Unable to disassemble EXTERNAL block location: 0d185900  
2026-07-20 18:31:36 WARN  (DecompileCallback) Decompiling 0d185908, pcode error at 0d185908: Unable to disassemble EXTERNAL block location: 0d185908  
2026-07-20 18:31:36 WARN  (DecompileCallback) Decompiling 0d185910, pcode error at 0d185910: Unable to disassemble EXTERNAL block location: 0d185910  
2026-07-20 18:31:36 WARN  (DecompileCallback) Decompiling 0d185918, pcode error at 0d185918: Unable to disassemble EXTERNAL block location: 0d185918  
2026-07-20 18:31:36 WARN  (DecompileCallback) Decompiling 0d185920, pcode error at 0d185920: Unable to disassemble EXTERNAL block location: 0d185920  
2026-07-20 18:31:36 WARN  (DecompileCallback) Decompiling 0d185928, pcode error at 0d185928: Unable to disassemble EXTERNAL block location: 0d185928  
2026-07-20 18:31:36 INFO  (GhidraScript) GeneralStructureEyePatternScan.java> General structure scan complete.  
2026-07-20 18:31:36 INFO  (GhidraScript) GeneralStructureEyePatternScan.java> Total functions scanned: 744167  
2026-07-20 18:31:36 INFO  (GhidraScript) GeneralStructureEyePatternScan.java> Exported functions: 30  
2026-07-20 18:31:36 INFO  (GhidraScript) GeneralStructureEyePatternScan.java> Decompile failures: 8  
2026-07-20 18:31:36 INFO  (GhidraScript) GeneralStructureEyePatternScan.java> Report CSV: C:\realDesktop\manifest-evaluations\summer-26\ghidra-pipeline\il2cpp-files\PokerStarsVR\general-structure-results\structure_scan_report.csv  
2026-07-20 18:31:36 INFO  (GhidraScript) GeneralStructureEyePatternScan.java> Report JSON: C:\realDesktop\manifest-evaluations\summer-26\ghidra-pipeline\il2cpp-files\PokerStarsVR\general-structure-results\structure_scan_report.json  
2026-07-20 18:31:36 INFO  (HeadlessAnalyzer) REPORT: Save succeeded for processed file: /PokerStarsVR-libil2cpp.so  
