2026-07-25 23:50:22 INFO  (LoggingInitialization) Using log config file: jar:file:/C:/Users/kimgiordano27/Downloads/ghidra_12.1.2_PUBLIC_20260605/ghidra_12.1.2_PUBLIC/Ghidra/Framework/Generic/lib/Generic.jar!/generic.log4j.xml  
2026-07-25 23:50:22 INFO  (LoggingInitialization) Using log file: C:\realDesktop\manifest-evaluations\summer-26\ghidra-pipeline\il2cpp-files\vrfs\general-structure-ghidra.log  
2026-07-25 23:50:22 DEBUG (GhidraObjectInputFilter) Including serial input filter: FileSystem/data/client.rmi.serial.filter  
2026-07-25 23:50:22 INFO  (Preferences) Loading user preferences: C:\Users\kimgiordano27\AppData\Roaming\ghidra\ghidra_12.1.2_PUBLIC\preferences  
2026-07-25 23:50:22 INFO  (ClassSearcher) Searching for classes...  
2026-07-25 23:50:23 INFO  (ClassSearcher) Class search complete (619 ms)  
2026-07-25 23:50:23 INFO  (DefaultSSLContextInitializer) Initializing SSL Context  
2026-07-25 23:50:23 INFO  (SecureRandomFactory) Initializing Random Number Generator...  
2026-07-25 23:50:23 INFO  (SecureRandomFactory) Random Number Generator initialization complete: SHA1PRNG  
2026-07-25 23:50:23 INFO  (DefaultTrustManagerFactory) Trust manager disabled, cacerts have not been set  
2026-07-25 23:50:23 INFO  (AnalyzeHeadless) Headless startup complete (6389 ms)  
2026-07-25 23:50:23 INFO  (ClassSearcher) Class searcher loaded 59 extension points (20 false positives)  
2026-07-25 23:50:24 INFO  (HeadlessAnalyzer) HEADLESS Script Paths:
    C:\Users\kimgiordano27\Downloads\ghidra_12.1.2_PUBLIC_20260605\ghidra_12.1.2_PUBLIC\Ghidra\Features\DecompilerDependent\ghidra_scripts
    C:\Users\kimgiordano27\Downloads\ghidra_12.1.2_PUBLIC_20260605\ghidra_12.1.2_PUBLIC\Ghidra\Processors\Atmel\ghidra_scripts
    C:\Users\kimgiordano27\Downloads\ghidra_12.1.2_PUBLIC_20260605\ghidra_12.1.2_PUBLIC\Ghidra\Processors\PIC\ghidra_scripts
    C:\Users\kimgiordano27\Downloads\ghidra_12.1.2_PUBLIC_20260605\ghidra_12.1.2_PUBLIC\Ghidra\Features\VersionTracking\ghidra_scripts
    C:\Users\kimgiordano27\Downloads\ghidra_12.1.2_PUBLIC_20260605\ghidra_12.1.2_PUBLIC\Ghidra\Features\BytePatterns\ghidra_scripts
    C:\Users\kimgiordano27\ghidra_scripts
    C:\Users\kimgiordano27\Downloads\ghidra_12.1.2_PUBLIC_20260605\ghidra_12.1.2_PUBLIC\Ghidra\Features\BSim\ghidra_scripts
    C:\realDesktop\manifest-evaluations\summer-26\ghidra-pipeline\ghidra-export-scripts
    C:\Users\kimgiordano27\Downloads\ghidra_12.1.2_PUBLIC_20260605\ghidra_12.1.2_PUBLIC\Ghidra\Processors\JVM\ghidra_scripts
    C:\Users\kimgiordano27\Downloads\ghidra_12.1.2_PUBLIC_20260605\ghidra_12.1.2_PUBLIC\Ghidra\Features\Base\ghidra_scripts
    C:\Users\kimgiordano27\Downloads\ghidra_12.1.2_PUBLIC_20260605\ghidra_12.1.2_PUBLIC\Ghidra\Features\SwiftDemangler\ghidra_scripts
    C:\Users\kimgiordano27\Downloads\ghidra_12.1.2_PUBLIC_20260605\ghidra_12.1.2_PUBLIC\Ghidra\Features\WildcardAssembler\ghidra_scripts
    C:\Users\kimgiordano27\Downloads\ghidra_12.1.2_PUBLIC_20260605\ghidra_12.1.2_PUBLIC\Ghidra\Features\FileFormats\ghidra_scripts
    C:\Users\kimgiordano27\Downloads\ghidra_12.1.2_PUBLIC_20260605\ghidra_12.1.2_PUBLIC\Ghidra\Features\Decompiler\ghidra_scripts
    C:\Users\kimgiordano27\Downloads\ghidra_12.1.2_PUBLIC_20260605\ghidra_12.1.2_PUBLIC\Ghidra\Features\SystemEmulation\ghidra_scripts
    C:\Users\kimgiordano27\Downloads\ghidra_12.1.2_PUBLIC_20260605\ghidra_12.1.2_PUBLIC\Ghidra\Processors\8051\ghidra_scripts
    C:\Users\kimgiordano27\Downloads\ghidra_12.1.2_PUBLIC_20260605\ghidra_12.1.2_PUBLIC\Ghidra\Features\GnuDemangler\ghidra_scripts
    C:\Users\kimgiordano27\Downloads\ghidra_12.1.2_PUBLIC_20260605\ghidra_12.1.2_PUBLIC\Ghidra\Debug\Debugger\ghidra_scripts
    C:\Users\kimgiordano27\Downloads\ghidra_12.1.2_PUBLIC_20260605\ghidra_12.1.2_PUBLIC\Ghidra\Processors\DATA\ghidra_scripts
    C:\Users\kimgiordano27\Downloads\ghidra_12.1.2_PUBLIC_20260605\ghidra_12.1.2_PUBLIC\Ghidra\Debug\Debugger-rmi-trace\ghidra_scripts
    C:\Users\kimgiordano27\Downloads\ghidra_12.1.2_PUBLIC_20260605\ghidra_12.1.2_PUBLIC\Ghidra\Features\FunctionID\ghidra_scripts
    C:\Users\kimgiordano27\Downloads\ghidra_12.1.2_PUBLIC_20260605\ghidra_12.1.2_PUBLIC\Ghidra\Features\MicrosoftCodeAnalyzer\ghidra_scripts
    C:\Users\kimgiordano27\Downloads\ghidra_12.1.2_PUBLIC_20260605\ghidra_12.1.2_PUBLIC\Ghidra\Features\PDB\ghidra_scripts
    C:\Users\kimgiordano27\AppData\Roaming\ghidra\ghidra_12.1.2_PUBLIC\Extensions\Jython\ghidra_scripts
    C:\Users\kimgiordano27\Downloads\ghidra_12.1.2_PUBLIC_20260605\ghidra_12.1.2_PUBLIC\Ghidra\Features\PyGhidra\ghidra_scripts  
2026-07-25 23:50:24 INFO  (HeadlessAnalyzer) HEADLESS: execution starts  
2026-07-25 23:50:24 INFO  (HeadlessAnalyzer) Opening existing project: C:\realDesktop\manifest-evaluations\summer-26\ghidra-pipeline\il2cpp-files\vrfs\ghidra-project-vrfs\vrfs  
2026-07-25 23:50:24 INFO  (HeadlessProject) Opening project: C:\realDesktop\manifest-evaluations\summer-26\ghidra-pipeline\il2cpp-files\vrfs\ghidra-project-vrfs\vrfs  
2026-07-25 23:50:24 INFO  (LocalFileSystem) /vrfs-libil2cpp.so: checkout (2) granted (kimgiordano27)  
2026-07-25 23:50:29 INFO  (HeadlessAnalyzer) REPORT: Processing project file: /vrfs-libil2cpp.so  
2026-07-25 23:50:29 INFO  (HeadlessAnalyzer) REPORT: Execute script: GeneralStructureEyePatternScan.java 'C:\realDesktop\manifest-evaluations\summer-26\ghidra-pipeline\il2cpp-files\vrfs\general-structure-results' '70' 'false'   
2026-07-25 23:50:29 INFO  (HeadlessAnalyzer) SCRIPT: C:\realDesktop\manifest-evaluations\summer-26\ghidra-pipeline\ghidra-export-scripts\GeneralStructureEyePatternScan.java  
2026-07-25 23:50:29 INFO  (GhidraScript) GeneralStructureEyePatternScan.java> General structure scan starting...  
2026-07-25 23:50:29 INFO  (GhidraScript) GeneralStructureEyePatternScan.java> Output: C:\realDesktop\manifest-evaluations\summer-26\ghidra-pipeline\il2cpp-files\vrfs\general-structure-results  
2026-07-25 23:50:29 INFO  (GhidraScript) GeneralStructureEyePatternScan.java> Minimum review score: 70  
2026-07-25 23:50:29 INFO  (GhidraScript) GeneralStructureEyePatternScan.java> Export all: false  
2026-07-25 23:50:49 INFO  (GhidraScript) GeneralStructureEyePatternScan.java> Scanned 10000 functions. Exported so far: 0  
2026-07-25 23:51:08 INFO  (GhidraScript) GeneralStructureEyePatternScan.java> Scanned 20000 functions. Exported so far: 0  
2026-07-25 23:51:26 INFO  (GhidraScript) GeneralStructureEyePatternScan.java> Scanned 30000 functions. Exported so far: 0  
2026-07-25 23:51:46 INFO  (GhidraScript) GeneralStructureEyePatternScan.java> Scanned 40000 functions. Exported so far: 0  
2026-07-25 23:52:10 INFO  (GhidraScript) GeneralStructureEyePatternScan.java> Scanned 50000 functions. Exported so far: 0  
2026-07-25 23:52:29 INFO  (GhidraScript) GeneralStructureEyePatternScan.java> Scanned 60000 functions. Exported so far: 0  
2026-07-25 23:52:48 INFO  (GhidraScript) GeneralStructureEyePatternScan.java> Scanned 70000 functions. Exported so far: 0  
2026-07-25 23:53:07 INFO  (GhidraScript) GeneralStructureEyePatternScan.java> Scanned 80000 functions. Exported so far: 0  
2026-07-25 23:53:25 INFO  (GhidraScript) GeneralStructureEyePatternScan.java> Scanned 90000 functions. Exported so far: 0  
2026-07-25 23:53:44 INFO  (GhidraScript) GeneralStructureEyePatternScan.java> Scanned 100000 functions. Exported so far: 0  
2026-07-25 23:53:58 INFO  (GhidraScript) GeneralStructureEyePatternScan.java> Scanned 110000 functions. Exported so far: 0  
2026-07-25 23:54:16 INFO  (GhidraScript) GeneralStructureEyePatternScan.java> Scanned 120000 functions. Exported so far: 0  
2026-07-25 23:56:44 INFO  (GhidraScript) GeneralStructureEyePatternScan.java> Scanned 130000 functions. Exported so far: 23  
2026-07-25 23:58:54 INFO  (GhidraScript) GeneralStructureEyePatternScan.java> Scanned 140000 functions. Exported so far: 31  
2026-07-26 00:00:22 INFO  (GhidraScript) GeneralStructureEyePatternScan.java> Scanned 150000 functions. Exported so far: 37  
2026-07-26 00:02:23 INFO  (GhidraScript) GeneralStructureEyePatternScan.java> Scanned 160000 functions. Exported so far: 38  
2026-07-26 00:04:18 INFO  (GhidraScript) GeneralStructureEyePatternScan.java> Scanned 170000 functions. Exported so far: 53  
2026-07-26 00:06:42 INFO  (GhidraScript) GeneralStructureEyePatternScan.java> Scanned 180000 functions. Exported so far: 146  
2026-07-26 00:15:41 INFO  (GhidraScript) GeneralStructureEyePatternScan.java> Scanned 190000 functions. Exported so far: 148  
2026-07-26 00:18:45 INFO  (GhidraScript) GeneralStructureEyePatternScan.java> Scanned 200000 functions. Exported so far: 152  
2026-07-26 00:21:21 INFO  (GhidraScript) GeneralStructureEyePatternScan.java> Scanned 210000 functions. Exported so far: 155  
2026-07-26 00:25:58 INFO  (GhidraScript) GeneralStructureEyePatternScan.java> Scanned 220000 functions. Exported so far: 188  
2026-07-26 00:29:49 INFO  (GhidraScript) GeneralStructureEyePatternScan.java> Scanned 230000 functions. Exported so far: 201  
2026-07-26 00:49:55 INFO  (GhidraScript) GeneralStructureEyePatternScan.java> Scanned 240000 functions. Exported so far: 201  
2026-07-26 00:52:46 INFO  (GhidraScript) GeneralStructureEyePatternScan.java> Scanned 250000 functions. Exported so far: 201  
2026-07-26 00:54:57 INFO  (GhidraScript) GeneralStructureEyePatternScan.java> Scanned 260000 functions. Exported so far: 225  
2026-07-26 00:56:14 INFO  (GhidraScript) GeneralStructureEyePatternScan.java> Scanned 270000 functions. Exported so far: 225  
2026-07-26 00:57:21 INFO  (GhidraScript) GeneralStructureEyePatternScan.java> Scanned 280000 functions. Exported so far: 325  
2026-07-26 00:59:02 INFO  (GhidraScript) GeneralStructureEyePatternScan.java> Scanned 290000 functions. Exported so far: 331  
2026-07-26 01:00:36 INFO  (GhidraScript) GeneralStructureEyePatternScan.java> Scanned 300000 functions. Exported so far: 332  
2026-07-26 01:02:13 INFO  (GhidraScript) GeneralStructureEyePatternScan.java> Scanned 310000 functions. Exported so far: 518  
2026-07-26 01:03:43 INFO  (GhidraScript) GeneralStructureEyePatternScan.java> Scanned 320000 functions. Exported so far: 548  
2026-07-26 01:06:37 INFO  (GhidraScript) GeneralStructureEyePatternScan.java> Scanned 330000 functions. Exported so far: 594  
2026-07-26 01:08:23 INFO  (GhidraScript) GeneralStructureEyePatternScan.java> Scanned 340000 functions. Exported so far: 605  
2026-07-26 01:12:47 INFO  (GhidraScript) GeneralStructureEyePatternScan.java> Scanned 350000 functions. Exported so far: 616  
2026-07-26 01:13:53 INFO  (GhidraScript) GeneralStructureEyePatternScan.java> Scanned 360000 functions. Exported so far: 622  
2026-07-26 01:44:00 INFO  (GhidraScript) GeneralStructureEyePatternScan.java> Scanned 370000 functions. Exported so far: 624  
2026-07-26 01:45:16 INFO  (GhidraScript) GeneralStructureEyePatternScan.java> Scanned 380000 functions. Exported so far: 710  
2026-07-26 01:46:49 INFO  (GhidraScript) GeneralStructureEyePatternScan.java> Scanned 390000 functions. Exported so far: 720  
2026-07-26 01:48:08 INFO  (GhidraScript) GeneralStructureEyePatternScan.java> Scanned 400000 functions. Exported so far: 725  
2026-07-26 01:49:40 INFO  (GhidraScript) GeneralStructureEyePatternScan.java> Scanned 410000 functions. Exported so far: 845  
2026-07-26 02:03:07 INFO  (GhidraScript) GeneralStructureEyePatternScan.java> Scanned 420000 functions. Exported so far: 847  
2026-07-26 02:08:28 INFO  (GhidraScript) GeneralStructureEyePatternScan.java> Scanned 430000 functions. Exported so far: 852  
2026-07-26 02:14:29 INFO  (GhidraScript) GeneralStructureEyePatternScan.java> Scanned 440000 functions. Exported so far: 857  
2026-07-26 02:15:50 INFO  (GhidraScript) GeneralStructureEyePatternScan.java> Scanned 450000 functions. Exported so far: 874  
2026-07-26 02:18:36 INFO  (GhidraScript) GeneralStructureEyePatternScan.java> Scanned 460000 functions. Exported so far: 1038  
2026-07-26 02:19:40 INFO  (GhidraScript) GeneralStructureEyePatternScan.java> Scanned 470000 functions. Exported so far: 1074  
2026-07-26 02:21:47 INFO  (GhidraScript) GeneralStructureEyePatternScan.java> Scanned 480000 functions. Exported so far: 1080  
2026-07-26 02:24:38 INFO  (GhidraScript) GeneralStructureEyePatternScan.java> Scanned 490000 functions. Exported so far: 1135  
2026-07-26 02:26:32 INFO  (GhidraScript) GeneralStructureEyePatternScan.java> Scanned 500000 functions. Exported so far: 1141  
2026-07-26 02:28:34 INFO  (GhidraScript) GeneralStructureEyePatternScan.java> Scanned 510000 functions. Exported so far: 1158  
2026-07-26 02:29:51 INFO  (GhidraScript) GeneralStructureEyePatternScan.java> Scanned 520000 functions. Exported so far: 1159  
2026-07-26 02:31:31 INFO  (GhidraScript) GeneralStructureEyePatternScan.java> Scanned 530000 functions. Exported so far: 1159  
2026-07-26 10:55:45 INFO  (GhidraScript) GeneralStructureEyePatternScan.java> Scanned 540000 functions. Exported so far: 1180  
2026-07-26 11:02:53 INFO  (GhidraScript) GeneralStructureEyePatternScan.java> Scanned 550000 functions. Exported so far: 1181  
2026-07-26 11:31:56 INFO  (GhidraScript) GeneralStructureEyePatternScan.java> Scanned 560000 functions. Exported so far: 1183  
2026-07-26 11:33:45 INFO  (GhidraScript) GeneralStructureEyePatternScan.java> Scanned 570000 functions. Exported so far: 1187  
2026-07-26 11:35:20 INFO  (GhidraScript) GeneralStructureEyePatternScan.java> Scanned 580000 functions. Exported so far: 1201  
2026-07-26 11:37:00 INFO  (GhidraScript) GeneralStructureEyePatternScan.java> Scanned 590000 functions. Exported so far: 1248  
2026-07-26 11:38:58 INFO  (GhidraScript) GeneralStructureEyePatternScan.java> Scanned 600000 functions. Exported so far: 1248  
2026-07-26 11:46:33 INFO  (GhidraScript) GeneralStructureEyePatternScan.java> Scanned 610000 functions. Exported so far: 1248  
2026-07-26 11:48:26 INFO  (GhidraScript) GeneralStructureEyePatternScan.java> Scanned 620000 functions. Exported so far: 1248  
2026-07-26 11:50:25 INFO  (GhidraScript) GeneralStructureEyePatternScan.java> Scanned 630000 functions. Exported so far: 1279  
2026-07-26 11:53:27 INFO  (GhidraScript) GeneralStructureEyePatternScan.java> Scanned 640000 functions. Exported so far: 1280  
2026-07-26 23:16:20 INFO  (GhidraScript) GeneralStructureEyePatternScan.java> Scanned 660000 functions. Exported so far: 1283  
2026-07-26 23:41:51 INFO  (GhidraScript) GeneralStructureEyePatternScan.java> Scanned 670000 functions. Exported so far: 1350  
2026-07-26 23:43:32 INFO  (GhidraScript) GeneralStructureEyePatternScan.java> Scanned 680000 functions. Exported so far: 1350  
2026-07-26 23:49:06 INFO  (GhidraScript) GeneralStructureEyePatternScan.java> Scanned 690000 functions. Exported so far: 1366  
2026-07-26 23:51:34 INFO  (GhidraScript) GeneralStructureEyePatternScan.java> Scanned 700000 functions. Exported so far: 1370  
2026-07-27 00:09:22 INFO  (GhidraScript) GeneralStructureEyePatternScan.java> Scanned 710000 functions. Exported so far: 1370  
2026-07-27 00:10:39 WARN  (DecompileCallback) Decompiling 07460000, pcode error at 07460000: Unable to disassemble EXTERNAL block location: 07460000  
2026-07-27 00:10:39 WARN  (DecompileCallback) Decompiling 07460008, pcode error at 07460008: Unable to disassemble EXTERNAL block location: 07460008  
2026-07-27 00:10:39 WARN  (DecompileCallback) Decompiling 07460010, pcode error at 07460010: Unable to disassemble EXTERNAL block location: 07460010  
2026-07-27 00:10:39 WARN  (DecompileCallback) Decompiling 07460018, pcode error at 07460018: Unable to disassemble EXTERNAL block location: 07460018  
2026-07-27 00:10:39 WARN  (DecompileCallback) Decompiling 07460020, pcode error at 07460020: Unable to disassemble EXTERNAL block location: 07460020  
2026-07-27 00:10:39 WARN  (DecompileCallback) Decompiling 07460028, pcode error at 07460028: Unable to disassemble EXTERNAL block location: 07460028  
2026-07-27 00:10:39 WARN  (DecompileCallback) Decompiling 07460030, pcode error at 07460030: Unable to disassemble EXTERNAL block location: 07460030  
2026-07-27 00:10:39 WARN  (DecompileCallback) Decompiling 07460038, pcode error at 07460038: Unable to disassemble EXTERNAL block location: 07460038  
2026-07-27 00:10:39 WARN  (DecompileCallback) Decompiling 07460040, pcode error at 07460040: Unable to disassemble EXTERNAL block location: 07460040  
2026-07-27 00:10:39 WARN  (DecompileCallback) Decompiling 07460048, pcode error at 07460048: Unable to disassemble EXTERNAL block location: 07460048  
2026-07-27 00:10:39 WARN  (DecompileCallback) Decompiling 07460050, pcode error at 07460050: Unable to disassemble EXTERNAL block location: 07460050  
2026-07-27 00:10:39 WARN  (DecompileCallback) Decompiling 07460058, pcode error at 07460058: Unable to disassemble EXTERNAL block location: 07460058  
2026-07-27 00:10:39 WARN  (DecompileCallback) Decompiling 07460060, pcode error at 07460060: Unable to disassemble EXTERNAL block location: 07460060  
2026-07-27 00:10:39 WARN  (DecompileCallback) Decompiling 07460068, pcode error at 07460068: Unable to disassemble EXTERNAL block location: 07460068  
2026-07-27 00:10:39 WARN  (DecompileCallback) Decompiling 07460070, pcode error at 07460070: Unable to disassemble EXTERNAL block location: 07460070  
2026-07-27 00:10:39 WARN  (DecompileCallback) Decompiling 07460078, pcode error at 07460078: Unable to disassemble EXTERNAL block location: 07460078  
2026-07-27 00:10:39 WARN  (DecompileCallback) Decompiling 07460080, pcode error at 07460080: Unable to disassemble EXTERNAL block location: 07460080  
2026-07-27 00:10:39 WARN  (DecompileCallback) Decompiling 07460090, pcode error at 07460090: Unable to disassemble EXTERNAL block location: 07460090  
2026-07-27 00:10:39 WARN  (DecompileCallback) Decompiling 07460098, pcode error at 07460098: Unable to disassemble EXTERNAL block location: 07460098  
2026-07-27 00:10:39 WARN  (DecompileCallback) Decompiling 074600a0, pcode error at 074600a0: Unable to disassemble EXTERNAL block location: 074600a0  
2026-07-27 00:10:39 WARN  (DecompileCallback) Decompiling 074600a8, pcode error at 074600a8: Unable to disassemble EXTERNAL block location: 074600a8  
2026-07-27 00:10:39 WARN  (DecompileCallback) Decompiling 074600b0, pcode error at 074600b0: Unable to disassemble EXTERNAL block location: 074600b0  
2026-07-27 00:10:39 WARN  (DecompileCallback) Decompiling 074600b8, pcode error at 074600b8: Unable to disassemble EXTERNAL block location: 074600b8  
2026-07-27 00:10:39 WARN  (DecompileCallback) Decompiling 074600c0, pcode error at 074600c0: Unable to disassemble EXTERNAL block location: 074600c0  
2026-07-27 00:10:39 WARN  (DecompileCallback) Decompiling 074600c8, pcode error at 074600c8: Unable to disassemble EXTERNAL block location: 074600c8  
2026-07-27 00:10:39 WARN  (DecompileCallback) Decompiling 074600d0, pcode error at 074600d0: Unable to disassemble EXTERNAL block location: 074600d0  
2026-07-27 00:10:39 WARN  (DecompileCallback) Decompiling 074600d8, pcode error at 074600d8: Unable to disassemble EXTERNAL block location: 074600d8  
2026-07-27 00:10:39 WARN  (DecompileCallback) Decompiling 074600e0, pcode error at 074600e0: Unable to disassemble EXTERNAL block location: 074600e0  
2026-07-27 00:10:39 WARN  (DecompileCallback) Decompiling 074600e8, pcode error at 074600e8: Unable to disassemble EXTERNAL block location: 074600e8  
2026-07-27 00:10:39 WARN  (DecompileCallback) Decompiling 074600f0, pcode error at 074600f0: Unable to disassemble EXTERNAL block location: 074600f0  
2026-07-27 00:10:39 WARN  (DecompileCallback) Decompiling 074600f8, pcode error at 074600f8: Unable to disassemble EXTERNAL block location: 074600f8  
2026-07-27 00:10:39 WARN  (DecompileCallback) Decompiling 07460100, pcode error at 07460100: Unable to disassemble EXTERNAL block location: 07460100  
2026-07-27 00:10:39 WARN  (DecompileCallback) Decompiling 07460108, pcode error at 07460108: Unable to disassemble EXTERNAL block location: 07460108  
2026-07-27 00:10:39 WARN  (DecompileCallback) Decompiling 07460110, pcode error at 07460110: Unable to disassemble EXTERNAL block location: 07460110  
2026-07-27 00:10:39 WARN  (DecompileCallback) Decompiling 07460118, pcode error at 07460118: Unable to disassemble EXTERNAL block location: 07460118  
2026-07-27 00:10:39 WARN  (DecompileCallback) Decompiling 07460120, pcode error at 07460120: Unable to disassemble EXTERNAL block location: 07460120  
2026-07-27 00:10:39 WARN  (DecompileCallback) Decompiling 07460128, pcode error at 07460128: Unable to disassemble EXTERNAL block location: 07460128  
2026-07-27 00:10:39 WARN  (DecompileCallback) Decompiling 07460130, pcode error at 07460130: Unable to disassemble EXTERNAL block location: 07460130  
2026-07-27 00:10:39 WARN  (DecompileCallback) Decompiling 07460138, pcode error at 07460138: Unable to disassemble EXTERNAL block location: 07460138  
2026-07-27 00:10:39 WARN  (DecompileCallback) Decompiling 07460140, pcode error at 07460140: Unable to disassemble EXTERNAL block location: 07460140  
2026-07-27 00:10:39 WARN  (DecompileCallback) Decompiling 07460148, pcode error at 07460148: Unable to disassemble EXTERNAL block location: 07460148  
2026-07-27 00:10:39 WARN  (DecompileCallback) Decompiling 07460150, pcode error at 07460150: Unable to disassemble EXTERNAL block location: 07460150  
2026-07-27 00:10:39 WARN  (DecompileCallback) Decompiling 07460158, pcode error at 07460158: Unable to disassemble EXTERNAL block location: 07460158  
2026-07-27 00:10:39 WARN  (DecompileCallback) Decompiling 07460160, pcode error at 07460160: Unable to disassemble EXTERNAL block location: 07460160  
2026-07-27 00:10:39 WARN  (DecompileCallback) Decompiling 07460168, pcode error at 07460168: Unable to disassemble EXTERNAL block location: 07460168  
2026-07-27 00:10:39 WARN  (DecompileCallback) Decompiling 07460170, pcode error at 07460170: Unable to disassemble EXTERNAL block location: 07460170  
2026-07-27 00:10:39 WARN  (DecompileCallback) Decompiling 07460178, pcode error at 07460178: Unable to disassemble EXTERNAL block location: 07460178  
2026-07-27 00:10:39 WARN  (DecompileCallback) Decompiling 07460180, pcode error at 07460180: Unable to disassemble EXTERNAL block location: 07460180  
2026-07-27 00:10:39 WARN  (DecompileCallback) Decompiling 07460188, pcode error at 07460188: Unable to disassemble EXTERNAL block location: 07460188  
2026-07-27 00:10:39 WARN  (DecompileCallback) Decompiling 07460190, pcode error at 07460190: Unable to disassemble EXTERNAL block location: 07460190  
2026-07-27 00:10:39 WARN  (DecompileCallback) Decompiling 07460198, pcode error at 07460198: Unable to disassemble EXTERNAL block location: 07460198  
2026-07-27 00:10:39 WARN  (DecompileCallback) Decompiling 074601a0, pcode error at 074601a0: Unable to disassemble EXTERNAL block location: 074601a0  
2026-07-27 00:10:39 WARN  (DecompileCallback) Decompiling 074601a8, pcode error at 074601a8: Unable to disassemble EXTERNAL block location: 074601a8  
2026-07-27 00:10:39 WARN  (DecompileCallback) Decompiling 074601b0, pcode error at 074601b0: Unable to disassemble EXTERNAL block location: 074601b0  
2026-07-27 00:10:39 WARN  (DecompileCallback) Decompiling 074601b8, pcode error at 074601b8: Unable to disassemble EXTERNAL block location: 074601b8  
2026-07-27 00:10:39 WARN  (DecompileCallback) Decompiling 074601c0, pcode error at 074601c0: Unable to disassemble EXTERNAL block location: 074601c0  
2026-07-27 00:10:39 WARN  (DecompileCallback) Decompiling 074601c8, pcode error at 074601c8: Unable to disassemble EXTERNAL block location: 074601c8  
2026-07-27 00:10:39 WARN  (DecompileCallback) Decompiling 074601d0, pcode error at 074601d0: Unable to disassemble EXTERNAL block location: 074601d0  
2026-07-27 00:10:39 WARN  (DecompileCallback) Decompiling 074601d8, pcode error at 074601d8: Unable to disassemble EXTERNAL block location: 074601d8  
2026-07-27 00:10:39 WARN  (DecompileCallback) Decompiling 074601e0, pcode error at 074601e0: Unable to disassemble EXTERNAL block location: 074601e0  
2026-07-27 00:10:39 WARN  (DecompileCallback) Decompiling 074601e8, pcode error at 074601e8: Unable to disassemble EXTERNAL block location: 074601e8  
2026-07-27 00:10:39 WARN  (DecompileCallback) Decompiling 074601f0, pcode error at 074601f0: Unable to disassemble EXTERNAL block location: 074601f0  
2026-07-27 00:10:39 WARN  (DecompileCallback) Decompiling 074601f8, pcode error at 074601f8: Unable to disassemble EXTERNAL block location: 074601f8  
2026-07-27 00:10:39 WARN  (DecompileCallback) Decompiling 07460200, pcode error at 07460200: Unable to disassemble EXTERNAL block location: 07460200  
2026-07-27 00:10:39 WARN  (DecompileCallback) Decompiling 07460208, pcode error at 07460208: Unable to disassemble EXTERNAL block location: 07460208  
2026-07-27 00:10:39 WARN  (DecompileCallback) Decompiling 07460210, pcode error at 07460210: Unable to disassemble EXTERNAL block location: 07460210  
2026-07-27 00:10:39 WARN  (DecompileCallback) Decompiling 07460218, pcode error at 07460218: Unable to disassemble EXTERNAL block location: 07460218  
2026-07-27 00:10:39 WARN  (DecompileCallback) Decompiling 07460220, pcode error at 07460220: Unable to disassemble EXTERNAL block location: 07460220  
2026-07-27 00:10:39 WARN  (DecompileCallback) Decompiling 07460228, pcode error at 07460228: Unable to disassemble EXTERNAL block location: 07460228  
2026-07-27 00:10:39 WARN  (DecompileCallback) Decompiling 07460230, pcode error at 07460230: Unable to disassemble EXTERNAL block location: 07460230  
2026-07-27 00:10:39 WARN  (DecompileCallback) Decompiling 07460238, pcode error at 07460238: Unable to disassemble EXTERNAL block location: 07460238  
2026-07-27 00:10:39 WARN  (DecompileCallback) Decompiling 07460240, pcode error at 07460240: Unable to disassemble EXTERNAL block location: 07460240  
2026-07-27 00:10:39 WARN  (DecompileCallback) Decompiling 07460248, pcode error at 07460248: Unable to disassemble EXTERNAL block location: 07460248  
2026-07-27 00:10:39 WARN  (DecompileCallback) Decompiling 07460250, pcode error at 07460250: Unable to disassemble EXTERNAL block location: 07460250  
2026-07-27 00:10:39 WARN  (DecompileCallback) Decompiling 07460258, pcode error at 07460258: Unable to disassemble EXTERNAL block location: 07460258  
2026-07-27 00:10:39 WARN  (DecompileCallback) Decompiling 07460260, pcode error at 07460260: Unable to disassemble EXTERNAL block location: 07460260  
2026-07-27 00:10:39 WARN  (DecompileCallback) Decompiling 07460268, pcode error at 07460268: Unable to disassemble EXTERNAL block location: 07460268  
2026-07-27 00:10:39 WARN  (DecompileCallback) Decompiling 07460270, pcode error at 07460270: Unable to disassemble EXTERNAL block location: 07460270  
2026-07-27 00:10:39 WARN  (DecompileCallback) Decompiling 07460278, pcode error at 07460278: Unable to disassemble EXTERNAL block location: 07460278  
2026-07-27 00:10:39 WARN  (DecompileCallback) Decompiling 07460280, pcode error at 07460280: Unable to disassemble EXTERNAL block location: 07460280  
2026-07-27 00:10:39 WARN  (DecompileCallback) Decompiling 07460288, pcode error at 07460288: Unable to disassemble EXTERNAL block location: 07460288  
2026-07-27 00:10:39 WARN  (DecompileCallback) Decompiling 07460290, pcode error at 07460290: Unable to disassemble EXTERNAL block location: 07460290  
2026-07-27 00:10:39 WARN  (DecompileCallback) Decompiling 07460298, pcode error at 07460298: Unable to disassemble EXTERNAL block location: 07460298  
2026-07-27 00:10:39 WARN  (DecompileCallback) Decompiling 074602a0, pcode error at 074602a0: Unable to disassemble EXTERNAL block location: 074602a0  
2026-07-27 00:10:39 WARN  (DecompileCallback) Decompiling 074602a8, pcode error at 074602a8: Unable to disassemble EXTERNAL block location: 074602a8  
2026-07-27 00:10:39 WARN  (DecompileCallback) Decompiling 074602b0, pcode error at 074602b0: Unable to disassemble EXTERNAL block location: 074602b0  
2026-07-27 00:10:39 WARN  (DecompileCallback) Decompiling 074602b8, pcode error at 074602b8: Unable to disassemble EXTERNAL block location: 074602b8  
2026-07-27 00:10:39 WARN  (DecompileCallback) Decompiling 074602c0, pcode error at 074602c0: Unable to disassemble EXTERNAL block location: 074602c0  
2026-07-27 00:10:39 WARN  (DecompileCallback) Decompiling 074602c8, pcode error at 074602c8: Unable to disassemble EXTERNAL block location: 074602c8  
2026-07-27 00:10:39 WARN  (DecompileCallback) Decompiling 074602d0, pcode error at 074602d0: Unable to disassemble EXTERNAL block location: 074602d0  
2026-07-27 00:10:39 WARN  (DecompileCallback) Decompiling 074602d8, pcode error at 074602d8: Unable to disassemble EXTERNAL block location: 074602d8  
2026-07-27 00:10:39 WARN  (DecompileCallback) Decompiling 074602e0, pcode error at 074602e0: Unable to disassemble EXTERNAL block location: 074602e0  
2026-07-27 00:10:39 WARN  (DecompileCallback) Decompiling 074602e8, pcode error at 074602e8: Unable to disassemble EXTERNAL block location: 074602e8  
2026-07-27 00:10:39 WARN  (DecompileCallback) Decompiling 074602f0, pcode error at 074602f0: Unable to disassemble EXTERNAL block location: 074602f0  
2026-07-27 00:10:39 WARN  (DecompileCallback) Decompiling 074602f8, pcode error at 074602f8: Unable to disassemble EXTERNAL block location: 074602f8  
2026-07-27 00:10:39 WARN  (DecompileCallback) Decompiling 07460300, pcode error at 07460300: Unable to disassemble EXTERNAL block location: 07460300  
2026-07-27 00:10:39 WARN  (DecompileCallback) Decompiling 07460308, pcode error at 07460308: Unable to disassemble EXTERNAL block location: 07460308  
2026-07-27 00:10:39 WARN  (DecompileCallback) Decompiling 07460310, pcode error at 07460310: Unable to disassemble EXTERNAL block location: 07460310  
2026-07-27 00:10:39 WARN  (DecompileCallback) Decompiling 07460318, pcode error at 07460318: Unable to disassemble EXTERNAL block location: 07460318  
2026-07-27 00:10:39 WARN  (DecompileCallback) Decompiling 07460320, pcode error at 07460320: Unable to disassemble EXTERNAL block location: 07460320  
2026-07-27 00:10:39 WARN  (DecompileCallback) Decompiling 07460328, pcode error at 07460328: Unable to disassemble EXTERNAL block location: 07460328  
2026-07-27 00:10:39 WARN  (DecompileCallback) Decompiling 07460330, pcode error at 07460330: Unable to disassemble EXTERNAL block location: 07460330  
2026-07-27 00:10:39 WARN  (DecompileCallback) Decompiling 07460338, pcode error at 07460338: Unable to disassemble EXTERNAL block location: 07460338  
2026-07-27 00:10:39 WARN  (DecompileCallback) Decompiling 07460340, pcode error at 07460340: Unable to disassemble EXTERNAL block location: 07460340  
2026-07-27 00:10:39 WARN  (DecompileCallback) Decompiling 07460348, pcode error at 07460348: Unable to disassemble EXTERNAL block location: 07460348  
2026-07-27 00:10:39 WARN  (DecompileCallback) Decompiling 07460350, pcode error at 07460350: Unable to disassemble EXTERNAL block location: 07460350  
2026-07-27 00:10:39 WARN  (DecompileCallback) Decompiling 07460358, pcode error at 07460358: Unable to disassemble EXTERNAL block location: 07460358  
2026-07-27 00:10:39 WARN  (DecompileCallback) Decompiling 07460360, pcode error at 07460360: Unable to disassemble EXTERNAL block location: 07460360  
2026-07-27 00:10:39 WARN  (DecompileCallback) Decompiling 07460368, pcode error at 07460368: Unable to disassemble EXTERNAL block location: 07460368  
2026-07-27 00:10:39 WARN  (DecompileCallback) Decompiling 07460370, pcode error at 07460370: Unable to disassemble EXTERNAL block location: 07460370  
2026-07-27 00:10:39 WARN  (DecompileCallback) Decompiling 07460378, pcode error at 07460378: Unable to disassemble EXTERNAL block location: 07460378  
2026-07-27 00:10:39 WARN  (DecompileCallback) Decompiling 07460380, pcode error at 07460380: Unable to disassemble EXTERNAL block location: 07460380  
2026-07-27 00:10:39 WARN  (DecompileCallback) Decompiling 07460388, pcode error at 07460388: Unable to disassemble EXTERNAL block location: 07460388  
2026-07-27 00:10:39 WARN  (DecompileCallback) Decompiling 07460390, pcode error at 07460390: Unable to disassemble EXTERNAL block location: 07460390  
2026-07-27 00:10:39 WARN  (DecompileCallback) Decompiling 07460398, pcode error at 07460398: Unable to disassemble EXTERNAL block location: 07460398  
2026-07-27 00:10:39 WARN  (DecompileCallback) Decompiling 074603a0, pcode error at 074603a0: Unable to disassemble EXTERNAL block location: 074603a0  
2026-07-27 00:10:39 WARN  (DecompileCallback) Decompiling 074603a8, pcode error at 074603a8: Unable to disassemble EXTERNAL block location: 074603a8  
2026-07-27 00:10:39 WARN  (DecompileCallback) Decompiling 074603b0, pcode error at 074603b0: Unable to disassemble EXTERNAL block location: 074603b0  
2026-07-27 00:10:39 WARN  (DecompileCallback) Decompiling 074603b8, pcode error at 074603b8: Unable to disassemble EXTERNAL block location: 074603b8  
2026-07-27 00:10:39 WARN  (DecompileCallback) Decompiling 074603c0, pcode error at 074603c0: Unable to disassemble EXTERNAL block location: 074603c0  
2026-07-27 00:10:39 WARN  (DecompileCallback) Decompiling 074603c8, pcode error at 074603c8: Unable to disassemble EXTERNAL block location: 074603c8  
2026-07-27 00:10:39 WARN  (DecompileCallback) Decompiling 074603d0, pcode error at 074603d0: Unable to disassemble EXTERNAL block location: 074603d0  
2026-07-27 00:10:39 WARN  (DecompileCallback) Decompiling 074603d8, pcode error at 074603d8: Unable to disassemble EXTERNAL block location: 074603d8  
2026-07-27 00:10:39 WARN  (DecompileCallback) Decompiling 074603e0, pcode error at 074603e0: Unable to disassemble EXTERNAL block location: 074603e0  
2026-07-27 00:10:39 WARN  (DecompileCallback) Decompiling 074603e8, pcode error at 074603e8: Unable to disassemble EXTERNAL block location: 074603e8  
2026-07-27 00:10:39 WARN  (DecompileCallback) Decompiling 074603f0, pcode error at 074603f0: Unable to disassemble EXTERNAL block location: 074603f0  
2026-07-27 00:10:39 WARN  (DecompileCallback) Decompiling 074603f8, pcode error at 074603f8: Unable to disassemble EXTERNAL block location: 074603f8  
2026-07-27 00:10:39 WARN  (DecompileCallback) Decompiling 07460400, pcode error at 07460400: Unable to disassemble EXTERNAL block location: 07460400  
2026-07-27 00:10:39 WARN  (DecompileCallback) Decompiling 07460410, pcode error at 07460410: Unable to disassemble EXTERNAL block location: 07460410  
2026-07-27 00:10:39 WARN  (DecompileCallback) Decompiling 07460418, pcode error at 07460418: Unable to disassemble EXTERNAL block location: 07460418  
2026-07-27 00:10:39 WARN  (DecompileCallback) Decompiling 07460420, pcode error at 07460420: Unable to disassemble EXTERNAL block location: 07460420  
2026-07-27 00:10:39 WARN  (DecompileCallback) Decompiling 07460428, pcode error at 07460428: Unable to disassemble EXTERNAL block location: 07460428  
2026-07-27 00:10:39 WARN  (DecompileCallback) Decompiling 07460430, pcode error at 07460430: Unable to disassemble EXTERNAL block location: 07460430  
2026-07-27 00:10:39 WARN  (DecompileCallback) Decompiling 07460438, pcode error at 07460438: Unable to disassemble EXTERNAL block location: 07460438  
2026-07-27 00:10:39 WARN  (DecompileCallback) Decompiling 07460440, pcode error at 07460440: Unable to disassemble EXTERNAL block location: 07460440  
2026-07-27 00:10:39 WARN  (DecompileCallback) Decompiling 07460448, pcode error at 07460448: Unable to disassemble EXTERNAL block location: 07460448  
2026-07-27 00:10:39 WARN  (DecompileCallback) Decompiling 07460450, pcode error at 07460450: Unable to disassemble EXTERNAL block location: 07460450  
2026-07-27 00:10:39 WARN  (DecompileCallback) Decompiling 07460458, pcode error at 07460458: Unable to disassemble EXTERNAL block location: 07460458  
2026-07-27 00:10:39 WARN  (DecompileCallback) Decompiling 07460460, pcode error at 07460460: Unable to disassemble EXTERNAL block location: 07460460  
2026-07-27 00:10:39 WARN  (DecompileCallback) Decompiling 07460468, pcode error at 07460468: Unable to disassemble EXTERNAL block location: 07460468  
2026-07-27 00:10:39 WARN  (DecompileCallback) Decompiling 07460470, pcode error at 07460470: Unable to disassemble EXTERNAL block location: 07460470  
2026-07-27 00:10:39 WARN  (DecompileCallback) Decompiling 07460478, pcode error at 07460478: Unable to disassemble EXTERNAL block location: 07460478  
2026-07-27 00:10:39 WARN  (DecompileCallback) Decompiling 07460480, pcode error at 07460480: Unable to disassemble EXTERNAL block location: 07460480  
2026-07-27 00:10:39 WARN  (DecompileCallback) Decompiling 07460488, pcode error at 07460488: Unable to disassemble EXTERNAL block location: 07460488  
2026-07-27 00:10:39 WARN  (DecompileCallback) Decompiling 07460490, pcode error at 07460490: Unable to disassemble EXTERNAL block location: 07460490  
2026-07-27 00:10:39 WARN  (DecompileCallback) Decompiling 07460498, pcode error at 07460498: Unable to disassemble EXTERNAL block location: 07460498  
2026-07-27 00:10:39 WARN  (DecompileCallback) Decompiling 074604a0, pcode error at 074604a0: Unable to disassemble EXTERNAL block location: 074604a0  
2026-07-27 00:10:39 WARN  (DecompileCallback) Decompiling 074604a8, pcode error at 074604a8: Unable to disassemble EXTERNAL block location: 074604a8  
2026-07-27 00:10:39 WARN  (DecompileCallback) Decompiling 074604b0, pcode error at 074604b0: Unable to disassemble EXTERNAL block location: 074604b0  
2026-07-27 00:10:39 WARN  (DecompileCallback) Decompiling 074604b8, pcode error at 074604b8: Unable to disassemble EXTERNAL block location: 074604b8  
2026-07-27 00:10:39 WARN  (DecompileCallback) Decompiling 074604c0, pcode error at 074604c0: Unable to disassemble EXTERNAL block location: 074604c0  
2026-07-27 00:10:39 WARN  (DecompileCallback) Decompiling 074604c8, pcode error at 074604c8: Unable to disassemble EXTERNAL block location: 074604c8  
2026-07-27 00:10:39 WARN  (DecompileCallback) Decompiling 074604d0, pcode error at 074604d0: Unable to disassemble EXTERNAL block location: 074604d0  
2026-07-27 00:10:39 WARN  (DecompileCallback) Decompiling 074604d8, pcode error at 074604d8: Unable to disassemble EXTERNAL block location: 074604d8  
2026-07-27 00:10:39 WARN  (DecompileCallback) Decompiling 074604e0, pcode error at 074604e0: Unable to disassemble EXTERNAL block location: 074604e0  
2026-07-27 00:10:39 WARN  (DecompileCallback) Decompiling 074604e8, pcode error at 074604e8: Unable to disassemble EXTERNAL block location: 074604e8  
2026-07-27 00:10:39 WARN  (DecompileCallback) Decompiling 074604f0, pcode error at 074604f0: Unable to disassemble EXTERNAL block location: 074604f0  
2026-07-27 00:10:39 WARN  (DecompileCallback) Decompiling 074604f8, pcode error at 074604f8: Unable to disassemble EXTERNAL block location: 074604f8  
2026-07-27 00:10:39 WARN  (DecompileCallback) Decompiling 07460500, pcode error at 07460500: Unable to disassemble EXTERNAL block location: 07460500  
2026-07-27 00:10:39 WARN  (DecompileCallback) Decompiling 07460508, pcode error at 07460508: Unable to disassemble EXTERNAL block location: 07460508  
2026-07-27 00:10:39 WARN  (DecompileCallback) Decompiling 07460510, pcode error at 07460510: Unable to disassemble EXTERNAL block location: 07460510  
2026-07-27 00:10:39 WARN  (DecompileCallback) Decompiling 07460518, pcode error at 07460518: Unable to disassemble EXTERNAL block location: 07460518  
2026-07-27 00:10:39 WARN  (DecompileCallback) Decompiling 07460520, pcode error at 07460520: Unable to disassemble EXTERNAL block location: 07460520  
2026-07-27 00:10:39 WARN  (DecompileCallback) Decompiling 07460528, pcode error at 07460528: Unable to disassemble EXTERNAL block location: 07460528  
2026-07-27 00:10:39 WARN  (DecompileCallback) Decompiling 07460530, pcode error at 07460530: Unable to disassemble EXTERNAL block location: 07460530  
2026-07-27 00:10:39 WARN  (DecompileCallback) Decompiling 07460538, pcode error at 07460538: Unable to disassemble EXTERNAL block location: 07460538  
2026-07-27 00:10:39 WARN  (DecompileCallback) Decompiling 07460540, pcode error at 07460540: Unable to disassemble EXTERNAL block location: 07460540  
2026-07-27 00:10:39 WARN  (DecompileCallback) Decompiling 07460548, pcode error at 07460548: Unable to disassemble EXTERNAL block location: 07460548  
2026-07-27 00:10:39 WARN  (DecompileCallback) Decompiling 07460550, pcode error at 07460550: Unable to disassemble EXTERNAL block location: 07460550  
2026-07-27 00:10:39 WARN  (DecompileCallback) Decompiling 07460558, pcode error at 07460558: Unable to disassemble EXTERNAL block location: 07460558  
2026-07-27 00:10:39 WARN  (DecompileCallback) Decompiling 07460560, pcode error at 07460560: Unable to disassemble EXTERNAL block location: 07460560  
2026-07-27 00:10:39 WARN  (DecompileCallback) Decompiling 07460568, pcode error at 07460568: Unable to disassemble EXTERNAL block location: 07460568  
2026-07-27 00:10:39 WARN  (DecompileCallback) Decompiling 07460570, pcode error at 07460570: Unable to disassemble EXTERNAL block location: 07460570  
2026-07-27 00:10:39 WARN  (DecompileCallback) Decompiling 07460578, pcode error at 07460578: Unable to disassemble EXTERNAL block location: 07460578  
2026-07-27 00:10:39 WARN  (DecompileCallback) Decompiling 07460580, pcode error at 07460580: Unable to disassemble EXTERNAL block location: 07460580  
2026-07-27 00:10:39 WARN  (DecompileCallback) Decompiling 07460588, pcode error at 07460588: Unable to disassemble EXTERNAL block location: 07460588  
2026-07-27 00:10:39 WARN  (DecompileCallback) Decompiling 07460590, pcode error at 07460590: Unable to disassemble EXTERNAL block location: 07460590  
2026-07-27 00:10:39 WARN  (DecompileCallback) Decompiling 07460598, pcode error at 07460598: Unable to disassemble EXTERNAL block location: 07460598  
2026-07-27 00:10:39 WARN  (DecompileCallback) Decompiling 074605a0, pcode error at 074605a0: Unable to disassemble EXTERNAL block location: 074605a0  
2026-07-27 00:10:39 WARN  (DecompileCallback) Decompiling 074605a8, pcode error at 074605a8: Unable to disassemble EXTERNAL block location: 074605a8  
2026-07-27 00:10:39 WARN  (DecompileCallback) Decompiling 074605b0, pcode error at 074605b0: Unable to disassemble EXTERNAL block location: 074605b0  
2026-07-27 00:10:39 WARN  (DecompileCallback) Decompiling 074605b8, pcode error at 074605b8: Unable to disassemble EXTERNAL block location: 074605b8  
2026-07-27 00:10:39 WARN  (DecompileCallback) Decompiling 074605c0, pcode error at 074605c0: Unable to disassemble EXTERNAL block location: 074605c0  
2026-07-27 00:10:39 WARN  (DecompileCallback) Decompiling 074605c8, pcode error at 074605c8: Unable to disassemble EXTERNAL block location: 074605c8  
2026-07-27 00:10:39 WARN  (DecompileCallback) Decompiling 074605d0, pcode error at 074605d0: Unable to disassemble EXTERNAL block location: 074605d0  
2026-07-27 00:10:39 WARN  (DecompileCallback) Decompiling 074605d8, pcode error at 074605d8: Unable to disassemble EXTERNAL block location: 074605d8  
2026-07-27 00:10:39 WARN  (DecompileCallback) Decompiling 074605e0, pcode error at 074605e0: Unable to disassemble EXTERNAL block location: 074605e0  
2026-07-27 00:10:39 WARN  (DecompileCallback) Decompiling 074605e8, pcode error at 074605e8: Unable to disassemble EXTERNAL block location: 074605e8  
2026-07-27 00:10:39 WARN  (DecompileCallback) Decompiling 074605f0, pcode error at 074605f0: Unable to disassemble EXTERNAL block location: 074605f0  
2026-07-27 00:10:39 WARN  (DecompileCallback) Decompiling 074605f8, pcode error at 074605f8: Unable to disassemble EXTERNAL block location: 074605f8  
2026-07-27 00:10:39 WARN  (DecompileCallback) Decompiling 07460600, pcode error at 07460600: Unable to disassemble EXTERNAL block location: 07460600  
2026-07-27 00:10:39 WARN  (DecompileCallback) Decompiling 07460608, pcode error at 07460608: Unable to disassemble EXTERNAL block location: 07460608  
2026-07-27 00:10:39 WARN  (DecompileCallback) Decompiling 07460610, pcode error at 07460610: Unable to disassemble EXTERNAL block location: 07460610  
2026-07-27 00:10:39 WARN  (DecompileCallback) Decompiling 07460618, pcode error at 07460618: Unable to disassemble EXTERNAL block location: 07460618  
2026-07-27 00:10:39 WARN  (DecompileCallback) Decompiling 07460620, pcode error at 07460620: Unable to disassemble EXTERNAL block location: 07460620  
2026-07-27 00:10:39 WARN  (DecompileCallback) Decompiling 07460628, pcode error at 07460628: Unable to disassemble EXTERNAL block location: 07460628  
2026-07-27 00:10:39 WARN  (DecompileCallback) Decompiling 07460630, pcode error at 07460630: Unable to disassemble EXTERNAL block location: 07460630  
2026-07-27 00:10:39 WARN  (DecompileCallback) Decompiling 07460638, pcode error at 07460638: Unable to disassemble EXTERNAL block location: 07460638  
2026-07-27 00:10:39 WARN  (DecompileCallback) Decompiling 07460640, pcode error at 07460640: Unable to disassemble EXTERNAL block location: 07460640  
2026-07-27 00:10:39 WARN  (DecompileCallback) Decompiling 07460648, pcode error at 07460648: Unable to disassemble EXTERNAL block location: 07460648  
2026-07-27 00:10:39 WARN  (DecompileCallback) Decompiling 07460650, pcode error at 07460650: Unable to disassemble EXTERNAL block location: 07460650  
2026-07-27 00:10:39 WARN  (DecompileCallback) Decompiling 07460658, pcode error at 07460658: Unable to disassemble EXTERNAL block location: 07460658  
2026-07-27 00:10:39 WARN  (DecompileCallback) Decompiling 07460660, pcode error at 07460660: Unable to disassemble EXTERNAL block location: 07460660  
2026-07-27 00:10:39 WARN  (DecompileCallback) Decompiling 07460668, pcode error at 07460668: Unable to disassemble EXTERNAL block location: 07460668  
2026-07-27 00:10:39 WARN  (DecompileCallback) Decompiling 07460670, pcode error at 07460670: Unable to disassemble EXTERNAL block location: 07460670  
2026-07-27 00:10:39 WARN  (DecompileCallback) Decompiling 07460678, pcode error at 07460678: Unable to disassemble EXTERNAL block location: 07460678  
2026-07-27 00:10:39 WARN  (DecompileCallback) Decompiling 07460680, pcode error at 07460680: Unable to disassemble EXTERNAL block location: 07460680  
2026-07-27 00:10:39 WARN  (DecompileCallback) Decompiling 07460688, pcode error at 07460688: Unable to disassemble EXTERNAL block location: 07460688  
2026-07-27 00:10:39 WARN  (DecompileCallback) Decompiling 07460690, pcode error at 07460690: Unable to disassemble EXTERNAL block location: 07460690  
2026-07-27 00:10:39 WARN  (DecompileCallback) Decompiling 07460698, pcode error at 07460698: Unable to disassemble EXTERNAL block location: 07460698  
2026-07-27 00:10:39 WARN  (DecompileCallback) Decompiling 074606a0, pcode error at 074606a0: Unable to disassemble EXTERNAL block location: 074606a0  
2026-07-27 00:10:39 WARN  (DecompileCallback) Decompiling 074606a8, pcode error at 074606a8: Unable to disassemble EXTERNAL block location: 074606a8  
2026-07-27 00:10:39 WARN  (DecompileCallback) Decompiling 074606b0, pcode error at 074606b0: Unable to disassemble EXTERNAL block location: 074606b0  
2026-07-27 00:10:39 WARN  (DecompileCallback) Decompiling 074606b8, pcode error at 074606b8: Unable to disassemble EXTERNAL block location: 074606b8  
2026-07-27 00:10:39 WARN  (DecompileCallback) Decompiling 074606c0, pcode error at 074606c0: Unable to disassemble EXTERNAL block location: 074606c0  
2026-07-27 00:10:39 WARN  (DecompileCallback) Decompiling 074606c8, pcode error at 074606c8: Unable to disassemble EXTERNAL block location: 074606c8  
2026-07-27 00:10:39 WARN  (DecompileCallback) Decompiling 074606d0, pcode error at 074606d0: Unable to disassemble EXTERNAL block location: 074606d0  
2026-07-27 00:10:39 WARN  (DecompileCallback) Decompiling 074606d8, pcode error at 074606d8: Unable to disassemble EXTERNAL block location: 074606d8  
2026-07-27 00:10:39 WARN  (DecompileCallback) Decompiling 074606e0, pcode error at 074606e0: Unable to disassemble EXTERNAL block location: 074606e0  
2026-07-27 00:10:39 WARN  (DecompileCallback) Decompiling 074606e8, pcode error at 074606e8: Unable to disassemble EXTERNAL block location: 074606e8  
2026-07-27 00:10:39 WARN  (DecompileCallback) Decompiling 074606f0, pcode error at 074606f0: Unable to disassemble EXTERNAL block location: 074606f0  
2026-07-27 00:10:39 WARN  (DecompileCallback) Decompiling 074606f8, pcode error at 074606f8: Unable to disassemble EXTERNAL block location: 074606f8  
2026-07-27 00:10:39 WARN  (DecompileCallback) Decompiling 07460700, pcode error at 07460700: Unable to disassemble EXTERNAL block location: 07460700  
2026-07-27 00:10:39 WARN  (DecompileCallback) Decompiling 07460708, pcode error at 07460708: Unable to disassemble EXTERNAL block location: 07460708  
2026-07-27 00:10:39 WARN  (DecompileCallback) Decompiling 07460710, pcode error at 07460710: Unable to disassemble EXTERNAL block location: 07460710  
2026-07-27 00:10:39 WARN  (DecompileCallback) Decompiling 07460718, pcode error at 07460718: Unable to disassemble EXTERNAL block location: 07460718  
2026-07-27 00:10:39 WARN  (DecompileCallback) Decompiling 07460720, pcode error at 07460720: Unable to disassemble EXTERNAL block location: 07460720  
2026-07-27 00:10:39 WARN  (DecompileCallback) Decompiling 07460728, pcode error at 07460728: Unable to disassemble EXTERNAL block location: 07460728  
2026-07-27 00:10:39 WARN  (DecompileCallback) Decompiling 07460730, pcode error at 07460730: Unable to disassemble EXTERNAL block location: 07460730  
2026-07-27 00:10:39 INFO  (GhidraScript) GeneralStructureEyePatternScan.java> Scanned 720000 functions. Exported so far: 1370  
2026-07-27 00:10:39 WARN  (DecompileCallback) Decompiling 07460738, pcode error at 07460738: Unable to disassemble EXTERNAL block location: 07460738  
2026-07-27 00:10:39 WARN  (DecompileCallback) Decompiling 07460740, pcode error at 07460740: Unable to disassemble EXTERNAL block location: 07460740  
2026-07-27 00:10:39 WARN  (DecompileCallback) Decompiling 07460748, pcode error at 07460748: Unable to disassemble EXTERNAL block location: 07460748  
2026-07-27 00:10:39 WARN  (DecompileCallback) Decompiling 07460750, pcode error at 07460750: Unable to disassemble EXTERNAL block location: 07460750  
2026-07-27 00:10:39 WARN  (DecompileCallback) Decompiling 07460758, pcode error at 07460758: Unable to disassemble EXTERNAL block location: 07460758  
2026-07-27 00:10:39 WARN  (DecompileCallback) Decompiling 07460760, pcode error at 07460760: Unable to disassemble EXTERNAL block location: 07460760  
2026-07-27 00:10:39 WARN  (DecompileCallback) Decompiling 07460768, pcode error at 07460768: Unable to disassemble EXTERNAL block location: 07460768  
2026-07-27 00:10:39 WARN  (DecompileCallback) Decompiling 07460770, pcode error at 07460770: Unable to disassemble EXTERNAL block location: 07460770  
2026-07-27 00:10:39 WARN  (DecompileCallback) Decompiling 07460778, pcode error at 07460778: Unable to disassemble EXTERNAL block location: 07460778  
2026-07-27 00:10:39 WARN  (DecompileCallback) Decompiling 07460780, pcode error at 07460780: Unable to disassemble EXTERNAL block location: 07460780  
2026-07-27 00:10:39 WARN  (DecompileCallback) Decompiling 07460788, pcode error at 07460788: Unable to disassemble EXTERNAL block location: 07460788  
2026-07-27 00:10:39 WARN  (DecompileCallback) Decompiling 07460790, pcode error at 07460790: Unable to disassemble EXTERNAL block location: 07460790  
2026-07-27 00:10:39 WARN  (DecompileCallback) Decompiling 07460798, pcode error at 07460798: Unable to disassemble EXTERNAL block location: 07460798  
2026-07-27 00:10:39 WARN  (DecompileCallback) Decompiling 074607a0, pcode error at 074607a0: Unable to disassemble EXTERNAL block location: 074607a0  
2026-07-27 00:10:39 WARN  (DecompileCallback) Decompiling 074607a8, pcode error at 074607a8: Unable to disassemble EXTERNAL block location: 074607a8  
2026-07-27 00:10:39 WARN  (DecompileCallback) Decompiling 074607b0, pcode error at 074607b0: Unable to disassemble EXTERNAL block location: 074607b0  
2026-07-27 00:10:39 WARN  (DecompileCallback) Decompiling 074607b8, pcode error at 074607b8: Unable to disassemble EXTERNAL block location: 074607b8  
2026-07-27 00:10:39 WARN  (DecompileCallback) Decompiling 074607c0, pcode error at 074607c0: Unable to disassemble EXTERNAL block location: 074607c0  
2026-07-27 00:10:39 WARN  (DecompileCallback) Decompiling 074607c8, pcode error at 074607c8: Unable to disassemble EXTERNAL block location: 074607c8  
2026-07-27 00:10:39 WARN  (DecompileCallback) Decompiling 074607d0, pcode error at 074607d0: Unable to disassemble EXTERNAL block location: 074607d0  
2026-07-27 00:10:39 WARN  (DecompileCallback) Decompiling 074607d8, pcode error at 074607d8: Unable to disassemble EXTERNAL block location: 074607d8  
2026-07-27 00:10:39 WARN  (DecompileCallback) Decompiling 074607e0, pcode error at 074607e0: Unable to disassemble EXTERNAL block location: 074607e0  
2026-07-27 00:10:39 WARN  (DecompileCallback) Decompiling 074607e8, pcode error at 074607e8: Unable to disassemble EXTERNAL block location: 074607e8  
2026-07-27 00:10:39 WARN  (DecompileCallback) Decompiling 074607f0, pcode error at 074607f0: Unable to disassemble EXTERNAL block location: 074607f0  
2026-07-27 00:10:39 WARN  (DecompileCallback) Decompiling 074607f8, pcode error at 074607f8: Unable to disassemble EXTERNAL block location: 074607f8  
2026-07-27 00:10:39 WARN  (DecompileCallback) Decompiling 07460800, pcode error at 07460800: Unable to disassemble EXTERNAL block location: 07460800  
2026-07-27 00:10:39 WARN  (DecompileCallback) Decompiling 07460808, pcode error at 07460808: Unable to disassemble EXTERNAL block location: 07460808  
2026-07-27 00:10:39 WARN  (DecompileCallback) Decompiling 07460810, pcode error at 07460810: Unable to disassemble EXTERNAL block location: 07460810  
2026-07-27 00:10:39 WARN  (DecompileCallback) Decompiling 07460818, pcode error at 07460818: Unable to disassemble EXTERNAL block location: 07460818  
2026-07-27 00:10:39 WARN  (DecompileCallback) Decompiling 07460820, pcode error at 07460820: Unable to disassemble EXTERNAL block location: 07460820  
2026-07-27 00:10:39 WARN  (DecompileCallback) Decompiling 07460828, pcode error at 07460828: Unable to disassemble EXTERNAL block location: 07460828  
2026-07-27 00:10:39 WARN  (DecompileCallback) Decompiling 07460830, pcode error at 07460830: Unable to disassemble EXTERNAL block location: 07460830  
2026-07-27 00:10:39 WARN  (DecompileCallback) Decompiling 07460838, pcode error at 07460838: Unable to disassemble EXTERNAL block location: 07460838  
2026-07-27 00:10:39 WARN  (DecompileCallback) Decompiling 07460840, pcode error at 07460840: Unable to disassemble EXTERNAL block location: 07460840  
2026-07-27 00:10:39 WARN  (DecompileCallback) Decompiling 07460848, pcode error at 07460848: Unable to disassemble EXTERNAL block location: 07460848  
2026-07-27 00:10:39 WARN  (DecompileCallback) Decompiling 07460850, pcode error at 07460850: Unable to disassemble EXTERNAL block location: 07460850  
2026-07-27 00:10:39 WARN  (DecompileCallback) Decompiling 07460858, pcode error at 07460858: Unable to disassemble EXTERNAL block location: 07460858  
2026-07-27 00:10:39 WARN  (DecompileCallback) Decompiling 07460860, pcode error at 07460860: Unable to disassemble EXTERNAL block location: 07460860  
2026-07-27 00:10:39 WARN  (DecompileCallback) Decompiling 07460868, pcode error at 07460868: Unable to disassemble EXTERNAL block location: 07460868  
2026-07-27 00:10:39 WARN  (DecompileCallback) Decompiling 07460870, pcode error at 07460870: Unable to disassemble EXTERNAL block location: 07460870  
2026-07-27 00:10:39 WARN  (DecompileCallback) Decompiling 07460878, pcode error at 07460878: Unable to disassemble EXTERNAL block location: 07460878  
2026-07-27 00:10:39 WARN  (DecompileCallback) Decompiling 07460880, pcode error at 07460880: Unable to disassemble EXTERNAL block location: 07460880  
2026-07-27 00:10:39 WARN  (DecompileCallback) Decompiling 07460888, pcode error at 07460888: Unable to disassemble EXTERNAL block location: 07460888  
2026-07-27 00:10:39 WARN  (DecompileCallback) Decompiling 07460890, pcode error at 07460890: Unable to disassemble EXTERNAL block location: 07460890  
2026-07-27 00:10:39 WARN  (DecompileCallback) Decompiling 07460898, pcode error at 07460898: Unable to disassemble EXTERNAL block location: 07460898  
2026-07-27 00:10:39 WARN  (DecompileCallback) Decompiling 074608a0, pcode error at 074608a0: Unable to disassemble EXTERNAL block location: 074608a0  
2026-07-27 00:10:39 WARN  (DecompileCallback) Decompiling 074608a8, pcode error at 074608a8: Unable to disassemble EXTERNAL block location: 074608a8  
2026-07-27 00:10:39 WARN  (DecompileCallback) Decompiling 074608b0, pcode error at 074608b0: Unable to disassemble EXTERNAL block location: 074608b0  
2026-07-27 00:10:39 WARN  (DecompileCallback) Decompiling 074608b8, pcode error at 074608b8: Unable to disassemble EXTERNAL block location: 074608b8  
2026-07-27 00:10:39 WARN  (DecompileCallback) Decompiling 074608c0, pcode error at 074608c0: Unable to disassemble EXTERNAL block location: 074608c0  
2026-07-27 00:10:39 WARN  (DecompileCallback) Decompiling 074608c8, pcode error at 074608c8: Unable to disassemble EXTERNAL block location: 074608c8  
2026-07-27 00:10:39 WARN  (DecompileCallback) Decompiling 074608d0, pcode error at 074608d0: Unable to disassemble EXTERNAL block location: 074608d0  
2026-07-27 00:10:39 WARN  (DecompileCallback) Decompiling 074608d8, pcode error at 074608d8: Unable to disassemble EXTERNAL block location: 074608d8  
2026-07-27 00:10:39 WARN  (DecompileCallback) Decompiling 074608e0, pcode error at 074608e0: Unable to disassemble EXTERNAL block location: 074608e0  
2026-07-27 00:10:39 WARN  (DecompileCallback) Decompiling 074608e8, pcode error at 074608e8: Unable to disassemble EXTERNAL block location: 074608e8  
2026-07-27 00:10:39 WARN  (DecompileCallback) Decompiling 074608f0, pcode error at 074608f0: Unable to disassemble EXTERNAL block location: 074608f0  
2026-07-27 00:10:39 WARN  (DecompileCallback) Decompiling 074608f8, pcode error at 074608f8: Unable to disassemble EXTERNAL block location: 074608f8  
2026-07-27 00:10:39 WARN  (DecompileCallback) Decompiling 07460900, pcode error at 07460900: Unable to disassemble EXTERNAL block location: 07460900  
2026-07-27 00:10:39 WARN  (DecompileCallback) Decompiling 07460908, pcode error at 07460908: Unable to disassemble EXTERNAL block location: 07460908  
2026-07-27 00:10:39 WARN  (DecompileCallback) Decompiling 07460910, pcode error at 07460910: Unable to disassemble EXTERNAL block location: 07460910  
2026-07-27 00:10:39 WARN  (DecompileCallback) Decompiling 07460918, pcode error at 07460918: Unable to disassemble EXTERNAL block location: 07460918  
2026-07-27 00:10:39 WARN  (DecompileCallback) Decompiling 07460920, pcode error at 07460920: Unable to disassemble EXTERNAL block location: 07460920  
2026-07-27 00:10:39 WARN  (DecompileCallback) Decompiling 07460928, pcode error at 07460928: Unable to disassemble EXTERNAL block location: 07460928  
2026-07-27 00:10:39 WARN  (DecompileCallback) Decompiling 07460930, pcode error at 07460930: Unable to disassemble EXTERNAL block location: 07460930  
2026-07-27 00:10:39 WARN  (DecompileCallback) Decompiling 07460938, pcode error at 07460938: Unable to disassemble EXTERNAL block location: 07460938  
2026-07-27 00:10:39 WARN  (DecompileCallback) Decompiling 07460940, pcode error at 07460940: Unable to disassemble EXTERNAL block location: 07460940  
2026-07-27 00:10:39 INFO  (GhidraScript) GeneralStructureEyePatternScan.java> General structure scan complete.  
2026-07-27 00:10:39 INFO  (GhidraScript) GeneralStructureEyePatternScan.java> Total functions scanned: 720066  
2026-07-27 00:10:39 INFO  (GhidraScript) GeneralStructureEyePatternScan.java> Exported functions: 1370  
2026-07-27 00:10:39 INFO  (GhidraScript) GeneralStructureEyePatternScan.java> Decompile failures: 6729  
2026-07-27 00:10:39 INFO  (GhidraScript) GeneralStructureEyePatternScan.java> Report CSV: C:\realDesktop\manifest-evaluations\summer-26\ghidra-pipeline\il2cpp-files\vrfs\general-structure-results\structure_scan_report.csv  
2026-07-27 00:10:39 INFO  (GhidraScript) GeneralStructureEyePatternScan.java> Report JSON: C:\realDesktop\manifest-evaluations\summer-26\ghidra-pipeline\il2cpp-files\vrfs\general-structure-results\structure_scan_report.json  
2026-07-27 00:10:39 INFO  (HeadlessAnalyzer) REPORT: Save succeeded for processed file: /vrfs-libil2cpp.so  
