2026-07-24 17:27:37 INFO  (LoggingInitialization) Using log config file: jar:file:/C:/Users/kimgiordano27/Downloads/ghidra_12.1.2_PUBLIC_20260605/ghidra_12.1.2_PUBLIC/Ghidra/Framework/Generic/lib/Generic.jar!/generic.log4j.xml  
2026-07-24 17:27:37 INFO  (LoggingInitialization) Using log file: C:\realDesktop\manifest-evaluations\summer-26\ghidra-pipeline\il2cpp-files\vandalizer\general-structure-ghidra.log  
2026-07-24 17:27:37 DEBUG (GhidraObjectInputFilter) Including serial input filter: FileSystem/data/client.rmi.serial.filter  
2026-07-24 17:27:37 INFO  (Preferences) Loading user preferences: C:\Users\kimgiordano27\AppData\Roaming\ghidra\ghidra_12.1.2_PUBLIC\preferences  
2026-07-24 17:27:37 INFO  (ClassSearcher) Searching for classes...  
2026-07-24 17:27:37 INFO  (ClassSearcher) Class search complete (681 ms)  
2026-07-24 17:27:37 INFO  (DefaultSSLContextInitializer) Initializing SSL Context  
2026-07-24 17:27:37 INFO  (SecureRandomFactory) Initializing Random Number Generator...  
2026-07-24 17:27:38 INFO  (SecureRandomFactory) Random Number Generator initialization complete: SHA1PRNG  
2026-07-24 17:27:38 INFO  (DefaultTrustManagerFactory) Trust manager disabled, cacerts have not been set  
2026-07-24 17:27:38 INFO  (AnalyzeHeadless) Headless startup complete (6101 ms)  
2026-07-24 17:27:38 INFO  (ClassSearcher) Class searcher loaded 59 extension points (20 false positives)  
2026-07-24 17:27:38 INFO  (HeadlessAnalyzer) HEADLESS Script Paths:
    C:\Users\kimgiordano27\Downloads\ghidra_12.1.2_PUBLIC_20260605\ghidra_12.1.2_PUBLIC\Ghidra\Features\DecompilerDependent\ghidra_scripts
    C:\Users\kimgiordano27\Downloads\ghidra_12.1.2_PUBLIC_20260605\ghidra_12.1.2_PUBLIC\Ghidra\Processors\Atmel\ghidra_scripts
    C:\Users\kimgiordano27\Downloads\ghidra_12.1.2_PUBLIC_20260605\ghidra_12.1.2_PUBLIC\Ghidra\Processors\PIC\ghidra_scripts
    C:\Users\kimgiordano27\Downloads\ghidra_12.1.2_PUBLIC_20260605\ghidra_12.1.2_PUBLIC\Ghidra\Features\VersionTracking\ghidra_scripts
    C:\Users\kimgiordano27\Downloads\ghidra_12.1.2_PUBLIC_20260605\ghidra_12.1.2_PUBLIC\Ghidra\Features\BytePatterns\ghidra_scripts
    C:\Users\kimgiordano27\ghidra_scripts
    C:\Users\kimgiordano27\Downloads\ghidra_12.1.2_PUBLIC_20260605\ghidra_12.1.2_PUBLIC\Ghidra\Features\BSim\ghidra_scripts
    C:\realDesktop\manifest-evaluations\summer-26\ghidra-pipeline\ghidra-export-scripts
    C:\Users\kimgiordano27\Downloads\ghidra_12.1.2_PUBLIC_20260605\ghidra_12.1.2_PUBLIC\Ghidra\Processors\JVM\ghidra_scripts
    C:\Users\kimgiordano27\Downloads\ghidra_12.1.2_PUBLIC_20260605\ghidra_12.1.2_PUBLIC\Ghidra\Features\Base\ghidra_scripts
    C:\Users\kimgiordano27\Downloads\ghidra_12.1.2_PUBLIC_20260605\ghidra_12.1.2_PUBLIC\Ghidra\Features\SwiftDemangler\ghidra_scripts
    C:\Users\kimgiordano27\Downloads\ghidra_12.1.2_PUBLIC_20260605\ghidra_12.1.2_PUBLIC\Ghidra\Features\WildcardAssembler\ghidra_scripts
    C:\Users\kimgiordano27\Downloads\ghidra_12.1.2_PUBLIC_20260605\ghidra_12.1.2_PUBLIC\Ghidra\Features\FileFormats\ghidra_scripts
    C:\Users\kimgiordano27\Downloads\ghidra_12.1.2_PUBLIC_20260605\ghidra_12.1.2_PUBLIC\Ghidra\Features\Decompiler\ghidra_scripts
    C:\Users\kimgiordano27\Downloads\ghidra_12.1.2_PUBLIC_20260605\ghidra_12.1.2_PUBLIC\Ghidra\Features\SystemEmulation\ghidra_scripts
    C:\Users\kimgiordano27\Downloads\ghidra_12.1.2_PUBLIC_20260605\ghidra_12.1.2_PUBLIC\Ghidra\Processors\8051\ghidra_scripts
    C:\Users\kimgiordano27\Downloads\ghidra_12.1.2_PUBLIC_20260605\ghidra_12.1.2_PUBLIC\Ghidra\Features\GnuDemangler\ghidra_scripts
    C:\Users\kimgiordano27\Downloads\ghidra_12.1.2_PUBLIC_20260605\ghidra_12.1.2_PUBLIC\Ghidra\Debug\Debugger\ghidra_scripts
    C:\Users\kimgiordano27\Downloads\ghidra_12.1.2_PUBLIC_20260605\ghidra_12.1.2_PUBLIC\Ghidra\Processors\DATA\ghidra_scripts
    C:\Users\kimgiordano27\Downloads\ghidra_12.1.2_PUBLIC_20260605\ghidra_12.1.2_PUBLIC\Ghidra\Debug\Debugger-rmi-trace\ghidra_scripts
    C:\Users\kimgiordano27\Downloads\ghidra_12.1.2_PUBLIC_20260605\ghidra_12.1.2_PUBLIC\Ghidra\Features\FunctionID\ghidra_scripts
    C:\Users\kimgiordano27\Downloads\ghidra_12.1.2_PUBLIC_20260605\ghidra_12.1.2_PUBLIC\Ghidra\Features\MicrosoftCodeAnalyzer\ghidra_scripts
    C:\Users\kimgiordano27\Downloads\ghidra_12.1.2_PUBLIC_20260605\ghidra_12.1.2_PUBLIC\Ghidra\Features\PDB\ghidra_scripts
    C:\Users\kimgiordano27\AppData\Roaming\ghidra\ghidra_12.1.2_PUBLIC\Extensions\Jython\ghidra_scripts
    C:\Users\kimgiordano27\Downloads\ghidra_12.1.2_PUBLIC_20260605\ghidra_12.1.2_PUBLIC\Ghidra\Features\PyGhidra\ghidra_scripts  
2026-07-24 17:27:38 INFO  (HeadlessAnalyzer) HEADLESS: execution starts  
2026-07-24 17:27:38 INFO  (HeadlessAnalyzer) Opening existing project: C:\realDesktop\manifest-evaluations\summer-26\ghidra-pipeline\il2cpp-files\vandalizer\ghidra-project-vandalizer\vandalizer  
2026-07-24 17:27:38 INFO  (HeadlessProject) Opening project: C:\realDesktop\manifest-evaluations\summer-26\ghidra-pipeline\il2cpp-files\vandalizer\ghidra-project-vandalizer\vandalizer  
2026-07-24 17:27:38 INFO  (LocalFileSystem) /vandalizer-libil2cpp.so: checkout (2) granted (kimgiordano27)  
2026-07-24 17:27:43 INFO  (HeadlessAnalyzer) REPORT: Processing project file: /vandalizer-libil2cpp.so  
2026-07-24 17:27:44 INFO  (HeadlessAnalyzer) REPORT: Execute script: GeneralStructureEyePatternScan.java 'C:\realDesktop\manifest-evaluations\summer-26\ghidra-pipeline\il2cpp-files\vandalizer\general-structure-results' '70' 'false'   
2026-07-24 17:27:44 INFO  (HeadlessAnalyzer) SCRIPT: C:\realDesktop\manifest-evaluations\summer-26\ghidra-pipeline\ghidra-export-scripts\GeneralStructureEyePatternScan.java  
2026-07-24 17:27:44 INFO  (GhidraScript) GeneralStructureEyePatternScan.java> General structure scan starting...  
2026-07-24 17:27:44 INFO  (GhidraScript) GeneralStructureEyePatternScan.java> Output: C:\realDesktop\manifest-evaluations\summer-26\ghidra-pipeline\il2cpp-files\vandalizer\general-structure-results  
2026-07-24 17:27:44 INFO  (GhidraScript) GeneralStructureEyePatternScan.java> Minimum review score: 70  
2026-07-24 17:27:44 INFO  (GhidraScript) GeneralStructureEyePatternScan.java> Export all: false  
2026-07-24 17:28:00 INFO  (GhidraScript) GeneralStructureEyePatternScan.java> Scanned 10000 functions. Exported so far: 0  
2026-07-24 17:28:09 INFO  (GhidraScript) GeneralStructureEyePatternScan.java> Scanned 20000 functions. Exported so far: 0  
2026-07-24 17:28:19 INFO  (GhidraScript) GeneralStructureEyePatternScan.java> Scanned 30000 functions. Exported so far: 0  
2026-07-24 17:28:35 INFO  (GhidraScript) GeneralStructureEyePatternScan.java> Scanned 40000 functions. Exported so far: 0  
2026-07-24 17:28:53 INFO  (GhidraScript) GeneralStructureEyePatternScan.java> Scanned 50000 functions. Exported so far: 0  
2026-07-24 17:29:04 INFO  (GhidraScript) GeneralStructureEyePatternScan.java> Scanned 60000 functions. Exported so far: 0  
2026-07-24 17:29:25 INFO  (GhidraScript) GeneralStructureEyePatternScan.java> Scanned 70000 functions. Exported so far: 0  
2026-07-24 17:29:43 INFO  (GhidraScript) GeneralStructureEyePatternScan.java> Scanned 80000 functions. Exported so far: 0  
2026-07-24 17:30:00 INFO  (GhidraScript) GeneralStructureEyePatternScan.java> Scanned 90000 functions. Exported so far: 0  
2026-07-24 17:30:16 INFO  (GhidraScript) GeneralStructureEyePatternScan.java> Scanned 100000 functions. Exported so far: 0  
2026-07-24 17:30:32 INFO  (GhidraScript) GeneralStructureEyePatternScan.java> Scanned 110000 functions. Exported so far: 0  
2026-07-24 17:30:51 INFO  (GhidraScript) GeneralStructureEyePatternScan.java> Scanned 120000 functions. Exported so far: 0  
2026-07-24 17:31:09 INFO  (GhidraScript) GeneralStructureEyePatternScan.java> Scanned 130000 functions. Exported so far: 0  
2026-07-24 17:31:29 INFO  (GhidraScript) GeneralStructureEyePatternScan.java> Scanned 140000 functions. Exported so far: 0  
2026-07-24 17:31:44 INFO  (GhidraScript) GeneralStructureEyePatternScan.java> Scanned 150000 functions. Exported so far: 0  
2026-07-24 17:34:52 INFO  (GhidraScript) GeneralStructureEyePatternScan.java> Scanned 160000 functions. Exported so far: 7  
2026-07-24 17:37:33 INFO  (GhidraScript) GeneralStructureEyePatternScan.java> Scanned 170000 functions. Exported so far: 7  
2026-07-24 18:05:15 INFO  (GhidraScript) GeneralStructureEyePatternScan.java> Scanned 180000 functions. Exported so far: 14  
2026-07-24 18:09:50 INFO  (GhidraScript) GeneralStructureEyePatternScan.java> Scanned 190000 functions. Exported so far: 15  
2026-07-24 18:12:48 INFO  (GhidraScript) GeneralStructureEyePatternScan.java> Scanned 200000 functions. Exported so far: 16  
2026-07-25 15:32:48 INFO  (GhidraScript) GeneralStructureEyePatternScan.java> Scanned 220000 functions. Exported so far: 25  
2026-07-25 15:33:32 INFO  (GhidraScript) GeneralStructureEyePatternScan.java> Scanned 230000 functions. Exported so far: 34  
2026-07-25 15:34:36 INFO  (GhidraScript) GeneralStructureEyePatternScan.java> Scanned 240000 functions. Exported so far: 41  
2026-07-25 15:36:22 INFO  (GhidraScript) GeneralStructureEyePatternScan.java> Scanned 250000 functions. Exported so far: 57  
2026-07-25 15:38:05 INFO  (GhidraScript) GeneralStructureEyePatternScan.java> Scanned 260000 functions. Exported so far: 136  
2026-07-25 15:39:20 INFO  (GhidraScript) GeneralStructureEyePatternScan.java> Scanned 270000 functions. Exported so far: 149  
2026-07-25 15:40:23 INFO  (GhidraScript) GeneralStructureEyePatternScan.java> Scanned 280000 functions. Exported so far: 149  
2026-07-25 15:42:54 INFO  (GhidraScript) GeneralStructureEyePatternScan.java> Scanned 290000 functions. Exported so far: 158  
2026-07-25 15:44:05 INFO  (GhidraScript) GeneralStructureEyePatternScan.java> Scanned 300000 functions. Exported so far: 159  
2026-07-25 15:45:42 INFO  (GhidraScript) GeneralStructureEyePatternScan.java> Scanned 310000 functions. Exported so far: 159  
2026-07-25 15:46:40 INFO  (GhidraScript) GeneralStructureEyePatternScan.java> Scanned 320000 functions. Exported so far: 211  
2026-07-25 15:47:12 INFO  (GhidraScript) GeneralStructureEyePatternScan.java> Scanned 330000 functions. Exported so far: 211  
2026-07-25 15:47:59 INFO  (GhidraScript) GeneralStructureEyePatternScan.java> Scanned 340000 functions. Exported so far: 211  
2026-07-25 15:48:56 INFO  (GhidraScript) GeneralStructureEyePatternScan.java> Scanned 350000 functions. Exported so far: 211  
2026-07-25 15:49:52 INFO  (GhidraScript) GeneralStructureEyePatternScan.java> Scanned 360000 functions. Exported so far: 211  
2026-07-25 15:50:53 INFO  (GhidraScript) GeneralStructureEyePatternScan.java> Scanned 370000 functions. Exported so far: 212  
2026-07-25 15:51:56 INFO  (GhidraScript) GeneralStructureEyePatternScan.java> Scanned 380000 functions. Exported so far: 218  
2026-07-25 15:53:00 INFO  (GhidraScript) GeneralStructureEyePatternScan.java> Scanned 390000 functions. Exported so far: 397  
2026-07-25 15:53:52 INFO  (GhidraScript) GeneralStructureEyePatternScan.java> Scanned 400000 functions. Exported so far: 397  
2026-07-25 15:54:49 INFO  (GhidraScript) GeneralStructureEyePatternScan.java> Scanned 410000 functions. Exported so far: 398  
2026-07-25 15:55:57 INFO  (GhidraScript) GeneralStructureEyePatternScan.java> Scanned 420000 functions. Exported so far: 409  
2026-07-25 15:57:07 INFO  (GhidraScript) GeneralStructureEyePatternScan.java> Scanned 430000 functions. Exported so far: 431  
2026-07-25 15:58:17 INFO  (GhidraScript) GeneralStructureEyePatternScan.java> Scanned 440000 functions. Exported so far: 431  
2026-07-25 15:59:06 INFO  (GhidraScript) GeneralStructureEyePatternScan.java> Scanned 450000 functions. Exported so far: 431  
2026-07-25 16:00:04 INFO  (GhidraScript) GeneralStructureEyePatternScan.java> Scanned 460000 functions. Exported so far: 445  
2026-07-25 16:00:55 INFO  (GhidraScript) GeneralStructureEyePatternScan.java> Scanned 470000 functions. Exported so far: 453  
2026-07-25 16:01:43 INFO  (GhidraScript) GeneralStructureEyePatternScan.java> Scanned 480000 functions. Exported so far: 461  
2026-07-25 16:04:02 INFO  (GhidraScript) GeneralStructureEyePatternScan.java> Scanned 490000 functions. Exported so far: 471  
2026-07-25 16:05:26 INFO  (GhidraScript) GeneralStructureEyePatternScan.java> Scanned 500000 functions. Exported so far: 478  
2026-07-25 16:07:48 INFO  (GhidraScript) GeneralStructureEyePatternScan.java> Scanned 510000 functions. Exported so far: 498  
2026-07-25 16:09:38 INFO  (GhidraScript) GeneralStructureEyePatternScan.java> Scanned 520000 functions. Exported so far: 499  
2026-07-25 16:11:18 INFO  (GhidraScript) GeneralStructureEyePatternScan.java> Scanned 530000 functions. Exported so far: 499  
2026-07-25 16:12:40 INFO  (GhidraScript) GeneralStructureEyePatternScan.java> Scanned 540000 functions. Exported so far: 499  
2026-07-25 16:14:04 INFO  (GhidraScript) GeneralStructureEyePatternScan.java> Scanned 550000 functions. Exported so far: 510  
2026-07-25 16:15:33 INFO  (GhidraScript) GeneralStructureEyePatternScan.java> Scanned 560000 functions. Exported so far: 514  
2026-07-25 16:16:56 INFO  (GhidraScript) GeneralStructureEyePatternScan.java> Scanned 570000 functions. Exported so far: 609  
2026-07-25 16:17:16 INFO  (GhidraScript) GeneralStructureEyePatternScan.java> Scanned 580000 functions. Exported so far: 635  
2026-07-25 16:17:52 INFO  (GhidraScript) GeneralStructureEyePatternScan.java> Scanned 590000 functions. Exported so far: 635  
2026-07-25 16:18:27 INFO  (GhidraScript) GeneralStructureEyePatternScan.java> Scanned 600000 functions. Exported so far: 667  
2026-07-25 16:19:58 INFO  (GhidraScript) GeneralStructureEyePatternScan.java> Scanned 610000 functions. Exported so far: 861  
2026-07-25 16:24:30 INFO  (GhidraScript) GeneralStructureEyePatternScan.java> Scanned 620000 functions. Exported so far: 861  
2026-07-25 17:18:35 INFO  (GhidraScript) GeneralStructureEyePatternScan.java> Scanned 630000 functions. Exported so far: 884  
2026-07-25 17:20:23 INFO  (GhidraScript) GeneralStructureEyePatternScan.java> Scanned 640000 functions. Exported so far: 961  
2026-07-25 17:22:29 INFO  (GhidraScript) GeneralStructureEyePatternScan.java> Scanned 650000 functions. Exported so far: 971  
2026-07-25 17:23:58 INFO  (GhidraScript) GeneralStructureEyePatternScan.java> Scanned 660000 functions. Exported so far: 1533  
2026-07-25 17:27:04 INFO  (GhidraScript) GeneralStructureEyePatternScan.java> Scanned 670000 functions. Exported so far: 1579  
2026-07-25 17:32:10 INFO  (GhidraScript) GeneralStructureEyePatternScan.java> Scanned 680000 functions. Exported so far: 1595  
2026-07-25 17:34:52 INFO  (GhidraScript) GeneralStructureEyePatternScan.java> Scanned 690000 functions. Exported so far: 1595  
2026-07-25 17:37:54 INFO  (GhidraScript) GeneralStructureEyePatternScan.java> Scanned 700000 functions. Exported so far: 1595  
2026-07-25 17:48:16 INFO  (GhidraScript) GeneralStructureEyePatternScan.java> Scanned 710000 functions. Exported so far: 1595  
2026-07-25 18:05:10 INFO  (GhidraScript) GeneralStructureEyePatternScan.java> Scanned 720000 functions. Exported so far: 1602  
2026-07-25 18:07:01 INFO  (GhidraScript) GeneralStructureEyePatternScan.java> Scanned 730000 functions. Exported so far: 1625  
2026-07-25 18:10:04 INFO  (GhidraScript) GeneralStructureEyePatternScan.java> Scanned 740000 functions. Exported so far: 1632  
2026-07-25 18:14:44 INFO  (GhidraScript) GeneralStructureEyePatternScan.java> Scanned 750000 functions. Exported so far: 1632  
2026-07-25 19:13:51 INFO  (GhidraScript) GeneralStructureEyePatternScan.java> Scanned 760000 functions. Exported so far: 1633  
2026-07-25 19:37:30 INFO  (GhidraScript) GeneralStructureEyePatternScan.java> Scanned 770000 functions. Exported so far: 1664  
2026-07-25 19:38:46 INFO  (GhidraScript) GeneralStructureEyePatternScan.java> Scanned 780000 functions. Exported so far: 1711  
2026-07-25 19:40:25 INFO  (GhidraScript) GeneralStructureEyePatternScan.java> Scanned 790000 functions. Exported so far: 1763  
2026-07-25 19:53:28 INFO  (GhidraScript) GeneralStructureEyePatternScan.java> Scanned 800000 functions. Exported so far: 1796  
2026-07-25 19:54:24 INFO  (GhidraScript) GeneralStructureEyePatternScan.java> Scanned 810000 functions. Exported so far: 1805  
2026-07-25 20:27:08 INFO  (GhidraScript) GeneralStructureEyePatternScan.java> Scanned 820000 functions. Exported so far: 1824  
2026-07-25 20:31:48 INFO  (GhidraScript) GeneralStructureEyePatternScan.java> Scanned 830000 functions. Exported so far: 1884  
2026-07-25 20:32:21 WARN  (DecompileCallback) Decompiling 07c74000, pcode error at 07c74000: Unable to disassemble EXTERNAL block location: 07c74000  
2026-07-25 20:32:21 WARN  (DecompileCallback) Decompiling 07c74008, pcode error at 07c74008: Unable to disassemble EXTERNAL block location: 07c74008  
2026-07-25 20:32:21 WARN  (DecompileCallback) Decompiling 07c74010, pcode error at 07c74010: Unable to disassemble EXTERNAL block location: 07c74010  
2026-07-25 20:32:21 WARN  (DecompileCallback) Decompiling 07c74018, pcode error at 07c74018: Unable to disassemble EXTERNAL block location: 07c74018  
2026-07-25 20:32:21 WARN  (DecompileCallback) Decompiling 07c74020, pcode error at 07c74020: Unable to disassemble EXTERNAL block location: 07c74020  
2026-07-25 20:32:21 WARN  (DecompileCallback) Decompiling 07c74028, pcode error at 07c74028: Unable to disassemble EXTERNAL block location: 07c74028  
2026-07-25 20:32:21 WARN  (DecompileCallback) Decompiling 07c74030, pcode error at 07c74030: Unable to disassemble EXTERNAL block location: 07c74030  
2026-07-25 20:32:21 WARN  (DecompileCallback) Decompiling 07c74038, pcode error at 07c74038: Unable to disassemble EXTERNAL block location: 07c74038  
2026-07-25 20:32:21 WARN  (DecompileCallback) Decompiling 07c74040, pcode error at 07c74040: Unable to disassemble EXTERNAL block location: 07c74040  
2026-07-25 20:32:21 WARN  (DecompileCallback) Decompiling 07c74048, pcode error at 07c74048: Unable to disassemble EXTERNAL block location: 07c74048  
2026-07-25 20:32:21 WARN  (DecompileCallback) Decompiling 07c74050, pcode error at 07c74050: Unable to disassemble EXTERNAL block location: 07c74050  
2026-07-25 20:32:21 WARN  (DecompileCallback) Decompiling 07c74058, pcode error at 07c74058: Unable to disassemble EXTERNAL block location: 07c74058  
2026-07-25 20:32:21 WARN  (DecompileCallback) Decompiling 07c74060, pcode error at 07c74060: Unable to disassemble EXTERNAL block location: 07c74060  
2026-07-25 20:32:21 WARN  (DecompileCallback) Decompiling 07c74068, pcode error at 07c74068: Unable to disassemble EXTERNAL block location: 07c74068  
2026-07-25 20:32:21 WARN  (DecompileCallback) Decompiling 07c74070, pcode error at 07c74070: Unable to disassemble EXTERNAL block location: 07c74070  
2026-07-25 20:32:21 WARN  (DecompileCallback) Decompiling 07c74078, pcode error at 07c74078: Unable to disassemble EXTERNAL block location: 07c74078  
2026-07-25 20:32:21 WARN  (DecompileCallback) Decompiling 07c74080, pcode error at 07c74080: Unable to disassemble EXTERNAL block location: 07c74080  
2026-07-25 20:32:21 WARN  (DecompileCallback) Decompiling 07c74088, pcode error at 07c74088: Unable to disassemble EXTERNAL block location: 07c74088  
2026-07-25 20:32:21 WARN  (DecompileCallback) Decompiling 07c74090, pcode error at 07c74090: Unable to disassemble EXTERNAL block location: 07c74090  
2026-07-25 20:32:21 WARN  (DecompileCallback) Decompiling 07c74098, pcode error at 07c74098: Unable to disassemble EXTERNAL block location: 07c74098  
2026-07-25 20:32:21 WARN  (DecompileCallback) Decompiling 07c740a0, pcode error at 07c740a0: Unable to disassemble EXTERNAL block location: 07c740a0  
2026-07-25 20:32:21 WARN  (DecompileCallback) Decompiling 07c740a8, pcode error at 07c740a8: Unable to disassemble EXTERNAL block location: 07c740a8  
2026-07-25 20:32:21 WARN  (DecompileCallback) Decompiling 07c740b0, pcode error at 07c740b0: Unable to disassemble EXTERNAL block location: 07c740b0  
2026-07-25 20:32:21 WARN  (DecompileCallback) Decompiling 07c740b8, pcode error at 07c740b8: Unable to disassemble EXTERNAL block location: 07c740b8  
2026-07-25 20:32:21 WARN  (DecompileCallback) Decompiling 07c740c0, pcode error at 07c740c0: Unable to disassemble EXTERNAL block location: 07c740c0  
2026-07-25 20:32:21 WARN  (DecompileCallback) Decompiling 07c740c8, pcode error at 07c740c8: Unable to disassemble EXTERNAL block location: 07c740c8  
2026-07-25 20:32:21 WARN  (DecompileCallback) Decompiling 07c740d0, pcode error at 07c740d0: Unable to disassemble EXTERNAL block location: 07c740d0  
2026-07-25 20:32:21 WARN  (DecompileCallback) Decompiling 07c740d8, pcode error at 07c740d8: Unable to disassemble EXTERNAL block location: 07c740d8  
2026-07-25 20:32:21 WARN  (DecompileCallback) Decompiling 07c740e0, pcode error at 07c740e0: Unable to disassemble EXTERNAL block location: 07c740e0  
2026-07-25 20:32:21 WARN  (DecompileCallback) Decompiling 07c740e8, pcode error at 07c740e8: Unable to disassemble EXTERNAL block location: 07c740e8  
2026-07-25 20:32:21 WARN  (DecompileCallback) Decompiling 07c740f0, pcode error at 07c740f0: Unable to disassemble EXTERNAL block location: 07c740f0  
2026-07-25 20:32:21 WARN  (DecompileCallback) Decompiling 07c740f8, pcode error at 07c740f8: Unable to disassemble EXTERNAL block location: 07c740f8  
2026-07-25 20:32:21 WARN  (DecompileCallback) Decompiling 07c74100, pcode error at 07c74100: Unable to disassemble EXTERNAL block location: 07c74100  
2026-07-25 20:32:21 WARN  (DecompileCallback) Decompiling 07c74110, pcode error at 07c74110: Unable to disassemble EXTERNAL block location: 07c74110  
2026-07-25 20:32:21 WARN  (DecompileCallback) Decompiling 07c74118, pcode error at 07c74118: Unable to disassemble EXTERNAL block location: 07c74118  
2026-07-25 20:32:21 WARN  (DecompileCallback) Decompiling 07c74120, pcode error at 07c74120: Unable to disassemble EXTERNAL block location: 07c74120  
2026-07-25 20:32:21 WARN  (DecompileCallback) Decompiling 07c74128, pcode error at 07c74128: Unable to disassemble EXTERNAL block location: 07c74128  
2026-07-25 20:32:21 WARN  (DecompileCallback) Decompiling 07c74130, pcode error at 07c74130: Unable to disassemble EXTERNAL block location: 07c74130  
2026-07-25 20:32:21 WARN  (DecompileCallback) Decompiling 07c74138, pcode error at 07c74138: Unable to disassemble EXTERNAL block location: 07c74138  
2026-07-25 20:32:21 WARN  (DecompileCallback) Decompiling 07c74140, pcode error at 07c74140: Unable to disassemble EXTERNAL block location: 07c74140  
2026-07-25 20:32:21 WARN  (DecompileCallback) Decompiling 07c74148, pcode error at 07c74148: Unable to disassemble EXTERNAL block location: 07c74148  
2026-07-25 20:32:21 WARN  (DecompileCallback) Decompiling 07c74150, pcode error at 07c74150: Unable to disassemble EXTERNAL block location: 07c74150  
2026-07-25 20:32:21 WARN  (DecompileCallback) Decompiling 07c74158, pcode error at 07c74158: Unable to disassemble EXTERNAL block location: 07c74158  
2026-07-25 20:32:21 WARN  (DecompileCallback) Decompiling 07c74160, pcode error at 07c74160: Unable to disassemble EXTERNAL block location: 07c74160  
2026-07-25 20:32:21 WARN  (DecompileCallback) Decompiling 07c74168, pcode error at 07c74168: Unable to disassemble EXTERNAL block location: 07c74168  
2026-07-25 20:32:21 WARN  (DecompileCallback) Decompiling 07c74170, pcode error at 07c74170: Unable to disassemble EXTERNAL block location: 07c74170  
2026-07-25 20:32:21 WARN  (DecompileCallback) Decompiling 07c74178, pcode error at 07c74178: Unable to disassemble EXTERNAL block location: 07c74178  
2026-07-25 20:32:21 WARN  (DecompileCallback) Decompiling 07c74180, pcode error at 07c74180: Unable to disassemble EXTERNAL block location: 07c74180  
2026-07-25 20:32:21 WARN  (DecompileCallback) Decompiling 07c74188, pcode error at 07c74188: Unable to disassemble EXTERNAL block location: 07c74188  
2026-07-25 20:32:21 WARN  (DecompileCallback) Decompiling 07c74190, pcode error at 07c74190: Unable to disassemble EXTERNAL block location: 07c74190  
2026-07-25 20:32:21 WARN  (DecompileCallback) Decompiling 07c74198, pcode error at 07c74198: Unable to disassemble EXTERNAL block location: 07c74198  
2026-07-25 20:32:21 WARN  (DecompileCallback) Decompiling 07c741a0, pcode error at 07c741a0: Unable to disassemble EXTERNAL block location: 07c741a0  
2026-07-25 20:32:21 WARN  (DecompileCallback) Decompiling 07c741a8, pcode error at 07c741a8: Unable to disassemble EXTERNAL block location: 07c741a8  
2026-07-25 20:32:21 WARN  (DecompileCallback) Decompiling 07c741b0, pcode error at 07c741b0: Unable to disassemble EXTERNAL block location: 07c741b0  
2026-07-25 20:32:21 WARN  (DecompileCallback) Decompiling 07c741b8, pcode error at 07c741b8: Unable to disassemble EXTERNAL block location: 07c741b8  
2026-07-25 20:32:21 WARN  (DecompileCallback) Decompiling 07c741c0, pcode error at 07c741c0: Unable to disassemble EXTERNAL block location: 07c741c0  
2026-07-25 20:32:21 WARN  (DecompileCallback) Decompiling 07c741c8, pcode error at 07c741c8: Unable to disassemble EXTERNAL block location: 07c741c8  
2026-07-25 20:32:21 WARN  (DecompileCallback) Decompiling 07c741d0, pcode error at 07c741d0: Unable to disassemble EXTERNAL block location: 07c741d0  
2026-07-25 20:32:21 WARN  (DecompileCallback) Decompiling 07c741d8, pcode error at 07c741d8: Unable to disassemble EXTERNAL block location: 07c741d8  
2026-07-25 20:32:21 WARN  (DecompileCallback) Decompiling 07c741e0, pcode error at 07c741e0: Unable to disassemble EXTERNAL block location: 07c741e0  
2026-07-25 20:32:21 WARN  (DecompileCallback) Decompiling 07c741e8, pcode error at 07c741e8: Unable to disassemble EXTERNAL block location: 07c741e8  
2026-07-25 20:32:21 WARN  (DecompileCallback) Decompiling 07c741f0, pcode error at 07c741f0: Unable to disassemble EXTERNAL block location: 07c741f0  
2026-07-25 20:32:21 WARN  (DecompileCallback) Decompiling 07c741f8, pcode error at 07c741f8: Unable to disassemble EXTERNAL block location: 07c741f8  
2026-07-25 20:32:21 WARN  (DecompileCallback) Decompiling 07c74200, pcode error at 07c74200: Unable to disassemble EXTERNAL block location: 07c74200  
2026-07-25 20:32:21 WARN  (DecompileCallback) Decompiling 07c74208, pcode error at 07c74208: Unable to disassemble EXTERNAL block location: 07c74208  
2026-07-25 20:32:21 WARN  (DecompileCallback) Decompiling 07c74210, pcode error at 07c74210: Unable to disassemble EXTERNAL block location: 07c74210  
2026-07-25 20:32:21 WARN  (DecompileCallback) Decompiling 07c74218, pcode error at 07c74218: Unable to disassemble EXTERNAL block location: 07c74218  
2026-07-25 20:32:21 WARN  (DecompileCallback) Decompiling 07c74220, pcode error at 07c74220: Unable to disassemble EXTERNAL block location: 07c74220  
2026-07-25 20:32:21 WARN  (DecompileCallback) Decompiling 07c74228, pcode error at 07c74228: Unable to disassemble EXTERNAL block location: 07c74228  
2026-07-25 20:32:21 WARN  (DecompileCallback) Decompiling 07c74230, pcode error at 07c74230: Unable to disassemble EXTERNAL block location: 07c74230  
2026-07-25 20:32:21 WARN  (DecompileCallback) Decompiling 07c74238, pcode error at 07c74238: Unable to disassemble EXTERNAL block location: 07c74238  
2026-07-25 20:32:21 WARN  (DecompileCallback) Decompiling 07c74240, pcode error at 07c74240: Unable to disassemble EXTERNAL block location: 07c74240  
2026-07-25 20:32:21 WARN  (DecompileCallback) Decompiling 07c74248, pcode error at 07c74248: Unable to disassemble EXTERNAL block location: 07c74248  
2026-07-25 20:32:21 WARN  (DecompileCallback) Decompiling 07c74250, pcode error at 07c74250: Unable to disassemble EXTERNAL block location: 07c74250  
2026-07-25 20:32:21 WARN  (DecompileCallback) Decompiling 07c74258, pcode error at 07c74258: Unable to disassemble EXTERNAL block location: 07c74258  
2026-07-25 20:32:21 WARN  (DecompileCallback) Decompiling 07c74260, pcode error at 07c74260: Unable to disassemble EXTERNAL block location: 07c74260  
2026-07-25 20:32:21 WARN  (DecompileCallback) Decompiling 07c74268, pcode error at 07c74268: Unable to disassemble EXTERNAL block location: 07c74268  
2026-07-25 20:32:21 WARN  (DecompileCallback) Decompiling 07c74270, pcode error at 07c74270: Unable to disassemble EXTERNAL block location: 07c74270  
2026-07-25 20:32:21 WARN  (DecompileCallback) Decompiling 07c74278, pcode error at 07c74278: Unable to disassemble EXTERNAL block location: 07c74278  
2026-07-25 20:32:21 WARN  (DecompileCallback) Decompiling 07c74280, pcode error at 07c74280: Unable to disassemble EXTERNAL block location: 07c74280  
2026-07-25 20:32:21 WARN  (DecompileCallback) Decompiling 07c74288, pcode error at 07c74288: Unable to disassemble EXTERNAL block location: 07c74288  
2026-07-25 20:32:21 WARN  (DecompileCallback) Decompiling 07c74290, pcode error at 07c74290: Unable to disassemble EXTERNAL block location: 07c74290  
2026-07-25 20:32:21 WARN  (DecompileCallback) Decompiling 07c74298, pcode error at 07c74298: Unable to disassemble EXTERNAL block location: 07c74298  
2026-07-25 20:32:21 WARN  (DecompileCallback) Decompiling 07c742a0, pcode error at 07c742a0: Unable to disassemble EXTERNAL block location: 07c742a0  
2026-07-25 20:32:21 WARN  (DecompileCallback) Decompiling 07c742a8, pcode error at 07c742a8: Unable to disassemble EXTERNAL block location: 07c742a8  
2026-07-25 20:32:21 WARN  (DecompileCallback) Decompiling 07c742b0, pcode error at 07c742b0: Unable to disassemble EXTERNAL block location: 07c742b0  
2026-07-25 20:32:21 WARN  (DecompileCallback) Decompiling 07c742b8, pcode error at 07c742b8: Unable to disassemble EXTERNAL block location: 07c742b8  
2026-07-25 20:32:21 WARN  (DecompileCallback) Decompiling 07c742c0, pcode error at 07c742c0: Unable to disassemble EXTERNAL block location: 07c742c0  
2026-07-25 20:32:21 WARN  (DecompileCallback) Decompiling 07c742c8, pcode error at 07c742c8: Unable to disassemble EXTERNAL block location: 07c742c8  
2026-07-25 20:32:21 WARN  (DecompileCallback) Decompiling 07c742d0, pcode error at 07c742d0: Unable to disassemble EXTERNAL block location: 07c742d0  
2026-07-25 20:32:21 WARN  (DecompileCallback) Decompiling 07c742d8, pcode error at 07c742d8: Unable to disassemble EXTERNAL block location: 07c742d8  
2026-07-25 20:32:21 WARN  (DecompileCallback) Decompiling 07c742e0, pcode error at 07c742e0: Unable to disassemble EXTERNAL block location: 07c742e0  
2026-07-25 20:32:21 WARN  (DecompileCallback) Decompiling 07c742e8, pcode error at 07c742e8: Unable to disassemble EXTERNAL block location: 07c742e8  
2026-07-25 20:32:21 WARN  (DecompileCallback) Decompiling 07c742f0, pcode error at 07c742f0: Unable to disassemble EXTERNAL block location: 07c742f0  
2026-07-25 20:32:21 WARN  (DecompileCallback) Decompiling 07c742f8, pcode error at 07c742f8: Unable to disassemble EXTERNAL block location: 07c742f8  
2026-07-25 20:32:21 WARN  (DecompileCallback) Decompiling 07c74300, pcode error at 07c74300: Unable to disassemble EXTERNAL block location: 07c74300  
2026-07-25 20:32:21 WARN  (DecompileCallback) Decompiling 07c74308, pcode error at 07c74308: Unable to disassemble EXTERNAL block location: 07c74308  
2026-07-25 20:32:21 WARN  (DecompileCallback) Decompiling 07c74310, pcode error at 07c74310: Unable to disassemble EXTERNAL block location: 07c74310  
2026-07-25 20:32:21 WARN  (DecompileCallback) Decompiling 07c74318, pcode error at 07c74318: Unable to disassemble EXTERNAL block location: 07c74318  
2026-07-25 20:32:21 WARN  (DecompileCallback) Decompiling 07c74320, pcode error at 07c74320: Unable to disassemble EXTERNAL block location: 07c74320  
2026-07-25 20:32:21 WARN  (DecompileCallback) Decompiling 07c74328, pcode error at 07c74328: Unable to disassemble EXTERNAL block location: 07c74328  
2026-07-25 20:32:21 WARN  (DecompileCallback) Decompiling 07c74330, pcode error at 07c74330: Unable to disassemble EXTERNAL block location: 07c74330  
2026-07-25 20:32:21 WARN  (DecompileCallback) Decompiling 07c74338, pcode error at 07c74338: Unable to disassemble EXTERNAL block location: 07c74338  
2026-07-25 20:32:21 WARN  (DecompileCallback) Decompiling 07c74340, pcode error at 07c74340: Unable to disassemble EXTERNAL block location: 07c74340  
2026-07-25 20:32:21 WARN  (DecompileCallback) Decompiling 07c74348, pcode error at 07c74348: Unable to disassemble EXTERNAL block location: 07c74348  
2026-07-25 20:32:21 WARN  (DecompileCallback) Decompiling 07c74350, pcode error at 07c74350: Unable to disassemble EXTERNAL block location: 07c74350  
2026-07-25 20:32:21 WARN  (DecompileCallback) Decompiling 07c74358, pcode error at 07c74358: Unable to disassemble EXTERNAL block location: 07c74358  
2026-07-25 20:32:21 WARN  (DecompileCallback) Decompiling 07c74360, pcode error at 07c74360: Unable to disassemble EXTERNAL block location: 07c74360  
2026-07-25 20:32:21 WARN  (DecompileCallback) Decompiling 07c74368, pcode error at 07c74368: Unable to disassemble EXTERNAL block location: 07c74368  
2026-07-25 20:32:21 WARN  (DecompileCallback) Decompiling 07c74370, pcode error at 07c74370: Unable to disassemble EXTERNAL block location: 07c74370  
2026-07-25 20:32:21 WARN  (DecompileCallback) Decompiling 07c74378, pcode error at 07c74378: Unable to disassemble EXTERNAL block location: 07c74378  
2026-07-25 20:32:21 WARN  (DecompileCallback) Decompiling 07c74380, pcode error at 07c74380: Unable to disassemble EXTERNAL block location: 07c74380  
2026-07-25 20:32:21 WARN  (DecompileCallback) Decompiling 07c74388, pcode error at 07c74388: Unable to disassemble EXTERNAL block location: 07c74388  
2026-07-25 20:32:21 WARN  (DecompileCallback) Decompiling 07c74390, pcode error at 07c74390: Unable to disassemble EXTERNAL block location: 07c74390  
2026-07-25 20:32:21 WARN  (DecompileCallback) Decompiling 07c74398, pcode error at 07c74398: Unable to disassemble EXTERNAL block location: 07c74398  
2026-07-25 20:32:21 WARN  (DecompileCallback) Decompiling 07c743a0, pcode error at 07c743a0: Unable to disassemble EXTERNAL block location: 07c743a0  
2026-07-25 20:32:21 WARN  (DecompileCallback) Decompiling 07c743a8, pcode error at 07c743a8: Unable to disassemble EXTERNAL block location: 07c743a8  
2026-07-25 20:32:21 WARN  (DecompileCallback) Decompiling 07c743b0, pcode error at 07c743b0: Unable to disassemble EXTERNAL block location: 07c743b0  
2026-07-25 20:32:21 WARN  (DecompileCallback) Decompiling 07c743b8, pcode error at 07c743b8: Unable to disassemble EXTERNAL block location: 07c743b8  
2026-07-25 20:32:21 WARN  (DecompileCallback) Decompiling 07c743c0, pcode error at 07c743c0: Unable to disassemble EXTERNAL block location: 07c743c0  
2026-07-25 20:32:21 WARN  (DecompileCallback) Decompiling 07c743c8, pcode error at 07c743c8: Unable to disassemble EXTERNAL block location: 07c743c8  
2026-07-25 20:32:21 WARN  (DecompileCallback) Decompiling 07c743d0, pcode error at 07c743d0: Unable to disassemble EXTERNAL block location: 07c743d0  
2026-07-25 20:32:21 WARN  (DecompileCallback) Decompiling 07c743d8, pcode error at 07c743d8: Unable to disassemble EXTERNAL block location: 07c743d8  
2026-07-25 20:32:21 WARN  (DecompileCallback) Decompiling 07c743e0, pcode error at 07c743e0: Unable to disassemble EXTERNAL block location: 07c743e0  
2026-07-25 20:32:21 WARN  (DecompileCallback) Decompiling 07c743e8, pcode error at 07c743e8: Unable to disassemble EXTERNAL block location: 07c743e8  
2026-07-25 20:32:21 WARN  (DecompileCallback) Decompiling 07c743f0, pcode error at 07c743f0: Unable to disassemble EXTERNAL block location: 07c743f0  
2026-07-25 20:32:21 WARN  (DecompileCallback) Decompiling 07c743f8, pcode error at 07c743f8: Unable to disassemble EXTERNAL block location: 07c743f8  
2026-07-25 20:32:21 WARN  (DecompileCallback) Decompiling 07c74400, pcode error at 07c74400: Unable to disassemble EXTERNAL block location: 07c74400  
2026-07-25 20:32:21 WARN  (DecompileCallback) Decompiling 07c74408, pcode error at 07c74408: Unable to disassemble EXTERNAL block location: 07c74408  
2026-07-25 20:32:21 WARN  (DecompileCallback) Decompiling 07c74410, pcode error at 07c74410: Unable to disassemble EXTERNAL block location: 07c74410  
2026-07-25 20:32:21 WARN  (DecompileCallback) Decompiling 07c74418, pcode error at 07c74418: Unable to disassemble EXTERNAL block location: 07c74418  
2026-07-25 20:32:21 WARN  (DecompileCallback) Decompiling 07c74420, pcode error at 07c74420: Unable to disassemble EXTERNAL block location: 07c74420  
2026-07-25 20:32:21 WARN  (DecompileCallback) Decompiling 07c74428, pcode error at 07c74428: Unable to disassemble EXTERNAL block location: 07c74428  
2026-07-25 20:32:21 WARN  (DecompileCallback) Decompiling 07c74430, pcode error at 07c74430: Unable to disassemble EXTERNAL block location: 07c74430  
2026-07-25 20:32:21 WARN  (DecompileCallback) Decompiling 07c74438, pcode error at 07c74438: Unable to disassemble EXTERNAL block location: 07c74438  
2026-07-25 20:32:21 WARN  (DecompileCallback) Decompiling 07c74440, pcode error at 07c74440: Unable to disassemble EXTERNAL block location: 07c74440  
2026-07-25 20:32:21 WARN  (DecompileCallback) Decompiling 07c74448, pcode error at 07c74448: Unable to disassemble EXTERNAL block location: 07c74448  
2026-07-25 20:32:21 WARN  (DecompileCallback) Decompiling 07c74450, pcode error at 07c74450: Unable to disassemble EXTERNAL block location: 07c74450  
2026-07-25 20:32:21 WARN  (DecompileCallback) Decompiling 07c74458, pcode error at 07c74458: Unable to disassemble EXTERNAL block location: 07c74458  
2026-07-25 20:32:21 WARN  (DecompileCallback) Decompiling 07c74460, pcode error at 07c74460: Unable to disassemble EXTERNAL block location: 07c74460  
2026-07-25 20:32:21 WARN  (DecompileCallback) Decompiling 07c74468, pcode error at 07c74468: Unable to disassemble EXTERNAL block location: 07c74468  
2026-07-25 20:32:21 WARN  (DecompileCallback) Decompiling 07c74470, pcode error at 07c74470: Unable to disassemble EXTERNAL block location: 07c74470  
2026-07-25 20:32:21 WARN  (DecompileCallback) Decompiling 07c74478, pcode error at 07c74478: Unable to disassemble EXTERNAL block location: 07c74478  
2026-07-25 20:32:21 WARN  (DecompileCallback) Decompiling 07c74480, pcode error at 07c74480: Unable to disassemble EXTERNAL block location: 07c74480  
2026-07-25 20:32:21 WARN  (DecompileCallback) Decompiling 07c74488, pcode error at 07c74488: Unable to disassemble EXTERNAL block location: 07c74488  
2026-07-25 20:32:21 WARN  (DecompileCallback) Decompiling 07c74490, pcode error at 07c74490: Unable to disassemble EXTERNAL block location: 07c74490  
2026-07-25 20:32:21 WARN  (DecompileCallback) Decompiling 07c74498, pcode error at 07c74498: Unable to disassemble EXTERNAL block location: 07c74498  
2026-07-25 20:32:21 WARN  (DecompileCallback) Decompiling 07c744a0, pcode error at 07c744a0: Unable to disassemble EXTERNAL block location: 07c744a0  
2026-07-25 20:32:21 WARN  (DecompileCallback) Decompiling 07c744a8, pcode error at 07c744a8: Unable to disassemble EXTERNAL block location: 07c744a8  
2026-07-25 20:32:21 WARN  (DecompileCallback) Decompiling 07c744b0, pcode error at 07c744b0: Unable to disassemble EXTERNAL block location: 07c744b0  
2026-07-25 20:32:21 WARN  (DecompileCallback) Decompiling 07c744b8, pcode error at 07c744b8: Unable to disassemble EXTERNAL block location: 07c744b8  
2026-07-25 20:32:21 WARN  (DecompileCallback) Decompiling 07c744c0, pcode error at 07c744c0: Unable to disassemble EXTERNAL block location: 07c744c0  
2026-07-25 20:32:21 WARN  (DecompileCallback) Decompiling 07c744c8, pcode error at 07c744c8: Unable to disassemble EXTERNAL block location: 07c744c8  
2026-07-25 20:32:21 WARN  (DecompileCallback) Decompiling 07c744d0, pcode error at 07c744d0: Unable to disassemble EXTERNAL block location: 07c744d0  
2026-07-25 20:32:21 WARN  (DecompileCallback) Decompiling 07c744d8, pcode error at 07c744d8: Unable to disassemble EXTERNAL block location: 07c744d8  
2026-07-25 20:32:21 WARN  (DecompileCallback) Decompiling 07c744e0, pcode error at 07c744e0: Unable to disassemble EXTERNAL block location: 07c744e0  
2026-07-25 20:32:21 WARN  (DecompileCallback) Decompiling 07c744e8, pcode error at 07c744e8: Unable to disassemble EXTERNAL block location: 07c744e8  
2026-07-25 20:32:21 WARN  (DecompileCallback) Decompiling 07c744f0, pcode error at 07c744f0: Unable to disassemble EXTERNAL block location: 07c744f0  
2026-07-25 20:32:21 WARN  (DecompileCallback) Decompiling 07c744f8, pcode error at 07c744f8: Unable to disassemble EXTERNAL block location: 07c744f8  
2026-07-25 20:32:21 WARN  (DecompileCallback) Decompiling 07c74500, pcode error at 07c74500: Unable to disassemble EXTERNAL block location: 07c74500  
2026-07-25 20:32:21 WARN  (DecompileCallback) Decompiling 07c74508, pcode error at 07c74508: Unable to disassemble EXTERNAL block location: 07c74508  
2026-07-25 20:32:21 WARN  (DecompileCallback) Decompiling 07c74510, pcode error at 07c74510: Unable to disassemble EXTERNAL block location: 07c74510  
2026-07-25 20:32:21 WARN  (DecompileCallback) Decompiling 07c74518, pcode error at 07c74518: Unable to disassemble EXTERNAL block location: 07c74518  
2026-07-25 20:32:21 WARN  (DecompileCallback) Decompiling 07c74528, pcode error at 07c74528: Unable to disassemble EXTERNAL block location: 07c74528  
2026-07-25 20:32:21 WARN  (DecompileCallback) Decompiling 07c74530, pcode error at 07c74530: Unable to disassemble EXTERNAL block location: 07c74530  
2026-07-25 20:32:21 WARN  (DecompileCallback) Decompiling 07c74538, pcode error at 07c74538: Unable to disassemble EXTERNAL block location: 07c74538  
2026-07-25 20:32:21 WARN  (DecompileCallback) Decompiling 07c74540, pcode error at 07c74540: Unable to disassemble EXTERNAL block location: 07c74540  
2026-07-25 20:32:21 WARN  (DecompileCallback) Decompiling 07c74548, pcode error at 07c74548: Unable to disassemble EXTERNAL block location: 07c74548  
2026-07-25 20:32:21 WARN  (DecompileCallback) Decompiling 07c74550, pcode error at 07c74550: Unable to disassemble EXTERNAL block location: 07c74550  
2026-07-25 20:32:21 WARN  (DecompileCallback) Decompiling 07c74558, pcode error at 07c74558: Unable to disassemble EXTERNAL block location: 07c74558  
2026-07-25 20:32:21 WARN  (DecompileCallback) Decompiling 07c74560, pcode error at 07c74560: Unable to disassemble EXTERNAL block location: 07c74560  
2026-07-25 20:32:21 WARN  (DecompileCallback) Decompiling 07c74568, pcode error at 07c74568: Unable to disassemble EXTERNAL block location: 07c74568  
2026-07-25 20:32:21 WARN  (DecompileCallback) Decompiling 07c74570, pcode error at 07c74570: Unable to disassemble EXTERNAL block location: 07c74570  
2026-07-25 20:32:21 WARN  (DecompileCallback) Decompiling 07c74578, pcode error at 07c74578: Unable to disassemble EXTERNAL block location: 07c74578  
2026-07-25 20:32:21 WARN  (DecompileCallback) Decompiling 07c74580, pcode error at 07c74580: Unable to disassemble EXTERNAL block location: 07c74580  
2026-07-25 20:32:21 WARN  (DecompileCallback) Decompiling 07c74588, pcode error at 07c74588: Unable to disassemble EXTERNAL block location: 07c74588  
2026-07-25 20:32:21 WARN  (DecompileCallback) Decompiling 07c74590, pcode error at 07c74590: Unable to disassemble EXTERNAL block location: 07c74590  
2026-07-25 20:32:21 WARN  (DecompileCallback) Decompiling 07c74598, pcode error at 07c74598: Unable to disassemble EXTERNAL block location: 07c74598  
2026-07-25 20:32:21 WARN  (DecompileCallback) Decompiling 07c745a0, pcode error at 07c745a0: Unable to disassemble EXTERNAL block location: 07c745a0  
2026-07-25 20:32:21 WARN  (DecompileCallback) Decompiling 07c745a8, pcode error at 07c745a8: Unable to disassemble EXTERNAL block location: 07c745a8  
2026-07-25 20:32:21 WARN  (DecompileCallback) Decompiling 07c745b0, pcode error at 07c745b0: Unable to disassemble EXTERNAL block location: 07c745b0  
2026-07-25 20:32:21 WARN  (DecompileCallback) Decompiling 07c745b8, pcode error at 07c745b8: Unable to disassemble EXTERNAL block location: 07c745b8  
2026-07-25 20:32:21 WARN  (DecompileCallback) Decompiling 07c745c0, pcode error at 07c745c0: Unable to disassemble EXTERNAL block location: 07c745c0  
2026-07-25 20:32:21 WARN  (DecompileCallback) Decompiling 07c745c8, pcode error at 07c745c8: Unable to disassemble EXTERNAL block location: 07c745c8  
2026-07-25 20:32:21 WARN  (DecompileCallback) Decompiling 07c745d0, pcode error at 07c745d0: Unable to disassemble EXTERNAL block location: 07c745d0  
2026-07-25 20:32:21 WARN  (DecompileCallback) Decompiling 07c745d8, pcode error at 07c745d8: Unable to disassemble EXTERNAL block location: 07c745d8  
2026-07-25 20:32:21 WARN  (DecompileCallback) Decompiling 07c745e0, pcode error at 07c745e0: Unable to disassemble EXTERNAL block location: 07c745e0  
2026-07-25 20:32:21 WARN  (DecompileCallback) Decompiling 07c745e8, pcode error at 07c745e8: Unable to disassemble EXTERNAL block location: 07c745e8  
2026-07-25 20:32:21 WARN  (DecompileCallback) Decompiling 07c745f0, pcode error at 07c745f0: Unable to disassemble EXTERNAL block location: 07c745f0  
2026-07-25 20:32:21 WARN  (DecompileCallback) Decompiling 07c745f8, pcode error at 07c745f8: Unable to disassemble EXTERNAL block location: 07c745f8  
2026-07-25 20:32:21 WARN  (DecompileCallback) Decompiling 07c74600, pcode error at 07c74600: Unable to disassemble EXTERNAL block location: 07c74600  
2026-07-25 20:32:21 WARN  (DecompileCallback) Decompiling 07c74608, pcode error at 07c74608: Unable to disassemble EXTERNAL block location: 07c74608  
2026-07-25 20:32:21 WARN  (DecompileCallback) Decompiling 07c74610, pcode error at 07c74610: Unable to disassemble EXTERNAL block location: 07c74610  
2026-07-25 20:32:21 WARN  (DecompileCallback) Decompiling 07c74618, pcode error at 07c74618: Unable to disassemble EXTERNAL block location: 07c74618  
2026-07-25 20:32:21 WARN  (DecompileCallback) Decompiling 07c74620, pcode error at 07c74620: Unable to disassemble EXTERNAL block location: 07c74620  
2026-07-25 20:32:21 WARN  (DecompileCallback) Decompiling 07c74628, pcode error at 07c74628: Unable to disassemble EXTERNAL block location: 07c74628  
2026-07-25 20:32:21 WARN  (DecompileCallback) Decompiling 07c74630, pcode error at 07c74630: Unable to disassemble EXTERNAL block location: 07c74630  
2026-07-25 20:32:21 WARN  (DecompileCallback) Decompiling 07c74638, pcode error at 07c74638: Unable to disassemble EXTERNAL block location: 07c74638  
2026-07-25 20:32:21 WARN  (DecompileCallback) Decompiling 07c74640, pcode error at 07c74640: Unable to disassemble EXTERNAL block location: 07c74640  
2026-07-25 20:32:21 WARN  (DecompileCallback) Decompiling 07c74648, pcode error at 07c74648: Unable to disassemble EXTERNAL block location: 07c74648  
2026-07-25 20:32:21 WARN  (DecompileCallback) Decompiling 07c74650, pcode error at 07c74650: Unable to disassemble EXTERNAL block location: 07c74650  
2026-07-25 20:32:21 WARN  (DecompileCallback) Decompiling 07c74658, pcode error at 07c74658: Unable to disassemble EXTERNAL block location: 07c74658  
2026-07-25 20:32:21 WARN  (DecompileCallback) Decompiling 07c74660, pcode error at 07c74660: Unable to disassemble EXTERNAL block location: 07c74660  
2026-07-25 20:32:21 WARN  (DecompileCallback) Decompiling 07c74668, pcode error at 07c74668: Unable to disassemble EXTERNAL block location: 07c74668  
2026-07-25 20:32:21 WARN  (DecompileCallback) Decompiling 07c74670, pcode error at 07c74670: Unable to disassemble EXTERNAL block location: 07c74670  
2026-07-25 20:32:21 WARN  (DecompileCallback) Decompiling 07c74678, pcode error at 07c74678: Unable to disassemble EXTERNAL block location: 07c74678  
2026-07-25 20:32:21 WARN  (DecompileCallback) Decompiling 07c74680, pcode error at 07c74680: Unable to disassemble EXTERNAL block location: 07c74680  
2026-07-25 20:32:21 WARN  (DecompileCallback) Decompiling 07c74688, pcode error at 07c74688: Unable to disassemble EXTERNAL block location: 07c74688  
2026-07-25 20:32:21 WARN  (DecompileCallback) Decompiling 07c74690, pcode error at 07c74690: Unable to disassemble EXTERNAL block location: 07c74690  
2026-07-25 20:32:21 WARN  (DecompileCallback) Decompiling 07c74698, pcode error at 07c74698: Unable to disassemble EXTERNAL block location: 07c74698  
2026-07-25 20:32:21 WARN  (DecompileCallback) Decompiling 07c746a0, pcode error at 07c746a0: Unable to disassemble EXTERNAL block location: 07c746a0  
2026-07-25 20:32:21 WARN  (DecompileCallback) Decompiling 07c746a8, pcode error at 07c746a8: Unable to disassemble EXTERNAL block location: 07c746a8  
2026-07-25 20:32:21 WARN  (DecompileCallback) Decompiling 07c746b0, pcode error at 07c746b0: Unable to disassemble EXTERNAL block location: 07c746b0  
2026-07-25 20:32:21 WARN  (DecompileCallback) Decompiling 07c746b8, pcode error at 07c746b8: Unable to disassemble EXTERNAL block location: 07c746b8  
2026-07-25 20:32:21 WARN  (DecompileCallback) Decompiling 07c746c0, pcode error at 07c746c0: Unable to disassemble EXTERNAL block location: 07c746c0  
2026-07-25 20:32:21 WARN  (DecompileCallback) Decompiling 07c746c8, pcode error at 07c746c8: Unable to disassemble EXTERNAL block location: 07c746c8  
2026-07-25 20:32:21 WARN  (DecompileCallback) Decompiling 07c746d0, pcode error at 07c746d0: Unable to disassemble EXTERNAL block location: 07c746d0  
2026-07-25 20:32:21 WARN  (DecompileCallback) Decompiling 07c746d8, pcode error at 07c746d8: Unable to disassemble EXTERNAL block location: 07c746d8  
2026-07-25 20:32:21 WARN  (DecompileCallback) Decompiling 07c746e0, pcode error at 07c746e0: Unable to disassemble EXTERNAL block location: 07c746e0  
2026-07-25 20:32:21 WARN  (DecompileCallback) Decompiling 07c746e8, pcode error at 07c746e8: Unable to disassemble EXTERNAL block location: 07c746e8  
2026-07-25 20:32:21 WARN  (DecompileCallback) Decompiling 07c746f0, pcode error at 07c746f0: Unable to disassemble EXTERNAL block location: 07c746f0  
2026-07-25 20:32:21 WARN  (DecompileCallback) Decompiling 07c746f8, pcode error at 07c746f8: Unable to disassemble EXTERNAL block location: 07c746f8  
2026-07-25 20:32:21 WARN  (DecompileCallback) Decompiling 07c74700, pcode error at 07c74700: Unable to disassemble EXTERNAL block location: 07c74700  
2026-07-25 20:32:21 WARN  (DecompileCallback) Decompiling 07c74708, pcode error at 07c74708: Unable to disassemble EXTERNAL block location: 07c74708  
2026-07-25 20:32:21 WARN  (DecompileCallback) Decompiling 07c74710, pcode error at 07c74710: Unable to disassemble EXTERNAL block location: 07c74710  
2026-07-25 20:32:21 WARN  (DecompileCallback) Decompiling 07c74718, pcode error at 07c74718: Unable to disassemble EXTERNAL block location: 07c74718  
2026-07-25 20:32:21 WARN  (DecompileCallback) Decompiling 07c74720, pcode error at 07c74720: Unable to disassemble EXTERNAL block location: 07c74720  
2026-07-25 20:32:21 WARN  (DecompileCallback) Decompiling 07c74728, pcode error at 07c74728: Unable to disassemble EXTERNAL block location: 07c74728  
2026-07-25 20:32:21 WARN  (DecompileCallback) Decompiling 07c74730, pcode error at 07c74730: Unable to disassemble EXTERNAL block location: 07c74730  
2026-07-25 20:32:21 WARN  (DecompileCallback) Decompiling 07c74738, pcode error at 07c74738: Unable to disassemble EXTERNAL block location: 07c74738  
2026-07-25 20:32:21 WARN  (DecompileCallback) Decompiling 07c74740, pcode error at 07c74740: Unable to disassemble EXTERNAL block location: 07c74740  
2026-07-25 20:32:21 WARN  (DecompileCallback) Decompiling 07c74748, pcode error at 07c74748: Unable to disassemble EXTERNAL block location: 07c74748  
2026-07-25 20:32:21 WARN  (DecompileCallback) Decompiling 07c74750, pcode error at 07c74750: Unable to disassemble EXTERNAL block location: 07c74750  
2026-07-25 20:32:21 WARN  (DecompileCallback) Decompiling 07c74758, pcode error at 07c74758: Unable to disassemble EXTERNAL block location: 07c74758  
2026-07-25 20:32:21 WARN  (DecompileCallback) Decompiling 07c74760, pcode error at 07c74760: Unable to disassemble EXTERNAL block location: 07c74760  
2026-07-25 20:32:21 WARN  (DecompileCallback) Decompiling 07c74768, pcode error at 07c74768: Unable to disassemble EXTERNAL block location: 07c74768  
2026-07-25 20:32:21 WARN  (DecompileCallback) Decompiling 07c74770, pcode error at 07c74770: Unable to disassemble EXTERNAL block location: 07c74770  
2026-07-25 20:32:21 WARN  (DecompileCallback) Decompiling 07c74778, pcode error at 07c74778: Unable to disassemble EXTERNAL block location: 07c74778  
2026-07-25 20:32:21 WARN  (DecompileCallback) Decompiling 07c74780, pcode error at 07c74780: Unable to disassemble EXTERNAL block location: 07c74780  
2026-07-25 20:32:21 WARN  (DecompileCallback) Decompiling 07c74788, pcode error at 07c74788: Unable to disassemble EXTERNAL block location: 07c74788  
2026-07-25 20:32:21 WARN  (DecompileCallback) Decompiling 07c74790, pcode error at 07c74790: Unable to disassemble EXTERNAL block location: 07c74790  
2026-07-25 20:32:21 WARN  (DecompileCallback) Decompiling 07c74798, pcode error at 07c74798: Unable to disassemble EXTERNAL block location: 07c74798  
2026-07-25 20:32:21 WARN  (DecompileCallback) Decompiling 07c747a0, pcode error at 07c747a0: Unable to disassemble EXTERNAL block location: 07c747a0  
2026-07-25 20:32:21 WARN  (DecompileCallback) Decompiling 07c747a8, pcode error at 07c747a8: Unable to disassemble EXTERNAL block location: 07c747a8  
2026-07-25 20:32:21 WARN  (DecompileCallback) Decompiling 07c747b0, pcode error at 07c747b0: Unable to disassemble EXTERNAL block location: 07c747b0  
2026-07-25 20:32:21 WARN  (DecompileCallback) Decompiling 07c747b8, pcode error at 07c747b8: Unable to disassemble EXTERNAL block location: 07c747b8  
2026-07-25 20:32:21 WARN  (DecompileCallback) Decompiling 07c747c0, pcode error at 07c747c0: Unable to disassemble EXTERNAL block location: 07c747c0  
2026-07-25 20:32:21 WARN  (DecompileCallback) Decompiling 07c747c8, pcode error at 07c747c8: Unable to disassemble EXTERNAL block location: 07c747c8  
2026-07-25 20:32:21 WARN  (DecompileCallback) Decompiling 07c747d0, pcode error at 07c747d0: Unable to disassemble EXTERNAL block location: 07c747d0  
2026-07-25 20:32:21 WARN  (DecompileCallback) Decompiling 07c747d8, pcode error at 07c747d8: Unable to disassemble EXTERNAL block location: 07c747d8  
2026-07-25 20:32:21 WARN  (DecompileCallback) Decompiling 07c747e0, pcode error at 07c747e0: Unable to disassemble EXTERNAL block location: 07c747e0  
2026-07-25 20:32:21 WARN  (DecompileCallback) Decompiling 07c747e8, pcode error at 07c747e8: Unable to disassemble EXTERNAL block location: 07c747e8  
2026-07-25 20:32:21 WARN  (DecompileCallback) Decompiling 07c747f0, pcode error at 07c747f0: Unable to disassemble EXTERNAL block location: 07c747f0  
2026-07-25 20:32:21 WARN  (DecompileCallback) Decompiling 07c747f8, pcode error at 07c747f8: Unable to disassemble EXTERNAL block location: 07c747f8  
2026-07-25 20:32:21 WARN  (DecompileCallback) Decompiling 07c74800, pcode error at 07c74800: Unable to disassemble EXTERNAL block location: 07c74800  
2026-07-25 20:32:21 WARN  (DecompileCallback) Decompiling 07c74808, pcode error at 07c74808: Unable to disassemble EXTERNAL block location: 07c74808  
2026-07-25 20:32:21 WARN  (DecompileCallback) Decompiling 07c74810, pcode error at 07c74810: Unable to disassemble EXTERNAL block location: 07c74810  
2026-07-25 20:32:21 WARN  (DecompileCallback) Decompiling 07c74818, pcode error at 07c74818: Unable to disassemble EXTERNAL block location: 07c74818  
2026-07-25 20:32:21 WARN  (DecompileCallback) Decompiling 07c74820, pcode error at 07c74820: Unable to disassemble EXTERNAL block location: 07c74820  
2026-07-25 20:32:21 WARN  (DecompileCallback) Decompiling 07c74828, pcode error at 07c74828: Unable to disassemble EXTERNAL block location: 07c74828  
2026-07-25 20:32:21 WARN  (DecompileCallback) Decompiling 07c74830, pcode error at 07c74830: Unable to disassemble EXTERNAL block location: 07c74830  
2026-07-25 20:32:21 WARN  (DecompileCallback) Decompiling 07c74838, pcode error at 07c74838: Unable to disassemble EXTERNAL block location: 07c74838  
2026-07-25 20:32:21 WARN  (DecompileCallback) Decompiling 07c74840, pcode error at 07c74840: Unable to disassemble EXTERNAL block location: 07c74840  
2026-07-25 20:32:21 WARN  (DecompileCallback) Decompiling 07c74848, pcode error at 07c74848: Unable to disassemble EXTERNAL block location: 07c74848  
2026-07-25 20:32:21 WARN  (DecompileCallback) Decompiling 07c74850, pcode error at 07c74850: Unable to disassemble EXTERNAL block location: 07c74850  
2026-07-25 20:32:21 WARN  (DecompileCallback) Decompiling 07c74858, pcode error at 07c74858: Unable to disassemble EXTERNAL block location: 07c74858  
2026-07-25 20:32:21 WARN  (DecompileCallback) Decompiling 07c74860, pcode error at 07c74860: Unable to disassemble EXTERNAL block location: 07c74860  
2026-07-25 20:32:21 WARN  (DecompileCallback) Decompiling 07c74868, pcode error at 07c74868: Unable to disassemble EXTERNAL block location: 07c74868  
2026-07-25 20:32:21 WARN  (DecompileCallback) Decompiling 07c74870, pcode error at 07c74870: Unable to disassemble EXTERNAL block location: 07c74870  
2026-07-25 20:32:21 WARN  (DecompileCallback) Decompiling 07c74878, pcode error at 07c74878: Unable to disassemble EXTERNAL block location: 07c74878  
2026-07-25 20:32:21 WARN  (DecompileCallback) Decompiling 07c74880, pcode error at 07c74880: Unable to disassemble EXTERNAL block location: 07c74880  
2026-07-25 20:32:21 WARN  (DecompileCallback) Decompiling 07c74888, pcode error at 07c74888: Unable to disassemble EXTERNAL block location: 07c74888  
2026-07-25 20:32:21 WARN  (DecompileCallback) Decompiling 07c74890, pcode error at 07c74890: Unable to disassemble EXTERNAL block location: 07c74890  
2026-07-25 20:32:21 WARN  (DecompileCallback) Decompiling 07c74898, pcode error at 07c74898: Unable to disassemble EXTERNAL block location: 07c74898  
2026-07-25 20:32:21 WARN  (DecompileCallback) Decompiling 07c748a0, pcode error at 07c748a0: Unable to disassemble EXTERNAL block location: 07c748a0  
2026-07-25 20:32:21 WARN  (DecompileCallback) Decompiling 07c748a8, pcode error at 07c748a8: Unable to disassemble EXTERNAL block location: 07c748a8  
2026-07-25 20:32:21 WARN  (DecompileCallback) Decompiling 07c748b0, pcode error at 07c748b0: Unable to disassemble EXTERNAL block location: 07c748b0  
2026-07-25 20:32:21 WARN  (DecompileCallback) Decompiling 07c748b8, pcode error at 07c748b8: Unable to disassemble EXTERNAL block location: 07c748b8  
2026-07-25 20:32:21 WARN  (DecompileCallback) Decompiling 07c748c0, pcode error at 07c748c0: Unable to disassemble EXTERNAL block location: 07c748c0  
2026-07-25 20:32:21 WARN  (DecompileCallback) Decompiling 07c748c8, pcode error at 07c748c8: Unable to disassemble EXTERNAL block location: 07c748c8  
2026-07-25 20:32:21 WARN  (DecompileCallback) Decompiling 07c748d0, pcode error at 07c748d0: Unable to disassemble EXTERNAL block location: 07c748d0  
2026-07-25 20:32:21 WARN  (DecompileCallback) Decompiling 07c748d8, pcode error at 07c748d8: Unable to disassemble EXTERNAL block location: 07c748d8  
2026-07-25 20:32:21 WARN  (DecompileCallback) Decompiling 07c748e0, pcode error at 07c748e0: Unable to disassemble EXTERNAL block location: 07c748e0  
2026-07-25 20:32:21 WARN  (DecompileCallback) Decompiling 07c748e8, pcode error at 07c748e8: Unable to disassemble EXTERNAL block location: 07c748e8  
2026-07-25 20:32:21 WARN  (DecompileCallback) Decompiling 07c748f0, pcode error at 07c748f0: Unable to disassemble EXTERNAL block location: 07c748f0  
2026-07-25 20:32:21 WARN  (DecompileCallback) Decompiling 07c748f8, pcode error at 07c748f8: Unable to disassemble EXTERNAL block location: 07c748f8  
2026-07-25 20:32:21 WARN  (DecompileCallback) Decompiling 07c74900, pcode error at 07c74900: Unable to disassemble EXTERNAL block location: 07c74900  
2026-07-25 20:32:21 WARN  (DecompileCallback) Decompiling 07c74908, pcode error at 07c74908: Unable to disassemble EXTERNAL block location: 07c74908  
2026-07-25 20:32:21 WARN  (DecompileCallback) Decompiling 07c74910, pcode error at 07c74910: Unable to disassemble EXTERNAL block location: 07c74910  
2026-07-25 20:32:21 WARN  (DecompileCallback) Decompiling 07c74918, pcode error at 07c74918: Unable to disassemble EXTERNAL block location: 07c74918  
2026-07-25 20:32:21 INFO  (GhidraScript) GeneralStructureEyePatternScan.java> General structure scan complete.  
2026-07-25 20:32:21 INFO  (GhidraScript) GeneralStructureEyePatternScan.java> Total functions scanned: 834638  
2026-07-25 20:32:21 INFO  (GhidraScript) GeneralStructureEyePatternScan.java> Exported functions: 1893  
2026-07-25 20:32:21 INFO  (GhidraScript) GeneralStructureEyePatternScan.java> Decompile failures: 4475  
2026-07-25 20:32:21 INFO  (GhidraScript) GeneralStructureEyePatternScan.java> Report CSV: C:\realDesktop\manifest-evaluations\summer-26\ghidra-pipeline\il2cpp-files\vandalizer\general-structure-results\structure_scan_report.csv  
2026-07-25 20:32:21 INFO  (GhidraScript) GeneralStructureEyePatternScan.java> Report JSON: C:\realDesktop\manifest-evaluations\summer-26\ghidra-pipeline\il2cpp-files\vandalizer\general-structure-results\structure_scan_report.json  
2026-07-25 20:32:21 INFO  (HeadlessAnalyzer) REPORT: Save succeeded for processed file: /vandalizer-libil2cpp.so  
