2026-07-18 06:42:31 INFO  (LoggingInitialization) Using log config file: jar:file:/C:/Users/kimgiordano27/Downloads/ghidra_12.1.2_PUBLIC_20260605/ghidra_12.1.2_PUBLIC/Ghidra/Framework/Generic/lib/Generic.jar!/generic.log4j.xml  
2026-07-18 06:42:31 INFO  (LoggingInitialization) Using log file: C:\realDesktop\manifest-evaluations\summer-26\ghidra-pipeline\il2cpp-files\MatchPointTennis\general-structure-ghidra.log  
2026-07-18 06:42:31 DEBUG (GhidraObjectInputFilter) Including serial input filter: FileSystem/data/client.rmi.serial.filter  
2026-07-18 06:42:31 INFO  (Preferences) Loading user preferences: C:\Users\kimgiordano27\AppData\Roaming\ghidra\ghidra_12.1.2_PUBLIC\preferences  
2026-07-18 06:42:31 INFO  (ClassSearcher) Searching for classes...  
2026-07-18 06:42:32 INFO  (ClassSearcher) Class search complete (640 ms)  
2026-07-18 06:42:32 INFO  (DefaultSSLContextInitializer) Initializing SSL Context  
2026-07-18 06:42:32 INFO  (SecureRandomFactory) Initializing Random Number Generator...  
2026-07-18 06:42:32 INFO  (SecureRandomFactory) Random Number Generator initialization complete: SHA1PRNG  
2026-07-18 06:42:32 INFO  (DefaultTrustManagerFactory) Trust manager disabled, cacerts have not been set  
2026-07-18 06:42:32 INFO  (FileCacheMaintenanceDaemon) Starting cache cleanup: C:\Users\kimgiordano27\AppData\Local\ghidra\fscache2  
2026-07-18 06:42:32 INFO  (FileCacheMaintenanceDaemon) Finished cache cleanup, estimated storage used: 0  
2026-07-18 06:42:33 INFO  (AnalyzeHeadless) Headless startup complete (6225 ms)  
2026-07-18 06:42:33 INFO  (ClassSearcher) Class searcher loaded 59 extension points (20 false positives)  
2026-07-18 06:42:33 INFO  (HeadlessAnalyzer) HEADLESS Script Paths:
    C:\Users\kimgiordano27\Downloads\ghidra_12.1.2_PUBLIC_20260605\ghidra_12.1.2_PUBLIC\Ghidra\Features\DecompilerDependent\ghidra_scripts
    C:\Users\kimgiordano27\Downloads\ghidra_12.1.2_PUBLIC_20260605\ghidra_12.1.2_PUBLIC\Ghidra\Processors\Atmel\ghidra_scripts
    C:\Users\kimgiordano27\Downloads\ghidra_12.1.2_PUBLIC_20260605\ghidra_12.1.2_PUBLIC\Ghidra\Processors\PIC\ghidra_scripts
    C:\Users\kimgiordano27\Downloads\ghidra_12.1.2_PUBLIC_20260605\ghidra_12.1.2_PUBLIC\Ghidra\Features\VersionTracking\ghidra_scripts
    C:\Users\kimgiordano27\Downloads\ghidra_12.1.2_PUBLIC_20260605\ghidra_12.1.2_PUBLIC\Ghidra\Features\BytePatterns\ghidra_scripts
    C:\Users\kimgiordano27\ghidra_scripts
    C:\Users\kimgiordano27\Downloads\ghidra_12.1.2_PUBLIC_20260605\ghidra_12.1.2_PUBLIC\Ghidra\Features\BSim\ghidra_scripts
    C:\realDesktop\manifest-evaluations\summer-26\ghidra-pipeline\ghidra-export-scripts
    C:\Users\kimgiordano27\Downloads\ghidra_12.1.2_PUBLIC_20260605\ghidra_12.1.2_PUBLIC\Ghidra\Processors\JVM\ghidra_scripts
    C:\Users\kimgiordano27\Downloads\ghidra_12.1.2_PUBLIC_20260605\ghidra_12.1.2_PUBLIC\Ghidra\Features\Base\ghidra_scripts
    C:\Users\kimgiordano27\Downloads\ghidra_12.1.2_PUBLIC_20260605\ghidra_12.1.2_PUBLIC\Ghidra\Features\SwiftDemangler\ghidra_scripts
    C:\Users\kimgiordano27\Downloads\ghidra_12.1.2_PUBLIC_20260605\ghidra_12.1.2_PUBLIC\Ghidra\Features\WildcardAssembler\ghidra_scripts
    C:\Users\kimgiordano27\Downloads\ghidra_12.1.2_PUBLIC_20260605\ghidra_12.1.2_PUBLIC\Ghidra\Features\FileFormats\ghidra_scripts
    C:\Users\kimgiordano27\Downloads\ghidra_12.1.2_PUBLIC_20260605\ghidra_12.1.2_PUBLIC\Ghidra\Features\Decompiler\ghidra_scripts
    C:\Users\kimgiordano27\Downloads\ghidra_12.1.2_PUBLIC_20260605\ghidra_12.1.2_PUBLIC\Ghidra\Features\SystemEmulation\ghidra_scripts
    C:\Users\kimgiordano27\Downloads\ghidra_12.1.2_PUBLIC_20260605\ghidra_12.1.2_PUBLIC\Ghidra\Processors\8051\ghidra_scripts
    C:\Users\kimgiordano27\Downloads\ghidra_12.1.2_PUBLIC_20260605\ghidra_12.1.2_PUBLIC\Ghidra\Features\GnuDemangler\ghidra_scripts
    C:\Users\kimgiordano27\Downloads\ghidra_12.1.2_PUBLIC_20260605\ghidra_12.1.2_PUBLIC\Ghidra\Debug\Debugger\ghidra_scripts
    C:\Users\kimgiordano27\Downloads\ghidra_12.1.2_PUBLIC_20260605\ghidra_12.1.2_PUBLIC\Ghidra\Processors\DATA\ghidra_scripts
    C:\Users\kimgiordano27\Downloads\ghidra_12.1.2_PUBLIC_20260605\ghidra_12.1.2_PUBLIC\Ghidra\Debug\Debugger-rmi-trace\ghidra_scripts
    C:\Users\kimgiordano27\Downloads\ghidra_12.1.2_PUBLIC_20260605\ghidra_12.1.2_PUBLIC\Ghidra\Features\FunctionID\ghidra_scripts
    C:\Users\kimgiordano27\Downloads\ghidra_12.1.2_PUBLIC_20260605\ghidra_12.1.2_PUBLIC\Ghidra\Features\MicrosoftCodeAnalyzer\ghidra_scripts
    C:\Users\kimgiordano27\Downloads\ghidra_12.1.2_PUBLIC_20260605\ghidra_12.1.2_PUBLIC\Ghidra\Features\PDB\ghidra_scripts
    C:\Users\kimgiordano27\AppData\Roaming\ghidra\ghidra_12.1.2_PUBLIC\Extensions\Jython\ghidra_scripts
    C:\Users\kimgiordano27\Downloads\ghidra_12.1.2_PUBLIC_20260605\ghidra_12.1.2_PUBLIC\Ghidra\Features\PyGhidra\ghidra_scripts  
2026-07-18 06:42:33 INFO  (HeadlessAnalyzer) HEADLESS: execution starts  
2026-07-18 06:42:33 INFO  (HeadlessAnalyzer) Opening existing project: C:\realDesktop\manifest-evaluations\summer-26\ghidra-pipeline\il2cpp-files\MatchPointTennis\ghidra-project-MatchPointTennis\MatchPointTennis  
2026-07-18 06:42:33 INFO  (HeadlessProject) Opening project: C:\realDesktop\manifest-evaluations\summer-26\ghidra-pipeline\il2cpp-files\MatchPointTennis\ghidra-project-MatchPointTennis\MatchPointTennis  
2026-07-18 06:42:33 INFO  (LocalFileSystem) /MatchPointTennis-libil2cpp.so: checkout (2) granted (kimgiordano27)  
2026-07-18 06:42:40 INFO  (HeadlessAnalyzer) REPORT: Processing project file: /MatchPointTennis-libil2cpp.so  
2026-07-18 06:42:40 INFO  (HeadlessAnalyzer) REPORT: Execute script: GeneralStructureEyePatternScan.java 'C:\realDesktop\manifest-evaluations\summer-26\ghidra-pipeline\il2cpp-files\MatchPointTennis\general-structure-results' '70' 'false'   
2026-07-18 06:42:40 INFO  (HeadlessAnalyzer) SCRIPT: C:\realDesktop\manifest-evaluations\summer-26\ghidra-pipeline\ghidra-export-scripts\GeneralStructureEyePatternScan.java  
2026-07-18 06:42:40 INFO  (GhidraScript) GeneralStructureEyePatternScan.java> General structure scan starting...  
2026-07-18 06:42:40 INFO  (GhidraScript) GeneralStructureEyePatternScan.java> Output: C:\realDesktop\manifest-evaluations\summer-26\ghidra-pipeline\il2cpp-files\MatchPointTennis\general-structure-results  
2026-07-18 06:42:40 INFO  (GhidraScript) GeneralStructureEyePatternScan.java> Minimum review score: 70  
2026-07-18 06:42:40 INFO  (GhidraScript) GeneralStructureEyePatternScan.java> Export all: false  
2026-07-18 06:42:59 INFO  (GhidraScript) GeneralStructureEyePatternScan.java> Scanned 10000 functions. Exported so far: 0  
2026-07-18 06:43:16 INFO  (GhidraScript) GeneralStructureEyePatternScan.java> Scanned 20000 functions. Exported so far: 0  
2026-07-18 06:43:27 INFO  (GhidraScript) GeneralStructureEyePatternScan.java> Scanned 30000 functions. Exported so far: 0  
2026-07-18 06:43:36 INFO  (GhidraScript) GeneralStructureEyePatternScan.java> Scanned 40000 functions. Exported so far: 0  
2026-07-18 06:43:51 INFO  (GhidraScript) GeneralStructureEyePatternScan.java> Scanned 50000 functions. Exported so far: 0  
2026-07-18 06:44:14 INFO  (GhidraScript) GeneralStructureEyePatternScan.java> Scanned 60000 functions. Exported so far: 0  
2026-07-18 06:44:33 INFO  (GhidraScript) GeneralStructureEyePatternScan.java> Scanned 70000 functions. Exported so far: 0  
2026-07-18 06:44:50 INFO  (GhidraScript) GeneralStructureEyePatternScan.java> Scanned 80000 functions. Exported so far: 0  
2026-07-18 06:45:16 INFO  (GhidraScript) GeneralStructureEyePatternScan.java> Scanned 90000 functions. Exported so far: 0  
2026-07-18 06:45:39 INFO  (GhidraScript) GeneralStructureEyePatternScan.java> Scanned 100000 functions. Exported so far: 0  
2026-07-18 06:46:00 INFO  (GhidraScript) GeneralStructureEyePatternScan.java> Scanned 110000 functions. Exported so far: 0  
2026-07-18 06:46:19 INFO  (GhidraScript) GeneralStructureEyePatternScan.java> Scanned 120000 functions. Exported so far: 0  
2026-07-18 06:46:37 INFO  (GhidraScript) GeneralStructureEyePatternScan.java> Scanned 130000 functions. Exported so far: 0  
2026-07-18 06:46:55 INFO  (GhidraScript) GeneralStructureEyePatternScan.java> Scanned 140000 functions. Exported so far: 0  
2026-07-18 06:47:12 INFO  (GhidraScript) GeneralStructureEyePatternScan.java> Scanned 150000 functions. Exported so far: 0  
2026-07-18 06:47:41 INFO  (GhidraScript) GeneralStructureEyePatternScan.java> Scanned 160000 functions. Exported so far: 0  
2026-07-18 06:48:04 INFO  (GhidraScript) GeneralStructureEyePatternScan.java> Scanned 170000 functions. Exported so far: 0  
2026-07-18 06:48:25 INFO  (GhidraScript) GeneralStructureEyePatternScan.java> Scanned 180000 functions. Exported so far: 0  
2026-07-18 06:48:50 INFO  (GhidraScript) GeneralStructureEyePatternScan.java> Scanned 190000 functions. Exported so far: 0  
2026-07-18 06:49:09 INFO  (GhidraScript) GeneralStructureEyePatternScan.java> Scanned 200000 functions. Exported so far: 0  
2026-07-18 06:49:24 INFO  (GhidraScript) GeneralStructureEyePatternScan.java> Scanned 210000 functions. Exported so far: 0  
2026-07-18 06:49:57 INFO  (GhidraScript) GeneralStructureEyePatternScan.java> Scanned 220000 functions. Exported so far: 0  
2026-07-18 06:52:09 INFO  (GhidraScript) GeneralStructureEyePatternScan.java> Scanned 230000 functions. Exported so far: 6  
2026-07-18 06:53:29 INFO  (GhidraScript) GeneralStructureEyePatternScan.java> Scanned 240000 functions. Exported so far: 13  
2026-07-18 06:54:26 INFO  (GhidraScript) GeneralStructureEyePatternScan.java> Scanned 250000 functions. Exported so far: 23  
2026-07-18 06:55:17 INFO  (GhidraScript) GeneralStructureEyePatternScan.java> Scanned 260000 functions. Exported so far: 32  
2026-07-18 06:56:26 INFO  (GhidraScript) GeneralStructureEyePatternScan.java> Scanned 270000 functions. Exported so far: 47  
2026-07-18 06:57:23 INFO  (GhidraScript) GeneralStructureEyePatternScan.java> Scanned 280000 functions. Exported so far: 47  
2026-07-18 06:58:49 INFO  (GhidraScript) GeneralStructureEyePatternScan.java> Scanned 290000 functions. Exported so far: 51  
2026-07-18 07:00:38 INFO  (GhidraScript) GeneralStructureEyePatternScan.java> Scanned 300000 functions. Exported so far: 82  
2026-07-18 07:03:13 INFO  (GhidraScript) GeneralStructureEyePatternScan.java> Scanned 310000 functions. Exported so far: 90  
2026-07-18 07:05:42 INFO  (GhidraScript) GeneralStructureEyePatternScan.java> Scanned 320000 functions. Exported so far: 101  
2026-07-18 07:06:47 INFO  (GhidraScript) GeneralStructureEyePatternScan.java> Scanned 330000 functions. Exported so far: 105  
2026-07-18 07:08:07 INFO  (GhidraScript) GeneralStructureEyePatternScan.java> Scanned 340000 functions. Exported so far: 162  
2026-07-18 07:08:52 INFO  (GhidraScript) GeneralStructureEyePatternScan.java> Scanned 350000 functions. Exported so far: 162  
2026-07-18 07:10:41 INFO  (GhidraScript) GeneralStructureEyePatternScan.java> Scanned 360000 functions. Exported so far: 162  
2026-07-18 07:13:20 INFO  (GhidraScript) GeneralStructureEyePatternScan.java> Scanned 370000 functions. Exported so far: 166  
2026-07-18 07:14:23 INFO  (GhidraScript) GeneralStructureEyePatternScan.java> Scanned 380000 functions. Exported so far: 166  
2026-07-18 07:15:52 INFO  (GhidraScript) GeneralStructureEyePatternScan.java> Scanned 390000 functions. Exported so far: 166  
2026-07-18 07:17:17 INFO  (GhidraScript) GeneralStructureEyePatternScan.java> Scanned 400000 functions. Exported so far: 207  
2026-07-18 07:17:51 INFO  (GhidraScript) GeneralStructureEyePatternScan.java> Scanned 410000 functions. Exported so far: 208  
2026-07-18 07:18:39 INFO  (GhidraScript) GeneralStructureEyePatternScan.java> Scanned 420000 functions. Exported so far: 208  
2026-07-18 07:19:29 INFO  (GhidraScript) GeneralStructureEyePatternScan.java> Scanned 430000 functions. Exported so far: 208  
2026-07-18 07:20:35 INFO  (GhidraScript) GeneralStructureEyePatternScan.java> Scanned 440000 functions. Exported so far: 208  
2026-07-18 07:21:40 INFO  (GhidraScript) GeneralStructureEyePatternScan.java> Scanned 450000 functions. Exported so far: 208  
2026-07-18 07:22:46 INFO  (GhidraScript) GeneralStructureEyePatternScan.java> Scanned 460000 functions. Exported so far: 208  
2026-07-18 07:23:45 INFO  (GhidraScript) GeneralStructureEyePatternScan.java> Scanned 470000 functions. Exported so far: 208  
2026-07-18 07:24:48 INFO  (GhidraScript) GeneralStructureEyePatternScan.java> Scanned 480000 functions. Exported so far: 209  
2026-07-18 07:25:57 INFO  (GhidraScript) GeneralStructureEyePatternScan.java> Scanned 490000 functions. Exported so far: 229  
2026-07-18 07:27:12 INFO  (GhidraScript) GeneralStructureEyePatternScan.java> Scanned 500000 functions. Exported so far: 405  
2026-07-18 07:27:58 INFO  (GhidraScript) GeneralStructureEyePatternScan.java> Scanned 510000 functions. Exported so far: 408  
2026-07-18 07:28:43 INFO  (GhidraScript) GeneralStructureEyePatternScan.java> Scanned 520000 functions. Exported so far: 408  
2026-07-18 07:29:28 INFO  (GhidraScript) GeneralStructureEyePatternScan.java> Scanned 530000 functions. Exported so far: 408  
2026-07-18 07:30:52 INFO  (GhidraScript) GeneralStructureEyePatternScan.java> Scanned 540000 functions. Exported so far: 417  
2026-07-18 07:31:37 INFO  (GhidraScript) GeneralStructureEyePatternScan.java> Scanned 550000 functions. Exported so far: 423  
2026-07-18 07:32:35 INFO  (GhidraScript) GeneralStructureEyePatternScan.java> Scanned 560000 functions. Exported so far: 455  
2026-07-18 07:33:50 INFO  (GhidraScript) GeneralStructureEyePatternScan.java> Scanned 570000 functions. Exported so far: 455  
2026-07-18 07:34:35 INFO  (GhidraScript) GeneralStructureEyePatternScan.java> Scanned 580000 functions. Exported so far: 455  
2026-07-18 07:35:38 INFO  (GhidraScript) GeneralStructureEyePatternScan.java> Scanned 590000 functions. Exported so far: 455  
2026-07-18 07:36:56 INFO  (GhidraScript) GeneralStructureEyePatternScan.java> Scanned 600000 functions. Exported so far: 467  
2026-07-18 07:37:37 INFO  (GhidraScript) GeneralStructureEyePatternScan.java> Scanned 610000 functions. Exported so far: 467  
2026-07-18 07:39:10 INFO  (GhidraScript) GeneralStructureEyePatternScan.java> Scanned 620000 functions. Exported so far: 491  
2026-07-18 07:40:29 INFO  (GhidraScript) GeneralStructureEyePatternScan.java> Scanned 630000 functions. Exported so far: 491  
2026-07-18 07:41:39 INFO  (GhidraScript) GeneralStructureEyePatternScan.java> Scanned 640000 functions. Exported so far: 498  
2026-07-18 07:43:47 INFO  (GhidraScript) GeneralStructureEyePatternScan.java> Scanned 650000 functions. Exported so far: 499  
2026-07-18 07:45:29 INFO  (GhidraScript) GeneralStructureEyePatternScan.java> Scanned 660000 functions. Exported so far: 499  
2026-07-18 07:46:20 INFO  (GhidraScript) GeneralStructureEyePatternScan.java> Scanned 670000 functions. Exported so far: 503  
2026-07-18 07:48:29 INFO  (GhidraScript) GeneralStructureEyePatternScan.java> Scanned 680000 functions. Exported so far: 522  
2026-07-18 07:54:29 INFO  (GhidraScript) GeneralStructureEyePatternScan.java> Scanned 690000 functions. Exported so far: 522  
2026-07-18 07:55:59 INFO  (GhidraScript) GeneralStructureEyePatternScan.java> Scanned 700000 functions. Exported so far: 523  
2026-07-18 07:57:54 INFO  (GhidraScript) GeneralStructureEyePatternScan.java> Scanned 710000 functions. Exported so far: 523  
2026-07-18 07:59:40 INFO  (GhidraScript) GeneralStructureEyePatternScan.java> Scanned 720000 functions. Exported so far: 523  
2026-07-18 08:01:25 INFO  (GhidraScript) GeneralStructureEyePatternScan.java> Scanned 730000 functions. Exported so far: 523  
2026-07-18 08:02:52 INFO  (GhidraScript) GeneralStructureEyePatternScan.java> Scanned 740000 functions. Exported so far: 524  
2026-07-18 08:04:24 INFO  (GhidraScript) GeneralStructureEyePatternScan.java> Scanned 750000 functions. Exported so far: 530  
2026-07-18 08:06:07 INFO  (GhidraScript) GeneralStructureEyePatternScan.java> Scanned 760000 functions. Exported so far: 596  
2026-07-18 08:06:40 INFO  (GhidraScript) GeneralStructureEyePatternScan.java> Scanned 770000 functions. Exported so far: 596  
2026-07-18 08:07:07 INFO  (GhidraScript) GeneralStructureEyePatternScan.java> Scanned 780000 functions. Exported so far: 596  
2026-07-18 08:17:12 INFO  (GhidraScript) GeneralStructureEyePatternScan.java> Scanned 790000 functions. Exported so far: 1437  
2026-07-18 08:22:49 INFO  (GhidraScript) GeneralStructureEyePatternScan.java> Scanned 800000 functions. Exported so far: 1437  
2026-07-18 08:28:53 INFO  (GhidraScript) GeneralStructureEyePatternScan.java> Scanned 810000 functions. Exported so far: 1437  
2026-07-18 09:09:09 INFO  (GhidraScript) GeneralStructureEyePatternScan.java> Scanned 820000 functions. Exported so far: 1609  
2026-07-18 09:11:15 INFO  (GhidraScript) GeneralStructureEyePatternScan.java> Scanned 830000 functions. Exported so far: 1615  
2026-07-18 09:13:50 INFO  (GhidraScript) GeneralStructureEyePatternScan.java> Scanned 840000 functions. Exported so far: 1789  
2026-07-18 09:15:34 INFO  (GhidraScript) GeneralStructureEyePatternScan.java> Scanned 850000 functions. Exported so far: 2253  
2026-07-18 09:19:43 INFO  (GhidraScript) GeneralStructureEyePatternScan.java> Scanned 860000 functions. Exported so far: 2281  
2026-07-18 09:24:59 INFO  (GhidraScript) GeneralStructureEyePatternScan.java> Scanned 870000 functions. Exported so far: 2283  
2026-07-18 09:29:08 INFO  (GhidraScript) GeneralStructureEyePatternScan.java> Scanned 880000 functions. Exported so far: 2285  
2026-07-18 09:32:16 INFO  (GhidraScript) GeneralStructureEyePatternScan.java> Scanned 890000 functions. Exported so far: 2285  
2026-07-18 09:36:08 INFO  (GhidraScript) GeneralStructureEyePatternScan.java> Scanned 900000 functions. Exported so far: 2285  
2026-07-18 09:40:10 INFO  (GhidraScript) GeneralStructureEyePatternScan.java> Scanned 910000 functions. Exported so far: 2285  
2026-07-18 09:45:00 INFO  (GhidraScript) GeneralStructureEyePatternScan.java> Scanned 920000 functions. Exported so far: 2285  
2026-07-18 09:50:38 INFO  (GhidraScript) GeneralStructureEyePatternScan.java> Scanned 930000 functions. Exported so far: 2285  
2026-07-18 10:08:55 INFO  (GhidraScript) GeneralStructureEyePatternScan.java> Scanned 940000 functions. Exported so far: 2307  
2026-07-18 10:12:39 INFO  (GhidraScript) GeneralStructureEyePatternScan.java> Scanned 950000 functions. Exported so far: 2311  
2026-07-18 10:13:41 INFO  (GhidraScript) GeneralStructureEyePatternScan.java> Scanned 960000 functions. Exported so far: 2311  
2026-07-18 10:18:07 INFO  (GhidraScript) GeneralStructureEyePatternScan.java> Scanned 970000 functions. Exported so far: 2311  
2026-07-18 10:20:01 INFO  (GhidraScript) GeneralStructureEyePatternScan.java> Scanned 980000 functions. Exported so far: 2311  
2026-07-18 10:21:03 INFO  (GhidraScript) GeneralStructureEyePatternScan.java> Scanned 990000 functions. Exported so far: 2313  
2026-07-18 12:44:39 INFO  (GhidraScript) GeneralStructureEyePatternScan.java> Scanned 1000000 functions. Exported so far: 2313  
2026-07-18 12:49:07 INFO  (GhidraScript) GeneralStructureEyePatternScan.java> Scanned 1010000 functions. Exported so far: 2324  
2026-07-18 12:52:58 INFO  (GhidraScript) GeneralStructureEyePatternScan.java> Scanned 1020000 functions. Exported so far: 2326  
2026-07-18 12:55:19 INFO  (GhidraScript) GeneralStructureEyePatternScan.java> Scanned 1030000 functions. Exported so far: 2488  
2026-07-18 12:56:46 INFO  (GhidraScript) GeneralStructureEyePatternScan.java> Scanned 1040000 functions. Exported so far: 2525  
2026-07-18 12:57:25 INFO  (GhidraScript) GeneralStructureEyePatternScan.java> Scanned 1050000 functions. Exported so far: 2527  
2026-07-18 13:26:59 INFO  (GhidraScript) GeneralStructureEyePatternScan.java> Scanned 1060000 functions. Exported so far: 2538  
2026-07-18 14:46:01 INFO  (GhidraScript) GeneralStructureEyePatternScan.java> Scanned 1070000 functions. Exported so far: 2556  
2026-07-18 14:47:42 INFO  (GhidraScript) GeneralStructureEyePatternScan.java> Scanned 1080000 functions. Exported so far: 2556  
2026-07-18 14:48:54 INFO  (GhidraScript) GeneralStructureEyePatternScan.java> Scanned 1090000 functions. Exported so far: 2564  
2026-07-18 14:49:57 INFO  (GhidraScript) GeneralStructureEyePatternScan.java> Scanned 1100000 functions. Exported so far: 2565  
2026-07-18 15:25:17 INFO  (GhidraScript) GeneralStructureEyePatternScan.java> Scanned 1110000 functions. Exported so far: 2567  
2026-07-18 15:30:01 INFO  (GhidraScript) GeneralStructureEyePatternScan.java> Scanned 1120000 functions. Exported so far: 2594  
2026-07-18 15:32:17 INFO  (GhidraScript) GeneralStructureEyePatternScan.java> Scanned 1130000 functions. Exported so far: 2633  
2026-07-18 15:32:31 WARN  (DecompileCallback) Decompiling 0a761000, pcode error at 0a761000: Unable to disassemble EXTERNAL block location: 0a761000  
2026-07-18 15:32:31 WARN  (DecompileCallback) Decompiling 0a761008, pcode error at 0a761008: Unable to disassemble EXTERNAL block location: 0a761008  
2026-07-18 15:32:31 WARN  (DecompileCallback) Decompiling 0a761010, pcode error at 0a761010: Unable to disassemble EXTERNAL block location: 0a761010  
2026-07-18 15:32:31 WARN  (DecompileCallback) Decompiling 0a761018, pcode error at 0a761018: Unable to disassemble EXTERNAL block location: 0a761018  
2026-07-18 15:32:31 WARN  (DecompileCallback) Decompiling 0a761020, pcode error at 0a761020: Unable to disassemble EXTERNAL block location: 0a761020  
2026-07-18 15:32:31 WARN  (DecompileCallback) Decompiling 0a761028, pcode error at 0a761028: Unable to disassemble EXTERNAL block location: 0a761028  
2026-07-18 15:32:31 WARN  (DecompileCallback) Decompiling 0a761030, pcode error at 0a761030: Unable to disassemble EXTERNAL block location: 0a761030  
2026-07-18 15:32:31 WARN  (DecompileCallback) Decompiling 0a761038, pcode error at 0a761038: Unable to disassemble EXTERNAL block location: 0a761038  
2026-07-18 15:32:31 WARN  (DecompileCallback) Decompiling 0a761040, pcode error at 0a761040: Unable to disassemble EXTERNAL block location: 0a761040  
2026-07-18 15:32:31 WARN  (DecompileCallback) Decompiling 0a761048, pcode error at 0a761048: Unable to disassemble EXTERNAL block location: 0a761048  
2026-07-18 15:32:31 WARN  (DecompileCallback) Decompiling 0a761050, pcode error at 0a761050: Unable to disassemble EXTERNAL block location: 0a761050  
2026-07-18 15:32:31 WARN  (DecompileCallback) Decompiling 0a761058, pcode error at 0a761058: Unable to disassemble EXTERNAL block location: 0a761058  
2026-07-18 15:32:31 WARN  (DecompileCallback) Decompiling 0a761060, pcode error at 0a761060: Unable to disassemble EXTERNAL block location: 0a761060  
2026-07-18 15:32:31 WARN  (DecompileCallback) Decompiling 0a761068, pcode error at 0a761068: Unable to disassemble EXTERNAL block location: 0a761068  
2026-07-18 15:32:31 WARN  (DecompileCallback) Decompiling 0a761070, pcode error at 0a761070: Unable to disassemble EXTERNAL block location: 0a761070  
2026-07-18 15:32:31 WARN  (DecompileCallback) Decompiling 0a761078, pcode error at 0a761078: Unable to disassemble EXTERNAL block location: 0a761078  
2026-07-18 15:32:31 WARN  (DecompileCallback) Decompiling 0a761080, pcode error at 0a761080: Unable to disassemble EXTERNAL block location: 0a761080  
2026-07-18 15:32:31 WARN  (DecompileCallback) Decompiling 0a761088, pcode error at 0a761088: Unable to disassemble EXTERNAL block location: 0a761088  
2026-07-18 15:32:31 WARN  (DecompileCallback) Decompiling 0a761090, pcode error at 0a761090: Unable to disassemble EXTERNAL block location: 0a761090  
2026-07-18 15:32:31 WARN  (DecompileCallback) Decompiling 0a761098, pcode error at 0a761098: Unable to disassemble EXTERNAL block location: 0a761098  
2026-07-18 15:32:31 WARN  (DecompileCallback) Decompiling 0a7610a0, pcode error at 0a7610a0: Unable to disassemble EXTERNAL block location: 0a7610a0  
2026-07-18 15:32:31 WARN  (DecompileCallback) Decompiling 0a7610a8, pcode error at 0a7610a8: Unable to disassemble EXTERNAL block location: 0a7610a8  
2026-07-18 15:32:31 WARN  (DecompileCallback) Decompiling 0a7610b0, pcode error at 0a7610b0: Unable to disassemble EXTERNAL block location: 0a7610b0  
2026-07-18 15:32:31 WARN  (DecompileCallback) Decompiling 0a7610b8, pcode error at 0a7610b8: Unable to disassemble EXTERNAL block location: 0a7610b8  
2026-07-18 15:32:31 WARN  (DecompileCallback) Decompiling 0a7610c0, pcode error at 0a7610c0: Unable to disassemble EXTERNAL block location: 0a7610c0  
2026-07-18 15:32:31 WARN  (DecompileCallback) Decompiling 0a7610c8, pcode error at 0a7610c8: Unable to disassemble EXTERNAL block location: 0a7610c8  
2026-07-18 15:32:31 WARN  (DecompileCallback) Decompiling 0a7610d0, pcode error at 0a7610d0: Unable to disassemble EXTERNAL block location: 0a7610d0  
2026-07-18 15:32:31 WARN  (DecompileCallback) Decompiling 0a7610d8, pcode error at 0a7610d8: Unable to disassemble EXTERNAL block location: 0a7610d8  
2026-07-18 15:32:31 WARN  (DecompileCallback) Decompiling 0a7610e0, pcode error at 0a7610e0: Unable to disassemble EXTERNAL block location: 0a7610e0  
2026-07-18 15:32:31 WARN  (DecompileCallback) Decompiling 0a7610e8, pcode error at 0a7610e8: Unable to disassemble EXTERNAL block location: 0a7610e8  
2026-07-18 15:32:31 WARN  (DecompileCallback) Decompiling 0a7610f0, pcode error at 0a7610f0: Unable to disassemble EXTERNAL block location: 0a7610f0  
2026-07-18 15:32:31 WARN  (DecompileCallback) Decompiling 0a7610f8, pcode error at 0a7610f8: Unable to disassemble EXTERNAL block location: 0a7610f8  
2026-07-18 15:32:31 WARN  (DecompileCallback) Decompiling 0a761100, pcode error at 0a761100: Unable to disassemble EXTERNAL block location: 0a761100  
2026-07-18 15:32:31 WARN  (DecompileCallback) Decompiling 0a761108, pcode error at 0a761108: Unable to disassemble EXTERNAL block location: 0a761108  
2026-07-18 15:32:31 WARN  (DecompileCallback) Decompiling 0a761110, pcode error at 0a761110: Unable to disassemble EXTERNAL block location: 0a761110  
2026-07-18 15:32:31 WARN  (DecompileCallback) Decompiling 0a761118, pcode error at 0a761118: Unable to disassemble EXTERNAL block location: 0a761118  
2026-07-18 15:32:31 WARN  (DecompileCallback) Decompiling 0a761120, pcode error at 0a761120: Unable to disassemble EXTERNAL block location: 0a761120  
2026-07-18 15:32:31 WARN  (DecompileCallback) Decompiling 0a761130, pcode error at 0a761130: Unable to disassemble EXTERNAL block location: 0a761130  
2026-07-18 15:32:31 WARN  (DecompileCallback) Decompiling 0a761138, pcode error at 0a761138: Unable to disassemble EXTERNAL block location: 0a761138  
2026-07-18 15:32:31 WARN  (DecompileCallback) Decompiling 0a761140, pcode error at 0a761140: Unable to disassemble EXTERNAL block location: 0a761140  
2026-07-18 15:32:31 WARN  (DecompileCallback) Decompiling 0a761148, pcode error at 0a761148: Unable to disassemble EXTERNAL block location: 0a761148  
2026-07-18 15:32:31 WARN  (DecompileCallback) Decompiling 0a761150, pcode error at 0a761150: Unable to disassemble EXTERNAL block location: 0a761150  
2026-07-18 15:32:31 WARN  (DecompileCallback) Decompiling 0a761158, pcode error at 0a761158: Unable to disassemble EXTERNAL block location: 0a761158  
2026-07-18 15:32:31 WARN  (DecompileCallback) Decompiling 0a761160, pcode error at 0a761160: Unable to disassemble EXTERNAL block location: 0a761160  
2026-07-18 15:32:31 WARN  (DecompileCallback) Decompiling 0a761168, pcode error at 0a761168: Unable to disassemble EXTERNAL block location: 0a761168  
2026-07-18 15:32:31 WARN  (DecompileCallback) Decompiling 0a761170, pcode error at 0a761170: Unable to disassemble EXTERNAL block location: 0a761170  
2026-07-18 15:32:31 WARN  (DecompileCallback) Decompiling 0a761178, pcode error at 0a761178: Unable to disassemble EXTERNAL block location: 0a761178  
2026-07-18 15:32:31 WARN  (DecompileCallback) Decompiling 0a761180, pcode error at 0a761180: Unable to disassemble EXTERNAL block location: 0a761180  
2026-07-18 15:32:31 WARN  (DecompileCallback) Decompiling 0a761188, pcode error at 0a761188: Unable to disassemble EXTERNAL block location: 0a761188  
2026-07-18 15:32:31 WARN  (DecompileCallback) Decompiling 0a761190, pcode error at 0a761190: Unable to disassemble EXTERNAL block location: 0a761190  
2026-07-18 15:32:31 WARN  (DecompileCallback) Decompiling 0a761198, pcode error at 0a761198: Unable to disassemble EXTERNAL block location: 0a761198  
2026-07-18 15:32:31 WARN  (DecompileCallback) Decompiling 0a7611a0, pcode error at 0a7611a0: Unable to disassemble EXTERNAL block location: 0a7611a0  
2026-07-18 15:32:31 WARN  (DecompileCallback) Decompiling 0a7611a8, pcode error at 0a7611a8: Unable to disassemble EXTERNAL block location: 0a7611a8  
2026-07-18 15:32:31 WARN  (DecompileCallback) Decompiling 0a7611b0, pcode error at 0a7611b0: Unable to disassemble EXTERNAL block location: 0a7611b0  
2026-07-18 15:32:31 WARN  (DecompileCallback) Decompiling 0a7611b8, pcode error at 0a7611b8: Unable to disassemble EXTERNAL block location: 0a7611b8  
2026-07-18 15:32:31 WARN  (DecompileCallback) Decompiling 0a7611c0, pcode error at 0a7611c0: Unable to disassemble EXTERNAL block location: 0a7611c0  
2026-07-18 15:32:31 WARN  (DecompileCallback) Decompiling 0a7611c8, pcode error at 0a7611c8: Unable to disassemble EXTERNAL block location: 0a7611c8  
2026-07-18 15:32:31 WARN  (DecompileCallback) Decompiling 0a7611d0, pcode error at 0a7611d0: Unable to disassemble EXTERNAL block location: 0a7611d0  
2026-07-18 15:32:31 WARN  (DecompileCallback) Decompiling 0a7611d8, pcode error at 0a7611d8: Unable to disassemble EXTERNAL block location: 0a7611d8  
2026-07-18 15:32:31 WARN  (DecompileCallback) Decompiling 0a7611e0, pcode error at 0a7611e0: Unable to disassemble EXTERNAL block location: 0a7611e0  
2026-07-18 15:32:31 WARN  (DecompileCallback) Decompiling 0a7611e8, pcode error at 0a7611e8: Unable to disassemble EXTERNAL block location: 0a7611e8  
2026-07-18 15:32:31 WARN  (DecompileCallback) Decompiling 0a7611f0, pcode error at 0a7611f0: Unable to disassemble EXTERNAL block location: 0a7611f0  
2026-07-18 15:32:31 WARN  (DecompileCallback) Decompiling 0a7611f8, pcode error at 0a7611f8: Unable to disassemble EXTERNAL block location: 0a7611f8  
2026-07-18 15:32:31 WARN  (DecompileCallback) Decompiling 0a761200, pcode error at 0a761200: Unable to disassemble EXTERNAL block location: 0a761200  
2026-07-18 15:32:31 WARN  (DecompileCallback) Decompiling 0a761208, pcode error at 0a761208: Unable to disassemble EXTERNAL block location: 0a761208  
2026-07-18 15:32:31 WARN  (DecompileCallback) Decompiling 0a761210, pcode error at 0a761210: Unable to disassemble EXTERNAL block location: 0a761210  
2026-07-18 15:32:31 WARN  (DecompileCallback) Decompiling 0a761218, pcode error at 0a761218: Unable to disassemble EXTERNAL block location: 0a761218  
2026-07-18 15:32:31 WARN  (DecompileCallback) Decompiling 0a761220, pcode error at 0a761220: Unable to disassemble EXTERNAL block location: 0a761220  
2026-07-18 15:32:31 WARN  (DecompileCallback) Decompiling 0a761228, pcode error at 0a761228: Unable to disassemble EXTERNAL block location: 0a761228  
2026-07-18 15:32:31 WARN  (DecompileCallback) Decompiling 0a761230, pcode error at 0a761230: Unable to disassemble EXTERNAL block location: 0a761230  
2026-07-18 15:32:31 WARN  (DecompileCallback) Decompiling 0a761238, pcode error at 0a761238: Unable to disassemble EXTERNAL block location: 0a761238  
2026-07-18 15:32:31 WARN  (DecompileCallback) Decompiling 0a761240, pcode error at 0a761240: Unable to disassemble EXTERNAL block location: 0a761240  
2026-07-18 15:32:31 WARN  (DecompileCallback) Decompiling 0a761248, pcode error at 0a761248: Unable to disassemble EXTERNAL block location: 0a761248  
2026-07-18 15:32:31 WARN  (DecompileCallback) Decompiling 0a761250, pcode error at 0a761250: Unable to disassemble EXTERNAL block location: 0a761250  
2026-07-18 15:32:31 WARN  (DecompileCallback) Decompiling 0a761258, pcode error at 0a761258: Unable to disassemble EXTERNAL block location: 0a761258  
2026-07-18 15:32:31 WARN  (DecompileCallback) Decompiling 0a761260, pcode error at 0a761260: Unable to disassemble EXTERNAL block location: 0a761260  
2026-07-18 15:32:31 WARN  (DecompileCallback) Decompiling 0a761268, pcode error at 0a761268: Unable to disassemble EXTERNAL block location: 0a761268  
2026-07-18 15:32:31 WARN  (DecompileCallback) Decompiling 0a761270, pcode error at 0a761270: Unable to disassemble EXTERNAL block location: 0a761270  
2026-07-18 15:32:31 WARN  (DecompileCallback) Decompiling 0a761278, pcode error at 0a761278: Unable to disassemble EXTERNAL block location: 0a761278  
2026-07-18 15:32:31 WARN  (DecompileCallback) Decompiling 0a761280, pcode error at 0a761280: Unable to disassemble EXTERNAL block location: 0a761280  
2026-07-18 15:32:31 WARN  (DecompileCallback) Decompiling 0a761288, pcode error at 0a761288: Unable to disassemble EXTERNAL block location: 0a761288  
2026-07-18 15:32:31 WARN  (DecompileCallback) Decompiling 0a761290, pcode error at 0a761290: Unable to disassemble EXTERNAL block location: 0a761290  
2026-07-18 15:32:31 WARN  (DecompileCallback) Decompiling 0a761298, pcode error at 0a761298: Unable to disassemble EXTERNAL block location: 0a761298  
2026-07-18 15:32:31 WARN  (DecompileCallback) Decompiling 0a7612a0, pcode error at 0a7612a0: Unable to disassemble EXTERNAL block location: 0a7612a0  
2026-07-18 15:32:31 WARN  (DecompileCallback) Decompiling 0a7612a8, pcode error at 0a7612a8: Unable to disassemble EXTERNAL block location: 0a7612a8  
2026-07-18 15:32:31 WARN  (DecompileCallback) Decompiling 0a7612b0, pcode error at 0a7612b0: Unable to disassemble EXTERNAL block location: 0a7612b0  
2026-07-18 15:32:31 WARN  (DecompileCallback) Decompiling 0a7612b8, pcode error at 0a7612b8: Unable to disassemble EXTERNAL block location: 0a7612b8  
2026-07-18 15:32:31 WARN  (DecompileCallback) Decompiling 0a7612c0, pcode error at 0a7612c0: Unable to disassemble EXTERNAL block location: 0a7612c0  
2026-07-18 15:32:31 WARN  (DecompileCallback) Decompiling 0a7612c8, pcode error at 0a7612c8: Unable to disassemble EXTERNAL block location: 0a7612c8  
2026-07-18 15:32:31 WARN  (DecompileCallback) Decompiling 0a7612d0, pcode error at 0a7612d0: Unable to disassemble EXTERNAL block location: 0a7612d0  
2026-07-18 15:32:31 WARN  (DecompileCallback) Decompiling 0a7612d8, pcode error at 0a7612d8: Unable to disassemble EXTERNAL block location: 0a7612d8  
2026-07-18 15:32:31 WARN  (DecompileCallback) Decompiling 0a7612e0, pcode error at 0a7612e0: Unable to disassemble EXTERNAL block location: 0a7612e0  
2026-07-18 15:32:31 WARN  (DecompileCallback) Decompiling 0a7612e8, pcode error at 0a7612e8: Unable to disassemble EXTERNAL block location: 0a7612e8  
2026-07-18 15:32:31 WARN  (DecompileCallback) Decompiling 0a7612f0, pcode error at 0a7612f0: Unable to disassemble EXTERNAL block location: 0a7612f0  
2026-07-18 15:32:31 WARN  (DecompileCallback) Decompiling 0a7612f8, pcode error at 0a7612f8: Unable to disassemble EXTERNAL block location: 0a7612f8  
2026-07-18 15:32:31 WARN  (DecompileCallback) Decompiling 0a761300, pcode error at 0a761300: Unable to disassemble EXTERNAL block location: 0a761300  
2026-07-18 15:32:31 WARN  (DecompileCallback) Decompiling 0a761308, pcode error at 0a761308: Unable to disassemble EXTERNAL block location: 0a761308  
2026-07-18 15:32:31 WARN  (DecompileCallback) Decompiling 0a761310, pcode error at 0a761310: Unable to disassemble EXTERNAL block location: 0a761310  
2026-07-18 15:32:31 WARN  (DecompileCallback) Decompiling 0a761318, pcode error at 0a761318: Unable to disassemble EXTERNAL block location: 0a761318  
2026-07-18 15:32:31 WARN  (DecompileCallback) Decompiling 0a761320, pcode error at 0a761320: Unable to disassemble EXTERNAL block location: 0a761320  
2026-07-18 15:32:31 WARN  (DecompileCallback) Decompiling 0a761328, pcode error at 0a761328: Unable to disassemble EXTERNAL block location: 0a761328  
2026-07-18 15:32:31 WARN  (DecompileCallback) Decompiling 0a761330, pcode error at 0a761330: Unable to disassemble EXTERNAL block location: 0a761330  
2026-07-18 15:32:31 WARN  (DecompileCallback) Decompiling 0a761338, pcode error at 0a761338: Unable to disassemble EXTERNAL block location: 0a761338  
2026-07-18 15:32:31 WARN  (DecompileCallback) Decompiling 0a761340, pcode error at 0a761340: Unable to disassemble EXTERNAL block location: 0a761340  
2026-07-18 15:32:31 WARN  (DecompileCallback) Decompiling 0a761348, pcode error at 0a761348: Unable to disassemble EXTERNAL block location: 0a761348  
2026-07-18 15:32:31 WARN  (DecompileCallback) Decompiling 0a761350, pcode error at 0a761350: Unable to disassemble EXTERNAL block location: 0a761350  
2026-07-18 15:32:31 WARN  (DecompileCallback) Decompiling 0a761358, pcode error at 0a761358: Unable to disassemble EXTERNAL block location: 0a761358  
2026-07-18 15:32:31 WARN  (DecompileCallback) Decompiling 0a761360, pcode error at 0a761360: Unable to disassemble EXTERNAL block location: 0a761360  
2026-07-18 15:32:31 WARN  (DecompileCallback) Decompiling 0a761368, pcode error at 0a761368: Unable to disassemble EXTERNAL block location: 0a761368  
2026-07-18 15:32:31 WARN  (DecompileCallback) Decompiling 0a761370, pcode error at 0a761370: Unable to disassemble EXTERNAL block location: 0a761370  
2026-07-18 15:32:31 WARN  (DecompileCallback) Decompiling 0a761378, pcode error at 0a761378: Unable to disassemble EXTERNAL block location: 0a761378  
2026-07-18 15:32:31 WARN  (DecompileCallback) Decompiling 0a761380, pcode error at 0a761380: Unable to disassemble EXTERNAL block location: 0a761380  
2026-07-18 15:32:31 WARN  (DecompileCallback) Decompiling 0a761388, pcode error at 0a761388: Unable to disassemble EXTERNAL block location: 0a761388  
2026-07-18 15:32:31 WARN  (DecompileCallback) Decompiling 0a761390, pcode error at 0a761390: Unable to disassemble EXTERNAL block location: 0a761390  
2026-07-18 15:32:31 WARN  (DecompileCallback) Decompiling 0a761398, pcode error at 0a761398: Unable to disassemble EXTERNAL block location: 0a761398  
2026-07-18 15:32:31 WARN  (DecompileCallback) Decompiling 0a7613a0, pcode error at 0a7613a0: Unable to disassemble EXTERNAL block location: 0a7613a0  
2026-07-18 15:32:31 WARN  (DecompileCallback) Decompiling 0a7613a8, pcode error at 0a7613a8: Unable to disassemble EXTERNAL block location: 0a7613a8  
2026-07-18 15:32:31 WARN  (DecompileCallback) Decompiling 0a7613b0, pcode error at 0a7613b0: Unable to disassemble EXTERNAL block location: 0a7613b0  
2026-07-18 15:32:31 WARN  (DecompileCallback) Decompiling 0a7613b8, pcode error at 0a7613b8: Unable to disassemble EXTERNAL block location: 0a7613b8  
2026-07-18 15:32:31 WARN  (DecompileCallback) Decompiling 0a7613c0, pcode error at 0a7613c0: Unable to disassemble EXTERNAL block location: 0a7613c0  
2026-07-18 15:32:31 WARN  (DecompileCallback) Decompiling 0a7613c8, pcode error at 0a7613c8: Unable to disassemble EXTERNAL block location: 0a7613c8  
2026-07-18 15:32:31 WARN  (DecompileCallback) Decompiling 0a7613d0, pcode error at 0a7613d0: Unable to disassemble EXTERNAL block location: 0a7613d0  
2026-07-18 15:32:31 WARN  (DecompileCallback) Decompiling 0a7613d8, pcode error at 0a7613d8: Unable to disassemble EXTERNAL block location: 0a7613d8  
2026-07-18 15:32:31 WARN  (DecompileCallback) Decompiling 0a7613e0, pcode error at 0a7613e0: Unable to disassemble EXTERNAL block location: 0a7613e0  
2026-07-18 15:32:31 WARN  (DecompileCallback) Decompiling 0a7613e8, pcode error at 0a7613e8: Unable to disassemble EXTERNAL block location: 0a7613e8  
2026-07-18 15:32:31 WARN  (DecompileCallback) Decompiling 0a7613f0, pcode error at 0a7613f0: Unable to disassemble EXTERNAL block location: 0a7613f0  
2026-07-18 15:32:31 WARN  (DecompileCallback) Decompiling 0a7613f8, pcode error at 0a7613f8: Unable to disassemble EXTERNAL block location: 0a7613f8  
2026-07-18 15:32:31 WARN  (DecompileCallback) Decompiling 0a761400, pcode error at 0a761400: Unable to disassemble EXTERNAL block location: 0a761400  
2026-07-18 15:32:31 WARN  (DecompileCallback) Decompiling 0a761408, pcode error at 0a761408: Unable to disassemble EXTERNAL block location: 0a761408  
2026-07-18 15:32:31 WARN  (DecompileCallback) Decompiling 0a761410, pcode error at 0a761410: Unable to disassemble EXTERNAL block location: 0a761410  
2026-07-18 15:32:31 WARN  (DecompileCallback) Decompiling 0a761418, pcode error at 0a761418: Unable to disassemble EXTERNAL block location: 0a761418  
2026-07-18 15:32:31 WARN  (DecompileCallback) Decompiling 0a761420, pcode error at 0a761420: Unable to disassemble EXTERNAL block location: 0a761420  
2026-07-18 15:32:31 WARN  (DecompileCallback) Decompiling 0a761428, pcode error at 0a761428: Unable to disassemble EXTERNAL block location: 0a761428  
2026-07-18 15:32:31 WARN  (DecompileCallback) Decompiling 0a761430, pcode error at 0a761430: Unable to disassemble EXTERNAL block location: 0a761430  
2026-07-18 15:32:31 WARN  (DecompileCallback) Decompiling 0a761438, pcode error at 0a761438: Unable to disassemble EXTERNAL block location: 0a761438  
2026-07-18 15:32:31 WARN  (DecompileCallback) Decompiling 0a761440, pcode error at 0a761440: Unable to disassemble EXTERNAL block location: 0a761440  
2026-07-18 15:32:31 WARN  (DecompileCallback) Decompiling 0a761448, pcode error at 0a761448: Unable to disassemble EXTERNAL block location: 0a761448  
2026-07-18 15:32:31 WARN  (DecompileCallback) Decompiling 0a761450, pcode error at 0a761450: Unable to disassemble EXTERNAL block location: 0a761450  
2026-07-18 15:32:31 WARN  (DecompileCallback) Decompiling 0a761458, pcode error at 0a761458: Unable to disassemble EXTERNAL block location: 0a761458  
2026-07-18 15:32:31 WARN  (DecompileCallback) Decompiling 0a761460, pcode error at 0a761460: Unable to disassemble EXTERNAL block location: 0a761460  
2026-07-18 15:32:31 WARN  (DecompileCallback) Decompiling 0a761468, pcode error at 0a761468: Unable to disassemble EXTERNAL block location: 0a761468  
2026-07-18 15:32:31 WARN  (DecompileCallback) Decompiling 0a761470, pcode error at 0a761470: Unable to disassemble EXTERNAL block location: 0a761470  
2026-07-18 15:32:31 WARN  (DecompileCallback) Decompiling 0a761478, pcode error at 0a761478: Unable to disassemble EXTERNAL block location: 0a761478  
2026-07-18 15:32:31 WARN  (DecompileCallback) Decompiling 0a761480, pcode error at 0a761480: Unable to disassemble EXTERNAL block location: 0a761480  
2026-07-18 15:32:31 WARN  (DecompileCallback) Decompiling 0a761488, pcode error at 0a761488: Unable to disassemble EXTERNAL block location: 0a761488  
2026-07-18 15:32:31 WARN  (DecompileCallback) Decompiling 0a761490, pcode error at 0a761490: Unable to disassemble EXTERNAL block location: 0a761490  
2026-07-18 15:32:31 WARN  (DecompileCallback) Decompiling 0a761498, pcode error at 0a761498: Unable to disassemble EXTERNAL block location: 0a761498  
2026-07-18 15:32:31 WARN  (DecompileCallback) Decompiling 0a7614a0, pcode error at 0a7614a0: Unable to disassemble EXTERNAL block location: 0a7614a0  
2026-07-18 15:32:31 WARN  (DecompileCallback) Decompiling 0a7614a8, pcode error at 0a7614a8: Unable to disassemble EXTERNAL block location: 0a7614a8  
2026-07-18 15:32:31 WARN  (DecompileCallback) Decompiling 0a7614b0, pcode error at 0a7614b0: Unable to disassemble EXTERNAL block location: 0a7614b0  
2026-07-18 15:32:31 WARN  (DecompileCallback) Decompiling 0a7614b8, pcode error at 0a7614b8: Unable to disassemble EXTERNAL block location: 0a7614b8  
2026-07-18 15:32:31 WARN  (DecompileCallback) Decompiling 0a7614c0, pcode error at 0a7614c0: Unable to disassemble EXTERNAL block location: 0a7614c0  
2026-07-18 15:32:31 WARN  (DecompileCallback) Decompiling 0a7614c8, pcode error at 0a7614c8: Unable to disassemble EXTERNAL block location: 0a7614c8  
2026-07-18 15:32:31 WARN  (DecompileCallback) Decompiling 0a7614d0, pcode error at 0a7614d0: Unable to disassemble EXTERNAL block location: 0a7614d0  
2026-07-18 15:32:31 WARN  (DecompileCallback) Decompiling 0a7614d8, pcode error at 0a7614d8: Unable to disassemble EXTERNAL block location: 0a7614d8  
2026-07-18 15:32:31 WARN  (DecompileCallback) Decompiling 0a7614e0, pcode error at 0a7614e0: Unable to disassemble EXTERNAL block location: 0a7614e0  
2026-07-18 15:32:31 WARN  (DecompileCallback) Decompiling 0a7614e8, pcode error at 0a7614e8: Unable to disassemble EXTERNAL block location: 0a7614e8  
2026-07-18 15:32:31 WARN  (DecompileCallback) Decompiling 0a7614f0, pcode error at 0a7614f0: Unable to disassemble EXTERNAL block location: 0a7614f0  
2026-07-18 15:32:31 WARN  (DecompileCallback) Decompiling 0a7614f8, pcode error at 0a7614f8: Unable to disassemble EXTERNAL block location: 0a7614f8  
2026-07-18 15:32:31 WARN  (DecompileCallback) Decompiling 0a761500, pcode error at 0a761500: Unable to disassemble EXTERNAL block location: 0a761500  
2026-07-18 15:32:31 WARN  (DecompileCallback) Decompiling 0a761508, pcode error at 0a761508: Unable to disassemble EXTERNAL block location: 0a761508  
2026-07-18 15:32:31 WARN  (DecompileCallback) Decompiling 0a761510, pcode error at 0a761510: Unable to disassemble EXTERNAL block location: 0a761510  
2026-07-18 15:32:31 WARN  (DecompileCallback) Decompiling 0a761518, pcode error at 0a761518: Unable to disassemble EXTERNAL block location: 0a761518  
2026-07-18 15:32:31 WARN  (DecompileCallback) Decompiling 0a761520, pcode error at 0a761520: Unable to disassemble EXTERNAL block location: 0a761520  
2026-07-18 15:32:31 WARN  (DecompileCallback) Decompiling 0a761528, pcode error at 0a761528: Unable to disassemble EXTERNAL block location: 0a761528  
2026-07-18 15:32:31 WARN  (DecompileCallback) Decompiling 0a761530, pcode error at 0a761530: Unable to disassemble EXTERNAL block location: 0a761530  
2026-07-18 15:32:31 WARN  (DecompileCallback) Decompiling 0a761538, pcode error at 0a761538: Unable to disassemble EXTERNAL block location: 0a761538  
2026-07-18 15:32:31 WARN  (DecompileCallback) Decompiling 0a761540, pcode error at 0a761540: Unable to disassemble EXTERNAL block location: 0a761540  
2026-07-18 15:32:31 WARN  (DecompileCallback) Decompiling 0a761550, pcode error at 0a761550: Unable to disassemble EXTERNAL block location: 0a761550  
2026-07-18 15:32:31 WARN  (DecompileCallback) Decompiling 0a761558, pcode error at 0a761558: Unable to disassemble EXTERNAL block location: 0a761558  
2026-07-18 15:32:31 WARN  (DecompileCallback) Decompiling 0a761560, pcode error at 0a761560: Unable to disassemble EXTERNAL block location: 0a761560  
2026-07-18 15:32:31 WARN  (DecompileCallback) Decompiling 0a761568, pcode error at 0a761568: Unable to disassemble EXTERNAL block location: 0a761568  
2026-07-18 15:32:31 WARN  (DecompileCallback) Decompiling 0a761570, pcode error at 0a761570: Unable to disassemble EXTERNAL block location: 0a761570  
2026-07-18 15:32:31 WARN  (DecompileCallback) Decompiling 0a761578, pcode error at 0a761578: Unable to disassemble EXTERNAL block location: 0a761578  
2026-07-18 15:32:31 WARN  (DecompileCallback) Decompiling 0a761580, pcode error at 0a761580: Unable to disassemble EXTERNAL block location: 0a761580  
2026-07-18 15:32:31 WARN  (DecompileCallback) Decompiling 0a761588, pcode error at 0a761588: Unable to disassemble EXTERNAL block location: 0a761588  
2026-07-18 15:32:31 WARN  (DecompileCallback) Decompiling 0a761590, pcode error at 0a761590: Unable to disassemble EXTERNAL block location: 0a761590  
2026-07-18 15:32:31 WARN  (DecompileCallback) Decompiling 0a761598, pcode error at 0a761598: Unable to disassemble EXTERNAL block location: 0a761598  
2026-07-18 15:32:31 WARN  (DecompileCallback) Decompiling 0a7615a0, pcode error at 0a7615a0: Unable to disassemble EXTERNAL block location: 0a7615a0  
2026-07-18 15:32:31 WARN  (DecompileCallback) Decompiling 0a7615a8, pcode error at 0a7615a8: Unable to disassemble EXTERNAL block location: 0a7615a8  
2026-07-18 15:32:31 WARN  (DecompileCallback) Decompiling 0a7615b0, pcode error at 0a7615b0: Unable to disassemble EXTERNAL block location: 0a7615b0  
2026-07-18 15:32:31 WARN  (DecompileCallback) Decompiling 0a7615b8, pcode error at 0a7615b8: Unable to disassemble EXTERNAL block location: 0a7615b8  
2026-07-18 15:32:31 WARN  (DecompileCallback) Decompiling 0a7615c0, pcode error at 0a7615c0: Unable to disassemble EXTERNAL block location: 0a7615c0  
2026-07-18 15:32:31 WARN  (DecompileCallback) Decompiling 0a7615c8, pcode error at 0a7615c8: Unable to disassemble EXTERNAL block location: 0a7615c8  
2026-07-18 15:32:31 WARN  (DecompileCallback) Decompiling 0a7615d0, pcode error at 0a7615d0: Unable to disassemble EXTERNAL block location: 0a7615d0  
2026-07-18 15:32:31 WARN  (DecompileCallback) Decompiling 0a7615d8, pcode error at 0a7615d8: Unable to disassemble EXTERNAL block location: 0a7615d8  
2026-07-18 15:32:31 WARN  (DecompileCallback) Decompiling 0a7615e0, pcode error at 0a7615e0: Unable to disassemble EXTERNAL block location: 0a7615e0  
2026-07-18 15:32:31 WARN  (DecompileCallback) Decompiling 0a7615e8, pcode error at 0a7615e8: Unable to disassemble EXTERNAL block location: 0a7615e8  
2026-07-18 15:32:31 WARN  (DecompileCallback) Decompiling 0a7615f0, pcode error at 0a7615f0: Unable to disassemble EXTERNAL block location: 0a7615f0  
2026-07-18 15:32:31 WARN  (DecompileCallback) Decompiling 0a7615f8, pcode error at 0a7615f8: Unable to disassemble EXTERNAL block location: 0a7615f8  
2026-07-18 15:32:31 WARN  (DecompileCallback) Decompiling 0a761600, pcode error at 0a761600: Unable to disassemble EXTERNAL block location: 0a761600  
2026-07-18 15:32:31 WARN  (DecompileCallback) Decompiling 0a761608, pcode error at 0a761608: Unable to disassemble EXTERNAL block location: 0a761608  
2026-07-18 15:32:31 WARN  (DecompileCallback) Decompiling 0a761610, pcode error at 0a761610: Unable to disassemble EXTERNAL block location: 0a761610  
2026-07-18 15:32:31 WARN  (DecompileCallback) Decompiling 0a761618, pcode error at 0a761618: Unable to disassemble EXTERNAL block location: 0a761618  
2026-07-18 15:32:31 WARN  (DecompileCallback) Decompiling 0a761620, pcode error at 0a761620: Unable to disassemble EXTERNAL block location: 0a761620  
2026-07-18 15:32:31 WARN  (DecompileCallback) Decompiling 0a761628, pcode error at 0a761628: Unable to disassemble EXTERNAL block location: 0a761628  
2026-07-18 15:32:31 WARN  (DecompileCallback) Decompiling 0a761630, pcode error at 0a761630: Unable to disassemble EXTERNAL block location: 0a761630  
2026-07-18 15:32:31 WARN  (DecompileCallback) Decompiling 0a761638, pcode error at 0a761638: Unable to disassemble EXTERNAL block location: 0a761638  
2026-07-18 15:32:31 WARN  (DecompileCallback) Decompiling 0a761640, pcode error at 0a761640: Unable to disassemble EXTERNAL block location: 0a761640  
2026-07-18 15:32:31 WARN  (DecompileCallback) Decompiling 0a761648, pcode error at 0a761648: Unable to disassemble EXTERNAL block location: 0a761648  
2026-07-18 15:32:31 WARN  (DecompileCallback) Decompiling 0a761650, pcode error at 0a761650: Unable to disassemble EXTERNAL block location: 0a761650  
2026-07-18 15:32:31 WARN  (DecompileCallback) Decompiling 0a761658, pcode error at 0a761658: Unable to disassemble EXTERNAL block location: 0a761658  
2026-07-18 15:32:31 WARN  (DecompileCallback) Decompiling 0a761660, pcode error at 0a761660: Unable to disassemble EXTERNAL block location: 0a761660  
2026-07-18 15:32:31 WARN  (DecompileCallback) Decompiling 0a761668, pcode error at 0a761668: Unable to disassemble EXTERNAL block location: 0a761668  
2026-07-18 15:32:31 WARN  (DecompileCallback) Decompiling 0a761670, pcode error at 0a761670: Unable to disassemble EXTERNAL block location: 0a761670  
2026-07-18 15:32:31 WARN  (DecompileCallback) Decompiling 0a761678, pcode error at 0a761678: Unable to disassemble EXTERNAL block location: 0a761678  
2026-07-18 15:32:31 WARN  (DecompileCallback) Decompiling 0a761680, pcode error at 0a761680: Unable to disassemble EXTERNAL block location: 0a761680  
2026-07-18 15:32:31 WARN  (DecompileCallback) Decompiling 0a761688, pcode error at 0a761688: Unable to disassemble EXTERNAL block location: 0a761688  
2026-07-18 15:32:31 WARN  (DecompileCallback) Decompiling 0a761690, pcode error at 0a761690: Unable to disassemble EXTERNAL block location: 0a761690  
2026-07-18 15:32:31 WARN  (DecompileCallback) Decompiling 0a761698, pcode error at 0a761698: Unable to disassemble EXTERNAL block location: 0a761698  
2026-07-18 15:32:31 WARN  (DecompileCallback) Decompiling 0a7616a0, pcode error at 0a7616a0: Unable to disassemble EXTERNAL block location: 0a7616a0  
2026-07-18 15:32:31 WARN  (DecompileCallback) Decompiling 0a7616a8, pcode error at 0a7616a8: Unable to disassemble EXTERNAL block location: 0a7616a8  
2026-07-18 15:32:31 WARN  (DecompileCallback) Decompiling 0a7616b0, pcode error at 0a7616b0: Unable to disassemble EXTERNAL block location: 0a7616b0  
2026-07-18 15:32:31 WARN  (DecompileCallback) Decompiling 0a7616b8, pcode error at 0a7616b8: Unable to disassemble EXTERNAL block location: 0a7616b8  
2026-07-18 15:32:31 WARN  (DecompileCallback) Decompiling 0a7616c0, pcode error at 0a7616c0: Unable to disassemble EXTERNAL block location: 0a7616c0  
2026-07-18 15:32:31 WARN  (DecompileCallback) Decompiling 0a7616c8, pcode error at 0a7616c8: Unable to disassemble EXTERNAL block location: 0a7616c8  
2026-07-18 15:32:31 WARN  (DecompileCallback) Decompiling 0a7616d0, pcode error at 0a7616d0: Unable to disassemble EXTERNAL block location: 0a7616d0  
2026-07-18 15:32:31 WARN  (DecompileCallback) Decompiling 0a7616d8, pcode error at 0a7616d8: Unable to disassemble EXTERNAL block location: 0a7616d8  
2026-07-18 15:32:31 WARN  (DecompileCallback) Decompiling 0a7616e0, pcode error at 0a7616e0: Unable to disassemble EXTERNAL block location: 0a7616e0  
2026-07-18 15:32:31 WARN  (DecompileCallback) Decompiling 0a7616e8, pcode error at 0a7616e8: Unable to disassemble EXTERNAL block location: 0a7616e8  
2026-07-18 15:32:31 WARN  (DecompileCallback) Decompiling 0a7616f0, pcode error at 0a7616f0: Unable to disassemble EXTERNAL block location: 0a7616f0  
2026-07-18 15:32:31 WARN  (DecompileCallback) Decompiling 0a7616f8, pcode error at 0a7616f8: Unable to disassemble EXTERNAL block location: 0a7616f8  
2026-07-18 15:32:31 WARN  (DecompileCallback) Decompiling 0a761700, pcode error at 0a761700: Unable to disassemble EXTERNAL block location: 0a761700  
2026-07-18 15:32:31 WARN  (DecompileCallback) Decompiling 0a761708, pcode error at 0a761708: Unable to disassemble EXTERNAL block location: 0a761708  
2026-07-18 15:32:31 WARN  (DecompileCallback) Decompiling 0a761710, pcode error at 0a761710: Unable to disassemble EXTERNAL block location: 0a761710  
2026-07-18 15:32:31 WARN  (DecompileCallback) Decompiling 0a761718, pcode error at 0a761718: Unable to disassemble EXTERNAL block location: 0a761718  
2026-07-18 15:32:31 WARN  (DecompileCallback) Decompiling 0a761720, pcode error at 0a761720: Unable to disassemble EXTERNAL block location: 0a761720  
2026-07-18 15:32:31 WARN  (DecompileCallback) Decompiling 0a761728, pcode error at 0a761728: Unable to disassemble EXTERNAL block location: 0a761728  
2026-07-18 15:32:31 WARN  (DecompileCallback) Decompiling 0a761730, pcode error at 0a761730: Unable to disassemble EXTERNAL block location: 0a761730  
2026-07-18 15:32:31 WARN  (DecompileCallback) Decompiling 0a761738, pcode error at 0a761738: Unable to disassemble EXTERNAL block location: 0a761738  
2026-07-18 15:32:31 WARN  (DecompileCallback) Decompiling 0a761740, pcode error at 0a761740: Unable to disassemble EXTERNAL block location: 0a761740  
2026-07-18 15:32:31 WARN  (DecompileCallback) Decompiling 0a761748, pcode error at 0a761748: Unable to disassemble EXTERNAL block location: 0a761748  
2026-07-18 15:32:31 WARN  (DecompileCallback) Decompiling 0a761750, pcode error at 0a761750: Unable to disassemble EXTERNAL block location: 0a761750  
2026-07-18 15:32:31 WARN  (DecompileCallback) Decompiling 0a761758, pcode error at 0a761758: Unable to disassemble EXTERNAL block location: 0a761758  
2026-07-18 15:32:31 WARN  (DecompileCallback) Decompiling 0a761760, pcode error at 0a761760: Unable to disassemble EXTERNAL block location: 0a761760  
2026-07-18 15:32:31 WARN  (DecompileCallback) Decompiling 0a761768, pcode error at 0a761768: Unable to disassemble EXTERNAL block location: 0a761768  
2026-07-18 15:32:31 WARN  (DecompileCallback) Decompiling 0a761770, pcode error at 0a761770: Unable to disassemble EXTERNAL block location: 0a761770  
2026-07-18 15:32:31 WARN  (DecompileCallback) Decompiling 0a761778, pcode error at 0a761778: Unable to disassemble EXTERNAL block location: 0a761778  
2026-07-18 15:32:31 WARN  (DecompileCallback) Decompiling 0a761780, pcode error at 0a761780: Unable to disassemble EXTERNAL block location: 0a761780  
2026-07-18 15:32:31 WARN  (DecompileCallback) Decompiling 0a761788, pcode error at 0a761788: Unable to disassemble EXTERNAL block location: 0a761788  
2026-07-18 15:32:31 WARN  (DecompileCallback) Decompiling 0a761790, pcode error at 0a761790: Unable to disassemble EXTERNAL block location: 0a761790  
2026-07-18 15:32:31 WARN  (DecompileCallback) Decompiling 0a761798, pcode error at 0a761798: Unable to disassemble EXTERNAL block location: 0a761798  
2026-07-18 15:32:31 WARN  (DecompileCallback) Decompiling 0a7617a0, pcode error at 0a7617a0: Unable to disassemble EXTERNAL block location: 0a7617a0  
2026-07-18 15:32:31 WARN  (DecompileCallback) Decompiling 0a7617a8, pcode error at 0a7617a8: Unable to disassemble EXTERNAL block location: 0a7617a8  
2026-07-18 15:32:31 WARN  (DecompileCallback) Decompiling 0a7617b0, pcode error at 0a7617b0: Unable to disassemble EXTERNAL block location: 0a7617b0  
2026-07-18 15:32:31 WARN  (DecompileCallback) Decompiling 0a7617b8, pcode error at 0a7617b8: Unable to disassemble EXTERNAL block location: 0a7617b8  
2026-07-18 15:32:31 WARN  (DecompileCallback) Decompiling 0a7617c0, pcode error at 0a7617c0: Unable to disassemble EXTERNAL block location: 0a7617c0  
2026-07-18 15:32:31 WARN  (DecompileCallback) Decompiling 0a7617c8, pcode error at 0a7617c8: Unable to disassemble EXTERNAL block location: 0a7617c8  
2026-07-18 15:32:31 WARN  (DecompileCallback) Decompiling 0a7617d0, pcode error at 0a7617d0: Unable to disassemble EXTERNAL block location: 0a7617d0  
2026-07-18 15:32:31 WARN  (DecompileCallback) Decompiling 0a7617d8, pcode error at 0a7617d8: Unable to disassemble EXTERNAL block location: 0a7617d8  
2026-07-18 15:32:31 WARN  (DecompileCallback) Decompiling 0a7617e0, pcode error at 0a7617e0: Unable to disassemble EXTERNAL block location: 0a7617e0  
2026-07-18 15:32:31 WARN  (DecompileCallback) Decompiling 0a7617e8, pcode error at 0a7617e8: Unable to disassemble EXTERNAL block location: 0a7617e8  
2026-07-18 15:32:31 WARN  (DecompileCallback) Decompiling 0a7617f0, pcode error at 0a7617f0: Unable to disassemble EXTERNAL block location: 0a7617f0  
2026-07-18 15:32:31 WARN  (DecompileCallback) Decompiling 0a7617f8, pcode error at 0a7617f8: Unable to disassemble EXTERNAL block location: 0a7617f8  
2026-07-18 15:32:31 WARN  (DecompileCallback) Decompiling 0a761800, pcode error at 0a761800: Unable to disassemble EXTERNAL block location: 0a761800  
2026-07-18 15:32:31 WARN  (DecompileCallback) Decompiling 0a761808, pcode error at 0a761808: Unable to disassemble EXTERNAL block location: 0a761808  
2026-07-18 15:32:31 WARN  (DecompileCallback) Decompiling 0a761810, pcode error at 0a761810: Unable to disassemble EXTERNAL block location: 0a761810  
2026-07-18 15:32:31 WARN  (DecompileCallback) Decompiling 0a761818, pcode error at 0a761818: Unable to disassemble EXTERNAL block location: 0a761818  
2026-07-18 15:32:31 WARN  (DecompileCallback) Decompiling 0a761820, pcode error at 0a761820: Unable to disassemble EXTERNAL block location: 0a761820  
2026-07-18 15:32:31 WARN  (DecompileCallback) Decompiling 0a761828, pcode error at 0a761828: Unable to disassemble EXTERNAL block location: 0a761828  
2026-07-18 15:32:31 WARN  (DecompileCallback) Decompiling 0a761830, pcode error at 0a761830: Unable to disassemble EXTERNAL block location: 0a761830  
2026-07-18 15:32:31 WARN  (DecompileCallback) Decompiling 0a761838, pcode error at 0a761838: Unable to disassemble EXTERNAL block location: 0a761838  
2026-07-18 15:32:31 WARN  (DecompileCallback) Decompiling 0a761840, pcode error at 0a761840: Unable to disassemble EXTERNAL block location: 0a761840  
2026-07-18 15:32:31 WARN  (DecompileCallback) Decompiling 0a761848, pcode error at 0a761848: Unable to disassemble EXTERNAL block location: 0a761848  
2026-07-18 15:32:31 WARN  (DecompileCallback) Decompiling 0a761850, pcode error at 0a761850: Unable to disassemble EXTERNAL block location: 0a761850  
2026-07-18 15:32:31 WARN  (DecompileCallback) Decompiling 0a761858, pcode error at 0a761858: Unable to disassemble EXTERNAL block location: 0a761858  
2026-07-18 15:32:31 WARN  (DecompileCallback) Decompiling 0a761860, pcode error at 0a761860: Unable to disassemble EXTERNAL block location: 0a761860  
2026-07-18 15:32:31 WARN  (DecompileCallback) Decompiling 0a761868, pcode error at 0a761868: Unable to disassemble EXTERNAL block location: 0a761868  
2026-07-18 15:32:31 WARN  (DecompileCallback) Decompiling 0a761870, pcode error at 0a761870: Unable to disassemble EXTERNAL block location: 0a761870  
2026-07-18 15:32:31 WARN  (DecompileCallback) Decompiling 0a761878, pcode error at 0a761878: Unable to disassemble EXTERNAL block location: 0a761878  
2026-07-18 15:32:31 WARN  (DecompileCallback) Decompiling 0a761880, pcode error at 0a761880: Unable to disassemble EXTERNAL block location: 0a761880  
2026-07-18 15:32:31 WARN  (DecompileCallback) Decompiling 0a761888, pcode error at 0a761888: Unable to disassemble EXTERNAL block location: 0a761888  
2026-07-18 15:32:31 WARN  (DecompileCallback) Decompiling 0a761890, pcode error at 0a761890: Unable to disassemble EXTERNAL block location: 0a761890  
2026-07-18 15:32:31 WARN  (DecompileCallback) Decompiling 0a761898, pcode error at 0a761898: Unable to disassemble EXTERNAL block location: 0a761898  
2026-07-18 15:32:31 WARN  (DecompileCallback) Decompiling 0a7618a0, pcode error at 0a7618a0: Unable to disassemble EXTERNAL block location: 0a7618a0  
2026-07-18 15:32:31 WARN  (DecompileCallback) Decompiling 0a7618a8, pcode error at 0a7618a8: Unable to disassemble EXTERNAL block location: 0a7618a8  
2026-07-18 15:32:31 WARN  (DecompileCallback) Decompiling 0a7618b0, pcode error at 0a7618b0: Unable to disassemble EXTERNAL block location: 0a7618b0  
2026-07-18 15:32:31 WARN  (DecompileCallback) Decompiling 0a7618b8, pcode error at 0a7618b8: Unable to disassemble EXTERNAL block location: 0a7618b8  
2026-07-18 15:32:31 WARN  (DecompileCallback) Decompiling 0a7618c0, pcode error at 0a7618c0: Unable to disassemble EXTERNAL block location: 0a7618c0  
2026-07-18 15:32:31 WARN  (DecompileCallback) Decompiling 0a7618c8, pcode error at 0a7618c8: Unable to disassemble EXTERNAL block location: 0a7618c8  
2026-07-18 15:32:31 WARN  (DecompileCallback) Decompiling 0a7618d0, pcode error at 0a7618d0: Unable to disassemble EXTERNAL block location: 0a7618d0  
2026-07-18 15:32:31 WARN  (DecompileCallback) Decompiling 0a7618d8, pcode error at 0a7618d8: Unable to disassemble EXTERNAL block location: 0a7618d8  
2026-07-18 15:32:31 WARN  (DecompileCallback) Decompiling 0a7618e0, pcode error at 0a7618e0: Unable to disassemble EXTERNAL block location: 0a7618e0  
2026-07-18 15:32:31 WARN  (DecompileCallback) Decompiling 0a7618e8, pcode error at 0a7618e8: Unable to disassemble EXTERNAL block location: 0a7618e8  
2026-07-18 15:32:31 WARN  (DecompileCallback) Decompiling 0a7618f0, pcode error at 0a7618f0: Unable to disassemble EXTERNAL block location: 0a7618f0  
2026-07-18 15:32:31 WARN  (DecompileCallback) Decompiling 0a7618f8, pcode error at 0a7618f8: Unable to disassemble EXTERNAL block location: 0a7618f8  
2026-07-18 15:32:31 WARN  (DecompileCallback) Decompiling 0a761900, pcode error at 0a761900: Unable to disassemble EXTERNAL block location: 0a761900  
2026-07-18 15:32:31 WARN  (DecompileCallback) Decompiling 0a761908, pcode error at 0a761908: Unable to disassemble EXTERNAL block location: 0a761908  
2026-07-18 15:32:31 WARN  (DecompileCallback) Decompiling 0a761910, pcode error at 0a761910: Unable to disassemble EXTERNAL block location: 0a761910  
2026-07-18 15:32:31 WARN  (DecompileCallback) Decompiling 0a761918, pcode error at 0a761918: Unable to disassemble EXTERNAL block location: 0a761918  
2026-07-18 15:32:31 WARN  (DecompileCallback) Decompiling 0a761920, pcode error at 0a761920: Unable to disassemble EXTERNAL block location: 0a761920  
2026-07-18 15:32:31 WARN  (DecompileCallback) Decompiling 0a761928, pcode error at 0a761928: Unable to disassemble EXTERNAL block location: 0a761928  
2026-07-18 15:32:31 WARN  (DecompileCallback) Decompiling 0a761930, pcode error at 0a761930: Unable to disassemble EXTERNAL block location: 0a761930  
2026-07-18 15:32:31 WARN  (DecompileCallback) Decompiling 0a761938, pcode error at 0a761938: Unable to disassemble EXTERNAL block location: 0a761938  
2026-07-18 15:32:31 INFO  (GhidraScript) GeneralStructureEyePatternScan.java> General structure scan complete.  
2026-07-18 15:32:31 INFO  (GhidraScript) GeneralStructureEyePatternScan.java> Total functions scanned: 1132596  
2026-07-18 15:32:31 INFO  (GhidraScript) GeneralStructureEyePatternScan.java> Exported functions: 2638  
2026-07-18 15:32:31 INFO  (GhidraScript) GeneralStructureEyePatternScan.java> Decompile failures: 420  
2026-07-18 15:32:31 INFO  (GhidraScript) GeneralStructureEyePatternScan.java> Report CSV: C:\realDesktop\manifest-evaluations\summer-26\ghidra-pipeline\il2cpp-files\MatchPointTennis\general-structure-results\structure_scan_report.csv  
2026-07-18 15:32:31 INFO  (GhidraScript) GeneralStructureEyePatternScan.java> Report JSON: C:\realDesktop\manifest-evaluations\summer-26\ghidra-pipeline\il2cpp-files\MatchPointTennis\general-structure-results\structure_scan_report.json  
2026-07-18 15:32:31 INFO  (HeadlessAnalyzer) REPORT: Save succeeded for processed file: /MatchPointTennis-libil2cpp.so  
