2026-07-15 13:03:31 INFO  (LoggingInitialization) Using log config file: jar:file:/C:/Users/kimgiordano27/Downloads/ghidra_12.1.2_PUBLIC_20260605/ghidra_12.1.2_PUBLIC/Ghidra/Framework/Generic/lib/Generic.jar!/generic.log4j.xml  
2026-07-15 13:03:31 INFO  (LoggingInitialization) Using log file: C:\realDesktop\manifest-evaluations\summer-26\ghidra-pipeline\il2cpp-files\Hyper\general-structure-ghidra.log  
2026-07-15 13:03:31 DEBUG (GhidraObjectInputFilter) Including serial input filter: FileSystem/data/client.rmi.serial.filter  
2026-07-15 13:03:31 INFO  (Preferences) Loading user preferences: C:\Users\kimgiordano27\AppData\Roaming\ghidra\ghidra_12.1.2_PUBLIC\preferences  
2026-07-15 13:03:31 INFO  (ClassSearcher) Searching for classes...  
2026-07-15 13:03:32 INFO  (ClassSearcher) Class search complete (551 ms)  
2026-07-15 13:03:32 INFO  (DefaultSSLContextInitializer) Initializing SSL Context  
2026-07-15 13:03:32 INFO  (SecureRandomFactory) Initializing Random Number Generator...  
2026-07-15 13:03:32 INFO  (SecureRandomFactory) Random Number Generator initialization complete: SHA1PRNG  
2026-07-15 13:03:32 INFO  (DefaultTrustManagerFactory) Trust manager disabled, cacerts have not been set  
2026-07-15 13:03:32 INFO  (AnalyzeHeadless) Headless startup complete (1695 ms)  
2026-07-15 13:03:32 INFO  (ClassSearcher) Class searcher loaded 59 extension points (20 false positives)  
2026-07-15 13:03:33 INFO  (HeadlessAnalyzer) HEADLESS Script Paths:
    C:\Users\kimgiordano27\Downloads\ghidra_12.1.2_PUBLIC_20260605\ghidra_12.1.2_PUBLIC\Ghidra\Features\DecompilerDependent\ghidra_scripts
    C:\Users\kimgiordano27\Downloads\ghidra_12.1.2_PUBLIC_20260605\ghidra_12.1.2_PUBLIC\Ghidra\Processors\Atmel\ghidra_scripts
    C:\Users\kimgiordano27\Downloads\ghidra_12.1.2_PUBLIC_20260605\ghidra_12.1.2_PUBLIC\Ghidra\Processors\PIC\ghidra_scripts
    C:\Users\kimgiordano27\Downloads\ghidra_12.1.2_PUBLIC_20260605\ghidra_12.1.2_PUBLIC\Ghidra\Features\VersionTracking\ghidra_scripts
    C:\Users\kimgiordano27\Downloads\ghidra_12.1.2_PUBLIC_20260605\ghidra_12.1.2_PUBLIC\Ghidra\Features\BytePatterns\ghidra_scripts
    C:\Users\kimgiordano27\ghidra_scripts
    C:\Users\kimgiordano27\Downloads\ghidra_12.1.2_PUBLIC_20260605\ghidra_12.1.2_PUBLIC\Ghidra\Features\BSim\ghidra_scripts
    C:\realDesktop\manifest-evaluations\summer-26\ghidra-pipeline\ghidra-export-scripts
    C:\Users\kimgiordano27\Downloads\ghidra_12.1.2_PUBLIC_20260605\ghidra_12.1.2_PUBLIC\Ghidra\Processors\JVM\ghidra_scripts
    C:\Users\kimgiordano27\Downloads\ghidra_12.1.2_PUBLIC_20260605\ghidra_12.1.2_PUBLIC\Ghidra\Features\Base\ghidra_scripts
    C:\Users\kimgiordano27\Downloads\ghidra_12.1.2_PUBLIC_20260605\ghidra_12.1.2_PUBLIC\Ghidra\Features\SwiftDemangler\ghidra_scripts
    C:\Users\kimgiordano27\Downloads\ghidra_12.1.2_PUBLIC_20260605\ghidra_12.1.2_PUBLIC\Ghidra\Features\WildcardAssembler\ghidra_scripts
    C:\Users\kimgiordano27\Downloads\ghidra_12.1.2_PUBLIC_20260605\ghidra_12.1.2_PUBLIC\Ghidra\Features\FileFormats\ghidra_scripts
    C:\Users\kimgiordano27\Downloads\ghidra_12.1.2_PUBLIC_20260605\ghidra_12.1.2_PUBLIC\Ghidra\Features\Decompiler\ghidra_scripts
    C:\Users\kimgiordano27\Downloads\ghidra_12.1.2_PUBLIC_20260605\ghidra_12.1.2_PUBLIC\Ghidra\Features\SystemEmulation\ghidra_scripts
    C:\Users\kimgiordano27\Downloads\ghidra_12.1.2_PUBLIC_20260605\ghidra_12.1.2_PUBLIC\Ghidra\Processors\8051\ghidra_scripts
    C:\Users\kimgiordano27\Downloads\ghidra_12.1.2_PUBLIC_20260605\ghidra_12.1.2_PUBLIC\Ghidra\Features\GnuDemangler\ghidra_scripts
    C:\Users\kimgiordano27\Downloads\ghidra_12.1.2_PUBLIC_20260605\ghidra_12.1.2_PUBLIC\Ghidra\Debug\Debugger\ghidra_scripts
    C:\Users\kimgiordano27\Downloads\ghidra_12.1.2_PUBLIC_20260605\ghidra_12.1.2_PUBLIC\Ghidra\Processors\DATA\ghidra_scripts
    C:\Users\kimgiordano27\Downloads\ghidra_12.1.2_PUBLIC_20260605\ghidra_12.1.2_PUBLIC\Ghidra\Debug\Debugger-rmi-trace\ghidra_scripts
    C:\Users\kimgiordano27\Downloads\ghidra_12.1.2_PUBLIC_20260605\ghidra_12.1.2_PUBLIC\Ghidra\Features\FunctionID\ghidra_scripts
    C:\Users\kimgiordano27\Downloads\ghidra_12.1.2_PUBLIC_20260605\ghidra_12.1.2_PUBLIC\Ghidra\Features\MicrosoftCodeAnalyzer\ghidra_scripts
    C:\Users\kimgiordano27\Downloads\ghidra_12.1.2_PUBLIC_20260605\ghidra_12.1.2_PUBLIC\Ghidra\Features\PDB\ghidra_scripts
    C:\Users\kimgiordano27\AppData\Roaming\ghidra\ghidra_12.1.2_PUBLIC\Extensions\Jython\ghidra_scripts
    C:\Users\kimgiordano27\Downloads\ghidra_12.1.2_PUBLIC_20260605\ghidra_12.1.2_PUBLIC\Ghidra\Features\PyGhidra\ghidra_scripts  
2026-07-15 13:03:33 INFO  (HeadlessAnalyzer) HEADLESS: execution starts  
2026-07-15 13:03:33 INFO  (HeadlessAnalyzer) Opening existing project: C:\realDesktop\manifest-evaluations\summer-26\ghidra-pipeline\il2cpp-files\Hyper\ghidra-project-Hyper\Hyper  
2026-07-15 13:03:33 INFO  (HeadlessProject) Opening project: C:\realDesktop\manifest-evaluations\summer-26\ghidra-pipeline\il2cpp-files\Hyper\ghidra-project-Hyper\Hyper  
2026-07-15 13:03:33 INFO  (LocalFileSystem) /Hyper-libil2cpp.so: checkout (2) granted (kimgiordano27)  
2026-07-15 13:03:39 INFO  (HeadlessAnalyzer) REPORT: Processing project file: /Hyper-libil2cpp.so  
2026-07-15 13:03:40 INFO  (HeadlessAnalyzer) REPORT: Execute script: GeneralStructureEyePatternScan.java 'C:\realDesktop\manifest-evaluations\summer-26\ghidra-pipeline\il2cpp-files\Hyper\general-structure-results' '70' 'false'   
2026-07-15 13:03:40 INFO  (HeadlessAnalyzer) SCRIPT: C:\realDesktop\manifest-evaluations\summer-26\ghidra-pipeline\ghidra-export-scripts\GeneralStructureEyePatternScan.java  
2026-07-15 13:03:40 INFO  (GhidraScript) GeneralStructureEyePatternScan.java> General structure scan starting...  
2026-07-15 13:03:40 INFO  (GhidraScript) GeneralStructureEyePatternScan.java> Output: C:\realDesktop\manifest-evaluations\summer-26\ghidra-pipeline\il2cpp-files\Hyper\general-structure-results  
2026-07-15 13:03:40 INFO  (GhidraScript) GeneralStructureEyePatternScan.java> Minimum review score: 70  
2026-07-15 13:03:40 INFO  (GhidraScript) GeneralStructureEyePatternScan.java> Export all: false  
2026-07-15 13:04:03 INFO  (GhidraScript) GeneralStructureEyePatternScan.java> Scanned 10000 functions. Exported so far: 0  
2026-07-15 13:04:15 INFO  (GhidraScript) GeneralStructureEyePatternScan.java> Scanned 20000 functions. Exported so far: 0  
2026-07-15 13:04:35 INFO  (GhidraScript) GeneralStructureEyePatternScan.java> Scanned 30000 functions. Exported so far: 0  
2026-07-15 13:04:44 INFO  (GhidraScript) GeneralStructureEyePatternScan.java> Scanned 40000 functions. Exported so far: 0  
2026-07-15 13:04:54 INFO  (GhidraScript) GeneralStructureEyePatternScan.java> Scanned 50000 functions. Exported so far: 0  
2026-07-15 13:05:12 INFO  (GhidraScript) GeneralStructureEyePatternScan.java> Scanned 60000 functions. Exported so far: 0  
2026-07-15 13:05:39 INFO  (GhidraScript) GeneralStructureEyePatternScan.java> Scanned 70000 functions. Exported so far: 0  
2026-07-15 13:05:58 INFO  (GhidraScript) GeneralStructureEyePatternScan.java> Scanned 80000 functions. Exported so far: 0  
2026-07-15 13:06:27 INFO  (GhidraScript) GeneralStructureEyePatternScan.java> Scanned 90000 functions. Exported so far: 0  
2026-07-15 13:06:46 INFO  (GhidraScript) GeneralStructureEyePatternScan.java> Scanned 100000 functions. Exported so far: 0  
2026-07-15 13:07:06 INFO  (GhidraScript) GeneralStructureEyePatternScan.java> Scanned 110000 functions. Exported so far: 0  
2026-07-15 13:07:25 INFO  (GhidraScript) GeneralStructureEyePatternScan.java> Scanned 120000 functions. Exported so far: 0  
2026-07-15 13:07:42 INFO  (GhidraScript) GeneralStructureEyePatternScan.java> Scanned 130000 functions. Exported so far: 0  
2026-07-15 13:08:03 INFO  (GhidraScript) GeneralStructureEyePatternScan.java> Scanned 140000 functions. Exported so far: 0  
2026-07-15 13:08:31 INFO  (GhidraScript) GeneralStructureEyePatternScan.java> Scanned 150000 functions. Exported so far: 0  
2026-07-15 13:08:50 INFO  (GhidraScript) GeneralStructureEyePatternScan.java> Scanned 160000 functions. Exported so far: 0  
2026-07-15 13:09:14 INFO  (GhidraScript) GeneralStructureEyePatternScan.java> Scanned 170000 functions. Exported so far: 0  
2026-07-15 13:09:31 INFO  (GhidraScript) GeneralStructureEyePatternScan.java> Scanned 180000 functions. Exported so far: 0  
2026-07-15 13:09:46 INFO  (GhidraScript) GeneralStructureEyePatternScan.java> Scanned 190000 functions. Exported so far: 0  
2026-07-15 13:10:12 INFO  (GhidraScript) GeneralStructureEyePatternScan.java> Scanned 200000 functions. Exported so far: 5  
2026-07-15 13:13:14 INFO  (GhidraScript) GeneralStructureEyePatternScan.java> Scanned 210000 functions. Exported so far: 39  
2026-07-15 13:28:04 INFO  (GhidraScript) GeneralStructureEyePatternScan.java> Scanned 220000 functions. Exported so far: 48  
2026-07-15 13:31:36 INFO  (GhidraScript) GeneralStructureEyePatternScan.java> Scanned 230000 functions. Exported so far: 101  
2026-07-15 13:39:49 INFO  (GhidraScript) GeneralStructureEyePatternScan.java> Scanned 240000 functions. Exported so far: 101  
2026-07-15 13:54:11 INFO  (GhidraScript) GeneralStructureEyePatternScan.java> Scanned 250000 functions. Exported so far: 116  
2026-07-15 13:57:10 INFO  (GhidraScript) GeneralStructureEyePatternScan.java> Scanned 260000 functions. Exported so far: 118  
2026-07-15 14:00:13 INFO  (GhidraScript) GeneralStructureEyePatternScan.java> Scanned 270000 functions. Exported so far: 119  
2026-07-15 14:03:08 INFO  (GhidraScript) GeneralStructureEyePatternScan.java> Scanned 280000 functions. Exported so far: 127  
2026-07-15 14:07:05 INFO  (GhidraScript) GeneralStructureEyePatternScan.java> Scanned 290000 functions. Exported so far: 127  
2026-07-15 14:09:39 INFO  (GhidraScript) GeneralStructureEyePatternScan.java> Scanned 300000 functions. Exported so far: 149  
2026-07-15 14:10:43 INFO  (GhidraScript) GeneralStructureEyePatternScan.java> Scanned 310000 functions. Exported so far: 158  
2026-07-15 14:11:29 INFO  (GhidraScript) GeneralStructureEyePatternScan.java> Scanned 320000 functions. Exported so far: 169  
2026-07-15 14:12:32 INFO  (GhidraScript) GeneralStructureEyePatternScan.java> Scanned 330000 functions. Exported so far: 175  
2026-07-15 14:13:44 INFO  (GhidraScript) GeneralStructureEyePatternScan.java> Scanned 340000 functions. Exported so far: 177  
2026-07-15 14:15:49 INFO  (GhidraScript) GeneralStructureEyePatternScan.java> Scanned 350000 functions. Exported so far: 187  
2026-07-15 14:17:15 INFO  (GhidraScript) GeneralStructureEyePatternScan.java> Scanned 360000 functions. Exported so far: 194  
2026-07-15 14:20:32 INFO  (GhidraScript) GeneralStructureEyePatternScan.java> Scanned 370000 functions. Exported so far: 196  
2026-07-15 14:21:52 INFO  (GhidraScript) GeneralStructureEyePatternScan.java> Scanned 380000 functions. Exported so far: 223  
2026-07-15 14:22:41 INFO  (GhidraScript) GeneralStructureEyePatternScan.java> Scanned 390000 functions. Exported so far: 224  
2026-07-15 14:23:27 INFO  (GhidraScript) GeneralStructureEyePatternScan.java> Scanned 400000 functions. Exported so far: 224  
2026-07-15 14:25:39 INFO  (GhidraScript) GeneralStructureEyePatternScan.java> Scanned 410000 functions. Exported so far: 225  
2026-07-15 14:27:46 INFO  (GhidraScript) GeneralStructureEyePatternScan.java> Scanned 420000 functions. Exported so far: 225  
2026-07-15 14:28:44 INFO  (GhidraScript) GeneralStructureEyePatternScan.java> Scanned 430000 functions. Exported so far: 225  
2026-07-15 14:30:08 INFO  (GhidraScript) GeneralStructureEyePatternScan.java> Scanned 440000 functions. Exported so far: 228  
2026-07-15 14:32:04 INFO  (GhidraScript) GeneralStructureEyePatternScan.java> Scanned 450000 functions. Exported so far: 250  
2026-07-15 14:33:23 INFO  (GhidraScript) GeneralStructureEyePatternScan.java> Scanned 460000 functions. Exported so far: 290  
2026-07-15 14:33:49 INFO  (GhidraScript) GeneralStructureEyePatternScan.java> Scanned 470000 functions. Exported so far: 290  
2026-07-15 14:34:48 INFO  (GhidraScript) GeneralStructureEyePatternScan.java> Scanned 480000 functions. Exported so far: 290  
2026-07-15 14:36:01 INFO  (GhidraScript) GeneralStructureEyePatternScan.java> Scanned 490000 functions. Exported so far: 290  
2026-07-15 14:36:52 INFO  (GhidraScript) GeneralStructureEyePatternScan.java> Scanned 500000 functions. Exported so far: 290  
2026-07-15 14:37:57 INFO  (GhidraScript) GeneralStructureEyePatternScan.java> Scanned 510000 functions. Exported so far: 292  
2026-07-15 14:38:57 INFO  (GhidraScript) GeneralStructureEyePatternScan.java> Scanned 520000 functions. Exported so far: 292  
2026-07-15 14:40:07 INFO  (GhidraScript) GeneralStructureEyePatternScan.java> Scanned 530000 functions. Exported so far: 292  
2026-07-15 14:41:08 INFO  (GhidraScript) GeneralStructureEyePatternScan.java> Scanned 540000 functions. Exported so far: 293  
2026-07-15 14:42:14 INFO  (GhidraScript) GeneralStructureEyePatternScan.java> Scanned 550000 functions. Exported so far: 301  
2026-07-15 14:43:40 INFO  (GhidraScript) GeneralStructureEyePatternScan.java> Scanned 560000 functions. Exported so far: 474  
2026-07-15 14:44:36 INFO  (GhidraScript) GeneralStructureEyePatternScan.java> Scanned 570000 functions. Exported so far: 474  
2026-07-15 14:46:01 INFO  (GhidraScript) GeneralStructureEyePatternScan.java> Scanned 580000 functions. Exported so far: 480  
2026-07-15 14:47:06 INFO  (GhidraScript) GeneralStructureEyePatternScan.java> Scanned 590000 functions. Exported so far: 486  
2026-07-15 14:48:11 INFO  (GhidraScript) GeneralStructureEyePatternScan.java> Scanned 600000 functions. Exported so far: 506  
2026-07-15 14:49:17 INFO  (GhidraScript) GeneralStructureEyePatternScan.java> Scanned 610000 functions. Exported so far: 506  
2026-07-15 14:50:19 INFO  (GhidraScript) GeneralStructureEyePatternScan.java> Scanned 620000 functions. Exported so far: 506  
2026-07-15 14:51:21 INFO  (GhidraScript) GeneralStructureEyePatternScan.java> Scanned 630000 functions. Exported so far: 521  
2026-07-15 14:52:28 INFO  (GhidraScript) GeneralStructureEyePatternScan.java> Scanned 640000 functions. Exported so far: 522  
2026-07-15 14:53:47 INFO  (GhidraScript) GeneralStructureEyePatternScan.java> Scanned 650000 functions. Exported so far: 544  
2026-07-15 14:55:04 INFO  (GhidraScript) GeneralStructureEyePatternScan.java> Scanned 660000 functions. Exported so far: 544  
2026-07-15 14:56:37 INFO  (GhidraScript) GeneralStructureEyePatternScan.java> Scanned 670000 functions. Exported so far: 559  
2026-07-15 14:59:08 INFO  (GhidraScript) GeneralStructureEyePatternScan.java> Scanned 680000 functions. Exported so far: 563  
2026-07-15 15:00:08 INFO  (GhidraScript) GeneralStructureEyePatternScan.java> Scanned 690000 functions. Exported so far: 563  
2026-07-15 15:05:43 INFO  (GhidraScript) GeneralStructureEyePatternScan.java> Scanned 700000 functions. Exported so far: 577  
2026-07-15 15:12:20 INFO  (GhidraScript) GeneralStructureEyePatternScan.java> Scanned 710000 functions. Exported so far: 577  
2026-07-15 15:13:18 INFO  (GhidraScript) GeneralStructureEyePatternScan.java> Scanned 720000 functions. Exported so far: 577  
2026-07-15 15:15:13 INFO  (GhidraScript) GeneralStructureEyePatternScan.java> Scanned 730000 functions. Exported so far: 580  
2026-07-15 15:17:10 INFO  (GhidraScript) GeneralStructureEyePatternScan.java> Scanned 740000 functions. Exported so far: 580  
2026-07-15 15:18:37 INFO  (GhidraScript) GeneralStructureEyePatternScan.java> Scanned 750000 functions. Exported so far: 580  
2026-07-15 15:20:04 INFO  (GhidraScript) GeneralStructureEyePatternScan.java> Scanned 760000 functions. Exported so far: 580  
2026-07-15 15:22:10 INFO  (GhidraScript) GeneralStructureEyePatternScan.java> Scanned 770000 functions. Exported so far: 580  
2026-07-15 15:24:00 INFO  (GhidraScript) GeneralStructureEyePatternScan.java> Scanned 780000 functions. Exported so far: 586  
2026-07-15 15:26:08 INFO  (GhidraScript) GeneralStructureEyePatternScan.java> Scanned 790000 functions. Exported so far: 650  
2026-07-15 15:26:38 INFO  (GhidraScript) GeneralStructureEyePatternScan.java> Scanned 800000 functions. Exported so far: 650  
2026-07-15 16:11:57 INFO  (GhidraScript) GeneralStructureEyePatternScan.java> Scanned 810000 functions. Exported so far: 658  
2026-07-15 16:34:50 INFO  (GhidraScript) GeneralStructureEyePatternScan.java> Scanned 820000 functions. Exported so far: 759  
2026-07-15 16:37:51 INFO  (GhidraScript) GeneralStructureEyePatternScan.java> Scanned 830000 functions. Exported so far: 1066  
2026-07-15 16:42:09 INFO  (GhidraScript) GeneralStructureEyePatternScan.java> Scanned 840000 functions. Exported so far: 1066  
2026-07-15 17:43:43 INFO  (GhidraScript) GeneralStructureEyePatternScan.java> Scanned 850000 functions. Exported so far: 1066  
2026-07-15 17:45:35 INFO  (GhidraScript) GeneralStructureEyePatternScan.java> Scanned 860000 functions. Exported so far: 1221  
2026-07-15 17:48:14 INFO  (GhidraScript) GeneralStructureEyePatternScan.java> Scanned 870000 functions. Exported so far: 1294  
2026-07-15 17:50:58 INFO  (GhidraScript) GeneralStructureEyePatternScan.java> Scanned 880000 functions. Exported so far: 1309  
2026-07-15 17:53:06 INFO  (GhidraScript) GeneralStructureEyePatternScan.java> Scanned 890000 functions. Exported so far: 1966  
2026-07-15 17:56:52 INFO  (GhidraScript) GeneralStructureEyePatternScan.java> Scanned 900000 functions. Exported so far: 2000  
2026-07-15 17:59:33 INFO  (GhidraScript) GeneralStructureEyePatternScan.java> Scanned 910000 functions. Exported so far: 2000  
2026-07-15 18:01:03 INFO  (GhidraScript) GeneralStructureEyePatternScan.java> Scanned 920000 functions. Exported so far: 2002  
2026-07-15 18:03:22 INFO  (GhidraScript) GeneralStructureEyePatternScan.java> Scanned 930000 functions. Exported so far: 2010  
2026-07-15 18:04:50 INFO  (GhidraScript) GeneralStructureEyePatternScan.java> Scanned 940000 functions. Exported so far: 2012  
2026-07-15 18:06:57 INFO  (GhidraScript) GeneralStructureEyePatternScan.java> Scanned 950000 functions. Exported so far: 2012  
2026-07-15 18:11:29 INFO  (GhidraScript) GeneralStructureEyePatternScan.java> Scanned 960000 functions. Exported so far: 2012  
2026-07-15 18:15:06 INFO  (GhidraScript) GeneralStructureEyePatternScan.java> Scanned 970000 functions. Exported so far: 2012  
2026-07-15 18:20:24 INFO  (GhidraScript) GeneralStructureEyePatternScan.java> Scanned 980000 functions. Exported so far: 2013  
2026-07-15 18:39:26 INFO  (GhidraScript) GeneralStructureEyePatternScan.java> Scanned 990000 functions. Exported so far: 2021  
2026-07-15 18:41:57 INFO  (GhidraScript) GeneralStructureEyePatternScan.java> Scanned 1000000 functions. Exported so far: 2051  
2026-07-15 18:42:58 INFO  (GhidraScript) GeneralStructureEyePatternScan.java> Scanned 1010000 functions. Exported so far: 2055  
2026-07-15 18:48:40 INFO  (GhidraScript) GeneralStructureEyePatternScan.java> Scanned 1020000 functions. Exported so far: 2055  
2026-07-15 18:50:15 INFO  (GhidraScript) GeneralStructureEyePatternScan.java> Scanned 1030000 functions. Exported so far: 2057  
2026-07-15 18:52:29 INFO  (GhidraScript) GeneralStructureEyePatternScan.java> Scanned 1040000 functions. Exported so far: 2057  
2026-07-15 19:44:28 INFO  (GhidraScript) GeneralStructureEyePatternScan.java> Scanned 1050000 functions. Exported so far: 2058  
2026-07-15 19:49:59 INFO  (GhidraScript) GeneralStructureEyePatternScan.java> Scanned 1060000 functions. Exported so far: 2065  
2026-07-15 19:51:34 INFO  (GhidraScript) GeneralStructureEyePatternScan.java> Scanned 1070000 functions. Exported so far: 2071  
2026-07-15 19:56:19 INFO  (GhidraScript) GeneralStructureEyePatternScan.java> Scanned 1080000 functions. Exported so far: 2072  
2026-07-15 20:01:02 INFO  (GhidraScript) GeneralStructureEyePatternScan.java> Scanned 1090000 functions. Exported so far: 2072  
2026-07-15 20:04:33 INFO  (GhidraScript) GeneralStructureEyePatternScan.java> Scanned 1100000 functions. Exported so far: 2072  
2026-07-15 20:07:53 INFO  (GhidraScript) GeneralStructureEyePatternScan.java> Scanned 1110000 functions. Exported so far: 2096  
2026-07-15 20:08:31 WARN  (DecompileCallback) Decompiling 0b55d000, pcode error at 0b55d000: Unable to disassemble EXTERNAL block location: 0b55d000  
2026-07-15 20:08:31 WARN  (DecompileCallback) Decompiling 0b55d008, pcode error at 0b55d008: Unable to disassemble EXTERNAL block location: 0b55d008  
2026-07-15 20:08:31 WARN  (DecompileCallback) Decompiling 0b55d010, pcode error at 0b55d010: Unable to disassemble EXTERNAL block location: 0b55d010  
2026-07-15 20:08:31 WARN  (DecompileCallback) Decompiling 0b55d018, pcode error at 0b55d018: Unable to disassemble EXTERNAL block location: 0b55d018  
2026-07-15 20:08:31 WARN  (DecompileCallback) Decompiling 0b55d020, pcode error at 0b55d020: Unable to disassemble EXTERNAL block location: 0b55d020  
2026-07-15 20:08:31 WARN  (DecompileCallback) Decompiling 0b55d028, pcode error at 0b55d028: Unable to disassemble EXTERNAL block location: 0b55d028  
2026-07-15 20:08:31 WARN  (DecompileCallback) Decompiling 0b55d030, pcode error at 0b55d030: Unable to disassemble EXTERNAL block location: 0b55d030  
2026-07-15 20:08:31 WARN  (DecompileCallback) Decompiling 0b55d038, pcode error at 0b55d038: Unable to disassemble EXTERNAL block location: 0b55d038  
2026-07-15 20:08:31 WARN  (DecompileCallback) Decompiling 0b55d040, pcode error at 0b55d040: Unable to disassemble EXTERNAL block location: 0b55d040  
2026-07-15 20:08:31 WARN  (DecompileCallback) Decompiling 0b55d048, pcode error at 0b55d048: Unable to disassemble EXTERNAL block location: 0b55d048  
2026-07-15 20:08:31 WARN  (DecompileCallback) Decompiling 0b55d050, pcode error at 0b55d050: Unable to disassemble EXTERNAL block location: 0b55d050  
2026-07-15 20:08:31 WARN  (DecompileCallback) Decompiling 0b55d058, pcode error at 0b55d058: Unable to disassemble EXTERNAL block location: 0b55d058  
2026-07-15 20:08:31 WARN  (DecompileCallback) Decompiling 0b55d060, pcode error at 0b55d060: Unable to disassemble EXTERNAL block location: 0b55d060  
2026-07-15 20:08:31 WARN  (DecompileCallback) Decompiling 0b55d068, pcode error at 0b55d068: Unable to disassemble EXTERNAL block location: 0b55d068  
2026-07-15 20:08:31 WARN  (DecompileCallback) Decompiling 0b55d070, pcode error at 0b55d070: Unable to disassemble EXTERNAL block location: 0b55d070  
2026-07-15 20:08:31 WARN  (DecompileCallback) Decompiling 0b55d078, pcode error at 0b55d078: Unable to disassemble EXTERNAL block location: 0b55d078  
2026-07-15 20:08:31 WARN  (DecompileCallback) Decompiling 0b55d080, pcode error at 0b55d080: Unable to disassemble EXTERNAL block location: 0b55d080  
2026-07-15 20:08:31 WARN  (DecompileCallback) Decompiling 0b55d088, pcode error at 0b55d088: Unable to disassemble EXTERNAL block location: 0b55d088  
2026-07-15 20:08:31 WARN  (DecompileCallback) Decompiling 0b55d090, pcode error at 0b55d090: Unable to disassemble EXTERNAL block location: 0b55d090  
2026-07-15 20:08:31 WARN  (DecompileCallback) Decompiling 0b55d098, pcode error at 0b55d098: Unable to disassemble EXTERNAL block location: 0b55d098  
2026-07-15 20:08:31 WARN  (DecompileCallback) Decompiling 0b55d0a0, pcode error at 0b55d0a0: Unable to disassemble EXTERNAL block location: 0b55d0a0  
2026-07-15 20:08:31 WARN  (DecompileCallback) Decompiling 0b55d0a8, pcode error at 0b55d0a8: Unable to disassemble EXTERNAL block location: 0b55d0a8  
2026-07-15 20:08:31 WARN  (DecompileCallback) Decompiling 0b55d0b0, pcode error at 0b55d0b0: Unable to disassemble EXTERNAL block location: 0b55d0b0  
2026-07-15 20:08:31 WARN  (DecompileCallback) Decompiling 0b55d0b8, pcode error at 0b55d0b8: Unable to disassemble EXTERNAL block location: 0b55d0b8  
2026-07-15 20:08:31 WARN  (DecompileCallback) Decompiling 0b55d0c0, pcode error at 0b55d0c0: Unable to disassemble EXTERNAL block location: 0b55d0c0  
2026-07-15 20:08:31 WARN  (DecompileCallback) Decompiling 0b55d0c8, pcode error at 0b55d0c8: Unable to disassemble EXTERNAL block location: 0b55d0c8  
2026-07-15 20:08:31 WARN  (DecompileCallback) Decompiling 0b55d0d0, pcode error at 0b55d0d0: Unable to disassemble EXTERNAL block location: 0b55d0d0  
2026-07-15 20:08:31 WARN  (DecompileCallback) Decompiling 0b55d0d8, pcode error at 0b55d0d8: Unable to disassemble EXTERNAL block location: 0b55d0d8  
2026-07-15 20:08:31 WARN  (DecompileCallback) Decompiling 0b55d0e0, pcode error at 0b55d0e0: Unable to disassemble EXTERNAL block location: 0b55d0e0  
2026-07-15 20:08:31 WARN  (DecompileCallback) Decompiling 0b55d0e8, pcode error at 0b55d0e8: Unable to disassemble EXTERNAL block location: 0b55d0e8  
2026-07-15 20:08:31 WARN  (DecompileCallback) Decompiling 0b55d0f0, pcode error at 0b55d0f0: Unable to disassemble EXTERNAL block location: 0b55d0f0  
2026-07-15 20:08:31 WARN  (DecompileCallback) Decompiling 0b55d0f8, pcode error at 0b55d0f8: Unable to disassemble EXTERNAL block location: 0b55d0f8  
2026-07-15 20:08:31 WARN  (DecompileCallback) Decompiling 0b55d100, pcode error at 0b55d100: Unable to disassemble EXTERNAL block location: 0b55d100  
2026-07-15 20:08:31 WARN  (DecompileCallback) Decompiling 0b55d108, pcode error at 0b55d108: Unable to disassemble EXTERNAL block location: 0b55d108  
2026-07-15 20:08:31 WARN  (DecompileCallback) Decompiling 0b55d110, pcode error at 0b55d110: Unable to disassemble EXTERNAL block location: 0b55d110  
2026-07-15 20:08:31 WARN  (DecompileCallback) Decompiling 0b55d118, pcode error at 0b55d118: Unable to disassemble EXTERNAL block location: 0b55d118  
2026-07-15 20:08:31 WARN  (DecompileCallback) Decompiling 0b55d120, pcode error at 0b55d120: Unable to disassemble EXTERNAL block location: 0b55d120  
2026-07-15 20:08:31 WARN  (DecompileCallback) Decompiling 0b55d128, pcode error at 0b55d128: Unable to disassemble EXTERNAL block location: 0b55d128  
2026-07-15 20:08:31 WARN  (DecompileCallback) Decompiling 0b55d130, pcode error at 0b55d130: Unable to disassemble EXTERNAL block location: 0b55d130  
2026-07-15 20:08:31 WARN  (DecompileCallback) Decompiling 0b55d138, pcode error at 0b55d138: Unable to disassemble EXTERNAL block location: 0b55d138  
2026-07-15 20:08:31 WARN  (DecompileCallback) Decompiling 0b55d140, pcode error at 0b55d140: Unable to disassemble EXTERNAL block location: 0b55d140  
2026-07-15 20:08:31 WARN  (DecompileCallback) Decompiling 0b55d148, pcode error at 0b55d148: Unable to disassemble EXTERNAL block location: 0b55d148  
2026-07-15 20:08:31 WARN  (DecompileCallback) Decompiling 0b55d150, pcode error at 0b55d150: Unable to disassemble EXTERNAL block location: 0b55d150  
2026-07-15 20:08:31 WARN  (DecompileCallback) Decompiling 0b55d158, pcode error at 0b55d158: Unable to disassemble EXTERNAL block location: 0b55d158  
2026-07-15 20:08:31 WARN  (DecompileCallback) Decompiling 0b55d168, pcode error at 0b55d168: Unable to disassemble EXTERNAL block location: 0b55d168  
2026-07-15 20:08:31 WARN  (DecompileCallback) Decompiling 0b55d170, pcode error at 0b55d170: Unable to disassemble EXTERNAL block location: 0b55d170  
2026-07-15 20:08:31 WARN  (DecompileCallback) Decompiling 0b55d178, pcode error at 0b55d178: Unable to disassemble EXTERNAL block location: 0b55d178  
2026-07-15 20:08:31 WARN  (DecompileCallback) Decompiling 0b55d180, pcode error at 0b55d180: Unable to disassemble EXTERNAL block location: 0b55d180  
2026-07-15 20:08:31 WARN  (DecompileCallback) Decompiling 0b55d188, pcode error at 0b55d188: Unable to disassemble EXTERNAL block location: 0b55d188  
2026-07-15 20:08:31 WARN  (DecompileCallback) Decompiling 0b55d190, pcode error at 0b55d190: Unable to disassemble EXTERNAL block location: 0b55d190  
2026-07-15 20:08:31 WARN  (DecompileCallback) Decompiling 0b55d198, pcode error at 0b55d198: Unable to disassemble EXTERNAL block location: 0b55d198  
2026-07-15 20:08:31 WARN  (DecompileCallback) Decompiling 0b55d1a0, pcode error at 0b55d1a0: Unable to disassemble EXTERNAL block location: 0b55d1a0  
2026-07-15 20:08:31 WARN  (DecompileCallback) Decompiling 0b55d1a8, pcode error at 0b55d1a8: Unable to disassemble EXTERNAL block location: 0b55d1a8  
2026-07-15 20:08:31 WARN  (DecompileCallback) Decompiling 0b55d1b0, pcode error at 0b55d1b0: Unable to disassemble EXTERNAL block location: 0b55d1b0  
2026-07-15 20:08:31 WARN  (DecompileCallback) Decompiling 0b55d1b8, pcode error at 0b55d1b8: Unable to disassemble EXTERNAL block location: 0b55d1b8  
2026-07-15 20:08:31 WARN  (DecompileCallback) Decompiling 0b55d1c0, pcode error at 0b55d1c0: Unable to disassemble EXTERNAL block location: 0b55d1c0  
2026-07-15 20:08:31 WARN  (DecompileCallback) Decompiling 0b55d1c8, pcode error at 0b55d1c8: Unable to disassemble EXTERNAL block location: 0b55d1c8  
2026-07-15 20:08:31 WARN  (DecompileCallback) Decompiling 0b55d1d0, pcode error at 0b55d1d0: Unable to disassemble EXTERNAL block location: 0b55d1d0  
2026-07-15 20:08:31 WARN  (DecompileCallback) Decompiling 0b55d1d8, pcode error at 0b55d1d8: Unable to disassemble EXTERNAL block location: 0b55d1d8  
2026-07-15 20:08:31 WARN  (DecompileCallback) Decompiling 0b55d1e0, pcode error at 0b55d1e0: Unable to disassemble EXTERNAL block location: 0b55d1e0  
2026-07-15 20:08:31 WARN  (DecompileCallback) Decompiling 0b55d1e8, pcode error at 0b55d1e8: Unable to disassemble EXTERNAL block location: 0b55d1e8  
2026-07-15 20:08:31 WARN  (DecompileCallback) Decompiling 0b55d1f0, pcode error at 0b55d1f0: Unable to disassemble EXTERNAL block location: 0b55d1f0  
2026-07-15 20:08:31 WARN  (DecompileCallback) Decompiling 0b55d1f8, pcode error at 0b55d1f8: Unable to disassemble EXTERNAL block location: 0b55d1f8  
2026-07-15 20:08:31 WARN  (DecompileCallback) Decompiling 0b55d200, pcode error at 0b55d200: Unable to disassemble EXTERNAL block location: 0b55d200  
2026-07-15 20:08:31 WARN  (DecompileCallback) Decompiling 0b55d208, pcode error at 0b55d208: Unable to disassemble EXTERNAL block location: 0b55d208  
2026-07-15 20:08:31 WARN  (DecompileCallback) Decompiling 0b55d210, pcode error at 0b55d210: Unable to disassemble EXTERNAL block location: 0b55d210  
2026-07-15 20:08:31 WARN  (DecompileCallback) Decompiling 0b55d218, pcode error at 0b55d218: Unable to disassemble EXTERNAL block location: 0b55d218  
2026-07-15 20:08:31 WARN  (DecompileCallback) Decompiling 0b55d220, pcode error at 0b55d220: Unable to disassemble EXTERNAL block location: 0b55d220  
2026-07-15 20:08:31 WARN  (DecompileCallback) Decompiling 0b55d228, pcode error at 0b55d228: Unable to disassemble EXTERNAL block location: 0b55d228  
2026-07-15 20:08:31 WARN  (DecompileCallback) Decompiling 0b55d230, pcode error at 0b55d230: Unable to disassemble EXTERNAL block location: 0b55d230  
2026-07-15 20:08:31 WARN  (DecompileCallback) Decompiling 0b55d238, pcode error at 0b55d238: Unable to disassemble EXTERNAL block location: 0b55d238  
2026-07-15 20:08:31 WARN  (DecompileCallback) Decompiling 0b55d240, pcode error at 0b55d240: Unable to disassemble EXTERNAL block location: 0b55d240  
2026-07-15 20:08:31 WARN  (DecompileCallback) Decompiling 0b55d248, pcode error at 0b55d248: Unable to disassemble EXTERNAL block location: 0b55d248  
2026-07-15 20:08:31 WARN  (DecompileCallback) Decompiling 0b55d250, pcode error at 0b55d250: Unable to disassemble EXTERNAL block location: 0b55d250  
2026-07-15 20:08:31 WARN  (DecompileCallback) Decompiling 0b55d258, pcode error at 0b55d258: Unable to disassemble EXTERNAL block location: 0b55d258  
2026-07-15 20:08:31 WARN  (DecompileCallback) Decompiling 0b55d260, pcode error at 0b55d260: Unable to disassemble EXTERNAL block location: 0b55d260  
2026-07-15 20:08:31 WARN  (DecompileCallback) Decompiling 0b55d268, pcode error at 0b55d268: Unable to disassemble EXTERNAL block location: 0b55d268  
2026-07-15 20:08:31 WARN  (DecompileCallback) Decompiling 0b55d270, pcode error at 0b55d270: Unable to disassemble EXTERNAL block location: 0b55d270  
2026-07-15 20:08:31 WARN  (DecompileCallback) Decompiling 0b55d278, pcode error at 0b55d278: Unable to disassemble EXTERNAL block location: 0b55d278  
2026-07-15 20:08:31 WARN  (DecompileCallback) Decompiling 0b55d280, pcode error at 0b55d280: Unable to disassemble EXTERNAL block location: 0b55d280  
2026-07-15 20:08:31 WARN  (DecompileCallback) Decompiling 0b55d288, pcode error at 0b55d288: Unable to disassemble EXTERNAL block location: 0b55d288  
2026-07-15 20:08:31 WARN  (DecompileCallback) Decompiling 0b55d290, pcode error at 0b55d290: Unable to disassemble EXTERNAL block location: 0b55d290  
2026-07-15 20:08:31 WARN  (DecompileCallback) Decompiling 0b55d298, pcode error at 0b55d298: Unable to disassemble EXTERNAL block location: 0b55d298  
2026-07-15 20:08:31 WARN  (DecompileCallback) Decompiling 0b55d2a0, pcode error at 0b55d2a0: Unable to disassemble EXTERNAL block location: 0b55d2a0  
2026-07-15 20:08:31 WARN  (DecompileCallback) Decompiling 0b55d2a8, pcode error at 0b55d2a8: Unable to disassemble EXTERNAL block location: 0b55d2a8  
2026-07-15 20:08:31 WARN  (DecompileCallback) Decompiling 0b55d2b0, pcode error at 0b55d2b0: Unable to disassemble EXTERNAL block location: 0b55d2b0  
2026-07-15 20:08:31 WARN  (DecompileCallback) Decompiling 0b55d2b8, pcode error at 0b55d2b8: Unable to disassemble EXTERNAL block location: 0b55d2b8  
2026-07-15 20:08:31 WARN  (DecompileCallback) Decompiling 0b55d2c0, pcode error at 0b55d2c0: Unable to disassemble EXTERNAL block location: 0b55d2c0  
2026-07-15 20:08:31 WARN  (DecompileCallback) Decompiling 0b55d2c8, pcode error at 0b55d2c8: Unable to disassemble EXTERNAL block location: 0b55d2c8  
2026-07-15 20:08:31 WARN  (DecompileCallback) Decompiling 0b55d2d0, pcode error at 0b55d2d0: Unable to disassemble EXTERNAL block location: 0b55d2d0  
2026-07-15 20:08:31 WARN  (DecompileCallback) Decompiling 0b55d2d8, pcode error at 0b55d2d8: Unable to disassemble EXTERNAL block location: 0b55d2d8  
2026-07-15 20:08:31 WARN  (DecompileCallback) Decompiling 0b55d2e0, pcode error at 0b55d2e0: Unable to disassemble EXTERNAL block location: 0b55d2e0  
2026-07-15 20:08:31 WARN  (DecompileCallback) Decompiling 0b55d2e8, pcode error at 0b55d2e8: Unable to disassemble EXTERNAL block location: 0b55d2e8  
2026-07-15 20:08:31 WARN  (DecompileCallback) Decompiling 0b55d2f0, pcode error at 0b55d2f0: Unable to disassemble EXTERNAL block location: 0b55d2f0  
2026-07-15 20:08:31 WARN  (DecompileCallback) Decompiling 0b55d2f8, pcode error at 0b55d2f8: Unable to disassemble EXTERNAL block location: 0b55d2f8  
2026-07-15 20:08:31 WARN  (DecompileCallback) Decompiling 0b55d300, pcode error at 0b55d300: Unable to disassemble EXTERNAL block location: 0b55d300  
2026-07-15 20:08:31 WARN  (DecompileCallback) Decompiling 0b55d308, pcode error at 0b55d308: Unable to disassemble EXTERNAL block location: 0b55d308  
2026-07-15 20:08:31 WARN  (DecompileCallback) Decompiling 0b55d310, pcode error at 0b55d310: Unable to disassemble EXTERNAL block location: 0b55d310  
2026-07-15 20:08:31 WARN  (DecompileCallback) Decompiling 0b55d318, pcode error at 0b55d318: Unable to disassemble EXTERNAL block location: 0b55d318  
2026-07-15 20:08:31 WARN  (DecompileCallback) Decompiling 0b55d320, pcode error at 0b55d320: Unable to disassemble EXTERNAL block location: 0b55d320  
2026-07-15 20:08:31 WARN  (DecompileCallback) Decompiling 0b55d328, pcode error at 0b55d328: Unable to disassemble EXTERNAL block location: 0b55d328  
2026-07-15 20:08:31 WARN  (DecompileCallback) Decompiling 0b55d330, pcode error at 0b55d330: Unable to disassemble EXTERNAL block location: 0b55d330  
2026-07-15 20:08:31 WARN  (DecompileCallback) Decompiling 0b55d338, pcode error at 0b55d338: Unable to disassemble EXTERNAL block location: 0b55d338  
2026-07-15 20:08:31 WARN  (DecompileCallback) Decompiling 0b55d340, pcode error at 0b55d340: Unable to disassemble EXTERNAL block location: 0b55d340  
2026-07-15 20:08:31 WARN  (DecompileCallback) Decompiling 0b55d348, pcode error at 0b55d348: Unable to disassemble EXTERNAL block location: 0b55d348  
2026-07-15 20:08:31 WARN  (DecompileCallback) Decompiling 0b55d350, pcode error at 0b55d350: Unable to disassemble EXTERNAL block location: 0b55d350  
2026-07-15 20:08:31 WARN  (DecompileCallback) Decompiling 0b55d358, pcode error at 0b55d358: Unable to disassemble EXTERNAL block location: 0b55d358  
2026-07-15 20:08:31 WARN  (DecompileCallback) Decompiling 0b55d360, pcode error at 0b55d360: Unable to disassemble EXTERNAL block location: 0b55d360  
2026-07-15 20:08:31 WARN  (DecompileCallback) Decompiling 0b55d368, pcode error at 0b55d368: Unable to disassemble EXTERNAL block location: 0b55d368  
2026-07-15 20:08:31 WARN  (DecompileCallback) Decompiling 0b55d370, pcode error at 0b55d370: Unable to disassemble EXTERNAL block location: 0b55d370  
2026-07-15 20:08:31 WARN  (DecompileCallback) Decompiling 0b55d378, pcode error at 0b55d378: Unable to disassemble EXTERNAL block location: 0b55d378  
2026-07-15 20:08:31 WARN  (DecompileCallback) Decompiling 0b55d380, pcode error at 0b55d380: Unable to disassemble EXTERNAL block location: 0b55d380  
2026-07-15 20:08:31 WARN  (DecompileCallback) Decompiling 0b55d388, pcode error at 0b55d388: Unable to disassemble EXTERNAL block location: 0b55d388  
2026-07-15 20:08:31 WARN  (DecompileCallback) Decompiling 0b55d390, pcode error at 0b55d390: Unable to disassemble EXTERNAL block location: 0b55d390  
2026-07-15 20:08:31 WARN  (DecompileCallback) Decompiling 0b55d398, pcode error at 0b55d398: Unable to disassemble EXTERNAL block location: 0b55d398  
2026-07-15 20:08:31 WARN  (DecompileCallback) Decompiling 0b55d3a0, pcode error at 0b55d3a0: Unable to disassemble EXTERNAL block location: 0b55d3a0  
2026-07-15 20:08:31 WARN  (DecompileCallback) Decompiling 0b55d3a8, pcode error at 0b55d3a8: Unable to disassemble EXTERNAL block location: 0b55d3a8  
2026-07-15 20:08:31 WARN  (DecompileCallback) Decompiling 0b55d3b0, pcode error at 0b55d3b0: Unable to disassemble EXTERNAL block location: 0b55d3b0  
2026-07-15 20:08:31 WARN  (DecompileCallback) Decompiling 0b55d3b8, pcode error at 0b55d3b8: Unable to disassemble EXTERNAL block location: 0b55d3b8  
2026-07-15 20:08:31 WARN  (DecompileCallback) Decompiling 0b55d3c0, pcode error at 0b55d3c0: Unable to disassemble EXTERNAL block location: 0b55d3c0  
2026-07-15 20:08:31 WARN  (DecompileCallback) Decompiling 0b55d3c8, pcode error at 0b55d3c8: Unable to disassemble EXTERNAL block location: 0b55d3c8  
2026-07-15 20:08:31 WARN  (DecompileCallback) Decompiling 0b55d3d0, pcode error at 0b55d3d0: Unable to disassemble EXTERNAL block location: 0b55d3d0  
2026-07-15 20:08:31 WARN  (DecompileCallback) Decompiling 0b55d3d8, pcode error at 0b55d3d8: Unable to disassemble EXTERNAL block location: 0b55d3d8  
2026-07-15 20:08:31 WARN  (DecompileCallback) Decompiling 0b55d3e0, pcode error at 0b55d3e0: Unable to disassemble EXTERNAL block location: 0b55d3e0  
2026-07-15 20:08:31 WARN  (DecompileCallback) Decompiling 0b55d3e8, pcode error at 0b55d3e8: Unable to disassemble EXTERNAL block location: 0b55d3e8  
2026-07-15 20:08:31 WARN  (DecompileCallback) Decompiling 0b55d3f0, pcode error at 0b55d3f0: Unable to disassemble EXTERNAL block location: 0b55d3f0  
2026-07-15 20:08:31 WARN  (DecompileCallback) Decompiling 0b55d3f8, pcode error at 0b55d3f8: Unable to disassemble EXTERNAL block location: 0b55d3f8  
2026-07-15 20:08:31 WARN  (DecompileCallback) Decompiling 0b55d400, pcode error at 0b55d400: Unable to disassemble EXTERNAL block location: 0b55d400  
2026-07-15 20:08:31 WARN  (DecompileCallback) Decompiling 0b55d408, pcode error at 0b55d408: Unable to disassemble EXTERNAL block location: 0b55d408  
2026-07-15 20:08:31 WARN  (DecompileCallback) Decompiling 0b55d410, pcode error at 0b55d410: Unable to disassemble EXTERNAL block location: 0b55d410  
2026-07-15 20:08:31 WARN  (DecompileCallback) Decompiling 0b55d418, pcode error at 0b55d418: Unable to disassemble EXTERNAL block location: 0b55d418  
2026-07-15 20:08:31 WARN  (DecompileCallback) Decompiling 0b55d420, pcode error at 0b55d420: Unable to disassemble EXTERNAL block location: 0b55d420  
2026-07-15 20:08:31 WARN  (DecompileCallback) Decompiling 0b55d428, pcode error at 0b55d428: Unable to disassemble EXTERNAL block location: 0b55d428  
2026-07-15 20:08:31 WARN  (DecompileCallback) Decompiling 0b55d430, pcode error at 0b55d430: Unable to disassemble EXTERNAL block location: 0b55d430  
2026-07-15 20:08:31 WARN  (DecompileCallback) Decompiling 0b55d438, pcode error at 0b55d438: Unable to disassemble EXTERNAL block location: 0b55d438  
2026-07-15 20:08:31 WARN  (DecompileCallback) Decompiling 0b55d440, pcode error at 0b55d440: Unable to disassemble EXTERNAL block location: 0b55d440  
2026-07-15 20:08:31 WARN  (DecompileCallback) Decompiling 0b55d448, pcode error at 0b55d448: Unable to disassemble EXTERNAL block location: 0b55d448  
2026-07-15 20:08:31 WARN  (DecompileCallback) Decompiling 0b55d450, pcode error at 0b55d450: Unable to disassemble EXTERNAL block location: 0b55d450  
2026-07-15 20:08:31 WARN  (DecompileCallback) Decompiling 0b55d458, pcode error at 0b55d458: Unable to disassemble EXTERNAL block location: 0b55d458  
2026-07-15 20:08:31 WARN  (DecompileCallback) Decompiling 0b55d460, pcode error at 0b55d460: Unable to disassemble EXTERNAL block location: 0b55d460  
2026-07-15 20:08:31 WARN  (DecompileCallback) Decompiling 0b55d468, pcode error at 0b55d468: Unable to disassemble EXTERNAL block location: 0b55d468  
2026-07-15 20:08:31 WARN  (DecompileCallback) Decompiling 0b55d470, pcode error at 0b55d470: Unable to disassemble EXTERNAL block location: 0b55d470  
2026-07-15 20:08:31 WARN  (DecompileCallback) Decompiling 0b55d478, pcode error at 0b55d478: Unable to disassemble EXTERNAL block location: 0b55d478  
2026-07-15 20:08:31 WARN  (DecompileCallback) Decompiling 0b55d480, pcode error at 0b55d480: Unable to disassemble EXTERNAL block location: 0b55d480  
2026-07-15 20:08:31 WARN  (DecompileCallback) Decompiling 0b55d488, pcode error at 0b55d488: Unable to disassemble EXTERNAL block location: 0b55d488  
2026-07-15 20:08:31 WARN  (DecompileCallback) Decompiling 0b55d490, pcode error at 0b55d490: Unable to disassemble EXTERNAL block location: 0b55d490  
2026-07-15 20:08:31 WARN  (DecompileCallback) Decompiling 0b55d498, pcode error at 0b55d498: Unable to disassemble EXTERNAL block location: 0b55d498  
2026-07-15 20:08:31 WARN  (DecompileCallback) Decompiling 0b55d4a0, pcode error at 0b55d4a0: Unable to disassemble EXTERNAL block location: 0b55d4a0  
2026-07-15 20:08:31 WARN  (DecompileCallback) Decompiling 0b55d4a8, pcode error at 0b55d4a8: Unable to disassemble EXTERNAL block location: 0b55d4a8  
2026-07-15 20:08:31 WARN  (DecompileCallback) Decompiling 0b55d4b0, pcode error at 0b55d4b0: Unable to disassemble EXTERNAL block location: 0b55d4b0  
2026-07-15 20:08:31 WARN  (DecompileCallback) Decompiling 0b55d4b8, pcode error at 0b55d4b8: Unable to disassemble EXTERNAL block location: 0b55d4b8  
2026-07-15 20:08:31 WARN  (DecompileCallback) Decompiling 0b55d4c0, pcode error at 0b55d4c0: Unable to disassemble EXTERNAL block location: 0b55d4c0  
2026-07-15 20:08:31 WARN  (DecompileCallback) Decompiling 0b55d4c8, pcode error at 0b55d4c8: Unable to disassemble EXTERNAL block location: 0b55d4c8  
2026-07-15 20:08:31 WARN  (DecompileCallback) Decompiling 0b55d4d0, pcode error at 0b55d4d0: Unable to disassemble EXTERNAL block location: 0b55d4d0  
2026-07-15 20:08:31 WARN  (DecompileCallback) Decompiling 0b55d4d8, pcode error at 0b55d4d8: Unable to disassemble EXTERNAL block location: 0b55d4d8  
2026-07-15 20:08:31 WARN  (DecompileCallback) Decompiling 0b55d4e0, pcode error at 0b55d4e0: Unable to disassemble EXTERNAL block location: 0b55d4e0  
2026-07-15 20:08:31 WARN  (DecompileCallback) Decompiling 0b55d4e8, pcode error at 0b55d4e8: Unable to disassemble EXTERNAL block location: 0b55d4e8  
2026-07-15 20:08:31 WARN  (DecompileCallback) Decompiling 0b55d4f0, pcode error at 0b55d4f0: Unable to disassemble EXTERNAL block location: 0b55d4f0  
2026-07-15 20:08:31 WARN  (DecompileCallback) Decompiling 0b55d4f8, pcode error at 0b55d4f8: Unable to disassemble EXTERNAL block location: 0b55d4f8  
2026-07-15 20:08:31 WARN  (DecompileCallback) Decompiling 0b55d500, pcode error at 0b55d500: Unable to disassemble EXTERNAL block location: 0b55d500  
2026-07-15 20:08:31 WARN  (DecompileCallback) Decompiling 0b55d508, pcode error at 0b55d508: Unable to disassemble EXTERNAL block location: 0b55d508  
2026-07-15 20:08:31 WARN  (DecompileCallback) Decompiling 0b55d510, pcode error at 0b55d510: Unable to disassemble EXTERNAL block location: 0b55d510  
2026-07-15 20:08:31 WARN  (DecompileCallback) Decompiling 0b55d518, pcode error at 0b55d518: Unable to disassemble EXTERNAL block location: 0b55d518  
2026-07-15 20:08:31 WARN  (DecompileCallback) Decompiling 0b55d520, pcode error at 0b55d520: Unable to disassemble EXTERNAL block location: 0b55d520  
2026-07-15 20:08:31 WARN  (DecompileCallback) Decompiling 0b55d528, pcode error at 0b55d528: Unable to disassemble EXTERNAL block location: 0b55d528  
2026-07-15 20:08:31 WARN  (DecompileCallback) Decompiling 0b55d530, pcode error at 0b55d530: Unable to disassemble EXTERNAL block location: 0b55d530  
2026-07-15 20:08:31 WARN  (DecompileCallback) Decompiling 0b55d538, pcode error at 0b55d538: Unable to disassemble EXTERNAL block location: 0b55d538  
2026-07-15 20:08:31 WARN  (DecompileCallback) Decompiling 0b55d540, pcode error at 0b55d540: Unable to disassemble EXTERNAL block location: 0b55d540  
2026-07-15 20:08:31 WARN  (DecompileCallback) Decompiling 0b55d548, pcode error at 0b55d548: Unable to disassemble EXTERNAL block location: 0b55d548  
2026-07-15 20:08:31 WARN  (DecompileCallback) Decompiling 0b55d550, pcode error at 0b55d550: Unable to disassemble EXTERNAL block location: 0b55d550  
2026-07-15 20:08:31 WARN  (DecompileCallback) Decompiling 0b55d558, pcode error at 0b55d558: Unable to disassemble EXTERNAL block location: 0b55d558  
2026-07-15 20:08:31 WARN  (DecompileCallback) Decompiling 0b55d560, pcode error at 0b55d560: Unable to disassemble EXTERNAL block location: 0b55d560  
2026-07-15 20:08:31 WARN  (DecompileCallback) Decompiling 0b55d568, pcode error at 0b55d568: Unable to disassemble EXTERNAL block location: 0b55d568  
2026-07-15 20:08:31 WARN  (DecompileCallback) Decompiling 0b55d578, pcode error at 0b55d578: Unable to disassemble EXTERNAL block location: 0b55d578  
2026-07-15 20:08:31 WARN  (DecompileCallback) Decompiling 0b55d580, pcode error at 0b55d580: Unable to disassemble EXTERNAL block location: 0b55d580  
2026-07-15 20:08:31 WARN  (DecompileCallback) Decompiling 0b55d588, pcode error at 0b55d588: Unable to disassemble EXTERNAL block location: 0b55d588  
2026-07-15 20:08:31 WARN  (DecompileCallback) Decompiling 0b55d590, pcode error at 0b55d590: Unable to disassemble EXTERNAL block location: 0b55d590  
2026-07-15 20:08:31 WARN  (DecompileCallback) Decompiling 0b55d598, pcode error at 0b55d598: Unable to disassemble EXTERNAL block location: 0b55d598  
2026-07-15 20:08:31 WARN  (DecompileCallback) Decompiling 0b55d5a0, pcode error at 0b55d5a0: Unable to disassemble EXTERNAL block location: 0b55d5a0  
2026-07-15 20:08:31 WARN  (DecompileCallback) Decompiling 0b55d5a8, pcode error at 0b55d5a8: Unable to disassemble EXTERNAL block location: 0b55d5a8  
2026-07-15 20:08:31 WARN  (DecompileCallback) Decompiling 0b55d5b0, pcode error at 0b55d5b0: Unable to disassemble EXTERNAL block location: 0b55d5b0  
2026-07-15 20:08:31 WARN  (DecompileCallback) Decompiling 0b55d5b8, pcode error at 0b55d5b8: Unable to disassemble EXTERNAL block location: 0b55d5b8  
2026-07-15 20:08:31 WARN  (DecompileCallback) Decompiling 0b55d5c0, pcode error at 0b55d5c0: Unable to disassemble EXTERNAL block location: 0b55d5c0  
2026-07-15 20:08:31 WARN  (DecompileCallback) Decompiling 0b55d5c8, pcode error at 0b55d5c8: Unable to disassemble EXTERNAL block location: 0b55d5c8  
2026-07-15 20:08:31 WARN  (DecompileCallback) Decompiling 0b55d5d0, pcode error at 0b55d5d0: Unable to disassemble EXTERNAL block location: 0b55d5d0  
2026-07-15 20:08:31 WARN  (DecompileCallback) Decompiling 0b55d5d8, pcode error at 0b55d5d8: Unable to disassemble EXTERNAL block location: 0b55d5d8  
2026-07-15 20:08:31 WARN  (DecompileCallback) Decompiling 0b55d5e0, pcode error at 0b55d5e0: Unable to disassemble EXTERNAL block location: 0b55d5e0  
2026-07-15 20:08:31 WARN  (DecompileCallback) Decompiling 0b55d5e8, pcode error at 0b55d5e8: Unable to disassemble EXTERNAL block location: 0b55d5e8  
2026-07-15 20:08:31 WARN  (DecompileCallback) Decompiling 0b55d5f0, pcode error at 0b55d5f0: Unable to disassemble EXTERNAL block location: 0b55d5f0  
2026-07-15 20:08:31 WARN  (DecompileCallback) Decompiling 0b55d5f8, pcode error at 0b55d5f8: Unable to disassemble EXTERNAL block location: 0b55d5f8  
2026-07-15 20:08:31 WARN  (DecompileCallback) Decompiling 0b55d600, pcode error at 0b55d600: Unable to disassemble EXTERNAL block location: 0b55d600  
2026-07-15 20:08:31 WARN  (DecompileCallback) Decompiling 0b55d608, pcode error at 0b55d608: Unable to disassemble EXTERNAL block location: 0b55d608  
2026-07-15 20:08:31 WARN  (DecompileCallback) Decompiling 0b55d610, pcode error at 0b55d610: Unable to disassemble EXTERNAL block location: 0b55d610  
2026-07-15 20:08:31 WARN  (DecompileCallback) Decompiling 0b55d618, pcode error at 0b55d618: Unable to disassemble EXTERNAL block location: 0b55d618  
2026-07-15 20:08:31 WARN  (DecompileCallback) Decompiling 0b55d620, pcode error at 0b55d620: Unable to disassemble EXTERNAL block location: 0b55d620  
2026-07-15 20:08:31 WARN  (DecompileCallback) Decompiling 0b55d628, pcode error at 0b55d628: Unable to disassemble EXTERNAL block location: 0b55d628  
2026-07-15 20:08:31 WARN  (DecompileCallback) Decompiling 0b55d630, pcode error at 0b55d630: Unable to disassemble EXTERNAL block location: 0b55d630  
2026-07-15 20:08:31 WARN  (DecompileCallback) Decompiling 0b55d638, pcode error at 0b55d638: Unable to disassemble EXTERNAL block location: 0b55d638  
2026-07-15 20:08:31 WARN  (DecompileCallback) Decompiling 0b55d640, pcode error at 0b55d640: Unable to disassemble EXTERNAL block location: 0b55d640  
2026-07-15 20:08:31 WARN  (DecompileCallback) Decompiling 0b55d648, pcode error at 0b55d648: Unable to disassemble EXTERNAL block location: 0b55d648  
2026-07-15 20:08:31 WARN  (DecompileCallback) Decompiling 0b55d650, pcode error at 0b55d650: Unable to disassemble EXTERNAL block location: 0b55d650  
2026-07-15 20:08:31 WARN  (DecompileCallback) Decompiling 0b55d658, pcode error at 0b55d658: Unable to disassemble EXTERNAL block location: 0b55d658  
2026-07-15 20:08:31 WARN  (DecompileCallback) Decompiling 0b55d660, pcode error at 0b55d660: Unable to disassemble EXTERNAL block location: 0b55d660  
2026-07-15 20:08:31 WARN  (DecompileCallback) Decompiling 0b55d668, pcode error at 0b55d668: Unable to disassemble EXTERNAL block location: 0b55d668  
2026-07-15 20:08:31 WARN  (DecompileCallback) Decompiling 0b55d670, pcode error at 0b55d670: Unable to disassemble EXTERNAL block location: 0b55d670  
2026-07-15 20:08:31 WARN  (DecompileCallback) Decompiling 0b55d678, pcode error at 0b55d678: Unable to disassemble EXTERNAL block location: 0b55d678  
2026-07-15 20:08:31 WARN  (DecompileCallback) Decompiling 0b55d680, pcode error at 0b55d680: Unable to disassemble EXTERNAL block location: 0b55d680  
2026-07-15 20:08:31 WARN  (DecompileCallback) Decompiling 0b55d688, pcode error at 0b55d688: Unable to disassemble EXTERNAL block location: 0b55d688  
2026-07-15 20:08:31 WARN  (DecompileCallback) Decompiling 0b55d690, pcode error at 0b55d690: Unable to disassemble EXTERNAL block location: 0b55d690  
2026-07-15 20:08:31 WARN  (DecompileCallback) Decompiling 0b55d698, pcode error at 0b55d698: Unable to disassemble EXTERNAL block location: 0b55d698  
2026-07-15 20:08:31 WARN  (DecompileCallback) Decompiling 0b55d6a0, pcode error at 0b55d6a0: Unable to disassemble EXTERNAL block location: 0b55d6a0  
2026-07-15 20:08:31 WARN  (DecompileCallback) Decompiling 0b55d6a8, pcode error at 0b55d6a8: Unable to disassemble EXTERNAL block location: 0b55d6a8  
2026-07-15 20:08:31 WARN  (DecompileCallback) Decompiling 0b55d6b0, pcode error at 0b55d6b0: Unable to disassemble EXTERNAL block location: 0b55d6b0  
2026-07-15 20:08:31 WARN  (DecompileCallback) Decompiling 0b55d6b8, pcode error at 0b55d6b8: Unable to disassemble EXTERNAL block location: 0b55d6b8  
2026-07-15 20:08:31 WARN  (DecompileCallback) Decompiling 0b55d6c0, pcode error at 0b55d6c0: Unable to disassemble EXTERNAL block location: 0b55d6c0  
2026-07-15 20:08:31 WARN  (DecompileCallback) Decompiling 0b55d6c8, pcode error at 0b55d6c8: Unable to disassemble EXTERNAL block location: 0b55d6c8  
2026-07-15 20:08:31 WARN  (DecompileCallback) Decompiling 0b55d6d0, pcode error at 0b55d6d0: Unable to disassemble EXTERNAL block location: 0b55d6d0  
2026-07-15 20:08:31 WARN  (DecompileCallback) Decompiling 0b55d6d8, pcode error at 0b55d6d8: Unable to disassemble EXTERNAL block location: 0b55d6d8  
2026-07-15 20:08:31 WARN  (DecompileCallback) Decompiling 0b55d6e0, pcode error at 0b55d6e0: Unable to disassemble EXTERNAL block location: 0b55d6e0  
2026-07-15 20:08:31 WARN  (DecompileCallback) Decompiling 0b55d6e8, pcode error at 0b55d6e8: Unable to disassemble EXTERNAL block location: 0b55d6e8  
2026-07-15 20:08:31 WARN  (DecompileCallback) Decompiling 0b55d6f0, pcode error at 0b55d6f0: Unable to disassemble EXTERNAL block location: 0b55d6f0  
2026-07-15 20:08:31 WARN  (DecompileCallback) Decompiling 0b55d6f8, pcode error at 0b55d6f8: Unable to disassemble EXTERNAL block location: 0b55d6f8  
2026-07-15 20:08:31 WARN  (DecompileCallback) Decompiling 0b55d700, pcode error at 0b55d700: Unable to disassemble EXTERNAL block location: 0b55d700  
2026-07-15 20:08:31 WARN  (DecompileCallback) Decompiling 0b55d708, pcode error at 0b55d708: Unable to disassemble EXTERNAL block location: 0b55d708  
2026-07-15 20:08:31 WARN  (DecompileCallback) Decompiling 0b55d710, pcode error at 0b55d710: Unable to disassemble EXTERNAL block location: 0b55d710  
2026-07-15 20:08:31 WARN  (DecompileCallback) Decompiling 0b55d718, pcode error at 0b55d718: Unable to disassemble EXTERNAL block location: 0b55d718  
2026-07-15 20:08:31 WARN  (DecompileCallback) Decompiling 0b55d720, pcode error at 0b55d720: Unable to disassemble EXTERNAL block location: 0b55d720  
2026-07-15 20:08:31 WARN  (DecompileCallback) Decompiling 0b55d728, pcode error at 0b55d728: Unable to disassemble EXTERNAL block location: 0b55d728  
2026-07-15 20:08:31 WARN  (DecompileCallback) Decompiling 0b55d730, pcode error at 0b55d730: Unable to disassemble EXTERNAL block location: 0b55d730  
2026-07-15 20:08:31 WARN  (DecompileCallback) Decompiling 0b55d738, pcode error at 0b55d738: Unable to disassemble EXTERNAL block location: 0b55d738  
2026-07-15 20:08:31 WARN  (DecompileCallback) Decompiling 0b55d740, pcode error at 0b55d740: Unable to disassemble EXTERNAL block location: 0b55d740  
2026-07-15 20:08:31 WARN  (DecompileCallback) Decompiling 0b55d748, pcode error at 0b55d748: Unable to disassemble EXTERNAL block location: 0b55d748  
2026-07-15 20:08:31 WARN  (DecompileCallback) Decompiling 0b55d750, pcode error at 0b55d750: Unable to disassemble EXTERNAL block location: 0b55d750  
2026-07-15 20:08:31 WARN  (DecompileCallback) Decompiling 0b55d758, pcode error at 0b55d758: Unable to disassemble EXTERNAL block location: 0b55d758  
2026-07-15 20:08:31 WARN  (DecompileCallback) Decompiling 0b55d760, pcode error at 0b55d760: Unable to disassemble EXTERNAL block location: 0b55d760  
2026-07-15 20:08:32 WARN  (DecompileCallback) Decompiling 0b55d768, pcode error at 0b55d768: Unable to disassemble EXTERNAL block location: 0b55d768  
2026-07-15 20:08:32 WARN  (DecompileCallback) Decompiling 0b55d770, pcode error at 0b55d770: Unable to disassemble EXTERNAL block location: 0b55d770  
2026-07-15 20:08:32 WARN  (DecompileCallback) Decompiling 0b55d778, pcode error at 0b55d778: Unable to disassemble EXTERNAL block location: 0b55d778  
2026-07-15 20:08:32 WARN  (DecompileCallback) Decompiling 0b55d780, pcode error at 0b55d780: Unable to disassemble EXTERNAL block location: 0b55d780  
2026-07-15 20:08:32 WARN  (DecompileCallback) Decompiling 0b55d788, pcode error at 0b55d788: Unable to disassemble EXTERNAL block location: 0b55d788  
2026-07-15 20:08:32 WARN  (DecompileCallback) Decompiling 0b55d790, pcode error at 0b55d790: Unable to disassemble EXTERNAL block location: 0b55d790  
2026-07-15 20:08:32 WARN  (DecompileCallback) Decompiling 0b55d798, pcode error at 0b55d798: Unable to disassemble EXTERNAL block location: 0b55d798  
2026-07-15 20:08:32 WARN  (DecompileCallback) Decompiling 0b55d7a0, pcode error at 0b55d7a0: Unable to disassemble EXTERNAL block location: 0b55d7a0  
2026-07-15 20:08:32 WARN  (DecompileCallback) Decompiling 0b55d7a8, pcode error at 0b55d7a8: Unable to disassemble EXTERNAL block location: 0b55d7a8  
2026-07-15 20:08:32 WARN  (DecompileCallback) Decompiling 0b55d7b0, pcode error at 0b55d7b0: Unable to disassemble EXTERNAL block location: 0b55d7b0  
2026-07-15 20:08:32 WARN  (DecompileCallback) Decompiling 0b55d7b8, pcode error at 0b55d7b8: Unable to disassemble EXTERNAL block location: 0b55d7b8  
2026-07-15 20:08:32 WARN  (DecompileCallback) Decompiling 0b55d7c0, pcode error at 0b55d7c0: Unable to disassemble EXTERNAL block location: 0b55d7c0  
2026-07-15 20:08:32 WARN  (DecompileCallback) Decompiling 0b55d7c8, pcode error at 0b55d7c8: Unable to disassemble EXTERNAL block location: 0b55d7c8  
2026-07-15 20:08:32 WARN  (DecompileCallback) Decompiling 0b55d7d0, pcode error at 0b55d7d0: Unable to disassemble EXTERNAL block location: 0b55d7d0  
2026-07-15 20:08:32 WARN  (DecompileCallback) Decompiling 0b55d7d8, pcode error at 0b55d7d8: Unable to disassemble EXTERNAL block location: 0b55d7d8  
2026-07-15 20:08:32 WARN  (DecompileCallback) Decompiling 0b55d7e0, pcode error at 0b55d7e0: Unable to disassemble EXTERNAL block location: 0b55d7e0  
2026-07-15 20:08:32 WARN  (DecompileCallback) Decompiling 0b55d7e8, pcode error at 0b55d7e8: Unable to disassemble EXTERNAL block location: 0b55d7e8  
2026-07-15 20:08:32 WARN  (DecompileCallback) Decompiling 0b55d7f0, pcode error at 0b55d7f0: Unable to disassemble EXTERNAL block location: 0b55d7f0  
2026-07-15 20:08:32 WARN  (DecompileCallback) Decompiling 0b55d7f8, pcode error at 0b55d7f8: Unable to disassemble EXTERNAL block location: 0b55d7f8  
2026-07-15 20:08:32 WARN  (DecompileCallback) Decompiling 0b55d800, pcode error at 0b55d800: Unable to disassemble EXTERNAL block location: 0b55d800  
2026-07-15 20:08:32 WARN  (DecompileCallback) Decompiling 0b55d808, pcode error at 0b55d808: Unable to disassemble EXTERNAL block location: 0b55d808  
2026-07-15 20:08:32 WARN  (DecompileCallback) Decompiling 0b55d810, pcode error at 0b55d810: Unable to disassemble EXTERNAL block location: 0b55d810  
2026-07-15 20:08:32 WARN  (DecompileCallback) Decompiling 0b55d818, pcode error at 0b55d818: Unable to disassemble EXTERNAL block location: 0b55d818  
2026-07-15 20:08:32 WARN  (DecompileCallback) Decompiling 0b55d820, pcode error at 0b55d820: Unable to disassemble EXTERNAL block location: 0b55d820  
2026-07-15 20:08:32 WARN  (DecompileCallback) Decompiling 0b55d828, pcode error at 0b55d828: Unable to disassemble EXTERNAL block location: 0b55d828  
2026-07-15 20:08:32 WARN  (DecompileCallback) Decompiling 0b55d830, pcode error at 0b55d830: Unable to disassemble EXTERNAL block location: 0b55d830  
2026-07-15 20:08:32 WARN  (DecompileCallback) Decompiling 0b55d838, pcode error at 0b55d838: Unable to disassemble EXTERNAL block location: 0b55d838  
2026-07-15 20:08:32 WARN  (DecompileCallback) Decompiling 0b55d840, pcode error at 0b55d840: Unable to disassemble EXTERNAL block location: 0b55d840  
2026-07-15 20:08:32 WARN  (DecompileCallback) Decompiling 0b55d848, pcode error at 0b55d848: Unable to disassemble EXTERNAL block location: 0b55d848  
2026-07-15 20:08:32 WARN  (DecompileCallback) Decompiling 0b55d850, pcode error at 0b55d850: Unable to disassemble EXTERNAL block location: 0b55d850  
2026-07-15 20:08:32 WARN  (DecompileCallback) Decompiling 0b55d858, pcode error at 0b55d858: Unable to disassemble EXTERNAL block location: 0b55d858  
2026-07-15 20:08:32 WARN  (DecompileCallback) Decompiling 0b55d860, pcode error at 0b55d860: Unable to disassemble EXTERNAL block location: 0b55d860  
2026-07-15 20:08:32 WARN  (DecompileCallback) Decompiling 0b55d868, pcode error at 0b55d868: Unable to disassemble EXTERNAL block location: 0b55d868  
2026-07-15 20:08:32 WARN  (DecompileCallback) Decompiling 0b55d870, pcode error at 0b55d870: Unable to disassemble EXTERNAL block location: 0b55d870  
2026-07-15 20:08:32 WARN  (DecompileCallback) Decompiling 0b55d878, pcode error at 0b55d878: Unable to disassemble EXTERNAL block location: 0b55d878  
2026-07-15 20:08:32 WARN  (DecompileCallback) Decompiling 0b55d880, pcode error at 0b55d880: Unable to disassemble EXTERNAL block location: 0b55d880  
2026-07-15 20:08:32 WARN  (DecompileCallback) Decompiling 0b55d888, pcode error at 0b55d888: Unable to disassemble EXTERNAL block location: 0b55d888  
2026-07-15 20:08:32 WARN  (DecompileCallback) Decompiling 0b55d890, pcode error at 0b55d890: Unable to disassemble EXTERNAL block location: 0b55d890  
2026-07-15 20:08:32 WARN  (DecompileCallback) Decompiling 0b55d898, pcode error at 0b55d898: Unable to disassemble EXTERNAL block location: 0b55d898  
2026-07-15 20:08:32 WARN  (DecompileCallback) Decompiling 0b55d8a0, pcode error at 0b55d8a0: Unable to disassemble EXTERNAL block location: 0b55d8a0  
2026-07-15 20:08:32 WARN  (DecompileCallback) Decompiling 0b55d8a8, pcode error at 0b55d8a8: Unable to disassemble EXTERNAL block location: 0b55d8a8  
2026-07-15 20:08:32 WARN  (DecompileCallback) Decompiling 0b55d8b0, pcode error at 0b55d8b0: Unable to disassemble EXTERNAL block location: 0b55d8b0  
2026-07-15 20:08:32 WARN  (DecompileCallback) Decompiling 0b55d8b8, pcode error at 0b55d8b8: Unable to disassemble EXTERNAL block location: 0b55d8b8  
2026-07-15 20:08:32 WARN  (DecompileCallback) Decompiling 0b55d8c0, pcode error at 0b55d8c0: Unable to disassemble EXTERNAL block location: 0b55d8c0  
2026-07-15 20:08:32 WARN  (DecompileCallback) Decompiling 0b55d8c8, pcode error at 0b55d8c8: Unable to disassemble EXTERNAL block location: 0b55d8c8  
2026-07-15 20:08:32 WARN  (DecompileCallback) Decompiling 0b55d8d8, pcode error at 0b55d8d8: Unable to disassemble EXTERNAL block location: 0b55d8d8  
2026-07-15 20:08:32 WARN  (DecompileCallback) Decompiling 0b55d8e0, pcode error at 0b55d8e0: Unable to disassemble EXTERNAL block location: 0b55d8e0  
2026-07-15 20:08:32 WARN  (DecompileCallback) Decompiling 0b55d8e8, pcode error at 0b55d8e8: Unable to disassemble EXTERNAL block location: 0b55d8e8  
2026-07-15 20:08:32 WARN  (DecompileCallback) Decompiling 0b55d8f0, pcode error at 0b55d8f0: Unable to disassemble EXTERNAL block location: 0b55d8f0  
2026-07-15 20:08:32 WARN  (DecompileCallback) Decompiling 0b55d8f8, pcode error at 0b55d8f8: Unable to disassemble EXTERNAL block location: 0b55d8f8  
2026-07-15 20:08:32 WARN  (DecompileCallback) Decompiling 0b55d900, pcode error at 0b55d900: Unable to disassemble EXTERNAL block location: 0b55d900  
2026-07-15 20:08:32 WARN  (DecompileCallback) Decompiling 0b55d908, pcode error at 0b55d908: Unable to disassemble EXTERNAL block location: 0b55d908  
2026-07-15 20:08:32 WARN  (DecompileCallback) Decompiling 0b55d910, pcode error at 0b55d910: Unable to disassemble EXTERNAL block location: 0b55d910  
2026-07-15 20:08:32 INFO  (GhidraScript) GeneralStructureEyePatternScan.java> General structure scan complete.  
2026-07-15 20:08:32 INFO  (GhidraScript) GeneralStructureEyePatternScan.java> Total functions scanned: 1115372  
2026-07-15 20:08:32 INFO  (GhidraScript) GeneralStructureEyePatternScan.java> Exported functions: 2096  
2026-07-15 20:08:32 INFO  (GhidraScript) GeneralStructureEyePatternScan.java> Decompile failures: 1078  
2026-07-15 20:08:32 INFO  (GhidraScript) GeneralStructureEyePatternScan.java> Report CSV: C:\realDesktop\manifest-evaluations\summer-26\ghidra-pipeline\il2cpp-files\Hyper\general-structure-results\structure_scan_report.csv  
2026-07-15 20:08:32 INFO  (GhidraScript) GeneralStructureEyePatternScan.java> Report JSON: C:\realDesktop\manifest-evaluations\summer-26\ghidra-pipeline\il2cpp-files\Hyper\general-structure-results\structure_scan_report.json  
2026-07-15 20:08:32 INFO  (HeadlessAnalyzer) REPORT: Save succeeded for processed file: /Hyper-libil2cpp.so  
