2026-07-27 00:10:47 INFO  (LoggingInitialization) Using log config file: jar:file:/C:/Users/kimgiordano27/Downloads/ghidra_12.1.2_PUBLIC_20260605/ghidra_12.1.2_PUBLIC/Ghidra/Framework/Generic/lib/Generic.jar!/generic.log4j.xml  
2026-07-27 00:10:47 INFO  (LoggingInitialization) Using log file: C:\realDesktop\manifest-evaluations\summer-26\ghidra-pipeline\il2cpp-files\vrlegs\general-structure-ghidra.log  
2026-07-27 00:10:47 DEBUG (GhidraObjectInputFilter) Including serial input filter: FileSystem/data/client.rmi.serial.filter  
2026-07-27 00:10:47 INFO  (Preferences) Loading user preferences: C:\Users\kimgiordano27\AppData\Roaming\ghidra\ghidra_12.1.2_PUBLIC\preferences  
2026-07-27 00:10:47 INFO  (ClassSearcher) Searching for classes...  
2026-07-27 00:10:48 INFO  (ClassSearcher) Class search complete (646 ms)  
2026-07-27 00:10:48 INFO  (DefaultSSLContextInitializer) Initializing SSL Context  
2026-07-27 00:10:48 INFO  (SecureRandomFactory) Initializing Random Number Generator...  
2026-07-27 00:10:48 INFO  (SecureRandomFactory) Random Number Generator initialization complete: SHA1PRNG  
2026-07-27 00:10:48 INFO  (DefaultTrustManagerFactory) Trust manager disabled, cacerts have not been set  
2026-07-27 00:10:48 INFO  (AnalyzeHeadless) Headless startup complete (6595 ms)  
2026-07-27 00:10:48 INFO  (ClassSearcher) Class searcher loaded 59 extension points (20 false positives)  
2026-07-27 00:10:48 INFO  (HeadlessAnalyzer) HEADLESS Script Paths:
    C:\Users\kimgiordano27\Downloads\ghidra_12.1.2_PUBLIC_20260605\ghidra_12.1.2_PUBLIC\Ghidra\Features\DecompilerDependent\ghidra_scripts
    C:\Users\kimgiordano27\Downloads\ghidra_12.1.2_PUBLIC_20260605\ghidra_12.1.2_PUBLIC\Ghidra\Processors\Atmel\ghidra_scripts
    C:\Users\kimgiordano27\Downloads\ghidra_12.1.2_PUBLIC_20260605\ghidra_12.1.2_PUBLIC\Ghidra\Processors\PIC\ghidra_scripts
    C:\Users\kimgiordano27\Downloads\ghidra_12.1.2_PUBLIC_20260605\ghidra_12.1.2_PUBLIC\Ghidra\Features\VersionTracking\ghidra_scripts
    C:\Users\kimgiordano27\Downloads\ghidra_12.1.2_PUBLIC_20260605\ghidra_12.1.2_PUBLIC\Ghidra\Features\BytePatterns\ghidra_scripts
    C:\Users\kimgiordano27\ghidra_scripts
    C:\Users\kimgiordano27\Downloads\ghidra_12.1.2_PUBLIC_20260605\ghidra_12.1.2_PUBLIC\Ghidra\Features\BSim\ghidra_scripts
    C:\realDesktop\manifest-evaluations\summer-26\ghidra-pipeline\ghidra-export-scripts
    C:\Users\kimgiordano27\Downloads\ghidra_12.1.2_PUBLIC_20260605\ghidra_12.1.2_PUBLIC\Ghidra\Processors\JVM\ghidra_scripts
    C:\Users\kimgiordano27\Downloads\ghidra_12.1.2_PUBLIC_20260605\ghidra_12.1.2_PUBLIC\Ghidra\Features\Base\ghidra_scripts
    C:\Users\kimgiordano27\Downloads\ghidra_12.1.2_PUBLIC_20260605\ghidra_12.1.2_PUBLIC\Ghidra\Features\SwiftDemangler\ghidra_scripts
    C:\Users\kimgiordano27\Downloads\ghidra_12.1.2_PUBLIC_20260605\ghidra_12.1.2_PUBLIC\Ghidra\Features\WildcardAssembler\ghidra_scripts
    C:\Users\kimgiordano27\Downloads\ghidra_12.1.2_PUBLIC_20260605\ghidra_12.1.2_PUBLIC\Ghidra\Features\FileFormats\ghidra_scripts
    C:\Users\kimgiordano27\Downloads\ghidra_12.1.2_PUBLIC_20260605\ghidra_12.1.2_PUBLIC\Ghidra\Features\Decompiler\ghidra_scripts
    C:\Users\kimgiordano27\Downloads\ghidra_12.1.2_PUBLIC_20260605\ghidra_12.1.2_PUBLIC\Ghidra\Features\SystemEmulation\ghidra_scripts
    C:\Users\kimgiordano27\Downloads\ghidra_12.1.2_PUBLIC_20260605\ghidra_12.1.2_PUBLIC\Ghidra\Processors\8051\ghidra_scripts
    C:\Users\kimgiordano27\Downloads\ghidra_12.1.2_PUBLIC_20260605\ghidra_12.1.2_PUBLIC\Ghidra\Features\GnuDemangler\ghidra_scripts
    C:\Users\kimgiordano27\Downloads\ghidra_12.1.2_PUBLIC_20260605\ghidra_12.1.2_PUBLIC\Ghidra\Debug\Debugger\ghidra_scripts
    C:\Users\kimgiordano27\Downloads\ghidra_12.1.2_PUBLIC_20260605\ghidra_12.1.2_PUBLIC\Ghidra\Processors\DATA\ghidra_scripts
    C:\Users\kimgiordano27\Downloads\ghidra_12.1.2_PUBLIC_20260605\ghidra_12.1.2_PUBLIC\Ghidra\Debug\Debugger-rmi-trace\ghidra_scripts
    C:\Users\kimgiordano27\Downloads\ghidra_12.1.2_PUBLIC_20260605\ghidra_12.1.2_PUBLIC\Ghidra\Features\FunctionID\ghidra_scripts
    C:\Users\kimgiordano27\Downloads\ghidra_12.1.2_PUBLIC_20260605\ghidra_12.1.2_PUBLIC\Ghidra\Features\MicrosoftCodeAnalyzer\ghidra_scripts
    C:\Users\kimgiordano27\Downloads\ghidra_12.1.2_PUBLIC_20260605\ghidra_12.1.2_PUBLIC\Ghidra\Features\PDB\ghidra_scripts
    C:\Users\kimgiordano27\AppData\Roaming\ghidra\ghidra_12.1.2_PUBLIC\Extensions\Jython\ghidra_scripts
    C:\Users\kimgiordano27\Downloads\ghidra_12.1.2_PUBLIC_20260605\ghidra_12.1.2_PUBLIC\Ghidra\Features\PyGhidra\ghidra_scripts  
2026-07-27 00:10:48 INFO  (HeadlessAnalyzer) HEADLESS: execution starts  
2026-07-27 00:10:48 INFO  (HeadlessAnalyzer) Opening existing project: C:\realDesktop\manifest-evaluations\summer-26\ghidra-pipeline\il2cpp-files\vrlegs\ghidra-project-vrlegs\vrlegs  
2026-07-27 00:10:49 INFO  (HeadlessProject) Opening project: C:\realDesktop\manifest-evaluations\summer-26\ghidra-pipeline\il2cpp-files\vrlegs\ghidra-project-vrlegs\vrlegs  
2026-07-27 00:10:49 INFO  (LocalFileSystem) /vrlegs-libil2cpp.so: checkout (2) granted (kimgiordano27)  
2026-07-27 00:10:52 INFO  (HeadlessAnalyzer) REPORT: Processing project file: /vrlegs-libil2cpp.so  
2026-07-27 00:10:53 INFO  (HeadlessAnalyzer) REPORT: Execute script: GeneralStructureEyePatternScan.java 'C:\realDesktop\manifest-evaluations\summer-26\ghidra-pipeline\il2cpp-files\vrlegs\general-structure-results' '70' 'false'   
2026-07-27 00:10:53 INFO  (HeadlessAnalyzer) SCRIPT: C:\realDesktop\manifest-evaluations\summer-26\ghidra-pipeline\ghidra-export-scripts\GeneralStructureEyePatternScan.java  
2026-07-27 00:10:53 INFO  (GhidraScript) GeneralStructureEyePatternScan.java> General structure scan starting...  
2026-07-27 00:10:53 INFO  (GhidraScript) GeneralStructureEyePatternScan.java> Output: C:\realDesktop\manifest-evaluations\summer-26\ghidra-pipeline\il2cpp-files\vrlegs\general-structure-results  
2026-07-27 00:10:53 INFO  (GhidraScript) GeneralStructureEyePatternScan.java> Minimum review score: 70  
2026-07-27 00:10:53 INFO  (GhidraScript) GeneralStructureEyePatternScan.java> Export all: false  
2026-07-27 00:11:15 INFO  (GhidraScript) GeneralStructureEyePatternScan.java> Scanned 10000 functions. Exported so far: 0  
2026-07-27 00:11:38 INFO  (GhidraScript) GeneralStructureEyePatternScan.java> Scanned 20000 functions. Exported so far: 0  
2026-07-27 00:11:58 INFO  (GhidraScript) GeneralStructureEyePatternScan.java> Scanned 30000 functions. Exported so far: 4  
2026-07-27 00:12:14 INFO  (GhidraScript) GeneralStructureEyePatternScan.java> Scanned 40000 functions. Exported so far: 4  
2026-07-27 00:15:31 INFO  (GhidraScript) GeneralStructureEyePatternScan.java> Scanned 50000 functions. Exported so far: 12  
2026-07-27 00:20:40 INFO  (GhidraScript) GeneralStructureEyePatternScan.java> Scanned 60000 functions. Exported so far: 19  
2026-07-27 00:24:07 INFO  (GhidraScript) GeneralStructureEyePatternScan.java> Scanned 70000 functions. Exported so far: 50  
2026-07-27 00:26:42 INFO  (GhidraScript) GeneralStructureEyePatternScan.java> Scanned 80000 functions. Exported so far: 52  
2026-07-27 00:29:18 INFO  (GhidraScript) GeneralStructureEyePatternScan.java> Scanned 90000 functions. Exported so far: 76  
2026-07-27 00:31:55 INFO  (GhidraScript) GeneralStructureEyePatternScan.java> Scanned 100000 functions. Exported so far: 183  
2026-07-27 00:33:41 INFO  (GhidraScript) GeneralStructureEyePatternScan.java> Scanned 110000 functions. Exported so far: 317  
2026-07-27 00:37:09 INFO  (GhidraScript) GeneralStructureEyePatternScan.java> Scanned 120000 functions. Exported so far: 321  
2026-07-27 02:13:58 INFO  (GhidraScript) GeneralStructureEyePatternScan.java> Scanned 130000 functions. Exported so far: 349  
2026-07-27 02:16:26 INFO  (GhidraScript) GeneralStructureEyePatternScan.java> Scanned 140000 functions. Exported so far: 401  
2026-07-27 03:07:36 INFO  (GhidraScript) GeneralStructureEyePatternScan.java> Scanned 150000 functions. Exported so far: 549  
2026-07-27 03:09:45 INFO  (GhidraScript) GeneralStructureEyePatternScan.java> Scanned 160000 functions. Exported so far: 1012  
2026-07-27 03:13:13 INFO  (GhidraScript) GeneralStructureEyePatternScan.java> Scanned 170000 functions. Exported so far: 1078  
2026-07-27 03:22:32 INFO  (GhidraScript) GeneralStructureEyePatternScan.java> Scanned 180000 functions. Exported so far: 1279  
2026-07-27 03:24:52 INFO  (GhidraScript) GeneralStructureEyePatternScan.java> Scanned 190000 functions. Exported so far: 1297  
2026-07-27 03:28:30 INFO  (GhidraScript) GeneralStructureEyePatternScan.java> Scanned 200000 functions. Exported so far: 1300  
2026-07-27 03:34:33 INFO  (GhidraScript) GeneralStructureEyePatternScan.java> Scanned 210000 functions. Exported so far: 1310  
2026-07-27 03:51:42 INFO  (GhidraScript) GeneralStructureEyePatternScan.java> Scanned 220000 functions. Exported so far: 1605  
2026-07-27 03:56:24 INFO  (GhidraScript) GeneralStructureEyePatternScan.java> Scanned 230000 functions. Exported so far: 1891  
2026-07-27 03:58:26 INFO  (GhidraScript) GeneralStructureEyePatternScan.java> Scanned 240000 functions. Exported so far: 2034  
2026-07-27 04:02:22 INFO  (GhidraScript) GeneralStructureEyePatternScan.java> Scanned 250000 functions. Exported so far: 2175  
2026-07-27 04:03:42 INFO  (GhidraScript) GeneralStructureEyePatternScan.java> Scanned 260000 functions. Exported so far: 2179  
2026-07-27 04:09:45 INFO  (GhidraScript) GeneralStructureEyePatternScan.java> Scanned 270000 functions. Exported so far: 2263  
2026-07-27 04:57:30 INFO  (GhidraScript) GeneralStructureEyePatternScan.java> Scanned 280000 functions. Exported so far: 3090  
2026-07-27 05:04:03 INFO  (GhidraScript) GeneralStructureEyePatternScan.java> Scanned 290000 functions. Exported so far: 3339  
2026-07-27 05:05:07 INFO  (GhidraScript) GeneralStructureEyePatternScan.java> Scanned 300000 functions. Exported so far: 3360  
2026-07-27 05:29:19 INFO  (GhidraScript) GeneralStructureEyePatternScan.java> Scanned 310000 functions. Exported so far: 3530  
2026-07-27 05:35:48 INFO  (GhidraScript) GeneralStructureEyePatternScan.java> Scanned 320000 functions. Exported so far: 3548  
2026-07-27 05:38:59 INFO  (GhidraScript) GeneralStructureEyePatternScan.java> Scanned 330000 functions. Exported so far: 3574  
2026-07-27 05:39:48 WARN  (DecompileCallback) Decompiling 04352000, pcode error at 04352000: Unable to disassemble EXTERNAL block location: 04352000  
2026-07-27 05:39:48 WARN  (DecompileCallback) Decompiling 04352008, pcode error at 04352008: Unable to disassemble EXTERNAL block location: 04352008  
2026-07-27 05:39:48 WARN  (DecompileCallback) Decompiling 04352010, pcode error at 04352010: Unable to disassemble EXTERNAL block location: 04352010  
2026-07-27 05:39:48 WARN  (DecompileCallback) Decompiling 04352018, pcode error at 04352018: Unable to disassemble EXTERNAL block location: 04352018  
2026-07-27 05:39:48 WARN  (DecompileCallback) Decompiling 04352020, pcode error at 04352020: Unable to disassemble EXTERNAL block location: 04352020  
2026-07-27 05:39:48 WARN  (DecompileCallback) Decompiling 04352028, pcode error at 04352028: Unable to disassemble EXTERNAL block location: 04352028  
2026-07-27 05:39:48 WARN  (DecompileCallback) Decompiling 04352030, pcode error at 04352030: Unable to disassemble EXTERNAL block location: 04352030  
2026-07-27 05:39:48 WARN  (DecompileCallback) Decompiling 04352038, pcode error at 04352038: Unable to disassemble EXTERNAL block location: 04352038  
2026-07-27 05:39:48 WARN  (DecompileCallback) Decompiling 04352040, pcode error at 04352040: Unable to disassemble EXTERNAL block location: 04352040  
2026-07-27 05:39:48 WARN  (DecompileCallback) Decompiling 04352048, pcode error at 04352048: Unable to disassemble EXTERNAL block location: 04352048  
2026-07-27 05:39:48 WARN  (DecompileCallback) Decompiling 04352050, pcode error at 04352050: Unable to disassemble EXTERNAL block location: 04352050  
2026-07-27 05:39:48 WARN  (DecompileCallback) Decompiling 04352058, pcode error at 04352058: Unable to disassemble EXTERNAL block location: 04352058  
2026-07-27 05:39:48 WARN  (DecompileCallback) Decompiling 04352060, pcode error at 04352060: Unable to disassemble EXTERNAL block location: 04352060  
2026-07-27 05:39:48 WARN  (DecompileCallback) Decompiling 04352068, pcode error at 04352068: Unable to disassemble EXTERNAL block location: 04352068  
2026-07-27 05:39:48 WARN  (DecompileCallback) Decompiling 04352070, pcode error at 04352070: Unable to disassemble EXTERNAL block location: 04352070  
2026-07-27 05:39:48 WARN  (DecompileCallback) Decompiling 04352078, pcode error at 04352078: Unable to disassemble EXTERNAL block location: 04352078  
2026-07-27 05:39:48 WARN  (DecompileCallback) Decompiling 04352080, pcode error at 04352080: Unable to disassemble EXTERNAL block location: 04352080  
2026-07-27 05:39:48 WARN  (DecompileCallback) Decompiling 04352088, pcode error at 04352088: Unable to disassemble EXTERNAL block location: 04352088  
2026-07-27 05:39:48 WARN  (DecompileCallback) Decompiling 04352090, pcode error at 04352090: Unable to disassemble EXTERNAL block location: 04352090  
2026-07-27 05:39:48 WARN  (DecompileCallback) Decompiling 04352098, pcode error at 04352098: Unable to disassemble EXTERNAL block location: 04352098  
2026-07-27 05:39:48 WARN  (DecompileCallback) Decompiling 043520a0, pcode error at 043520a0: Unable to disassemble EXTERNAL block location: 043520a0  
2026-07-27 05:39:48 WARN  (DecompileCallback) Decompiling 043520a8, pcode error at 043520a8: Unable to disassemble EXTERNAL block location: 043520a8  
2026-07-27 05:39:48 WARN  (DecompileCallback) Decompiling 043520b0, pcode error at 043520b0: Unable to disassemble EXTERNAL block location: 043520b0  
2026-07-27 05:39:48 WARN  (DecompileCallback) Decompiling 043520b8, pcode error at 043520b8: Unable to disassemble EXTERNAL block location: 043520b8  
2026-07-27 05:39:48 WARN  (DecompileCallback) Decompiling 043520c0, pcode error at 043520c0: Unable to disassemble EXTERNAL block location: 043520c0  
2026-07-27 05:39:48 WARN  (DecompileCallback) Decompiling 043520c8, pcode error at 043520c8: Unable to disassemble EXTERNAL block location: 043520c8  
2026-07-27 05:39:48 WARN  (DecompileCallback) Decompiling 043520d0, pcode error at 043520d0: Unable to disassemble EXTERNAL block location: 043520d0  
2026-07-27 05:39:48 WARN  (DecompileCallback) Decompiling 043520d8, pcode error at 043520d8: Unable to disassemble EXTERNAL block location: 043520d8  
2026-07-27 05:39:48 WARN  (DecompileCallback) Decompiling 043520e0, pcode error at 043520e0: Unable to disassemble EXTERNAL block location: 043520e0  
2026-07-27 05:39:48 WARN  (DecompileCallback) Decompiling 043520e8, pcode error at 043520e8: Unable to disassemble EXTERNAL block location: 043520e8  
2026-07-27 05:39:48 WARN  (DecompileCallback) Decompiling 043520f0, pcode error at 043520f0: Unable to disassemble EXTERNAL block location: 043520f0  
2026-07-27 05:39:48 WARN  (DecompileCallback) Decompiling 043520f8, pcode error at 043520f8: Unable to disassemble EXTERNAL block location: 043520f8  
2026-07-27 05:39:48 WARN  (DecompileCallback) Decompiling 04352100, pcode error at 04352100: Unable to disassemble EXTERNAL block location: 04352100  
2026-07-27 05:39:48 WARN  (DecompileCallback) Decompiling 04352108, pcode error at 04352108: Unable to disassemble EXTERNAL block location: 04352108  
2026-07-27 05:39:48 WARN  (DecompileCallback) Decompiling 04352110, pcode error at 04352110: Unable to disassemble EXTERNAL block location: 04352110  
2026-07-27 05:39:48 WARN  (DecompileCallback) Decompiling 04352118, pcode error at 04352118: Unable to disassemble EXTERNAL block location: 04352118  
2026-07-27 05:39:48 WARN  (DecompileCallback) Decompiling 04352120, pcode error at 04352120: Unable to disassemble EXTERNAL block location: 04352120  
2026-07-27 05:39:48 WARN  (DecompileCallback) Decompiling 04352128, pcode error at 04352128: Unable to disassemble EXTERNAL block location: 04352128  
2026-07-27 05:39:48 WARN  (DecompileCallback) Decompiling 04352130, pcode error at 04352130: Unable to disassemble EXTERNAL block location: 04352130  
2026-07-27 05:39:48 WARN  (DecompileCallback) Decompiling 04352138, pcode error at 04352138: Unable to disassemble EXTERNAL block location: 04352138  
2026-07-27 05:39:48 WARN  (DecompileCallback) Decompiling 04352140, pcode error at 04352140: Unable to disassemble EXTERNAL block location: 04352140  
2026-07-27 05:39:48 WARN  (DecompileCallback) Decompiling 04352148, pcode error at 04352148: Unable to disassemble EXTERNAL block location: 04352148  
2026-07-27 05:39:48 WARN  (DecompileCallback) Decompiling 04352150, pcode error at 04352150: Unable to disassemble EXTERNAL block location: 04352150  
2026-07-27 05:39:48 WARN  (DecompileCallback) Decompiling 04352158, pcode error at 04352158: Unable to disassemble EXTERNAL block location: 04352158  
2026-07-27 05:39:48 WARN  (DecompileCallback) Decompiling 04352160, pcode error at 04352160: Unable to disassemble EXTERNAL block location: 04352160  
2026-07-27 05:39:48 WARN  (DecompileCallback) Decompiling 04352168, pcode error at 04352168: Unable to disassemble EXTERNAL block location: 04352168  
2026-07-27 05:39:48 WARN  (DecompileCallback) Decompiling 04352170, pcode error at 04352170: Unable to disassemble EXTERNAL block location: 04352170  
2026-07-27 05:39:48 WARN  (DecompileCallback) Decompiling 04352178, pcode error at 04352178: Unable to disassemble EXTERNAL block location: 04352178  
2026-07-27 05:39:48 WARN  (DecompileCallback) Decompiling 04352180, pcode error at 04352180: Unable to disassemble EXTERNAL block location: 04352180  
2026-07-27 05:39:48 WARN  (DecompileCallback) Decompiling 04352188, pcode error at 04352188: Unable to disassemble EXTERNAL block location: 04352188  
2026-07-27 05:39:48 WARN  (DecompileCallback) Decompiling 04352190, pcode error at 04352190: Unable to disassemble EXTERNAL block location: 04352190  
2026-07-27 05:39:48 WARN  (DecompileCallback) Decompiling 04352198, pcode error at 04352198: Unable to disassemble EXTERNAL block location: 04352198  
2026-07-27 05:39:48 WARN  (DecompileCallback) Decompiling 043521a0, pcode error at 043521a0: Unable to disassemble EXTERNAL block location: 043521a0  
2026-07-27 05:39:48 WARN  (DecompileCallback) Decompiling 043521a8, pcode error at 043521a8: Unable to disassemble EXTERNAL block location: 043521a8  
2026-07-27 05:39:48 WARN  (DecompileCallback) Decompiling 043521b0, pcode error at 043521b0: Unable to disassemble EXTERNAL block location: 043521b0  
2026-07-27 05:39:48 WARN  (DecompileCallback) Decompiling 043521b8, pcode error at 043521b8: Unable to disassemble EXTERNAL block location: 043521b8  
2026-07-27 05:39:48 WARN  (DecompileCallback) Decompiling 043521c0, pcode error at 043521c0: Unable to disassemble EXTERNAL block location: 043521c0  
2026-07-27 05:39:48 WARN  (DecompileCallback) Decompiling 043521c8, pcode error at 043521c8: Unable to disassemble EXTERNAL block location: 043521c8  
2026-07-27 05:39:48 WARN  (DecompileCallback) Decompiling 043521d0, pcode error at 043521d0: Unable to disassemble EXTERNAL block location: 043521d0  
2026-07-27 05:39:48 WARN  (DecompileCallback) Decompiling 043521d8, pcode error at 043521d8: Unable to disassemble EXTERNAL block location: 043521d8  
2026-07-27 05:39:48 WARN  (DecompileCallback) Decompiling 043521e0, pcode error at 043521e0: Unable to disassemble EXTERNAL block location: 043521e0  
2026-07-27 05:39:48 WARN  (DecompileCallback) Decompiling 043521e8, pcode error at 043521e8: Unable to disassemble EXTERNAL block location: 043521e8  
2026-07-27 05:39:48 WARN  (DecompileCallback) Decompiling 043521f0, pcode error at 043521f0: Unable to disassemble EXTERNAL block location: 043521f0  
2026-07-27 05:39:48 WARN  (DecompileCallback) Decompiling 043521f8, pcode error at 043521f8: Unable to disassemble EXTERNAL block location: 043521f8  
2026-07-27 05:39:48 WARN  (DecompileCallback) Decompiling 04352200, pcode error at 04352200: Unable to disassemble EXTERNAL block location: 04352200  
2026-07-27 05:39:48 WARN  (DecompileCallback) Decompiling 04352208, pcode error at 04352208: Unable to disassemble EXTERNAL block location: 04352208  
2026-07-27 05:39:48 WARN  (DecompileCallback) Decompiling 04352210, pcode error at 04352210: Unable to disassemble EXTERNAL block location: 04352210  
2026-07-27 05:39:48 WARN  (DecompileCallback) Decompiling 04352218, pcode error at 04352218: Unable to disassemble EXTERNAL block location: 04352218  
2026-07-27 05:39:48 WARN  (DecompileCallback) Decompiling 04352220, pcode error at 04352220: Unable to disassemble EXTERNAL block location: 04352220  
2026-07-27 05:39:48 WARN  (DecompileCallback) Decompiling 04352228, pcode error at 04352228: Unable to disassemble EXTERNAL block location: 04352228  
2026-07-27 05:39:48 WARN  (DecompileCallback) Decompiling 04352230, pcode error at 04352230: Unable to disassemble EXTERNAL block location: 04352230  
2026-07-27 05:39:48 WARN  (DecompileCallback) Decompiling 04352238, pcode error at 04352238: Unable to disassemble EXTERNAL block location: 04352238  
2026-07-27 05:39:48 WARN  (DecompileCallback) Decompiling 04352240, pcode error at 04352240: Unable to disassemble EXTERNAL block location: 04352240  
2026-07-27 05:39:48 WARN  (DecompileCallback) Decompiling 04352248, pcode error at 04352248: Unable to disassemble EXTERNAL block location: 04352248  
2026-07-27 05:39:48 WARN  (DecompileCallback) Decompiling 04352250, pcode error at 04352250: Unable to disassemble EXTERNAL block location: 04352250  
2026-07-27 05:39:48 WARN  (DecompileCallback) Decompiling 04352258, pcode error at 04352258: Unable to disassemble EXTERNAL block location: 04352258  
2026-07-27 05:39:48 WARN  (DecompileCallback) Decompiling 04352260, pcode error at 04352260: Unable to disassemble EXTERNAL block location: 04352260  
2026-07-27 05:39:48 WARN  (DecompileCallback) Decompiling 04352268, pcode error at 04352268: Unable to disassemble EXTERNAL block location: 04352268  
2026-07-27 05:39:48 WARN  (DecompileCallback) Decompiling 04352270, pcode error at 04352270: Unable to disassemble EXTERNAL block location: 04352270  
2026-07-27 05:39:48 WARN  (DecompileCallback) Decompiling 04352278, pcode error at 04352278: Unable to disassemble EXTERNAL block location: 04352278  
2026-07-27 05:39:48 WARN  (DecompileCallback) Decompiling 04352280, pcode error at 04352280: Unable to disassemble EXTERNAL block location: 04352280  
2026-07-27 05:39:48 WARN  (DecompileCallback) Decompiling 04352288, pcode error at 04352288: Unable to disassemble EXTERNAL block location: 04352288  
2026-07-27 05:39:48 WARN  (DecompileCallback) Decompiling 04352290, pcode error at 04352290: Unable to disassemble EXTERNAL block location: 04352290  
2026-07-27 05:39:48 WARN  (DecompileCallback) Decompiling 04352298, pcode error at 04352298: Unable to disassemble EXTERNAL block location: 04352298  
2026-07-27 05:39:48 WARN  (DecompileCallback) Decompiling 043522a0, pcode error at 043522a0: Unable to disassemble EXTERNAL block location: 043522a0  
2026-07-27 05:39:48 WARN  (DecompileCallback) Decompiling 043522a8, pcode error at 043522a8: Unable to disassemble EXTERNAL block location: 043522a8  
2026-07-27 05:39:48 WARN  (DecompileCallback) Decompiling 043522b0, pcode error at 043522b0: Unable to disassemble EXTERNAL block location: 043522b0  
2026-07-27 05:39:48 WARN  (DecompileCallback) Decompiling 043522b8, pcode error at 043522b8: Unable to disassemble EXTERNAL block location: 043522b8  
2026-07-27 05:39:48 WARN  (DecompileCallback) Decompiling 043522c0, pcode error at 043522c0: Unable to disassemble EXTERNAL block location: 043522c0  
2026-07-27 05:39:48 WARN  (DecompileCallback) Decompiling 043522c8, pcode error at 043522c8: Unable to disassemble EXTERNAL block location: 043522c8  
2026-07-27 05:39:48 WARN  (DecompileCallback) Decompiling 043522d0, pcode error at 043522d0: Unable to disassemble EXTERNAL block location: 043522d0  
2026-07-27 05:39:48 WARN  (DecompileCallback) Decompiling 043522d8, pcode error at 043522d8: Unable to disassemble EXTERNAL block location: 043522d8  
2026-07-27 05:39:48 WARN  (DecompileCallback) Decompiling 043522e0, pcode error at 043522e0: Unable to disassemble EXTERNAL block location: 043522e0  
2026-07-27 05:39:48 WARN  (DecompileCallback) Decompiling 043522e8, pcode error at 043522e8: Unable to disassemble EXTERNAL block location: 043522e8  
2026-07-27 05:39:48 WARN  (DecompileCallback) Decompiling 043522f0, pcode error at 043522f0: Unable to disassemble EXTERNAL block location: 043522f0  
2026-07-27 05:39:48 WARN  (DecompileCallback) Decompiling 043522f8, pcode error at 043522f8: Unable to disassemble EXTERNAL block location: 043522f8  
2026-07-27 05:39:48 WARN  (DecompileCallback) Decompiling 04352300, pcode error at 04352300: Unable to disassemble EXTERNAL block location: 04352300  
2026-07-27 05:39:48 WARN  (DecompileCallback) Decompiling 04352308, pcode error at 04352308: Unable to disassemble EXTERNAL block location: 04352308  
2026-07-27 05:39:48 WARN  (DecompileCallback) Decompiling 04352310, pcode error at 04352310: Unable to disassemble EXTERNAL block location: 04352310  
2026-07-27 05:39:48 WARN  (DecompileCallback) Decompiling 04352318, pcode error at 04352318: Unable to disassemble EXTERNAL block location: 04352318  
2026-07-27 05:39:48 WARN  (DecompileCallback) Decompiling 04352320, pcode error at 04352320: Unable to disassemble EXTERNAL block location: 04352320  
2026-07-27 05:39:48 WARN  (DecompileCallback) Decompiling 04352328, pcode error at 04352328: Unable to disassemble EXTERNAL block location: 04352328  
2026-07-27 05:39:48 WARN  (DecompileCallback) Decompiling 04352330, pcode error at 04352330: Unable to disassemble EXTERNAL block location: 04352330  
2026-07-27 05:39:48 WARN  (DecompileCallback) Decompiling 04352338, pcode error at 04352338: Unable to disassemble EXTERNAL block location: 04352338  
2026-07-27 05:39:48 WARN  (DecompileCallback) Decompiling 04352340, pcode error at 04352340: Unable to disassemble EXTERNAL block location: 04352340  
2026-07-27 05:39:48 WARN  (DecompileCallback) Decompiling 04352348, pcode error at 04352348: Unable to disassemble EXTERNAL block location: 04352348  
2026-07-27 05:39:48 WARN  (DecompileCallback) Decompiling 04352350, pcode error at 04352350: Unable to disassemble EXTERNAL block location: 04352350  
2026-07-27 05:39:48 WARN  (DecompileCallback) Decompiling 04352358, pcode error at 04352358: Unable to disassemble EXTERNAL block location: 04352358  
2026-07-27 05:39:48 WARN  (DecompileCallback) Decompiling 04352360, pcode error at 04352360: Unable to disassemble EXTERNAL block location: 04352360  
2026-07-27 05:39:48 WARN  (DecompileCallback) Decompiling 04352370, pcode error at 04352370: Unable to disassemble EXTERNAL block location: 04352370  
2026-07-27 05:39:48 WARN  (DecompileCallback) Decompiling 04352378, pcode error at 04352378: Unable to disassemble EXTERNAL block location: 04352378  
2026-07-27 05:39:48 WARN  (DecompileCallback) Decompiling 04352380, pcode error at 04352380: Unable to disassemble EXTERNAL block location: 04352380  
2026-07-27 05:39:48 WARN  (DecompileCallback) Decompiling 04352388, pcode error at 04352388: Unable to disassemble EXTERNAL block location: 04352388  
2026-07-27 05:39:48 WARN  (DecompileCallback) Decompiling 04352390, pcode error at 04352390: Unable to disassemble EXTERNAL block location: 04352390  
2026-07-27 05:39:48 WARN  (DecompileCallback) Decompiling 04352398, pcode error at 04352398: Unable to disassemble EXTERNAL block location: 04352398  
2026-07-27 05:39:48 WARN  (DecompileCallback) Decompiling 043523a0, pcode error at 043523a0: Unable to disassemble EXTERNAL block location: 043523a0  
2026-07-27 05:39:48 WARN  (DecompileCallback) Decompiling 043523a8, pcode error at 043523a8: Unable to disassemble EXTERNAL block location: 043523a8  
2026-07-27 05:39:48 WARN  (DecompileCallback) Decompiling 043523b0, pcode error at 043523b0: Unable to disassemble EXTERNAL block location: 043523b0  
2026-07-27 05:39:48 WARN  (DecompileCallback) Decompiling 043523b8, pcode error at 043523b8: Unable to disassemble EXTERNAL block location: 043523b8  
2026-07-27 05:39:48 WARN  (DecompileCallback) Decompiling 043523c8, pcode error at 043523c8: Unable to disassemble EXTERNAL block location: 043523c8  
2026-07-27 05:39:48 WARN  (DecompileCallback) Decompiling 043523d0, pcode error at 043523d0: Unable to disassemble EXTERNAL block location: 043523d0  
2026-07-27 05:39:48 WARN  (DecompileCallback) Decompiling 043523d8, pcode error at 043523d8: Unable to disassemble EXTERNAL block location: 043523d8  
2026-07-27 05:39:48 WARN  (DecompileCallback) Decompiling 043523e0, pcode error at 043523e0: Unable to disassemble EXTERNAL block location: 043523e0  
2026-07-27 05:39:48 WARN  (DecompileCallback) Decompiling 043523e8, pcode error at 043523e8: Unable to disassemble EXTERNAL block location: 043523e8  
2026-07-27 05:39:48 WARN  (DecompileCallback) Decompiling 043523f0, pcode error at 043523f0: Unable to disassemble EXTERNAL block location: 043523f0  
2026-07-27 05:39:48 WARN  (DecompileCallback) Decompiling 043523f8, pcode error at 043523f8: Unable to disassemble EXTERNAL block location: 043523f8  
2026-07-27 05:39:48 WARN  (DecompileCallback) Decompiling 04352400, pcode error at 04352400: Unable to disassemble EXTERNAL block location: 04352400  
2026-07-27 05:39:48 WARN  (DecompileCallback) Decompiling 04352408, pcode error at 04352408: Unable to disassemble EXTERNAL block location: 04352408  
2026-07-27 05:39:48 WARN  (DecompileCallback) Decompiling 04352410, pcode error at 04352410: Unable to disassemble EXTERNAL block location: 04352410  
2026-07-27 05:39:48 WARN  (DecompileCallback) Decompiling 04352418, pcode error at 04352418: Unable to disassemble EXTERNAL block location: 04352418  
2026-07-27 05:39:48 WARN  (DecompileCallback) Decompiling 04352420, pcode error at 04352420: Unable to disassemble EXTERNAL block location: 04352420  
2026-07-27 05:39:48 WARN  (DecompileCallback) Decompiling 04352428, pcode error at 04352428: Unable to disassemble EXTERNAL block location: 04352428  
2026-07-27 05:39:48 WARN  (DecompileCallback) Decompiling 04352430, pcode error at 04352430: Unable to disassemble EXTERNAL block location: 04352430  
2026-07-27 05:39:48 WARN  (DecompileCallback) Decompiling 04352438, pcode error at 04352438: Unable to disassemble EXTERNAL block location: 04352438  
2026-07-27 05:39:48 WARN  (DecompileCallback) Decompiling 04352440, pcode error at 04352440: Unable to disassemble EXTERNAL block location: 04352440  
2026-07-27 05:39:48 WARN  (DecompileCallback) Decompiling 04352448, pcode error at 04352448: Unable to disassemble EXTERNAL block location: 04352448  
2026-07-27 05:39:48 WARN  (DecompileCallback) Decompiling 04352450, pcode error at 04352450: Unable to disassemble EXTERNAL block location: 04352450  
2026-07-27 05:39:48 WARN  (DecompileCallback) Decompiling 04352458, pcode error at 04352458: Unable to disassemble EXTERNAL block location: 04352458  
2026-07-27 05:39:48 WARN  (DecompileCallback) Decompiling 04352460, pcode error at 04352460: Unable to disassemble EXTERNAL block location: 04352460  
2026-07-27 05:39:48 WARN  (DecompileCallback) Decompiling 04352468, pcode error at 04352468: Unable to disassemble EXTERNAL block location: 04352468  
2026-07-27 05:39:48 WARN  (DecompileCallback) Decompiling 04352470, pcode error at 04352470: Unable to disassemble EXTERNAL block location: 04352470  
2026-07-27 05:39:48 WARN  (DecompileCallback) Decompiling 04352478, pcode error at 04352478: Unable to disassemble EXTERNAL block location: 04352478  
2026-07-27 05:39:48 WARN  (DecompileCallback) Decompiling 04352480, pcode error at 04352480: Unable to disassemble EXTERNAL block location: 04352480  
2026-07-27 05:39:48 WARN  (DecompileCallback) Decompiling 04352488, pcode error at 04352488: Unable to disassemble EXTERNAL block location: 04352488  
2026-07-27 05:39:48 WARN  (DecompileCallback) Decompiling 04352490, pcode error at 04352490: Unable to disassemble EXTERNAL block location: 04352490  
2026-07-27 05:39:48 WARN  (DecompileCallback) Decompiling 04352498, pcode error at 04352498: Unable to disassemble EXTERNAL block location: 04352498  
2026-07-27 05:39:48 WARN  (DecompileCallback) Decompiling 043524a0, pcode error at 043524a0: Unable to disassemble EXTERNAL block location: 043524a0  
2026-07-27 05:39:48 WARN  (DecompileCallback) Decompiling 043524a8, pcode error at 043524a8: Unable to disassemble EXTERNAL block location: 043524a8  
2026-07-27 05:39:48 WARN  (DecompileCallback) Decompiling 043524b0, pcode error at 043524b0: Unable to disassemble EXTERNAL block location: 043524b0  
2026-07-27 05:39:48 WARN  (DecompileCallback) Decompiling 043524b8, pcode error at 043524b8: Unable to disassemble EXTERNAL block location: 043524b8  
2026-07-27 05:39:48 WARN  (DecompileCallback) Decompiling 043524c0, pcode error at 043524c0: Unable to disassemble EXTERNAL block location: 043524c0  
2026-07-27 05:39:48 WARN  (DecompileCallback) Decompiling 043524c8, pcode error at 043524c8: Unable to disassemble EXTERNAL block location: 043524c8  
2026-07-27 05:39:48 WARN  (DecompileCallback) Decompiling 043524d0, pcode error at 043524d0: Unable to disassemble EXTERNAL block location: 043524d0  
2026-07-27 05:39:48 WARN  (DecompileCallback) Decompiling 043524d8, pcode error at 043524d8: Unable to disassemble EXTERNAL block location: 043524d8  
2026-07-27 05:39:48 WARN  (DecompileCallback) Decompiling 043524e0, pcode error at 043524e0: Unable to disassemble EXTERNAL block location: 043524e0  
2026-07-27 05:39:48 WARN  (DecompileCallback) Decompiling 043524e8, pcode error at 043524e8: Unable to disassemble EXTERNAL block location: 043524e8  
2026-07-27 05:39:48 WARN  (DecompileCallback) Decompiling 043524f0, pcode error at 043524f0: Unable to disassemble EXTERNAL block location: 043524f0  
2026-07-27 05:39:48 WARN  (DecompileCallback) Decompiling 043524f8, pcode error at 043524f8: Unable to disassemble EXTERNAL block location: 043524f8  
2026-07-27 05:39:48 WARN  (DecompileCallback) Decompiling 04352500, pcode error at 04352500: Unable to disassemble EXTERNAL block location: 04352500  
2026-07-27 05:39:48 WARN  (DecompileCallback) Decompiling 04352508, pcode error at 04352508: Unable to disassemble EXTERNAL block location: 04352508  
2026-07-27 05:39:48 WARN  (DecompileCallback) Decompiling 04352510, pcode error at 04352510: Unable to disassemble EXTERNAL block location: 04352510  
2026-07-27 05:39:48 WARN  (DecompileCallback) Decompiling 04352518, pcode error at 04352518: Unable to disassemble EXTERNAL block location: 04352518  
2026-07-27 05:39:48 WARN  (DecompileCallback) Decompiling 04352520, pcode error at 04352520: Unable to disassemble EXTERNAL block location: 04352520  
2026-07-27 05:39:48 WARN  (DecompileCallback) Decompiling 04352528, pcode error at 04352528: Unable to disassemble EXTERNAL block location: 04352528  
2026-07-27 05:39:48 WARN  (DecompileCallback) Decompiling 04352530, pcode error at 04352530: Unable to disassemble EXTERNAL block location: 04352530  
2026-07-27 05:39:48 WARN  (DecompileCallback) Decompiling 04352538, pcode error at 04352538: Unable to disassemble EXTERNAL block location: 04352538  
2026-07-27 05:39:48 WARN  (DecompileCallback) Decompiling 04352540, pcode error at 04352540: Unable to disassemble EXTERNAL block location: 04352540  
2026-07-27 05:39:48 WARN  (DecompileCallback) Decompiling 04352548, pcode error at 04352548: Unable to disassemble EXTERNAL block location: 04352548  
2026-07-27 05:39:48 WARN  (DecompileCallback) Decompiling 04352550, pcode error at 04352550: Unable to disassemble EXTERNAL block location: 04352550  
2026-07-27 05:39:48 WARN  (DecompileCallback) Decompiling 04352558, pcode error at 04352558: Unable to disassemble EXTERNAL block location: 04352558  
2026-07-27 05:39:48 WARN  (DecompileCallback) Decompiling 04352560, pcode error at 04352560: Unable to disassemble EXTERNAL block location: 04352560  
2026-07-27 05:39:48 WARN  (DecompileCallback) Decompiling 04352568, pcode error at 04352568: Unable to disassemble EXTERNAL block location: 04352568  
2026-07-27 05:39:48 WARN  (DecompileCallback) Decompiling 04352570, pcode error at 04352570: Unable to disassemble EXTERNAL block location: 04352570  
2026-07-27 05:39:48 WARN  (DecompileCallback) Decompiling 04352578, pcode error at 04352578: Unable to disassemble EXTERNAL block location: 04352578  
2026-07-27 05:39:48 WARN  (DecompileCallback) Decompiling 04352580, pcode error at 04352580: Unable to disassemble EXTERNAL block location: 04352580  
2026-07-27 05:39:48 WARN  (DecompileCallback) Decompiling 04352588, pcode error at 04352588: Unable to disassemble EXTERNAL block location: 04352588  
2026-07-27 05:39:48 WARN  (DecompileCallback) Decompiling 04352590, pcode error at 04352590: Unable to disassemble EXTERNAL block location: 04352590  
2026-07-27 05:39:48 WARN  (DecompileCallback) Decompiling 04352598, pcode error at 04352598: Unable to disassemble EXTERNAL block location: 04352598  
2026-07-27 05:39:48 WARN  (DecompileCallback) Decompiling 043525a0, pcode error at 043525a0: Unable to disassemble EXTERNAL block location: 043525a0  
2026-07-27 05:39:48 WARN  (DecompileCallback) Decompiling 043525a8, pcode error at 043525a8: Unable to disassemble EXTERNAL block location: 043525a8  
2026-07-27 05:39:48 WARN  (DecompileCallback) Decompiling 043525b0, pcode error at 043525b0: Unable to disassemble EXTERNAL block location: 043525b0  
2026-07-27 05:39:48 WARN  (DecompileCallback) Decompiling 043525b8, pcode error at 043525b8: Unable to disassemble EXTERNAL block location: 043525b8  
2026-07-27 05:39:48 WARN  (DecompileCallback) Decompiling 043525c0, pcode error at 043525c0: Unable to disassemble EXTERNAL block location: 043525c0  
2026-07-27 05:39:48 WARN  (DecompileCallback) Decompiling 043525c8, pcode error at 043525c8: Unable to disassemble EXTERNAL block location: 043525c8  
2026-07-27 05:39:48 WARN  (DecompileCallback) Decompiling 043525d0, pcode error at 043525d0: Unable to disassemble EXTERNAL block location: 043525d0  
2026-07-27 05:39:48 WARN  (DecompileCallback) Decompiling 043525d8, pcode error at 043525d8: Unable to disassemble EXTERNAL block location: 043525d8  
2026-07-27 05:39:48 WARN  (DecompileCallback) Decompiling 043525e0, pcode error at 043525e0: Unable to disassemble EXTERNAL block location: 043525e0  
2026-07-27 05:39:48 WARN  (DecompileCallback) Decompiling 043525e8, pcode error at 043525e8: Unable to disassemble EXTERNAL block location: 043525e8  
2026-07-27 05:39:48 WARN  (DecompileCallback) Decompiling 043525f0, pcode error at 043525f0: Unable to disassemble EXTERNAL block location: 043525f0  
2026-07-27 05:39:48 WARN  (DecompileCallback) Decompiling 043525f8, pcode error at 043525f8: Unable to disassemble EXTERNAL block location: 043525f8  
2026-07-27 05:39:48 WARN  (DecompileCallback) Decompiling 04352600, pcode error at 04352600: Unable to disassemble EXTERNAL block location: 04352600  
2026-07-27 05:39:48 WARN  (DecompileCallback) Decompiling 04352608, pcode error at 04352608: Unable to disassemble EXTERNAL block location: 04352608  
2026-07-27 05:39:48 WARN  (DecompileCallback) Decompiling 04352610, pcode error at 04352610: Unable to disassemble EXTERNAL block location: 04352610  
2026-07-27 05:39:48 WARN  (DecompileCallback) Decompiling 04352618, pcode error at 04352618: Unable to disassemble EXTERNAL block location: 04352618  
2026-07-27 05:39:48 WARN  (DecompileCallback) Decompiling 04352620, pcode error at 04352620: Unable to disassemble EXTERNAL block location: 04352620  
2026-07-27 05:39:48 WARN  (DecompileCallback) Decompiling 04352628, pcode error at 04352628: Unable to disassemble EXTERNAL block location: 04352628  
2026-07-27 05:39:48 WARN  (DecompileCallback) Decompiling 04352630, pcode error at 04352630: Unable to disassemble EXTERNAL block location: 04352630  
2026-07-27 05:39:48 WARN  (DecompileCallback) Decompiling 04352638, pcode error at 04352638: Unable to disassemble EXTERNAL block location: 04352638  
2026-07-27 05:39:48 WARN  (DecompileCallback) Decompiling 04352640, pcode error at 04352640: Unable to disassemble EXTERNAL block location: 04352640  
2026-07-27 05:39:48 WARN  (DecompileCallback) Decompiling 04352648, pcode error at 04352648: Unable to disassemble EXTERNAL block location: 04352648  
2026-07-27 05:39:48 WARN  (DecompileCallback) Decompiling 04352650, pcode error at 04352650: Unable to disassemble EXTERNAL block location: 04352650  
2026-07-27 05:39:48 WARN  (DecompileCallback) Decompiling 04352658, pcode error at 04352658: Unable to disassemble EXTERNAL block location: 04352658  
2026-07-27 05:39:48 WARN  (DecompileCallback) Decompiling 04352660, pcode error at 04352660: Unable to disassemble EXTERNAL block location: 04352660  
2026-07-27 05:39:48 WARN  (DecompileCallback) Decompiling 04352668, pcode error at 04352668: Unable to disassemble EXTERNAL block location: 04352668  
2026-07-27 05:39:48 WARN  (DecompileCallback) Decompiling 04352670, pcode error at 04352670: Unable to disassemble EXTERNAL block location: 04352670  
2026-07-27 05:39:48 WARN  (DecompileCallback) Decompiling 04352678, pcode error at 04352678: Unable to disassemble EXTERNAL block location: 04352678  
2026-07-27 05:39:48 WARN  (DecompileCallback) Decompiling 04352680, pcode error at 04352680: Unable to disassemble EXTERNAL block location: 04352680  
2026-07-27 05:39:48 WARN  (DecompileCallback) Decompiling 04352688, pcode error at 04352688: Unable to disassemble EXTERNAL block location: 04352688  
2026-07-27 05:39:48 WARN  (DecompileCallback) Decompiling 04352690, pcode error at 04352690: Unable to disassemble EXTERNAL block location: 04352690  
2026-07-27 05:39:48 WARN  (DecompileCallback) Decompiling 04352698, pcode error at 04352698: Unable to disassemble EXTERNAL block location: 04352698  
2026-07-27 05:39:48 WARN  (DecompileCallback) Decompiling 043526a0, pcode error at 043526a0: Unable to disassemble EXTERNAL block location: 043526a0  
2026-07-27 05:39:48 WARN  (DecompileCallback) Decompiling 043526a8, pcode error at 043526a8: Unable to disassemble EXTERNAL block location: 043526a8  
2026-07-27 05:39:48 WARN  (DecompileCallback) Decompiling 043526b0, pcode error at 043526b0: Unable to disassemble EXTERNAL block location: 043526b0  
2026-07-27 05:39:48 WARN  (DecompileCallback) Decompiling 043526b8, pcode error at 043526b8: Unable to disassemble EXTERNAL block location: 043526b8  
2026-07-27 05:39:48 WARN  (DecompileCallback) Decompiling 043526c0, pcode error at 043526c0: Unable to disassemble EXTERNAL block location: 043526c0  
2026-07-27 05:39:48 WARN  (DecompileCallback) Decompiling 043526c8, pcode error at 043526c8: Unable to disassemble EXTERNAL block location: 043526c8  
2026-07-27 05:39:48 WARN  (DecompileCallback) Decompiling 043526d0, pcode error at 043526d0: Unable to disassemble EXTERNAL block location: 043526d0  
2026-07-27 05:39:48 WARN  (DecompileCallback) Decompiling 043526d8, pcode error at 043526d8: Unable to disassemble EXTERNAL block location: 043526d8  
2026-07-27 05:39:48 WARN  (DecompileCallback) Decompiling 043526e0, pcode error at 043526e0: Unable to disassemble EXTERNAL block location: 043526e0  
2026-07-27 05:39:48 WARN  (DecompileCallback) Decompiling 043526e8, pcode error at 043526e8: Unable to disassemble EXTERNAL block location: 043526e8  
2026-07-27 05:39:48 WARN  (DecompileCallback) Decompiling 043526f0, pcode error at 043526f0: Unable to disassemble EXTERNAL block location: 043526f0  
2026-07-27 05:39:48 WARN  (DecompileCallback) Decompiling 043526f8, pcode error at 043526f8: Unable to disassemble EXTERNAL block location: 043526f8  
2026-07-27 05:39:48 WARN  (DecompileCallback) Decompiling 04352700, pcode error at 04352700: Unable to disassemble EXTERNAL block location: 04352700  
2026-07-27 05:39:48 WARN  (DecompileCallback) Decompiling 04352708, pcode error at 04352708: Unable to disassemble EXTERNAL block location: 04352708  
2026-07-27 05:39:48 WARN  (DecompileCallback) Decompiling 04352710, pcode error at 04352710: Unable to disassemble EXTERNAL block location: 04352710  
2026-07-27 05:39:48 WARN  (DecompileCallback) Decompiling 04352718, pcode error at 04352718: Unable to disassemble EXTERNAL block location: 04352718  
2026-07-27 05:39:48 WARN  (DecompileCallback) Decompiling 04352720, pcode error at 04352720: Unable to disassemble EXTERNAL block location: 04352720  
2026-07-27 05:39:48 WARN  (DecompileCallback) Decompiling 04352728, pcode error at 04352728: Unable to disassemble EXTERNAL block location: 04352728  
2026-07-27 05:39:48 WARN  (DecompileCallback) Decompiling 04352730, pcode error at 04352730: Unable to disassemble EXTERNAL block location: 04352730  
2026-07-27 05:39:48 WARN  (DecompileCallback) Decompiling 04352738, pcode error at 04352738: Unable to disassemble EXTERNAL block location: 04352738  
2026-07-27 05:39:48 WARN  (DecompileCallback) Decompiling 04352740, pcode error at 04352740: Unable to disassemble EXTERNAL block location: 04352740  
2026-07-27 05:39:48 WARN  (DecompileCallback) Decompiling 04352748, pcode error at 04352748: Unable to disassemble EXTERNAL block location: 04352748  
2026-07-27 05:39:48 WARN  (DecompileCallback) Decompiling 04352750, pcode error at 04352750: Unable to disassemble EXTERNAL block location: 04352750  
2026-07-27 05:39:48 WARN  (DecompileCallback) Decompiling 04352758, pcode error at 04352758: Unable to disassemble EXTERNAL block location: 04352758  
2026-07-27 05:39:48 WARN  (DecompileCallback) Decompiling 04352760, pcode error at 04352760: Unable to disassemble EXTERNAL block location: 04352760  
2026-07-27 05:39:48 WARN  (DecompileCallback) Decompiling 04352768, pcode error at 04352768: Unable to disassemble EXTERNAL block location: 04352768  
2026-07-27 05:39:48 WARN  (DecompileCallback) Decompiling 04352770, pcode error at 04352770: Unable to disassemble EXTERNAL block location: 04352770  
2026-07-27 05:39:48 WARN  (DecompileCallback) Decompiling 04352778, pcode error at 04352778: Unable to disassemble EXTERNAL block location: 04352778  
2026-07-27 05:39:48 WARN  (DecompileCallback) Decompiling 04352780, pcode error at 04352780: Unable to disassemble EXTERNAL block location: 04352780  
2026-07-27 05:39:48 WARN  (DecompileCallback) Decompiling 04352788, pcode error at 04352788: Unable to disassemble EXTERNAL block location: 04352788  
2026-07-27 05:39:48 WARN  (DecompileCallback) Decompiling 04352790, pcode error at 04352790: Unable to disassemble EXTERNAL block location: 04352790  
2026-07-27 05:39:48 WARN  (DecompileCallback) Decompiling 04352798, pcode error at 04352798: Unable to disassemble EXTERNAL block location: 04352798  
2026-07-27 05:39:48 WARN  (DecompileCallback) Decompiling 043527a0, pcode error at 043527a0: Unable to disassemble EXTERNAL block location: 043527a0  
2026-07-27 05:39:48 WARN  (DecompileCallback) Decompiling 043527a8, pcode error at 043527a8: Unable to disassemble EXTERNAL block location: 043527a8  
2026-07-27 05:39:48 WARN  (DecompileCallback) Decompiling 043527b0, pcode error at 043527b0: Unable to disassemble EXTERNAL block location: 043527b0  
2026-07-27 05:39:48 WARN  (DecompileCallback) Decompiling 043527b8, pcode error at 043527b8: Unable to disassemble EXTERNAL block location: 043527b8  
2026-07-27 05:39:48 WARN  (DecompileCallback) Decompiling 043527c0, pcode error at 043527c0: Unable to disassemble EXTERNAL block location: 043527c0  
2026-07-27 05:39:48 WARN  (DecompileCallback) Decompiling 043527c8, pcode error at 043527c8: Unable to disassemble EXTERNAL block location: 043527c8  
2026-07-27 05:39:48 WARN  (DecompileCallback) Decompiling 043527d0, pcode error at 043527d0: Unable to disassemble EXTERNAL block location: 043527d0  
2026-07-27 05:39:48 WARN  (DecompileCallback) Decompiling 043527d8, pcode error at 043527d8: Unable to disassemble EXTERNAL block location: 043527d8  
2026-07-27 05:39:48 WARN  (DecompileCallback) Decompiling 043527e0, pcode error at 043527e0: Unable to disassemble EXTERNAL block location: 043527e0  
2026-07-27 05:39:48 WARN  (DecompileCallback) Decompiling 043527e8, pcode error at 043527e8: Unable to disassemble EXTERNAL block location: 043527e8  
2026-07-27 05:39:48 WARN  (DecompileCallback) Decompiling 043527f0, pcode error at 043527f0: Unable to disassemble EXTERNAL block location: 043527f0  
2026-07-27 05:39:48 WARN  (DecompileCallback) Decompiling 043527f8, pcode error at 043527f8: Unable to disassemble EXTERNAL block location: 043527f8  
2026-07-27 05:39:48 WARN  (DecompileCallback) Decompiling 04352800, pcode error at 04352800: Unable to disassemble EXTERNAL block location: 04352800  
2026-07-27 05:39:48 WARN  (DecompileCallback) Decompiling 04352808, pcode error at 04352808: Unable to disassemble EXTERNAL block location: 04352808  
2026-07-27 05:39:48 WARN  (DecompileCallback) Decompiling 04352810, pcode error at 04352810: Unable to disassemble EXTERNAL block location: 04352810  
2026-07-27 05:39:48 WARN  (DecompileCallback) Decompiling 04352818, pcode error at 04352818: Unable to disassemble EXTERNAL block location: 04352818  
2026-07-27 05:39:48 WARN  (DecompileCallback) Decompiling 04352820, pcode error at 04352820: Unable to disassemble EXTERNAL block location: 04352820  
2026-07-27 05:39:48 WARN  (DecompileCallback) Decompiling 04352828, pcode error at 04352828: Unable to disassemble EXTERNAL block location: 04352828  
2026-07-27 05:39:49 WARN  (DecompileCallback) Decompiling 04352830, pcode error at 04352830: Unable to disassemble EXTERNAL block location: 04352830  
2026-07-27 05:39:49 WARN  (DecompileCallback) Decompiling 04352838, pcode error at 04352838: Unable to disassemble EXTERNAL block location: 04352838  
2026-07-27 05:39:49 WARN  (DecompileCallback) Decompiling 04352840, pcode error at 04352840: Unable to disassemble EXTERNAL block location: 04352840  
2026-07-27 05:39:49 WARN  (DecompileCallback) Decompiling 04352848, pcode error at 04352848: Unable to disassemble EXTERNAL block location: 04352848  
2026-07-27 05:39:49 WARN  (DecompileCallback) Decompiling 04352850, pcode error at 04352850: Unable to disassemble EXTERNAL block location: 04352850  
2026-07-27 05:39:49 WARN  (DecompileCallback) Decompiling 04352858, pcode error at 04352858: Unable to disassemble EXTERNAL block location: 04352858  
2026-07-27 05:39:49 WARN  (DecompileCallback) Decompiling 04352860, pcode error at 04352860: Unable to disassemble EXTERNAL block location: 04352860  
2026-07-27 05:39:49 WARN  (DecompileCallback) Decompiling 04352868, pcode error at 04352868: Unable to disassemble EXTERNAL block location: 04352868  
2026-07-27 05:39:49 WARN  (DecompileCallback) Decompiling 04352870, pcode error at 04352870: Unable to disassemble EXTERNAL block location: 04352870  
2026-07-27 05:39:49 WARN  (DecompileCallback) Decompiling 04352878, pcode error at 04352878: Unable to disassemble EXTERNAL block location: 04352878  
2026-07-27 05:39:49 WARN  (DecompileCallback) Decompiling 04352880, pcode error at 04352880: Unable to disassemble EXTERNAL block location: 04352880  
2026-07-27 05:39:49 WARN  (DecompileCallback) Decompiling 04352888, pcode error at 04352888: Unable to disassemble EXTERNAL block location: 04352888  
2026-07-27 05:39:49 WARN  (DecompileCallback) Decompiling 04352890, pcode error at 04352890: Unable to disassemble EXTERNAL block location: 04352890  
2026-07-27 05:39:49 WARN  (DecompileCallback) Decompiling 04352898, pcode error at 04352898: Unable to disassemble EXTERNAL block location: 04352898  
2026-07-27 05:39:49 WARN  (DecompileCallback) Decompiling 043528a0, pcode error at 043528a0: Unable to disassemble EXTERNAL block location: 043528a0  
2026-07-27 05:39:49 WARN  (DecompileCallback) Decompiling 043528a8, pcode error at 043528a8: Unable to disassemble EXTERNAL block location: 043528a8  
2026-07-27 05:39:49 WARN  (DecompileCallback) Decompiling 043528b0, pcode error at 043528b0: Unable to disassemble EXTERNAL block location: 043528b0  
2026-07-27 05:39:49 WARN  (DecompileCallback) Decompiling 043528b8, pcode error at 043528b8: Unable to disassemble EXTERNAL block location: 043528b8  
2026-07-27 05:39:49 WARN  (DecompileCallback) Decompiling 043528c0, pcode error at 043528c0: Unable to disassemble EXTERNAL block location: 043528c0  
2026-07-27 05:39:49 WARN  (DecompileCallback) Decompiling 043528c8, pcode error at 043528c8: Unable to disassemble EXTERNAL block location: 043528c8  
2026-07-27 05:39:49 WARN  (DecompileCallback) Decompiling 043528d0, pcode error at 043528d0: Unable to disassemble EXTERNAL block location: 043528d0  
2026-07-27 05:39:49 WARN  (DecompileCallback) Decompiling 043528d8, pcode error at 043528d8: Unable to disassemble EXTERNAL block location: 043528d8  
2026-07-27 05:39:49 WARN  (DecompileCallback) Decompiling 043528e0, pcode error at 043528e0: Unable to disassemble EXTERNAL block location: 043528e0  
2026-07-27 05:39:49 WARN  (DecompileCallback) Decompiling 043528e8, pcode error at 043528e8: Unable to disassemble EXTERNAL block location: 043528e8  
2026-07-27 05:39:49 WARN  (DecompileCallback) Decompiling 043528f0, pcode error at 043528f0: Unable to disassemble EXTERNAL block location: 043528f0  
2026-07-27 05:39:49 WARN  (DecompileCallback) Decompiling 043528f8, pcode error at 043528f8: Unable to disassemble EXTERNAL block location: 043528f8  
2026-07-27 05:39:49 WARN  (DecompileCallback) Decompiling 04352900, pcode error at 04352900: Unable to disassemble EXTERNAL block location: 04352900  
2026-07-27 05:39:49 WARN  (DecompileCallback) Decompiling 04352908, pcode error at 04352908: Unable to disassemble EXTERNAL block location: 04352908  
2026-07-27 05:39:49 WARN  (DecompileCallback) Decompiling 04352910, pcode error at 04352910: Unable to disassemble EXTERNAL block location: 04352910  
2026-07-27 05:39:49 WARN  (DecompileCallback) Decompiling 04352918, pcode error at 04352918: Unable to disassemble EXTERNAL block location: 04352918  
2026-07-27 05:39:49 WARN  (DecompileCallback) Decompiling 04352920, pcode error at 04352920: Unable to disassemble EXTERNAL block location: 04352920  
2026-07-27 05:39:49 WARN  (DecompileCallback) Decompiling 04352928, pcode error at 04352928: Unable to disassemble EXTERNAL block location: 04352928  
2026-07-27 05:39:49 WARN  (DecompileCallback) Decompiling 04352930, pcode error at 04352930: Unable to disassemble EXTERNAL block location: 04352930  
2026-07-27 05:39:49 WARN  (DecompileCallback) Decompiling 04352938, pcode error at 04352938: Unable to disassemble EXTERNAL block location: 04352938  
2026-07-27 05:39:49 WARN  (DecompileCallback) Decompiling 04352940, pcode error at 04352940: Unable to disassemble EXTERNAL block location: 04352940  
2026-07-27 05:39:49 WARN  (DecompileCallback) Decompiling 04352948, pcode error at 04352948: Unable to disassemble EXTERNAL block location: 04352948  
2026-07-27 05:39:49 WARN  (DecompileCallback) Decompiling 04352950, pcode error at 04352950: Unable to disassemble EXTERNAL block location: 04352950  
2026-07-27 05:39:49 WARN  (DecompileCallback) Decompiling 04352958, pcode error at 04352958: Unable to disassemble EXTERNAL block location: 04352958  
2026-07-27 05:39:49 WARN  (DecompileCallback) Decompiling 04352960, pcode error at 04352960: Unable to disassemble EXTERNAL block location: 04352960  
2026-07-27 05:39:49 WARN  (DecompileCallback) Decompiling 04352968, pcode error at 04352968: Unable to disassemble EXTERNAL block location: 04352968  
2026-07-27 05:39:49 WARN  (DecompileCallback) Decompiling 04352970, pcode error at 04352970: Unable to disassemble EXTERNAL block location: 04352970  
2026-07-27 05:39:49 WARN  (DecompileCallback) Decompiling 04352978, pcode error at 04352978: Unable to disassemble EXTERNAL block location: 04352978  
2026-07-27 05:39:49 WARN  (DecompileCallback) Decompiling 04352980, pcode error at 04352980: Unable to disassemble EXTERNAL block location: 04352980  
2026-07-27 05:39:49 INFO  (GhidraScript) GeneralStructureEyePatternScan.java> General structure scan complete.  
2026-07-27 05:39:49 INFO  (GhidraScript) GeneralStructureEyePatternScan.java> Total functions scanned: 335540  
2026-07-27 05:39:49 INFO  (GhidraScript) GeneralStructureEyePatternScan.java> Exported functions: 3577  
2026-07-27 05:39:49 INFO  (GhidraScript) GeneralStructureEyePatternScan.java> Decompile failures: 313  
2026-07-27 05:39:49 INFO  (GhidraScript) GeneralStructureEyePatternScan.java> Report CSV: C:\realDesktop\manifest-evaluations\summer-26\ghidra-pipeline\il2cpp-files\vrlegs\general-structure-results\structure_scan_report.csv  
2026-07-27 05:39:49 INFO  (GhidraScript) GeneralStructureEyePatternScan.java> Report JSON: C:\realDesktop\manifest-evaluations\summer-26\ghidra-pipeline\il2cpp-files\vrlegs\general-structure-results\structure_scan_report.json  
2026-07-27 05:39:49 INFO  (HeadlessAnalyzer) REPORT: Save succeeded for processed file: /vrlegs-libil2cpp.so  
