2026-07-20 21:38:23 INFO  (LoggingInitialization) Using log config file: jar:file:/C:/Users/kimgiordano27/Downloads/ghidra_12.1.2_PUBLIC_20260605/ghidra_12.1.2_PUBLIC/Ghidra/Framework/Generic/lib/Generic.jar!/generic.log4j.xml  
2026-07-20 21:38:23 INFO  (LoggingInitialization) Using log file: C:\realDesktop\manifest-evaluations\summer-26\ghidra-pipeline\il2cpp-files\simulator\general-structure-ghidra.log  
2026-07-20 21:38:23 DEBUG (GhidraObjectInputFilter) Including serial input filter: FileSystem/data/client.rmi.serial.filter  
2026-07-20 21:38:23 INFO  (Preferences) Loading user preferences: C:\Users\kimgiordano27\AppData\Roaming\ghidra\ghidra_12.1.2_PUBLIC\preferences  
2026-07-20 21:38:23 INFO  (ClassSearcher) Searching for classes...  
2026-07-20 21:38:24 INFO  (ClassSearcher) Class search complete (634 ms)  
2026-07-20 21:38:24 INFO  (DefaultSSLContextInitializer) Initializing SSL Context  
2026-07-20 21:38:24 INFO  (SecureRandomFactory) Initializing Random Number Generator...  
2026-07-20 21:38:24 INFO  (SecureRandomFactory) Random Number Generator initialization complete: SHA1PRNG  
2026-07-20 21:38:24 INFO  (DefaultTrustManagerFactory) Trust manager disabled, cacerts have not been set  
2026-07-20 21:38:24 INFO  (AnalyzeHeadless) Headless startup complete (6168 ms)  
2026-07-20 21:38:24 INFO  (ClassSearcher) Class searcher loaded 59 extension points (20 false positives)  
2026-07-20 21:38:24 INFO  (HeadlessAnalyzer) HEADLESS Script Paths:
    C:\Users\kimgiordano27\Downloads\ghidra_12.1.2_PUBLIC_20260605\ghidra_12.1.2_PUBLIC\Ghidra\Features\DecompilerDependent\ghidra_scripts
    C:\Users\kimgiordano27\Downloads\ghidra_12.1.2_PUBLIC_20260605\ghidra_12.1.2_PUBLIC\Ghidra\Processors\Atmel\ghidra_scripts
    C:\Users\kimgiordano27\Downloads\ghidra_12.1.2_PUBLIC_20260605\ghidra_12.1.2_PUBLIC\Ghidra\Processors\PIC\ghidra_scripts
    C:\Users\kimgiordano27\Downloads\ghidra_12.1.2_PUBLIC_20260605\ghidra_12.1.2_PUBLIC\Ghidra\Features\VersionTracking\ghidra_scripts
    C:\Users\kimgiordano27\Downloads\ghidra_12.1.2_PUBLIC_20260605\ghidra_12.1.2_PUBLIC\Ghidra\Features\BytePatterns\ghidra_scripts
    C:\Users\kimgiordano27\ghidra_scripts
    C:\Users\kimgiordano27\Downloads\ghidra_12.1.2_PUBLIC_20260605\ghidra_12.1.2_PUBLIC\Ghidra\Features\BSim\ghidra_scripts
    C:\realDesktop\manifest-evaluations\summer-26\ghidra-pipeline\ghidra-export-scripts
    C:\Users\kimgiordano27\Downloads\ghidra_12.1.2_PUBLIC_20260605\ghidra_12.1.2_PUBLIC\Ghidra\Processors\JVM\ghidra_scripts
    C:\Users\kimgiordano27\Downloads\ghidra_12.1.2_PUBLIC_20260605\ghidra_12.1.2_PUBLIC\Ghidra\Features\Base\ghidra_scripts
    C:\Users\kimgiordano27\Downloads\ghidra_12.1.2_PUBLIC_20260605\ghidra_12.1.2_PUBLIC\Ghidra\Features\SwiftDemangler\ghidra_scripts
    C:\Users\kimgiordano27\Downloads\ghidra_12.1.2_PUBLIC_20260605\ghidra_12.1.2_PUBLIC\Ghidra\Features\WildcardAssembler\ghidra_scripts
    C:\Users\kimgiordano27\Downloads\ghidra_12.1.2_PUBLIC_20260605\ghidra_12.1.2_PUBLIC\Ghidra\Features\FileFormats\ghidra_scripts
    C:\Users\kimgiordano27\Downloads\ghidra_12.1.2_PUBLIC_20260605\ghidra_12.1.2_PUBLIC\Ghidra\Features\Decompiler\ghidra_scripts
    C:\Users\kimgiordano27\Downloads\ghidra_12.1.2_PUBLIC_20260605\ghidra_12.1.2_PUBLIC\Ghidra\Features\SystemEmulation\ghidra_scripts
    C:\Users\kimgiordano27\Downloads\ghidra_12.1.2_PUBLIC_20260605\ghidra_12.1.2_PUBLIC\Ghidra\Processors\8051\ghidra_scripts
    C:\Users\kimgiordano27\Downloads\ghidra_12.1.2_PUBLIC_20260605\ghidra_12.1.2_PUBLIC\Ghidra\Features\GnuDemangler\ghidra_scripts
    C:\Users\kimgiordano27\Downloads\ghidra_12.1.2_PUBLIC_20260605\ghidra_12.1.2_PUBLIC\Ghidra\Debug\Debugger\ghidra_scripts
    C:\Users\kimgiordano27\Downloads\ghidra_12.1.2_PUBLIC_20260605\ghidra_12.1.2_PUBLIC\Ghidra\Processors\DATA\ghidra_scripts
    C:\Users\kimgiordano27\Downloads\ghidra_12.1.2_PUBLIC_20260605\ghidra_12.1.2_PUBLIC\Ghidra\Debug\Debugger-rmi-trace\ghidra_scripts
    C:\Users\kimgiordano27\Downloads\ghidra_12.1.2_PUBLIC_20260605\ghidra_12.1.2_PUBLIC\Ghidra\Features\FunctionID\ghidra_scripts
    C:\Users\kimgiordano27\Downloads\ghidra_12.1.2_PUBLIC_20260605\ghidra_12.1.2_PUBLIC\Ghidra\Features\MicrosoftCodeAnalyzer\ghidra_scripts
    C:\Users\kimgiordano27\Downloads\ghidra_12.1.2_PUBLIC_20260605\ghidra_12.1.2_PUBLIC\Ghidra\Features\PDB\ghidra_scripts
    C:\Users\kimgiordano27\AppData\Roaming\ghidra\ghidra_12.1.2_PUBLIC\Extensions\Jython\ghidra_scripts
    C:\Users\kimgiordano27\Downloads\ghidra_12.1.2_PUBLIC_20260605\ghidra_12.1.2_PUBLIC\Ghidra\Features\PyGhidra\ghidra_scripts  
2026-07-20 21:38:24 INFO  (HeadlessAnalyzer) HEADLESS: execution starts  
2026-07-20 21:38:24 INFO  (HeadlessAnalyzer) Opening existing project: C:\realDesktop\manifest-evaluations\summer-26\ghidra-pipeline\il2cpp-files\simulator\ghidra-project-simulator\simulator  
2026-07-20 21:38:24 INFO  (HeadlessProject) Opening project: C:\realDesktop\manifest-evaluations\summer-26\ghidra-pipeline\il2cpp-files\simulator\ghidra-project-simulator\simulator  
2026-07-20 21:38:25 INFO  (LocalFileSystem) /simulator-libil2cpp.so: checkout (2) granted (kimgiordano27)  
2026-07-20 21:38:28 INFO  (HeadlessAnalyzer) REPORT: Processing project file: /simulator-libil2cpp.so  
2026-07-20 21:38:28 INFO  (HeadlessAnalyzer) REPORT: Execute script: GeneralStructureEyePatternScan.java 'C:\realDesktop\manifest-evaluations\summer-26\ghidra-pipeline\il2cpp-files\simulator\general-structure-results' '70' 'false'   
2026-07-20 21:38:28 INFO  (HeadlessAnalyzer) SCRIPT: C:\realDesktop\manifest-evaluations\summer-26\ghidra-pipeline\ghidra-export-scripts\GeneralStructureEyePatternScan.java  
2026-07-20 21:38:28 INFO  (GhidraScript) GeneralStructureEyePatternScan.java> General structure scan starting...  
2026-07-20 21:38:28 INFO  (GhidraScript) GeneralStructureEyePatternScan.java> Output: C:\realDesktop\manifest-evaluations\summer-26\ghidra-pipeline\il2cpp-files\simulator\general-structure-results  
2026-07-20 21:38:28 INFO  (GhidraScript) GeneralStructureEyePatternScan.java> Minimum review score: 70  
2026-07-20 21:38:28 INFO  (GhidraScript) GeneralStructureEyePatternScan.java> Export all: false  
2026-07-20 21:38:46 INFO  (GhidraScript) GeneralStructureEyePatternScan.java> Scanned 10000 functions. Exported so far: 0  
2026-07-20 21:38:58 INFO  (GhidraScript) GeneralStructureEyePatternScan.java> Scanned 20000 functions. Exported so far: 0  
2026-07-20 21:39:12 INFO  (GhidraScript) GeneralStructureEyePatternScan.java> Scanned 30000 functions. Exported so far: 0  
2026-07-20 21:39:33 INFO  (GhidraScript) GeneralStructureEyePatternScan.java> Scanned 40000 functions. Exported so far: 0  
2026-07-20 21:39:56 INFO  (GhidraScript) GeneralStructureEyePatternScan.java> Scanned 50000 functions. Exported so far: 0  
2026-07-20 21:40:17 INFO  (GhidraScript) GeneralStructureEyePatternScan.java> Scanned 60000 functions. Exported so far: 0  
2026-07-20 21:40:32 INFO  (GhidraScript) GeneralStructureEyePatternScan.java> Scanned 70000 functions. Exported so far: 0  
2026-07-20 21:44:37 INFO  (GhidraScript) GeneralStructureEyePatternScan.java> Scanned 80000 functions. Exported so far: 6  
2026-07-20 21:46:12 INFO  (GhidraScript) GeneralStructureEyePatternScan.java> Scanned 90000 functions. Exported so far: 7  
2026-07-20 21:47:38 INFO  (GhidraScript) GeneralStructureEyePatternScan.java> Scanned 100000 functions. Exported so far: 7  
2026-07-20 21:49:16 INFO  (GhidraScript) GeneralStructureEyePatternScan.java> Scanned 110000 functions. Exported so far: 8  
2026-07-20 21:50:17 INFO  (GhidraScript) GeneralStructureEyePatternScan.java> Scanned 120000 functions. Exported so far: 8  
2026-07-20 21:52:37 INFO  (GhidraScript) GeneralStructureEyePatternScan.java> Scanned 130000 functions. Exported so far: 8  
2026-07-20 21:54:03 INFO  (GhidraScript) GeneralStructureEyePatternScan.java> Scanned 140000 functions. Exported so far: 9  
2026-07-20 21:55:09 INFO  (GhidraScript) GeneralStructureEyePatternScan.java> Scanned 150000 functions. Exported so far: 9  
2026-07-20 21:56:10 INFO  (GhidraScript) GeneralStructureEyePatternScan.java> Scanned 160000 functions. Exported so far: 9  
2026-07-20 21:57:55 INFO  (GhidraScript) GeneralStructureEyePatternScan.java> Scanned 170000 functions. Exported so far: 9  
2026-07-20 21:58:47 INFO  (GhidraScript) GeneralStructureEyePatternScan.java> Scanned 180000 functions. Exported so far: 9  
2026-07-20 21:59:36 INFO  (GhidraScript) GeneralStructureEyePatternScan.java> Scanned 190000 functions. Exported so far: 9  
2026-07-20 22:00:41 INFO  (GhidraScript) GeneralStructureEyePatternScan.java> Scanned 200000 functions. Exported so far: 9  
2026-07-20 22:01:53 INFO  (GhidraScript) GeneralStructureEyePatternScan.java> Scanned 210000 functions. Exported so far: 17  
2026-07-20 22:02:32 INFO  (GhidraScript) GeneralStructureEyePatternScan.java> Scanned 220000 functions. Exported so far: 17  
2026-07-20 22:03:38 INFO  (GhidraScript) GeneralStructureEyePatternScan.java> Scanned 230000 functions. Exported so far: 17  
2026-07-20 22:04:34 INFO  (GhidraScript) GeneralStructureEyePatternScan.java> Scanned 240000 functions. Exported so far: 17  
2026-07-20 22:06:00 INFO  (GhidraScript) GeneralStructureEyePatternScan.java> Scanned 250000 functions. Exported so far: 17  
2026-07-20 22:07:39 INFO  (GhidraScript) GeneralStructureEyePatternScan.java> Scanned 260000 functions. Exported so far: 17  
2026-07-20 22:15:09 INFO  (GhidraScript) GeneralStructureEyePatternScan.java> Scanned 270000 functions. Exported so far: 17  
2026-07-20 22:20:08 INFO  (GhidraScript) GeneralStructureEyePatternScan.java> Scanned 280000 functions. Exported so far: 23  
2026-07-20 22:24:32 INFO  (GhidraScript) GeneralStructureEyePatternScan.java> Scanned 290000 functions. Exported so far: 23  
2026-07-20 22:25:36 INFO  (GhidraScript) GeneralStructureEyePatternScan.java> Scanned 300000 functions. Exported so far: 23  
2026-07-20 22:30:28 INFO  (GhidraScript) GeneralStructureEyePatternScan.java> Scanned 310000 functions. Exported so far: 23  
2026-07-20 22:31:01 INFO  (GhidraScript) GeneralStructureEyePatternScan.java> Scanned 320000 functions. Exported so far: 23  
2026-07-20 22:33:40 INFO  (GhidraScript) GeneralStructureEyePatternScan.java> Scanned 330000 functions. Exported so far: 23  
2026-07-20 23:16:11 INFO  (GhidraScript) GeneralStructureEyePatternScan.java> Scanned 340000 functions. Exported so far: 24  
2026-07-20 23:17:39 INFO  (GhidraScript) GeneralStructureEyePatternScan.java> Scanned 350000 functions. Exported so far: 37  
2026-07-20 23:22:27 INFO  (GhidraScript) GeneralStructureEyePatternScan.java> Scanned 360000 functions. Exported so far: 42  
2026-07-20 23:51:02 INFO  (GhidraScript) GeneralStructureEyePatternScan.java> Scanned 370000 functions. Exported so far: 42  
2026-07-20 23:53:54 INFO  (GhidraScript) GeneralStructureEyePatternScan.java> Scanned 380000 functions. Exported so far: 42  
2026-07-20 23:54:05 WARN  (DecompileCallback) Decompiling 038e9000, pcode error at 038e9000: Unable to disassemble EXTERNAL block location: 038e9000  
2026-07-20 23:54:05 WARN  (DecompileCallback) Decompiling 038e9008, pcode error at 038e9008: Unable to disassemble EXTERNAL block location: 038e9008  
2026-07-20 23:54:05 WARN  (DecompileCallback) Decompiling 038e9010, pcode error at 038e9010: Unable to disassemble EXTERNAL block location: 038e9010  
2026-07-20 23:54:05 WARN  (DecompileCallback) Decompiling 038e9018, pcode error at 038e9018: Unable to disassemble EXTERNAL block location: 038e9018  
2026-07-20 23:54:05 WARN  (DecompileCallback) Decompiling 038e9020, pcode error at 038e9020: Unable to disassemble EXTERNAL block location: 038e9020  
2026-07-20 23:54:05 WARN  (DecompileCallback) Decompiling 038e9028, pcode error at 038e9028: Unable to disassemble EXTERNAL block location: 038e9028  
2026-07-20 23:54:05 WARN  (DecompileCallback) Decompiling 038e9030, pcode error at 038e9030: Unable to disassemble EXTERNAL block location: 038e9030  
2026-07-20 23:54:05 WARN  (DecompileCallback) Decompiling 038e9038, pcode error at 038e9038: Unable to disassemble EXTERNAL block location: 038e9038  
2026-07-20 23:54:05 WARN  (DecompileCallback) Decompiling 038e9040, pcode error at 038e9040: Unable to disassemble EXTERNAL block location: 038e9040  
2026-07-20 23:54:05 WARN  (DecompileCallback) Decompiling 038e9048, pcode error at 038e9048: Unable to disassemble EXTERNAL block location: 038e9048  
2026-07-20 23:54:05 WARN  (DecompileCallback) Decompiling 038e9050, pcode error at 038e9050: Unable to disassemble EXTERNAL block location: 038e9050  
2026-07-20 23:54:05 WARN  (DecompileCallback) Decompiling 038e9058, pcode error at 038e9058: Unable to disassemble EXTERNAL block location: 038e9058  
2026-07-20 23:54:05 WARN  (DecompileCallback) Decompiling 038e9060, pcode error at 038e9060: Unable to disassemble EXTERNAL block location: 038e9060  
2026-07-20 23:54:05 WARN  (DecompileCallback) Decompiling 038e9068, pcode error at 038e9068: Unable to disassemble EXTERNAL block location: 038e9068  
2026-07-20 23:54:05 WARN  (DecompileCallback) Decompiling 038e9070, pcode error at 038e9070: Unable to disassemble EXTERNAL block location: 038e9070  
2026-07-20 23:54:05 WARN  (DecompileCallback) Decompiling 038e9078, pcode error at 038e9078: Unable to disassemble EXTERNAL block location: 038e9078  
2026-07-20 23:54:05 WARN  (DecompileCallback) Decompiling 038e9080, pcode error at 038e9080: Unable to disassemble EXTERNAL block location: 038e9080  
2026-07-20 23:54:05 WARN  (DecompileCallback) Decompiling 038e9088, pcode error at 038e9088: Unable to disassemble EXTERNAL block location: 038e9088  
2026-07-20 23:54:05 WARN  (DecompileCallback) Decompiling 038e9090, pcode error at 038e9090: Unable to disassemble EXTERNAL block location: 038e9090  
2026-07-20 23:54:05 WARN  (DecompileCallback) Decompiling 038e9098, pcode error at 038e9098: Unable to disassemble EXTERNAL block location: 038e9098  
2026-07-20 23:54:05 WARN  (DecompileCallback) Decompiling 038e90a0, pcode error at 038e90a0: Unable to disassemble EXTERNAL block location: 038e90a0  
2026-07-20 23:54:05 WARN  (DecompileCallback) Decompiling 038e90a8, pcode error at 038e90a8: Unable to disassemble EXTERNAL block location: 038e90a8  
2026-07-20 23:54:05 WARN  (DecompileCallback) Decompiling 038e90b0, pcode error at 038e90b0: Unable to disassemble EXTERNAL block location: 038e90b0  
2026-07-20 23:54:05 WARN  (DecompileCallback) Decompiling 038e90b8, pcode error at 038e90b8: Unable to disassemble EXTERNAL block location: 038e90b8  
2026-07-20 23:54:05 WARN  (DecompileCallback) Decompiling 038e90c0, pcode error at 038e90c0: Unable to disassemble EXTERNAL block location: 038e90c0  
2026-07-20 23:54:05 WARN  (DecompileCallback) Decompiling 038e90c8, pcode error at 038e90c8: Unable to disassemble EXTERNAL block location: 038e90c8  
2026-07-20 23:54:05 WARN  (DecompileCallback) Decompiling 038e90d0, pcode error at 038e90d0: Unable to disassemble EXTERNAL block location: 038e90d0  
2026-07-20 23:54:05 WARN  (DecompileCallback) Decompiling 038e90d8, pcode error at 038e90d8: Unable to disassemble EXTERNAL block location: 038e90d8  
2026-07-20 23:54:05 WARN  (DecompileCallback) Decompiling 038e90e0, pcode error at 038e90e0: Unable to disassemble EXTERNAL block location: 038e90e0  
2026-07-20 23:54:05 WARN  (DecompileCallback) Decompiling 038e90e8, pcode error at 038e90e8: Unable to disassemble EXTERNAL block location: 038e90e8  
2026-07-20 23:54:05 WARN  (DecompileCallback) Decompiling 038e90f0, pcode error at 038e90f0: Unable to disassemble EXTERNAL block location: 038e90f0  
2026-07-20 23:54:05 WARN  (DecompileCallback) Decompiling 038e90f8, pcode error at 038e90f8: Unable to disassemble EXTERNAL block location: 038e90f8  
2026-07-20 23:54:05 WARN  (DecompileCallback) Decompiling 038e9100, pcode error at 038e9100: Unable to disassemble EXTERNAL block location: 038e9100  
2026-07-20 23:54:05 WARN  (DecompileCallback) Decompiling 038e9108, pcode error at 038e9108: Unable to disassemble EXTERNAL block location: 038e9108  
2026-07-20 23:54:05 WARN  (DecompileCallback) Decompiling 038e9110, pcode error at 038e9110: Unable to disassemble EXTERNAL block location: 038e9110  
2026-07-20 23:54:05 WARN  (DecompileCallback) Decompiling 038e9118, pcode error at 038e9118: Unable to disassemble EXTERNAL block location: 038e9118  
2026-07-20 23:54:05 WARN  (DecompileCallback) Decompiling 038e9120, pcode error at 038e9120: Unable to disassemble EXTERNAL block location: 038e9120  
2026-07-20 23:54:05 WARN  (DecompileCallback) Decompiling 038e9128, pcode error at 038e9128: Unable to disassemble EXTERNAL block location: 038e9128  
2026-07-20 23:54:05 WARN  (DecompileCallback) Decompiling 038e9130, pcode error at 038e9130: Unable to disassemble EXTERNAL block location: 038e9130  
2026-07-20 23:54:05 WARN  (DecompileCallback) Decompiling 038e9138, pcode error at 038e9138: Unable to disassemble EXTERNAL block location: 038e9138  
2026-07-20 23:54:05 WARN  (DecompileCallback) Decompiling 038e9140, pcode error at 038e9140: Unable to disassemble EXTERNAL block location: 038e9140  
2026-07-20 23:54:05 WARN  (DecompileCallback) Decompiling 038e9148, pcode error at 038e9148: Unable to disassemble EXTERNAL block location: 038e9148  
2026-07-20 23:54:05 WARN  (DecompileCallback) Decompiling 038e9150, pcode error at 038e9150: Unable to disassemble EXTERNAL block location: 038e9150  
2026-07-20 23:54:05 WARN  (DecompileCallback) Decompiling 038e9158, pcode error at 038e9158: Unable to disassemble EXTERNAL block location: 038e9158  
2026-07-20 23:54:05 WARN  (DecompileCallback) Decompiling 038e9160, pcode error at 038e9160: Unable to disassemble EXTERNAL block location: 038e9160  
2026-07-20 23:54:05 WARN  (DecompileCallback) Decompiling 038e9168, pcode error at 038e9168: Unable to disassemble EXTERNAL block location: 038e9168  
2026-07-20 23:54:05 WARN  (DecompileCallback) Decompiling 038e9170, pcode error at 038e9170: Unable to disassemble EXTERNAL block location: 038e9170  
2026-07-20 23:54:05 WARN  (DecompileCallback) Decompiling 038e9178, pcode error at 038e9178: Unable to disassemble EXTERNAL block location: 038e9178  
2026-07-20 23:54:05 WARN  (DecompileCallback) Decompiling 038e9180, pcode error at 038e9180: Unable to disassemble EXTERNAL block location: 038e9180  
2026-07-20 23:54:05 WARN  (DecompileCallback) Decompiling 038e9188, pcode error at 038e9188: Unable to disassemble EXTERNAL block location: 038e9188  
2026-07-20 23:54:05 WARN  (DecompileCallback) Decompiling 038e9190, pcode error at 038e9190: Unable to disassemble EXTERNAL block location: 038e9190  
2026-07-20 23:54:05 WARN  (DecompileCallback) Decompiling 038e9198, pcode error at 038e9198: Unable to disassemble EXTERNAL block location: 038e9198  
2026-07-20 23:54:05 WARN  (DecompileCallback) Decompiling 038e91a0, pcode error at 038e91a0: Unable to disassemble EXTERNAL block location: 038e91a0  
2026-07-20 23:54:05 WARN  (DecompileCallback) Decompiling 038e91a8, pcode error at 038e91a8: Unable to disassemble EXTERNAL block location: 038e91a8  
2026-07-20 23:54:05 WARN  (DecompileCallback) Decompiling 038e91b0, pcode error at 038e91b0: Unable to disassemble EXTERNAL block location: 038e91b0  
2026-07-20 23:54:05 WARN  (DecompileCallback) Decompiling 038e91b8, pcode error at 038e91b8: Unable to disassemble EXTERNAL block location: 038e91b8  
2026-07-20 23:54:05 WARN  (DecompileCallback) Decompiling 038e91c0, pcode error at 038e91c0: Unable to disassemble EXTERNAL block location: 038e91c0  
2026-07-20 23:54:05 WARN  (DecompileCallback) Decompiling 038e91c8, pcode error at 038e91c8: Unable to disassemble EXTERNAL block location: 038e91c8  
2026-07-20 23:54:05 WARN  (DecompileCallback) Decompiling 038e91d0, pcode error at 038e91d0: Unable to disassemble EXTERNAL block location: 038e91d0  
2026-07-20 23:54:05 WARN  (DecompileCallback) Decompiling 038e91d8, pcode error at 038e91d8: Unable to disassemble EXTERNAL block location: 038e91d8  
2026-07-20 23:54:05 WARN  (DecompileCallback) Decompiling 038e91e0, pcode error at 038e91e0: Unable to disassemble EXTERNAL block location: 038e91e0  
2026-07-20 23:54:05 WARN  (DecompileCallback) Decompiling 038e91e8, pcode error at 038e91e8: Unable to disassemble EXTERNAL block location: 038e91e8  
2026-07-20 23:54:05 WARN  (DecompileCallback) Decompiling 038e91f0, pcode error at 038e91f0: Unable to disassemble EXTERNAL block location: 038e91f0  
2026-07-20 23:54:05 WARN  (DecompileCallback) Decompiling 038e9200, pcode error at 038e9200: Unable to disassemble EXTERNAL block location: 038e9200  
2026-07-20 23:54:05 WARN  (DecompileCallback) Decompiling 038e9208, pcode error at 038e9208: Unable to disassemble EXTERNAL block location: 038e9208  
2026-07-20 23:54:05 WARN  (DecompileCallback) Decompiling 038e9210, pcode error at 038e9210: Unable to disassemble EXTERNAL block location: 038e9210  
2026-07-20 23:54:05 WARN  (DecompileCallback) Decompiling 038e9218, pcode error at 038e9218: Unable to disassemble EXTERNAL block location: 038e9218  
2026-07-20 23:54:05 WARN  (DecompileCallback) Decompiling 038e9220, pcode error at 038e9220: Unable to disassemble EXTERNAL block location: 038e9220  
2026-07-20 23:54:05 WARN  (DecompileCallback) Decompiling 038e9228, pcode error at 038e9228: Unable to disassemble EXTERNAL block location: 038e9228  
2026-07-20 23:54:05 WARN  (DecompileCallback) Decompiling 038e9230, pcode error at 038e9230: Unable to disassemble EXTERNAL block location: 038e9230  
2026-07-20 23:54:05 WARN  (DecompileCallback) Decompiling 038e9238, pcode error at 038e9238: Unable to disassemble EXTERNAL block location: 038e9238  
2026-07-20 23:54:05 WARN  (DecompileCallback) Decompiling 038e9240, pcode error at 038e9240: Unable to disassemble EXTERNAL block location: 038e9240  
2026-07-20 23:54:05 WARN  (DecompileCallback) Decompiling 038e9248, pcode error at 038e9248: Unable to disassemble EXTERNAL block location: 038e9248  
2026-07-20 23:54:05 WARN  (DecompileCallback) Decompiling 038e9250, pcode error at 038e9250: Unable to disassemble EXTERNAL block location: 038e9250  
2026-07-20 23:54:05 WARN  (DecompileCallback) Decompiling 038e9258, pcode error at 038e9258: Unable to disassemble EXTERNAL block location: 038e9258  
2026-07-20 23:54:05 WARN  (DecompileCallback) Decompiling 038e9260, pcode error at 038e9260: Unable to disassemble EXTERNAL block location: 038e9260  
2026-07-20 23:54:05 WARN  (DecompileCallback) Decompiling 038e9268, pcode error at 038e9268: Unable to disassemble EXTERNAL block location: 038e9268  
2026-07-20 23:54:05 WARN  (DecompileCallback) Decompiling 038e9270, pcode error at 038e9270: Unable to disassemble EXTERNAL block location: 038e9270  
2026-07-20 23:54:05 WARN  (DecompileCallback) Decompiling 038e9278, pcode error at 038e9278: Unable to disassemble EXTERNAL block location: 038e9278  
2026-07-20 23:54:05 WARN  (DecompileCallback) Decompiling 038e9280, pcode error at 038e9280: Unable to disassemble EXTERNAL block location: 038e9280  
2026-07-20 23:54:05 WARN  (DecompileCallback) Decompiling 038e9288, pcode error at 038e9288: Unable to disassemble EXTERNAL block location: 038e9288  
2026-07-20 23:54:05 WARN  (DecompileCallback) Decompiling 038e9290, pcode error at 038e9290: Unable to disassemble EXTERNAL block location: 038e9290  
2026-07-20 23:54:05 WARN  (DecompileCallback) Decompiling 038e9298, pcode error at 038e9298: Unable to disassemble EXTERNAL block location: 038e9298  
2026-07-20 23:54:05 WARN  (DecompileCallback) Decompiling 038e92a0, pcode error at 038e92a0: Unable to disassemble EXTERNAL block location: 038e92a0  
2026-07-20 23:54:05 WARN  (DecompileCallback) Decompiling 038e92a8, pcode error at 038e92a8: Unable to disassemble EXTERNAL block location: 038e92a8  
2026-07-20 23:54:05 WARN  (DecompileCallback) Decompiling 038e92b0, pcode error at 038e92b0: Unable to disassemble EXTERNAL block location: 038e92b0  
2026-07-20 23:54:05 WARN  (DecompileCallback) Decompiling 038e92b8, pcode error at 038e92b8: Unable to disassemble EXTERNAL block location: 038e92b8  
2026-07-20 23:54:05 WARN  (DecompileCallback) Decompiling 038e92c0, pcode error at 038e92c0: Unable to disassemble EXTERNAL block location: 038e92c0  
2026-07-20 23:54:05 WARN  (DecompileCallback) Decompiling 038e92c8, pcode error at 038e92c8: Unable to disassemble EXTERNAL block location: 038e92c8  
2026-07-20 23:54:05 WARN  (DecompileCallback) Decompiling 038e92d0, pcode error at 038e92d0: Unable to disassemble EXTERNAL block location: 038e92d0  
2026-07-20 23:54:05 WARN  (DecompileCallback) Decompiling 038e92d8, pcode error at 038e92d8: Unable to disassemble EXTERNAL block location: 038e92d8  
2026-07-20 23:54:05 WARN  (DecompileCallback) Decompiling 038e92e0, pcode error at 038e92e0: Unable to disassemble EXTERNAL block location: 038e92e0  
2026-07-20 23:54:05 WARN  (DecompileCallback) Decompiling 038e92e8, pcode error at 038e92e8: Unable to disassemble EXTERNAL block location: 038e92e8  
2026-07-20 23:54:05 WARN  (DecompileCallback) Decompiling 038e92f0, pcode error at 038e92f0: Unable to disassemble EXTERNAL block location: 038e92f0  
2026-07-20 23:54:05 WARN  (DecompileCallback) Decompiling 038e92f8, pcode error at 038e92f8: Unable to disassemble EXTERNAL block location: 038e92f8  
2026-07-20 23:54:05 WARN  (DecompileCallback) Decompiling 038e9300, pcode error at 038e9300: Unable to disassemble EXTERNAL block location: 038e9300  
2026-07-20 23:54:05 WARN  (DecompileCallback) Decompiling 038e9308, pcode error at 038e9308: Unable to disassemble EXTERNAL block location: 038e9308  
2026-07-20 23:54:05 WARN  (DecompileCallback) Decompiling 038e9310, pcode error at 038e9310: Unable to disassemble EXTERNAL block location: 038e9310  
2026-07-20 23:54:05 WARN  (DecompileCallback) Decompiling 038e9318, pcode error at 038e9318: Unable to disassemble EXTERNAL block location: 038e9318  
2026-07-20 23:54:05 WARN  (DecompileCallback) Decompiling 038e9320, pcode error at 038e9320: Unable to disassemble EXTERNAL block location: 038e9320  
2026-07-20 23:54:05 WARN  (DecompileCallback) Decompiling 038e9328, pcode error at 038e9328: Unable to disassemble EXTERNAL block location: 038e9328  
2026-07-20 23:54:05 WARN  (DecompileCallback) Decompiling 038e9330, pcode error at 038e9330: Unable to disassemble EXTERNAL block location: 038e9330  
2026-07-20 23:54:05 WARN  (DecompileCallback) Decompiling 038e9338, pcode error at 038e9338: Unable to disassemble EXTERNAL block location: 038e9338  
2026-07-20 23:54:05 WARN  (DecompileCallback) Decompiling 038e9340, pcode error at 038e9340: Unable to disassemble EXTERNAL block location: 038e9340  
2026-07-20 23:54:05 WARN  (DecompileCallback) Decompiling 038e9348, pcode error at 038e9348: Unable to disassemble EXTERNAL block location: 038e9348  
2026-07-20 23:54:05 WARN  (DecompileCallback) Decompiling 038e9350, pcode error at 038e9350: Unable to disassemble EXTERNAL block location: 038e9350  
2026-07-20 23:54:05 WARN  (DecompileCallback) Decompiling 038e9358, pcode error at 038e9358: Unable to disassemble EXTERNAL block location: 038e9358  
2026-07-20 23:54:05 WARN  (DecompileCallback) Decompiling 038e9360, pcode error at 038e9360: Unable to disassemble EXTERNAL block location: 038e9360  
2026-07-20 23:54:05 WARN  (DecompileCallback) Decompiling 038e9368, pcode error at 038e9368: Unable to disassemble EXTERNAL block location: 038e9368  
2026-07-20 23:54:05 WARN  (DecompileCallback) Decompiling 038e9370, pcode error at 038e9370: Unable to disassemble EXTERNAL block location: 038e9370  
2026-07-20 23:54:05 WARN  (DecompileCallback) Decompiling 038e9378, pcode error at 038e9378: Unable to disassemble EXTERNAL block location: 038e9378  
2026-07-20 23:54:05 WARN  (DecompileCallback) Decompiling 038e9380, pcode error at 038e9380: Unable to disassemble EXTERNAL block location: 038e9380  
2026-07-20 23:54:05 WARN  (DecompileCallback) Decompiling 038e9388, pcode error at 038e9388: Unable to disassemble EXTERNAL block location: 038e9388  
2026-07-20 23:54:05 WARN  (DecompileCallback) Decompiling 038e9390, pcode error at 038e9390: Unable to disassemble EXTERNAL block location: 038e9390  
2026-07-20 23:54:05 WARN  (DecompileCallback) Decompiling 038e9398, pcode error at 038e9398: Unable to disassemble EXTERNAL block location: 038e9398  
2026-07-20 23:54:05 WARN  (DecompileCallback) Decompiling 038e93a0, pcode error at 038e93a0: Unable to disassemble EXTERNAL block location: 038e93a0  
2026-07-20 23:54:05 WARN  (DecompileCallback) Decompiling 038e93a8, pcode error at 038e93a8: Unable to disassemble EXTERNAL block location: 038e93a8  
2026-07-20 23:54:05 WARN  (DecompileCallback) Decompiling 038e93b0, pcode error at 038e93b0: Unable to disassemble EXTERNAL block location: 038e93b0  
2026-07-20 23:54:05 WARN  (DecompileCallback) Decompiling 038e93b8, pcode error at 038e93b8: Unable to disassemble EXTERNAL block location: 038e93b8  
2026-07-20 23:54:05 WARN  (DecompileCallback) Decompiling 038e93c0, pcode error at 038e93c0: Unable to disassemble EXTERNAL block location: 038e93c0  
2026-07-20 23:54:05 WARN  (DecompileCallback) Decompiling 038e93c8, pcode error at 038e93c8: Unable to disassemble EXTERNAL block location: 038e93c8  
2026-07-20 23:54:05 WARN  (DecompileCallback) Decompiling 038e93d0, pcode error at 038e93d0: Unable to disassemble EXTERNAL block location: 038e93d0  
2026-07-20 23:54:05 WARN  (DecompileCallback) Decompiling 038e93d8, pcode error at 038e93d8: Unable to disassemble EXTERNAL block location: 038e93d8  
2026-07-20 23:54:05 WARN  (DecompileCallback) Decompiling 038e93e0, pcode error at 038e93e0: Unable to disassemble EXTERNAL block location: 038e93e0  
2026-07-20 23:54:05 WARN  (DecompileCallback) Decompiling 038e93e8, pcode error at 038e93e8: Unable to disassemble EXTERNAL block location: 038e93e8  
2026-07-20 23:54:05 WARN  (DecompileCallback) Decompiling 038e93f0, pcode error at 038e93f0: Unable to disassemble EXTERNAL block location: 038e93f0  
2026-07-20 23:54:05 WARN  (DecompileCallback) Decompiling 038e93f8, pcode error at 038e93f8: Unable to disassemble EXTERNAL block location: 038e93f8  
2026-07-20 23:54:05 WARN  (DecompileCallback) Decompiling 038e9400, pcode error at 038e9400: Unable to disassemble EXTERNAL block location: 038e9400  
2026-07-20 23:54:05 WARN  (DecompileCallback) Decompiling 038e9408, pcode error at 038e9408: Unable to disassemble EXTERNAL block location: 038e9408  
2026-07-20 23:54:05 WARN  (DecompileCallback) Decompiling 038e9410, pcode error at 038e9410: Unable to disassemble EXTERNAL block location: 038e9410  
2026-07-20 23:54:05 WARN  (DecompileCallback) Decompiling 038e9418, pcode error at 038e9418: Unable to disassemble EXTERNAL block location: 038e9418  
2026-07-20 23:54:05 WARN  (DecompileCallback) Decompiling 038e9420, pcode error at 038e9420: Unable to disassemble EXTERNAL block location: 038e9420  
2026-07-20 23:54:05 WARN  (DecompileCallback) Decompiling 038e9428, pcode error at 038e9428: Unable to disassemble EXTERNAL block location: 038e9428  
2026-07-20 23:54:05 WARN  (DecompileCallback) Decompiling 038e9430, pcode error at 038e9430: Unable to disassemble EXTERNAL block location: 038e9430  
2026-07-20 23:54:05 WARN  (DecompileCallback) Decompiling 038e9438, pcode error at 038e9438: Unable to disassemble EXTERNAL block location: 038e9438  
2026-07-20 23:54:05 WARN  (DecompileCallback) Decompiling 038e9440, pcode error at 038e9440: Unable to disassemble EXTERNAL block location: 038e9440  
2026-07-20 23:54:05 WARN  (DecompileCallback) Decompiling 038e9448, pcode error at 038e9448: Unable to disassemble EXTERNAL block location: 038e9448  
2026-07-20 23:54:05 WARN  (DecompileCallback) Decompiling 038e9450, pcode error at 038e9450: Unable to disassemble EXTERNAL block location: 038e9450  
2026-07-20 23:54:05 WARN  (DecompileCallback) Decompiling 038e9458, pcode error at 038e9458: Unable to disassemble EXTERNAL block location: 038e9458  
2026-07-20 23:54:05 WARN  (DecompileCallback) Decompiling 038e9460, pcode error at 038e9460: Unable to disassemble EXTERNAL block location: 038e9460  
2026-07-20 23:54:05 WARN  (DecompileCallback) Decompiling 038e9468, pcode error at 038e9468: Unable to disassemble EXTERNAL block location: 038e9468  
2026-07-20 23:54:05 WARN  (DecompileCallback) Decompiling 038e9470, pcode error at 038e9470: Unable to disassemble EXTERNAL block location: 038e9470  
2026-07-20 23:54:05 WARN  (DecompileCallback) Decompiling 038e9478, pcode error at 038e9478: Unable to disassemble EXTERNAL block location: 038e9478  
2026-07-20 23:54:05 WARN  (DecompileCallback) Decompiling 038e9480, pcode error at 038e9480: Unable to disassemble EXTERNAL block location: 038e9480  
2026-07-20 23:54:05 WARN  (DecompileCallback) Decompiling 038e9488, pcode error at 038e9488: Unable to disassemble EXTERNAL block location: 038e9488  
2026-07-20 23:54:05 WARN  (DecompileCallback) Decompiling 038e9490, pcode error at 038e9490: Unable to disassemble EXTERNAL block location: 038e9490  
2026-07-20 23:54:05 WARN  (DecompileCallback) Decompiling 038e9498, pcode error at 038e9498: Unable to disassemble EXTERNAL block location: 038e9498  
2026-07-20 23:54:05 WARN  (DecompileCallback) Decompiling 038e94a0, pcode error at 038e94a0: Unable to disassemble EXTERNAL block location: 038e94a0  
2026-07-20 23:54:05 WARN  (DecompileCallback) Decompiling 038e94a8, pcode error at 038e94a8: Unable to disassemble EXTERNAL block location: 038e94a8  
2026-07-20 23:54:05 WARN  (DecompileCallback) Decompiling 038e94b0, pcode error at 038e94b0: Unable to disassemble EXTERNAL block location: 038e94b0  
2026-07-20 23:54:05 WARN  (DecompileCallback) Decompiling 038e94b8, pcode error at 038e94b8: Unable to disassemble EXTERNAL block location: 038e94b8  
2026-07-20 23:54:05 WARN  (DecompileCallback) Decompiling 038e94c0, pcode error at 038e94c0: Unable to disassemble EXTERNAL block location: 038e94c0  
2026-07-20 23:54:05 WARN  (DecompileCallback) Decompiling 038e94c8, pcode error at 038e94c8: Unable to disassemble EXTERNAL block location: 038e94c8  
2026-07-20 23:54:05 WARN  (DecompileCallback) Decompiling 038e94d0, pcode error at 038e94d0: Unable to disassemble EXTERNAL block location: 038e94d0  
2026-07-20 23:54:05 WARN  (DecompileCallback) Decompiling 038e94d8, pcode error at 038e94d8: Unable to disassemble EXTERNAL block location: 038e94d8  
2026-07-20 23:54:05 WARN  (DecompileCallback) Decompiling 038e94e0, pcode error at 038e94e0: Unable to disassemble EXTERNAL block location: 038e94e0  
2026-07-20 23:54:05 WARN  (DecompileCallback) Decompiling 038e94e8, pcode error at 038e94e8: Unable to disassemble EXTERNAL block location: 038e94e8  
2026-07-20 23:54:05 WARN  (DecompileCallback) Decompiling 038e94f0, pcode error at 038e94f0: Unable to disassemble EXTERNAL block location: 038e94f0  
2026-07-20 23:54:05 WARN  (DecompileCallback) Decompiling 038e94f8, pcode error at 038e94f8: Unable to disassemble EXTERNAL block location: 038e94f8  
2026-07-20 23:54:05 WARN  (DecompileCallback) Decompiling 038e9500, pcode error at 038e9500: Unable to disassemble EXTERNAL block location: 038e9500  
2026-07-20 23:54:05 WARN  (DecompileCallback) Decompiling 038e9508, pcode error at 038e9508: Unable to disassemble EXTERNAL block location: 038e9508  
2026-07-20 23:54:05 WARN  (DecompileCallback) Decompiling 038e9510, pcode error at 038e9510: Unable to disassemble EXTERNAL block location: 038e9510  
2026-07-20 23:54:05 WARN  (DecompileCallback) Decompiling 038e9518, pcode error at 038e9518: Unable to disassemble EXTERNAL block location: 038e9518  
2026-07-20 23:54:05 WARN  (DecompileCallback) Decompiling 038e9520, pcode error at 038e9520: Unable to disassemble EXTERNAL block location: 038e9520  
2026-07-20 23:54:05 WARN  (DecompileCallback) Decompiling 038e9528, pcode error at 038e9528: Unable to disassemble EXTERNAL block location: 038e9528  
2026-07-20 23:54:05 WARN  (DecompileCallback) Decompiling 038e9530, pcode error at 038e9530: Unable to disassemble EXTERNAL block location: 038e9530  
2026-07-20 23:54:05 WARN  (DecompileCallback) Decompiling 038e9538, pcode error at 038e9538: Unable to disassemble EXTERNAL block location: 038e9538  
2026-07-20 23:54:05 WARN  (DecompileCallback) Decompiling 038e9540, pcode error at 038e9540: Unable to disassemble EXTERNAL block location: 038e9540  
2026-07-20 23:54:05 WARN  (DecompileCallback) Decompiling 038e9548, pcode error at 038e9548: Unable to disassemble EXTERNAL block location: 038e9548  
2026-07-20 23:54:05 WARN  (DecompileCallback) Decompiling 038e9550, pcode error at 038e9550: Unable to disassemble EXTERNAL block location: 038e9550  
2026-07-20 23:54:05 WARN  (DecompileCallback) Decompiling 038e9558, pcode error at 038e9558: Unable to disassemble EXTERNAL block location: 038e9558  
2026-07-20 23:54:05 WARN  (DecompileCallback) Decompiling 038e9560, pcode error at 038e9560: Unable to disassemble EXTERNAL block location: 038e9560  
2026-07-20 23:54:05 WARN  (DecompileCallback) Decompiling 038e9568, pcode error at 038e9568: Unable to disassemble EXTERNAL block location: 038e9568  
2026-07-20 23:54:05 WARN  (DecompileCallback) Decompiling 038e9570, pcode error at 038e9570: Unable to disassemble EXTERNAL block location: 038e9570  
2026-07-20 23:54:05 WARN  (DecompileCallback) Decompiling 038e9578, pcode error at 038e9578: Unable to disassemble EXTERNAL block location: 038e9578  
2026-07-20 23:54:05 WARN  (DecompileCallback) Decompiling 038e9580, pcode error at 038e9580: Unable to disassemble EXTERNAL block location: 038e9580  
2026-07-20 23:54:05 WARN  (DecompileCallback) Decompiling 038e9588, pcode error at 038e9588: Unable to disassemble EXTERNAL block location: 038e9588  
2026-07-20 23:54:05 WARN  (DecompileCallback) Decompiling 038e9590, pcode error at 038e9590: Unable to disassemble EXTERNAL block location: 038e9590  
2026-07-20 23:54:05 WARN  (DecompileCallback) Decompiling 038e9598, pcode error at 038e9598: Unable to disassemble EXTERNAL block location: 038e9598  
2026-07-20 23:54:05 WARN  (DecompileCallback) Decompiling 038e95a0, pcode error at 038e95a0: Unable to disassemble EXTERNAL block location: 038e95a0  
2026-07-20 23:54:05 WARN  (DecompileCallback) Decompiling 038e95a8, pcode error at 038e95a8: Unable to disassemble EXTERNAL block location: 038e95a8  
2026-07-20 23:54:05 WARN  (DecompileCallback) Decompiling 038e95b0, pcode error at 038e95b0: Unable to disassemble EXTERNAL block location: 038e95b0  
2026-07-20 23:54:05 WARN  (DecompileCallback) Decompiling 038e95b8, pcode error at 038e95b8: Unable to disassemble EXTERNAL block location: 038e95b8  
2026-07-20 23:54:05 WARN  (DecompileCallback) Decompiling 038e95c0, pcode error at 038e95c0: Unable to disassemble EXTERNAL block location: 038e95c0  
2026-07-20 23:54:05 WARN  (DecompileCallback) Decompiling 038e95c8, pcode error at 038e95c8: Unable to disassemble EXTERNAL block location: 038e95c8  
2026-07-20 23:54:05 WARN  (DecompileCallback) Decompiling 038e95d0, pcode error at 038e95d0: Unable to disassemble EXTERNAL block location: 038e95d0  
2026-07-20 23:54:05 WARN  (DecompileCallback) Decompiling 038e95d8, pcode error at 038e95d8: Unable to disassemble EXTERNAL block location: 038e95d8  
2026-07-20 23:54:05 WARN  (DecompileCallback) Decompiling 038e95e0, pcode error at 038e95e0: Unable to disassemble EXTERNAL block location: 038e95e0  
2026-07-20 23:54:05 WARN  (DecompileCallback) Decompiling 038e95e8, pcode error at 038e95e8: Unable to disassemble EXTERNAL block location: 038e95e8  
2026-07-20 23:54:05 WARN  (DecompileCallback) Decompiling 038e95f0, pcode error at 038e95f0: Unable to disassemble EXTERNAL block location: 038e95f0  
2026-07-20 23:54:05 WARN  (DecompileCallback) Decompiling 038e95f8, pcode error at 038e95f8: Unable to disassemble EXTERNAL block location: 038e95f8  
2026-07-20 23:54:05 WARN  (DecompileCallback) Decompiling 038e9600, pcode error at 038e9600: Unable to disassemble EXTERNAL block location: 038e9600  
2026-07-20 23:54:05 WARN  (DecompileCallback) Decompiling 038e9608, pcode error at 038e9608: Unable to disassemble EXTERNAL block location: 038e9608  
2026-07-20 23:54:05 WARN  (DecompileCallback) Decompiling 038e9610, pcode error at 038e9610: Unable to disassemble EXTERNAL block location: 038e9610  
2026-07-20 23:54:05 WARN  (DecompileCallback) Decompiling 038e9618, pcode error at 038e9618: Unable to disassemble EXTERNAL block location: 038e9618  
2026-07-20 23:54:05 WARN  (DecompileCallback) Decompiling 038e9620, pcode error at 038e9620: Unable to disassemble EXTERNAL block location: 038e9620  
2026-07-20 23:54:05 WARN  (DecompileCallback) Decompiling 038e9628, pcode error at 038e9628: Unable to disassemble EXTERNAL block location: 038e9628  
2026-07-20 23:54:05 WARN  (DecompileCallback) Decompiling 038e9630, pcode error at 038e9630: Unable to disassemble EXTERNAL block location: 038e9630  
2026-07-20 23:54:05 WARN  (DecompileCallback) Decompiling 038e9638, pcode error at 038e9638: Unable to disassemble EXTERNAL block location: 038e9638  
2026-07-20 23:54:05 WARN  (DecompileCallback) Decompiling 038e9640, pcode error at 038e9640: Unable to disassemble EXTERNAL block location: 038e9640  
2026-07-20 23:54:05 WARN  (DecompileCallback) Decompiling 038e9648, pcode error at 038e9648: Unable to disassemble EXTERNAL block location: 038e9648  
2026-07-20 23:54:05 WARN  (DecompileCallback) Decompiling 038e9650, pcode error at 038e9650: Unable to disassemble EXTERNAL block location: 038e9650  
2026-07-20 23:54:05 WARN  (DecompileCallback) Decompiling 038e9658, pcode error at 038e9658: Unable to disassemble EXTERNAL block location: 038e9658  
2026-07-20 23:54:05 WARN  (DecompileCallback) Decompiling 038e9660, pcode error at 038e9660: Unable to disassemble EXTERNAL block location: 038e9660  
2026-07-20 23:54:05 WARN  (DecompileCallback) Decompiling 038e9668, pcode error at 038e9668: Unable to disassemble EXTERNAL block location: 038e9668  
2026-07-20 23:54:05 WARN  (DecompileCallback) Decompiling 038e9670, pcode error at 038e9670: Unable to disassemble EXTERNAL block location: 038e9670  
2026-07-20 23:54:05 WARN  (DecompileCallback) Decompiling 038e9678, pcode error at 038e9678: Unable to disassemble EXTERNAL block location: 038e9678  
2026-07-20 23:54:05 WARN  (DecompileCallback) Decompiling 038e9680, pcode error at 038e9680: Unable to disassemble EXTERNAL block location: 038e9680  
2026-07-20 23:54:05 WARN  (DecompileCallback) Decompiling 038e9688, pcode error at 038e9688: Unable to disassemble EXTERNAL block location: 038e9688  
2026-07-20 23:54:05 WARN  (DecompileCallback) Decompiling 038e9690, pcode error at 038e9690: Unable to disassemble EXTERNAL block location: 038e9690  
2026-07-20 23:54:05 WARN  (DecompileCallback) Decompiling 038e9698, pcode error at 038e9698: Unable to disassemble EXTERNAL block location: 038e9698  
2026-07-20 23:54:05 WARN  (DecompileCallback) Decompiling 038e96a0, pcode error at 038e96a0: Unable to disassemble EXTERNAL block location: 038e96a0  
2026-07-20 23:54:05 WARN  (DecompileCallback) Decompiling 038e96a8, pcode error at 038e96a8: Unable to disassemble EXTERNAL block location: 038e96a8  
2026-07-20 23:54:05 WARN  (DecompileCallback) Decompiling 038e96b0, pcode error at 038e96b0: Unable to disassemble EXTERNAL block location: 038e96b0  
2026-07-20 23:54:05 WARN  (DecompileCallback) Decompiling 038e96b8, pcode error at 038e96b8: Unable to disassemble EXTERNAL block location: 038e96b8  
2026-07-20 23:54:05 WARN  (DecompileCallback) Decompiling 038e96c0, pcode error at 038e96c0: Unable to disassemble EXTERNAL block location: 038e96c0  
2026-07-20 23:54:05 WARN  (DecompileCallback) Decompiling 038e96c8, pcode error at 038e96c8: Unable to disassemble EXTERNAL block location: 038e96c8  
2026-07-20 23:54:05 WARN  (DecompileCallback) Decompiling 038e96d0, pcode error at 038e96d0: Unable to disassemble EXTERNAL block location: 038e96d0  
2026-07-20 23:54:05 WARN  (DecompileCallback) Decompiling 038e96d8, pcode error at 038e96d8: Unable to disassemble EXTERNAL block location: 038e96d8  
2026-07-20 23:54:05 WARN  (DecompileCallback) Decompiling 038e96e0, pcode error at 038e96e0: Unable to disassemble EXTERNAL block location: 038e96e0  
2026-07-20 23:54:05 WARN  (DecompileCallback) Decompiling 038e96e8, pcode error at 038e96e8: Unable to disassemble EXTERNAL block location: 038e96e8  
2026-07-20 23:54:05 WARN  (DecompileCallback) Decompiling 038e96f0, pcode error at 038e96f0: Unable to disassemble EXTERNAL block location: 038e96f0  
2026-07-20 23:54:05 WARN  (DecompileCallback) Decompiling 038e96f8, pcode error at 038e96f8: Unable to disassemble EXTERNAL block location: 038e96f8  
2026-07-20 23:54:05 WARN  (DecompileCallback) Decompiling 038e9700, pcode error at 038e9700: Unable to disassemble EXTERNAL block location: 038e9700  
2026-07-20 23:54:05 WARN  (DecompileCallback) Decompiling 038e9708, pcode error at 038e9708: Unable to disassemble EXTERNAL block location: 038e9708  
2026-07-20 23:54:05 WARN  (DecompileCallback) Decompiling 038e9710, pcode error at 038e9710: Unable to disassemble EXTERNAL block location: 038e9710  
2026-07-20 23:54:05 WARN  (DecompileCallback) Decompiling 038e9718, pcode error at 038e9718: Unable to disassemble EXTERNAL block location: 038e9718  
2026-07-20 23:54:05 WARN  (DecompileCallback) Decompiling 038e9720, pcode error at 038e9720: Unable to disassemble EXTERNAL block location: 038e9720  
2026-07-20 23:54:05 WARN  (DecompileCallback) Decompiling 038e9728, pcode error at 038e9728: Unable to disassemble EXTERNAL block location: 038e9728  
2026-07-20 23:54:05 WARN  (DecompileCallback) Decompiling 038e9730, pcode error at 038e9730: Unable to disassemble EXTERNAL block location: 038e9730  
2026-07-20 23:54:05 WARN  (DecompileCallback) Decompiling 038e9738, pcode error at 038e9738: Unable to disassemble EXTERNAL block location: 038e9738  
2026-07-20 23:54:05 WARN  (DecompileCallback) Decompiling 038e9740, pcode error at 038e9740: Unable to disassemble EXTERNAL block location: 038e9740  
2026-07-20 23:54:05 WARN  (DecompileCallback) Decompiling 038e9748, pcode error at 038e9748: Unable to disassemble EXTERNAL block location: 038e9748  
2026-07-20 23:54:05 WARN  (DecompileCallback) Decompiling 038e9750, pcode error at 038e9750: Unable to disassemble EXTERNAL block location: 038e9750  
2026-07-20 23:54:05 WARN  (DecompileCallback) Decompiling 038e9758, pcode error at 038e9758: Unable to disassemble EXTERNAL block location: 038e9758  
2026-07-20 23:54:05 WARN  (DecompileCallback) Decompiling 038e9760, pcode error at 038e9760: Unable to disassemble EXTERNAL block location: 038e9760  
2026-07-20 23:54:05 WARN  (DecompileCallback) Decompiling 038e9768, pcode error at 038e9768: Unable to disassemble EXTERNAL block location: 038e9768  
2026-07-20 23:54:05 WARN  (DecompileCallback) Decompiling 038e9770, pcode error at 038e9770: Unable to disassemble EXTERNAL block location: 038e9770  
2026-07-20 23:54:05 WARN  (DecompileCallback) Decompiling 038e9778, pcode error at 038e9778: Unable to disassemble EXTERNAL block location: 038e9778  
2026-07-20 23:54:05 WARN  (DecompileCallback) Decompiling 038e9780, pcode error at 038e9780: Unable to disassemble EXTERNAL block location: 038e9780  
2026-07-20 23:54:05 WARN  (DecompileCallback) Decompiling 038e9788, pcode error at 038e9788: Unable to disassemble EXTERNAL block location: 038e9788  
2026-07-20 23:54:05 WARN  (DecompileCallback) Decompiling 038e9790, pcode error at 038e9790: Unable to disassemble EXTERNAL block location: 038e9790  
2026-07-20 23:54:05 WARN  (DecompileCallback) Decompiling 038e9798, pcode error at 038e9798: Unable to disassemble EXTERNAL block location: 038e9798  
2026-07-20 23:54:05 WARN  (DecompileCallback) Decompiling 038e97a0, pcode error at 038e97a0: Unable to disassemble EXTERNAL block location: 038e97a0  
2026-07-20 23:54:05 WARN  (DecompileCallback) Decompiling 038e97a8, pcode error at 038e97a8: Unable to disassemble EXTERNAL block location: 038e97a8  
2026-07-20 23:54:05 WARN  (DecompileCallback) Decompiling 038e97b0, pcode error at 038e97b0: Unable to disassemble EXTERNAL block location: 038e97b0  
2026-07-20 23:54:05 WARN  (DecompileCallback) Decompiling 038e97b8, pcode error at 038e97b8: Unable to disassemble EXTERNAL block location: 038e97b8  
2026-07-20 23:54:05 WARN  (DecompileCallback) Decompiling 038e97c0, pcode error at 038e97c0: Unable to disassemble EXTERNAL block location: 038e97c0  
2026-07-20 23:54:05 WARN  (DecompileCallback) Decompiling 038e97c8, pcode error at 038e97c8: Unable to disassemble EXTERNAL block location: 038e97c8  
2026-07-20 23:54:05 WARN  (DecompileCallback) Decompiling 038e97d0, pcode error at 038e97d0: Unable to disassemble EXTERNAL block location: 038e97d0  
2026-07-20 23:54:05 WARN  (DecompileCallback) Decompiling 038e97d8, pcode error at 038e97d8: Unable to disassemble EXTERNAL block location: 038e97d8  
2026-07-20 23:54:05 WARN  (DecompileCallback) Decompiling 038e97e0, pcode error at 038e97e0: Unable to disassemble EXTERNAL block location: 038e97e0  
2026-07-20 23:54:05 WARN  (DecompileCallback) Decompiling 038e97e8, pcode error at 038e97e8: Unable to disassemble EXTERNAL block location: 038e97e8  
2026-07-20 23:54:05 WARN  (DecompileCallback) Decompiling 038e97f0, pcode error at 038e97f0: Unable to disassemble EXTERNAL block location: 038e97f0  
2026-07-20 23:54:05 WARN  (DecompileCallback) Decompiling 038e97f8, pcode error at 038e97f8: Unable to disassemble EXTERNAL block location: 038e97f8  
2026-07-20 23:54:05 WARN  (DecompileCallback) Decompiling 038e9800, pcode error at 038e9800: Unable to disassemble EXTERNAL block location: 038e9800  
2026-07-20 23:54:05 WARN  (DecompileCallback) Decompiling 038e9808, pcode error at 038e9808: Unable to disassemble EXTERNAL block location: 038e9808  
2026-07-20 23:54:05 WARN  (DecompileCallback) Decompiling 038e9810, pcode error at 038e9810: Unable to disassemble EXTERNAL block location: 038e9810  
2026-07-20 23:54:05 WARN  (DecompileCallback) Decompiling 038e9818, pcode error at 038e9818: Unable to disassemble EXTERNAL block location: 038e9818  
2026-07-20 23:54:05 WARN  (DecompileCallback) Decompiling 038e9820, pcode error at 038e9820: Unable to disassemble EXTERNAL block location: 038e9820  
2026-07-20 23:54:05 WARN  (DecompileCallback) Decompiling 038e9828, pcode error at 038e9828: Unable to disassemble EXTERNAL block location: 038e9828  
2026-07-20 23:54:05 WARN  (DecompileCallback) Decompiling 038e9830, pcode error at 038e9830: Unable to disassemble EXTERNAL block location: 038e9830  
2026-07-20 23:54:05 WARN  (DecompileCallback) Decompiling 038e9838, pcode error at 038e9838: Unable to disassemble EXTERNAL block location: 038e9838  
2026-07-20 23:54:05 WARN  (DecompileCallback) Decompiling 038e9840, pcode error at 038e9840: Unable to disassemble EXTERNAL block location: 038e9840  
2026-07-20 23:54:05 WARN  (DecompileCallback) Decompiling 038e9848, pcode error at 038e9848: Unable to disassemble EXTERNAL block location: 038e9848  
2026-07-20 23:54:05 WARN  (DecompileCallback) Decompiling 038e9850, pcode error at 038e9850: Unable to disassemble EXTERNAL block location: 038e9850  
2026-07-20 23:54:05 WARN  (DecompileCallback) Decompiling 038e9858, pcode error at 038e9858: Unable to disassemble EXTERNAL block location: 038e9858  
2026-07-20 23:54:05 WARN  (DecompileCallback) Decompiling 038e9860, pcode error at 038e9860: Unable to disassemble EXTERNAL block location: 038e9860  
2026-07-20 23:54:05 INFO  (GhidraScript) GeneralStructureEyePatternScan.java> General structure scan complete.  
2026-07-20 23:54:05 INFO  (GhidraScript) GeneralStructureEyePatternScan.java> Total functions scanned: 382701  
2026-07-20 23:54:05 INFO  (GhidraScript) GeneralStructureEyePatternScan.java> Exported functions: 42  
2026-07-20 23:54:05 INFO  (GhidraScript) GeneralStructureEyePatternScan.java> Decompile failures: 106  
2026-07-20 23:54:05 INFO  (GhidraScript) GeneralStructureEyePatternScan.java> Report CSV: C:\realDesktop\manifest-evaluations\summer-26\ghidra-pipeline\il2cpp-files\simulator\general-structure-results\structure_scan_report.csv  
2026-07-20 23:54:05 INFO  (GhidraScript) GeneralStructureEyePatternScan.java> Report JSON: C:\realDesktop\manifest-evaluations\summer-26\ghidra-pipeline\il2cpp-files\simulator\general-structure-results\structure_scan_report.json  
2026-07-20 23:54:05 INFO  (HeadlessAnalyzer) REPORT: Save succeeded for processed file: /simulator-libil2cpp.so  
