2026-07-22 23:05:51 INFO  (LoggingInitialization) Using log config file: jar:file:/C:/Users/kimgiordano27/Downloads/ghidra_12.1.2_PUBLIC_20260605/ghidra_12.1.2_PUBLIC/Ghidra/Framework/Generic/lib/Generic.jar!/generic.log4j.xml  
2026-07-22 23:05:51 INFO  (LoggingInitialization) Using log file: C:\realDesktop\manifest-evaluations\summer-26\ghidra-pipeline\il2cpp-files\TitansClinicFreeDemo\general-structure-ghidra.log  
2026-07-22 23:05:51 DEBUG (GhidraObjectInputFilter) Including serial input filter: FileSystem/data/client.rmi.serial.filter  
2026-07-22 23:05:51 INFO  (Preferences) Loading user preferences: C:\Users\kimgiordano27\AppData\Roaming\ghidra\ghidra_12.1.2_PUBLIC\preferences  
2026-07-22 23:05:51 INFO  (ClassSearcher) Searching for classes...  
2026-07-22 23:05:51 INFO  (ClassSearcher) Class search complete (530 ms)  
2026-07-22 23:05:51 INFO  (DefaultSSLContextInitializer) Initializing SSL Context  
2026-07-22 23:05:51 INFO  (SecureRandomFactory) Initializing Random Number Generator...  
2026-07-22 23:05:51 INFO  (SecureRandomFactory) Random Number Generator initialization complete: SHA1PRNG  
2026-07-22 23:05:51 INFO  (DefaultTrustManagerFactory) Trust manager disabled, cacerts have not been set  
2026-07-22 23:05:52 INFO  (AnalyzeHeadless) Headless startup complete (1588 ms)  
2026-07-22 23:05:52 INFO  (ClassSearcher) Class searcher loaded 59 extension points (20 false positives)  
2026-07-22 23:05:52 INFO  (HeadlessAnalyzer) HEADLESS Script Paths:
    C:\Users\kimgiordano27\Downloads\ghidra_12.1.2_PUBLIC_20260605\ghidra_12.1.2_PUBLIC\Ghidra\Features\DecompilerDependent\ghidra_scripts
    C:\Users\kimgiordano27\Downloads\ghidra_12.1.2_PUBLIC_20260605\ghidra_12.1.2_PUBLIC\Ghidra\Processors\Atmel\ghidra_scripts
    C:\Users\kimgiordano27\Downloads\ghidra_12.1.2_PUBLIC_20260605\ghidra_12.1.2_PUBLIC\Ghidra\Processors\PIC\ghidra_scripts
    C:\Users\kimgiordano27\Downloads\ghidra_12.1.2_PUBLIC_20260605\ghidra_12.1.2_PUBLIC\Ghidra\Features\VersionTracking\ghidra_scripts
    C:\Users\kimgiordano27\Downloads\ghidra_12.1.2_PUBLIC_20260605\ghidra_12.1.2_PUBLIC\Ghidra\Features\BytePatterns\ghidra_scripts
    C:\Users\kimgiordano27\ghidra_scripts
    C:\Users\kimgiordano27\Downloads\ghidra_12.1.2_PUBLIC_20260605\ghidra_12.1.2_PUBLIC\Ghidra\Features\BSim\ghidra_scripts
    C:\realDesktop\manifest-evaluations\summer-26\ghidra-pipeline\ghidra-export-scripts
    C:\Users\kimgiordano27\Downloads\ghidra_12.1.2_PUBLIC_20260605\ghidra_12.1.2_PUBLIC\Ghidra\Processors\JVM\ghidra_scripts
    C:\Users\kimgiordano27\Downloads\ghidra_12.1.2_PUBLIC_20260605\ghidra_12.1.2_PUBLIC\Ghidra\Features\Base\ghidra_scripts
    C:\Users\kimgiordano27\Downloads\ghidra_12.1.2_PUBLIC_20260605\ghidra_12.1.2_PUBLIC\Ghidra\Features\SwiftDemangler\ghidra_scripts
    C:\Users\kimgiordano27\Downloads\ghidra_12.1.2_PUBLIC_20260605\ghidra_12.1.2_PUBLIC\Ghidra\Features\WildcardAssembler\ghidra_scripts
    C:\Users\kimgiordano27\Downloads\ghidra_12.1.2_PUBLIC_20260605\ghidra_12.1.2_PUBLIC\Ghidra\Features\FileFormats\ghidra_scripts
    C:\Users\kimgiordano27\Downloads\ghidra_12.1.2_PUBLIC_20260605\ghidra_12.1.2_PUBLIC\Ghidra\Features\Decompiler\ghidra_scripts
    C:\Users\kimgiordano27\Downloads\ghidra_12.1.2_PUBLIC_20260605\ghidra_12.1.2_PUBLIC\Ghidra\Features\SystemEmulation\ghidra_scripts
    C:\Users\kimgiordano27\Downloads\ghidra_12.1.2_PUBLIC_20260605\ghidra_12.1.2_PUBLIC\Ghidra\Processors\8051\ghidra_scripts
    C:\Users\kimgiordano27\Downloads\ghidra_12.1.2_PUBLIC_20260605\ghidra_12.1.2_PUBLIC\Ghidra\Features\GnuDemangler\ghidra_scripts
    C:\Users\kimgiordano27\Downloads\ghidra_12.1.2_PUBLIC_20260605\ghidra_12.1.2_PUBLIC\Ghidra\Debug\Debugger\ghidra_scripts
    C:\Users\kimgiordano27\Downloads\ghidra_12.1.2_PUBLIC_20260605\ghidra_12.1.2_PUBLIC\Ghidra\Processors\DATA\ghidra_scripts
    C:\Users\kimgiordano27\Downloads\ghidra_12.1.2_PUBLIC_20260605\ghidra_12.1.2_PUBLIC\Ghidra\Debug\Debugger-rmi-trace\ghidra_scripts
    C:\Users\kimgiordano27\Downloads\ghidra_12.1.2_PUBLIC_20260605\ghidra_12.1.2_PUBLIC\Ghidra\Features\FunctionID\ghidra_scripts
    C:\Users\kimgiordano27\Downloads\ghidra_12.1.2_PUBLIC_20260605\ghidra_12.1.2_PUBLIC\Ghidra\Features\MicrosoftCodeAnalyzer\ghidra_scripts
    C:\Users\kimgiordano27\Downloads\ghidra_12.1.2_PUBLIC_20260605\ghidra_12.1.2_PUBLIC\Ghidra\Features\PDB\ghidra_scripts
    C:\Users\kimgiordano27\AppData\Roaming\ghidra\ghidra_12.1.2_PUBLIC\Extensions\Jython\ghidra_scripts
    C:\Users\kimgiordano27\Downloads\ghidra_12.1.2_PUBLIC_20260605\ghidra_12.1.2_PUBLIC\Ghidra\Features\PyGhidra\ghidra_scripts  
2026-07-22 23:05:52 INFO  (HeadlessAnalyzer) HEADLESS: execution starts  
2026-07-22 23:05:52 INFO  (HeadlessAnalyzer) Opening existing project: C:\realDesktop\manifest-evaluations\summer-26\ghidra-pipeline\il2cpp-files\TitansClinicFreeDemo\ghidra-project-TitansClinicFreeDemo\TitansClinicFreeDemo  
2026-07-22 23:05:52 INFO  (HeadlessProject) Opening project: C:\realDesktop\manifest-evaluations\summer-26\ghidra-pipeline\il2cpp-files\TitansClinicFreeDemo\ghidra-project-TitansClinicFreeDemo\TitansClinicFreeDemo  
2026-07-22 23:05:52 INFO  (LocalFileSystem) /TitansClinicFreeDemo-libil2cpp.so: checkout (2) granted (kimgiordano27)  
2026-07-22 23:05:57 INFO  (HeadlessAnalyzer) REPORT: Processing project file: /TitansClinicFreeDemo-libil2cpp.so  
2026-07-22 23:05:57 INFO  (HeadlessAnalyzer) REPORT: Execute script: GeneralStructureEyePatternScan.java 'C:\realDesktop\manifest-evaluations\summer-26\ghidra-pipeline\il2cpp-files\TitansClinicFreeDemo\general-structure-results' '70' 'false'   
2026-07-22 23:05:57 INFO  (HeadlessAnalyzer) SCRIPT: C:\realDesktop\manifest-evaluations\summer-26\ghidra-pipeline\ghidra-export-scripts\GeneralStructureEyePatternScan.java  
2026-07-22 23:05:57 INFO  (GhidraScript) GeneralStructureEyePatternScan.java> General structure scan starting...  
2026-07-22 23:05:57 INFO  (GhidraScript) GeneralStructureEyePatternScan.java> Output: C:\realDesktop\manifest-evaluations\summer-26\ghidra-pipeline\il2cpp-files\TitansClinicFreeDemo\general-structure-results  
2026-07-22 23:05:57 INFO  (GhidraScript) GeneralStructureEyePatternScan.java> Minimum review score: 70  
2026-07-22 23:05:57 INFO  (GhidraScript) GeneralStructureEyePatternScan.java> Export all: false  
2026-07-22 23:06:31 INFO  (GhidraScript) GeneralStructureEyePatternScan.java> Scanned 10000 functions. Exported so far: 0  
2026-07-22 23:06:51 INFO  (GhidraScript) GeneralStructureEyePatternScan.java> Scanned 20000 functions. Exported so far: 0  
2026-07-22 23:07:34 INFO  (GhidraScript) GeneralStructureEyePatternScan.java> Scanned 30000 functions. Exported so far: 0  
2026-07-22 23:08:16 INFO  (GhidraScript) GeneralStructureEyePatternScan.java> Scanned 40000 functions. Exported so far: 0  
2026-07-22 23:12:30 INFO  (GhidraScript) GeneralStructureEyePatternScan.java> Scanned 50000 functions. Exported so far: 6  
2026-07-22 23:17:19 INFO  (GhidraScript) GeneralStructureEyePatternScan.java> Scanned 60000 functions. Exported so far: 32  
2026-07-22 23:19:48 INFO  (GhidraScript) GeneralStructureEyePatternScan.java> Scanned 70000 functions. Exported so far: 53  
2026-07-22 23:21:39 INFO  (GhidraScript) GeneralStructureEyePatternScan.java> Scanned 80000 functions. Exported so far: 53  
2026-07-22 23:24:38 INFO  (GhidraScript) GeneralStructureEyePatternScan.java> Scanned 90000 functions. Exported so far: 136  
2026-07-22 23:26:28 INFO  (GhidraScript) GeneralStructureEyePatternScan.java> Scanned 100000 functions. Exported so far: 176  
2026-07-22 23:29:26 INFO  (GhidraScript) GeneralStructureEyePatternScan.java> Scanned 110000 functions. Exported so far: 215  
2026-07-22 23:31:54 INFO  (GhidraScript) GeneralStructureEyePatternScan.java> Scanned 120000 functions. Exported so far: 215  
2026-07-22 23:33:42 INFO  (GhidraScript) GeneralStructureEyePatternScan.java> Scanned 130000 functions. Exported so far: 215  
2026-07-22 23:35:52 INFO  (GhidraScript) GeneralStructureEyePatternScan.java> Scanned 140000 functions. Exported so far: 313  
2026-07-22 23:37:41 INFO  (GhidraScript) GeneralStructureEyePatternScan.java> Scanned 150000 functions. Exported so far: 330  
2026-07-22 23:39:44 INFO  (GhidraScript) GeneralStructureEyePatternScan.java> Scanned 160000 functions. Exported so far: 330  
2026-07-22 23:42:22 INFO  (GhidraScript) GeneralStructureEyePatternScan.java> Scanned 170000 functions. Exported so far: 332  
2026-07-22 23:48:41 INFO  (GhidraScript) GeneralStructureEyePatternScan.java> Scanned 180000 functions. Exported so far: 333  
2026-07-22 23:52:10 INFO  (GhidraScript) GeneralStructureEyePatternScan.java> Scanned 190000 functions. Exported so far: 340  
2026-07-23 01:17:30 INFO  (GhidraScript) GeneralStructureEyePatternScan.java> Scanned 200000 functions. Exported so far: 793  
2026-07-23 01:22:19 INFO  (GhidraScript) GeneralStructureEyePatternScan.java> Scanned 210000 functions. Exported so far: 827  
2026-07-23 01:25:49 INFO  (GhidraScript) GeneralStructureEyePatternScan.java> Scanned 220000 functions. Exported so far: 827  
2026-07-23 01:42:09 INFO  (GhidraScript) GeneralStructureEyePatternScan.java> Scanned 230000 functions. Exported so far: 839  
2026-07-23 03:12:51 INFO  (GhidraScript) GeneralStructureEyePatternScan.java> Scanned 240000 functions. Exported so far: 839  
2026-07-23 03:49:09 INFO  (GhidraScript) GeneralStructureEyePatternScan.java> Scanned 250000 functions. Exported so far: 845  
2026-07-23 03:54:19 INFO  (GhidraScript) GeneralStructureEyePatternScan.java> Scanned 260000 functions. Exported so far: 845  
2026-07-23 03:54:44 WARN  (DecompileCallback) Decompiling 02b60000, pcode error at 02b60000: Unable to disassemble EXTERNAL block location: 02b60000  
2026-07-23 03:54:44 WARN  (DecompileCallback) Decompiling 02b60008, pcode error at 02b60008: Unable to disassemble EXTERNAL block location: 02b60008  
2026-07-23 03:54:44 WARN  (DecompileCallback) Decompiling 02b60010, pcode error at 02b60010: Unable to disassemble EXTERNAL block location: 02b60010  
2026-07-23 03:54:44 WARN  (DecompileCallback) Decompiling 02b60018, pcode error at 02b60018: Unable to disassemble EXTERNAL block location: 02b60018  
2026-07-23 03:54:44 WARN  (DecompileCallback) Decompiling 02b60020, pcode error at 02b60020: Unable to disassemble EXTERNAL block location: 02b60020  
2026-07-23 03:54:44 WARN  (DecompileCallback) Decompiling 02b60028, pcode error at 02b60028: Unable to disassemble EXTERNAL block location: 02b60028  
2026-07-23 03:54:44 WARN  (DecompileCallback) Decompiling 02b60030, pcode error at 02b60030: Unable to disassemble EXTERNAL block location: 02b60030  
2026-07-23 03:54:44 WARN  (DecompileCallback) Decompiling 02b60038, pcode error at 02b60038: Unable to disassemble EXTERNAL block location: 02b60038  
2026-07-23 03:54:44 WARN  (DecompileCallback) Decompiling 02b60040, pcode error at 02b60040: Unable to disassemble EXTERNAL block location: 02b60040  
2026-07-23 03:54:44 WARN  (DecompileCallback) Decompiling 02b60048, pcode error at 02b60048: Unable to disassemble EXTERNAL block location: 02b60048  
2026-07-23 03:54:44 WARN  (DecompileCallback) Decompiling 02b60050, pcode error at 02b60050: Unable to disassemble EXTERNAL block location: 02b60050  
2026-07-23 03:54:44 WARN  (DecompileCallback) Decompiling 02b60058, pcode error at 02b60058: Unable to disassemble EXTERNAL block location: 02b60058  
2026-07-23 03:54:44 WARN  (DecompileCallback) Decompiling 02b60060, pcode error at 02b60060: Unable to disassemble EXTERNAL block location: 02b60060  
2026-07-23 03:54:44 WARN  (DecompileCallback) Decompiling 02b60068, pcode error at 02b60068: Unable to disassemble EXTERNAL block location: 02b60068  
2026-07-23 03:54:44 WARN  (DecompileCallback) Decompiling 02b60070, pcode error at 02b60070: Unable to disassemble EXTERNAL block location: 02b60070  
2026-07-23 03:54:44 WARN  (DecompileCallback) Decompiling 02b60078, pcode error at 02b60078: Unable to disassemble EXTERNAL block location: 02b60078  
2026-07-23 03:54:44 WARN  (DecompileCallback) Decompiling 02b60080, pcode error at 02b60080: Unable to disassemble EXTERNAL block location: 02b60080  
2026-07-23 03:54:44 WARN  (DecompileCallback) Decompiling 02b60088, pcode error at 02b60088: Unable to disassemble EXTERNAL block location: 02b60088  
2026-07-23 03:54:44 WARN  (DecompileCallback) Decompiling 02b60090, pcode error at 02b60090: Unable to disassemble EXTERNAL block location: 02b60090  
2026-07-23 03:54:44 WARN  (DecompileCallback) Decompiling 02b60098, pcode error at 02b60098: Unable to disassemble EXTERNAL block location: 02b60098  
2026-07-23 03:54:44 WARN  (DecompileCallback) Decompiling 02b600a0, pcode error at 02b600a0: Unable to disassemble EXTERNAL block location: 02b600a0  
2026-07-23 03:54:44 WARN  (DecompileCallback) Decompiling 02b600a8, pcode error at 02b600a8: Unable to disassemble EXTERNAL block location: 02b600a8  
2026-07-23 03:54:44 WARN  (DecompileCallback) Decompiling 02b600b0, pcode error at 02b600b0: Unable to disassemble EXTERNAL block location: 02b600b0  
2026-07-23 03:54:44 WARN  (DecompileCallback) Decompiling 02b600b8, pcode error at 02b600b8: Unable to disassemble EXTERNAL block location: 02b600b8  
2026-07-23 03:54:44 WARN  (DecompileCallback) Decompiling 02b600c0, pcode error at 02b600c0: Unable to disassemble EXTERNAL block location: 02b600c0  
2026-07-23 03:54:44 WARN  (DecompileCallback) Decompiling 02b600c8, pcode error at 02b600c8: Unable to disassemble EXTERNAL block location: 02b600c8  
2026-07-23 03:54:44 WARN  (DecompileCallback) Decompiling 02b600d0, pcode error at 02b600d0: Unable to disassemble EXTERNAL block location: 02b600d0  
2026-07-23 03:54:44 WARN  (DecompileCallback) Decompiling 02b600d8, pcode error at 02b600d8: Unable to disassemble EXTERNAL block location: 02b600d8  
2026-07-23 03:54:44 WARN  (DecompileCallback) Decompiling 02b600e0, pcode error at 02b600e0: Unable to disassemble EXTERNAL block location: 02b600e0  
2026-07-23 03:54:44 WARN  (DecompileCallback) Decompiling 02b600e8, pcode error at 02b600e8: Unable to disassemble EXTERNAL block location: 02b600e8  
2026-07-23 03:54:44 WARN  (DecompileCallback) Decompiling 02b600f0, pcode error at 02b600f0: Unable to disassemble EXTERNAL block location: 02b600f0  
2026-07-23 03:54:44 WARN  (DecompileCallback) Decompiling 02b600f8, pcode error at 02b600f8: Unable to disassemble EXTERNAL block location: 02b600f8  
2026-07-23 03:54:44 WARN  (DecompileCallback) Decompiling 02b60100, pcode error at 02b60100: Unable to disassemble EXTERNAL block location: 02b60100  
2026-07-23 03:54:44 WARN  (DecompileCallback) Decompiling 02b60108, pcode error at 02b60108: Unable to disassemble EXTERNAL block location: 02b60108  
2026-07-23 03:54:44 WARN  (DecompileCallback) Decompiling 02b60110, pcode error at 02b60110: Unable to disassemble EXTERNAL block location: 02b60110  
2026-07-23 03:54:44 WARN  (DecompileCallback) Decompiling 02b60118, pcode error at 02b60118: Unable to disassemble EXTERNAL block location: 02b60118  
2026-07-23 03:54:44 WARN  (DecompileCallback) Decompiling 02b60120, pcode error at 02b60120: Unable to disassemble EXTERNAL block location: 02b60120  
2026-07-23 03:54:44 WARN  (DecompileCallback) Decompiling 02b60128, pcode error at 02b60128: Unable to disassemble EXTERNAL block location: 02b60128  
2026-07-23 03:54:44 WARN  (DecompileCallback) Decompiling 02b60130, pcode error at 02b60130: Unable to disassemble EXTERNAL block location: 02b60130  
2026-07-23 03:54:44 WARN  (DecompileCallback) Decompiling 02b60138, pcode error at 02b60138: Unable to disassemble EXTERNAL block location: 02b60138  
2026-07-23 03:54:44 WARN  (DecompileCallback) Decompiling 02b60140, pcode error at 02b60140: Unable to disassemble EXTERNAL block location: 02b60140  
2026-07-23 03:54:44 WARN  (DecompileCallback) Decompiling 02b60148, pcode error at 02b60148: Unable to disassemble EXTERNAL block location: 02b60148  
2026-07-23 03:54:44 WARN  (DecompileCallback) Decompiling 02b60150, pcode error at 02b60150: Unable to disassemble EXTERNAL block location: 02b60150  
2026-07-23 03:54:44 WARN  (DecompileCallback) Decompiling 02b60158, pcode error at 02b60158: Unable to disassemble EXTERNAL block location: 02b60158  
2026-07-23 03:54:44 WARN  (DecompileCallback) Decompiling 02b60160, pcode error at 02b60160: Unable to disassemble EXTERNAL block location: 02b60160  
2026-07-23 03:54:44 WARN  (DecompileCallback) Decompiling 02b60168, pcode error at 02b60168: Unable to disassemble EXTERNAL block location: 02b60168  
2026-07-23 03:54:44 WARN  (DecompileCallback) Decompiling 02b60170, pcode error at 02b60170: Unable to disassemble EXTERNAL block location: 02b60170  
2026-07-23 03:54:44 WARN  (DecompileCallback) Decompiling 02b60178, pcode error at 02b60178: Unable to disassemble EXTERNAL block location: 02b60178  
2026-07-23 03:54:44 WARN  (DecompileCallback) Decompiling 02b60180, pcode error at 02b60180: Unable to disassemble EXTERNAL block location: 02b60180  
2026-07-23 03:54:44 WARN  (DecompileCallback) Decompiling 02b60188, pcode error at 02b60188: Unable to disassemble EXTERNAL block location: 02b60188  
2026-07-23 03:54:44 WARN  (DecompileCallback) Decompiling 02b60190, pcode error at 02b60190: Unable to disassemble EXTERNAL block location: 02b60190  
2026-07-23 03:54:44 WARN  (DecompileCallback) Decompiling 02b60198, pcode error at 02b60198: Unable to disassemble EXTERNAL block location: 02b60198  
2026-07-23 03:54:44 WARN  (DecompileCallback) Decompiling 02b601a0, pcode error at 02b601a0: Unable to disassemble EXTERNAL block location: 02b601a0  
2026-07-23 03:54:44 WARN  (DecompileCallback) Decompiling 02b601a8, pcode error at 02b601a8: Unable to disassemble EXTERNAL block location: 02b601a8  
2026-07-23 03:54:44 WARN  (DecompileCallback) Decompiling 02b601b0, pcode error at 02b601b0: Unable to disassemble EXTERNAL block location: 02b601b0  
2026-07-23 03:54:44 WARN  (DecompileCallback) Decompiling 02b601b8, pcode error at 02b601b8: Unable to disassemble EXTERNAL block location: 02b601b8  
2026-07-23 03:54:44 WARN  (DecompileCallback) Decompiling 02b601c0, pcode error at 02b601c0: Unable to disassemble EXTERNAL block location: 02b601c0  
2026-07-23 03:54:44 WARN  (DecompileCallback) Decompiling 02b601c8, pcode error at 02b601c8: Unable to disassemble EXTERNAL block location: 02b601c8  
2026-07-23 03:54:44 WARN  (DecompileCallback) Decompiling 02b601d0, pcode error at 02b601d0: Unable to disassemble EXTERNAL block location: 02b601d0  
2026-07-23 03:54:44 WARN  (DecompileCallback) Decompiling 02b601d8, pcode error at 02b601d8: Unable to disassemble EXTERNAL block location: 02b601d8  
2026-07-23 03:54:44 WARN  (DecompileCallback) Decompiling 02b601e0, pcode error at 02b601e0: Unable to disassemble EXTERNAL block location: 02b601e0  
2026-07-23 03:54:44 WARN  (DecompileCallback) Decompiling 02b601e8, pcode error at 02b601e8: Unable to disassemble EXTERNAL block location: 02b601e8  
2026-07-23 03:54:44 WARN  (DecompileCallback) Decompiling 02b601f0, pcode error at 02b601f0: Unable to disassemble EXTERNAL block location: 02b601f0  
2026-07-23 03:54:44 WARN  (DecompileCallback) Decompiling 02b601f8, pcode error at 02b601f8: Unable to disassemble EXTERNAL block location: 02b601f8  
2026-07-23 03:54:44 WARN  (DecompileCallback) Decompiling 02b60200, pcode error at 02b60200: Unable to disassemble EXTERNAL block location: 02b60200  
2026-07-23 03:54:44 WARN  (DecompileCallback) Decompiling 02b60208, pcode error at 02b60208: Unable to disassemble EXTERNAL block location: 02b60208  
2026-07-23 03:54:44 WARN  (DecompileCallback) Decompiling 02b60210, pcode error at 02b60210: Unable to disassemble EXTERNAL block location: 02b60210  
2026-07-23 03:54:44 WARN  (DecompileCallback) Decompiling 02b60218, pcode error at 02b60218: Unable to disassemble EXTERNAL block location: 02b60218  
2026-07-23 03:54:44 WARN  (DecompileCallback) Decompiling 02b60220, pcode error at 02b60220: Unable to disassemble EXTERNAL block location: 02b60220  
2026-07-23 03:54:44 WARN  (DecompileCallback) Decompiling 02b60228, pcode error at 02b60228: Unable to disassemble EXTERNAL block location: 02b60228  
2026-07-23 03:54:44 WARN  (DecompileCallback) Decompiling 02b60230, pcode error at 02b60230: Unable to disassemble EXTERNAL block location: 02b60230  
2026-07-23 03:54:44 WARN  (DecompileCallback) Decompiling 02b60238, pcode error at 02b60238: Unable to disassemble EXTERNAL block location: 02b60238  
2026-07-23 03:54:44 WARN  (DecompileCallback) Decompiling 02b60240, pcode error at 02b60240: Unable to disassemble EXTERNAL block location: 02b60240  
2026-07-23 03:54:44 WARN  (DecompileCallback) Decompiling 02b60248, pcode error at 02b60248: Unable to disassemble EXTERNAL block location: 02b60248  
2026-07-23 03:54:44 WARN  (DecompileCallback) Decompiling 02b60250, pcode error at 02b60250: Unable to disassemble EXTERNAL block location: 02b60250  
2026-07-23 03:54:44 WARN  (DecompileCallback) Decompiling 02b60258, pcode error at 02b60258: Unable to disassemble EXTERNAL block location: 02b60258  
2026-07-23 03:54:44 WARN  (DecompileCallback) Decompiling 02b60268, pcode error at 02b60268: Unable to disassemble EXTERNAL block location: 02b60268  
2026-07-23 03:54:44 WARN  (DecompileCallback) Decompiling 02b60270, pcode error at 02b60270: Unable to disassemble EXTERNAL block location: 02b60270  
2026-07-23 03:54:44 WARN  (DecompileCallback) Decompiling 02b60278, pcode error at 02b60278: Unable to disassemble EXTERNAL block location: 02b60278  
2026-07-23 03:54:44 WARN  (DecompileCallback) Decompiling 02b60280, pcode error at 02b60280: Unable to disassemble EXTERNAL block location: 02b60280  
2026-07-23 03:54:44 WARN  (DecompileCallback) Decompiling 02b60288, pcode error at 02b60288: Unable to disassemble EXTERNAL block location: 02b60288  
2026-07-23 03:54:44 WARN  (DecompileCallback) Decompiling 02b60290, pcode error at 02b60290: Unable to disassemble EXTERNAL block location: 02b60290  
2026-07-23 03:54:44 WARN  (DecompileCallback) Decompiling 02b60298, pcode error at 02b60298: Unable to disassemble EXTERNAL block location: 02b60298  
2026-07-23 03:54:44 WARN  (DecompileCallback) Decompiling 02b602a0, pcode error at 02b602a0: Unable to disassemble EXTERNAL block location: 02b602a0  
2026-07-23 03:54:44 WARN  (DecompileCallback) Decompiling 02b602a8, pcode error at 02b602a8: Unable to disassemble EXTERNAL block location: 02b602a8  
2026-07-23 03:54:44 WARN  (DecompileCallback) Decompiling 02b602b0, pcode error at 02b602b0: Unable to disassemble EXTERNAL block location: 02b602b0  
2026-07-23 03:54:44 WARN  (DecompileCallback) Decompiling 02b602b8, pcode error at 02b602b8: Unable to disassemble EXTERNAL block location: 02b602b8  
2026-07-23 03:54:44 WARN  (DecompileCallback) Decompiling 02b602c0, pcode error at 02b602c0: Unable to disassemble EXTERNAL block location: 02b602c0  
2026-07-23 03:54:44 WARN  (DecompileCallback) Decompiling 02b602c8, pcode error at 02b602c8: Unable to disassemble EXTERNAL block location: 02b602c8  
2026-07-23 03:54:44 WARN  (DecompileCallback) Decompiling 02b602d0, pcode error at 02b602d0: Unable to disassemble EXTERNAL block location: 02b602d0  
2026-07-23 03:54:44 WARN  (DecompileCallback) Decompiling 02b602d8, pcode error at 02b602d8: Unable to disassemble EXTERNAL block location: 02b602d8  
2026-07-23 03:54:44 WARN  (DecompileCallback) Decompiling 02b602e0, pcode error at 02b602e0: Unable to disassemble EXTERNAL block location: 02b602e0  
2026-07-23 03:54:44 WARN  (DecompileCallback) Decompiling 02b602e8, pcode error at 02b602e8: Unable to disassemble EXTERNAL block location: 02b602e8  
2026-07-23 03:54:44 WARN  (DecompileCallback) Decompiling 02b602f0, pcode error at 02b602f0: Unable to disassemble EXTERNAL block location: 02b602f0  
2026-07-23 03:54:44 WARN  (DecompileCallback) Decompiling 02b602f8, pcode error at 02b602f8: Unable to disassemble EXTERNAL block location: 02b602f8  
2026-07-23 03:54:44 WARN  (DecompileCallback) Decompiling 02b60300, pcode error at 02b60300: Unable to disassemble EXTERNAL block location: 02b60300  
2026-07-23 03:54:44 WARN  (DecompileCallback) Decompiling 02b60308, pcode error at 02b60308: Unable to disassemble EXTERNAL block location: 02b60308  
2026-07-23 03:54:44 WARN  (DecompileCallback) Decompiling 02b60310, pcode error at 02b60310: Unable to disassemble EXTERNAL block location: 02b60310  
2026-07-23 03:54:44 WARN  (DecompileCallback) Decompiling 02b60318, pcode error at 02b60318: Unable to disassemble EXTERNAL block location: 02b60318  
2026-07-23 03:54:44 WARN  (DecompileCallback) Decompiling 02b60320, pcode error at 02b60320: Unable to disassemble EXTERNAL block location: 02b60320  
2026-07-23 03:54:44 WARN  (DecompileCallback) Decompiling 02b60328, pcode error at 02b60328: Unable to disassemble EXTERNAL block location: 02b60328  
2026-07-23 03:54:44 WARN  (DecompileCallback) Decompiling 02b60330, pcode error at 02b60330: Unable to disassemble EXTERNAL block location: 02b60330  
2026-07-23 03:54:44 WARN  (DecompileCallback) Decompiling 02b60338, pcode error at 02b60338: Unable to disassemble EXTERNAL block location: 02b60338  
2026-07-23 03:54:44 WARN  (DecompileCallback) Decompiling 02b60340, pcode error at 02b60340: Unable to disassemble EXTERNAL block location: 02b60340  
2026-07-23 03:54:44 WARN  (DecompileCallback) Decompiling 02b60348, pcode error at 02b60348: Unable to disassemble EXTERNAL block location: 02b60348  
2026-07-23 03:54:44 WARN  (DecompileCallback) Decompiling 02b60350, pcode error at 02b60350: Unable to disassemble EXTERNAL block location: 02b60350  
2026-07-23 03:54:44 WARN  (DecompileCallback) Decompiling 02b60358, pcode error at 02b60358: Unable to disassemble EXTERNAL block location: 02b60358  
2026-07-23 03:54:44 WARN  (DecompileCallback) Decompiling 02b60360, pcode error at 02b60360: Unable to disassemble EXTERNAL block location: 02b60360  
2026-07-23 03:54:44 WARN  (DecompileCallback) Decompiling 02b60368, pcode error at 02b60368: Unable to disassemble EXTERNAL block location: 02b60368  
2026-07-23 03:54:44 WARN  (DecompileCallback) Decompiling 02b60370, pcode error at 02b60370: Unable to disassemble EXTERNAL block location: 02b60370  
2026-07-23 03:54:44 WARN  (DecompileCallback) Decompiling 02b60378, pcode error at 02b60378: Unable to disassemble EXTERNAL block location: 02b60378  
2026-07-23 03:54:44 WARN  (DecompileCallback) Decompiling 02b60380, pcode error at 02b60380: Unable to disassemble EXTERNAL block location: 02b60380  
2026-07-23 03:54:44 WARN  (DecompileCallback) Decompiling 02b60388, pcode error at 02b60388: Unable to disassemble EXTERNAL block location: 02b60388  
2026-07-23 03:54:44 WARN  (DecompileCallback) Decompiling 02b60390, pcode error at 02b60390: Unable to disassemble EXTERNAL block location: 02b60390  
2026-07-23 03:54:44 WARN  (DecompileCallback) Decompiling 02b60398, pcode error at 02b60398: Unable to disassemble EXTERNAL block location: 02b60398  
2026-07-23 03:54:44 WARN  (DecompileCallback) Decompiling 02b603a0, pcode error at 02b603a0: Unable to disassemble EXTERNAL block location: 02b603a0  
2026-07-23 03:54:44 WARN  (DecompileCallback) Decompiling 02b603a8, pcode error at 02b603a8: Unable to disassemble EXTERNAL block location: 02b603a8  
2026-07-23 03:54:44 WARN  (DecompileCallback) Decompiling 02b603b0, pcode error at 02b603b0: Unable to disassemble EXTERNAL block location: 02b603b0  
2026-07-23 03:54:44 WARN  (DecompileCallback) Decompiling 02b603c0, pcode error at 02b603c0: Unable to disassemble EXTERNAL block location: 02b603c0  
2026-07-23 03:54:44 WARN  (DecompileCallback) Decompiling 02b603c8, pcode error at 02b603c8: Unable to disassemble EXTERNAL block location: 02b603c8  
2026-07-23 03:54:44 WARN  (DecompileCallback) Decompiling 02b603d0, pcode error at 02b603d0: Unable to disassemble EXTERNAL block location: 02b603d0  
2026-07-23 03:54:44 WARN  (DecompileCallback) Decompiling 02b603d8, pcode error at 02b603d8: Unable to disassemble EXTERNAL block location: 02b603d8  
2026-07-23 03:54:44 WARN  (DecompileCallback) Decompiling 02b603e0, pcode error at 02b603e0: Unable to disassemble EXTERNAL block location: 02b603e0  
2026-07-23 03:54:44 WARN  (DecompileCallback) Decompiling 02b603e8, pcode error at 02b603e8: Unable to disassemble EXTERNAL block location: 02b603e8  
2026-07-23 03:54:44 WARN  (DecompileCallback) Decompiling 02b603f0, pcode error at 02b603f0: Unable to disassemble EXTERNAL block location: 02b603f0  
2026-07-23 03:54:44 WARN  (DecompileCallback) Decompiling 02b603f8, pcode error at 02b603f8: Unable to disassemble EXTERNAL block location: 02b603f8  
2026-07-23 03:54:44 WARN  (DecompileCallback) Decompiling 02b60400, pcode error at 02b60400: Unable to disassemble EXTERNAL block location: 02b60400  
2026-07-23 03:54:44 WARN  (DecompileCallback) Decompiling 02b60408, pcode error at 02b60408: Unable to disassemble EXTERNAL block location: 02b60408  
2026-07-23 03:54:44 WARN  (DecompileCallback) Decompiling 02b60410, pcode error at 02b60410: Unable to disassemble EXTERNAL block location: 02b60410  
2026-07-23 03:54:44 WARN  (DecompileCallback) Decompiling 02b60418, pcode error at 02b60418: Unable to disassemble EXTERNAL block location: 02b60418  
2026-07-23 03:54:44 WARN  (DecompileCallback) Decompiling 02b60420, pcode error at 02b60420: Unable to disassemble EXTERNAL block location: 02b60420  
2026-07-23 03:54:44 WARN  (DecompileCallback) Decompiling 02b60428, pcode error at 02b60428: Unable to disassemble EXTERNAL block location: 02b60428  
2026-07-23 03:54:44 WARN  (DecompileCallback) Decompiling 02b60430, pcode error at 02b60430: Unable to disassemble EXTERNAL block location: 02b60430  
2026-07-23 03:54:44 WARN  (DecompileCallback) Decompiling 02b60438, pcode error at 02b60438: Unable to disassemble EXTERNAL block location: 02b60438  
2026-07-23 03:54:44 WARN  (DecompileCallback) Decompiling 02b60440, pcode error at 02b60440: Unable to disassemble EXTERNAL block location: 02b60440  
2026-07-23 03:54:44 WARN  (DecompileCallback) Decompiling 02b60448, pcode error at 02b60448: Unable to disassemble EXTERNAL block location: 02b60448  
2026-07-23 03:54:44 WARN  (DecompileCallback) Decompiling 02b60450, pcode error at 02b60450: Unable to disassemble EXTERNAL block location: 02b60450  
2026-07-23 03:54:44 WARN  (DecompileCallback) Decompiling 02b60458, pcode error at 02b60458: Unable to disassemble EXTERNAL block location: 02b60458  
2026-07-23 03:54:44 WARN  (DecompileCallback) Decompiling 02b60460, pcode error at 02b60460: Unable to disassemble EXTERNAL block location: 02b60460  
2026-07-23 03:54:44 WARN  (DecompileCallback) Decompiling 02b60468, pcode error at 02b60468: Unable to disassemble EXTERNAL block location: 02b60468  
2026-07-23 03:54:44 WARN  (DecompileCallback) Decompiling 02b60470, pcode error at 02b60470: Unable to disassemble EXTERNAL block location: 02b60470  
2026-07-23 03:54:44 WARN  (DecompileCallback) Decompiling 02b60478, pcode error at 02b60478: Unable to disassemble EXTERNAL block location: 02b60478  
2026-07-23 03:54:44 WARN  (DecompileCallback) Decompiling 02b60480, pcode error at 02b60480: Unable to disassemble EXTERNAL block location: 02b60480  
2026-07-23 03:54:44 WARN  (DecompileCallback) Decompiling 02b60488, pcode error at 02b60488: Unable to disassemble EXTERNAL block location: 02b60488  
2026-07-23 03:54:44 WARN  (DecompileCallback) Decompiling 02b60490, pcode error at 02b60490: Unable to disassemble EXTERNAL block location: 02b60490  
2026-07-23 03:54:44 WARN  (DecompileCallback) Decompiling 02b60498, pcode error at 02b60498: Unable to disassemble EXTERNAL block location: 02b60498  
2026-07-23 03:54:45 WARN  (DecompileCallback) Decompiling 02b604a0, pcode error at 02b604a0: Unable to disassemble EXTERNAL block location: 02b604a0  
2026-07-23 03:54:45 WARN  (DecompileCallback) Decompiling 02b604a8, pcode error at 02b604a8: Unable to disassemble EXTERNAL block location: 02b604a8  
2026-07-23 03:54:45 WARN  (DecompileCallback) Decompiling 02b604b0, pcode error at 02b604b0: Unable to disassemble EXTERNAL block location: 02b604b0  
2026-07-23 03:54:45 WARN  (DecompileCallback) Decompiling 02b604b8, pcode error at 02b604b8: Unable to disassemble EXTERNAL block location: 02b604b8  
2026-07-23 03:54:45 WARN  (DecompileCallback) Decompiling 02b604c0, pcode error at 02b604c0: Unable to disassemble EXTERNAL block location: 02b604c0  
2026-07-23 03:54:45 WARN  (DecompileCallback) Decompiling 02b604c8, pcode error at 02b604c8: Unable to disassemble EXTERNAL block location: 02b604c8  
2026-07-23 03:54:45 WARN  (DecompileCallback) Decompiling 02b604d0, pcode error at 02b604d0: Unable to disassemble EXTERNAL block location: 02b604d0  
2026-07-23 03:54:45 WARN  (DecompileCallback) Decompiling 02b604d8, pcode error at 02b604d8: Unable to disassemble EXTERNAL block location: 02b604d8  
2026-07-23 03:54:45 WARN  (DecompileCallback) Decompiling 02b604e0, pcode error at 02b604e0: Unable to disassemble EXTERNAL block location: 02b604e0  
2026-07-23 03:54:45 WARN  (DecompileCallback) Decompiling 02b604e8, pcode error at 02b604e8: Unable to disassemble EXTERNAL block location: 02b604e8  
2026-07-23 03:54:45 WARN  (DecompileCallback) Decompiling 02b604f0, pcode error at 02b604f0: Unable to disassemble EXTERNAL block location: 02b604f0  
2026-07-23 03:54:45 WARN  (DecompileCallback) Decompiling 02b604f8, pcode error at 02b604f8: Unable to disassemble EXTERNAL block location: 02b604f8  
2026-07-23 03:54:45 WARN  (DecompileCallback) Decompiling 02b60500, pcode error at 02b60500: Unable to disassemble EXTERNAL block location: 02b60500  
2026-07-23 03:54:45 WARN  (DecompileCallback) Decompiling 02b60508, pcode error at 02b60508: Unable to disassemble EXTERNAL block location: 02b60508  
2026-07-23 03:54:45 WARN  (DecompileCallback) Decompiling 02b60510, pcode error at 02b60510: Unable to disassemble EXTERNAL block location: 02b60510  
2026-07-23 03:54:45 WARN  (DecompileCallback) Decompiling 02b60518, pcode error at 02b60518: Unable to disassemble EXTERNAL block location: 02b60518  
2026-07-23 03:54:45 WARN  (DecompileCallback) Decompiling 02b60520, pcode error at 02b60520: Unable to disassemble EXTERNAL block location: 02b60520  
2026-07-23 03:54:45 WARN  (DecompileCallback) Decompiling 02b60528, pcode error at 02b60528: Unable to disassemble EXTERNAL block location: 02b60528  
2026-07-23 03:54:45 WARN  (DecompileCallback) Decompiling 02b60530, pcode error at 02b60530: Unable to disassemble EXTERNAL block location: 02b60530  
2026-07-23 03:54:45 WARN  (DecompileCallback) Decompiling 02b60538, pcode error at 02b60538: Unable to disassemble EXTERNAL block location: 02b60538  
2026-07-23 03:54:45 WARN  (DecompileCallback) Decompiling 02b60540, pcode error at 02b60540: Unable to disassemble EXTERNAL block location: 02b60540  
2026-07-23 03:54:45 WARN  (DecompileCallback) Decompiling 02b60548, pcode error at 02b60548: Unable to disassemble EXTERNAL block location: 02b60548  
2026-07-23 03:54:45 WARN  (DecompileCallback) Decompiling 02b60550, pcode error at 02b60550: Unable to disassemble EXTERNAL block location: 02b60550  
2026-07-23 03:54:45 WARN  (DecompileCallback) Decompiling 02b60558, pcode error at 02b60558: Unable to disassemble EXTERNAL block location: 02b60558  
2026-07-23 03:54:45 WARN  (DecompileCallback) Decompiling 02b60560, pcode error at 02b60560: Unable to disassemble EXTERNAL block location: 02b60560  
2026-07-23 03:54:45 WARN  (DecompileCallback) Decompiling 02b60568, pcode error at 02b60568: Unable to disassemble EXTERNAL block location: 02b60568  
2026-07-23 03:54:45 WARN  (DecompileCallback) Decompiling 02b60570, pcode error at 02b60570: Unable to disassemble EXTERNAL block location: 02b60570  
2026-07-23 03:54:45 WARN  (DecompileCallback) Decompiling 02b60578, pcode error at 02b60578: Unable to disassemble EXTERNAL block location: 02b60578  
2026-07-23 03:54:45 WARN  (DecompileCallback) Decompiling 02b60580, pcode error at 02b60580: Unable to disassemble EXTERNAL block location: 02b60580  
2026-07-23 03:54:45 WARN  (DecompileCallback) Decompiling 02b60588, pcode error at 02b60588: Unable to disassemble EXTERNAL block location: 02b60588  
2026-07-23 03:54:45 WARN  (DecompileCallback) Decompiling 02b60590, pcode error at 02b60590: Unable to disassemble EXTERNAL block location: 02b60590  
2026-07-23 03:54:45 WARN  (DecompileCallback) Decompiling 02b60598, pcode error at 02b60598: Unable to disassemble EXTERNAL block location: 02b60598  
2026-07-23 03:54:45 WARN  (DecompileCallback) Decompiling 02b605a0, pcode error at 02b605a0: Unable to disassemble EXTERNAL block location: 02b605a0  
2026-07-23 03:54:45 WARN  (DecompileCallback) Decompiling 02b605a8, pcode error at 02b605a8: Unable to disassemble EXTERNAL block location: 02b605a8  
2026-07-23 03:54:45 WARN  (DecompileCallback) Decompiling 02b605b0, pcode error at 02b605b0: Unable to disassemble EXTERNAL block location: 02b605b0  
2026-07-23 03:54:45 WARN  (DecompileCallback) Decompiling 02b605b8, pcode error at 02b605b8: Unable to disassemble EXTERNAL block location: 02b605b8  
2026-07-23 03:54:45 WARN  (DecompileCallback) Decompiling 02b605c0, pcode error at 02b605c0: Unable to disassemble EXTERNAL block location: 02b605c0  
2026-07-23 03:54:45 WARN  (DecompileCallback) Decompiling 02b605c8, pcode error at 02b605c8: Unable to disassemble EXTERNAL block location: 02b605c8  
2026-07-23 03:54:45 WARN  (DecompileCallback) Decompiling 02b605d0, pcode error at 02b605d0: Unable to disassemble EXTERNAL block location: 02b605d0  
2026-07-23 03:54:45 WARN  (DecompileCallback) Decompiling 02b605d8, pcode error at 02b605d8: Unable to disassemble EXTERNAL block location: 02b605d8  
2026-07-23 03:54:45 WARN  (DecompileCallback) Decompiling 02b605e0, pcode error at 02b605e0: Unable to disassemble EXTERNAL block location: 02b605e0  
2026-07-23 03:54:45 WARN  (DecompileCallback) Decompiling 02b605e8, pcode error at 02b605e8: Unable to disassemble EXTERNAL block location: 02b605e8  
2026-07-23 03:54:45 WARN  (DecompileCallback) Decompiling 02b605f0, pcode error at 02b605f0: Unable to disassemble EXTERNAL block location: 02b605f0  
2026-07-23 03:54:45 WARN  (DecompileCallback) Decompiling 02b605f8, pcode error at 02b605f8: Unable to disassemble EXTERNAL block location: 02b605f8  
2026-07-23 03:54:45 WARN  (DecompileCallback) Decompiling 02b60600, pcode error at 02b60600: Unable to disassemble EXTERNAL block location: 02b60600  
2026-07-23 03:54:45 WARN  (DecompileCallback) Decompiling 02b60608, pcode error at 02b60608: Unable to disassemble EXTERNAL block location: 02b60608  
2026-07-23 03:54:45 WARN  (DecompileCallback) Decompiling 02b60610, pcode error at 02b60610: Unable to disassemble EXTERNAL block location: 02b60610  
2026-07-23 03:54:45 WARN  (DecompileCallback) Decompiling 02b60618, pcode error at 02b60618: Unable to disassemble EXTERNAL block location: 02b60618  
2026-07-23 03:54:45 WARN  (DecompileCallback) Decompiling 02b60620, pcode error at 02b60620: Unable to disassemble EXTERNAL block location: 02b60620  
2026-07-23 03:54:45 WARN  (DecompileCallback) Decompiling 02b60628, pcode error at 02b60628: Unable to disassemble EXTERNAL block location: 02b60628  
2026-07-23 03:54:45 WARN  (DecompileCallback) Decompiling 02b60630, pcode error at 02b60630: Unable to disassemble EXTERNAL block location: 02b60630  
2026-07-23 03:54:45 WARN  (DecompileCallback) Decompiling 02b60638, pcode error at 02b60638: Unable to disassemble EXTERNAL block location: 02b60638  
2026-07-23 03:54:45 WARN  (DecompileCallback) Decompiling 02b60640, pcode error at 02b60640: Unable to disassemble EXTERNAL block location: 02b60640  
2026-07-23 03:54:45 WARN  (DecompileCallback) Decompiling 02b60648, pcode error at 02b60648: Unable to disassemble EXTERNAL block location: 02b60648  
2026-07-23 03:54:45 WARN  (DecompileCallback) Decompiling 02b60650, pcode error at 02b60650: Unable to disassemble EXTERNAL block location: 02b60650  
2026-07-23 03:54:45 WARN  (DecompileCallback) Decompiling 02b60658, pcode error at 02b60658: Unable to disassemble EXTERNAL block location: 02b60658  
2026-07-23 03:54:45 WARN  (DecompileCallback) Decompiling 02b60660, pcode error at 02b60660: Unable to disassemble EXTERNAL block location: 02b60660  
2026-07-23 03:54:45 WARN  (DecompileCallback) Decompiling 02b60668, pcode error at 02b60668: Unable to disassemble EXTERNAL block location: 02b60668  
2026-07-23 03:54:45 WARN  (DecompileCallback) Decompiling 02b60670, pcode error at 02b60670: Unable to disassemble EXTERNAL block location: 02b60670  
2026-07-23 03:54:45 WARN  (DecompileCallback) Decompiling 02b60678, pcode error at 02b60678: Unable to disassemble EXTERNAL block location: 02b60678  
2026-07-23 03:54:45 WARN  (DecompileCallback) Decompiling 02b60680, pcode error at 02b60680: Unable to disassemble EXTERNAL block location: 02b60680  
2026-07-23 03:54:45 WARN  (DecompileCallback) Decompiling 02b60688, pcode error at 02b60688: Unable to disassemble EXTERNAL block location: 02b60688  
2026-07-23 03:54:45 WARN  (DecompileCallback) Decompiling 02b60690, pcode error at 02b60690: Unable to disassemble EXTERNAL block location: 02b60690  
2026-07-23 03:54:45 WARN  (DecompileCallback) Decompiling 02b60698, pcode error at 02b60698: Unable to disassemble EXTERNAL block location: 02b60698  
2026-07-23 03:54:45 WARN  (DecompileCallback) Decompiling 02b606a0, pcode error at 02b606a0: Unable to disassemble EXTERNAL block location: 02b606a0  
2026-07-23 03:54:45 WARN  (DecompileCallback) Decompiling 02b606a8, pcode error at 02b606a8: Unable to disassemble EXTERNAL block location: 02b606a8  
2026-07-23 03:54:45 WARN  (DecompileCallback) Decompiling 02b606b0, pcode error at 02b606b0: Unable to disassemble EXTERNAL block location: 02b606b0  
2026-07-23 03:54:45 WARN  (DecompileCallback) Decompiling 02b606b8, pcode error at 02b606b8: Unable to disassemble EXTERNAL block location: 02b606b8  
2026-07-23 03:54:45 WARN  (DecompileCallback) Decompiling 02b606c0, pcode error at 02b606c0: Unable to disassemble EXTERNAL block location: 02b606c0  
2026-07-23 03:54:45 WARN  (DecompileCallback) Decompiling 02b606c8, pcode error at 02b606c8: Unable to disassemble EXTERNAL block location: 02b606c8  
2026-07-23 03:54:45 WARN  (DecompileCallback) Decompiling 02b606d0, pcode error at 02b606d0: Unable to disassemble EXTERNAL block location: 02b606d0  
2026-07-23 03:54:45 WARN  (DecompileCallback) Decompiling 02b606d8, pcode error at 02b606d8: Unable to disassemble EXTERNAL block location: 02b606d8  
2026-07-23 03:54:45 WARN  (DecompileCallback) Decompiling 02b606e0, pcode error at 02b606e0: Unable to disassemble EXTERNAL block location: 02b606e0  
2026-07-23 03:54:45 WARN  (DecompileCallback) Decompiling 02b606e8, pcode error at 02b606e8: Unable to disassemble EXTERNAL block location: 02b606e8  
2026-07-23 03:54:45 WARN  (DecompileCallback) Decompiling 02b606f0, pcode error at 02b606f0: Unable to disassemble EXTERNAL block location: 02b606f0  
2026-07-23 03:54:45 WARN  (DecompileCallback) Decompiling 02b606f8, pcode error at 02b606f8: Unable to disassemble EXTERNAL block location: 02b606f8  
2026-07-23 03:54:45 WARN  (DecompileCallback) Decompiling 02b60700, pcode error at 02b60700: Unable to disassemble EXTERNAL block location: 02b60700  
2026-07-23 03:54:45 WARN  (DecompileCallback) Decompiling 02b60708, pcode error at 02b60708: Unable to disassemble EXTERNAL block location: 02b60708  
2026-07-23 03:54:45 WARN  (DecompileCallback) Decompiling 02b60710, pcode error at 02b60710: Unable to disassemble EXTERNAL block location: 02b60710  
2026-07-23 03:54:45 WARN  (DecompileCallback) Decompiling 02b60718, pcode error at 02b60718: Unable to disassemble EXTERNAL block location: 02b60718  
2026-07-23 03:54:45 WARN  (DecompileCallback) Decompiling 02b60720, pcode error at 02b60720: Unable to disassemble EXTERNAL block location: 02b60720  
2026-07-23 03:54:45 WARN  (DecompileCallback) Decompiling 02b60728, pcode error at 02b60728: Unable to disassemble EXTERNAL block location: 02b60728  
2026-07-23 03:54:45 WARN  (DecompileCallback) Decompiling 02b60730, pcode error at 02b60730: Unable to disassemble EXTERNAL block location: 02b60730  
2026-07-23 03:54:45 WARN  (DecompileCallback) Decompiling 02b60738, pcode error at 02b60738: Unable to disassemble EXTERNAL block location: 02b60738  
2026-07-23 03:54:45 WARN  (DecompileCallback) Decompiling 02b60740, pcode error at 02b60740: Unable to disassemble EXTERNAL block location: 02b60740  
2026-07-23 03:54:45 WARN  (DecompileCallback) Decompiling 02b60748, pcode error at 02b60748: Unable to disassemble EXTERNAL block location: 02b60748  
2026-07-23 03:54:45 WARN  (DecompileCallback) Decompiling 02b60750, pcode error at 02b60750: Unable to disassemble EXTERNAL block location: 02b60750  
2026-07-23 03:54:45 WARN  (DecompileCallback) Decompiling 02b60758, pcode error at 02b60758: Unable to disassemble EXTERNAL block location: 02b60758  
2026-07-23 03:54:45 WARN  (DecompileCallback) Decompiling 02b60760, pcode error at 02b60760: Unable to disassemble EXTERNAL block location: 02b60760  
2026-07-23 03:54:45 WARN  (DecompileCallback) Decompiling 02b60768, pcode error at 02b60768: Unable to disassemble EXTERNAL block location: 02b60768  
2026-07-23 03:54:45 WARN  (DecompileCallback) Decompiling 02b60770, pcode error at 02b60770: Unable to disassemble EXTERNAL block location: 02b60770  
2026-07-23 03:54:45 WARN  (DecompileCallback) Decompiling 02b60778, pcode error at 02b60778: Unable to disassemble EXTERNAL block location: 02b60778  
2026-07-23 03:54:45 WARN  (DecompileCallback) Decompiling 02b60780, pcode error at 02b60780: Unable to disassemble EXTERNAL block location: 02b60780  
2026-07-23 03:54:45 WARN  (DecompileCallback) Decompiling 02b60788, pcode error at 02b60788: Unable to disassemble EXTERNAL block location: 02b60788  
2026-07-23 03:54:45 WARN  (DecompileCallback) Decompiling 02b60790, pcode error at 02b60790: Unable to disassemble EXTERNAL block location: 02b60790  
2026-07-23 03:54:45 WARN  (DecompileCallback) Decompiling 02b60798, pcode error at 02b60798: Unable to disassemble EXTERNAL block location: 02b60798  
2026-07-23 03:54:45 WARN  (DecompileCallback) Decompiling 02b607a0, pcode error at 02b607a0: Unable to disassemble EXTERNAL block location: 02b607a0  
2026-07-23 03:54:45 WARN  (DecompileCallback) Decompiling 02b607a8, pcode error at 02b607a8: Unable to disassemble EXTERNAL block location: 02b607a8  
2026-07-23 03:54:45 WARN  (DecompileCallback) Decompiling 02b607b0, pcode error at 02b607b0: Unable to disassemble EXTERNAL block location: 02b607b0  
2026-07-23 03:54:45 WARN  (DecompileCallback) Decompiling 02b607b8, pcode error at 02b607b8: Unable to disassemble EXTERNAL block location: 02b607b8  
2026-07-23 03:54:45 WARN  (DecompileCallback) Decompiling 02b607c0, pcode error at 02b607c0: Unable to disassemble EXTERNAL block location: 02b607c0  
2026-07-23 03:54:45 WARN  (DecompileCallback) Decompiling 02b607c8, pcode error at 02b607c8: Unable to disassemble EXTERNAL block location: 02b607c8  
2026-07-23 03:54:45 WARN  (DecompileCallback) Decompiling 02b607d0, pcode error at 02b607d0: Unable to disassemble EXTERNAL block location: 02b607d0  
2026-07-23 03:54:45 WARN  (DecompileCallback) Decompiling 02b607d8, pcode error at 02b607d8: Unable to disassemble EXTERNAL block location: 02b607d8  
2026-07-23 03:54:45 WARN  (DecompileCallback) Decompiling 02b607e0, pcode error at 02b607e0: Unable to disassemble EXTERNAL block location: 02b607e0  
2026-07-23 03:54:45 WARN  (DecompileCallback) Decompiling 02b607e8, pcode error at 02b607e8: Unable to disassemble EXTERNAL block location: 02b607e8  
2026-07-23 03:54:45 WARN  (DecompileCallback) Decompiling 02b607f0, pcode error at 02b607f0: Unable to disassemble EXTERNAL block location: 02b607f0  
2026-07-23 03:54:45 WARN  (DecompileCallback) Decompiling 02b607f8, pcode error at 02b607f8: Unable to disassemble EXTERNAL block location: 02b607f8  
2026-07-23 03:54:45 WARN  (DecompileCallback) Decompiling 02b60800, pcode error at 02b60800: Unable to disassemble EXTERNAL block location: 02b60800  
2026-07-23 03:54:45 WARN  (DecompileCallback) Decompiling 02b60808, pcode error at 02b60808: Unable to disassemble EXTERNAL block location: 02b60808  
2026-07-23 03:54:45 WARN  (DecompileCallback) Decompiling 02b60810, pcode error at 02b60810: Unable to disassemble EXTERNAL block location: 02b60810  
2026-07-23 03:54:45 WARN  (DecompileCallback) Decompiling 02b60818, pcode error at 02b60818: Unable to disassemble EXTERNAL block location: 02b60818  
2026-07-23 03:54:45 WARN  (DecompileCallback) Decompiling 02b60820, pcode error at 02b60820: Unable to disassemble EXTERNAL block location: 02b60820  
2026-07-23 03:54:45 WARN  (DecompileCallback) Decompiling 02b60828, pcode error at 02b60828: Unable to disassemble EXTERNAL block location: 02b60828  
2026-07-23 03:54:45 WARN  (DecompileCallback) Decompiling 02b60830, pcode error at 02b60830: Unable to disassemble EXTERNAL block location: 02b60830  
2026-07-23 03:54:45 WARN  (DecompileCallback) Decompiling 02b60838, pcode error at 02b60838: Unable to disassemble EXTERNAL block location: 02b60838  
2026-07-23 03:54:45 WARN  (DecompileCallback) Decompiling 02b60840, pcode error at 02b60840: Unable to disassemble EXTERNAL block location: 02b60840  
2026-07-23 03:54:45 WARN  (DecompileCallback) Decompiling 02b60848, pcode error at 02b60848: Unable to disassemble EXTERNAL block location: 02b60848  
2026-07-23 03:54:45 WARN  (DecompileCallback) Decompiling 02b60850, pcode error at 02b60850: Unable to disassemble EXTERNAL block location: 02b60850  
2026-07-23 03:54:45 WARN  (DecompileCallback) Decompiling 02b60858, pcode error at 02b60858: Unable to disassemble EXTERNAL block location: 02b60858  
2026-07-23 03:54:45 WARN  (DecompileCallback) Decompiling 02b60860, pcode error at 02b60860: Unable to disassemble EXTERNAL block location: 02b60860  
2026-07-23 03:54:45 WARN  (DecompileCallback) Decompiling 02b60868, pcode error at 02b60868: Unable to disassemble EXTERNAL block location: 02b60868  
2026-07-23 03:54:45 WARN  (DecompileCallback) Decompiling 02b60870, pcode error at 02b60870: Unable to disassemble EXTERNAL block location: 02b60870  
2026-07-23 03:54:45 WARN  (DecompileCallback) Decompiling 02b60878, pcode error at 02b60878: Unable to disassemble EXTERNAL block location: 02b60878  
2026-07-23 03:54:45 WARN  (DecompileCallback) Decompiling 02b60880, pcode error at 02b60880: Unable to disassemble EXTERNAL block location: 02b60880  
2026-07-23 03:54:45 WARN  (DecompileCallback) Decompiling 02b60888, pcode error at 02b60888: Unable to disassemble EXTERNAL block location: 02b60888  
2026-07-23 03:54:45 WARN  (DecompileCallback) Decompiling 02b60890, pcode error at 02b60890: Unable to disassemble EXTERNAL block location: 02b60890  
2026-07-23 03:54:45 WARN  (DecompileCallback) Decompiling 02b60898, pcode error at 02b60898: Unable to disassemble EXTERNAL block location: 02b60898  
2026-07-23 03:54:45 WARN  (DecompileCallback) Decompiling 02b608a0, pcode error at 02b608a0: Unable to disassemble EXTERNAL block location: 02b608a0  
2026-07-23 03:54:45 WARN  (DecompileCallback) Decompiling 02b608a8, pcode error at 02b608a8: Unable to disassemble EXTERNAL block location: 02b608a8  
2026-07-23 03:54:45 WARN  (DecompileCallback) Decompiling 02b608b0, pcode error at 02b608b0: Unable to disassemble EXTERNAL block location: 02b608b0  
2026-07-23 03:54:45 WARN  (DecompileCallback) Decompiling 02b608b8, pcode error at 02b608b8: Unable to disassemble EXTERNAL block location: 02b608b8  
2026-07-23 03:54:45 WARN  (DecompileCallback) Decompiling 02b608c0, pcode error at 02b608c0: Unable to disassemble EXTERNAL block location: 02b608c0  
2026-07-23 03:54:45 WARN  (DecompileCallback) Decompiling 02b608c8, pcode error at 02b608c8: Unable to disassemble EXTERNAL block location: 02b608c8  
2026-07-23 03:54:45 WARN  (DecompileCallback) Decompiling 02b608d0, pcode error at 02b608d0: Unable to disassemble EXTERNAL block location: 02b608d0  
2026-07-23 03:54:45 WARN  (DecompileCallback) Decompiling 02b608d8, pcode error at 02b608d8: Unable to disassemble EXTERNAL block location: 02b608d8  
2026-07-23 03:54:45 WARN  (DecompileCallback) Decompiling 02b608e0, pcode error at 02b608e0: Unable to disassemble EXTERNAL block location: 02b608e0  
2026-07-23 03:54:45 WARN  (DecompileCallback) Decompiling 02b608e8, pcode error at 02b608e8: Unable to disassemble EXTERNAL block location: 02b608e8  
2026-07-23 03:54:45 WARN  (DecompileCallback) Decompiling 02b608f0, pcode error at 02b608f0: Unable to disassemble EXTERNAL block location: 02b608f0  
2026-07-23 03:54:45 WARN  (DecompileCallback) Decompiling 02b608f8, pcode error at 02b608f8: Unable to disassemble EXTERNAL block location: 02b608f8  
2026-07-23 03:54:45 WARN  (DecompileCallback) Decompiling 02b60900, pcode error at 02b60900: Unable to disassemble EXTERNAL block location: 02b60900  
2026-07-23 03:54:45 WARN  (DecompileCallback) Decompiling 02b60908, pcode error at 02b60908: Unable to disassemble EXTERNAL block location: 02b60908  
2026-07-23 03:54:45 INFO  (GhidraScript) GeneralStructureEyePatternScan.java> General structure scan complete.  
2026-07-23 03:54:45 INFO  (GhidraScript) GeneralStructureEyePatternScan.java> Total functions scanned: 262973  
2026-07-23 03:54:45 INFO  (GhidraScript) GeneralStructureEyePatternScan.java> Exported functions: 845  
2026-07-23 03:54:45 INFO  (GhidraScript) GeneralStructureEyePatternScan.java> Decompile failures: 213  
2026-07-23 03:54:45 INFO  (GhidraScript) GeneralStructureEyePatternScan.java> Report CSV: C:\realDesktop\manifest-evaluations\summer-26\ghidra-pipeline\il2cpp-files\TitansClinicFreeDemo\general-structure-results\structure_scan_report.csv  
2026-07-23 03:54:45 INFO  (GhidraScript) GeneralStructureEyePatternScan.java> Report JSON: C:\realDesktop\manifest-evaluations\summer-26\ghidra-pipeline\il2cpp-files\TitansClinicFreeDemo\general-structure-results\structure_scan_report.json  
2026-07-23 03:54:45 INFO  (HeadlessAnalyzer) REPORT: Save succeeded for processed file: /TitansClinicFreeDemo-libil2cpp.so  
