2026-07-18 15:32:42 INFO  (LoggingInitialization) Using log config file: jar:file:/C:/Users/kimgiordano27/Downloads/ghidra_12.1.2_PUBLIC_20260605/ghidra_12.1.2_PUBLIC/Ghidra/Framework/Generic/lib/Generic.jar!/generic.log4j.xml  
2026-07-18 15:32:42 INFO  (LoggingInitialization) Using log file: C:\realDesktop\manifest-evaluations\summer-26\ghidra-pipeline\il2cpp-files\MRTraveler\general-structure-ghidra.log  
2026-07-18 15:32:42 DEBUG (GhidraObjectInputFilter) Including serial input filter: FileSystem/data/client.rmi.serial.filter  
2026-07-18 15:32:42 INFO  (Preferences) Loading user preferences: C:\Users\kimgiordano27\AppData\Roaming\ghidra\ghidra_12.1.2_PUBLIC\preferences  
2026-07-18 15:32:42 INFO  (ClassSearcher) Searching for classes...  
2026-07-18 15:32:43 INFO  (ClassSearcher) Class search complete (531 ms)  
2026-07-18 15:32:43 INFO  (DefaultSSLContextInitializer) Initializing SSL Context  
2026-07-18 15:32:43 INFO  (SecureRandomFactory) Initializing Random Number Generator...  
2026-07-18 15:32:43 INFO  (SecureRandomFactory) Random Number Generator initialization complete: SHA1PRNG  
2026-07-18 15:32:43 INFO  (DefaultTrustManagerFactory) Trust manager disabled, cacerts have not been set  
2026-07-18 15:32:43 INFO  (AnalyzeHeadless) Headless startup complete (1586 ms)  
2026-07-18 15:32:43 INFO  (ClassSearcher) Class searcher loaded 59 extension points (20 false positives)  
2026-07-18 15:32:43 INFO  (HeadlessAnalyzer) HEADLESS Script Paths:
    C:\Users\kimgiordano27\Downloads\ghidra_12.1.2_PUBLIC_20260605\ghidra_12.1.2_PUBLIC\Ghidra\Features\DecompilerDependent\ghidra_scripts
    C:\Users\kimgiordano27\Downloads\ghidra_12.1.2_PUBLIC_20260605\ghidra_12.1.2_PUBLIC\Ghidra\Processors\Atmel\ghidra_scripts
    C:\Users\kimgiordano27\Downloads\ghidra_12.1.2_PUBLIC_20260605\ghidra_12.1.2_PUBLIC\Ghidra\Processors\PIC\ghidra_scripts
    C:\Users\kimgiordano27\Downloads\ghidra_12.1.2_PUBLIC_20260605\ghidra_12.1.2_PUBLIC\Ghidra\Features\VersionTracking\ghidra_scripts
    C:\Users\kimgiordano27\Downloads\ghidra_12.1.2_PUBLIC_20260605\ghidra_12.1.2_PUBLIC\Ghidra\Features\BytePatterns\ghidra_scripts
    C:\Users\kimgiordano27\ghidra_scripts
    C:\Users\kimgiordano27\Downloads\ghidra_12.1.2_PUBLIC_20260605\ghidra_12.1.2_PUBLIC\Ghidra\Features\BSim\ghidra_scripts
    C:\realDesktop\manifest-evaluations\summer-26\ghidra-pipeline\ghidra-export-scripts
    C:\Users\kimgiordano27\Downloads\ghidra_12.1.2_PUBLIC_20260605\ghidra_12.1.2_PUBLIC\Ghidra\Processors\JVM\ghidra_scripts
    C:\Users\kimgiordano27\Downloads\ghidra_12.1.2_PUBLIC_20260605\ghidra_12.1.2_PUBLIC\Ghidra\Features\Base\ghidra_scripts
    C:\Users\kimgiordano27\Downloads\ghidra_12.1.2_PUBLIC_20260605\ghidra_12.1.2_PUBLIC\Ghidra\Features\SwiftDemangler\ghidra_scripts
    C:\Users\kimgiordano27\Downloads\ghidra_12.1.2_PUBLIC_20260605\ghidra_12.1.2_PUBLIC\Ghidra\Features\WildcardAssembler\ghidra_scripts
    C:\Users\kimgiordano27\Downloads\ghidra_12.1.2_PUBLIC_20260605\ghidra_12.1.2_PUBLIC\Ghidra\Features\FileFormats\ghidra_scripts
    C:\Users\kimgiordano27\Downloads\ghidra_12.1.2_PUBLIC_20260605\ghidra_12.1.2_PUBLIC\Ghidra\Features\Decompiler\ghidra_scripts
    C:\Users\kimgiordano27\Downloads\ghidra_12.1.2_PUBLIC_20260605\ghidra_12.1.2_PUBLIC\Ghidra\Features\SystemEmulation\ghidra_scripts
    C:\Users\kimgiordano27\Downloads\ghidra_12.1.2_PUBLIC_20260605\ghidra_12.1.2_PUBLIC\Ghidra\Processors\8051\ghidra_scripts
    C:\Users\kimgiordano27\Downloads\ghidra_12.1.2_PUBLIC_20260605\ghidra_12.1.2_PUBLIC\Ghidra\Features\GnuDemangler\ghidra_scripts
    C:\Users\kimgiordano27\Downloads\ghidra_12.1.2_PUBLIC_20260605\ghidra_12.1.2_PUBLIC\Ghidra\Debug\Debugger\ghidra_scripts
    C:\Users\kimgiordano27\Downloads\ghidra_12.1.2_PUBLIC_20260605\ghidra_12.1.2_PUBLIC\Ghidra\Processors\DATA\ghidra_scripts
    C:\Users\kimgiordano27\Downloads\ghidra_12.1.2_PUBLIC_20260605\ghidra_12.1.2_PUBLIC\Ghidra\Debug\Debugger-rmi-trace\ghidra_scripts
    C:\Users\kimgiordano27\Downloads\ghidra_12.1.2_PUBLIC_20260605\ghidra_12.1.2_PUBLIC\Ghidra\Features\FunctionID\ghidra_scripts
    C:\Users\kimgiordano27\Downloads\ghidra_12.1.2_PUBLIC_20260605\ghidra_12.1.2_PUBLIC\Ghidra\Features\MicrosoftCodeAnalyzer\ghidra_scripts
    C:\Users\kimgiordano27\Downloads\ghidra_12.1.2_PUBLIC_20260605\ghidra_12.1.2_PUBLIC\Ghidra\Features\PDB\ghidra_scripts
    C:\Users\kimgiordano27\AppData\Roaming\ghidra\ghidra_12.1.2_PUBLIC\Extensions\Jython\ghidra_scripts
    C:\Users\kimgiordano27\Downloads\ghidra_12.1.2_PUBLIC_20260605\ghidra_12.1.2_PUBLIC\Ghidra\Features\PyGhidra\ghidra_scripts  
2026-07-18 15:32:43 INFO  (HeadlessAnalyzer) HEADLESS: execution starts  
2026-07-18 15:32:43 INFO  (HeadlessAnalyzer) Opening existing project: C:\realDesktop\manifest-evaluations\summer-26\ghidra-pipeline\il2cpp-files\MRTraveler\ghidra-project-MRTraveler\MRTraveler  
2026-07-18 15:32:43 INFO  (HeadlessProject) Opening project: C:\realDesktop\manifest-evaluations\summer-26\ghidra-pipeline\il2cpp-files\MRTraveler\ghidra-project-MRTraveler\MRTraveler  
2026-07-18 15:32:43 INFO  (LocalFileSystem) /MRTraveler-libil2cpp.so: checkout (2) granted (kimgiordano27)  
2026-07-18 15:32:49 INFO  (HeadlessAnalyzer) REPORT: Processing project file: /MRTraveler-libil2cpp.so  
2026-07-18 15:32:50 INFO  (HeadlessAnalyzer) REPORT: Execute script: GeneralStructureEyePatternScan.java 'C:\realDesktop\manifest-evaluations\summer-26\ghidra-pipeline\il2cpp-files\MRTraveler\general-structure-results' '70' 'false'   
2026-07-18 15:32:50 INFO  (HeadlessAnalyzer) SCRIPT: C:\realDesktop\manifest-evaluations\summer-26\ghidra-pipeline\ghidra-export-scripts\GeneralStructureEyePatternScan.java  
2026-07-18 15:32:50 INFO  (GhidraScript) GeneralStructureEyePatternScan.java> General structure scan starting...  
2026-07-18 15:32:50 INFO  (GhidraScript) GeneralStructureEyePatternScan.java> Output: C:\realDesktop\manifest-evaluations\summer-26\ghidra-pipeline\il2cpp-files\MRTraveler\general-structure-results  
2026-07-18 15:32:50 INFO  (GhidraScript) GeneralStructureEyePatternScan.java> Minimum review score: 70  
2026-07-18 15:32:50 INFO  (GhidraScript) GeneralStructureEyePatternScan.java> Export all: false  
2026-07-18 15:33:06 INFO  (GhidraScript) GeneralStructureEyePatternScan.java> Scanned 10000 functions. Exported so far: 0  
2026-07-18 15:33:23 INFO  (GhidraScript) GeneralStructureEyePatternScan.java> Scanned 20000 functions. Exported so far: 0  
2026-07-18 15:33:36 INFO  (GhidraScript) GeneralStructureEyePatternScan.java> Scanned 30000 functions. Exported so far: 0  
2026-07-18 15:33:46 INFO  (GhidraScript) GeneralStructureEyePatternScan.java> Scanned 40000 functions. Exported so far: 0  
2026-07-18 15:34:13 INFO  (GhidraScript) GeneralStructureEyePatternScan.java> Scanned 50000 functions. Exported so far: 0  
2026-07-18 15:34:34 INFO  (GhidraScript) GeneralStructureEyePatternScan.java> Scanned 60000 functions. Exported so far: 0  
2026-07-18 15:34:52 INFO  (GhidraScript) GeneralStructureEyePatternScan.java> Scanned 70000 functions. Exported so far: 0  
2026-07-18 15:35:19 INFO  (GhidraScript) GeneralStructureEyePatternScan.java> Scanned 80000 functions. Exported so far: 0  
2026-07-18 15:35:41 INFO  (GhidraScript) GeneralStructureEyePatternScan.java> Scanned 90000 functions. Exported so far: 0  
2026-07-18 15:36:02 INFO  (GhidraScript) GeneralStructureEyePatternScan.java> Scanned 100000 functions. Exported so far: 0  
2026-07-18 15:36:21 INFO  (GhidraScript) GeneralStructureEyePatternScan.java> Scanned 110000 functions. Exported so far: 0  
2026-07-18 15:36:39 INFO  (GhidraScript) GeneralStructureEyePatternScan.java> Scanned 120000 functions. Exported so far: 0  
2026-07-18 15:37:04 INFO  (GhidraScript) GeneralStructureEyePatternScan.java> Scanned 130000 functions. Exported so far: 0  
2026-07-18 15:37:28 INFO  (GhidraScript) GeneralStructureEyePatternScan.java> Scanned 140000 functions. Exported so far: 0  
2026-07-18 15:37:51 INFO  (GhidraScript) GeneralStructureEyePatternScan.java> Scanned 150000 functions. Exported so far: 0  
2026-07-18 15:38:15 INFO  (GhidraScript) GeneralStructureEyePatternScan.java> Scanned 160000 functions. Exported so far: 0  
2026-07-18 15:38:31 INFO  (GhidraScript) GeneralStructureEyePatternScan.java> Scanned 170000 functions. Exported so far: 0  
2026-07-18 15:41:04 INFO  (GhidraScript) GeneralStructureEyePatternScan.java> Scanned 180000 functions. Exported so far: 1  
2026-07-18 15:43:50 INFO  (GhidraScript) GeneralStructureEyePatternScan.java> Scanned 190000 functions. Exported so far: 6  
2026-07-18 15:46:17 INFO  (GhidraScript) GeneralStructureEyePatternScan.java> Scanned 200000 functions. Exported so far: 12  
2026-07-18 15:48:58 INFO  (GhidraScript) GeneralStructureEyePatternScan.java> Scanned 210000 functions. Exported so far: 22  
2026-07-18 15:50:00 INFO  (GhidraScript) GeneralStructureEyePatternScan.java> Scanned 220000 functions. Exported so far: 37  
2026-07-18 15:50:50 INFO  (GhidraScript) GeneralStructureEyePatternScan.java> Scanned 230000 functions. Exported so far: 46  
2026-07-18 15:51:55 INFO  (GhidraScript) GeneralStructureEyePatternScan.java> Scanned 240000 functions. Exported so far: 55  
2026-07-18 15:53:03 INFO  (GhidraScript) GeneralStructureEyePatternScan.java> Scanned 250000 functions. Exported so far: 61  
2026-07-18 15:54:42 INFO  (GhidraScript) GeneralStructureEyePatternScan.java> Scanned 260000 functions. Exported so far: 101  
2026-07-18 15:58:10 INFO  (GhidraScript) GeneralStructureEyePatternScan.java> Scanned 270000 functions. Exported so far: 156  
2026-07-18 15:59:53 INFO  (GhidraScript) GeneralStructureEyePatternScan.java> Scanned 280000 functions. Exported so far: 156  
2026-07-18 16:01:35 INFO  (GhidraScript) GeneralStructureEyePatternScan.java> Scanned 290000 functions. Exported so far: 190  
2026-07-18 16:03:35 INFO  (GhidraScript) GeneralStructureEyePatternScan.java> Scanned 300000 functions. Exported so far: 190  
2026-07-18 16:06:05 INFO  (GhidraScript) GeneralStructureEyePatternScan.java> Scanned 310000 functions. Exported so far: 200  
2026-07-18 16:08:49 INFO  (GhidraScript) GeneralStructureEyePatternScan.java> Scanned 320000 functions. Exported so far: 200  
2026-07-18 16:10:20 INFO  (GhidraScript) GeneralStructureEyePatternScan.java> Scanned 330000 functions. Exported so far: 200  
2026-07-18 16:11:39 INFO  (GhidraScript) GeneralStructureEyePatternScan.java> Scanned 340000 functions. Exported so far: 200  
2026-07-18 16:12:56 INFO  (GhidraScript) GeneralStructureEyePatternScan.java> Scanned 350000 functions. Exported so far: 283  
2026-07-18 16:13:31 INFO  (GhidraScript) GeneralStructureEyePatternScan.java> Scanned 360000 functions. Exported so far: 283  
2026-07-18 16:14:20 INFO  (GhidraScript) GeneralStructureEyePatternScan.java> Scanned 370000 functions. Exported so far: 283  
2026-07-18 16:15:13 INFO  (GhidraScript) GeneralStructureEyePatternScan.java> Scanned 380000 functions. Exported so far: 283  
2026-07-18 16:16:18 INFO  (GhidraScript) GeneralStructureEyePatternScan.java> Scanned 390000 functions. Exported so far: 283  
2026-07-18 16:17:24 INFO  (GhidraScript) GeneralStructureEyePatternScan.java> Scanned 400000 functions. Exported so far: 283  
2026-07-18 16:18:32 INFO  (GhidraScript) GeneralStructureEyePatternScan.java> Scanned 410000 functions. Exported so far: 283  
2026-07-18 16:19:35 INFO  (GhidraScript) GeneralStructureEyePatternScan.java> Scanned 420000 functions. Exported so far: 289  
2026-07-18 16:21:09 INFO  (GhidraScript) GeneralStructureEyePatternScan.java> Scanned 430000 functions. Exported so far: 448  
2026-07-18 16:21:57 INFO  (GhidraScript) GeneralStructureEyePatternScan.java> Scanned 440000 functions. Exported so far: 448  
2026-07-18 16:22:46 INFO  (GhidraScript) GeneralStructureEyePatternScan.java> Scanned 450000 functions. Exported so far: 448  
2026-07-18 16:23:59 INFO  (GhidraScript) GeneralStructureEyePatternScan.java> Scanned 460000 functions. Exported so far: 464  
2026-07-18 16:25:04 INFO  (GhidraScript) GeneralStructureEyePatternScan.java> Scanned 470000 functions. Exported so far: 476  
2026-07-18 16:26:09 INFO  (GhidraScript) GeneralStructureEyePatternScan.java> Scanned 480000 functions. Exported so far: 476  
2026-07-18 16:27:09 INFO  (GhidraScript) GeneralStructureEyePatternScan.java> Scanned 490000 functions. Exported so far: 478  
2026-07-18 16:28:17 INFO  (GhidraScript) GeneralStructureEyePatternScan.java> Scanned 500000 functions. Exported so far: 478  
2026-07-18 16:29:44 INFO  (GhidraScript) GeneralStructureEyePatternScan.java> Scanned 510000 functions. Exported so far: 488  
2026-07-18 16:31:02 INFO  (GhidraScript) GeneralStructureEyePatternScan.java> Scanned 520000 functions. Exported so far: 488  
2026-07-18 16:32:34 INFO  (GhidraScript) GeneralStructureEyePatternScan.java> Scanned 530000 functions. Exported so far: 494  
2026-07-18 16:33:40 INFO  (GhidraScript) GeneralStructureEyePatternScan.java> Scanned 540000 functions. Exported so far: 494  
2026-07-18 16:35:33 INFO  (GhidraScript) GeneralStructureEyePatternScan.java> Scanned 550000 functions. Exported so far: 512  
2026-07-18 16:40:55 INFO  (GhidraScript) GeneralStructureEyePatternScan.java> Scanned 560000 functions. Exported so far: 516  
2026-07-18 16:46:26 INFO  (GhidraScript) GeneralStructureEyePatternScan.java> Scanned 570000 functions. Exported so far: 516  
2026-07-18 16:47:12 INFO  (GhidraScript) GeneralStructureEyePatternScan.java> Scanned 580000 functions. Exported so far: 516  
2026-07-18 16:49:03 INFO  (GhidraScript) GeneralStructureEyePatternScan.java> Scanned 590000 functions. Exported so far: 516  
2026-07-18 16:52:26 INFO  (GhidraScript) GeneralStructureEyePatternScan.java> Scanned 600000 functions. Exported so far: 517  
2026-07-18 16:54:26 INFO  (GhidraScript) GeneralStructureEyePatternScan.java> Scanned 610000 functions. Exported so far: 517  
2026-07-18 16:56:08 INFO  (GhidraScript) GeneralStructureEyePatternScan.java> Scanned 620000 functions. Exported so far: 517  
2026-07-18 16:58:01 INFO  (GhidraScript) GeneralStructureEyePatternScan.java> Scanned 630000 functions. Exported so far: 520  
2026-07-18 17:02:17 INFO  (GhidraScript) GeneralStructureEyePatternScan.java> Scanned 640000 functions. Exported so far: 609  
2026-07-18 17:03:14 INFO  (GhidraScript) GeneralStructureEyePatternScan.java> Scanned 650000 functions. Exported so far: 609  
2026-07-18 17:04:08 INFO  (GhidraScript) GeneralStructureEyePatternScan.java> Scanned 660000 functions. Exported so far: 629  
2026-07-18 17:29:07 INFO  (GhidraScript) GeneralStructureEyePatternScan.java> Scanned 670000 functions. Exported so far: 671  
2026-07-18 17:31:42 INFO  (GhidraScript) GeneralStructureEyePatternScan.java> Scanned 680000 functions. Exported so far: 1402  
2026-07-18 17:35:12 INFO  (GhidraScript) GeneralStructureEyePatternScan.java> Scanned 690000 functions. Exported so far: 1403  
2026-07-18 17:37:03 INFO  (GhidraScript) GeneralStructureEyePatternScan.java> Scanned 700000 functions. Exported so far: 1403  
2026-07-18 18:04:14 INFO  (GhidraScript) GeneralStructureEyePatternScan.java> Scanned 710000 functions. Exported so far: 1591  
2026-07-18 18:06:29 INFO  (GhidraScript) GeneralStructureEyePatternScan.java> Scanned 720000 functions. Exported so far: 1622  
2026-07-18 18:08:51 INFO  (GhidraScript) GeneralStructureEyePatternScan.java> Scanned 730000 functions. Exported so far: 1626  
2026-07-18 18:11:04 INFO  (GhidraScript) GeneralStructureEyePatternScan.java> Scanned 740000 functions. Exported so far: 2161  
2026-07-18 18:13:46 INFO  (GhidraScript) GeneralStructureEyePatternScan.java> Scanned 750000 functions. Exported so far: 2174  
2026-07-19 19:04:17 INFO  (GhidraScript) GeneralStructureEyePatternScan.java> Scanned 770000 functions. Exported so far: 2194  
2026-07-19 19:07:36 INFO  (GhidraScript) GeneralStructureEyePatternScan.java> Scanned 780000 functions. Exported so far: 2194  
2026-07-19 19:09:33 INFO  (GhidraScript) GeneralStructureEyePatternScan.java> Scanned 790000 functions. Exported so far: 2194  
2026-07-19 19:15:28 INFO  (GhidraScript) GeneralStructureEyePatternScan.java> Scanned 800000 functions. Exported so far: 2195  
2026-07-19 19:30:50 INFO  (GhidraScript) GeneralStructureEyePatternScan.java> Scanned 810000 functions. Exported so far: 2208  
2026-07-19 19:33:39 INFO  (GhidraScript) GeneralStructureEyePatternScan.java> Scanned 820000 functions. Exported so far: 2210  
2026-07-19 19:38:25 INFO  (GhidraScript) GeneralStructureEyePatternScan.java> Scanned 830000 functions. Exported so far: 2210  
2026-07-19 19:39:28 INFO  (GhidraScript) GeneralStructureEyePatternScan.java> Scanned 840000 functions. Exported so far: 2210  
2026-07-19 19:40:28 INFO  (GhidraScript) GeneralStructureEyePatternScan.java> Scanned 850000 functions. Exported so far: 2215  
2026-07-19 19:42:10 INFO  (GhidraScript) GeneralStructureEyePatternScan.java> Scanned 860000 functions. Exported so far: 2215  
2026-07-19 19:45:23 INFO  (GhidraScript) GeneralStructureEyePatternScan.java> Scanned 870000 functions. Exported so far: 2217  
2026-07-19 19:48:57 INFO  (GhidraScript) GeneralStructureEyePatternScan.java> Scanned 880000 functions. Exported so far: 2400  
2026-07-19 19:50:09 INFO  (GhidraScript) GeneralStructureEyePatternScan.java> Scanned 890000 functions. Exported so far: 2414  
2026-07-19 19:50:47 INFO  (GhidraScript) GeneralStructureEyePatternScan.java> Scanned 900000 functions. Exported so far: 2414  
2026-07-19 20:14:30 INFO  (GhidraScript) GeneralStructureEyePatternScan.java> Scanned 910000 functions. Exported so far: 2414  
2026-07-19 21:32:52 INFO  (GhidraScript) GeneralStructureEyePatternScan.java> Scanned 920000 functions. Exported so far: 2427  
2026-07-19 22:22:27 INFO  (GhidraScript) GeneralStructureEyePatternScan.java> Scanned 930000 functions. Exported so far: 2430  
2026-07-19 22:37:29 INFO  (GhidraScript) GeneralStructureEyePatternScan.java> Scanned 940000 functions. Exported so far: 2430  
2026-07-19 22:40:29 INFO  (GhidraScript) GeneralStructureEyePatternScan.java> Scanned 950000 functions. Exported so far: 2486  
2026-07-19 22:43:15 INFO  (GhidraScript) GeneralStructureEyePatternScan.java> Scanned 960000 functions. Exported so far: 2517  
2026-07-19 22:43:16 WARN  (DecompileCallback) Decompiling 09656000, pcode error at 09656000: Unable to disassemble EXTERNAL block location: 09656000  
2026-07-19 22:43:16 WARN  (DecompileCallback) Decompiling 09656008, pcode error at 09656008: Unable to disassemble EXTERNAL block location: 09656008  
2026-07-19 22:43:16 WARN  (DecompileCallback) Decompiling 09656010, pcode error at 09656010: Unable to disassemble EXTERNAL block location: 09656010  
2026-07-19 22:43:16 WARN  (DecompileCallback) Decompiling 09656018, pcode error at 09656018: Unable to disassemble EXTERNAL block location: 09656018  
2026-07-19 22:43:16 WARN  (DecompileCallback) Decompiling 09656020, pcode error at 09656020: Unable to disassemble EXTERNAL block location: 09656020  
2026-07-19 22:43:16 WARN  (DecompileCallback) Decompiling 09656028, pcode error at 09656028: Unable to disassemble EXTERNAL block location: 09656028  
2026-07-19 22:43:16 WARN  (DecompileCallback) Decompiling 09656030, pcode error at 09656030: Unable to disassemble EXTERNAL block location: 09656030  
2026-07-19 22:43:16 WARN  (DecompileCallback) Decompiling 09656038, pcode error at 09656038: Unable to disassemble EXTERNAL block location: 09656038  
2026-07-19 22:43:16 WARN  (DecompileCallback) Decompiling 09656040, pcode error at 09656040: Unable to disassemble EXTERNAL block location: 09656040  
2026-07-19 22:43:16 WARN  (DecompileCallback) Decompiling 09656048, pcode error at 09656048: Unable to disassemble EXTERNAL block location: 09656048  
2026-07-19 22:43:16 WARN  (DecompileCallback) Decompiling 09656050, pcode error at 09656050: Unable to disassemble EXTERNAL block location: 09656050  
2026-07-19 22:43:16 WARN  (DecompileCallback) Decompiling 09656058, pcode error at 09656058: Unable to disassemble EXTERNAL block location: 09656058  
2026-07-19 22:43:16 WARN  (DecompileCallback) Decompiling 09656060, pcode error at 09656060: Unable to disassemble EXTERNAL block location: 09656060  
2026-07-19 22:43:16 WARN  (DecompileCallback) Decompiling 09656068, pcode error at 09656068: Unable to disassemble EXTERNAL block location: 09656068  
2026-07-19 22:43:16 WARN  (DecompileCallback) Decompiling 09656070, pcode error at 09656070: Unable to disassemble EXTERNAL block location: 09656070  
2026-07-19 22:43:16 WARN  (DecompileCallback) Decompiling 09656078, pcode error at 09656078: Unable to disassemble EXTERNAL block location: 09656078  
2026-07-19 22:43:16 WARN  (DecompileCallback) Decompiling 09656080, pcode error at 09656080: Unable to disassemble EXTERNAL block location: 09656080  
2026-07-19 22:43:16 WARN  (DecompileCallback) Decompiling 09656088, pcode error at 09656088: Unable to disassemble EXTERNAL block location: 09656088  
2026-07-19 22:43:16 WARN  (DecompileCallback) Decompiling 09656090, pcode error at 09656090: Unable to disassemble EXTERNAL block location: 09656090  
2026-07-19 22:43:16 WARN  (DecompileCallback) Decompiling 09656098, pcode error at 09656098: Unable to disassemble EXTERNAL block location: 09656098  
2026-07-19 22:43:16 WARN  (DecompileCallback) Decompiling 096560a0, pcode error at 096560a0: Unable to disassemble EXTERNAL block location: 096560a0  
2026-07-19 22:43:16 WARN  (DecompileCallback) Decompiling 096560a8, pcode error at 096560a8: Unable to disassemble EXTERNAL block location: 096560a8  
2026-07-19 22:43:16 WARN  (DecompileCallback) Decompiling 096560b0, pcode error at 096560b0: Unable to disassemble EXTERNAL block location: 096560b0  
2026-07-19 22:43:16 WARN  (DecompileCallback) Decompiling 096560b8, pcode error at 096560b8: Unable to disassemble EXTERNAL block location: 096560b8  
2026-07-19 22:43:16 WARN  (DecompileCallback) Decompiling 096560c0, pcode error at 096560c0: Unable to disassemble EXTERNAL block location: 096560c0  
2026-07-19 22:43:16 WARN  (DecompileCallback) Decompiling 096560c8, pcode error at 096560c8: Unable to disassemble EXTERNAL block location: 096560c8  
2026-07-19 22:43:16 WARN  (DecompileCallback) Decompiling 096560d0, pcode error at 096560d0: Unable to disassemble EXTERNAL block location: 096560d0  
2026-07-19 22:43:16 WARN  (DecompileCallback) Decompiling 096560d8, pcode error at 096560d8: Unable to disassemble EXTERNAL block location: 096560d8  
2026-07-19 22:43:16 WARN  (DecompileCallback) Decompiling 096560e0, pcode error at 096560e0: Unable to disassemble EXTERNAL block location: 096560e0  
2026-07-19 22:43:16 WARN  (DecompileCallback) Decompiling 096560e8, pcode error at 096560e8: Unable to disassemble EXTERNAL block location: 096560e8  
2026-07-19 22:43:16 WARN  (DecompileCallback) Decompiling 096560f0, pcode error at 096560f0: Unable to disassemble EXTERNAL block location: 096560f0  
2026-07-19 22:43:16 WARN  (DecompileCallback) Decompiling 096560f8, pcode error at 096560f8: Unable to disassemble EXTERNAL block location: 096560f8  
2026-07-19 22:43:16 WARN  (DecompileCallback) Decompiling 09656100, pcode error at 09656100: Unable to disassemble EXTERNAL block location: 09656100  
2026-07-19 22:43:16 WARN  (DecompileCallback) Decompiling 09656108, pcode error at 09656108: Unable to disassemble EXTERNAL block location: 09656108  
2026-07-19 22:43:16 WARN  (DecompileCallback) Decompiling 09656110, pcode error at 09656110: Unable to disassemble EXTERNAL block location: 09656110  
2026-07-19 22:43:16 WARN  (DecompileCallback) Decompiling 09656118, pcode error at 09656118: Unable to disassemble EXTERNAL block location: 09656118  
2026-07-19 22:43:16 WARN  (DecompileCallback) Decompiling 09656120, pcode error at 09656120: Unable to disassemble EXTERNAL block location: 09656120  
2026-07-19 22:43:16 WARN  (DecompileCallback) Decompiling 09656128, pcode error at 09656128: Unable to disassemble EXTERNAL block location: 09656128  
2026-07-19 22:43:16 WARN  (DecompileCallback) Decompiling 09656130, pcode error at 09656130: Unable to disassemble EXTERNAL block location: 09656130  
2026-07-19 22:43:16 WARN  (DecompileCallback) Decompiling 09656138, pcode error at 09656138: Unable to disassemble EXTERNAL block location: 09656138  
2026-07-19 22:43:16 WARN  (DecompileCallback) Decompiling 09656140, pcode error at 09656140: Unable to disassemble EXTERNAL block location: 09656140  
2026-07-19 22:43:16 WARN  (DecompileCallback) Decompiling 09656148, pcode error at 09656148: Unable to disassemble EXTERNAL block location: 09656148  
2026-07-19 22:43:16 WARN  (DecompileCallback) Decompiling 09656150, pcode error at 09656150: Unable to disassemble EXTERNAL block location: 09656150  
2026-07-19 22:43:16 WARN  (DecompileCallback) Decompiling 09656158, pcode error at 09656158: Unable to disassemble EXTERNAL block location: 09656158  
2026-07-19 22:43:16 WARN  (DecompileCallback) Decompiling 09656160, pcode error at 09656160: Unable to disassemble EXTERNAL block location: 09656160  
2026-07-19 22:43:16 WARN  (DecompileCallback) Decompiling 09656168, pcode error at 09656168: Unable to disassemble EXTERNAL block location: 09656168  
2026-07-19 22:43:16 WARN  (DecompileCallback) Decompiling 09656170, pcode error at 09656170: Unable to disassemble EXTERNAL block location: 09656170  
2026-07-19 22:43:16 WARN  (DecompileCallback) Decompiling 09656178, pcode error at 09656178: Unable to disassemble EXTERNAL block location: 09656178  
2026-07-19 22:43:16 WARN  (DecompileCallback) Decompiling 09656180, pcode error at 09656180: Unable to disassemble EXTERNAL block location: 09656180  
2026-07-19 22:43:16 WARN  (DecompileCallback) Decompiling 09656188, pcode error at 09656188: Unable to disassemble EXTERNAL block location: 09656188  
2026-07-19 22:43:16 WARN  (DecompileCallback) Decompiling 09656190, pcode error at 09656190: Unable to disassemble EXTERNAL block location: 09656190  
2026-07-19 22:43:16 WARN  (DecompileCallback) Decompiling 09656198, pcode error at 09656198: Unable to disassemble EXTERNAL block location: 09656198  
2026-07-19 22:43:16 WARN  (DecompileCallback) Decompiling 096561a0, pcode error at 096561a0: Unable to disassemble EXTERNAL block location: 096561a0  
2026-07-19 22:43:16 WARN  (DecompileCallback) Decompiling 096561a8, pcode error at 096561a8: Unable to disassemble EXTERNAL block location: 096561a8  
2026-07-19 22:43:16 WARN  (DecompileCallback) Decompiling 096561b0, pcode error at 096561b0: Unable to disassemble EXTERNAL block location: 096561b0  
2026-07-19 22:43:16 WARN  (DecompileCallback) Decompiling 096561b8, pcode error at 096561b8: Unable to disassemble EXTERNAL block location: 096561b8  
2026-07-19 22:43:16 WARN  (DecompileCallback) Decompiling 096561c0, pcode error at 096561c0: Unable to disassemble EXTERNAL block location: 096561c0  
2026-07-19 22:43:16 WARN  (DecompileCallback) Decompiling 096561c8, pcode error at 096561c8: Unable to disassemble EXTERNAL block location: 096561c8  
2026-07-19 22:43:16 WARN  (DecompileCallback) Decompiling 096561d0, pcode error at 096561d0: Unable to disassemble EXTERNAL block location: 096561d0  
2026-07-19 22:43:16 WARN  (DecompileCallback) Decompiling 096561d8, pcode error at 096561d8: Unable to disassemble EXTERNAL block location: 096561d8  
2026-07-19 22:43:16 WARN  (DecompileCallback) Decompiling 096561e0, pcode error at 096561e0: Unable to disassemble EXTERNAL block location: 096561e0  
2026-07-19 22:43:16 WARN  (DecompileCallback) Decompiling 096561e8, pcode error at 096561e8: Unable to disassemble EXTERNAL block location: 096561e8  
2026-07-19 22:43:16 WARN  (DecompileCallback) Decompiling 096561f0, pcode error at 096561f0: Unable to disassemble EXTERNAL block location: 096561f0  
2026-07-19 22:43:16 WARN  (DecompileCallback) Decompiling 096561f8, pcode error at 096561f8: Unable to disassemble EXTERNAL block location: 096561f8  
2026-07-19 22:43:16 WARN  (DecompileCallback) Decompiling 09656200, pcode error at 09656200: Unable to disassemble EXTERNAL block location: 09656200  
2026-07-19 22:43:16 WARN  (DecompileCallback) Decompiling 09656208, pcode error at 09656208: Unable to disassemble EXTERNAL block location: 09656208  
2026-07-19 22:43:16 WARN  (DecompileCallback) Decompiling 09656210, pcode error at 09656210: Unable to disassemble EXTERNAL block location: 09656210  
2026-07-19 22:43:16 WARN  (DecompileCallback) Decompiling 09656218, pcode error at 09656218: Unable to disassemble EXTERNAL block location: 09656218  
2026-07-19 22:43:16 WARN  (DecompileCallback) Decompiling 09656220, pcode error at 09656220: Unable to disassemble EXTERNAL block location: 09656220  
2026-07-19 22:43:16 WARN  (DecompileCallback) Decompiling 09656228, pcode error at 09656228: Unable to disassemble EXTERNAL block location: 09656228  
2026-07-19 22:43:16 WARN  (DecompileCallback) Decompiling 09656230, pcode error at 09656230: Unable to disassemble EXTERNAL block location: 09656230  
2026-07-19 22:43:16 WARN  (DecompileCallback) Decompiling 09656238, pcode error at 09656238: Unable to disassemble EXTERNAL block location: 09656238  
2026-07-19 22:43:16 WARN  (DecompileCallback) Decompiling 09656240, pcode error at 09656240: Unable to disassemble EXTERNAL block location: 09656240  
2026-07-19 22:43:16 WARN  (DecompileCallback) Decompiling 09656248, pcode error at 09656248: Unable to disassemble EXTERNAL block location: 09656248  
2026-07-19 22:43:16 WARN  (DecompileCallback) Decompiling 09656250, pcode error at 09656250: Unable to disassemble EXTERNAL block location: 09656250  
2026-07-19 22:43:16 WARN  (DecompileCallback) Decompiling 09656258, pcode error at 09656258: Unable to disassemble EXTERNAL block location: 09656258  
2026-07-19 22:43:16 WARN  (DecompileCallback) Decompiling 09656260, pcode error at 09656260: Unable to disassemble EXTERNAL block location: 09656260  
2026-07-19 22:43:16 WARN  (DecompileCallback) Decompiling 09656268, pcode error at 09656268: Unable to disassemble EXTERNAL block location: 09656268  
2026-07-19 22:43:16 WARN  (DecompileCallback) Decompiling 09656270, pcode error at 09656270: Unable to disassemble EXTERNAL block location: 09656270  
2026-07-19 22:43:16 WARN  (DecompileCallback) Decompiling 09656278, pcode error at 09656278: Unable to disassemble EXTERNAL block location: 09656278  
2026-07-19 22:43:16 WARN  (DecompileCallback) Decompiling 09656280, pcode error at 09656280: Unable to disassemble EXTERNAL block location: 09656280  
2026-07-19 22:43:16 WARN  (DecompileCallback) Decompiling 09656288, pcode error at 09656288: Unable to disassemble EXTERNAL block location: 09656288  
2026-07-19 22:43:16 WARN  (DecompileCallback) Decompiling 09656290, pcode error at 09656290: Unable to disassemble EXTERNAL block location: 09656290  
2026-07-19 22:43:16 WARN  (DecompileCallback) Decompiling 09656298, pcode error at 09656298: Unable to disassemble EXTERNAL block location: 09656298  
2026-07-19 22:43:16 WARN  (DecompileCallback) Decompiling 096562a8, pcode error at 096562a8: Unable to disassemble EXTERNAL block location: 096562a8  
2026-07-19 22:43:16 WARN  (DecompileCallback) Decompiling 096562b0, pcode error at 096562b0: Unable to disassemble EXTERNAL block location: 096562b0  
2026-07-19 22:43:16 WARN  (DecompileCallback) Decompiling 096562b8, pcode error at 096562b8: Unable to disassemble EXTERNAL block location: 096562b8  
2026-07-19 22:43:16 WARN  (DecompileCallback) Decompiling 096562c0, pcode error at 096562c0: Unable to disassemble EXTERNAL block location: 096562c0  
2026-07-19 22:43:16 WARN  (DecompileCallback) Decompiling 096562c8, pcode error at 096562c8: Unable to disassemble EXTERNAL block location: 096562c8  
2026-07-19 22:43:16 WARN  (DecompileCallback) Decompiling 096562d0, pcode error at 096562d0: Unable to disassemble EXTERNAL block location: 096562d0  
2026-07-19 22:43:16 WARN  (DecompileCallback) Decompiling 096562d8, pcode error at 096562d8: Unable to disassemble EXTERNAL block location: 096562d8  
2026-07-19 22:43:16 WARN  (DecompileCallback) Decompiling 096562e0, pcode error at 096562e0: Unable to disassemble EXTERNAL block location: 096562e0  
2026-07-19 22:43:16 WARN  (DecompileCallback) Decompiling 096562e8, pcode error at 096562e8: Unable to disassemble EXTERNAL block location: 096562e8  
2026-07-19 22:43:16 WARN  (DecompileCallback) Decompiling 096562f0, pcode error at 096562f0: Unable to disassemble EXTERNAL block location: 096562f0  
2026-07-19 22:43:16 WARN  (DecompileCallback) Decompiling 096562f8, pcode error at 096562f8: Unable to disassemble EXTERNAL block location: 096562f8  
2026-07-19 22:43:16 WARN  (DecompileCallback) Decompiling 09656300, pcode error at 09656300: Unable to disassemble EXTERNAL block location: 09656300  
2026-07-19 22:43:16 WARN  (DecompileCallback) Decompiling 09656308, pcode error at 09656308: Unable to disassemble EXTERNAL block location: 09656308  
2026-07-19 22:43:16 WARN  (DecompileCallback) Decompiling 09656310, pcode error at 09656310: Unable to disassemble EXTERNAL block location: 09656310  
2026-07-19 22:43:16 WARN  (DecompileCallback) Decompiling 09656318, pcode error at 09656318: Unable to disassemble EXTERNAL block location: 09656318  
2026-07-19 22:43:16 WARN  (DecompileCallback) Decompiling 09656320, pcode error at 09656320: Unable to disassemble EXTERNAL block location: 09656320  
2026-07-19 22:43:16 WARN  (DecompileCallback) Decompiling 09656328, pcode error at 09656328: Unable to disassemble EXTERNAL block location: 09656328  
2026-07-19 22:43:16 WARN  (DecompileCallback) Decompiling 09656330, pcode error at 09656330: Unable to disassemble EXTERNAL block location: 09656330  
2026-07-19 22:43:16 WARN  (DecompileCallback) Decompiling 09656338, pcode error at 09656338: Unable to disassemble EXTERNAL block location: 09656338  
2026-07-19 22:43:16 WARN  (DecompileCallback) Decompiling 09656340, pcode error at 09656340: Unable to disassemble EXTERNAL block location: 09656340  
2026-07-19 22:43:16 WARN  (DecompileCallback) Decompiling 09656348, pcode error at 09656348: Unable to disassemble EXTERNAL block location: 09656348  
2026-07-19 22:43:16 WARN  (DecompileCallback) Decompiling 09656350, pcode error at 09656350: Unable to disassemble EXTERNAL block location: 09656350  
2026-07-19 22:43:16 WARN  (DecompileCallback) Decompiling 09656358, pcode error at 09656358: Unable to disassemble EXTERNAL block location: 09656358  
2026-07-19 22:43:16 WARN  (DecompileCallback) Decompiling 09656360, pcode error at 09656360: Unable to disassemble EXTERNAL block location: 09656360  
2026-07-19 22:43:16 WARN  (DecompileCallback) Decompiling 09656368, pcode error at 09656368: Unable to disassemble EXTERNAL block location: 09656368  
2026-07-19 22:43:16 WARN  (DecompileCallback) Decompiling 09656370, pcode error at 09656370: Unable to disassemble EXTERNAL block location: 09656370  
2026-07-19 22:43:16 WARN  (DecompileCallback) Decompiling 09656378, pcode error at 09656378: Unable to disassemble EXTERNAL block location: 09656378  
2026-07-19 22:43:16 WARN  (DecompileCallback) Decompiling 09656380, pcode error at 09656380: Unable to disassemble EXTERNAL block location: 09656380  
2026-07-19 22:43:16 WARN  (DecompileCallback) Decompiling 09656388, pcode error at 09656388: Unable to disassemble EXTERNAL block location: 09656388  
2026-07-19 22:43:16 WARN  (DecompileCallback) Decompiling 09656390, pcode error at 09656390: Unable to disassemble EXTERNAL block location: 09656390  
2026-07-19 22:43:16 WARN  (DecompileCallback) Decompiling 09656398, pcode error at 09656398: Unable to disassemble EXTERNAL block location: 09656398  
2026-07-19 22:43:16 WARN  (DecompileCallback) Decompiling 096563a0, pcode error at 096563a0: Unable to disassemble EXTERNAL block location: 096563a0  
2026-07-19 22:43:16 WARN  (DecompileCallback) Decompiling 096563a8, pcode error at 096563a8: Unable to disassemble EXTERNAL block location: 096563a8  
2026-07-19 22:43:16 WARN  (DecompileCallback) Decompiling 096563b0, pcode error at 096563b0: Unable to disassemble EXTERNAL block location: 096563b0  
2026-07-19 22:43:16 WARN  (DecompileCallback) Decompiling 096563b8, pcode error at 096563b8: Unable to disassemble EXTERNAL block location: 096563b8  
2026-07-19 22:43:16 WARN  (DecompileCallback) Decompiling 096563c0, pcode error at 096563c0: Unable to disassemble EXTERNAL block location: 096563c0  
2026-07-19 22:43:16 WARN  (DecompileCallback) Decompiling 096563c8, pcode error at 096563c8: Unable to disassemble EXTERNAL block location: 096563c8  
2026-07-19 22:43:16 WARN  (DecompileCallback) Decompiling 096563d0, pcode error at 096563d0: Unable to disassemble EXTERNAL block location: 096563d0  
2026-07-19 22:43:16 WARN  (DecompileCallback) Decompiling 096563d8, pcode error at 096563d8: Unable to disassemble EXTERNAL block location: 096563d8  
2026-07-19 22:43:16 WARN  (DecompileCallback) Decompiling 096563e0, pcode error at 096563e0: Unable to disassemble EXTERNAL block location: 096563e0  
2026-07-19 22:43:16 WARN  (DecompileCallback) Decompiling 096563e8, pcode error at 096563e8: Unable to disassemble EXTERNAL block location: 096563e8  
2026-07-19 22:43:16 WARN  (DecompileCallback) Decompiling 096563f0, pcode error at 096563f0: Unable to disassemble EXTERNAL block location: 096563f0  
2026-07-19 22:43:16 WARN  (DecompileCallback) Decompiling 096563f8, pcode error at 096563f8: Unable to disassemble EXTERNAL block location: 096563f8  
2026-07-19 22:43:16 WARN  (DecompileCallback) Decompiling 09656400, pcode error at 09656400: Unable to disassemble EXTERNAL block location: 09656400  
2026-07-19 22:43:16 WARN  (DecompileCallback) Decompiling 09656408, pcode error at 09656408: Unable to disassemble EXTERNAL block location: 09656408  
2026-07-19 22:43:16 WARN  (DecompileCallback) Decompiling 09656410, pcode error at 09656410: Unable to disassemble EXTERNAL block location: 09656410  
2026-07-19 22:43:16 WARN  (DecompileCallback) Decompiling 09656418, pcode error at 09656418: Unable to disassemble EXTERNAL block location: 09656418  
2026-07-19 22:43:16 WARN  (DecompileCallback) Decompiling 09656420, pcode error at 09656420: Unable to disassemble EXTERNAL block location: 09656420  
2026-07-19 22:43:16 WARN  (DecompileCallback) Decompiling 09656428, pcode error at 09656428: Unable to disassemble EXTERNAL block location: 09656428  
2026-07-19 22:43:16 WARN  (DecompileCallback) Decompiling 09656430, pcode error at 09656430: Unable to disassemble EXTERNAL block location: 09656430  
2026-07-19 22:43:16 WARN  (DecompileCallback) Decompiling 09656438, pcode error at 09656438: Unable to disassemble EXTERNAL block location: 09656438  
2026-07-19 22:43:16 WARN  (DecompileCallback) Decompiling 09656440, pcode error at 09656440: Unable to disassemble EXTERNAL block location: 09656440  
2026-07-19 22:43:16 WARN  (DecompileCallback) Decompiling 09656448, pcode error at 09656448: Unable to disassemble EXTERNAL block location: 09656448  
2026-07-19 22:43:16 WARN  (DecompileCallback) Decompiling 09656450, pcode error at 09656450: Unable to disassemble EXTERNAL block location: 09656450  
2026-07-19 22:43:16 WARN  (DecompileCallback) Decompiling 09656458, pcode error at 09656458: Unable to disassemble EXTERNAL block location: 09656458  
2026-07-19 22:43:16 WARN  (DecompileCallback) Decompiling 09656460, pcode error at 09656460: Unable to disassemble EXTERNAL block location: 09656460  
2026-07-19 22:43:16 WARN  (DecompileCallback) Decompiling 09656468, pcode error at 09656468: Unable to disassemble EXTERNAL block location: 09656468  
2026-07-19 22:43:16 WARN  (DecompileCallback) Decompiling 09656470, pcode error at 09656470: Unable to disassemble EXTERNAL block location: 09656470  
2026-07-19 22:43:16 WARN  (DecompileCallback) Decompiling 09656478, pcode error at 09656478: Unable to disassemble EXTERNAL block location: 09656478  
2026-07-19 22:43:16 WARN  (DecompileCallback) Decompiling 09656480, pcode error at 09656480: Unable to disassemble EXTERNAL block location: 09656480  
2026-07-19 22:43:16 WARN  (DecompileCallback) Decompiling 09656490, pcode error at 09656490: Unable to disassemble EXTERNAL block location: 09656490  
2026-07-19 22:43:16 WARN  (DecompileCallback) Decompiling 09656498, pcode error at 09656498: Unable to disassemble EXTERNAL block location: 09656498  
2026-07-19 22:43:16 WARN  (DecompileCallback) Decompiling 096564a0, pcode error at 096564a0: Unable to disassemble EXTERNAL block location: 096564a0  
2026-07-19 22:43:16 WARN  (DecompileCallback) Decompiling 096564a8, pcode error at 096564a8: Unable to disassemble EXTERNAL block location: 096564a8  
2026-07-19 22:43:16 WARN  (DecompileCallback) Decompiling 096564b0, pcode error at 096564b0: Unable to disassemble EXTERNAL block location: 096564b0  
2026-07-19 22:43:16 WARN  (DecompileCallback) Decompiling 096564b8, pcode error at 096564b8: Unable to disassemble EXTERNAL block location: 096564b8  
2026-07-19 22:43:16 WARN  (DecompileCallback) Decompiling 096564c0, pcode error at 096564c0: Unable to disassemble EXTERNAL block location: 096564c0  
2026-07-19 22:43:16 WARN  (DecompileCallback) Decompiling 096564c8, pcode error at 096564c8: Unable to disassemble EXTERNAL block location: 096564c8  
2026-07-19 22:43:16 WARN  (DecompileCallback) Decompiling 096564d0, pcode error at 096564d0: Unable to disassemble EXTERNAL block location: 096564d0  
2026-07-19 22:43:16 WARN  (DecompileCallback) Decompiling 096564d8, pcode error at 096564d8: Unable to disassemble EXTERNAL block location: 096564d8  
2026-07-19 22:43:16 WARN  (DecompileCallback) Decompiling 096564e0, pcode error at 096564e0: Unable to disassemble EXTERNAL block location: 096564e0  
2026-07-19 22:43:16 WARN  (DecompileCallback) Decompiling 096564e8, pcode error at 096564e8: Unable to disassemble EXTERNAL block location: 096564e8  
2026-07-19 22:43:16 WARN  (DecompileCallback) Decompiling 096564f0, pcode error at 096564f0: Unable to disassemble EXTERNAL block location: 096564f0  
2026-07-19 22:43:16 WARN  (DecompileCallback) Decompiling 096564f8, pcode error at 096564f8: Unable to disassemble EXTERNAL block location: 096564f8  
2026-07-19 22:43:16 WARN  (DecompileCallback) Decompiling 09656500, pcode error at 09656500: Unable to disassemble EXTERNAL block location: 09656500  
2026-07-19 22:43:16 WARN  (DecompileCallback) Decompiling 09656508, pcode error at 09656508: Unable to disassemble EXTERNAL block location: 09656508  
2026-07-19 22:43:16 WARN  (DecompileCallback) Decompiling 09656510, pcode error at 09656510: Unable to disassemble EXTERNAL block location: 09656510  
2026-07-19 22:43:16 WARN  (DecompileCallback) Decompiling 09656518, pcode error at 09656518: Unable to disassemble EXTERNAL block location: 09656518  
2026-07-19 22:43:16 WARN  (DecompileCallback) Decompiling 09656520, pcode error at 09656520: Unable to disassemble EXTERNAL block location: 09656520  
2026-07-19 22:43:16 WARN  (DecompileCallback) Decompiling 09656528, pcode error at 09656528: Unable to disassemble EXTERNAL block location: 09656528  
2026-07-19 22:43:16 WARN  (DecompileCallback) Decompiling 09656530, pcode error at 09656530: Unable to disassemble EXTERNAL block location: 09656530  
2026-07-19 22:43:16 WARN  (DecompileCallback) Decompiling 09656538, pcode error at 09656538: Unable to disassemble EXTERNAL block location: 09656538  
2026-07-19 22:43:16 WARN  (DecompileCallback) Decompiling 09656540, pcode error at 09656540: Unable to disassemble EXTERNAL block location: 09656540  
2026-07-19 22:43:16 WARN  (DecompileCallback) Decompiling 09656548, pcode error at 09656548: Unable to disassemble EXTERNAL block location: 09656548  
2026-07-19 22:43:16 WARN  (DecompileCallback) Decompiling 09656550, pcode error at 09656550: Unable to disassemble EXTERNAL block location: 09656550  
2026-07-19 22:43:16 WARN  (DecompileCallback) Decompiling 09656558, pcode error at 09656558: Unable to disassemble EXTERNAL block location: 09656558  
2026-07-19 22:43:16 WARN  (DecompileCallback) Decompiling 09656560, pcode error at 09656560: Unable to disassemble EXTERNAL block location: 09656560  
2026-07-19 22:43:16 WARN  (DecompileCallback) Decompiling 09656568, pcode error at 09656568: Unable to disassemble EXTERNAL block location: 09656568  
2026-07-19 22:43:16 WARN  (DecompileCallback) Decompiling 09656570, pcode error at 09656570: Unable to disassemble EXTERNAL block location: 09656570  
2026-07-19 22:43:16 WARN  (DecompileCallback) Decompiling 09656578, pcode error at 09656578: Unable to disassemble EXTERNAL block location: 09656578  
2026-07-19 22:43:16 WARN  (DecompileCallback) Decompiling 09656580, pcode error at 09656580: Unable to disassemble EXTERNAL block location: 09656580  
2026-07-19 22:43:16 WARN  (DecompileCallback) Decompiling 09656588, pcode error at 09656588: Unable to disassemble EXTERNAL block location: 09656588  
2026-07-19 22:43:16 WARN  (DecompileCallback) Decompiling 09656590, pcode error at 09656590: Unable to disassemble EXTERNAL block location: 09656590  
2026-07-19 22:43:16 WARN  (DecompileCallback) Decompiling 09656598, pcode error at 09656598: Unable to disassemble EXTERNAL block location: 09656598  
2026-07-19 22:43:16 WARN  (DecompileCallback) Decompiling 096565a0, pcode error at 096565a0: Unable to disassemble EXTERNAL block location: 096565a0  
2026-07-19 22:43:16 WARN  (DecompileCallback) Decompiling 096565a8, pcode error at 096565a8: Unable to disassemble EXTERNAL block location: 096565a8  
2026-07-19 22:43:16 WARN  (DecompileCallback) Decompiling 096565b0, pcode error at 096565b0: Unable to disassemble EXTERNAL block location: 096565b0  
2026-07-19 22:43:16 WARN  (DecompileCallback) Decompiling 096565b8, pcode error at 096565b8: Unable to disassemble EXTERNAL block location: 096565b8  
2026-07-19 22:43:16 WARN  (DecompileCallback) Decompiling 096565c0, pcode error at 096565c0: Unable to disassemble EXTERNAL block location: 096565c0  
2026-07-19 22:43:16 WARN  (DecompileCallback) Decompiling 096565c8, pcode error at 096565c8: Unable to disassemble EXTERNAL block location: 096565c8  
2026-07-19 22:43:16 WARN  (DecompileCallback) Decompiling 096565d0, pcode error at 096565d0: Unable to disassemble EXTERNAL block location: 096565d0  
2026-07-19 22:43:16 WARN  (DecompileCallback) Decompiling 096565d8, pcode error at 096565d8: Unable to disassemble EXTERNAL block location: 096565d8  
2026-07-19 22:43:16 WARN  (DecompileCallback) Decompiling 096565e0, pcode error at 096565e0: Unable to disassemble EXTERNAL block location: 096565e0  
2026-07-19 22:43:16 WARN  (DecompileCallback) Decompiling 096565e8, pcode error at 096565e8: Unable to disassemble EXTERNAL block location: 096565e8  
2026-07-19 22:43:16 WARN  (DecompileCallback) Decompiling 096565f0, pcode error at 096565f0: Unable to disassemble EXTERNAL block location: 096565f0  
2026-07-19 22:43:16 WARN  (DecompileCallback) Decompiling 096565f8, pcode error at 096565f8: Unable to disassemble EXTERNAL block location: 096565f8  
2026-07-19 22:43:16 WARN  (DecompileCallback) Decompiling 09656600, pcode error at 09656600: Unable to disassemble EXTERNAL block location: 09656600  
2026-07-19 22:43:16 WARN  (DecompileCallback) Decompiling 09656608, pcode error at 09656608: Unable to disassemble EXTERNAL block location: 09656608  
2026-07-19 22:43:16 WARN  (DecompileCallback) Decompiling 09656610, pcode error at 09656610: Unable to disassemble EXTERNAL block location: 09656610  
2026-07-19 22:43:16 WARN  (DecompileCallback) Decompiling 09656618, pcode error at 09656618: Unable to disassemble EXTERNAL block location: 09656618  
2026-07-19 22:43:16 WARN  (DecompileCallback) Decompiling 09656620, pcode error at 09656620: Unable to disassemble EXTERNAL block location: 09656620  
2026-07-19 22:43:16 WARN  (DecompileCallback) Decompiling 09656628, pcode error at 09656628: Unable to disassemble EXTERNAL block location: 09656628  
2026-07-19 22:43:16 WARN  (DecompileCallback) Decompiling 09656630, pcode error at 09656630: Unable to disassemble EXTERNAL block location: 09656630  
2026-07-19 22:43:16 WARN  (DecompileCallback) Decompiling 09656638, pcode error at 09656638: Unable to disassemble EXTERNAL block location: 09656638  
2026-07-19 22:43:16 WARN  (DecompileCallback) Decompiling 09656640, pcode error at 09656640: Unable to disassemble EXTERNAL block location: 09656640  
2026-07-19 22:43:16 WARN  (DecompileCallback) Decompiling 09656648, pcode error at 09656648: Unable to disassemble EXTERNAL block location: 09656648  
2026-07-19 22:43:16 WARN  (DecompileCallback) Decompiling 09656650, pcode error at 09656650: Unable to disassemble EXTERNAL block location: 09656650  
2026-07-19 22:43:16 WARN  (DecompileCallback) Decompiling 09656658, pcode error at 09656658: Unable to disassemble EXTERNAL block location: 09656658  
2026-07-19 22:43:16 WARN  (DecompileCallback) Decompiling 09656660, pcode error at 09656660: Unable to disassemble EXTERNAL block location: 09656660  
2026-07-19 22:43:16 WARN  (DecompileCallback) Decompiling 09656668, pcode error at 09656668: Unable to disassemble EXTERNAL block location: 09656668  
2026-07-19 22:43:16 WARN  (DecompileCallback) Decompiling 09656670, pcode error at 09656670: Unable to disassemble EXTERNAL block location: 09656670  
2026-07-19 22:43:16 WARN  (DecompileCallback) Decompiling 09656678, pcode error at 09656678: Unable to disassemble EXTERNAL block location: 09656678  
2026-07-19 22:43:16 WARN  (DecompileCallback) Decompiling 09656680, pcode error at 09656680: Unable to disassemble EXTERNAL block location: 09656680  
2026-07-19 22:43:16 WARN  (DecompileCallback) Decompiling 09656688, pcode error at 09656688: Unable to disassemble EXTERNAL block location: 09656688  
2026-07-19 22:43:16 WARN  (DecompileCallback) Decompiling 09656690, pcode error at 09656690: Unable to disassemble EXTERNAL block location: 09656690  
2026-07-19 22:43:17 WARN  (DecompileCallback) Decompiling 09656698, pcode error at 09656698: Unable to disassemble EXTERNAL block location: 09656698  
2026-07-19 22:43:17 WARN  (DecompileCallback) Decompiling 096566a0, pcode error at 096566a0: Unable to disassemble EXTERNAL block location: 096566a0  
2026-07-19 22:43:17 WARN  (DecompileCallback) Decompiling 096566a8, pcode error at 096566a8: Unable to disassemble EXTERNAL block location: 096566a8  
2026-07-19 22:43:17 WARN  (DecompileCallback) Decompiling 096566b0, pcode error at 096566b0: Unable to disassemble EXTERNAL block location: 096566b0  
2026-07-19 22:43:17 WARN  (DecompileCallback) Decompiling 096566b8, pcode error at 096566b8: Unable to disassemble EXTERNAL block location: 096566b8  
2026-07-19 22:43:17 WARN  (DecompileCallback) Decompiling 096566c0, pcode error at 096566c0: Unable to disassemble EXTERNAL block location: 096566c0  
2026-07-19 22:43:17 WARN  (DecompileCallback) Decompiling 096566c8, pcode error at 096566c8: Unable to disassemble EXTERNAL block location: 096566c8  
2026-07-19 22:43:17 WARN  (DecompileCallback) Decompiling 096566d0, pcode error at 096566d0: Unable to disassemble EXTERNAL block location: 096566d0  
2026-07-19 22:43:17 WARN  (DecompileCallback) Decompiling 096566d8, pcode error at 096566d8: Unable to disassemble EXTERNAL block location: 096566d8  
2026-07-19 22:43:17 WARN  (DecompileCallback) Decompiling 096566e0, pcode error at 096566e0: Unable to disassemble EXTERNAL block location: 096566e0  
2026-07-19 22:43:17 WARN  (DecompileCallback) Decompiling 096566e8, pcode error at 096566e8: Unable to disassemble EXTERNAL block location: 096566e8  
2026-07-19 22:43:17 WARN  (DecompileCallback) Decompiling 096566f0, pcode error at 096566f0: Unable to disassemble EXTERNAL block location: 096566f0  
2026-07-19 22:43:17 WARN  (DecompileCallback) Decompiling 096566f8, pcode error at 096566f8: Unable to disassemble EXTERNAL block location: 096566f8  
2026-07-19 22:43:17 WARN  (DecompileCallback) Decompiling 09656700, pcode error at 09656700: Unable to disassemble EXTERNAL block location: 09656700  
2026-07-19 22:43:17 WARN  (DecompileCallback) Decompiling 09656708, pcode error at 09656708: Unable to disassemble EXTERNAL block location: 09656708  
2026-07-19 22:43:17 WARN  (DecompileCallback) Decompiling 09656710, pcode error at 09656710: Unable to disassemble EXTERNAL block location: 09656710  
2026-07-19 22:43:17 WARN  (DecompileCallback) Decompiling 09656718, pcode error at 09656718: Unable to disassemble EXTERNAL block location: 09656718  
2026-07-19 22:43:17 WARN  (DecompileCallback) Decompiling 09656720, pcode error at 09656720: Unable to disassemble EXTERNAL block location: 09656720  
2026-07-19 22:43:17 WARN  (DecompileCallback) Decompiling 09656728, pcode error at 09656728: Unable to disassemble EXTERNAL block location: 09656728  
2026-07-19 22:43:17 WARN  (DecompileCallback) Decompiling 09656730, pcode error at 09656730: Unable to disassemble EXTERNAL block location: 09656730  
2026-07-19 22:43:17 WARN  (DecompileCallback) Decompiling 09656738, pcode error at 09656738: Unable to disassemble EXTERNAL block location: 09656738  
2026-07-19 22:43:17 WARN  (DecompileCallback) Decompiling 09656740, pcode error at 09656740: Unable to disassemble EXTERNAL block location: 09656740  
2026-07-19 22:43:17 WARN  (DecompileCallback) Decompiling 09656748, pcode error at 09656748: Unable to disassemble EXTERNAL block location: 09656748  
2026-07-19 22:43:17 WARN  (DecompileCallback) Decompiling 09656750, pcode error at 09656750: Unable to disassemble EXTERNAL block location: 09656750  
2026-07-19 22:43:17 WARN  (DecompileCallback) Decompiling 09656758, pcode error at 09656758: Unable to disassemble EXTERNAL block location: 09656758  
2026-07-19 22:43:17 WARN  (DecompileCallback) Decompiling 09656760, pcode error at 09656760: Unable to disassemble EXTERNAL block location: 09656760  
2026-07-19 22:43:17 WARN  (DecompileCallback) Decompiling 09656768, pcode error at 09656768: Unable to disassemble EXTERNAL block location: 09656768  
2026-07-19 22:43:17 WARN  (DecompileCallback) Decompiling 09656770, pcode error at 09656770: Unable to disassemble EXTERNAL block location: 09656770  
2026-07-19 22:43:17 WARN  (DecompileCallback) Decompiling 09656778, pcode error at 09656778: Unable to disassemble EXTERNAL block location: 09656778  
2026-07-19 22:43:17 WARN  (DecompileCallback) Decompiling 09656780, pcode error at 09656780: Unable to disassemble EXTERNAL block location: 09656780  
2026-07-19 22:43:17 WARN  (DecompileCallback) Decompiling 09656788, pcode error at 09656788: Unable to disassemble EXTERNAL block location: 09656788  
2026-07-19 22:43:17 WARN  (DecompileCallback) Decompiling 09656790, pcode error at 09656790: Unable to disassemble EXTERNAL block location: 09656790  
2026-07-19 22:43:17 WARN  (DecompileCallback) Decompiling 09656798, pcode error at 09656798: Unable to disassemble EXTERNAL block location: 09656798  
2026-07-19 22:43:17 WARN  (DecompileCallback) Decompiling 096567a0, pcode error at 096567a0: Unable to disassemble EXTERNAL block location: 096567a0  
2026-07-19 22:43:17 WARN  (DecompileCallback) Decompiling 096567a8, pcode error at 096567a8: Unable to disassemble EXTERNAL block location: 096567a8  
2026-07-19 22:43:17 WARN  (DecompileCallback) Decompiling 096567b0, pcode error at 096567b0: Unable to disassemble EXTERNAL block location: 096567b0  
2026-07-19 22:43:17 WARN  (DecompileCallback) Decompiling 096567b8, pcode error at 096567b8: Unable to disassemble EXTERNAL block location: 096567b8  
2026-07-19 22:43:17 WARN  (DecompileCallback) Decompiling 096567c0, pcode error at 096567c0: Unable to disassemble EXTERNAL block location: 096567c0  
2026-07-19 22:43:17 WARN  (DecompileCallback) Decompiling 096567c8, pcode error at 096567c8: Unable to disassemble EXTERNAL block location: 096567c8  
2026-07-19 22:43:17 WARN  (DecompileCallback) Decompiling 096567d0, pcode error at 096567d0: Unable to disassemble EXTERNAL block location: 096567d0  
2026-07-19 22:43:17 WARN  (DecompileCallback) Decompiling 096567d8, pcode error at 096567d8: Unable to disassemble EXTERNAL block location: 096567d8  
2026-07-19 22:43:17 WARN  (DecompileCallback) Decompiling 096567e0, pcode error at 096567e0: Unable to disassemble EXTERNAL block location: 096567e0  
2026-07-19 22:43:17 WARN  (DecompileCallback) Decompiling 096567e8, pcode error at 096567e8: Unable to disassemble EXTERNAL block location: 096567e8  
2026-07-19 22:43:17 WARN  (DecompileCallback) Decompiling 096567f0, pcode error at 096567f0: Unable to disassemble EXTERNAL block location: 096567f0  
2026-07-19 22:43:17 WARN  (DecompileCallback) Decompiling 096567f8, pcode error at 096567f8: Unable to disassemble EXTERNAL block location: 096567f8  
2026-07-19 22:43:17 WARN  (DecompileCallback) Decompiling 09656800, pcode error at 09656800: Unable to disassemble EXTERNAL block location: 09656800  
2026-07-19 22:43:17 WARN  (DecompileCallback) Decompiling 09656808, pcode error at 09656808: Unable to disassemble EXTERNAL block location: 09656808  
2026-07-19 22:43:17 WARN  (DecompileCallback) Decompiling 09656810, pcode error at 09656810: Unable to disassemble EXTERNAL block location: 09656810  
2026-07-19 22:43:17 WARN  (DecompileCallback) Decompiling 09656818, pcode error at 09656818: Unable to disassemble EXTERNAL block location: 09656818  
2026-07-19 22:43:17 WARN  (DecompileCallback) Decompiling 09656820, pcode error at 09656820: Unable to disassemble EXTERNAL block location: 09656820  
2026-07-19 22:43:17 WARN  (DecompileCallback) Decompiling 09656828, pcode error at 09656828: Unable to disassemble EXTERNAL block location: 09656828  
2026-07-19 22:43:17 WARN  (DecompileCallback) Decompiling 09656830, pcode error at 09656830: Unable to disassemble EXTERNAL block location: 09656830  
2026-07-19 22:43:17 WARN  (DecompileCallback) Decompiling 09656838, pcode error at 09656838: Unable to disassemble EXTERNAL block location: 09656838  
2026-07-19 22:43:17 WARN  (DecompileCallback) Decompiling 09656840, pcode error at 09656840: Unable to disassemble EXTERNAL block location: 09656840  
2026-07-19 22:43:17 WARN  (DecompileCallback) Decompiling 09656848, pcode error at 09656848: Unable to disassemble EXTERNAL block location: 09656848  
2026-07-19 22:43:17 WARN  (DecompileCallback) Decompiling 09656850, pcode error at 09656850: Unable to disassemble EXTERNAL block location: 09656850  
2026-07-19 22:43:17 WARN  (DecompileCallback) Decompiling 09656858, pcode error at 09656858: Unable to disassemble EXTERNAL block location: 09656858  
2026-07-19 22:43:17 WARN  (DecompileCallback) Decompiling 09656860, pcode error at 09656860: Unable to disassemble EXTERNAL block location: 09656860  
2026-07-19 22:43:17 WARN  (DecompileCallback) Decompiling 09656868, pcode error at 09656868: Unable to disassemble EXTERNAL block location: 09656868  
2026-07-19 22:43:17 WARN  (DecompileCallback) Decompiling 09656870, pcode error at 09656870: Unable to disassemble EXTERNAL block location: 09656870  
2026-07-19 22:43:17 WARN  (DecompileCallback) Decompiling 09656878, pcode error at 09656878: Unable to disassemble EXTERNAL block location: 09656878  
2026-07-19 22:43:17 WARN  (DecompileCallback) Decompiling 09656880, pcode error at 09656880: Unable to disassemble EXTERNAL block location: 09656880  
2026-07-19 22:43:17 WARN  (DecompileCallback) Decompiling 09656888, pcode error at 09656888: Unable to disassemble EXTERNAL block location: 09656888  
2026-07-19 22:43:17 WARN  (DecompileCallback) Decompiling 09656890, pcode error at 09656890: Unable to disassemble EXTERNAL block location: 09656890  
2026-07-19 22:43:17 WARN  (DecompileCallback) Decompiling 09656898, pcode error at 09656898: Unable to disassemble EXTERNAL block location: 09656898  
2026-07-19 22:43:17 WARN  (DecompileCallback) Decompiling 096568a0, pcode error at 096568a0: Unable to disassemble EXTERNAL block location: 096568a0  
2026-07-19 22:43:17 WARN  (DecompileCallback) Decompiling 096568a8, pcode error at 096568a8: Unable to disassemble EXTERNAL block location: 096568a8  
2026-07-19 22:43:17 WARN  (DecompileCallback) Decompiling 096568b0, pcode error at 096568b0: Unable to disassemble EXTERNAL block location: 096568b0  
2026-07-19 22:43:17 WARN  (DecompileCallback) Decompiling 096568b8, pcode error at 096568b8: Unable to disassemble EXTERNAL block location: 096568b8  
2026-07-19 22:43:17 WARN  (DecompileCallback) Decompiling 096568c0, pcode error at 096568c0: Unable to disassemble EXTERNAL block location: 096568c0  
2026-07-19 22:43:17 WARN  (DecompileCallback) Decompiling 096568c8, pcode error at 096568c8: Unable to disassemble EXTERNAL block location: 096568c8  
2026-07-19 22:43:17 WARN  (DecompileCallback) Decompiling 096568d0, pcode error at 096568d0: Unable to disassemble EXTERNAL block location: 096568d0  
2026-07-19 22:43:17 WARN  (DecompileCallback) Decompiling 096568d8, pcode error at 096568d8: Unable to disassemble EXTERNAL block location: 096568d8  
2026-07-19 22:43:17 WARN  (DecompileCallback) Decompiling 096568e0, pcode error at 096568e0: Unable to disassemble EXTERNAL block location: 096568e0  
2026-07-19 22:43:17 WARN  (DecompileCallback) Decompiling 096568e8, pcode error at 096568e8: Unable to disassemble EXTERNAL block location: 096568e8  
2026-07-19 22:43:17 WARN  (DecompileCallback) Decompiling 096568f0, pcode error at 096568f0: Unable to disassemble EXTERNAL block location: 096568f0  
2026-07-19 22:43:17 WARN  (DecompileCallback) Decompiling 096568f8, pcode error at 096568f8: Unable to disassemble EXTERNAL block location: 096568f8  
2026-07-19 22:43:17 WARN  (DecompileCallback) Decompiling 09656900, pcode error at 09656900: Unable to disassemble EXTERNAL block location: 09656900  
2026-07-19 22:43:17 WARN  (DecompileCallback) Decompiling 09656908, pcode error at 09656908: Unable to disassemble EXTERNAL block location: 09656908  
2026-07-19 22:43:17 WARN  (DecompileCallback) Decompiling 09656910, pcode error at 09656910: Unable to disassemble EXTERNAL block location: 09656910  
2026-07-19 22:43:17 WARN  (DecompileCallback) Decompiling 09656918, pcode error at 09656918: Unable to disassemble EXTERNAL block location: 09656918  
2026-07-19 22:43:17 WARN  (DecompileCallback) Decompiling 09656920, pcode error at 09656920: Unable to disassemble EXTERNAL block location: 09656920  
2026-07-19 22:43:17 WARN  (DecompileCallback) Decompiling 09656928, pcode error at 09656928: Unable to disassemble EXTERNAL block location: 09656928  
2026-07-19 22:43:17 WARN  (DecompileCallback) Decompiling 09656930, pcode error at 09656930: Unable to disassemble EXTERNAL block location: 09656930  
2026-07-19 22:43:17 WARN  (DecompileCallback) Decompiling 09656938, pcode error at 09656938: Unable to disassemble EXTERNAL block location: 09656938  
2026-07-19 22:43:17 WARN  (DecompileCallback) Decompiling 09656940, pcode error at 09656940: Unable to disassemble EXTERNAL block location: 09656940  
2026-07-19 22:43:17 WARN  (DecompileCallback) Decompiling 09656948, pcode error at 09656948: Unable to disassemble EXTERNAL block location: 09656948  
2026-07-19 22:43:17 WARN  (DecompileCallback) Decompiling 09656950, pcode error at 09656950: Unable to disassemble EXTERNAL block location: 09656950  
2026-07-19 22:43:17 WARN  (DecompileCallback) Decompiling 09656958, pcode error at 09656958: Unable to disassemble EXTERNAL block location: 09656958  
2026-07-19 22:43:17 INFO  (GhidraScript) GeneralStructureEyePatternScan.java> General structure scan complete.  
2026-07-19 22:43:17 INFO  (GhidraScript) GeneralStructureEyePatternScan.java> Total functions scanned: 960851  
2026-07-19 22:43:17 INFO  (GhidraScript) GeneralStructureEyePatternScan.java> Exported functions: 2517  
2026-07-19 22:43:17 INFO  (GhidraScript) GeneralStructureEyePatternScan.java> Decompile failures: 1756  
2026-07-19 22:43:17 INFO  (GhidraScript) GeneralStructureEyePatternScan.java> Report CSV: C:\realDesktop\manifest-evaluations\summer-26\ghidra-pipeline\il2cpp-files\MRTraveler\general-structure-results\structure_scan_report.csv  
2026-07-19 22:43:17 INFO  (GhidraScript) GeneralStructureEyePatternScan.java> Report JSON: C:\realDesktop\manifest-evaluations\summer-26\ghidra-pipeline\il2cpp-files\MRTraveler\general-structure-results\structure_scan_report.json  
2026-07-19 22:43:17 INFO  (HeadlessAnalyzer) REPORT: Save succeeded for processed file: /MRTraveler-libil2cpp.so  
