2026-07-28 05:36:56 INFO  (LoggingInitialization) Using log config file: jar:file:/C:/Users/kimgiordano27/Downloads/ghidra_12.1.2_PUBLIC_20260605/ghidra_12.1.2_PUBLIC/Ghidra/Framework/Generic/lib/Generic.jar!/generic.log4j.xml  
2026-07-28 05:36:56 INFO  (LoggingInitialization) Using log file: C:\realDesktop\manifest-evaluations\summer-26\ghidra-pipeline\il2cpp-files\ZombiesMRFree\general-structure-ghidra.log  
2026-07-28 05:36:56 DEBUG (GhidraObjectInputFilter) Including serial input filter: FileSystem/data/client.rmi.serial.filter  
2026-07-28 05:36:56 INFO  (Preferences) Loading user preferences: C:\Users\kimgiordano27\AppData\Roaming\ghidra\ghidra_12.1.2_PUBLIC\preferences  
2026-07-28 05:36:56 INFO  (ClassSearcher) Searching for classes...  
2026-07-28 05:36:57 INFO  (ClassSearcher) Class search complete (531 ms)  
2026-07-28 05:36:57 INFO  (DefaultSSLContextInitializer) Initializing SSL Context  
2026-07-28 05:36:57 INFO  (SecureRandomFactory) Initializing Random Number Generator...  
2026-07-28 05:36:57 INFO  (SecureRandomFactory) Random Number Generator initialization complete: SHA1PRNG  
2026-07-28 05:36:57 INFO  (DefaultTrustManagerFactory) Trust manager disabled, cacerts have not been set  
2026-07-28 05:36:57 INFO  (AnalyzeHeadless) Headless startup complete (1653 ms)  
2026-07-28 05:36:57 INFO  (ClassSearcher) Class searcher loaded 59 extension points (20 false positives)  
2026-07-28 05:36:57 INFO  (HeadlessAnalyzer) HEADLESS Script Paths:
    C:\Users\kimgiordano27\Downloads\ghidra_12.1.2_PUBLIC_20260605\ghidra_12.1.2_PUBLIC\Ghidra\Features\DecompilerDependent\ghidra_scripts
    C:\Users\kimgiordano27\Downloads\ghidra_12.1.2_PUBLIC_20260605\ghidra_12.1.2_PUBLIC\Ghidra\Processors\Atmel\ghidra_scripts
    C:\Users\kimgiordano27\Downloads\ghidra_12.1.2_PUBLIC_20260605\ghidra_12.1.2_PUBLIC\Ghidra\Processors\PIC\ghidra_scripts
    C:\Users\kimgiordano27\Downloads\ghidra_12.1.2_PUBLIC_20260605\ghidra_12.1.2_PUBLIC\Ghidra\Features\VersionTracking\ghidra_scripts
    C:\Users\kimgiordano27\Downloads\ghidra_12.1.2_PUBLIC_20260605\ghidra_12.1.2_PUBLIC\Ghidra\Features\BytePatterns\ghidra_scripts
    C:\Users\kimgiordano27\ghidra_scripts
    C:\Users\kimgiordano27\Downloads\ghidra_12.1.2_PUBLIC_20260605\ghidra_12.1.2_PUBLIC\Ghidra\Features\BSim\ghidra_scripts
    C:\realDesktop\manifest-evaluations\summer-26\ghidra-pipeline\ghidra-export-scripts
    C:\Users\kimgiordano27\Downloads\ghidra_12.1.2_PUBLIC_20260605\ghidra_12.1.2_PUBLIC\Ghidra\Processors\JVM\ghidra_scripts
    C:\Users\kimgiordano27\Downloads\ghidra_12.1.2_PUBLIC_20260605\ghidra_12.1.2_PUBLIC\Ghidra\Features\Base\ghidra_scripts
    C:\Users\kimgiordano27\Downloads\ghidra_12.1.2_PUBLIC_20260605\ghidra_12.1.2_PUBLIC\Ghidra\Features\SwiftDemangler\ghidra_scripts
    C:\Users\kimgiordano27\Downloads\ghidra_12.1.2_PUBLIC_20260605\ghidra_12.1.2_PUBLIC\Ghidra\Features\WildcardAssembler\ghidra_scripts
    C:\Users\kimgiordano27\Downloads\ghidra_12.1.2_PUBLIC_20260605\ghidra_12.1.2_PUBLIC\Ghidra\Features\FileFormats\ghidra_scripts
    C:\Users\kimgiordano27\Downloads\ghidra_12.1.2_PUBLIC_20260605\ghidra_12.1.2_PUBLIC\Ghidra\Features\Decompiler\ghidra_scripts
    C:\Users\kimgiordano27\Downloads\ghidra_12.1.2_PUBLIC_20260605\ghidra_12.1.2_PUBLIC\Ghidra\Features\SystemEmulation\ghidra_scripts
    C:\Users\kimgiordano27\Downloads\ghidra_12.1.2_PUBLIC_20260605\ghidra_12.1.2_PUBLIC\Ghidra\Processors\8051\ghidra_scripts
    C:\Users\kimgiordano27\Downloads\ghidra_12.1.2_PUBLIC_20260605\ghidra_12.1.2_PUBLIC\Ghidra\Features\GnuDemangler\ghidra_scripts
    C:\Users\kimgiordano27\Downloads\ghidra_12.1.2_PUBLIC_20260605\ghidra_12.1.2_PUBLIC\Ghidra\Debug\Debugger\ghidra_scripts
    C:\Users\kimgiordano27\Downloads\ghidra_12.1.2_PUBLIC_20260605\ghidra_12.1.2_PUBLIC\Ghidra\Processors\DATA\ghidra_scripts
    C:\Users\kimgiordano27\Downloads\ghidra_12.1.2_PUBLIC_20260605\ghidra_12.1.2_PUBLIC\Ghidra\Debug\Debugger-rmi-trace\ghidra_scripts
    C:\Users\kimgiordano27\Downloads\ghidra_12.1.2_PUBLIC_20260605\ghidra_12.1.2_PUBLIC\Ghidra\Features\FunctionID\ghidra_scripts
    C:\Users\kimgiordano27\Downloads\ghidra_12.1.2_PUBLIC_20260605\ghidra_12.1.2_PUBLIC\Ghidra\Features\MicrosoftCodeAnalyzer\ghidra_scripts
    C:\Users\kimgiordano27\Downloads\ghidra_12.1.2_PUBLIC_20260605\ghidra_12.1.2_PUBLIC\Ghidra\Features\PDB\ghidra_scripts
    C:\Users\kimgiordano27\AppData\Roaming\ghidra\ghidra_12.1.2_PUBLIC\Extensions\Jython\ghidra_scripts
    C:\Users\kimgiordano27\Downloads\ghidra_12.1.2_PUBLIC_20260605\ghidra_12.1.2_PUBLIC\Ghidra\Features\PyGhidra\ghidra_scripts  
2026-07-28 05:36:57 INFO  (HeadlessAnalyzer) HEADLESS: execution starts  
2026-07-28 05:36:57 INFO  (HeadlessAnalyzer) Opening existing project: C:\realDesktop\manifest-evaluations\summer-26\ghidra-pipeline\il2cpp-files\ZombiesMRFree\ghidra-project-ZombiesMRFree\ZombiesMRFree  
2026-07-28 05:36:57 INFO  (HeadlessProject) Opening project: C:\realDesktop\manifest-evaluations\summer-26\ghidra-pipeline\il2cpp-files\ZombiesMRFree\ghidra-project-ZombiesMRFree\ZombiesMRFree  
2026-07-28 05:36:57 INFO  (LocalFileSystem) /ZombiesMRFree-libil2cpp.so: checkout (2) granted (kimgiordano27)  
2026-07-28 05:37:02 INFO  (HeadlessAnalyzer) REPORT: Processing project file: /ZombiesMRFree-libil2cpp.so  
2026-07-28 05:37:03 INFO  (HeadlessAnalyzer) REPORT: Execute script: GeneralStructureEyePatternScan.java 'C:\realDesktop\manifest-evaluations\summer-26\ghidra-pipeline\il2cpp-files\ZombiesMRFree\general-structure-results' '70' 'false'   
2026-07-28 05:37:03 INFO  (HeadlessAnalyzer) SCRIPT: C:\realDesktop\manifest-evaluations\summer-26\ghidra-pipeline\ghidra-export-scripts\GeneralStructureEyePatternScan.java  
2026-07-28 05:37:03 INFO  (GhidraScript) GeneralStructureEyePatternScan.java> General structure scan starting...  
2026-07-28 05:37:03 INFO  (GhidraScript) GeneralStructureEyePatternScan.java> Output: C:\realDesktop\manifest-evaluations\summer-26\ghidra-pipeline\il2cpp-files\ZombiesMRFree\general-structure-results  
2026-07-28 05:37:03 INFO  (GhidraScript) GeneralStructureEyePatternScan.java> Minimum review score: 70  
2026-07-28 05:37:03 INFO  (GhidraScript) GeneralStructureEyePatternScan.java> Export all: false  
2026-07-28 05:37:19 INFO  (GhidraScript) GeneralStructureEyePatternScan.java> Scanned 10000 functions. Exported so far: 0  
2026-07-28 05:37:28 INFO  (GhidraScript) GeneralStructureEyePatternScan.java> Scanned 20000 functions. Exported so far: 1  
2026-07-28 05:37:40 INFO  (GhidraScript) GeneralStructureEyePatternScan.java> Scanned 30000 functions. Exported so far: 1  
2026-07-28 05:37:55 INFO  (GhidraScript) GeneralStructureEyePatternScan.java> Scanned 40000 functions. Exported so far: 1  
2026-07-28 05:38:12 INFO  (GhidraScript) GeneralStructureEyePatternScan.java> Scanned 50000 functions. Exported so far: 1  
2026-07-28 05:38:27 INFO  (GhidraScript) GeneralStructureEyePatternScan.java> Scanned 60000 functions. Exported so far: 1  
2026-07-28 05:38:39 INFO  (GhidraScript) GeneralStructureEyePatternScan.java> Scanned 70000 functions. Exported so far: 1  
2026-07-28 05:39:10 INFO  (GhidraScript) GeneralStructureEyePatternScan.java> Scanned 80000 functions. Exported so far: 1  
2026-07-28 05:39:30 INFO  (GhidraScript) GeneralStructureEyePatternScan.java> Scanned 90000 functions. Exported so far: 1  
2026-07-28 05:39:48 INFO  (GhidraScript) GeneralStructureEyePatternScan.java> Scanned 100000 functions. Exported so far: 1  
2026-07-28 05:40:05 INFO  (GhidraScript) GeneralStructureEyePatternScan.java> Scanned 110000 functions. Exported so far: 1  
2026-07-28 05:40:22 INFO  (GhidraScript) GeneralStructureEyePatternScan.java> Scanned 120000 functions. Exported so far: 1  
2026-07-28 05:40:44 INFO  (GhidraScript) GeneralStructureEyePatternScan.java> Scanned 130000 functions. Exported so far: 1  
2026-07-28 05:41:05 INFO  (GhidraScript) GeneralStructureEyePatternScan.java> Scanned 140000 functions. Exported so far: 1  
2026-07-28 05:41:24 INFO  (GhidraScript) GeneralStructureEyePatternScan.java> Scanned 150000 functions. Exported so far: 1  
2026-07-28 05:42:57 INFO  (GhidraScript) GeneralStructureEyePatternScan.java> Scanned 160000 functions. Exported so far: 3  
2026-07-28 06:07:02 INFO  (GhidraScript) GeneralStructureEyePatternScan.java> Scanned 170000 functions. Exported so far: 31  
2026-07-28 06:09:55 INFO  (GhidraScript) GeneralStructureEyePatternScan.java> Scanned 180000 functions. Exported so far: 61  
2026-07-28 06:14:31 INFO  (GhidraScript) GeneralStructureEyePatternScan.java> Scanned 190000 functions. Exported so far: 81  
2026-07-28 18:41:32 INFO  (GhidraScript) GeneralStructureEyePatternScan.java> Scanned 200000 functions. Exported so far: 92  
2026-07-28 18:46:00 INFO  (GhidraScript) GeneralStructureEyePatternScan.java> Scanned 210000 functions. Exported so far: 98  
2026-07-28 18:51:43 INFO  (GhidraScript) GeneralStructureEyePatternScan.java> Scanned 220000 functions. Exported so far: 128  
2026-07-28 18:52:57 INFO  (GhidraScript) GeneralStructureEyePatternScan.java> Scanned 230000 functions. Exported so far: 136  
2026-07-28 18:53:57 INFO  (GhidraScript) GeneralStructureEyePatternScan.java> Scanned 240000 functions. Exported so far: 149  
2026-07-28 18:54:45 INFO  (GhidraScript) GeneralStructureEyePatternScan.java> Scanned 250000 functions. Exported so far: 149  
2026-07-28 18:56:23 INFO  (GhidraScript) GeneralStructureEyePatternScan.java> Scanned 260000 functions. Exported so far: 159  
2026-07-28 18:58:06 INFO  (GhidraScript) GeneralStructureEyePatternScan.java> Scanned 270000 functions. Exported so far: 181  
2026-07-28 18:59:44 INFO  (GhidraScript) GeneralStructureEyePatternScan.java> Scanned 280000 functions. Exported so far: 193  
2026-07-28 19:00:39 INFO  (GhidraScript) GeneralStructureEyePatternScan.java> Scanned 290000 functions. Exported so far: 194  
2026-07-28 19:02:09 INFO  (GhidraScript) GeneralStructureEyePatternScan.java> Scanned 300000 functions. Exported so far: 197  
2026-07-28 19:02:58 INFO  (GhidraScript) GeneralStructureEyePatternScan.java> Scanned 310000 functions. Exported so far: 250  
2026-07-28 19:03:32 INFO  (GhidraScript) GeneralStructureEyePatternScan.java> Scanned 320000 functions. Exported so far: 250  
2026-07-28 19:06:16 INFO  (GhidraScript) GeneralStructureEyePatternScan.java> Scanned 330000 functions. Exported so far: 250  
2026-07-28 19:07:20 INFO  (GhidraScript) GeneralStructureEyePatternScan.java> Scanned 340000 functions. Exported so far: 250  
2026-07-28 19:08:20 INFO  (GhidraScript) GeneralStructureEyePatternScan.java> Scanned 350000 functions. Exported so far: 250  
2026-07-28 19:09:24 INFO  (GhidraScript) GeneralStructureEyePatternScan.java> Scanned 360000 functions. Exported so far: 253  
2026-07-28 19:10:24 INFO  (GhidraScript) GeneralStructureEyePatternScan.java> Scanned 370000 functions. Exported so far: 259  
2026-07-28 19:11:47 INFO  (GhidraScript) GeneralStructureEyePatternScan.java> Scanned 380000 functions. Exported so far: 359  
2026-07-28 19:12:43 INFO  (GhidraScript) GeneralStructureEyePatternScan.java> Scanned 390000 functions. Exported so far: 362  
2026-07-28 19:13:13 INFO  (GhidraScript) GeneralStructureEyePatternScan.java> Scanned 400000 functions. Exported so far: 362  
2026-07-28 19:14:26 INFO  (GhidraScript) GeneralStructureEyePatternScan.java> Scanned 410000 functions. Exported so far: 368  
2026-07-28 19:15:17 INFO  (GhidraScript) GeneralStructureEyePatternScan.java> Scanned 420000 functions. Exported so far: 382  
2026-07-28 19:16:15 INFO  (GhidraScript) GeneralStructureEyePatternScan.java> Scanned 430000 functions. Exported so far: 382  
2026-07-28 19:17:09 INFO  (GhidraScript) GeneralStructureEyePatternScan.java> Scanned 440000 functions. Exported so far: 382  
2026-07-28 19:19:09 INFO  (GhidraScript) GeneralStructureEyePatternScan.java> Scanned 450000 functions. Exported so far: 413  
2026-07-28 19:20:36 INFO  (GhidraScript) GeneralStructureEyePatternScan.java> Scanned 460000 functions. Exported so far: 418  
2026-07-28 19:21:37 INFO  (GhidraScript) GeneralStructureEyePatternScan.java> Scanned 470000 functions. Exported so far: 418  
2026-07-28 19:22:44 INFO  (GhidraScript) GeneralStructureEyePatternScan.java> Scanned 480000 functions. Exported so far: 425  
2026-07-28 19:25:45 INFO  (GhidraScript) GeneralStructureEyePatternScan.java> Scanned 490000 functions. Exported so far: 438  
2026-07-28 19:26:58 INFO  (GhidraScript) GeneralStructureEyePatternScan.java> Scanned 500000 functions. Exported so far: 439  
2026-07-28 19:28:50 INFO  (GhidraScript) GeneralStructureEyePatternScan.java> Scanned 510000 functions. Exported so far: 439  
2026-07-28 19:30:19 INFO  (GhidraScript) GeneralStructureEyePatternScan.java> Scanned 520000 functions. Exported so far: 439  
2026-07-28 19:31:53 INFO  (GhidraScript) GeneralStructureEyePatternScan.java> Scanned 530000 functions. Exported so far: 439  
2026-07-28 19:33:27 INFO  (GhidraScript) GeneralStructureEyePatternScan.java> Scanned 540000 functions. Exported so far: 529  
2026-07-28 19:34:26 INFO  (GhidraScript) GeneralStructureEyePatternScan.java> Scanned 550000 functions. Exported so far: 563  
2026-07-28 19:34:52 INFO  (GhidraScript) GeneralStructureEyePatternScan.java> Scanned 560000 functions. Exported so far: 563  
2026-07-28 19:35:30 INFO  (GhidraScript) GeneralStructureEyePatternScan.java> Scanned 570000 functions. Exported so far: 563  
2026-07-28 19:36:40 INFO  (GhidraScript) GeneralStructureEyePatternScan.java> Scanned 580000 functions. Exported so far: 563  
2026-07-28 19:39:02 INFO  (GhidraScript) GeneralStructureEyePatternScan.java> Scanned 590000 functions. Exported so far: 618  
2026-07-28 19:40:21 INFO  (GhidraScript) GeneralStructureEyePatternScan.java> Scanned 600000 functions. Exported so far: 825  
2026-07-28 19:44:56 INFO  (GhidraScript) GeneralStructureEyePatternScan.java> Scanned 610000 functions. Exported so far: 825  
2026-07-28 20:02:03 INFO  (GhidraScript) GeneralStructureEyePatternScan.java> Scanned 620000 functions. Exported so far: 946  
2026-07-28 20:03:57 INFO  (GhidraScript) GeneralStructureEyePatternScan.java> Scanned 630000 functions. Exported so far: 950  
2026-07-28 20:06:15 INFO  (GhidraScript) GeneralStructureEyePatternScan.java> Scanned 640000 functions. Exported so far: 957  
2026-07-28 20:08:17 INFO  (GhidraScript) GeneralStructureEyePatternScan.java> Scanned 650000 functions. Exported so far: 1529  
2026-07-28 20:12:05 INFO  (GhidraScript) GeneralStructureEyePatternScan.java> Scanned 660000 functions. Exported so far: 1544  
2026-07-28 20:13:55 INFO  (GhidraScript) GeneralStructureEyePatternScan.java> Scanned 670000 functions. Exported so far: 1567  
2026-07-28 20:19:49 INFO  (GhidraScript) GeneralStructureEyePatternScan.java> Scanned 680000 functions. Exported so far: 1567  
2026-07-28 20:22:54 INFO  (GhidraScript) GeneralStructureEyePatternScan.java> Scanned 690000 functions. Exported so far: 1567  
2026-07-28 20:28:07 INFO  (GhidraScript) GeneralStructureEyePatternScan.java> Scanned 700000 functions. Exported so far: 1569  
2026-07-28 20:47:10 INFO  (GhidraScript) GeneralStructureEyePatternScan.java> Scanned 710000 functions. Exported so far: 1574  
2026-07-28 20:48:57 INFO  (GhidraScript) GeneralStructureEyePatternScan.java> Scanned 720000 functions. Exported so far: 1588  
2026-07-28 20:53:23 INFO  (GhidraScript) GeneralStructureEyePatternScan.java> Scanned 730000 functions. Exported so far: 1603  
2026-07-28 21:00:43 INFO  (GhidraScript) GeneralStructureEyePatternScan.java> Scanned 740000 functions. Exported so far: 1655  
2026-07-28 22:01:19 INFO  (GhidraScript) GeneralStructureEyePatternScan.java> Scanned 750000 functions. Exported so far: 1750  
2026-07-28 22:06:26 INFO  (GhidraScript) GeneralStructureEyePatternScan.java> Scanned 760000 functions. Exported so far: 1758  
2026-07-28 22:07:11 INFO  (GhidraScript) GeneralStructureEyePatternScan.java> Scanned 770000 functions. Exported so far: 1759  
2026-07-28 22:21:50 INFO  (GhidraScript) GeneralStructureEyePatternScan.java> Scanned 780000 functions. Exported so far: 1811  
2026-07-28 22:23:14 WARN  (DecompileCallback) Decompiling 075c4000, pcode error at 075c4000: Unable to disassemble EXTERNAL block location: 075c4000  
2026-07-28 22:23:14 WARN  (DecompileCallback) Decompiling 075c4008, pcode error at 075c4008: Unable to disassemble EXTERNAL block location: 075c4008  
2026-07-28 22:23:14 WARN  (DecompileCallback) Decompiling 075c4010, pcode error at 075c4010: Unable to disassemble EXTERNAL block location: 075c4010  
2026-07-28 22:23:14 WARN  (DecompileCallback) Decompiling 075c4018, pcode error at 075c4018: Unable to disassemble EXTERNAL block location: 075c4018  
2026-07-28 22:23:14 WARN  (DecompileCallback) Decompiling 075c4020, pcode error at 075c4020: Unable to disassemble EXTERNAL block location: 075c4020  
2026-07-28 22:23:14 WARN  (DecompileCallback) Decompiling 075c4028, pcode error at 075c4028: Unable to disassemble EXTERNAL block location: 075c4028  
2026-07-28 22:23:14 WARN  (DecompileCallback) Decompiling 075c4030, pcode error at 075c4030: Unable to disassemble EXTERNAL block location: 075c4030  
2026-07-28 22:23:14 WARN  (DecompileCallback) Decompiling 075c4038, pcode error at 075c4038: Unable to disassemble EXTERNAL block location: 075c4038  
2026-07-28 22:23:14 WARN  (DecompileCallback) Decompiling 075c4040, pcode error at 075c4040: Unable to disassemble EXTERNAL block location: 075c4040  
2026-07-28 22:23:14 WARN  (DecompileCallback) Decompiling 075c4048, pcode error at 075c4048: Unable to disassemble EXTERNAL block location: 075c4048  
2026-07-28 22:23:14 WARN  (DecompileCallback) Decompiling 075c4050, pcode error at 075c4050: Unable to disassemble EXTERNAL block location: 075c4050  
2026-07-28 22:23:14 WARN  (DecompileCallback) Decompiling 075c4058, pcode error at 075c4058: Unable to disassemble EXTERNAL block location: 075c4058  
2026-07-28 22:23:14 WARN  (DecompileCallback) Decompiling 075c4060, pcode error at 075c4060: Unable to disassemble EXTERNAL block location: 075c4060  
2026-07-28 22:23:14 WARN  (DecompileCallback) Decompiling 075c4068, pcode error at 075c4068: Unable to disassemble EXTERNAL block location: 075c4068  
2026-07-28 22:23:14 WARN  (DecompileCallback) Decompiling 075c4070, pcode error at 075c4070: Unable to disassemble EXTERNAL block location: 075c4070  
2026-07-28 22:23:14 WARN  (DecompileCallback) Decompiling 075c4078, pcode error at 075c4078: Unable to disassemble EXTERNAL block location: 075c4078  
2026-07-28 22:23:14 WARN  (DecompileCallback) Decompiling 075c4080, pcode error at 075c4080: Unable to disassemble EXTERNAL block location: 075c4080  
2026-07-28 22:23:14 WARN  (DecompileCallback) Decompiling 075c4088, pcode error at 075c4088: Unable to disassemble EXTERNAL block location: 075c4088  
2026-07-28 22:23:14 WARN  (DecompileCallback) Decompiling 075c4090, pcode error at 075c4090: Unable to disassemble EXTERNAL block location: 075c4090  
2026-07-28 22:23:14 WARN  (DecompileCallback) Decompiling 075c4098, pcode error at 075c4098: Unable to disassemble EXTERNAL block location: 075c4098  
2026-07-28 22:23:14 WARN  (DecompileCallback) Decompiling 075c40a0, pcode error at 075c40a0: Unable to disassemble EXTERNAL block location: 075c40a0  
2026-07-28 22:23:14 WARN  (DecompileCallback) Decompiling 075c40a8, pcode error at 075c40a8: Unable to disassemble EXTERNAL block location: 075c40a8  
2026-07-28 22:23:14 WARN  (DecompileCallback) Decompiling 075c40b0, pcode error at 075c40b0: Unable to disassemble EXTERNAL block location: 075c40b0  
2026-07-28 22:23:14 WARN  (DecompileCallback) Decompiling 075c40b8, pcode error at 075c40b8: Unable to disassemble EXTERNAL block location: 075c40b8  
2026-07-28 22:23:14 WARN  (DecompileCallback) Decompiling 075c40c0, pcode error at 075c40c0: Unable to disassemble EXTERNAL block location: 075c40c0  
2026-07-28 22:23:14 WARN  (DecompileCallback) Decompiling 075c40c8, pcode error at 075c40c8: Unable to disassemble EXTERNAL block location: 075c40c8  
2026-07-28 22:23:14 WARN  (DecompileCallback) Decompiling 075c40d0, pcode error at 075c40d0: Unable to disassemble EXTERNAL block location: 075c40d0  
2026-07-28 22:23:14 WARN  (DecompileCallback) Decompiling 075c40d8, pcode error at 075c40d8: Unable to disassemble EXTERNAL block location: 075c40d8  
2026-07-28 22:23:14 WARN  (DecompileCallback) Decompiling 075c40e0, pcode error at 075c40e0: Unable to disassemble EXTERNAL block location: 075c40e0  
2026-07-28 22:23:14 WARN  (DecompileCallback) Decompiling 075c40e8, pcode error at 075c40e8: Unable to disassemble EXTERNAL block location: 075c40e8  
2026-07-28 22:23:14 WARN  (DecompileCallback) Decompiling 075c40f0, pcode error at 075c40f0: Unable to disassemble EXTERNAL block location: 075c40f0  
2026-07-28 22:23:14 WARN  (DecompileCallback) Decompiling 075c40f8, pcode error at 075c40f8: Unable to disassemble EXTERNAL block location: 075c40f8  
2026-07-28 22:23:14 WARN  (DecompileCallback) Decompiling 075c4100, pcode error at 075c4100: Unable to disassemble EXTERNAL block location: 075c4100  
2026-07-28 22:23:14 WARN  (DecompileCallback) Decompiling 075c4108, pcode error at 075c4108: Unable to disassemble EXTERNAL block location: 075c4108  
2026-07-28 22:23:14 WARN  (DecompileCallback) Decompiling 075c4110, pcode error at 075c4110: Unable to disassemble EXTERNAL block location: 075c4110  
2026-07-28 22:23:14 WARN  (DecompileCallback) Decompiling 075c4118, pcode error at 075c4118: Unable to disassemble EXTERNAL block location: 075c4118  
2026-07-28 22:23:14 WARN  (DecompileCallback) Decompiling 075c4120, pcode error at 075c4120: Unable to disassemble EXTERNAL block location: 075c4120  
2026-07-28 22:23:14 WARN  (DecompileCallback) Decompiling 075c4128, pcode error at 075c4128: Unable to disassemble EXTERNAL block location: 075c4128  
2026-07-28 22:23:14 WARN  (DecompileCallback) Decompiling 075c4130, pcode error at 075c4130: Unable to disassemble EXTERNAL block location: 075c4130  
2026-07-28 22:23:14 WARN  (DecompileCallback) Decompiling 075c4138, pcode error at 075c4138: Unable to disassemble EXTERNAL block location: 075c4138  
2026-07-28 22:23:14 WARN  (DecompileCallback) Decompiling 075c4140, pcode error at 075c4140: Unable to disassemble EXTERNAL block location: 075c4140  
2026-07-28 22:23:14 WARN  (DecompileCallback) Decompiling 075c4148, pcode error at 075c4148: Unable to disassemble EXTERNAL block location: 075c4148  
2026-07-28 22:23:14 WARN  (DecompileCallback) Decompiling 075c4150, pcode error at 075c4150: Unable to disassemble EXTERNAL block location: 075c4150  
2026-07-28 22:23:14 WARN  (DecompileCallback) Decompiling 075c4158, pcode error at 075c4158: Unable to disassemble EXTERNAL block location: 075c4158  
2026-07-28 22:23:14 WARN  (DecompileCallback) Decompiling 075c4160, pcode error at 075c4160: Unable to disassemble EXTERNAL block location: 075c4160  
2026-07-28 22:23:14 WARN  (DecompileCallback) Decompiling 075c4170, pcode error at 075c4170: Unable to disassemble EXTERNAL block location: 075c4170  
2026-07-28 22:23:14 WARN  (DecompileCallback) Decompiling 075c4178, pcode error at 075c4178: Unable to disassemble EXTERNAL block location: 075c4178  
2026-07-28 22:23:14 WARN  (DecompileCallback) Decompiling 075c4180, pcode error at 075c4180: Unable to disassemble EXTERNAL block location: 075c4180  
2026-07-28 22:23:14 WARN  (DecompileCallback) Decompiling 075c4188, pcode error at 075c4188: Unable to disassemble EXTERNAL block location: 075c4188  
2026-07-28 22:23:14 WARN  (DecompileCallback) Decompiling 075c4190, pcode error at 075c4190: Unable to disassemble EXTERNAL block location: 075c4190  
2026-07-28 22:23:14 WARN  (DecompileCallback) Decompiling 075c4198, pcode error at 075c4198: Unable to disassemble EXTERNAL block location: 075c4198  
2026-07-28 22:23:14 WARN  (DecompileCallback) Decompiling 075c41a0, pcode error at 075c41a0: Unable to disassemble EXTERNAL block location: 075c41a0  
2026-07-28 22:23:14 WARN  (DecompileCallback) Decompiling 075c41a8, pcode error at 075c41a8: Unable to disassemble EXTERNAL block location: 075c41a8  
2026-07-28 22:23:14 WARN  (DecompileCallback) Decompiling 075c41b0, pcode error at 075c41b0: Unable to disassemble EXTERNAL block location: 075c41b0  
2026-07-28 22:23:14 WARN  (DecompileCallback) Decompiling 075c41b8, pcode error at 075c41b8: Unable to disassemble EXTERNAL block location: 075c41b8  
2026-07-28 22:23:14 WARN  (DecompileCallback) Decompiling 075c41c0, pcode error at 075c41c0: Unable to disassemble EXTERNAL block location: 075c41c0  
2026-07-28 22:23:14 WARN  (DecompileCallback) Decompiling 075c41c8, pcode error at 075c41c8: Unable to disassemble EXTERNAL block location: 075c41c8  
2026-07-28 22:23:14 WARN  (DecompileCallback) Decompiling 075c41d0, pcode error at 075c41d0: Unable to disassemble EXTERNAL block location: 075c41d0  
2026-07-28 22:23:14 WARN  (DecompileCallback) Decompiling 075c41d8, pcode error at 075c41d8: Unable to disassemble EXTERNAL block location: 075c41d8  
2026-07-28 22:23:14 WARN  (DecompileCallback) Decompiling 075c41e0, pcode error at 075c41e0: Unable to disassemble EXTERNAL block location: 075c41e0  
2026-07-28 22:23:14 WARN  (DecompileCallback) Decompiling 075c41e8, pcode error at 075c41e8: Unable to disassemble EXTERNAL block location: 075c41e8  
2026-07-28 22:23:14 WARN  (DecompileCallback) Decompiling 075c41f0, pcode error at 075c41f0: Unable to disassemble EXTERNAL block location: 075c41f0  
2026-07-28 22:23:14 WARN  (DecompileCallback) Decompiling 075c41f8, pcode error at 075c41f8: Unable to disassemble EXTERNAL block location: 075c41f8  
2026-07-28 22:23:14 WARN  (DecompileCallback) Decompiling 075c4200, pcode error at 075c4200: Unable to disassemble EXTERNAL block location: 075c4200  
2026-07-28 22:23:14 WARN  (DecompileCallback) Decompiling 075c4208, pcode error at 075c4208: Unable to disassemble EXTERNAL block location: 075c4208  
2026-07-28 22:23:14 WARN  (DecompileCallback) Decompiling 075c4210, pcode error at 075c4210: Unable to disassemble EXTERNAL block location: 075c4210  
2026-07-28 22:23:14 WARN  (DecompileCallback) Decompiling 075c4218, pcode error at 075c4218: Unable to disassemble EXTERNAL block location: 075c4218  
2026-07-28 22:23:14 WARN  (DecompileCallback) Decompiling 075c4220, pcode error at 075c4220: Unable to disassemble EXTERNAL block location: 075c4220  
2026-07-28 22:23:14 WARN  (DecompileCallback) Decompiling 075c4228, pcode error at 075c4228: Unable to disassemble EXTERNAL block location: 075c4228  
2026-07-28 22:23:14 WARN  (DecompileCallback) Decompiling 075c4230, pcode error at 075c4230: Unable to disassemble EXTERNAL block location: 075c4230  
2026-07-28 22:23:14 WARN  (DecompileCallback) Decompiling 075c4238, pcode error at 075c4238: Unable to disassemble EXTERNAL block location: 075c4238  
2026-07-28 22:23:14 WARN  (DecompileCallback) Decompiling 075c4240, pcode error at 075c4240: Unable to disassemble EXTERNAL block location: 075c4240  
2026-07-28 22:23:14 WARN  (DecompileCallback) Decompiling 075c4248, pcode error at 075c4248: Unable to disassemble EXTERNAL block location: 075c4248  
2026-07-28 22:23:14 WARN  (DecompileCallback) Decompiling 075c4250, pcode error at 075c4250: Unable to disassemble EXTERNAL block location: 075c4250  
2026-07-28 22:23:14 WARN  (DecompileCallback) Decompiling 075c4258, pcode error at 075c4258: Unable to disassemble EXTERNAL block location: 075c4258  
2026-07-28 22:23:14 WARN  (DecompileCallback) Decompiling 075c4260, pcode error at 075c4260: Unable to disassemble EXTERNAL block location: 075c4260  
2026-07-28 22:23:14 WARN  (DecompileCallback) Decompiling 075c4268, pcode error at 075c4268: Unable to disassemble EXTERNAL block location: 075c4268  
2026-07-28 22:23:14 WARN  (DecompileCallback) Decompiling 075c4270, pcode error at 075c4270: Unable to disassemble EXTERNAL block location: 075c4270  
2026-07-28 22:23:14 WARN  (DecompileCallback) Decompiling 075c4278, pcode error at 075c4278: Unable to disassemble EXTERNAL block location: 075c4278  
2026-07-28 22:23:14 WARN  (DecompileCallback) Decompiling 075c4288, pcode error at 075c4288: Unable to disassemble EXTERNAL block location: 075c4288  
2026-07-28 22:23:14 WARN  (DecompileCallback) Decompiling 075c4290, pcode error at 075c4290: Unable to disassemble EXTERNAL block location: 075c4290  
2026-07-28 22:23:14 WARN  (DecompileCallback) Decompiling 075c4298, pcode error at 075c4298: Unable to disassemble EXTERNAL block location: 075c4298  
2026-07-28 22:23:14 WARN  (DecompileCallback) Decompiling 075c42a0, pcode error at 075c42a0: Unable to disassemble EXTERNAL block location: 075c42a0  
2026-07-28 22:23:14 WARN  (DecompileCallback) Decompiling 075c42a8, pcode error at 075c42a8: Unable to disassemble EXTERNAL block location: 075c42a8  
2026-07-28 22:23:14 WARN  (DecompileCallback) Decompiling 075c42b0, pcode error at 075c42b0: Unable to disassemble EXTERNAL block location: 075c42b0  
2026-07-28 22:23:14 WARN  (DecompileCallback) Decompiling 075c42b8, pcode error at 075c42b8: Unable to disassemble EXTERNAL block location: 075c42b8  
2026-07-28 22:23:14 WARN  (DecompileCallback) Decompiling 075c42c0, pcode error at 075c42c0: Unable to disassemble EXTERNAL block location: 075c42c0  
2026-07-28 22:23:14 WARN  (DecompileCallback) Decompiling 075c42c8, pcode error at 075c42c8: Unable to disassemble EXTERNAL block location: 075c42c8  
2026-07-28 22:23:14 WARN  (DecompileCallback) Decompiling 075c42d0, pcode error at 075c42d0: Unable to disassemble EXTERNAL block location: 075c42d0  
2026-07-28 22:23:14 WARN  (DecompileCallback) Decompiling 075c42d8, pcode error at 075c42d8: Unable to disassemble EXTERNAL block location: 075c42d8  
2026-07-28 22:23:14 WARN  (DecompileCallback) Decompiling 075c42e0, pcode error at 075c42e0: Unable to disassemble EXTERNAL block location: 075c42e0  
2026-07-28 22:23:14 WARN  (DecompileCallback) Decompiling 075c42e8, pcode error at 075c42e8: Unable to disassemble EXTERNAL block location: 075c42e8  
2026-07-28 22:23:14 WARN  (DecompileCallback) Decompiling 075c42f0, pcode error at 075c42f0: Unable to disassemble EXTERNAL block location: 075c42f0  
2026-07-28 22:23:14 WARN  (DecompileCallback) Decompiling 075c42f8, pcode error at 075c42f8: Unable to disassemble EXTERNAL block location: 075c42f8  
2026-07-28 22:23:14 WARN  (DecompileCallback) Decompiling 075c4300, pcode error at 075c4300: Unable to disassemble EXTERNAL block location: 075c4300  
2026-07-28 22:23:14 WARN  (DecompileCallback) Decompiling 075c4308, pcode error at 075c4308: Unable to disassemble EXTERNAL block location: 075c4308  
2026-07-28 22:23:14 WARN  (DecompileCallback) Decompiling 075c4310, pcode error at 075c4310: Unable to disassemble EXTERNAL block location: 075c4310  
2026-07-28 22:23:14 WARN  (DecompileCallback) Decompiling 075c4318, pcode error at 075c4318: Unable to disassemble EXTERNAL block location: 075c4318  
2026-07-28 22:23:14 WARN  (DecompileCallback) Decompiling 075c4320, pcode error at 075c4320: Unable to disassemble EXTERNAL block location: 075c4320  
2026-07-28 22:23:14 WARN  (DecompileCallback) Decompiling 075c4328, pcode error at 075c4328: Unable to disassemble EXTERNAL block location: 075c4328  
2026-07-28 22:23:14 WARN  (DecompileCallback) Decompiling 075c4330, pcode error at 075c4330: Unable to disassemble EXTERNAL block location: 075c4330  
2026-07-28 22:23:14 WARN  (DecompileCallback) Decompiling 075c4338, pcode error at 075c4338: Unable to disassemble EXTERNAL block location: 075c4338  
2026-07-28 22:23:14 WARN  (DecompileCallback) Decompiling 075c4340, pcode error at 075c4340: Unable to disassemble EXTERNAL block location: 075c4340  
2026-07-28 22:23:14 WARN  (DecompileCallback) Decompiling 075c4348, pcode error at 075c4348: Unable to disassemble EXTERNAL block location: 075c4348  
2026-07-28 22:23:14 WARN  (DecompileCallback) Decompiling 075c4350, pcode error at 075c4350: Unable to disassemble EXTERNAL block location: 075c4350  
2026-07-28 22:23:14 WARN  (DecompileCallback) Decompiling 075c4358, pcode error at 075c4358: Unable to disassemble EXTERNAL block location: 075c4358  
2026-07-28 22:23:14 WARN  (DecompileCallback) Decompiling 075c4360, pcode error at 075c4360: Unable to disassemble EXTERNAL block location: 075c4360  
2026-07-28 22:23:14 WARN  (DecompileCallback) Decompiling 075c4368, pcode error at 075c4368: Unable to disassemble EXTERNAL block location: 075c4368  
2026-07-28 22:23:14 WARN  (DecompileCallback) Decompiling 075c4370, pcode error at 075c4370: Unable to disassemble EXTERNAL block location: 075c4370  
2026-07-28 22:23:14 WARN  (DecompileCallback) Decompiling 075c4378, pcode error at 075c4378: Unable to disassemble EXTERNAL block location: 075c4378  
2026-07-28 22:23:14 WARN  (DecompileCallback) Decompiling 075c4380, pcode error at 075c4380: Unable to disassemble EXTERNAL block location: 075c4380  
2026-07-28 22:23:14 WARN  (DecompileCallback) Decompiling 075c4388, pcode error at 075c4388: Unable to disassemble EXTERNAL block location: 075c4388  
2026-07-28 22:23:14 WARN  (DecompileCallback) Decompiling 075c4390, pcode error at 075c4390: Unable to disassemble EXTERNAL block location: 075c4390  
2026-07-28 22:23:14 WARN  (DecompileCallback) Decompiling 075c4398, pcode error at 075c4398: Unable to disassemble EXTERNAL block location: 075c4398  
2026-07-28 22:23:14 WARN  (DecompileCallback) Decompiling 075c43a0, pcode error at 075c43a0: Unable to disassemble EXTERNAL block location: 075c43a0  
2026-07-28 22:23:14 WARN  (DecompileCallback) Decompiling 075c43a8, pcode error at 075c43a8: Unable to disassemble EXTERNAL block location: 075c43a8  
2026-07-28 22:23:14 WARN  (DecompileCallback) Decompiling 075c43b0, pcode error at 075c43b0: Unable to disassemble EXTERNAL block location: 075c43b0  
2026-07-28 22:23:14 WARN  (DecompileCallback) Decompiling 075c43b8, pcode error at 075c43b8: Unable to disassemble EXTERNAL block location: 075c43b8  
2026-07-28 22:23:14 WARN  (DecompileCallback) Decompiling 075c43c0, pcode error at 075c43c0: Unable to disassemble EXTERNAL block location: 075c43c0  
2026-07-28 22:23:14 WARN  (DecompileCallback) Decompiling 075c43c8, pcode error at 075c43c8: Unable to disassemble EXTERNAL block location: 075c43c8  
2026-07-28 22:23:14 WARN  (DecompileCallback) Decompiling 075c43d0, pcode error at 075c43d0: Unable to disassemble EXTERNAL block location: 075c43d0  
2026-07-28 22:23:14 WARN  (DecompileCallback) Decompiling 075c43d8, pcode error at 075c43d8: Unable to disassemble EXTERNAL block location: 075c43d8  
2026-07-28 22:23:14 WARN  (DecompileCallback) Decompiling 075c43e0, pcode error at 075c43e0: Unable to disassemble EXTERNAL block location: 075c43e0  
2026-07-28 22:23:14 WARN  (DecompileCallback) Decompiling 075c43e8, pcode error at 075c43e8: Unable to disassemble EXTERNAL block location: 075c43e8  
2026-07-28 22:23:14 WARN  (DecompileCallback) Decompiling 075c43f0, pcode error at 075c43f0: Unable to disassemble EXTERNAL block location: 075c43f0  
2026-07-28 22:23:14 WARN  (DecompileCallback) Decompiling 075c43f8, pcode error at 075c43f8: Unable to disassemble EXTERNAL block location: 075c43f8  
2026-07-28 22:23:14 WARN  (DecompileCallback) Decompiling 075c4400, pcode error at 075c4400: Unable to disassemble EXTERNAL block location: 075c4400  
2026-07-28 22:23:14 WARN  (DecompileCallback) Decompiling 075c4408, pcode error at 075c4408: Unable to disassemble EXTERNAL block location: 075c4408  
2026-07-28 22:23:14 WARN  (DecompileCallback) Decompiling 075c4410, pcode error at 075c4410: Unable to disassemble EXTERNAL block location: 075c4410  
2026-07-28 22:23:14 WARN  (DecompileCallback) Decompiling 075c4418, pcode error at 075c4418: Unable to disassemble EXTERNAL block location: 075c4418  
2026-07-28 22:23:14 WARN  (DecompileCallback) Decompiling 075c4420, pcode error at 075c4420: Unable to disassemble EXTERNAL block location: 075c4420  
2026-07-28 22:23:14 WARN  (DecompileCallback) Decompiling 075c4428, pcode error at 075c4428: Unable to disassemble EXTERNAL block location: 075c4428  
2026-07-28 22:23:14 WARN  (DecompileCallback) Decompiling 075c4430, pcode error at 075c4430: Unable to disassemble EXTERNAL block location: 075c4430  
2026-07-28 22:23:14 WARN  (DecompileCallback) Decompiling 075c4438, pcode error at 075c4438: Unable to disassemble EXTERNAL block location: 075c4438  
2026-07-28 22:23:14 WARN  (DecompileCallback) Decompiling 075c4440, pcode error at 075c4440: Unable to disassemble EXTERNAL block location: 075c4440  
2026-07-28 22:23:14 WARN  (DecompileCallback) Decompiling 075c4448, pcode error at 075c4448: Unable to disassemble EXTERNAL block location: 075c4448  
2026-07-28 22:23:14 WARN  (DecompileCallback) Decompiling 075c4450, pcode error at 075c4450: Unable to disassemble EXTERNAL block location: 075c4450  
2026-07-28 22:23:14 WARN  (DecompileCallback) Decompiling 075c4458, pcode error at 075c4458: Unable to disassemble EXTERNAL block location: 075c4458  
2026-07-28 22:23:14 WARN  (DecompileCallback) Decompiling 075c4460, pcode error at 075c4460: Unable to disassemble EXTERNAL block location: 075c4460  
2026-07-28 22:23:14 WARN  (DecompileCallback) Decompiling 075c4468, pcode error at 075c4468: Unable to disassemble EXTERNAL block location: 075c4468  
2026-07-28 22:23:14 WARN  (DecompileCallback) Decompiling 075c4470, pcode error at 075c4470: Unable to disassemble EXTERNAL block location: 075c4470  
2026-07-28 22:23:14 WARN  (DecompileCallback) Decompiling 075c4478, pcode error at 075c4478: Unable to disassemble EXTERNAL block location: 075c4478  
2026-07-28 22:23:14 WARN  (DecompileCallback) Decompiling 075c4480, pcode error at 075c4480: Unable to disassemble EXTERNAL block location: 075c4480  
2026-07-28 22:23:14 WARN  (DecompileCallback) Decompiling 075c4488, pcode error at 075c4488: Unable to disassemble EXTERNAL block location: 075c4488  
2026-07-28 22:23:14 WARN  (DecompileCallback) Decompiling 075c4490, pcode error at 075c4490: Unable to disassemble EXTERNAL block location: 075c4490  
2026-07-28 22:23:14 WARN  (DecompileCallback) Decompiling 075c4498, pcode error at 075c4498: Unable to disassemble EXTERNAL block location: 075c4498  
2026-07-28 22:23:14 WARN  (DecompileCallback) Decompiling 075c44a0, pcode error at 075c44a0: Unable to disassemble EXTERNAL block location: 075c44a0  
2026-07-28 22:23:14 WARN  (DecompileCallback) Decompiling 075c44a8, pcode error at 075c44a8: Unable to disassemble EXTERNAL block location: 075c44a8  
2026-07-28 22:23:14 WARN  (DecompileCallback) Decompiling 075c44b0, pcode error at 075c44b0: Unable to disassemble EXTERNAL block location: 075c44b0  
2026-07-28 22:23:14 WARN  (DecompileCallback) Decompiling 075c44b8, pcode error at 075c44b8: Unable to disassemble EXTERNAL block location: 075c44b8  
2026-07-28 22:23:14 WARN  (DecompileCallback) Decompiling 075c44c0, pcode error at 075c44c0: Unable to disassemble EXTERNAL block location: 075c44c0  
2026-07-28 22:23:14 WARN  (DecompileCallback) Decompiling 075c44c8, pcode error at 075c44c8: Unable to disassemble EXTERNAL block location: 075c44c8  
2026-07-28 22:23:14 WARN  (DecompileCallback) Decompiling 075c44d0, pcode error at 075c44d0: Unable to disassemble EXTERNAL block location: 075c44d0  
2026-07-28 22:23:14 WARN  (DecompileCallback) Decompiling 075c44d8, pcode error at 075c44d8: Unable to disassemble EXTERNAL block location: 075c44d8  
2026-07-28 22:23:14 WARN  (DecompileCallback) Decompiling 075c44e0, pcode error at 075c44e0: Unable to disassemble EXTERNAL block location: 075c44e0  
2026-07-28 22:23:14 WARN  (DecompileCallback) Decompiling 075c44e8, pcode error at 075c44e8: Unable to disassemble EXTERNAL block location: 075c44e8  
2026-07-28 22:23:14 WARN  (DecompileCallback) Decompiling 075c44f0, pcode error at 075c44f0: Unable to disassemble EXTERNAL block location: 075c44f0  
2026-07-28 22:23:14 WARN  (DecompileCallback) Decompiling 075c44f8, pcode error at 075c44f8: Unable to disassemble EXTERNAL block location: 075c44f8  
2026-07-28 22:23:14 WARN  (DecompileCallback) Decompiling 075c4500, pcode error at 075c4500: Unable to disassemble EXTERNAL block location: 075c4500  
2026-07-28 22:23:14 WARN  (DecompileCallback) Decompiling 075c4508, pcode error at 075c4508: Unable to disassemble EXTERNAL block location: 075c4508  
2026-07-28 22:23:14 WARN  (DecompileCallback) Decompiling 075c4510, pcode error at 075c4510: Unable to disassemble EXTERNAL block location: 075c4510  
2026-07-28 22:23:14 WARN  (DecompileCallback) Decompiling 075c4518, pcode error at 075c4518: Unable to disassemble EXTERNAL block location: 075c4518  
2026-07-28 22:23:14 WARN  (DecompileCallback) Decompiling 075c4520, pcode error at 075c4520: Unable to disassemble EXTERNAL block location: 075c4520  
2026-07-28 22:23:14 WARN  (DecompileCallback) Decompiling 075c4528, pcode error at 075c4528: Unable to disassemble EXTERNAL block location: 075c4528  
2026-07-28 22:23:14 WARN  (DecompileCallback) Decompiling 075c4530, pcode error at 075c4530: Unable to disassemble EXTERNAL block location: 075c4530  
2026-07-28 22:23:14 WARN  (DecompileCallback) Decompiling 075c4538, pcode error at 075c4538: Unable to disassemble EXTERNAL block location: 075c4538  
2026-07-28 22:23:14 WARN  (DecompileCallback) Decompiling 075c4540, pcode error at 075c4540: Unable to disassemble EXTERNAL block location: 075c4540  
2026-07-28 22:23:14 WARN  (DecompileCallback) Decompiling 075c4548, pcode error at 075c4548: Unable to disassemble EXTERNAL block location: 075c4548  
2026-07-28 22:23:14 WARN  (DecompileCallback) Decompiling 075c4550, pcode error at 075c4550: Unable to disassemble EXTERNAL block location: 075c4550  
2026-07-28 22:23:14 WARN  (DecompileCallback) Decompiling 075c4558, pcode error at 075c4558: Unable to disassemble EXTERNAL block location: 075c4558  
2026-07-28 22:23:14 WARN  (DecompileCallback) Decompiling 075c4560, pcode error at 075c4560: Unable to disassemble EXTERNAL block location: 075c4560  
2026-07-28 22:23:14 WARN  (DecompileCallback) Decompiling 075c4568, pcode error at 075c4568: Unable to disassemble EXTERNAL block location: 075c4568  
2026-07-28 22:23:14 WARN  (DecompileCallback) Decompiling 075c4570, pcode error at 075c4570: Unable to disassemble EXTERNAL block location: 075c4570  
2026-07-28 22:23:14 WARN  (DecompileCallback) Decompiling 075c4578, pcode error at 075c4578: Unable to disassemble EXTERNAL block location: 075c4578  
2026-07-28 22:23:14 WARN  (DecompileCallback) Decompiling 075c4580, pcode error at 075c4580: Unable to disassemble EXTERNAL block location: 075c4580  
2026-07-28 22:23:14 WARN  (DecompileCallback) Decompiling 075c4588, pcode error at 075c4588: Unable to disassemble EXTERNAL block location: 075c4588  
2026-07-28 22:23:14 WARN  (DecompileCallback) Decompiling 075c4590, pcode error at 075c4590: Unable to disassemble EXTERNAL block location: 075c4590  
2026-07-28 22:23:14 WARN  (DecompileCallback) Decompiling 075c4598, pcode error at 075c4598: Unable to disassemble EXTERNAL block location: 075c4598  
2026-07-28 22:23:14 WARN  (DecompileCallback) Decompiling 075c45a0, pcode error at 075c45a0: Unable to disassemble EXTERNAL block location: 075c45a0  
2026-07-28 22:23:14 WARN  (DecompileCallback) Decompiling 075c45a8, pcode error at 075c45a8: Unable to disassemble EXTERNAL block location: 075c45a8  
2026-07-28 22:23:14 WARN  (DecompileCallback) Decompiling 075c45b0, pcode error at 075c45b0: Unable to disassemble EXTERNAL block location: 075c45b0  
2026-07-28 22:23:14 WARN  (DecompileCallback) Decompiling 075c45b8, pcode error at 075c45b8: Unable to disassemble EXTERNAL block location: 075c45b8  
2026-07-28 22:23:14 WARN  (DecompileCallback) Decompiling 075c45c0, pcode error at 075c45c0: Unable to disassemble EXTERNAL block location: 075c45c0  
2026-07-28 22:23:14 WARN  (DecompileCallback) Decompiling 075c45c8, pcode error at 075c45c8: Unable to disassemble EXTERNAL block location: 075c45c8  
2026-07-28 22:23:14 WARN  (DecompileCallback) Decompiling 075c45d0, pcode error at 075c45d0: Unable to disassemble EXTERNAL block location: 075c45d0  
2026-07-28 22:23:14 WARN  (DecompileCallback) Decompiling 075c45d8, pcode error at 075c45d8: Unable to disassemble EXTERNAL block location: 075c45d8  
2026-07-28 22:23:14 WARN  (DecompileCallback) Decompiling 075c45e0, pcode error at 075c45e0: Unable to disassemble EXTERNAL block location: 075c45e0  
2026-07-28 22:23:14 WARN  (DecompileCallback) Decompiling 075c45e8, pcode error at 075c45e8: Unable to disassemble EXTERNAL block location: 075c45e8  
2026-07-28 22:23:14 WARN  (DecompileCallback) Decompiling 075c45f0, pcode error at 075c45f0: Unable to disassemble EXTERNAL block location: 075c45f0  
2026-07-28 22:23:14 WARN  (DecompileCallback) Decompiling 075c45f8, pcode error at 075c45f8: Unable to disassemble EXTERNAL block location: 075c45f8  
2026-07-28 22:23:14 WARN  (DecompileCallback) Decompiling 075c4600, pcode error at 075c4600: Unable to disassemble EXTERNAL block location: 075c4600  
2026-07-28 22:23:14 WARN  (DecompileCallback) Decompiling 075c4608, pcode error at 075c4608: Unable to disassemble EXTERNAL block location: 075c4608  
2026-07-28 22:23:14 WARN  (DecompileCallback) Decompiling 075c4610, pcode error at 075c4610: Unable to disassemble EXTERNAL block location: 075c4610  
2026-07-28 22:23:14 WARN  (DecompileCallback) Decompiling 075c4618, pcode error at 075c4618: Unable to disassemble EXTERNAL block location: 075c4618  
2026-07-28 22:23:14 WARN  (DecompileCallback) Decompiling 075c4620, pcode error at 075c4620: Unable to disassemble EXTERNAL block location: 075c4620  
2026-07-28 22:23:14 WARN  (DecompileCallback) Decompiling 075c4628, pcode error at 075c4628: Unable to disassemble EXTERNAL block location: 075c4628  
2026-07-28 22:23:14 WARN  (DecompileCallback) Decompiling 075c4630, pcode error at 075c4630: Unable to disassemble EXTERNAL block location: 075c4630  
2026-07-28 22:23:14 WARN  (DecompileCallback) Decompiling 075c4638, pcode error at 075c4638: Unable to disassemble EXTERNAL block location: 075c4638  
2026-07-28 22:23:14 WARN  (DecompileCallback) Decompiling 075c4640, pcode error at 075c4640: Unable to disassemble EXTERNAL block location: 075c4640  
2026-07-28 22:23:14 WARN  (DecompileCallback) Decompiling 075c4648, pcode error at 075c4648: Unable to disassemble EXTERNAL block location: 075c4648  
2026-07-28 22:23:14 WARN  (DecompileCallback) Decompiling 075c4650, pcode error at 075c4650: Unable to disassemble EXTERNAL block location: 075c4650  
2026-07-28 22:23:14 WARN  (DecompileCallback) Decompiling 075c4658, pcode error at 075c4658: Unable to disassemble EXTERNAL block location: 075c4658  
2026-07-28 22:23:14 WARN  (DecompileCallback) Decompiling 075c4660, pcode error at 075c4660: Unable to disassemble EXTERNAL block location: 075c4660  
2026-07-28 22:23:14 WARN  (DecompileCallback) Decompiling 075c4668, pcode error at 075c4668: Unable to disassemble EXTERNAL block location: 075c4668  
2026-07-28 22:23:14 WARN  (DecompileCallback) Decompiling 075c4670, pcode error at 075c4670: Unable to disassemble EXTERNAL block location: 075c4670  
2026-07-28 22:23:14 WARN  (DecompileCallback) Decompiling 075c4678, pcode error at 075c4678: Unable to disassemble EXTERNAL block location: 075c4678  
2026-07-28 22:23:14 WARN  (DecompileCallback) Decompiling 075c4680, pcode error at 075c4680: Unable to disassemble EXTERNAL block location: 075c4680  
2026-07-28 22:23:14 WARN  (DecompileCallback) Decompiling 075c4688, pcode error at 075c4688: Unable to disassemble EXTERNAL block location: 075c4688  
2026-07-28 22:23:14 WARN  (DecompileCallback) Decompiling 075c4690, pcode error at 075c4690: Unable to disassemble EXTERNAL block location: 075c4690  
2026-07-28 22:23:14 WARN  (DecompileCallback) Decompiling 075c4698, pcode error at 075c4698: Unable to disassemble EXTERNAL block location: 075c4698  
2026-07-28 22:23:14 WARN  (DecompileCallback) Decompiling 075c46a0, pcode error at 075c46a0: Unable to disassemble EXTERNAL block location: 075c46a0  
2026-07-28 22:23:14 WARN  (DecompileCallback) Decompiling 075c46a8, pcode error at 075c46a8: Unable to disassemble EXTERNAL block location: 075c46a8  
2026-07-28 22:23:14 WARN  (DecompileCallback) Decompiling 075c46b0, pcode error at 075c46b0: Unable to disassemble EXTERNAL block location: 075c46b0  
2026-07-28 22:23:14 WARN  (DecompileCallback) Decompiling 075c46b8, pcode error at 075c46b8: Unable to disassemble EXTERNAL block location: 075c46b8  
2026-07-28 22:23:14 WARN  (DecompileCallback) Decompiling 075c46c0, pcode error at 075c46c0: Unable to disassemble EXTERNAL block location: 075c46c0  
2026-07-28 22:23:14 WARN  (DecompileCallback) Decompiling 075c46c8, pcode error at 075c46c8: Unable to disassemble EXTERNAL block location: 075c46c8  
2026-07-28 22:23:14 WARN  (DecompileCallback) Decompiling 075c46d0, pcode error at 075c46d0: Unable to disassemble EXTERNAL block location: 075c46d0  
2026-07-28 22:23:14 WARN  (DecompileCallback) Decompiling 075c46d8, pcode error at 075c46d8: Unable to disassemble EXTERNAL block location: 075c46d8  
2026-07-28 22:23:14 WARN  (DecompileCallback) Decompiling 075c46e0, pcode error at 075c46e0: Unable to disassemble EXTERNAL block location: 075c46e0  
2026-07-28 22:23:14 WARN  (DecompileCallback) Decompiling 075c46e8, pcode error at 075c46e8: Unable to disassemble EXTERNAL block location: 075c46e8  
2026-07-28 22:23:14 WARN  (DecompileCallback) Decompiling 075c46f0, pcode error at 075c46f0: Unable to disassemble EXTERNAL block location: 075c46f0  
2026-07-28 22:23:14 WARN  (DecompileCallback) Decompiling 075c46f8, pcode error at 075c46f8: Unable to disassemble EXTERNAL block location: 075c46f8  
2026-07-28 22:23:14 WARN  (DecompileCallback) Decompiling 075c4700, pcode error at 075c4700: Unable to disassemble EXTERNAL block location: 075c4700  
2026-07-28 22:23:14 WARN  (DecompileCallback) Decompiling 075c4708, pcode error at 075c4708: Unable to disassemble EXTERNAL block location: 075c4708  
2026-07-28 22:23:14 WARN  (DecompileCallback) Decompiling 075c4710, pcode error at 075c4710: Unable to disassemble EXTERNAL block location: 075c4710  
2026-07-28 22:23:14 WARN  (DecompileCallback) Decompiling 075c4718, pcode error at 075c4718: Unable to disassemble EXTERNAL block location: 075c4718  
2026-07-28 22:23:14 WARN  (DecompileCallback) Decompiling 075c4720, pcode error at 075c4720: Unable to disassemble EXTERNAL block location: 075c4720  
2026-07-28 22:23:14 WARN  (DecompileCallback) Decompiling 075c4728, pcode error at 075c4728: Unable to disassemble EXTERNAL block location: 075c4728  
2026-07-28 22:23:14 WARN  (DecompileCallback) Decompiling 075c4730, pcode error at 075c4730: Unable to disassemble EXTERNAL block location: 075c4730  
2026-07-28 22:23:14 WARN  (DecompileCallback) Decompiling 075c4738, pcode error at 075c4738: Unable to disassemble EXTERNAL block location: 075c4738  
2026-07-28 22:23:14 WARN  (DecompileCallback) Decompiling 075c4740, pcode error at 075c4740: Unable to disassemble EXTERNAL block location: 075c4740  
2026-07-28 22:23:14 WARN  (DecompileCallback) Decompiling 075c4748, pcode error at 075c4748: Unable to disassemble EXTERNAL block location: 075c4748  
2026-07-28 22:23:14 WARN  (DecompileCallback) Decompiling 075c4750, pcode error at 075c4750: Unable to disassemble EXTERNAL block location: 075c4750  
2026-07-28 22:23:14 WARN  (DecompileCallback) Decompiling 075c4758, pcode error at 075c4758: Unable to disassemble EXTERNAL block location: 075c4758  
2026-07-28 22:23:14 WARN  (DecompileCallback) Decompiling 075c4760, pcode error at 075c4760: Unable to disassemble EXTERNAL block location: 075c4760  
2026-07-28 22:23:14 WARN  (DecompileCallback) Decompiling 075c4768, pcode error at 075c4768: Unable to disassemble EXTERNAL block location: 075c4768  
2026-07-28 22:23:14 WARN  (DecompileCallback) Decompiling 075c4770, pcode error at 075c4770: Unable to disassemble EXTERNAL block location: 075c4770  
2026-07-28 22:23:14 WARN  (DecompileCallback) Decompiling 075c4778, pcode error at 075c4778: Unable to disassemble EXTERNAL block location: 075c4778  
2026-07-28 22:23:14 WARN  (DecompileCallback) Decompiling 075c4780, pcode error at 075c4780: Unable to disassemble EXTERNAL block location: 075c4780  
2026-07-28 22:23:14 WARN  (DecompileCallback) Decompiling 075c4788, pcode error at 075c4788: Unable to disassemble EXTERNAL block location: 075c4788  
2026-07-28 22:23:14 WARN  (DecompileCallback) Decompiling 075c4790, pcode error at 075c4790: Unable to disassemble EXTERNAL block location: 075c4790  
2026-07-28 22:23:14 WARN  (DecompileCallback) Decompiling 075c4798, pcode error at 075c4798: Unable to disassemble EXTERNAL block location: 075c4798  
2026-07-28 22:23:14 WARN  (DecompileCallback) Decompiling 075c47a0, pcode error at 075c47a0: Unable to disassemble EXTERNAL block location: 075c47a0  
2026-07-28 22:23:14 WARN  (DecompileCallback) Decompiling 075c47a8, pcode error at 075c47a8: Unable to disassemble EXTERNAL block location: 075c47a8  
2026-07-28 22:23:14 WARN  (DecompileCallback) Decompiling 075c47b0, pcode error at 075c47b0: Unable to disassemble EXTERNAL block location: 075c47b0  
2026-07-28 22:23:14 WARN  (DecompileCallback) Decompiling 075c47b8, pcode error at 075c47b8: Unable to disassemble EXTERNAL block location: 075c47b8  
2026-07-28 22:23:14 WARN  (DecompileCallback) Decompiling 075c47c0, pcode error at 075c47c0: Unable to disassemble EXTERNAL block location: 075c47c0  
2026-07-28 22:23:14 WARN  (DecompileCallback) Decompiling 075c47c8, pcode error at 075c47c8: Unable to disassemble EXTERNAL block location: 075c47c8  
2026-07-28 22:23:14 WARN  (DecompileCallback) Decompiling 075c47d0, pcode error at 075c47d0: Unable to disassemble EXTERNAL block location: 075c47d0  
2026-07-28 22:23:14 WARN  (DecompileCallback) Decompiling 075c47d8, pcode error at 075c47d8: Unable to disassemble EXTERNAL block location: 075c47d8  
2026-07-28 22:23:14 WARN  (DecompileCallback) Decompiling 075c47e0, pcode error at 075c47e0: Unable to disassemble EXTERNAL block location: 075c47e0  
2026-07-28 22:23:14 WARN  (DecompileCallback) Decompiling 075c47e8, pcode error at 075c47e8: Unable to disassemble EXTERNAL block location: 075c47e8  
2026-07-28 22:23:14 WARN  (DecompileCallback) Decompiling 075c47f0, pcode error at 075c47f0: Unable to disassemble EXTERNAL block location: 075c47f0  
2026-07-28 22:23:14 WARN  (DecompileCallback) Decompiling 075c47f8, pcode error at 075c47f8: Unable to disassemble EXTERNAL block location: 075c47f8  
2026-07-28 22:23:14 WARN  (DecompileCallback) Decompiling 075c4800, pcode error at 075c4800: Unable to disassemble EXTERNAL block location: 075c4800  
2026-07-28 22:23:14 WARN  (DecompileCallback) Decompiling 075c4808, pcode error at 075c4808: Unable to disassemble EXTERNAL block location: 075c4808  
2026-07-28 22:23:14 WARN  (DecompileCallback) Decompiling 075c4810, pcode error at 075c4810: Unable to disassemble EXTERNAL block location: 075c4810  
2026-07-28 22:23:14 WARN  (DecompileCallback) Decompiling 075c4818, pcode error at 075c4818: Unable to disassemble EXTERNAL block location: 075c4818  
2026-07-28 22:23:14 WARN  (DecompileCallback) Decompiling 075c4820, pcode error at 075c4820: Unable to disassemble EXTERNAL block location: 075c4820  
2026-07-28 22:23:14 WARN  (DecompileCallback) Decompiling 075c4828, pcode error at 075c4828: Unable to disassemble EXTERNAL block location: 075c4828  
2026-07-28 22:23:14 WARN  (DecompileCallback) Decompiling 075c4830, pcode error at 075c4830: Unable to disassemble EXTERNAL block location: 075c4830  
2026-07-28 22:23:14 WARN  (DecompileCallback) Decompiling 075c4838, pcode error at 075c4838: Unable to disassemble EXTERNAL block location: 075c4838  
2026-07-28 22:23:14 WARN  (DecompileCallback) Decompiling 075c4840, pcode error at 075c4840: Unable to disassemble EXTERNAL block location: 075c4840  
2026-07-28 22:23:14 WARN  (DecompileCallback) Decompiling 075c4848, pcode error at 075c4848: Unable to disassemble EXTERNAL block location: 075c4848  
2026-07-28 22:23:14 WARN  (DecompileCallback) Decompiling 075c4850, pcode error at 075c4850: Unable to disassemble EXTERNAL block location: 075c4850  
2026-07-28 22:23:14 WARN  (DecompileCallback) Decompiling 075c4858, pcode error at 075c4858: Unable to disassemble EXTERNAL block location: 075c4858  
2026-07-28 22:23:14 WARN  (DecompileCallback) Decompiling 075c4860, pcode error at 075c4860: Unable to disassemble EXTERNAL block location: 075c4860  
2026-07-28 22:23:14 WARN  (DecompileCallback) Decompiling 075c4868, pcode error at 075c4868: Unable to disassemble EXTERNAL block location: 075c4868  
2026-07-28 22:23:14 WARN  (DecompileCallback) Decompiling 075c4870, pcode error at 075c4870: Unable to disassemble EXTERNAL block location: 075c4870  
2026-07-28 22:23:14 WARN  (DecompileCallback) Decompiling 075c4878, pcode error at 075c4878: Unable to disassemble EXTERNAL block location: 075c4878  
2026-07-28 22:23:14 WARN  (DecompileCallback) Decompiling 075c4880, pcode error at 075c4880: Unable to disassemble EXTERNAL block location: 075c4880  
2026-07-28 22:23:14 WARN  (DecompileCallback) Decompiling 075c4888, pcode error at 075c4888: Unable to disassemble EXTERNAL block location: 075c4888  
2026-07-28 22:23:14 WARN  (DecompileCallback) Decompiling 075c4890, pcode error at 075c4890: Unable to disassemble EXTERNAL block location: 075c4890  
2026-07-28 22:23:14 WARN  (DecompileCallback) Decompiling 075c4898, pcode error at 075c4898: Unable to disassemble EXTERNAL block location: 075c4898  
2026-07-28 22:23:14 WARN  (DecompileCallback) Decompiling 075c48a0, pcode error at 075c48a0: Unable to disassemble EXTERNAL block location: 075c48a0  
2026-07-28 22:23:14 WARN  (DecompileCallback) Decompiling 075c48a8, pcode error at 075c48a8: Unable to disassemble EXTERNAL block location: 075c48a8  
2026-07-28 22:23:14 WARN  (DecompileCallback) Decompiling 075c48b0, pcode error at 075c48b0: Unable to disassemble EXTERNAL block location: 075c48b0  
2026-07-28 22:23:14 WARN  (DecompileCallback) Decompiling 075c48b8, pcode error at 075c48b8: Unable to disassemble EXTERNAL block location: 075c48b8  
2026-07-28 22:23:14 WARN  (DecompileCallback) Decompiling 075c48c0, pcode error at 075c48c0: Unable to disassemble EXTERNAL block location: 075c48c0  
2026-07-28 22:23:14 WARN  (DecompileCallback) Decompiling 075c48c8, pcode error at 075c48c8: Unable to disassemble EXTERNAL block location: 075c48c8  
2026-07-28 22:23:14 WARN  (DecompileCallback) Decompiling 075c48d0, pcode error at 075c48d0: Unable to disassemble EXTERNAL block location: 075c48d0  
2026-07-28 22:23:14 WARN  (DecompileCallback) Decompiling 075c48d8, pcode error at 075c48d8: Unable to disassemble EXTERNAL block location: 075c48d8  
2026-07-28 22:23:14 WARN  (DecompileCallback) Decompiling 075c48e0, pcode error at 075c48e0: Unable to disassemble EXTERNAL block location: 075c48e0  
2026-07-28 22:23:14 WARN  (DecompileCallback) Decompiling 075c48e8, pcode error at 075c48e8: Unable to disassemble EXTERNAL block location: 075c48e8  
2026-07-28 22:23:14 WARN  (DecompileCallback) Decompiling 075c48f0, pcode error at 075c48f0: Unable to disassemble EXTERNAL block location: 075c48f0  
2026-07-28 22:23:14 WARN  (DecompileCallback) Decompiling 075c48f8, pcode error at 075c48f8: Unable to disassemble EXTERNAL block location: 075c48f8  
2026-07-28 22:23:14 WARN  (DecompileCallback) Decompiling 075c4900, pcode error at 075c4900: Unable to disassemble EXTERNAL block location: 075c4900  
2026-07-28 22:23:14 WARN  (DecompileCallback) Decompiling 075c4908, pcode error at 075c4908: Unable to disassemble EXTERNAL block location: 075c4908  
2026-07-28 22:23:14 WARN  (DecompileCallback) Decompiling 075c4910, pcode error at 075c4910: Unable to disassemble EXTERNAL block location: 075c4910  
2026-07-28 22:23:14 WARN  (DecompileCallback) Decompiling 075c4918, pcode error at 075c4918: Unable to disassemble EXTERNAL block location: 075c4918  
2026-07-28 22:23:14 WARN  (DecompileCallback) Decompiling 075c4920, pcode error at 075c4920: Unable to disassemble EXTERNAL block location: 075c4920  
2026-07-28 22:23:14 WARN  (DecompileCallback) Decompiling 075c4928, pcode error at 075c4928: Unable to disassemble EXTERNAL block location: 075c4928  
2026-07-28 22:23:14 INFO  (GhidraScript) GeneralStructureEyePatternScan.java> General structure scan complete.  
2026-07-28 22:23:14 INFO  (GhidraScript) GeneralStructureEyePatternScan.java> Total functions scanned: 787925  
2026-07-28 22:23:14 INFO  (GhidraScript) GeneralStructureEyePatternScan.java> Exported functions: 1866  
2026-07-28 22:23:14 INFO  (GhidraScript) GeneralStructureEyePatternScan.java> Decompile failures: 936  
2026-07-28 22:23:14 INFO  (GhidraScript) GeneralStructureEyePatternScan.java> Report CSV: C:\realDesktop\manifest-evaluations\summer-26\ghidra-pipeline\il2cpp-files\ZombiesMRFree\general-structure-results\structure_scan_report.csv  
2026-07-28 22:23:14 INFO  (GhidraScript) GeneralStructureEyePatternScan.java> Report JSON: C:\realDesktop\manifest-evaluations\summer-26\ghidra-pipeline\il2cpp-files\ZombiesMRFree\general-structure-results\structure_scan_report.json  
2026-07-28 22:23:14 INFO  (HeadlessAnalyzer) REPORT: Save succeeded for processed file: /ZombiesMRFree-libil2cpp.so  
