2026-07-20 23:54:13 INFO  (LoggingInitialization) Using log config file: jar:file:/C:/Users/kimgiordano27/Downloads/ghidra_12.1.2_PUBLIC_20260605/ghidra_12.1.2_PUBLIC/Ghidra/Framework/Generic/lib/Generic.jar!/generic.log4j.xml  
2026-07-20 23:54:13 INFO  (LoggingInitialization) Using log file: C:\realDesktop\manifest-evaluations\summer-26\ghidra-pipeline\il2cpp-files\SmashRoomVR\general-structure-ghidra.log  
2026-07-20 23:54:13 DEBUG (GhidraObjectInputFilter) Including serial input filter: FileSystem/data/client.rmi.serial.filter  
2026-07-20 23:54:13 INFO  (Preferences) Loading user preferences: C:\Users\kimgiordano27\AppData\Roaming\ghidra\ghidra_12.1.2_PUBLIC\preferences  
2026-07-20 23:54:13 INFO  (ClassSearcher) Searching for classes...  
2026-07-20 23:54:13 INFO  (ClassSearcher) Class search complete (633 ms)  
2026-07-20 23:54:13 INFO  (DefaultSSLContextInitializer) Initializing SSL Context  
2026-07-20 23:54:13 INFO  (SecureRandomFactory) Initializing Random Number Generator...  
2026-07-20 23:54:13 INFO  (SecureRandomFactory) Random Number Generator initialization complete: SHA1PRNG  
2026-07-20 23:54:13 INFO  (DefaultTrustManagerFactory) Trust manager disabled, cacerts have not been set  
2026-07-20 23:54:14 INFO  (AnalyzeHeadless) Headless startup complete (6054 ms)  
2026-07-20 23:54:14 INFO  (ClassSearcher) Class searcher loaded 59 extension points (20 false positives)  
2026-07-20 23:54:14 INFO  (HeadlessAnalyzer) HEADLESS Script Paths:
    C:\Users\kimgiordano27\Downloads\ghidra_12.1.2_PUBLIC_20260605\ghidra_12.1.2_PUBLIC\Ghidra\Features\DecompilerDependent\ghidra_scripts
    C:\Users\kimgiordano27\Downloads\ghidra_12.1.2_PUBLIC_20260605\ghidra_12.1.2_PUBLIC\Ghidra\Processors\Atmel\ghidra_scripts
    C:\Users\kimgiordano27\Downloads\ghidra_12.1.2_PUBLIC_20260605\ghidra_12.1.2_PUBLIC\Ghidra\Processors\PIC\ghidra_scripts
    C:\Users\kimgiordano27\Downloads\ghidra_12.1.2_PUBLIC_20260605\ghidra_12.1.2_PUBLIC\Ghidra\Features\VersionTracking\ghidra_scripts
    C:\Users\kimgiordano27\Downloads\ghidra_12.1.2_PUBLIC_20260605\ghidra_12.1.2_PUBLIC\Ghidra\Features\BytePatterns\ghidra_scripts
    C:\Users\kimgiordano27\ghidra_scripts
    C:\Users\kimgiordano27\Downloads\ghidra_12.1.2_PUBLIC_20260605\ghidra_12.1.2_PUBLIC\Ghidra\Features\BSim\ghidra_scripts
    C:\realDesktop\manifest-evaluations\summer-26\ghidra-pipeline\ghidra-export-scripts
    C:\Users\kimgiordano27\Downloads\ghidra_12.1.2_PUBLIC_20260605\ghidra_12.1.2_PUBLIC\Ghidra\Processors\JVM\ghidra_scripts
    C:\Users\kimgiordano27\Downloads\ghidra_12.1.2_PUBLIC_20260605\ghidra_12.1.2_PUBLIC\Ghidra\Features\Base\ghidra_scripts
    C:\Users\kimgiordano27\Downloads\ghidra_12.1.2_PUBLIC_20260605\ghidra_12.1.2_PUBLIC\Ghidra\Features\SwiftDemangler\ghidra_scripts
    C:\Users\kimgiordano27\Downloads\ghidra_12.1.2_PUBLIC_20260605\ghidra_12.1.2_PUBLIC\Ghidra\Features\WildcardAssembler\ghidra_scripts
    C:\Users\kimgiordano27\Downloads\ghidra_12.1.2_PUBLIC_20260605\ghidra_12.1.2_PUBLIC\Ghidra\Features\FileFormats\ghidra_scripts
    C:\Users\kimgiordano27\Downloads\ghidra_12.1.2_PUBLIC_20260605\ghidra_12.1.2_PUBLIC\Ghidra\Features\Decompiler\ghidra_scripts
    C:\Users\kimgiordano27\Downloads\ghidra_12.1.2_PUBLIC_20260605\ghidra_12.1.2_PUBLIC\Ghidra\Features\SystemEmulation\ghidra_scripts
    C:\Users\kimgiordano27\Downloads\ghidra_12.1.2_PUBLIC_20260605\ghidra_12.1.2_PUBLIC\Ghidra\Processors\8051\ghidra_scripts
    C:\Users\kimgiordano27\Downloads\ghidra_12.1.2_PUBLIC_20260605\ghidra_12.1.2_PUBLIC\Ghidra\Features\GnuDemangler\ghidra_scripts
    C:\Users\kimgiordano27\Downloads\ghidra_12.1.2_PUBLIC_20260605\ghidra_12.1.2_PUBLIC\Ghidra\Debug\Debugger\ghidra_scripts
    C:\Users\kimgiordano27\Downloads\ghidra_12.1.2_PUBLIC_20260605\ghidra_12.1.2_PUBLIC\Ghidra\Processors\DATA\ghidra_scripts
    C:\Users\kimgiordano27\Downloads\ghidra_12.1.2_PUBLIC_20260605\ghidra_12.1.2_PUBLIC\Ghidra\Debug\Debugger-rmi-trace\ghidra_scripts
    C:\Users\kimgiordano27\Downloads\ghidra_12.1.2_PUBLIC_20260605\ghidra_12.1.2_PUBLIC\Ghidra\Features\FunctionID\ghidra_scripts
    C:\Users\kimgiordano27\Downloads\ghidra_12.1.2_PUBLIC_20260605\ghidra_12.1.2_PUBLIC\Ghidra\Features\MicrosoftCodeAnalyzer\ghidra_scripts
    C:\Users\kimgiordano27\Downloads\ghidra_12.1.2_PUBLIC_20260605\ghidra_12.1.2_PUBLIC\Ghidra\Features\PDB\ghidra_scripts
    C:\Users\kimgiordano27\AppData\Roaming\ghidra\ghidra_12.1.2_PUBLIC\Extensions\Jython\ghidra_scripts
    C:\Users\kimgiordano27\Downloads\ghidra_12.1.2_PUBLIC_20260605\ghidra_12.1.2_PUBLIC\Ghidra\Features\PyGhidra\ghidra_scripts  
2026-07-20 23:54:14 INFO  (HeadlessAnalyzer) HEADLESS: execution starts  
2026-07-20 23:54:14 INFO  (HeadlessAnalyzer) Opening existing project: C:\realDesktop\manifest-evaluations\summer-26\ghidra-pipeline\il2cpp-files\SmashRoomVR\ghidra-project-SmashRoomVR\SmashRoomVR  
2026-07-20 23:54:14 INFO  (HeadlessProject) Opening project: C:\realDesktop\manifest-evaluations\summer-26\ghidra-pipeline\il2cpp-files\SmashRoomVR\ghidra-project-SmashRoomVR\SmashRoomVR  
2026-07-20 23:54:14 INFO  (LocalFileSystem) /SmashRoomVR-libil2cpp.so: checkout (2) granted (kimgiordano27)  
2026-07-20 23:54:18 INFO  (HeadlessAnalyzer) REPORT: Processing project file: /SmashRoomVR-libil2cpp.so  
2026-07-20 23:54:18 INFO  (HeadlessAnalyzer) REPORT: Execute script: GeneralStructureEyePatternScan.java 'C:\realDesktop\manifest-evaluations\summer-26\ghidra-pipeline\il2cpp-files\SmashRoomVR\general-structure-results' '70' 'false'   
2026-07-20 23:54:18 INFO  (HeadlessAnalyzer) SCRIPT: C:\realDesktop\manifest-evaluations\summer-26\ghidra-pipeline\ghidra-export-scripts\GeneralStructureEyePatternScan.java  
2026-07-20 23:54:18 INFO  (GhidraScript) GeneralStructureEyePatternScan.java> General structure scan starting...  
2026-07-20 23:54:18 INFO  (GhidraScript) GeneralStructureEyePatternScan.java> Output: C:\realDesktop\manifest-evaluations\summer-26\ghidra-pipeline\il2cpp-files\SmashRoomVR\general-structure-results  
2026-07-20 23:54:18 INFO  (GhidraScript) GeneralStructureEyePatternScan.java> Minimum review score: 70  
2026-07-20 23:54:18 INFO  (GhidraScript) GeneralStructureEyePatternScan.java> Export all: false  
2026-07-20 23:54:37 INFO  (GhidraScript) GeneralStructureEyePatternScan.java> Scanned 10000 functions. Exported so far: 0  
2026-07-20 23:54:51 INFO  (GhidraScript) GeneralStructureEyePatternScan.java> Scanned 20000 functions. Exported so far: 0  
2026-07-20 23:55:14 INFO  (GhidraScript) GeneralStructureEyePatternScan.java> Scanned 30000 functions. Exported so far: 0  
2026-07-20 23:55:35 INFO  (GhidraScript) GeneralStructureEyePatternScan.java> Scanned 40000 functions. Exported so far: 0  
2026-07-20 23:55:57 INFO  (GhidraScript) GeneralStructureEyePatternScan.java> Scanned 50000 functions. Exported so far: 0  
2026-07-20 23:56:18 INFO  (GhidraScript) GeneralStructureEyePatternScan.java> Scanned 60000 functions. Exported so far: 0  
2026-07-20 23:56:56 INFO  (GhidraScript) GeneralStructureEyePatternScan.java> Scanned 70000 functions. Exported so far: 0  
2026-07-21 00:00:46 INFO  (GhidraScript) GeneralStructureEyePatternScan.java> Scanned 80000 functions. Exported so far: 123  
2026-07-21 00:03:28 INFO  (GhidraScript) GeneralStructureEyePatternScan.java> Scanned 90000 functions. Exported so far: 454  
2026-07-21 00:05:07 INFO  (GhidraScript) GeneralStructureEyePatternScan.java> Scanned 100000 functions. Exported so far: 475  
2026-07-21 00:07:04 INFO  (GhidraScript) GeneralStructureEyePatternScan.java> Scanned 110000 functions. Exported so far: 546  
2026-07-21 00:07:57 INFO  (GhidraScript) GeneralStructureEyePatternScan.java> Scanned 120000 functions. Exported so far: 546  
2026-07-21 00:08:59 INFO  (GhidraScript) GeneralStructureEyePatternScan.java> Scanned 130000 functions. Exported so far: 548  
2026-07-21 00:10:26 INFO  (GhidraScript) GeneralStructureEyePatternScan.java> Scanned 140000 functions. Exported so far: 562  
2026-07-21 00:13:00 INFO  (GhidraScript) GeneralStructureEyePatternScan.java> Scanned 150000 functions. Exported so far: 566  
2026-07-21 00:14:22 INFO  (GhidraScript) GeneralStructureEyePatternScan.java> Scanned 160000 functions. Exported so far: 566  
2026-07-21 00:15:47 INFO  (GhidraScript) GeneralStructureEyePatternScan.java> Scanned 170000 functions. Exported so far: 568  
2026-07-21 00:17:14 INFO  (GhidraScript) GeneralStructureEyePatternScan.java> Scanned 180000 functions. Exported so far: 615  
2026-07-21 00:18:41 INFO  (GhidraScript) GeneralStructureEyePatternScan.java> Scanned 190000 functions. Exported so far: 629  
2026-07-21 00:19:14 INFO  (GhidraScript) GeneralStructureEyePatternScan.java> Scanned 200000 functions. Exported so far: 629  
2026-07-21 00:21:19 INFO  (GhidraScript) GeneralStructureEyePatternScan.java> Scanned 210000 functions. Exported so far: 629  
2026-07-21 00:22:40 INFO  (GhidraScript) GeneralStructureEyePatternScan.java> Scanned 220000 functions. Exported so far: 682  
2026-07-21 00:23:26 INFO  (GhidraScript) GeneralStructureEyePatternScan.java> Scanned 230000 functions. Exported so far: 683  
2026-07-21 00:24:22 INFO  (GhidraScript) GeneralStructureEyePatternScan.java> Scanned 240000 functions. Exported so far: 683  
2026-07-21 00:25:25 INFO  (GhidraScript) GeneralStructureEyePatternScan.java> Scanned 250000 functions. Exported so far: 690  
2026-07-21 00:26:25 INFO  (GhidraScript) GeneralStructureEyePatternScan.java> Scanned 260000 functions. Exported so far: 788  
2026-07-21 00:27:25 INFO  (GhidraScript) GeneralStructureEyePatternScan.java> Scanned 270000 functions. Exported so far: 803  
2026-07-21 00:29:21 INFO  (GhidraScript) GeneralStructureEyePatternScan.java> Scanned 280000 functions. Exported so far: 902  
2026-07-21 00:31:19 INFO  (GhidraScript) GeneralStructureEyePatternScan.java> Scanned 290000 functions. Exported so far: 938  
2026-07-21 01:12:02 INFO  (GhidraScript) GeneralStructureEyePatternScan.java> Scanned 300000 functions. Exported so far: 947  
2026-07-21 01:14:48 INFO  (GhidraScript) GeneralStructureEyePatternScan.java> Scanned 310000 functions. Exported so far: 982  
2026-07-21 01:16:10 INFO  (GhidraScript) GeneralStructureEyePatternScan.java> Scanned 320000 functions. Exported so far: 1546  
2026-07-21 01:19:11 INFO  (GhidraScript) GeneralStructureEyePatternScan.java> Scanned 330000 functions. Exported so far: 1686  
2026-07-21 01:25:14 INFO  (GhidraScript) GeneralStructureEyePatternScan.java> Scanned 340000 functions. Exported so far: 1696  
2026-07-21 01:26:49 INFO  (GhidraScript) GeneralStructureEyePatternScan.java> Scanned 350000 functions. Exported so far: 1716  
2026-07-21 01:34:39 INFO  (GhidraScript) GeneralStructureEyePatternScan.java> Scanned 360000 functions. Exported so far: 1748  
2026-07-21 01:35:31 INFO  (GhidraScript) GeneralStructureEyePatternScan.java> Scanned 370000 functions. Exported so far: 1748  
2026-07-21 05:02:10 INFO  (GhidraScript) GeneralStructureEyePatternScan.java> Scanned 380000 functions. Exported so far: 2167  
2026-07-21 06:05:26 INFO  (GhidraScript) GeneralStructureEyePatternScan.java> Scanned 390000 functions. Exported so far: 2210  
2026-07-21 06:10:00 INFO  (GhidraScript) GeneralStructureEyePatternScan.java> Scanned 400000 functions. Exported so far: 2315  
2026-07-21 06:38:08 INFO  (GhidraScript) GeneralStructureEyePatternScan.java> Scanned 410000 functions. Exported so far: 2364  
2026-07-21 06:41:08 INFO  (GhidraScript) GeneralStructureEyePatternScan.java> Scanned 420000 functions. Exported so far: 2398  
2026-07-21 06:41:22 WARN  (DecompileCallback) Decompiling 04216000, pcode error at 04216000: Unable to disassemble EXTERNAL block location: 04216000  
2026-07-21 06:41:22 WARN  (DecompileCallback) Decompiling 04216008, pcode error at 04216008: Unable to disassemble EXTERNAL block location: 04216008  
2026-07-21 06:41:22 WARN  (DecompileCallback) Decompiling 04216010, pcode error at 04216010: Unable to disassemble EXTERNAL block location: 04216010  
2026-07-21 06:41:22 WARN  (DecompileCallback) Decompiling 04216018, pcode error at 04216018: Unable to disassemble EXTERNAL block location: 04216018  
2026-07-21 06:41:22 WARN  (DecompileCallback) Decompiling 04216020, pcode error at 04216020: Unable to disassemble EXTERNAL block location: 04216020  
2026-07-21 06:41:22 WARN  (DecompileCallback) Decompiling 04216028, pcode error at 04216028: Unable to disassemble EXTERNAL block location: 04216028  
2026-07-21 06:41:22 WARN  (DecompileCallback) Decompiling 04216030, pcode error at 04216030: Unable to disassemble EXTERNAL block location: 04216030  
2026-07-21 06:41:22 WARN  (DecompileCallback) Decompiling 04216038, pcode error at 04216038: Unable to disassemble EXTERNAL block location: 04216038  
2026-07-21 06:41:22 WARN  (DecompileCallback) Decompiling 04216040, pcode error at 04216040: Unable to disassemble EXTERNAL block location: 04216040  
2026-07-21 06:41:22 WARN  (DecompileCallback) Decompiling 04216048, pcode error at 04216048: Unable to disassemble EXTERNAL block location: 04216048  
2026-07-21 06:41:22 WARN  (DecompileCallback) Decompiling 04216050, pcode error at 04216050: Unable to disassemble EXTERNAL block location: 04216050  
2026-07-21 06:41:22 WARN  (DecompileCallback) Decompiling 04216058, pcode error at 04216058: Unable to disassemble EXTERNAL block location: 04216058  
2026-07-21 06:41:22 WARN  (DecompileCallback) Decompiling 04216060, pcode error at 04216060: Unable to disassemble EXTERNAL block location: 04216060  
2026-07-21 06:41:22 WARN  (DecompileCallback) Decompiling 04216068, pcode error at 04216068: Unable to disassemble EXTERNAL block location: 04216068  
2026-07-21 06:41:22 WARN  (DecompileCallback) Decompiling 04216070, pcode error at 04216070: Unable to disassemble EXTERNAL block location: 04216070  
2026-07-21 06:41:22 WARN  (DecompileCallback) Decompiling 04216078, pcode error at 04216078: Unable to disassemble EXTERNAL block location: 04216078  
2026-07-21 06:41:22 WARN  (DecompileCallback) Decompiling 04216080, pcode error at 04216080: Unable to disassemble EXTERNAL block location: 04216080  
2026-07-21 06:41:22 WARN  (DecompileCallback) Decompiling 04216088, pcode error at 04216088: Unable to disassemble EXTERNAL block location: 04216088  
2026-07-21 06:41:22 WARN  (DecompileCallback) Decompiling 04216090, pcode error at 04216090: Unable to disassemble EXTERNAL block location: 04216090  
2026-07-21 06:41:22 WARN  (DecompileCallback) Decompiling 04216098, pcode error at 04216098: Unable to disassemble EXTERNAL block location: 04216098  
2026-07-21 06:41:22 WARN  (DecompileCallback) Decompiling 042160a0, pcode error at 042160a0: Unable to disassemble EXTERNAL block location: 042160a0  
2026-07-21 06:41:22 WARN  (DecompileCallback) Decompiling 042160a8, pcode error at 042160a8: Unable to disassemble EXTERNAL block location: 042160a8  
2026-07-21 06:41:22 WARN  (DecompileCallback) Decompiling 042160b0, pcode error at 042160b0: Unable to disassemble EXTERNAL block location: 042160b0  
2026-07-21 06:41:22 WARN  (DecompileCallback) Decompiling 042160b8, pcode error at 042160b8: Unable to disassemble EXTERNAL block location: 042160b8  
2026-07-21 06:41:22 WARN  (DecompileCallback) Decompiling 042160c0, pcode error at 042160c0: Unable to disassemble EXTERNAL block location: 042160c0  
2026-07-21 06:41:22 WARN  (DecompileCallback) Decompiling 042160c8, pcode error at 042160c8: Unable to disassemble EXTERNAL block location: 042160c8  
2026-07-21 06:41:22 WARN  (DecompileCallback) Decompiling 042160d0, pcode error at 042160d0: Unable to disassemble EXTERNAL block location: 042160d0  
2026-07-21 06:41:22 WARN  (DecompileCallback) Decompiling 042160d8, pcode error at 042160d8: Unable to disassemble EXTERNAL block location: 042160d8  
2026-07-21 06:41:22 WARN  (DecompileCallback) Decompiling 042160e0, pcode error at 042160e0: Unable to disassemble EXTERNAL block location: 042160e0  
2026-07-21 06:41:22 WARN  (DecompileCallback) Decompiling 042160e8, pcode error at 042160e8: Unable to disassemble EXTERNAL block location: 042160e8  
2026-07-21 06:41:22 WARN  (DecompileCallback) Decompiling 042160f0, pcode error at 042160f0: Unable to disassemble EXTERNAL block location: 042160f0  
2026-07-21 06:41:22 WARN  (DecompileCallback) Decompiling 042160f8, pcode error at 042160f8: Unable to disassemble EXTERNAL block location: 042160f8  
2026-07-21 06:41:22 WARN  (DecompileCallback) Decompiling 04216100, pcode error at 04216100: Unable to disassemble EXTERNAL block location: 04216100  
2026-07-21 06:41:22 WARN  (DecompileCallback) Decompiling 04216108, pcode error at 04216108: Unable to disassemble EXTERNAL block location: 04216108  
2026-07-21 06:41:22 WARN  (DecompileCallback) Decompiling 04216110, pcode error at 04216110: Unable to disassemble EXTERNAL block location: 04216110  
2026-07-21 06:41:22 WARN  (DecompileCallback) Decompiling 04216118, pcode error at 04216118: Unable to disassemble EXTERNAL block location: 04216118  
2026-07-21 06:41:22 WARN  (DecompileCallback) Decompiling 04216120, pcode error at 04216120: Unable to disassemble EXTERNAL block location: 04216120  
2026-07-21 06:41:22 WARN  (DecompileCallback) Decompiling 04216128, pcode error at 04216128: Unable to disassemble EXTERNAL block location: 04216128  
2026-07-21 06:41:22 WARN  (DecompileCallback) Decompiling 04216130, pcode error at 04216130: Unable to disassemble EXTERNAL block location: 04216130  
2026-07-21 06:41:22 WARN  (DecompileCallback) Decompiling 04216138, pcode error at 04216138: Unable to disassemble EXTERNAL block location: 04216138  
2026-07-21 06:41:22 WARN  (DecompileCallback) Decompiling 04216140, pcode error at 04216140: Unable to disassemble EXTERNAL block location: 04216140  
2026-07-21 06:41:22 WARN  (DecompileCallback) Decompiling 04216148, pcode error at 04216148: Unable to disassemble EXTERNAL block location: 04216148  
2026-07-21 06:41:22 WARN  (DecompileCallback) Decompiling 04216150, pcode error at 04216150: Unable to disassemble EXTERNAL block location: 04216150  
2026-07-21 06:41:22 WARN  (DecompileCallback) Decompiling 04216158, pcode error at 04216158: Unable to disassemble EXTERNAL block location: 04216158  
2026-07-21 06:41:22 WARN  (DecompileCallback) Decompiling 04216160, pcode error at 04216160: Unable to disassemble EXTERNAL block location: 04216160  
2026-07-21 06:41:22 WARN  (DecompileCallback) Decompiling 04216168, pcode error at 04216168: Unable to disassemble EXTERNAL block location: 04216168  
2026-07-21 06:41:22 WARN  (DecompileCallback) Decompiling 04216170, pcode error at 04216170: Unable to disassemble EXTERNAL block location: 04216170  
2026-07-21 06:41:22 WARN  (DecompileCallback) Decompiling 04216178, pcode error at 04216178: Unable to disassemble EXTERNAL block location: 04216178  
2026-07-21 06:41:22 WARN  (DecompileCallback) Decompiling 04216180, pcode error at 04216180: Unable to disassemble EXTERNAL block location: 04216180  
2026-07-21 06:41:22 WARN  (DecompileCallback) Decompiling 04216188, pcode error at 04216188: Unable to disassemble EXTERNAL block location: 04216188  
2026-07-21 06:41:22 WARN  (DecompileCallback) Decompiling 04216190, pcode error at 04216190: Unable to disassemble EXTERNAL block location: 04216190  
2026-07-21 06:41:22 WARN  (DecompileCallback) Decompiling 04216198, pcode error at 04216198: Unable to disassemble EXTERNAL block location: 04216198  
2026-07-21 06:41:22 WARN  (DecompileCallback) Decompiling 042161a0, pcode error at 042161a0: Unable to disassemble EXTERNAL block location: 042161a0  
2026-07-21 06:41:22 WARN  (DecompileCallback) Decompiling 042161a8, pcode error at 042161a8: Unable to disassemble EXTERNAL block location: 042161a8  
2026-07-21 06:41:22 WARN  (DecompileCallback) Decompiling 042161b0, pcode error at 042161b0: Unable to disassemble EXTERNAL block location: 042161b0  
2026-07-21 06:41:22 WARN  (DecompileCallback) Decompiling 042161b8, pcode error at 042161b8: Unable to disassemble EXTERNAL block location: 042161b8  
2026-07-21 06:41:22 WARN  (DecompileCallback) Decompiling 042161c0, pcode error at 042161c0: Unable to disassemble EXTERNAL block location: 042161c0  
2026-07-21 06:41:22 WARN  (DecompileCallback) Decompiling 042161c8, pcode error at 042161c8: Unable to disassemble EXTERNAL block location: 042161c8  
2026-07-21 06:41:22 WARN  (DecompileCallback) Decompiling 042161d0, pcode error at 042161d0: Unable to disassemble EXTERNAL block location: 042161d0  
2026-07-21 06:41:22 WARN  (DecompileCallback) Decompiling 042161d8, pcode error at 042161d8: Unable to disassemble EXTERNAL block location: 042161d8  
2026-07-21 06:41:22 WARN  (DecompileCallback) Decompiling 042161e0, pcode error at 042161e0: Unable to disassemble EXTERNAL block location: 042161e0  
2026-07-21 06:41:22 WARN  (DecompileCallback) Decompiling 042161e8, pcode error at 042161e8: Unable to disassemble EXTERNAL block location: 042161e8  
2026-07-21 06:41:22 WARN  (DecompileCallback) Decompiling 042161f0, pcode error at 042161f0: Unable to disassemble EXTERNAL block location: 042161f0  
2026-07-21 06:41:22 WARN  (DecompileCallback) Decompiling 042161f8, pcode error at 042161f8: Unable to disassemble EXTERNAL block location: 042161f8  
2026-07-21 06:41:22 WARN  (DecompileCallback) Decompiling 04216200, pcode error at 04216200: Unable to disassemble EXTERNAL block location: 04216200  
2026-07-21 06:41:22 WARN  (DecompileCallback) Decompiling 04216208, pcode error at 04216208: Unable to disassemble EXTERNAL block location: 04216208  
2026-07-21 06:41:22 WARN  (DecompileCallback) Decompiling 04216210, pcode error at 04216210: Unable to disassemble EXTERNAL block location: 04216210  
2026-07-21 06:41:22 WARN  (DecompileCallback) Decompiling 04216218, pcode error at 04216218: Unable to disassemble EXTERNAL block location: 04216218  
2026-07-21 06:41:22 WARN  (DecompileCallback) Decompiling 04216220, pcode error at 04216220: Unable to disassemble EXTERNAL block location: 04216220  
2026-07-21 06:41:22 WARN  (DecompileCallback) Decompiling 04216228, pcode error at 04216228: Unable to disassemble EXTERNAL block location: 04216228  
2026-07-21 06:41:22 WARN  (DecompileCallback) Decompiling 04216230, pcode error at 04216230: Unable to disassemble EXTERNAL block location: 04216230  
2026-07-21 06:41:22 WARN  (DecompileCallback) Decompiling 04216238, pcode error at 04216238: Unable to disassemble EXTERNAL block location: 04216238  
2026-07-21 06:41:22 WARN  (DecompileCallback) Decompiling 04216240, pcode error at 04216240: Unable to disassemble EXTERNAL block location: 04216240  
2026-07-21 06:41:22 WARN  (DecompileCallback) Decompiling 04216248, pcode error at 04216248: Unable to disassemble EXTERNAL block location: 04216248  
2026-07-21 06:41:22 WARN  (DecompileCallback) Decompiling 04216250, pcode error at 04216250: Unable to disassemble EXTERNAL block location: 04216250  
2026-07-21 06:41:22 WARN  (DecompileCallback) Decompiling 04216258, pcode error at 04216258: Unable to disassemble EXTERNAL block location: 04216258  
2026-07-21 06:41:22 WARN  (DecompileCallback) Decompiling 04216260, pcode error at 04216260: Unable to disassemble EXTERNAL block location: 04216260  
2026-07-21 06:41:22 WARN  (DecompileCallback) Decompiling 04216268, pcode error at 04216268: Unable to disassemble EXTERNAL block location: 04216268  
2026-07-21 06:41:22 WARN  (DecompileCallback) Decompiling 04216270, pcode error at 04216270: Unable to disassemble EXTERNAL block location: 04216270  
2026-07-21 06:41:22 WARN  (DecompileCallback) Decompiling 04216278, pcode error at 04216278: Unable to disassemble EXTERNAL block location: 04216278  
2026-07-21 06:41:22 WARN  (DecompileCallback) Decompiling 04216288, pcode error at 04216288: Unable to disassemble EXTERNAL block location: 04216288  
2026-07-21 06:41:22 WARN  (DecompileCallback) Decompiling 04216290, pcode error at 04216290: Unable to disassemble EXTERNAL block location: 04216290  
2026-07-21 06:41:22 WARN  (DecompileCallback) Decompiling 04216298, pcode error at 04216298: Unable to disassemble EXTERNAL block location: 04216298  
2026-07-21 06:41:22 WARN  (DecompileCallback) Decompiling 042162a0, pcode error at 042162a0: Unable to disassemble EXTERNAL block location: 042162a0  
2026-07-21 06:41:22 WARN  (DecompileCallback) Decompiling 042162a8, pcode error at 042162a8: Unable to disassemble EXTERNAL block location: 042162a8  
2026-07-21 06:41:22 WARN  (DecompileCallback) Decompiling 042162b0, pcode error at 042162b0: Unable to disassemble EXTERNAL block location: 042162b0  
2026-07-21 06:41:22 WARN  (DecompileCallback) Decompiling 042162b8, pcode error at 042162b8: Unable to disassemble EXTERNAL block location: 042162b8  
2026-07-21 06:41:22 WARN  (DecompileCallback) Decompiling 042162c0, pcode error at 042162c0: Unable to disassemble EXTERNAL block location: 042162c0  
2026-07-21 06:41:22 WARN  (DecompileCallback) Decompiling 042162c8, pcode error at 042162c8: Unable to disassemble EXTERNAL block location: 042162c8  
2026-07-21 06:41:22 WARN  (DecompileCallback) Decompiling 042162d0, pcode error at 042162d0: Unable to disassemble EXTERNAL block location: 042162d0  
2026-07-21 06:41:22 WARN  (DecompileCallback) Decompiling 042162d8, pcode error at 042162d8: Unable to disassemble EXTERNAL block location: 042162d8  
2026-07-21 06:41:22 WARN  (DecompileCallback) Decompiling 042162e0, pcode error at 042162e0: Unable to disassemble EXTERNAL block location: 042162e0  
2026-07-21 06:41:22 WARN  (DecompileCallback) Decompiling 042162e8, pcode error at 042162e8: Unable to disassemble EXTERNAL block location: 042162e8  
2026-07-21 06:41:22 WARN  (DecompileCallback) Decompiling 042162f0, pcode error at 042162f0: Unable to disassemble EXTERNAL block location: 042162f0  
2026-07-21 06:41:22 WARN  (DecompileCallback) Decompiling 042162f8, pcode error at 042162f8: Unable to disassemble EXTERNAL block location: 042162f8  
2026-07-21 06:41:22 WARN  (DecompileCallback) Decompiling 04216300, pcode error at 04216300: Unable to disassemble EXTERNAL block location: 04216300  
2026-07-21 06:41:22 WARN  (DecompileCallback) Decompiling 04216308, pcode error at 04216308: Unable to disassemble EXTERNAL block location: 04216308  
2026-07-21 06:41:22 WARN  (DecompileCallback) Decompiling 04216310, pcode error at 04216310: Unable to disassemble EXTERNAL block location: 04216310  
2026-07-21 06:41:22 WARN  (DecompileCallback) Decompiling 04216318, pcode error at 04216318: Unable to disassemble EXTERNAL block location: 04216318  
2026-07-21 06:41:22 WARN  (DecompileCallback) Decompiling 04216320, pcode error at 04216320: Unable to disassemble EXTERNAL block location: 04216320  
2026-07-21 06:41:22 WARN  (DecompileCallback) Decompiling 04216328, pcode error at 04216328: Unable to disassemble EXTERNAL block location: 04216328  
2026-07-21 06:41:22 WARN  (DecompileCallback) Decompiling 04216330, pcode error at 04216330: Unable to disassemble EXTERNAL block location: 04216330  
2026-07-21 06:41:22 WARN  (DecompileCallback) Decompiling 04216338, pcode error at 04216338: Unable to disassemble EXTERNAL block location: 04216338  
2026-07-21 06:41:22 WARN  (DecompileCallback) Decompiling 04216340, pcode error at 04216340: Unable to disassemble EXTERNAL block location: 04216340  
2026-07-21 06:41:22 WARN  (DecompileCallback) Decompiling 04216348, pcode error at 04216348: Unable to disassemble EXTERNAL block location: 04216348  
2026-07-21 06:41:22 WARN  (DecompileCallback) Decompiling 04216350, pcode error at 04216350: Unable to disassemble EXTERNAL block location: 04216350  
2026-07-21 06:41:22 WARN  (DecompileCallback) Decompiling 04216358, pcode error at 04216358: Unable to disassemble EXTERNAL block location: 04216358  
2026-07-21 06:41:22 WARN  (DecompileCallback) Decompiling 04216360, pcode error at 04216360: Unable to disassemble EXTERNAL block location: 04216360  
2026-07-21 06:41:22 WARN  (DecompileCallback) Decompiling 04216368, pcode error at 04216368: Unable to disassemble EXTERNAL block location: 04216368  
2026-07-21 06:41:22 WARN  (DecompileCallback) Decompiling 04216370, pcode error at 04216370: Unable to disassemble EXTERNAL block location: 04216370  
2026-07-21 06:41:22 WARN  (DecompileCallback) Decompiling 04216380, pcode error at 04216380: Unable to disassemble EXTERNAL block location: 04216380  
2026-07-21 06:41:23 WARN  (DecompileCallback) Decompiling 04216388, pcode error at 04216388: Unable to disassemble EXTERNAL block location: 04216388  
2026-07-21 06:41:23 WARN  (DecompileCallback) Decompiling 04216390, pcode error at 04216390: Unable to disassemble EXTERNAL block location: 04216390  
2026-07-21 06:41:23 WARN  (DecompileCallback) Decompiling 04216398, pcode error at 04216398: Unable to disassemble EXTERNAL block location: 04216398  
2026-07-21 06:41:23 WARN  (DecompileCallback) Decompiling 042163a0, pcode error at 042163a0: Unable to disassemble EXTERNAL block location: 042163a0  
2026-07-21 06:41:23 WARN  (DecompileCallback) Decompiling 042163a8, pcode error at 042163a8: Unable to disassemble EXTERNAL block location: 042163a8  
2026-07-21 06:41:23 WARN  (DecompileCallback) Decompiling 042163b0, pcode error at 042163b0: Unable to disassemble EXTERNAL block location: 042163b0  
2026-07-21 06:41:23 WARN  (DecompileCallback) Decompiling 042163b8, pcode error at 042163b8: Unable to disassemble EXTERNAL block location: 042163b8  
2026-07-21 06:41:23 WARN  (DecompileCallback) Decompiling 042163c0, pcode error at 042163c0: Unable to disassemble EXTERNAL block location: 042163c0  
2026-07-21 06:41:23 WARN  (DecompileCallback) Decompiling 042163c8, pcode error at 042163c8: Unable to disassemble EXTERNAL block location: 042163c8  
2026-07-21 06:41:23 WARN  (DecompileCallback) Decompiling 042163d0, pcode error at 042163d0: Unable to disassemble EXTERNAL block location: 042163d0  
2026-07-21 06:41:23 WARN  (DecompileCallback) Decompiling 042163d8, pcode error at 042163d8: Unable to disassemble EXTERNAL block location: 042163d8  
2026-07-21 06:41:23 WARN  (DecompileCallback) Decompiling 042163e0, pcode error at 042163e0: Unable to disassemble EXTERNAL block location: 042163e0  
2026-07-21 06:41:23 WARN  (DecompileCallback) Decompiling 042163e8, pcode error at 042163e8: Unable to disassemble EXTERNAL block location: 042163e8  
2026-07-21 06:41:23 WARN  (DecompileCallback) Decompiling 042163f0, pcode error at 042163f0: Unable to disassemble EXTERNAL block location: 042163f0  
2026-07-21 06:41:23 WARN  (DecompileCallback) Decompiling 042163f8, pcode error at 042163f8: Unable to disassemble EXTERNAL block location: 042163f8  
2026-07-21 06:41:23 WARN  (DecompileCallback) Decompiling 04216400, pcode error at 04216400: Unable to disassemble EXTERNAL block location: 04216400  
2026-07-21 06:41:23 WARN  (DecompileCallback) Decompiling 04216408, pcode error at 04216408: Unable to disassemble EXTERNAL block location: 04216408  
2026-07-21 06:41:23 WARN  (DecompileCallback) Decompiling 04216410, pcode error at 04216410: Unable to disassemble EXTERNAL block location: 04216410  
2026-07-21 06:41:23 WARN  (DecompileCallback) Decompiling 04216418, pcode error at 04216418: Unable to disassemble EXTERNAL block location: 04216418  
2026-07-21 06:41:23 WARN  (DecompileCallback) Decompiling 04216420, pcode error at 04216420: Unable to disassemble EXTERNAL block location: 04216420  
2026-07-21 06:41:23 WARN  (DecompileCallback) Decompiling 04216428, pcode error at 04216428: Unable to disassemble EXTERNAL block location: 04216428  
2026-07-21 06:41:23 WARN  (DecompileCallback) Decompiling 04216430, pcode error at 04216430: Unable to disassemble EXTERNAL block location: 04216430  
2026-07-21 06:41:23 WARN  (DecompileCallback) Decompiling 04216438, pcode error at 04216438: Unable to disassemble EXTERNAL block location: 04216438  
2026-07-21 06:41:23 WARN  (DecompileCallback) Decompiling 04216440, pcode error at 04216440: Unable to disassemble EXTERNAL block location: 04216440  
2026-07-21 06:41:23 WARN  (DecompileCallback) Decompiling 04216448, pcode error at 04216448: Unable to disassemble EXTERNAL block location: 04216448  
2026-07-21 06:41:23 WARN  (DecompileCallback) Decompiling 04216450, pcode error at 04216450: Unable to disassemble EXTERNAL block location: 04216450  
2026-07-21 06:41:23 WARN  (DecompileCallback) Decompiling 04216458, pcode error at 04216458: Unable to disassemble EXTERNAL block location: 04216458  
2026-07-21 06:41:23 WARN  (DecompileCallback) Decompiling 04216460, pcode error at 04216460: Unable to disassemble EXTERNAL block location: 04216460  
2026-07-21 06:41:23 WARN  (DecompileCallback) Decompiling 04216468, pcode error at 04216468: Unable to disassemble EXTERNAL block location: 04216468  
2026-07-21 06:41:23 WARN  (DecompileCallback) Decompiling 04216470, pcode error at 04216470: Unable to disassemble EXTERNAL block location: 04216470  
2026-07-21 06:41:23 WARN  (DecompileCallback) Decompiling 04216478, pcode error at 04216478: Unable to disassemble EXTERNAL block location: 04216478  
2026-07-21 06:41:23 WARN  (DecompileCallback) Decompiling 04216480, pcode error at 04216480: Unable to disassemble EXTERNAL block location: 04216480  
2026-07-21 06:41:23 WARN  (DecompileCallback) Decompiling 04216488, pcode error at 04216488: Unable to disassemble EXTERNAL block location: 04216488  
2026-07-21 06:41:23 WARN  (DecompileCallback) Decompiling 04216490, pcode error at 04216490: Unable to disassemble EXTERNAL block location: 04216490  
2026-07-21 06:41:23 WARN  (DecompileCallback) Decompiling 04216498, pcode error at 04216498: Unable to disassemble EXTERNAL block location: 04216498  
2026-07-21 06:41:23 WARN  (DecompileCallback) Decompiling 042164a0, pcode error at 042164a0: Unable to disassemble EXTERNAL block location: 042164a0  
2026-07-21 06:41:23 WARN  (DecompileCallback) Decompiling 042164a8, pcode error at 042164a8: Unable to disassemble EXTERNAL block location: 042164a8  
2026-07-21 06:41:23 WARN  (DecompileCallback) Decompiling 042164b0, pcode error at 042164b0: Unable to disassemble EXTERNAL block location: 042164b0  
2026-07-21 06:41:23 WARN  (DecompileCallback) Decompiling 042164b8, pcode error at 042164b8: Unable to disassemble EXTERNAL block location: 042164b8  
2026-07-21 06:41:23 WARN  (DecompileCallback) Decompiling 042164c0, pcode error at 042164c0: Unable to disassemble EXTERNAL block location: 042164c0  
2026-07-21 06:41:23 WARN  (DecompileCallback) Decompiling 042164c8, pcode error at 042164c8: Unable to disassemble EXTERNAL block location: 042164c8  
2026-07-21 06:41:23 WARN  (DecompileCallback) Decompiling 042164d0, pcode error at 042164d0: Unable to disassemble EXTERNAL block location: 042164d0  
2026-07-21 06:41:23 WARN  (DecompileCallback) Decompiling 042164d8, pcode error at 042164d8: Unable to disassemble EXTERNAL block location: 042164d8  
2026-07-21 06:41:23 WARN  (DecompileCallback) Decompiling 042164e0, pcode error at 042164e0: Unable to disassemble EXTERNAL block location: 042164e0  
2026-07-21 06:41:23 WARN  (DecompileCallback) Decompiling 042164e8, pcode error at 042164e8: Unable to disassemble EXTERNAL block location: 042164e8  
2026-07-21 06:41:23 WARN  (DecompileCallback) Decompiling 042164f0, pcode error at 042164f0: Unable to disassemble EXTERNAL block location: 042164f0  
2026-07-21 06:41:23 WARN  (DecompileCallback) Decompiling 042164f8, pcode error at 042164f8: Unable to disassemble EXTERNAL block location: 042164f8  
2026-07-21 06:41:23 WARN  (DecompileCallback) Decompiling 04216500, pcode error at 04216500: Unable to disassemble EXTERNAL block location: 04216500  
2026-07-21 06:41:23 WARN  (DecompileCallback) Decompiling 04216508, pcode error at 04216508: Unable to disassemble EXTERNAL block location: 04216508  
2026-07-21 06:41:23 WARN  (DecompileCallback) Decompiling 04216510, pcode error at 04216510: Unable to disassemble EXTERNAL block location: 04216510  
2026-07-21 06:41:23 WARN  (DecompileCallback) Decompiling 04216518, pcode error at 04216518: Unable to disassemble EXTERNAL block location: 04216518  
2026-07-21 06:41:23 WARN  (DecompileCallback) Decompiling 04216520, pcode error at 04216520: Unable to disassemble EXTERNAL block location: 04216520  
2026-07-21 06:41:23 WARN  (DecompileCallback) Decompiling 04216528, pcode error at 04216528: Unable to disassemble EXTERNAL block location: 04216528  
2026-07-21 06:41:23 WARN  (DecompileCallback) Decompiling 04216530, pcode error at 04216530: Unable to disassemble EXTERNAL block location: 04216530  
2026-07-21 06:41:23 WARN  (DecompileCallback) Decompiling 04216538, pcode error at 04216538: Unable to disassemble EXTERNAL block location: 04216538  
2026-07-21 06:41:23 WARN  (DecompileCallback) Decompiling 04216540, pcode error at 04216540: Unable to disassemble EXTERNAL block location: 04216540  
2026-07-21 06:41:23 WARN  (DecompileCallback) Decompiling 04216548, pcode error at 04216548: Unable to disassemble EXTERNAL block location: 04216548  
2026-07-21 06:41:23 WARN  (DecompileCallback) Decompiling 04216550, pcode error at 04216550: Unable to disassemble EXTERNAL block location: 04216550  
2026-07-21 06:41:23 WARN  (DecompileCallback) Decompiling 04216558, pcode error at 04216558: Unable to disassemble EXTERNAL block location: 04216558  
2026-07-21 06:41:23 WARN  (DecompileCallback) Decompiling 04216560, pcode error at 04216560: Unable to disassemble EXTERNAL block location: 04216560  
2026-07-21 06:41:23 WARN  (DecompileCallback) Decompiling 04216568, pcode error at 04216568: Unable to disassemble EXTERNAL block location: 04216568  
2026-07-21 06:41:23 WARN  (DecompileCallback) Decompiling 04216570, pcode error at 04216570: Unable to disassemble EXTERNAL block location: 04216570  
2026-07-21 06:41:23 WARN  (DecompileCallback) Decompiling 04216578, pcode error at 04216578: Unable to disassemble EXTERNAL block location: 04216578  
2026-07-21 06:41:23 WARN  (DecompileCallback) Decompiling 04216580, pcode error at 04216580: Unable to disassemble EXTERNAL block location: 04216580  
2026-07-21 06:41:23 WARN  (DecompileCallback) Decompiling 04216588, pcode error at 04216588: Unable to disassemble EXTERNAL block location: 04216588  
2026-07-21 06:41:23 WARN  (DecompileCallback) Decompiling 04216590, pcode error at 04216590: Unable to disassemble EXTERNAL block location: 04216590  
2026-07-21 06:41:23 WARN  (DecompileCallback) Decompiling 04216598, pcode error at 04216598: Unable to disassemble EXTERNAL block location: 04216598  
2026-07-21 06:41:23 WARN  (DecompileCallback) Decompiling 042165a0, pcode error at 042165a0: Unable to disassemble EXTERNAL block location: 042165a0  
2026-07-21 06:41:23 WARN  (DecompileCallback) Decompiling 042165a8, pcode error at 042165a8: Unable to disassemble EXTERNAL block location: 042165a8  
2026-07-21 06:41:23 WARN  (DecompileCallback) Decompiling 042165b0, pcode error at 042165b0: Unable to disassemble EXTERNAL block location: 042165b0  
2026-07-21 06:41:23 WARN  (DecompileCallback) Decompiling 042165b8, pcode error at 042165b8: Unable to disassemble EXTERNAL block location: 042165b8  
2026-07-21 06:41:23 WARN  (DecompileCallback) Decompiling 042165c0, pcode error at 042165c0: Unable to disassemble EXTERNAL block location: 042165c0  
2026-07-21 06:41:23 WARN  (DecompileCallback) Decompiling 042165c8, pcode error at 042165c8: Unable to disassemble EXTERNAL block location: 042165c8  
2026-07-21 06:41:23 WARN  (DecompileCallback) Decompiling 042165d0, pcode error at 042165d0: Unable to disassemble EXTERNAL block location: 042165d0  
2026-07-21 06:41:23 WARN  (DecompileCallback) Decompiling 042165d8, pcode error at 042165d8: Unable to disassemble EXTERNAL block location: 042165d8  
2026-07-21 06:41:23 WARN  (DecompileCallback) Decompiling 042165e0, pcode error at 042165e0: Unable to disassemble EXTERNAL block location: 042165e0  
2026-07-21 06:41:23 WARN  (DecompileCallback) Decompiling 042165e8, pcode error at 042165e8: Unable to disassemble EXTERNAL block location: 042165e8  
2026-07-21 06:41:23 WARN  (DecompileCallback) Decompiling 042165f0, pcode error at 042165f0: Unable to disassemble EXTERNAL block location: 042165f0  
2026-07-21 06:41:23 WARN  (DecompileCallback) Decompiling 042165f8, pcode error at 042165f8: Unable to disassemble EXTERNAL block location: 042165f8  
2026-07-21 06:41:23 WARN  (DecompileCallback) Decompiling 04216600, pcode error at 04216600: Unable to disassemble EXTERNAL block location: 04216600  
2026-07-21 06:41:23 WARN  (DecompileCallback) Decompiling 04216608, pcode error at 04216608: Unable to disassemble EXTERNAL block location: 04216608  
2026-07-21 06:41:23 WARN  (DecompileCallback) Decompiling 04216610, pcode error at 04216610: Unable to disassemble EXTERNAL block location: 04216610  
2026-07-21 06:41:23 WARN  (DecompileCallback) Decompiling 04216618, pcode error at 04216618: Unable to disassemble EXTERNAL block location: 04216618  
2026-07-21 06:41:23 WARN  (DecompileCallback) Decompiling 04216620, pcode error at 04216620: Unable to disassemble EXTERNAL block location: 04216620  
2026-07-21 06:41:23 WARN  (DecompileCallback) Decompiling 04216628, pcode error at 04216628: Unable to disassemble EXTERNAL block location: 04216628  
2026-07-21 06:41:23 WARN  (DecompileCallback) Decompiling 04216630, pcode error at 04216630: Unable to disassemble EXTERNAL block location: 04216630  
2026-07-21 06:41:23 WARN  (DecompileCallback) Decompiling 04216638, pcode error at 04216638: Unable to disassemble EXTERNAL block location: 04216638  
2026-07-21 06:41:23 WARN  (DecompileCallback) Decompiling 04216640, pcode error at 04216640: Unable to disassemble EXTERNAL block location: 04216640  
2026-07-21 06:41:23 WARN  (DecompileCallback) Decompiling 04216648, pcode error at 04216648: Unable to disassemble EXTERNAL block location: 04216648  
2026-07-21 06:41:23 WARN  (DecompileCallback) Decompiling 04216650, pcode error at 04216650: Unable to disassemble EXTERNAL block location: 04216650  
2026-07-21 06:41:23 WARN  (DecompileCallback) Decompiling 04216658, pcode error at 04216658: Unable to disassemble EXTERNAL block location: 04216658  
2026-07-21 06:41:23 WARN  (DecompileCallback) Decompiling 04216660, pcode error at 04216660: Unable to disassemble EXTERNAL block location: 04216660  
2026-07-21 06:41:23 WARN  (DecompileCallback) Decompiling 04216668, pcode error at 04216668: Unable to disassemble EXTERNAL block location: 04216668  
2026-07-21 06:41:23 WARN  (DecompileCallback) Decompiling 04216670, pcode error at 04216670: Unable to disassemble EXTERNAL block location: 04216670  
2026-07-21 06:41:23 WARN  (DecompileCallback) Decompiling 04216678, pcode error at 04216678: Unable to disassemble EXTERNAL block location: 04216678  
2026-07-21 06:41:23 WARN  (DecompileCallback) Decompiling 04216680, pcode error at 04216680: Unable to disassemble EXTERNAL block location: 04216680  
2026-07-21 06:41:23 WARN  (DecompileCallback) Decompiling 04216688, pcode error at 04216688: Unable to disassemble EXTERNAL block location: 04216688  
2026-07-21 06:41:23 WARN  (DecompileCallback) Decompiling 04216690, pcode error at 04216690: Unable to disassemble EXTERNAL block location: 04216690  
2026-07-21 06:41:23 WARN  (DecompileCallback) Decompiling 04216698, pcode error at 04216698: Unable to disassemble EXTERNAL block location: 04216698  
2026-07-21 06:41:23 WARN  (DecompileCallback) Decompiling 042166a0, pcode error at 042166a0: Unable to disassemble EXTERNAL block location: 042166a0  
2026-07-21 06:41:23 WARN  (DecompileCallback) Decompiling 042166a8, pcode error at 042166a8: Unable to disassemble EXTERNAL block location: 042166a8  
2026-07-21 06:41:23 WARN  (DecompileCallback) Decompiling 042166b0, pcode error at 042166b0: Unable to disassemble EXTERNAL block location: 042166b0  
2026-07-21 06:41:23 WARN  (DecompileCallback) Decompiling 042166b8, pcode error at 042166b8: Unable to disassemble EXTERNAL block location: 042166b8  
2026-07-21 06:41:23 WARN  (DecompileCallback) Decompiling 042166c0, pcode error at 042166c0: Unable to disassemble EXTERNAL block location: 042166c0  
2026-07-21 06:41:23 WARN  (DecompileCallback) Decompiling 042166c8, pcode error at 042166c8: Unable to disassemble EXTERNAL block location: 042166c8  
2026-07-21 06:41:23 WARN  (DecompileCallback) Decompiling 042166d0, pcode error at 042166d0: Unable to disassemble EXTERNAL block location: 042166d0  
2026-07-21 06:41:23 WARN  (DecompileCallback) Decompiling 042166d8, pcode error at 042166d8: Unable to disassemble EXTERNAL block location: 042166d8  
2026-07-21 06:41:23 WARN  (DecompileCallback) Decompiling 042166e0, pcode error at 042166e0: Unable to disassemble EXTERNAL block location: 042166e0  
2026-07-21 06:41:23 WARN  (DecompileCallback) Decompiling 042166e8, pcode error at 042166e8: Unable to disassemble EXTERNAL block location: 042166e8  
2026-07-21 06:41:23 WARN  (DecompileCallback) Decompiling 042166f0, pcode error at 042166f0: Unable to disassemble EXTERNAL block location: 042166f0  
2026-07-21 06:41:23 WARN  (DecompileCallback) Decompiling 042166f8, pcode error at 042166f8: Unable to disassemble EXTERNAL block location: 042166f8  
2026-07-21 06:41:23 WARN  (DecompileCallback) Decompiling 04216700, pcode error at 04216700: Unable to disassemble EXTERNAL block location: 04216700  
2026-07-21 06:41:23 WARN  (DecompileCallback) Decompiling 04216708, pcode error at 04216708: Unable to disassemble EXTERNAL block location: 04216708  
2026-07-21 06:41:23 WARN  (DecompileCallback) Decompiling 04216710, pcode error at 04216710: Unable to disassemble EXTERNAL block location: 04216710  
2026-07-21 06:41:23 WARN  (DecompileCallback) Decompiling 04216718, pcode error at 04216718: Unable to disassemble EXTERNAL block location: 04216718  
2026-07-21 06:41:23 WARN  (DecompileCallback) Decompiling 04216720, pcode error at 04216720: Unable to disassemble EXTERNAL block location: 04216720  
2026-07-21 06:41:23 WARN  (DecompileCallback) Decompiling 04216728, pcode error at 04216728: Unable to disassemble EXTERNAL block location: 04216728  
2026-07-21 06:41:23 WARN  (DecompileCallback) Decompiling 04216730, pcode error at 04216730: Unable to disassemble EXTERNAL block location: 04216730  
2026-07-21 06:41:23 WARN  (DecompileCallback) Decompiling 04216738, pcode error at 04216738: Unable to disassemble EXTERNAL block location: 04216738  
2026-07-21 06:41:23 WARN  (DecompileCallback) Decompiling 04216740, pcode error at 04216740: Unable to disassemble EXTERNAL block location: 04216740  
2026-07-21 06:41:23 WARN  (DecompileCallback) Decompiling 04216748, pcode error at 04216748: Unable to disassemble EXTERNAL block location: 04216748  
2026-07-21 06:41:23 WARN  (DecompileCallback) Decompiling 04216750, pcode error at 04216750: Unable to disassemble EXTERNAL block location: 04216750  
2026-07-21 06:41:23 WARN  (DecompileCallback) Decompiling 04216758, pcode error at 04216758: Unable to disassemble EXTERNAL block location: 04216758  
2026-07-21 06:41:23 WARN  (DecompileCallback) Decompiling 04216760, pcode error at 04216760: Unable to disassemble EXTERNAL block location: 04216760  
2026-07-21 06:41:23 WARN  (DecompileCallback) Decompiling 04216768, pcode error at 04216768: Unable to disassemble EXTERNAL block location: 04216768  
2026-07-21 06:41:23 WARN  (DecompileCallback) Decompiling 04216770, pcode error at 04216770: Unable to disassemble EXTERNAL block location: 04216770  
2026-07-21 06:41:23 WARN  (DecompileCallback) Decompiling 04216778, pcode error at 04216778: Unable to disassemble EXTERNAL block location: 04216778  
2026-07-21 06:41:23 WARN  (DecompileCallback) Decompiling 04216780, pcode error at 04216780: Unable to disassemble EXTERNAL block location: 04216780  
2026-07-21 06:41:23 WARN  (DecompileCallback) Decompiling 04216788, pcode error at 04216788: Unable to disassemble EXTERNAL block location: 04216788  
2026-07-21 06:41:23 WARN  (DecompileCallback) Decompiling 04216790, pcode error at 04216790: Unable to disassemble EXTERNAL block location: 04216790  
2026-07-21 06:41:23 WARN  (DecompileCallback) Decompiling 04216798, pcode error at 04216798: Unable to disassemble EXTERNAL block location: 04216798  
2026-07-21 06:41:23 WARN  (DecompileCallback) Decompiling 042167a0, pcode error at 042167a0: Unable to disassemble EXTERNAL block location: 042167a0  
2026-07-21 06:41:23 WARN  (DecompileCallback) Decompiling 042167a8, pcode error at 042167a8: Unable to disassemble EXTERNAL block location: 042167a8  
2026-07-21 06:41:23 WARN  (DecompileCallback) Decompiling 042167b0, pcode error at 042167b0: Unable to disassemble EXTERNAL block location: 042167b0  
2026-07-21 06:41:23 WARN  (DecompileCallback) Decompiling 042167b8, pcode error at 042167b8: Unable to disassemble EXTERNAL block location: 042167b8  
2026-07-21 06:41:23 WARN  (DecompileCallback) Decompiling 042167c0, pcode error at 042167c0: Unable to disassemble EXTERNAL block location: 042167c0  
2026-07-21 06:41:23 WARN  (DecompileCallback) Decompiling 042167c8, pcode error at 042167c8: Unable to disassemble EXTERNAL block location: 042167c8  
2026-07-21 06:41:23 WARN  (DecompileCallback) Decompiling 042167d0, pcode error at 042167d0: Unable to disassemble EXTERNAL block location: 042167d0  
2026-07-21 06:41:23 WARN  (DecompileCallback) Decompiling 042167d8, pcode error at 042167d8: Unable to disassemble EXTERNAL block location: 042167d8  
2026-07-21 06:41:23 WARN  (DecompileCallback) Decompiling 042167e0, pcode error at 042167e0: Unable to disassemble EXTERNAL block location: 042167e0  
2026-07-21 06:41:23 WARN  (DecompileCallback) Decompiling 042167e8, pcode error at 042167e8: Unable to disassemble EXTERNAL block location: 042167e8  
2026-07-21 06:41:23 WARN  (DecompileCallback) Decompiling 042167f0, pcode error at 042167f0: Unable to disassemble EXTERNAL block location: 042167f0  
2026-07-21 06:41:23 WARN  (DecompileCallback) Decompiling 042167f8, pcode error at 042167f8: Unable to disassemble EXTERNAL block location: 042167f8  
2026-07-21 06:41:23 WARN  (DecompileCallback) Decompiling 04216800, pcode error at 04216800: Unable to disassemble EXTERNAL block location: 04216800  
2026-07-21 06:41:23 WARN  (DecompileCallback) Decompiling 04216808, pcode error at 04216808: Unable to disassemble EXTERNAL block location: 04216808  
2026-07-21 06:41:23 WARN  (DecompileCallback) Decompiling 04216810, pcode error at 04216810: Unable to disassemble EXTERNAL block location: 04216810  
2026-07-21 06:41:23 WARN  (DecompileCallback) Decompiling 04216818, pcode error at 04216818: Unable to disassemble EXTERNAL block location: 04216818  
2026-07-21 06:41:23 WARN  (DecompileCallback) Decompiling 04216820, pcode error at 04216820: Unable to disassemble EXTERNAL block location: 04216820  
2026-07-21 06:41:23 WARN  (DecompileCallback) Decompiling 04216828, pcode error at 04216828: Unable to disassemble EXTERNAL block location: 04216828  
2026-07-21 06:41:23 WARN  (DecompileCallback) Decompiling 04216830, pcode error at 04216830: Unable to disassemble EXTERNAL block location: 04216830  
2026-07-21 06:41:23 WARN  (DecompileCallback) Decompiling 04216838, pcode error at 04216838: Unable to disassemble EXTERNAL block location: 04216838  
2026-07-21 06:41:23 WARN  (DecompileCallback) Decompiling 04216840, pcode error at 04216840: Unable to disassemble EXTERNAL block location: 04216840  
2026-07-21 06:41:23 WARN  (DecompileCallback) Decompiling 04216848, pcode error at 04216848: Unable to disassemble EXTERNAL block location: 04216848  
2026-07-21 06:41:23 WARN  (DecompileCallback) Decompiling 04216850, pcode error at 04216850: Unable to disassemble EXTERNAL block location: 04216850  
2026-07-21 06:41:23 WARN  (DecompileCallback) Decompiling 04216858, pcode error at 04216858: Unable to disassemble EXTERNAL block location: 04216858  
2026-07-21 06:41:23 WARN  (DecompileCallback) Decompiling 04216860, pcode error at 04216860: Unable to disassemble EXTERNAL block location: 04216860  
2026-07-21 06:41:23 WARN  (DecompileCallback) Decompiling 04216868, pcode error at 04216868: Unable to disassemble EXTERNAL block location: 04216868  
2026-07-21 06:41:23 WARN  (DecompileCallback) Decompiling 04216870, pcode error at 04216870: Unable to disassemble EXTERNAL block location: 04216870  
2026-07-21 06:41:23 WARN  (DecompileCallback) Decompiling 04216878, pcode error at 04216878: Unable to disassemble EXTERNAL block location: 04216878  
2026-07-21 06:41:23 WARN  (DecompileCallback) Decompiling 04216880, pcode error at 04216880: Unable to disassemble EXTERNAL block location: 04216880  
2026-07-21 06:41:23 WARN  (DecompileCallback) Decompiling 04216888, pcode error at 04216888: Unable to disassemble EXTERNAL block location: 04216888  
2026-07-21 06:41:23 WARN  (DecompileCallback) Decompiling 04216890, pcode error at 04216890: Unable to disassemble EXTERNAL block location: 04216890  
2026-07-21 06:41:23 WARN  (DecompileCallback) Decompiling 04216898, pcode error at 04216898: Unable to disassemble EXTERNAL block location: 04216898  
2026-07-21 06:41:23 WARN  (DecompileCallback) Decompiling 042168a0, pcode error at 042168a0: Unable to disassemble EXTERNAL block location: 042168a0  
2026-07-21 06:41:23 WARN  (DecompileCallback) Decompiling 042168a8, pcode error at 042168a8: Unable to disassemble EXTERNAL block location: 042168a8  
2026-07-21 06:41:23 WARN  (DecompileCallback) Decompiling 042168b0, pcode error at 042168b0: Unable to disassemble EXTERNAL block location: 042168b0  
2026-07-21 06:41:23 WARN  (DecompileCallback) Decompiling 042168b8, pcode error at 042168b8: Unable to disassemble EXTERNAL block location: 042168b8  
2026-07-21 06:41:23 WARN  (DecompileCallback) Decompiling 042168c0, pcode error at 042168c0: Unable to disassemble EXTERNAL block location: 042168c0  
2026-07-21 06:41:23 WARN  (DecompileCallback) Decompiling 042168c8, pcode error at 042168c8: Unable to disassemble EXTERNAL block location: 042168c8  
2026-07-21 06:41:23 WARN  (DecompileCallback) Decompiling 042168d0, pcode error at 042168d0: Unable to disassemble EXTERNAL block location: 042168d0  
2026-07-21 06:41:23 WARN  (DecompileCallback) Decompiling 042168d8, pcode error at 042168d8: Unable to disassemble EXTERNAL block location: 042168d8  
2026-07-21 06:41:23 WARN  (DecompileCallback) Decompiling 042168e0, pcode error at 042168e0: Unable to disassemble EXTERNAL block location: 042168e0  
2026-07-21 06:41:23 WARN  (DecompileCallback) Decompiling 042168e8, pcode error at 042168e8: Unable to disassemble EXTERNAL block location: 042168e8  
2026-07-21 06:41:23 WARN  (DecompileCallback) Decompiling 042168f0, pcode error at 042168f0: Unable to disassemble EXTERNAL block location: 042168f0  
2026-07-21 06:41:23 WARN  (DecompileCallback) Decompiling 042168f8, pcode error at 042168f8: Unable to disassemble EXTERNAL block location: 042168f8  
2026-07-21 06:41:23 WARN  (DecompileCallback) Decompiling 04216900, pcode error at 04216900: Unable to disassemble EXTERNAL block location: 04216900  
2026-07-21 06:41:23 WARN  (DecompileCallback) Decompiling 04216908, pcode error at 04216908: Unable to disassemble EXTERNAL block location: 04216908  
2026-07-21 06:41:23 WARN  (DecompileCallback) Decompiling 04216910, pcode error at 04216910: Unable to disassemble EXTERNAL block location: 04216910  
2026-07-21 06:41:23 WARN  (DecompileCallback) Decompiling 04216918, pcode error at 04216918: Unable to disassemble EXTERNAL block location: 04216918  
2026-07-21 06:41:23 WARN  (DecompileCallback) Decompiling 04216920, pcode error at 04216920: Unable to disassemble EXTERNAL block location: 04216920  
2026-07-21 06:41:23 WARN  (DecompileCallback) Decompiling 04216928, pcode error at 04216928: Unable to disassemble EXTERNAL block location: 04216928  
2026-07-21 06:41:23 INFO  (GhidraScript) GeneralStructureEyePatternScan.java> General structure scan complete.  
2026-07-21 06:41:23 INFO  (GhidraScript) GeneralStructureEyePatternScan.java> Total functions scanned: 423115  
2026-07-21 06:41:23 INFO  (GhidraScript) GeneralStructureEyePatternScan.java> Exported functions: 2443  
2026-07-21 06:41:23 INFO  (GhidraScript) GeneralStructureEyePatternScan.java> Decompile failures: 375  
2026-07-21 06:41:23 INFO  (GhidraScript) GeneralStructureEyePatternScan.java> Report CSV: C:\realDesktop\manifest-evaluations\summer-26\ghidra-pipeline\il2cpp-files\SmashRoomVR\general-structure-results\structure_scan_report.csv  
2026-07-21 06:41:23 INFO  (GhidraScript) GeneralStructureEyePatternScan.java> Report JSON: C:\realDesktop\manifest-evaluations\summer-26\ghidra-pipeline\il2cpp-files\SmashRoomVR\general-structure-results\structure_scan_report.json  
2026-07-21 06:41:23 INFO  (HeadlessAnalyzer) REPORT: Save succeeded for processed file: /SmashRoomVR-libil2cpp.so  
