2026-07-21 11:30:32 INFO  (LoggingInitialization) Using log config file: jar:file:/C:/Users/kimgiordano27/Downloads/ghidra_12.1.2_PUBLIC_20260605/ghidra_12.1.2_PUBLIC/Ghidra/Framework/Generic/lib/Generic.jar!/generic.log4j.xml  
2026-07-21 11:30:32 INFO  (LoggingInitialization) Using log file: C:\realDesktop\manifest-evaluations\summer-26\ghidra-pipeline\il2cpp-files\StellarXV1\general-structure-ghidra.log  
2026-07-21 11:30:32 DEBUG (GhidraObjectInputFilter) Including serial input filter: FileSystem/data/client.rmi.serial.filter  
2026-07-21 11:30:32 INFO  (Preferences) Loading user preferences: C:\Users\kimgiordano27\AppData\Roaming\ghidra\ghidra_12.1.2_PUBLIC\preferences  
2026-07-21 11:30:32 INFO  (ClassSearcher) Searching for classes...  
2026-07-21 11:30:32 INFO  (ClassSearcher) Class search complete (542 ms)  
2026-07-21 11:30:32 INFO  (DefaultSSLContextInitializer) Initializing SSL Context  
2026-07-21 11:30:32 INFO  (SecureRandomFactory) Initializing Random Number Generator...  
2026-07-21 11:30:32 INFO  (SecureRandomFactory) Random Number Generator initialization complete: SHA1PRNG  
2026-07-21 11:30:32 INFO  (DefaultTrustManagerFactory) Trust manager disabled, cacerts have not been set  
2026-07-21 11:30:33 INFO  (AnalyzeHeadless) Headless startup complete (1604 ms)  
2026-07-21 11:30:33 INFO  (ClassSearcher) Class searcher loaded 59 extension points (20 false positives)  
2026-07-21 11:30:33 INFO  (HeadlessAnalyzer) HEADLESS Script Paths:
    C:\Users\kimgiordano27\Downloads\ghidra_12.1.2_PUBLIC_20260605\ghidra_12.1.2_PUBLIC\Ghidra\Features\DecompilerDependent\ghidra_scripts
    C:\Users\kimgiordano27\Downloads\ghidra_12.1.2_PUBLIC_20260605\ghidra_12.1.2_PUBLIC\Ghidra\Processors\Atmel\ghidra_scripts
    C:\Users\kimgiordano27\Downloads\ghidra_12.1.2_PUBLIC_20260605\ghidra_12.1.2_PUBLIC\Ghidra\Processors\PIC\ghidra_scripts
    C:\Users\kimgiordano27\Downloads\ghidra_12.1.2_PUBLIC_20260605\ghidra_12.1.2_PUBLIC\Ghidra\Features\VersionTracking\ghidra_scripts
    C:\Users\kimgiordano27\Downloads\ghidra_12.1.2_PUBLIC_20260605\ghidra_12.1.2_PUBLIC\Ghidra\Features\BytePatterns\ghidra_scripts
    C:\Users\kimgiordano27\ghidra_scripts
    C:\Users\kimgiordano27\Downloads\ghidra_12.1.2_PUBLIC_20260605\ghidra_12.1.2_PUBLIC\Ghidra\Features\BSim\ghidra_scripts
    C:\realDesktop\manifest-evaluations\summer-26\ghidra-pipeline\ghidra-export-scripts
    C:\Users\kimgiordano27\Downloads\ghidra_12.1.2_PUBLIC_20260605\ghidra_12.1.2_PUBLIC\Ghidra\Processors\JVM\ghidra_scripts
    C:\Users\kimgiordano27\Downloads\ghidra_12.1.2_PUBLIC_20260605\ghidra_12.1.2_PUBLIC\Ghidra\Features\Base\ghidra_scripts
    C:\Users\kimgiordano27\Downloads\ghidra_12.1.2_PUBLIC_20260605\ghidra_12.1.2_PUBLIC\Ghidra\Features\SwiftDemangler\ghidra_scripts
    C:\Users\kimgiordano27\Downloads\ghidra_12.1.2_PUBLIC_20260605\ghidra_12.1.2_PUBLIC\Ghidra\Features\WildcardAssembler\ghidra_scripts
    C:\Users\kimgiordano27\Downloads\ghidra_12.1.2_PUBLIC_20260605\ghidra_12.1.2_PUBLIC\Ghidra\Features\FileFormats\ghidra_scripts
    C:\Users\kimgiordano27\Downloads\ghidra_12.1.2_PUBLIC_20260605\ghidra_12.1.2_PUBLIC\Ghidra\Features\Decompiler\ghidra_scripts
    C:\Users\kimgiordano27\Downloads\ghidra_12.1.2_PUBLIC_20260605\ghidra_12.1.2_PUBLIC\Ghidra\Features\SystemEmulation\ghidra_scripts
    C:\Users\kimgiordano27\Downloads\ghidra_12.1.2_PUBLIC_20260605\ghidra_12.1.2_PUBLIC\Ghidra\Processors\8051\ghidra_scripts
    C:\Users\kimgiordano27\Downloads\ghidra_12.1.2_PUBLIC_20260605\ghidra_12.1.2_PUBLIC\Ghidra\Features\GnuDemangler\ghidra_scripts
    C:\Users\kimgiordano27\Downloads\ghidra_12.1.2_PUBLIC_20260605\ghidra_12.1.2_PUBLIC\Ghidra\Debug\Debugger\ghidra_scripts
    C:\Users\kimgiordano27\Downloads\ghidra_12.1.2_PUBLIC_20260605\ghidra_12.1.2_PUBLIC\Ghidra\Processors\DATA\ghidra_scripts
    C:\Users\kimgiordano27\Downloads\ghidra_12.1.2_PUBLIC_20260605\ghidra_12.1.2_PUBLIC\Ghidra\Debug\Debugger-rmi-trace\ghidra_scripts
    C:\Users\kimgiordano27\Downloads\ghidra_12.1.2_PUBLIC_20260605\ghidra_12.1.2_PUBLIC\Ghidra\Features\FunctionID\ghidra_scripts
    C:\Users\kimgiordano27\Downloads\ghidra_12.1.2_PUBLIC_20260605\ghidra_12.1.2_PUBLIC\Ghidra\Features\MicrosoftCodeAnalyzer\ghidra_scripts
    C:\Users\kimgiordano27\Downloads\ghidra_12.1.2_PUBLIC_20260605\ghidra_12.1.2_PUBLIC\Ghidra\Features\PDB\ghidra_scripts
    C:\Users\kimgiordano27\AppData\Roaming\ghidra\ghidra_12.1.2_PUBLIC\Extensions\Jython\ghidra_scripts
    C:\Users\kimgiordano27\Downloads\ghidra_12.1.2_PUBLIC_20260605\ghidra_12.1.2_PUBLIC\Ghidra\Features\PyGhidra\ghidra_scripts  
2026-07-21 11:30:33 INFO  (HeadlessAnalyzer) HEADLESS: execution starts  
2026-07-21 11:30:33 INFO  (HeadlessAnalyzer) Opening existing project: C:\realDesktop\manifest-evaluations\summer-26\ghidra-pipeline\il2cpp-files\StellarXV1\ghidra-project-StellarXV1\StellarXV1  
2026-07-21 11:30:33 INFO  (HeadlessProject) Opening project: C:\realDesktop\manifest-evaluations\summer-26\ghidra-pipeline\il2cpp-files\StellarXV1\ghidra-project-StellarXV1\StellarXV1  
2026-07-21 11:30:33 INFO  (LocalFileSystem) /StellarXV1-libil2cpp.so: checkout (2) granted (kimgiordano27)  
2026-07-21 11:30:39 INFO  (HeadlessAnalyzer) REPORT: Processing project file: /StellarXV1-libil2cpp.so  
2026-07-21 11:30:39 INFO  (HeadlessAnalyzer) REPORT: Execute script: GeneralStructureEyePatternScan.java 'C:\realDesktop\manifest-evaluations\summer-26\ghidra-pipeline\il2cpp-files\StellarXV1\general-structure-results' '70' 'false'   
2026-07-21 11:30:39 INFO  (HeadlessAnalyzer) SCRIPT: C:\realDesktop\manifest-evaluations\summer-26\ghidra-pipeline\ghidra-export-scripts\GeneralStructureEyePatternScan.java  
2026-07-21 11:30:39 INFO  (GhidraScript) GeneralStructureEyePatternScan.java> General structure scan starting...  
2026-07-21 11:30:39 INFO  (GhidraScript) GeneralStructureEyePatternScan.java> Output: C:\realDesktop\manifest-evaluations\summer-26\ghidra-pipeline\il2cpp-files\StellarXV1\general-structure-results  
2026-07-21 11:30:39 INFO  (GhidraScript) GeneralStructureEyePatternScan.java> Minimum review score: 70  
2026-07-21 11:30:39 INFO  (GhidraScript) GeneralStructureEyePatternScan.java> Export all: false  
2026-07-21 11:30:59 INFO  (GhidraScript) GeneralStructureEyePatternScan.java> Scanned 10000 functions. Exported so far: 0  
2026-07-21 11:31:14 INFO  (GhidraScript) GeneralStructureEyePatternScan.java> Scanned 20000 functions. Exported so far: 0  
2026-07-21 11:31:23 INFO  (GhidraScript) GeneralStructureEyePatternScan.java> Scanned 30000 functions. Exported so far: 0  
2026-07-21 11:31:33 INFO  (GhidraScript) GeneralStructureEyePatternScan.java> Scanned 40000 functions. Exported so far: 0  
2026-07-21 11:31:48 INFO  (GhidraScript) GeneralStructureEyePatternScan.java> Scanned 50000 functions. Exported so far: 0  
2026-07-21 11:32:06 INFO  (GhidraScript) GeneralStructureEyePatternScan.java> Scanned 60000 functions. Exported so far: 0  
2026-07-21 11:32:24 INFO  (GhidraScript) GeneralStructureEyePatternScan.java> Scanned 70000 functions. Exported so far: 0  
2026-07-21 11:32:42 INFO  (GhidraScript) GeneralStructureEyePatternScan.java> Scanned 80000 functions. Exported so far: 0  
2026-07-21 11:33:04 INFO  (GhidraScript) GeneralStructureEyePatternScan.java> Scanned 90000 functions. Exported so far: 0  
2026-07-21 11:33:23 INFO  (GhidraScript) GeneralStructureEyePatternScan.java> Scanned 100000 functions. Exported so far: 0  
2026-07-21 11:33:41 INFO  (GhidraScript) GeneralStructureEyePatternScan.java> Scanned 110000 functions. Exported so far: 0  
2026-07-21 11:33:58 INFO  (GhidraScript) GeneralStructureEyePatternScan.java> Scanned 120000 functions. Exported so far: 0  
2026-07-21 11:34:15 INFO  (GhidraScript) GeneralStructureEyePatternScan.java> Scanned 130000 functions. Exported so far: 0  
2026-07-21 11:34:39 INFO  (GhidraScript) GeneralStructureEyePatternScan.java> Scanned 140000 functions. Exported so far: 0  
2026-07-21 11:34:59 INFO  (GhidraScript) GeneralStructureEyePatternScan.java> Scanned 150000 functions. Exported so far: 0  
2026-07-21 11:35:21 INFO  (GhidraScript) GeneralStructureEyePatternScan.java> Scanned 160000 functions. Exported so far: 0  
2026-07-21 11:35:40 INFO  (GhidraScript) GeneralStructureEyePatternScan.java> Scanned 170000 functions. Exported so far: 0  
2026-07-21 11:35:55 INFO  (GhidraScript) GeneralStructureEyePatternScan.java> Scanned 180000 functions. Exported so far: 0  
2026-07-21 11:36:46 INFO  (GhidraScript) GeneralStructureEyePatternScan.java> Scanned 190000 functions. Exported so far: 2  
2026-07-21 11:39:09 INFO  (GhidraScript) GeneralStructureEyePatternScan.java> Scanned 200000 functions. Exported so far: 5  
2026-07-21 11:40:46 INFO  (GhidraScript) GeneralStructureEyePatternScan.java> Scanned 210000 functions. Exported so far: 24  
2026-07-21 11:46:30 INFO  (GhidraScript) GeneralStructureEyePatternScan.java> Scanned 220000 functions. Exported so far: 26  
2026-07-21 11:47:54 INFO  (GhidraScript) GeneralStructureEyePatternScan.java> Scanned 230000 functions. Exported so far: 41  
2026-07-21 11:49:51 INFO  (GhidraScript) GeneralStructureEyePatternScan.java> Scanned 240000 functions. Exported so far: 41  
2026-07-21 19:12:34 INFO  (GhidraScript) GeneralStructureEyePatternScan.java> Scanned 250000 functions. Exported so far: 134  
2026-07-21 19:14:38 INFO  (GhidraScript) GeneralStructureEyePatternScan.java> Scanned 260000 functions. Exported so far: 147  
2026-07-21 19:17:12 INFO  (GhidraScript) GeneralStructureEyePatternScan.java> Scanned 270000 functions. Exported so far: 154  
2026-07-21 19:30:16 INFO  (GhidraScript) GeneralStructureEyePatternScan.java> Scanned 280000 functions. Exported so far: 178  
2026-07-21 19:31:16 INFO  (GhidraScript) GeneralStructureEyePatternScan.java> Scanned 290000 functions. Exported so far: 193  
2026-07-21 19:32:04 INFO  (GhidraScript) GeneralStructureEyePatternScan.java> Scanned 300000 functions. Exported so far: 199  
2026-07-21 19:33:02 INFO  (GhidraScript) GeneralStructureEyePatternScan.java> Scanned 310000 functions. Exported so far: 213  
2026-07-21 19:34:06 INFO  (GhidraScript) GeneralStructureEyePatternScan.java> Scanned 320000 functions. Exported so far: 213  
2026-07-21 19:35:56 INFO  (GhidraScript) GeneralStructureEyePatternScan.java> Scanned 330000 functions. Exported so far: 258  
2026-07-21 19:38:16 INFO  (GhidraScript) GeneralStructureEyePatternScan.java> Scanned 340000 functions. Exported so far: 274  
2026-07-21 19:40:49 INFO  (GhidraScript) GeneralStructureEyePatternScan.java> Scanned 350000 functions. Exported so far: 307  
2026-07-21 19:41:58 INFO  (GhidraScript) GeneralStructureEyePatternScan.java> Scanned 360000 functions. Exported so far: 307  
2026-07-21 19:42:41 INFO  (GhidraScript) GeneralStructureEyePatternScan.java> Scanned 370000 functions. Exported so far: 307  
2026-07-21 19:44:48 INFO  (GhidraScript) GeneralStructureEyePatternScan.java> Scanned 380000 functions. Exported so far: 307  
2026-07-21 19:46:37 INFO  (GhidraScript) GeneralStructureEyePatternScan.java> Scanned 390000 functions. Exported so far: 317  
2026-07-21 19:52:55 INFO  (GhidraScript) GeneralStructureEyePatternScan.java> Scanned 400000 functions. Exported so far: 317  
2026-07-21 19:54:58 INFO  (GhidraScript) GeneralStructureEyePatternScan.java> Scanned 410000 functions. Exported so far: 318  
2026-07-21 19:56:01 INFO  (GhidraScript) GeneralStructureEyePatternScan.java> Scanned 420000 functions. Exported so far: 375  
2026-07-21 19:56:27 INFO  (GhidraScript) GeneralStructureEyePatternScan.java> Scanned 430000 functions. Exported so far: 375  
2026-07-21 19:57:17 INFO  (GhidraScript) GeneralStructureEyePatternScan.java> Scanned 440000 functions. Exported so far: 375  
2026-07-21 19:58:13 INFO  (GhidraScript) GeneralStructureEyePatternScan.java> Scanned 450000 functions. Exported so far: 375  
2026-07-21 19:59:16 INFO  (GhidraScript) GeneralStructureEyePatternScan.java> Scanned 460000 functions. Exported so far: 375  
2026-07-21 20:00:16 INFO  (GhidraScript) GeneralStructureEyePatternScan.java> Scanned 470000 functions. Exported so far: 375  
2026-07-21 20:01:20 INFO  (GhidraScript) GeneralStructureEyePatternScan.java> Scanned 480000 functions. Exported so far: 375  
2026-07-21 20:02:26 INFO  (GhidraScript) GeneralStructureEyePatternScan.java> Scanned 490000 functions. Exported so far: 380  
2026-07-21 20:04:02 INFO  (GhidraScript) GeneralStructureEyePatternScan.java> Scanned 500000 functions. Exported so far: 543  
2026-07-21 20:04:38 INFO  (GhidraScript) GeneralStructureEyePatternScan.java> Scanned 510000 functions. Exported so far: 543  
2026-07-21 20:05:39 INFO  (GhidraScript) GeneralStructureEyePatternScan.java> Scanned 520000 functions. Exported so far: 543  
2026-07-21 20:06:36 INFO  (GhidraScript) GeneralStructureEyePatternScan.java> Scanned 530000 functions. Exported so far: 555  
2026-07-21 20:07:40 INFO  (GhidraScript) GeneralStructureEyePatternScan.java> Scanned 540000 functions. Exported so far: 575  
2026-07-21 20:08:50 INFO  (GhidraScript) GeneralStructureEyePatternScan.java> Scanned 550000 functions. Exported so far: 575  
2026-07-21 20:09:41 INFO  (GhidraScript) GeneralStructureEyePatternScan.java> Scanned 560000 functions. Exported so far: 575  
2026-07-21 20:10:42 INFO  (GhidraScript) GeneralStructureEyePatternScan.java> Scanned 570000 functions. Exported so far: 587  
2026-07-21 20:11:31 INFO  (GhidraScript) GeneralStructureEyePatternScan.java> Scanned 580000 functions. Exported so far: 587  
2026-07-21 20:12:39 INFO  (GhidraScript) GeneralStructureEyePatternScan.java> Scanned 590000 functions. Exported so far: 592  
2026-07-21 20:13:36 INFO  (GhidraScript) GeneralStructureEyePatternScan.java> Scanned 600000 functions. Exported so far: 611  
2026-07-21 20:15:59 INFO  (GhidraScript) GeneralStructureEyePatternScan.java> Scanned 610000 functions. Exported so far: 612  
2026-07-21 20:17:46 INFO  (GhidraScript) GeneralStructureEyePatternScan.java> Scanned 620000 functions. Exported so far: 622  
2026-07-21 20:20:24 INFO  (GhidraScript) GeneralStructureEyePatternScan.java> Scanned 630000 functions. Exported so far: 633  
2026-07-21 20:21:52 INFO  (GhidraScript) GeneralStructureEyePatternScan.java> Scanned 640000 functions. Exported so far: 634  
2026-07-21 20:23:44 INFO  (GhidraScript) GeneralStructureEyePatternScan.java> Scanned 650000 functions. Exported so far: 634  
2026-07-21 20:25:20 INFO  (GhidraScript) GeneralStructureEyePatternScan.java> Scanned 660000 functions. Exported so far: 634  
2026-07-21 20:26:56 INFO  (GhidraScript) GeneralStructureEyePatternScan.java> Scanned 670000 functions. Exported so far: 634  
2026-07-21 20:28:26 INFO  (GhidraScript) GeneralStructureEyePatternScan.java> Scanned 680000 functions. Exported so far: 637  
2026-07-21 20:29:57 INFO  (GhidraScript) GeneralStructureEyePatternScan.java> Scanned 690000 functions. Exported so far: 642  
2026-07-21 20:31:31 INFO  (GhidraScript) GeneralStructureEyePatternScan.java> Scanned 700000 functions. Exported so far: 692  
2026-07-21 20:32:10 INFO  (GhidraScript) GeneralStructureEyePatternScan.java> Scanned 710000 functions. Exported so far: 692  
2026-07-21 20:32:39 INFO  (GhidraScript) GeneralStructureEyePatternScan.java> Scanned 720000 functions. Exported so far: 718  
2026-07-21 20:33:16 INFO  (GhidraScript) GeneralStructureEyePatternScan.java> Scanned 730000 functions. Exported so far: 718  
2026-07-21 20:37:40 INFO  (GhidraScript) GeneralStructureEyePatternScan.java> Scanned 740000 functions. Exported so far: 800  
2026-07-21 20:39:46 INFO  (GhidraScript) GeneralStructureEyePatternScan.java> Scanned 750000 functions. Exported so far: 1302  
2026-07-21 20:43:38 INFO  (GhidraScript) GeneralStructureEyePatternScan.java> Scanned 760000 functions. Exported so far: 1303  
2026-07-21 20:46:06 INFO  (GhidraScript) GeneralStructureEyePatternScan.java> Scanned 770000 functions. Exported so far: 1303  
2026-07-21 21:19:29 INFO  (GhidraScript) GeneralStructureEyePatternScan.java> Scanned 780000 functions. Exported so far: 1523  
2026-07-21 21:22:05 INFO  (GhidraScript) GeneralStructureEyePatternScan.java> Scanned 790000 functions. Exported so far: 1528  
2026-07-21 21:23:48 INFO  (GhidraScript) GeneralStructureEyePatternScan.java> Scanned 800000 functions. Exported so far: 1552  
2026-07-21 21:25:37 INFO  (GhidraScript) GeneralStructureEyePatternScan.java> Scanned 810000 functions. Exported so far: 1556  
2026-07-21 21:27:20 INFO  (GhidraScript) GeneralStructureEyePatternScan.java> Scanned 820000 functions. Exported so far: 1619  
2026-07-21 21:29:25 INFO  (GhidraScript) GeneralStructureEyePatternScan.java> Scanned 830000 functions. Exported so far: 2108  
2026-07-21 21:33:47 INFO  (GhidraScript) GeneralStructureEyePatternScan.java> Scanned 840000 functions. Exported so far: 2134  
2026-07-21 21:37:12 INFO  (GhidraScript) GeneralStructureEyePatternScan.java> Scanned 850000 functions. Exported so far: 2142  
2026-07-21 21:42:17 INFO  (GhidraScript) GeneralStructureEyePatternScan.java> Scanned 860000 functions. Exported so far: 2145  
2026-07-21 21:47:16 INFO  (GhidraScript) GeneralStructureEyePatternScan.java> Scanned 870000 functions. Exported so far: 2145  
2026-07-21 21:57:54 INFO  (GhidraScript) GeneralStructureEyePatternScan.java> Scanned 880000 functions. Exported so far: 2149  
2026-07-21 22:06:34 INFO  (GhidraScript) GeneralStructureEyePatternScan.java> Scanned 890000 functions. Exported so far: 2149  
2026-07-21 22:07:26 INFO  (GhidraScript) GeneralStructureEyePatternScan.java> Scanned 900000 functions. Exported so far: 2158  
2026-07-21 22:14:52 INFO  (GhidraScript) GeneralStructureEyePatternScan.java> Scanned 910000 functions. Exported so far: 2158  
2026-07-21 22:17:34 INFO  (GhidraScript) GeneralStructureEyePatternScan.java> Scanned 920000 functions. Exported so far: 2158  
2026-07-21 22:18:39 INFO  (GhidraScript) GeneralStructureEyePatternScan.java> Scanned 930000 functions. Exported so far: 2159  
2026-07-21 22:27:45 INFO  (GhidraScript) GeneralStructureEyePatternScan.java> Scanned 940000 functions. Exported so far: 2166  
2026-07-21 22:33:45 INFO  (GhidraScript) GeneralStructureEyePatternScan.java> Scanned 950000 functions. Exported so far: 2401  
2026-07-21 22:35:07 INFO  (GhidraScript) GeneralStructureEyePatternScan.java> Scanned 960000 functions. Exported so far: 2429  
2026-07-21 22:35:45 INFO  (GhidraScript) GeneralStructureEyePatternScan.java> Scanned 970000 functions. Exported so far: 2429  
2026-07-21 23:08:07 INFO  (GhidraScript) GeneralStructureEyePatternScan.java> Scanned 980000 functions. Exported so far: 2438  
2026-07-21 23:12:30 INFO  (GhidraScript) GeneralStructureEyePatternScan.java> Scanned 990000 functions. Exported so far: 2450  
2026-07-21 23:19:20 INFO  (GhidraScript) GeneralStructureEyePatternScan.java> Scanned 1000000 functions. Exported so far: 2459  
2026-07-21 23:20:22 INFO  (GhidraScript) GeneralStructureEyePatternScan.java> Scanned 1010000 functions. Exported so far: 2460  
2026-07-21 23:25:26 INFO  (GhidraScript) GeneralStructureEyePatternScan.java> Scanned 1020000 functions. Exported so far: 2460  
2026-07-21 23:30:23 INFO  (GhidraScript) GeneralStructureEyePatternScan.java> Scanned 1030000 functions. Exported so far: 2463  
2026-07-21 23:31:32 WARN  (DecompileCallback) Decompiling 09aca000, pcode error at 09aca000: Unable to disassemble EXTERNAL block location: 09aca000  
2026-07-21 23:31:32 WARN  (DecompileCallback) Decompiling 09aca008, pcode error at 09aca008: Unable to disassemble EXTERNAL block location: 09aca008  
2026-07-21 23:31:32 WARN  (DecompileCallback) Decompiling 09aca010, pcode error at 09aca010: Unable to disassemble EXTERNAL block location: 09aca010  
2026-07-21 23:31:32 WARN  (DecompileCallback) Decompiling 09aca018, pcode error at 09aca018: Unable to disassemble EXTERNAL block location: 09aca018  
2026-07-21 23:31:32 WARN  (DecompileCallback) Decompiling 09aca020, pcode error at 09aca020: Unable to disassemble EXTERNAL block location: 09aca020  
2026-07-21 23:31:32 WARN  (DecompileCallback) Decompiling 09aca028, pcode error at 09aca028: Unable to disassemble EXTERNAL block location: 09aca028  
2026-07-21 23:31:32 WARN  (DecompileCallback) Decompiling 09aca030, pcode error at 09aca030: Unable to disassemble EXTERNAL block location: 09aca030  
2026-07-21 23:31:32 WARN  (DecompileCallback) Decompiling 09aca038, pcode error at 09aca038: Unable to disassemble EXTERNAL block location: 09aca038  
2026-07-21 23:31:32 WARN  (DecompileCallback) Decompiling 09aca040, pcode error at 09aca040: Unable to disassemble EXTERNAL block location: 09aca040  
2026-07-21 23:31:32 WARN  (DecompileCallback) Decompiling 09aca048, pcode error at 09aca048: Unable to disassemble EXTERNAL block location: 09aca048  
2026-07-21 23:31:32 WARN  (DecompileCallback) Decompiling 09aca050, pcode error at 09aca050: Unable to disassemble EXTERNAL block location: 09aca050  
2026-07-21 23:31:32 WARN  (DecompileCallback) Decompiling 09aca058, pcode error at 09aca058: Unable to disassemble EXTERNAL block location: 09aca058  
2026-07-21 23:31:32 WARN  (DecompileCallback) Decompiling 09aca060, pcode error at 09aca060: Unable to disassemble EXTERNAL block location: 09aca060  
2026-07-21 23:31:32 WARN  (DecompileCallback) Decompiling 09aca068, pcode error at 09aca068: Unable to disassemble EXTERNAL block location: 09aca068  
2026-07-21 23:31:32 WARN  (DecompileCallback) Decompiling 09aca070, pcode error at 09aca070: Unable to disassemble EXTERNAL block location: 09aca070  
2026-07-21 23:31:32 WARN  (DecompileCallback) Decompiling 09aca078, pcode error at 09aca078: Unable to disassemble EXTERNAL block location: 09aca078  
2026-07-21 23:31:32 WARN  (DecompileCallback) Decompiling 09aca080, pcode error at 09aca080: Unable to disassemble EXTERNAL block location: 09aca080  
2026-07-21 23:31:32 WARN  (DecompileCallback) Decompiling 09aca088, pcode error at 09aca088: Unable to disassemble EXTERNAL block location: 09aca088  
2026-07-21 23:31:32 WARN  (DecompileCallback) Decompiling 09aca090, pcode error at 09aca090: Unable to disassemble EXTERNAL block location: 09aca090  
2026-07-21 23:31:32 WARN  (DecompileCallback) Decompiling 09aca098, pcode error at 09aca098: Unable to disassemble EXTERNAL block location: 09aca098  
2026-07-21 23:31:33 WARN  (DecompileCallback) Decompiling 09aca0a0, pcode error at 09aca0a0: Unable to disassemble EXTERNAL block location: 09aca0a0  
2026-07-21 23:31:33 WARN  (DecompileCallback) Decompiling 09aca0a8, pcode error at 09aca0a8: Unable to disassemble EXTERNAL block location: 09aca0a8  
2026-07-21 23:31:33 WARN  (DecompileCallback) Decompiling 09aca0b0, pcode error at 09aca0b0: Unable to disassemble EXTERNAL block location: 09aca0b0  
2026-07-21 23:31:33 WARN  (DecompileCallback) Decompiling 09aca0b8, pcode error at 09aca0b8: Unable to disassemble EXTERNAL block location: 09aca0b8  
2026-07-21 23:31:33 WARN  (DecompileCallback) Decompiling 09aca0c0, pcode error at 09aca0c0: Unable to disassemble EXTERNAL block location: 09aca0c0  
2026-07-21 23:31:33 WARN  (DecompileCallback) Decompiling 09aca0c8, pcode error at 09aca0c8: Unable to disassemble EXTERNAL block location: 09aca0c8  
2026-07-21 23:31:33 WARN  (DecompileCallback) Decompiling 09aca0d0, pcode error at 09aca0d0: Unable to disassemble EXTERNAL block location: 09aca0d0  
2026-07-21 23:31:33 WARN  (DecompileCallback) Decompiling 09aca0d8, pcode error at 09aca0d8: Unable to disassemble EXTERNAL block location: 09aca0d8  
2026-07-21 23:31:33 WARN  (DecompileCallback) Decompiling 09aca0e0, pcode error at 09aca0e0: Unable to disassemble EXTERNAL block location: 09aca0e0  
2026-07-21 23:31:33 WARN  (DecompileCallback) Decompiling 09aca0e8, pcode error at 09aca0e8: Unable to disassemble EXTERNAL block location: 09aca0e8  
2026-07-21 23:31:33 WARN  (DecompileCallback) Decompiling 09aca0f0, pcode error at 09aca0f0: Unable to disassemble EXTERNAL block location: 09aca0f0  
2026-07-21 23:31:33 WARN  (DecompileCallback) Decompiling 09aca0f8, pcode error at 09aca0f8: Unable to disassemble EXTERNAL block location: 09aca0f8  
2026-07-21 23:31:33 WARN  (DecompileCallback) Decompiling 09aca100, pcode error at 09aca100: Unable to disassemble EXTERNAL block location: 09aca100  
2026-07-21 23:31:33 WARN  (DecompileCallback) Decompiling 09aca108, pcode error at 09aca108: Unable to disassemble EXTERNAL block location: 09aca108  
2026-07-21 23:31:33 WARN  (DecompileCallback) Decompiling 09aca110, pcode error at 09aca110: Unable to disassemble EXTERNAL block location: 09aca110  
2026-07-21 23:31:33 WARN  (DecompileCallback) Decompiling 09aca118, pcode error at 09aca118: Unable to disassemble EXTERNAL block location: 09aca118  
2026-07-21 23:31:33 WARN  (DecompileCallback) Decompiling 09aca120, pcode error at 09aca120: Unable to disassemble EXTERNAL block location: 09aca120  
2026-07-21 23:31:33 WARN  (DecompileCallback) Decompiling 09aca128, pcode error at 09aca128: Unable to disassemble EXTERNAL block location: 09aca128  
2026-07-21 23:31:33 WARN  (DecompileCallback) Decompiling 09aca130, pcode error at 09aca130: Unable to disassemble EXTERNAL block location: 09aca130  
2026-07-21 23:31:33 WARN  (DecompileCallback) Decompiling 09aca138, pcode error at 09aca138: Unable to disassemble EXTERNAL block location: 09aca138  
2026-07-21 23:31:33 WARN  (DecompileCallback) Decompiling 09aca140, pcode error at 09aca140: Unable to disassemble EXTERNAL block location: 09aca140  
2026-07-21 23:31:33 WARN  (DecompileCallback) Decompiling 09aca148, pcode error at 09aca148: Unable to disassemble EXTERNAL block location: 09aca148  
2026-07-21 23:31:33 WARN  (DecompileCallback) Decompiling 09aca158, pcode error at 09aca158: Unable to disassemble EXTERNAL block location: 09aca158  
2026-07-21 23:31:33 WARN  (DecompileCallback) Decompiling 09aca160, pcode error at 09aca160: Unable to disassemble EXTERNAL block location: 09aca160  
2026-07-21 23:31:33 WARN  (DecompileCallback) Decompiling 09aca168, pcode error at 09aca168: Unable to disassemble EXTERNAL block location: 09aca168  
2026-07-21 23:31:33 WARN  (DecompileCallback) Decompiling 09aca170, pcode error at 09aca170: Unable to disassemble EXTERNAL block location: 09aca170  
2026-07-21 23:31:33 WARN  (DecompileCallback) Decompiling 09aca178, pcode error at 09aca178: Unable to disassemble EXTERNAL block location: 09aca178  
2026-07-21 23:31:33 WARN  (DecompileCallback) Decompiling 09aca180, pcode error at 09aca180: Unable to disassemble EXTERNAL block location: 09aca180  
2026-07-21 23:31:33 WARN  (DecompileCallback) Decompiling 09aca188, pcode error at 09aca188: Unable to disassemble EXTERNAL block location: 09aca188  
2026-07-21 23:31:33 WARN  (DecompileCallback) Decompiling 09aca190, pcode error at 09aca190: Unable to disassemble EXTERNAL block location: 09aca190  
2026-07-21 23:31:33 WARN  (DecompileCallback) Decompiling 09aca198, pcode error at 09aca198: Unable to disassemble EXTERNAL block location: 09aca198  
2026-07-21 23:31:33 WARN  (DecompileCallback) Decompiling 09aca1a0, pcode error at 09aca1a0: Unable to disassemble EXTERNAL block location: 09aca1a0  
2026-07-21 23:31:33 WARN  (DecompileCallback) Decompiling 09aca1a8, pcode error at 09aca1a8: Unable to disassemble EXTERNAL block location: 09aca1a8  
2026-07-21 23:31:33 WARN  (DecompileCallback) Decompiling 09aca1b0, pcode error at 09aca1b0: Unable to disassemble EXTERNAL block location: 09aca1b0  
2026-07-21 23:31:33 WARN  (DecompileCallback) Decompiling 09aca1b8, pcode error at 09aca1b8: Unable to disassemble EXTERNAL block location: 09aca1b8  
2026-07-21 23:31:33 WARN  (DecompileCallback) Decompiling 09aca1c0, pcode error at 09aca1c0: Unable to disassemble EXTERNAL block location: 09aca1c0  
2026-07-21 23:31:33 WARN  (DecompileCallback) Decompiling 09aca1c8, pcode error at 09aca1c8: Unable to disassemble EXTERNAL block location: 09aca1c8  
2026-07-21 23:31:33 WARN  (DecompileCallback) Decompiling 09aca1d0, pcode error at 09aca1d0: Unable to disassemble EXTERNAL block location: 09aca1d0  
2026-07-21 23:31:33 WARN  (DecompileCallback) Decompiling 09aca1d8, pcode error at 09aca1d8: Unable to disassemble EXTERNAL block location: 09aca1d8  
2026-07-21 23:31:33 WARN  (DecompileCallback) Decompiling 09aca1e0, pcode error at 09aca1e0: Unable to disassemble EXTERNAL block location: 09aca1e0  
2026-07-21 23:31:33 WARN  (DecompileCallback) Decompiling 09aca1e8, pcode error at 09aca1e8: Unable to disassemble EXTERNAL block location: 09aca1e8  
2026-07-21 23:31:33 WARN  (DecompileCallback) Decompiling 09aca1f0, pcode error at 09aca1f0: Unable to disassemble EXTERNAL block location: 09aca1f0  
2026-07-21 23:31:33 WARN  (DecompileCallback) Decompiling 09aca1f8, pcode error at 09aca1f8: Unable to disassemble EXTERNAL block location: 09aca1f8  
2026-07-21 23:31:33 WARN  (DecompileCallback) Decompiling 09aca200, pcode error at 09aca200: Unable to disassemble EXTERNAL block location: 09aca200  
2026-07-21 23:31:33 WARN  (DecompileCallback) Decompiling 09aca208, pcode error at 09aca208: Unable to disassemble EXTERNAL block location: 09aca208  
2026-07-21 23:31:33 WARN  (DecompileCallback) Decompiling 09aca210, pcode error at 09aca210: Unable to disassemble EXTERNAL block location: 09aca210  
2026-07-21 23:31:33 WARN  (DecompileCallback) Decompiling 09aca218, pcode error at 09aca218: Unable to disassemble EXTERNAL block location: 09aca218  
2026-07-21 23:31:33 WARN  (DecompileCallback) Decompiling 09aca220, pcode error at 09aca220: Unable to disassemble EXTERNAL block location: 09aca220  
2026-07-21 23:31:33 WARN  (DecompileCallback) Decompiling 09aca228, pcode error at 09aca228: Unable to disassemble EXTERNAL block location: 09aca228  
2026-07-21 23:31:33 WARN  (DecompileCallback) Decompiling 09aca230, pcode error at 09aca230: Unable to disassemble EXTERNAL block location: 09aca230  
2026-07-21 23:31:33 WARN  (DecompileCallback) Decompiling 09aca238, pcode error at 09aca238: Unable to disassemble EXTERNAL block location: 09aca238  
2026-07-21 23:31:33 WARN  (DecompileCallback) Decompiling 09aca240, pcode error at 09aca240: Unable to disassemble EXTERNAL block location: 09aca240  
2026-07-21 23:31:33 WARN  (DecompileCallback) Decompiling 09aca248, pcode error at 09aca248: Unable to disassemble EXTERNAL block location: 09aca248  
2026-07-21 23:31:33 WARN  (DecompileCallback) Decompiling 09aca250, pcode error at 09aca250: Unable to disassemble EXTERNAL block location: 09aca250  
2026-07-21 23:31:33 WARN  (DecompileCallback) Decompiling 09aca258, pcode error at 09aca258: Unable to disassemble EXTERNAL block location: 09aca258  
2026-07-21 23:31:33 WARN  (DecompileCallback) Decompiling 09aca260, pcode error at 09aca260: Unable to disassemble EXTERNAL block location: 09aca260  
2026-07-21 23:31:33 WARN  (DecompileCallback) Decompiling 09aca268, pcode error at 09aca268: Unable to disassemble EXTERNAL block location: 09aca268  
2026-07-21 23:31:33 WARN  (DecompileCallback) Decompiling 09aca270, pcode error at 09aca270: Unable to disassemble EXTERNAL block location: 09aca270  
2026-07-21 23:31:33 WARN  (DecompileCallback) Decompiling 09aca278, pcode error at 09aca278: Unable to disassemble EXTERNAL block location: 09aca278  
2026-07-21 23:31:33 WARN  (DecompileCallback) Decompiling 09aca280, pcode error at 09aca280: Unable to disassemble EXTERNAL block location: 09aca280  
2026-07-21 23:31:33 WARN  (DecompileCallback) Decompiling 09aca288, pcode error at 09aca288: Unable to disassemble EXTERNAL block location: 09aca288  
2026-07-21 23:31:33 WARN  (DecompileCallback) Decompiling 09aca290, pcode error at 09aca290: Unable to disassemble EXTERNAL block location: 09aca290  
2026-07-21 23:31:33 WARN  (DecompileCallback) Decompiling 09aca298, pcode error at 09aca298: Unable to disassemble EXTERNAL block location: 09aca298  
2026-07-21 23:31:33 WARN  (DecompileCallback) Decompiling 09aca2a0, pcode error at 09aca2a0: Unable to disassemble EXTERNAL block location: 09aca2a0  
2026-07-21 23:31:33 WARN  (DecompileCallback) Decompiling 09aca2a8, pcode error at 09aca2a8: Unable to disassemble EXTERNAL block location: 09aca2a8  
2026-07-21 23:31:33 WARN  (DecompileCallback) Decompiling 09aca2b0, pcode error at 09aca2b0: Unable to disassemble EXTERNAL block location: 09aca2b0  
2026-07-21 23:31:33 WARN  (DecompileCallback) Decompiling 09aca2b8, pcode error at 09aca2b8: Unable to disassemble EXTERNAL block location: 09aca2b8  
2026-07-21 23:31:33 WARN  (DecompileCallback) Decompiling 09aca2c0, pcode error at 09aca2c0: Unable to disassemble EXTERNAL block location: 09aca2c0  
2026-07-21 23:31:33 WARN  (DecompileCallback) Decompiling 09aca2c8, pcode error at 09aca2c8: Unable to disassemble EXTERNAL block location: 09aca2c8  
2026-07-21 23:31:33 WARN  (DecompileCallback) Decompiling 09aca2d0, pcode error at 09aca2d0: Unable to disassemble EXTERNAL block location: 09aca2d0  
2026-07-21 23:31:33 WARN  (DecompileCallback) Decompiling 09aca2d8, pcode error at 09aca2d8: Unable to disassemble EXTERNAL block location: 09aca2d8  
2026-07-21 23:31:33 WARN  (DecompileCallback) Decompiling 09aca2e0, pcode error at 09aca2e0: Unable to disassemble EXTERNAL block location: 09aca2e0  
2026-07-21 23:31:33 WARN  (DecompileCallback) Decompiling 09aca2e8, pcode error at 09aca2e8: Unable to disassemble EXTERNAL block location: 09aca2e8  
2026-07-21 23:31:33 WARN  (DecompileCallback) Decompiling 09aca2f0, pcode error at 09aca2f0: Unable to disassemble EXTERNAL block location: 09aca2f0  
2026-07-21 23:31:33 WARN  (DecompileCallback) Decompiling 09aca2f8, pcode error at 09aca2f8: Unable to disassemble EXTERNAL block location: 09aca2f8  
2026-07-21 23:31:33 WARN  (DecompileCallback) Decompiling 09aca300, pcode error at 09aca300: Unable to disassemble EXTERNAL block location: 09aca300  
2026-07-21 23:31:33 WARN  (DecompileCallback) Decompiling 09aca308, pcode error at 09aca308: Unable to disassemble EXTERNAL block location: 09aca308  
2026-07-21 23:31:33 WARN  (DecompileCallback) Decompiling 09aca310, pcode error at 09aca310: Unable to disassemble EXTERNAL block location: 09aca310  
2026-07-21 23:31:33 WARN  (DecompileCallback) Decompiling 09aca318, pcode error at 09aca318: Unable to disassemble EXTERNAL block location: 09aca318  
2026-07-21 23:31:33 WARN  (DecompileCallback) Decompiling 09aca320, pcode error at 09aca320: Unable to disassemble EXTERNAL block location: 09aca320  
2026-07-21 23:31:33 WARN  (DecompileCallback) Decompiling 09aca328, pcode error at 09aca328: Unable to disassemble EXTERNAL block location: 09aca328  
2026-07-21 23:31:33 WARN  (DecompileCallback) Decompiling 09aca330, pcode error at 09aca330: Unable to disassemble EXTERNAL block location: 09aca330  
2026-07-21 23:31:33 WARN  (DecompileCallback) Decompiling 09aca338, pcode error at 09aca338: Unable to disassemble EXTERNAL block location: 09aca338  
2026-07-21 23:31:33 WARN  (DecompileCallback) Decompiling 09aca340, pcode error at 09aca340: Unable to disassemble EXTERNAL block location: 09aca340  
2026-07-21 23:31:33 WARN  (DecompileCallback) Decompiling 09aca348, pcode error at 09aca348: Unable to disassemble EXTERNAL block location: 09aca348  
2026-07-21 23:31:33 WARN  (DecompileCallback) Decompiling 09aca350, pcode error at 09aca350: Unable to disassemble EXTERNAL block location: 09aca350  
2026-07-21 23:31:33 WARN  (DecompileCallback) Decompiling 09aca358, pcode error at 09aca358: Unable to disassemble EXTERNAL block location: 09aca358  
2026-07-21 23:31:33 WARN  (DecompileCallback) Decompiling 09aca360, pcode error at 09aca360: Unable to disassemble EXTERNAL block location: 09aca360  
2026-07-21 23:31:33 WARN  (DecompileCallback) Decompiling 09aca368, pcode error at 09aca368: Unable to disassemble EXTERNAL block location: 09aca368  
2026-07-21 23:31:33 WARN  (DecompileCallback) Decompiling 09aca370, pcode error at 09aca370: Unable to disassemble EXTERNAL block location: 09aca370  
2026-07-21 23:31:33 WARN  (DecompileCallback) Decompiling 09aca378, pcode error at 09aca378: Unable to disassemble EXTERNAL block location: 09aca378  
2026-07-21 23:31:33 WARN  (DecompileCallback) Decompiling 09aca380, pcode error at 09aca380: Unable to disassemble EXTERNAL block location: 09aca380  
2026-07-21 23:31:33 WARN  (DecompileCallback) Decompiling 09aca388, pcode error at 09aca388: Unable to disassemble EXTERNAL block location: 09aca388  
2026-07-21 23:31:33 WARN  (DecompileCallback) Decompiling 09aca390, pcode error at 09aca390: Unable to disassemble EXTERNAL block location: 09aca390  
2026-07-21 23:31:33 WARN  (DecompileCallback) Decompiling 09aca398, pcode error at 09aca398: Unable to disassemble EXTERNAL block location: 09aca398  
2026-07-21 23:31:33 WARN  (DecompileCallback) Decompiling 09aca3a0, pcode error at 09aca3a0: Unable to disassemble EXTERNAL block location: 09aca3a0  
2026-07-21 23:31:33 WARN  (DecompileCallback) Decompiling 09aca3a8, pcode error at 09aca3a8: Unable to disassemble EXTERNAL block location: 09aca3a8  
2026-07-21 23:31:33 WARN  (DecompileCallback) Decompiling 09aca3b0, pcode error at 09aca3b0: Unable to disassemble EXTERNAL block location: 09aca3b0  
2026-07-21 23:31:33 WARN  (DecompileCallback) Decompiling 09aca3b8, pcode error at 09aca3b8: Unable to disassemble EXTERNAL block location: 09aca3b8  
2026-07-21 23:31:33 WARN  (DecompileCallback) Decompiling 09aca3c0, pcode error at 09aca3c0: Unable to disassemble EXTERNAL block location: 09aca3c0  
2026-07-21 23:31:33 WARN  (DecompileCallback) Decompiling 09aca3c8, pcode error at 09aca3c8: Unable to disassemble EXTERNAL block location: 09aca3c8  
2026-07-21 23:31:33 WARN  (DecompileCallback) Decompiling 09aca3d0, pcode error at 09aca3d0: Unable to disassemble EXTERNAL block location: 09aca3d0  
2026-07-21 23:31:33 WARN  (DecompileCallback) Decompiling 09aca3d8, pcode error at 09aca3d8: Unable to disassemble EXTERNAL block location: 09aca3d8  
2026-07-21 23:31:33 WARN  (DecompileCallback) Decompiling 09aca3e0, pcode error at 09aca3e0: Unable to disassemble EXTERNAL block location: 09aca3e0  
2026-07-21 23:31:33 WARN  (DecompileCallback) Decompiling 09aca3e8, pcode error at 09aca3e8: Unable to disassemble EXTERNAL block location: 09aca3e8  
2026-07-21 23:31:33 WARN  (DecompileCallback) Decompiling 09aca3f0, pcode error at 09aca3f0: Unable to disassemble EXTERNAL block location: 09aca3f0  
2026-07-21 23:31:33 WARN  (DecompileCallback) Decompiling 09aca3f8, pcode error at 09aca3f8: Unable to disassemble EXTERNAL block location: 09aca3f8  
2026-07-21 23:31:33 WARN  (DecompileCallback) Decompiling 09aca400, pcode error at 09aca400: Unable to disassemble EXTERNAL block location: 09aca400  
2026-07-21 23:31:33 WARN  (DecompileCallback) Decompiling 09aca408, pcode error at 09aca408: Unable to disassemble EXTERNAL block location: 09aca408  
2026-07-21 23:31:33 WARN  (DecompileCallback) Decompiling 09aca410, pcode error at 09aca410: Unable to disassemble EXTERNAL block location: 09aca410  
2026-07-21 23:31:33 WARN  (DecompileCallback) Decompiling 09aca418, pcode error at 09aca418: Unable to disassemble EXTERNAL block location: 09aca418  
2026-07-21 23:31:33 WARN  (DecompileCallback) Decompiling 09aca420, pcode error at 09aca420: Unable to disassemble EXTERNAL block location: 09aca420  
2026-07-21 23:31:33 WARN  (DecompileCallback) Decompiling 09aca428, pcode error at 09aca428: Unable to disassemble EXTERNAL block location: 09aca428  
2026-07-21 23:31:33 WARN  (DecompileCallback) Decompiling 09aca430, pcode error at 09aca430: Unable to disassemble EXTERNAL block location: 09aca430  
2026-07-21 23:31:33 WARN  (DecompileCallback) Decompiling 09aca438, pcode error at 09aca438: Unable to disassemble EXTERNAL block location: 09aca438  
2026-07-21 23:31:33 WARN  (DecompileCallback) Decompiling 09aca440, pcode error at 09aca440: Unable to disassemble EXTERNAL block location: 09aca440  
2026-07-21 23:31:33 WARN  (DecompileCallback) Decompiling 09aca448, pcode error at 09aca448: Unable to disassemble EXTERNAL block location: 09aca448  
2026-07-21 23:31:33 WARN  (DecompileCallback) Decompiling 09aca450, pcode error at 09aca450: Unable to disassemble EXTERNAL block location: 09aca450  
2026-07-21 23:31:33 WARN  (DecompileCallback) Decompiling 09aca458, pcode error at 09aca458: Unable to disassemble EXTERNAL block location: 09aca458  
2026-07-21 23:31:33 WARN  (DecompileCallback) Decompiling 09aca460, pcode error at 09aca460: Unable to disassemble EXTERNAL block location: 09aca460  
2026-07-21 23:31:33 WARN  (DecompileCallback) Decompiling 09aca468, pcode error at 09aca468: Unable to disassemble EXTERNAL block location: 09aca468  
2026-07-21 23:31:33 WARN  (DecompileCallback) Decompiling 09aca470, pcode error at 09aca470: Unable to disassemble EXTERNAL block location: 09aca470  
2026-07-21 23:31:33 WARN  (DecompileCallback) Decompiling 09aca478, pcode error at 09aca478: Unable to disassemble EXTERNAL block location: 09aca478  
2026-07-21 23:31:33 WARN  (DecompileCallback) Decompiling 09aca480, pcode error at 09aca480: Unable to disassemble EXTERNAL block location: 09aca480  
2026-07-21 23:31:33 WARN  (DecompileCallback) Decompiling 09aca488, pcode error at 09aca488: Unable to disassemble EXTERNAL block location: 09aca488  
2026-07-21 23:31:33 WARN  (DecompileCallback) Decompiling 09aca490, pcode error at 09aca490: Unable to disassemble EXTERNAL block location: 09aca490  
2026-07-21 23:31:33 WARN  (DecompileCallback) Decompiling 09aca498, pcode error at 09aca498: Unable to disassemble EXTERNAL block location: 09aca498  
2026-07-21 23:31:33 WARN  (DecompileCallback) Decompiling 09aca4a0, pcode error at 09aca4a0: Unable to disassemble EXTERNAL block location: 09aca4a0  
2026-07-21 23:31:33 WARN  (DecompileCallback) Decompiling 09aca4a8, pcode error at 09aca4a8: Unable to disassemble EXTERNAL block location: 09aca4a8  
2026-07-21 23:31:33 WARN  (DecompileCallback) Decompiling 09aca4b0, pcode error at 09aca4b0: Unable to disassemble EXTERNAL block location: 09aca4b0  
2026-07-21 23:31:33 WARN  (DecompileCallback) Decompiling 09aca4b8, pcode error at 09aca4b8: Unable to disassemble EXTERNAL block location: 09aca4b8  
2026-07-21 23:31:33 WARN  (DecompileCallback) Decompiling 09aca4c0, pcode error at 09aca4c0: Unable to disassemble EXTERNAL block location: 09aca4c0  
2026-07-21 23:31:33 WARN  (DecompileCallback) Decompiling 09aca4c8, pcode error at 09aca4c8: Unable to disassemble EXTERNAL block location: 09aca4c8  
2026-07-21 23:31:33 WARN  (DecompileCallback) Decompiling 09aca4d0, pcode error at 09aca4d0: Unable to disassemble EXTERNAL block location: 09aca4d0  
2026-07-21 23:31:33 WARN  (DecompileCallback) Decompiling 09aca4d8, pcode error at 09aca4d8: Unable to disassemble EXTERNAL block location: 09aca4d8  
2026-07-21 23:31:33 WARN  (DecompileCallback) Decompiling 09aca4e0, pcode error at 09aca4e0: Unable to disassemble EXTERNAL block location: 09aca4e0  
2026-07-21 23:31:33 WARN  (DecompileCallback) Decompiling 09aca4e8, pcode error at 09aca4e8: Unable to disassemble EXTERNAL block location: 09aca4e8  
2026-07-21 23:31:33 WARN  (DecompileCallback) Decompiling 09aca4f0, pcode error at 09aca4f0: Unable to disassemble EXTERNAL block location: 09aca4f0  
2026-07-21 23:31:33 WARN  (DecompileCallback) Decompiling 09aca4f8, pcode error at 09aca4f8: Unable to disassemble EXTERNAL block location: 09aca4f8  
2026-07-21 23:31:33 WARN  (DecompileCallback) Decompiling 09aca500, pcode error at 09aca500: Unable to disassemble EXTERNAL block location: 09aca500  
2026-07-21 23:31:33 WARN  (DecompileCallback) Decompiling 09aca508, pcode error at 09aca508: Unable to disassemble EXTERNAL block location: 09aca508  
2026-07-21 23:31:33 WARN  (DecompileCallback) Decompiling 09aca510, pcode error at 09aca510: Unable to disassemble EXTERNAL block location: 09aca510  
2026-07-21 23:31:33 WARN  (DecompileCallback) Decompiling 09aca518, pcode error at 09aca518: Unable to disassemble EXTERNAL block location: 09aca518  
2026-07-21 23:31:33 WARN  (DecompileCallback) Decompiling 09aca520, pcode error at 09aca520: Unable to disassemble EXTERNAL block location: 09aca520  
2026-07-21 23:31:33 WARN  (DecompileCallback) Decompiling 09aca528, pcode error at 09aca528: Unable to disassemble EXTERNAL block location: 09aca528  
2026-07-21 23:31:33 WARN  (DecompileCallback) Decompiling 09aca530, pcode error at 09aca530: Unable to disassemble EXTERNAL block location: 09aca530  
2026-07-21 23:31:33 WARN  (DecompileCallback) Decompiling 09aca538, pcode error at 09aca538: Unable to disassemble EXTERNAL block location: 09aca538  
2026-07-21 23:31:33 WARN  (DecompileCallback) Decompiling 09aca540, pcode error at 09aca540: Unable to disassemble EXTERNAL block location: 09aca540  
2026-07-21 23:31:33 WARN  (DecompileCallback) Decompiling 09aca548, pcode error at 09aca548: Unable to disassemble EXTERNAL block location: 09aca548  
2026-07-21 23:31:33 WARN  (DecompileCallback) Decompiling 09aca550, pcode error at 09aca550: Unable to disassemble EXTERNAL block location: 09aca550  
2026-07-21 23:31:33 WARN  (DecompileCallback) Decompiling 09aca558, pcode error at 09aca558: Unable to disassemble EXTERNAL block location: 09aca558  
2026-07-21 23:31:33 WARN  (DecompileCallback) Decompiling 09aca568, pcode error at 09aca568: Unable to disassemble EXTERNAL block location: 09aca568  
2026-07-21 23:31:33 WARN  (DecompileCallback) Decompiling 09aca570, pcode error at 09aca570: Unable to disassemble EXTERNAL block location: 09aca570  
2026-07-21 23:31:33 WARN  (DecompileCallback) Decompiling 09aca578, pcode error at 09aca578: Unable to disassemble EXTERNAL block location: 09aca578  
2026-07-21 23:31:33 WARN  (DecompileCallback) Decompiling 09aca580, pcode error at 09aca580: Unable to disassemble EXTERNAL block location: 09aca580  
2026-07-21 23:31:33 WARN  (DecompileCallback) Decompiling 09aca588, pcode error at 09aca588: Unable to disassemble EXTERNAL block location: 09aca588  
2026-07-21 23:31:33 WARN  (DecompileCallback) Decompiling 09aca590, pcode error at 09aca590: Unable to disassemble EXTERNAL block location: 09aca590  
2026-07-21 23:31:33 WARN  (DecompileCallback) Decompiling 09aca598, pcode error at 09aca598: Unable to disassemble EXTERNAL block location: 09aca598  
2026-07-21 23:31:33 WARN  (DecompileCallback) Decompiling 09aca5a0, pcode error at 09aca5a0: Unable to disassemble EXTERNAL block location: 09aca5a0  
2026-07-21 23:31:33 WARN  (DecompileCallback) Decompiling 09aca5a8, pcode error at 09aca5a8: Unable to disassemble EXTERNAL block location: 09aca5a8  
2026-07-21 23:31:33 WARN  (DecompileCallback) Decompiling 09aca5b0, pcode error at 09aca5b0: Unable to disassemble EXTERNAL block location: 09aca5b0  
2026-07-21 23:31:33 WARN  (DecompileCallback) Decompiling 09aca5b8, pcode error at 09aca5b8: Unable to disassemble EXTERNAL block location: 09aca5b8  
2026-07-21 23:31:33 WARN  (DecompileCallback) Decompiling 09aca5c0, pcode error at 09aca5c0: Unable to disassemble EXTERNAL block location: 09aca5c0  
2026-07-21 23:31:33 WARN  (DecompileCallback) Decompiling 09aca5c8, pcode error at 09aca5c8: Unable to disassemble EXTERNAL block location: 09aca5c8  
2026-07-21 23:31:33 WARN  (DecompileCallback) Decompiling 09aca5d0, pcode error at 09aca5d0: Unable to disassemble EXTERNAL block location: 09aca5d0  
2026-07-21 23:31:33 WARN  (DecompileCallback) Decompiling 09aca5d8, pcode error at 09aca5d8: Unable to disassemble EXTERNAL block location: 09aca5d8  
2026-07-21 23:31:33 WARN  (DecompileCallback) Decompiling 09aca5e0, pcode error at 09aca5e0: Unable to disassemble EXTERNAL block location: 09aca5e0  
2026-07-21 23:31:33 WARN  (DecompileCallback) Decompiling 09aca5e8, pcode error at 09aca5e8: Unable to disassemble EXTERNAL block location: 09aca5e8  
2026-07-21 23:31:33 WARN  (DecompileCallback) Decompiling 09aca5f0, pcode error at 09aca5f0: Unable to disassemble EXTERNAL block location: 09aca5f0  
2026-07-21 23:31:33 WARN  (DecompileCallback) Decompiling 09aca5f8, pcode error at 09aca5f8: Unable to disassemble EXTERNAL block location: 09aca5f8  
2026-07-21 23:31:33 WARN  (DecompileCallback) Decompiling 09aca600, pcode error at 09aca600: Unable to disassemble EXTERNAL block location: 09aca600  
2026-07-21 23:31:33 WARN  (DecompileCallback) Decompiling 09aca608, pcode error at 09aca608: Unable to disassemble EXTERNAL block location: 09aca608  
2026-07-21 23:31:33 WARN  (DecompileCallback) Decompiling 09aca610, pcode error at 09aca610: Unable to disassemble EXTERNAL block location: 09aca610  
2026-07-21 23:31:33 WARN  (DecompileCallback) Decompiling 09aca618, pcode error at 09aca618: Unable to disassemble EXTERNAL block location: 09aca618  
2026-07-21 23:31:33 WARN  (DecompileCallback) Decompiling 09aca620, pcode error at 09aca620: Unable to disassemble EXTERNAL block location: 09aca620  
2026-07-21 23:31:33 WARN  (DecompileCallback) Decompiling 09aca628, pcode error at 09aca628: Unable to disassemble EXTERNAL block location: 09aca628  
2026-07-21 23:31:33 WARN  (DecompileCallback) Decompiling 09aca630, pcode error at 09aca630: Unable to disassemble EXTERNAL block location: 09aca630  
2026-07-21 23:31:33 WARN  (DecompileCallback) Decompiling 09aca638, pcode error at 09aca638: Unable to disassemble EXTERNAL block location: 09aca638  
2026-07-21 23:31:33 WARN  (DecompileCallback) Decompiling 09aca640, pcode error at 09aca640: Unable to disassemble EXTERNAL block location: 09aca640  
2026-07-21 23:31:33 WARN  (DecompileCallback) Decompiling 09aca648, pcode error at 09aca648: Unable to disassemble EXTERNAL block location: 09aca648  
2026-07-21 23:31:33 WARN  (DecompileCallback) Decompiling 09aca650, pcode error at 09aca650: Unable to disassemble EXTERNAL block location: 09aca650  
2026-07-21 23:31:33 WARN  (DecompileCallback) Decompiling 09aca658, pcode error at 09aca658: Unable to disassemble EXTERNAL block location: 09aca658  
2026-07-21 23:31:33 WARN  (DecompileCallback) Decompiling 09aca660, pcode error at 09aca660: Unable to disassemble EXTERNAL block location: 09aca660  
2026-07-21 23:31:33 WARN  (DecompileCallback) Decompiling 09aca668, pcode error at 09aca668: Unable to disassemble EXTERNAL block location: 09aca668  
2026-07-21 23:31:33 WARN  (DecompileCallback) Decompiling 09aca670, pcode error at 09aca670: Unable to disassemble EXTERNAL block location: 09aca670  
2026-07-21 23:31:33 WARN  (DecompileCallback) Decompiling 09aca678, pcode error at 09aca678: Unable to disassemble EXTERNAL block location: 09aca678  
2026-07-21 23:31:33 WARN  (DecompileCallback) Decompiling 09aca680, pcode error at 09aca680: Unable to disassemble EXTERNAL block location: 09aca680  
2026-07-21 23:31:33 WARN  (DecompileCallback) Decompiling 09aca688, pcode error at 09aca688: Unable to disassemble EXTERNAL block location: 09aca688  
2026-07-21 23:31:33 WARN  (DecompileCallback) Decompiling 09aca690, pcode error at 09aca690: Unable to disassemble EXTERNAL block location: 09aca690  
2026-07-21 23:31:33 WARN  (DecompileCallback) Decompiling 09aca698, pcode error at 09aca698: Unable to disassemble EXTERNAL block location: 09aca698  
2026-07-21 23:31:33 WARN  (DecompileCallback) Decompiling 09aca6a0, pcode error at 09aca6a0: Unable to disassemble EXTERNAL block location: 09aca6a0  
2026-07-21 23:31:33 WARN  (DecompileCallback) Decompiling 09aca6a8, pcode error at 09aca6a8: Unable to disassemble EXTERNAL block location: 09aca6a8  
2026-07-21 23:31:33 WARN  (DecompileCallback) Decompiling 09aca6b0, pcode error at 09aca6b0: Unable to disassemble EXTERNAL block location: 09aca6b0  
2026-07-21 23:31:33 WARN  (DecompileCallback) Decompiling 09aca6b8, pcode error at 09aca6b8: Unable to disassemble EXTERNAL block location: 09aca6b8  
2026-07-21 23:31:33 WARN  (DecompileCallback) Decompiling 09aca6c0, pcode error at 09aca6c0: Unable to disassemble EXTERNAL block location: 09aca6c0  
2026-07-21 23:31:33 WARN  (DecompileCallback) Decompiling 09aca6c8, pcode error at 09aca6c8: Unable to disassemble EXTERNAL block location: 09aca6c8  
2026-07-21 23:31:33 WARN  (DecompileCallback) Decompiling 09aca6d0, pcode error at 09aca6d0: Unable to disassemble EXTERNAL block location: 09aca6d0  
2026-07-21 23:31:33 WARN  (DecompileCallback) Decompiling 09aca6d8, pcode error at 09aca6d8: Unable to disassemble EXTERNAL block location: 09aca6d8  
2026-07-21 23:31:33 WARN  (DecompileCallback) Decompiling 09aca6e0, pcode error at 09aca6e0: Unable to disassemble EXTERNAL block location: 09aca6e0  
2026-07-21 23:31:33 WARN  (DecompileCallback) Decompiling 09aca6e8, pcode error at 09aca6e8: Unable to disassemble EXTERNAL block location: 09aca6e8  
2026-07-21 23:31:33 WARN  (DecompileCallback) Decompiling 09aca6f0, pcode error at 09aca6f0: Unable to disassemble EXTERNAL block location: 09aca6f0  
2026-07-21 23:31:33 WARN  (DecompileCallback) Decompiling 09aca6f8, pcode error at 09aca6f8: Unable to disassemble EXTERNAL block location: 09aca6f8  
2026-07-21 23:31:33 WARN  (DecompileCallback) Decompiling 09aca700, pcode error at 09aca700: Unable to disassemble EXTERNAL block location: 09aca700  
2026-07-21 23:31:33 WARN  (DecompileCallback) Decompiling 09aca708, pcode error at 09aca708: Unable to disassemble EXTERNAL block location: 09aca708  
2026-07-21 23:31:33 WARN  (DecompileCallback) Decompiling 09aca710, pcode error at 09aca710: Unable to disassemble EXTERNAL block location: 09aca710  
2026-07-21 23:31:33 WARN  (DecompileCallback) Decompiling 09aca718, pcode error at 09aca718: Unable to disassemble EXTERNAL block location: 09aca718  
2026-07-21 23:31:33 WARN  (DecompileCallback) Decompiling 09aca720, pcode error at 09aca720: Unable to disassemble EXTERNAL block location: 09aca720  
2026-07-21 23:31:33 WARN  (DecompileCallback) Decompiling 09aca728, pcode error at 09aca728: Unable to disassemble EXTERNAL block location: 09aca728  
2026-07-21 23:31:33 WARN  (DecompileCallback) Decompiling 09aca730, pcode error at 09aca730: Unable to disassemble EXTERNAL block location: 09aca730  
2026-07-21 23:31:33 WARN  (DecompileCallback) Decompiling 09aca738, pcode error at 09aca738: Unable to disassemble EXTERNAL block location: 09aca738  
2026-07-21 23:31:33 WARN  (DecompileCallback) Decompiling 09aca740, pcode error at 09aca740: Unable to disassemble EXTERNAL block location: 09aca740  
2026-07-21 23:31:33 WARN  (DecompileCallback) Decompiling 09aca748, pcode error at 09aca748: Unable to disassemble EXTERNAL block location: 09aca748  
2026-07-21 23:31:33 WARN  (DecompileCallback) Decompiling 09aca750, pcode error at 09aca750: Unable to disassemble EXTERNAL block location: 09aca750  
2026-07-21 23:31:33 WARN  (DecompileCallback) Decompiling 09aca758, pcode error at 09aca758: Unable to disassemble EXTERNAL block location: 09aca758  
2026-07-21 23:31:33 WARN  (DecompileCallback) Decompiling 09aca760, pcode error at 09aca760: Unable to disassemble EXTERNAL block location: 09aca760  
2026-07-21 23:31:33 WARN  (DecompileCallback) Decompiling 09aca768, pcode error at 09aca768: Unable to disassemble EXTERNAL block location: 09aca768  
2026-07-21 23:31:33 WARN  (DecompileCallback) Decompiling 09aca770, pcode error at 09aca770: Unable to disassemble EXTERNAL block location: 09aca770  
2026-07-21 23:31:33 WARN  (DecompileCallback) Decompiling 09aca778, pcode error at 09aca778: Unable to disassemble EXTERNAL block location: 09aca778  
2026-07-21 23:31:33 WARN  (DecompileCallback) Decompiling 09aca780, pcode error at 09aca780: Unable to disassemble EXTERNAL block location: 09aca780  
2026-07-21 23:31:33 WARN  (DecompileCallback) Decompiling 09aca788, pcode error at 09aca788: Unable to disassemble EXTERNAL block location: 09aca788  
2026-07-21 23:31:33 WARN  (DecompileCallback) Decompiling 09aca790, pcode error at 09aca790: Unable to disassemble EXTERNAL block location: 09aca790  
2026-07-21 23:31:33 WARN  (DecompileCallback) Decompiling 09aca798, pcode error at 09aca798: Unable to disassemble EXTERNAL block location: 09aca798  
2026-07-21 23:31:33 WARN  (DecompileCallback) Decompiling 09aca7a0, pcode error at 09aca7a0: Unable to disassemble EXTERNAL block location: 09aca7a0  
2026-07-21 23:31:33 WARN  (DecompileCallback) Decompiling 09aca7a8, pcode error at 09aca7a8: Unable to disassemble EXTERNAL block location: 09aca7a8  
2026-07-21 23:31:33 WARN  (DecompileCallback) Decompiling 09aca7b0, pcode error at 09aca7b0: Unable to disassemble EXTERNAL block location: 09aca7b0  
2026-07-21 23:31:33 WARN  (DecompileCallback) Decompiling 09aca7b8, pcode error at 09aca7b8: Unable to disassemble EXTERNAL block location: 09aca7b8  
2026-07-21 23:31:33 WARN  (DecompileCallback) Decompiling 09aca7c0, pcode error at 09aca7c0: Unable to disassemble EXTERNAL block location: 09aca7c0  
2026-07-21 23:31:33 WARN  (DecompileCallback) Decompiling 09aca7c8, pcode error at 09aca7c8: Unable to disassemble EXTERNAL block location: 09aca7c8  
2026-07-21 23:31:33 WARN  (DecompileCallback) Decompiling 09aca7d0, pcode error at 09aca7d0: Unable to disassemble EXTERNAL block location: 09aca7d0  
2026-07-21 23:31:33 WARN  (DecompileCallback) Decompiling 09aca7d8, pcode error at 09aca7d8: Unable to disassemble EXTERNAL block location: 09aca7d8  
2026-07-21 23:31:33 WARN  (DecompileCallback) Decompiling 09aca7e0, pcode error at 09aca7e0: Unable to disassemble EXTERNAL block location: 09aca7e0  
2026-07-21 23:31:33 WARN  (DecompileCallback) Decompiling 09aca7e8, pcode error at 09aca7e8: Unable to disassemble EXTERNAL block location: 09aca7e8  
2026-07-21 23:31:33 WARN  (DecompileCallback) Decompiling 09aca7f0, pcode error at 09aca7f0: Unable to disassemble EXTERNAL block location: 09aca7f0  
2026-07-21 23:31:33 WARN  (DecompileCallback) Decompiling 09aca7f8, pcode error at 09aca7f8: Unable to disassemble EXTERNAL block location: 09aca7f8  
2026-07-21 23:31:33 WARN  (DecompileCallback) Decompiling 09aca800, pcode error at 09aca800: Unable to disassemble EXTERNAL block location: 09aca800  
2026-07-21 23:31:33 WARN  (DecompileCallback) Decompiling 09aca808, pcode error at 09aca808: Unable to disassemble EXTERNAL block location: 09aca808  
2026-07-21 23:31:33 WARN  (DecompileCallback) Decompiling 09aca810, pcode error at 09aca810: Unable to disassemble EXTERNAL block location: 09aca810  
2026-07-21 23:31:33 WARN  (DecompileCallback) Decompiling 09aca818, pcode error at 09aca818: Unable to disassemble EXTERNAL block location: 09aca818  
2026-07-21 23:31:33 WARN  (DecompileCallback) Decompiling 09aca820, pcode error at 09aca820: Unable to disassemble EXTERNAL block location: 09aca820  
2026-07-21 23:31:33 WARN  (DecompileCallback) Decompiling 09aca828, pcode error at 09aca828: Unable to disassemble EXTERNAL block location: 09aca828  
2026-07-21 23:31:33 WARN  (DecompileCallback) Decompiling 09aca830, pcode error at 09aca830: Unable to disassemble EXTERNAL block location: 09aca830  
2026-07-21 23:31:33 WARN  (DecompileCallback) Decompiling 09aca838, pcode error at 09aca838: Unable to disassemble EXTERNAL block location: 09aca838  
2026-07-21 23:31:33 WARN  (DecompileCallback) Decompiling 09aca840, pcode error at 09aca840: Unable to disassemble EXTERNAL block location: 09aca840  
2026-07-21 23:31:33 WARN  (DecompileCallback) Decompiling 09aca848, pcode error at 09aca848: Unable to disassemble EXTERNAL block location: 09aca848  
2026-07-21 23:31:33 WARN  (DecompileCallback) Decompiling 09aca850, pcode error at 09aca850: Unable to disassemble EXTERNAL block location: 09aca850  
2026-07-21 23:31:33 WARN  (DecompileCallback) Decompiling 09aca858, pcode error at 09aca858: Unable to disassemble EXTERNAL block location: 09aca858  
2026-07-21 23:31:33 WARN  (DecompileCallback) Decompiling 09aca860, pcode error at 09aca860: Unable to disassemble EXTERNAL block location: 09aca860  
2026-07-21 23:31:33 WARN  (DecompileCallback) Decompiling 09aca868, pcode error at 09aca868: Unable to disassemble EXTERNAL block location: 09aca868  
2026-07-21 23:31:33 WARN  (DecompileCallback) Decompiling 09aca870, pcode error at 09aca870: Unable to disassemble EXTERNAL block location: 09aca870  
2026-07-21 23:31:33 WARN  (DecompileCallback) Decompiling 09aca878, pcode error at 09aca878: Unable to disassemble EXTERNAL block location: 09aca878  
2026-07-21 23:31:33 WARN  (DecompileCallback) Decompiling 09aca880, pcode error at 09aca880: Unable to disassemble EXTERNAL block location: 09aca880  
2026-07-21 23:31:33 WARN  (DecompileCallback) Decompiling 09aca888, pcode error at 09aca888: Unable to disassemble EXTERNAL block location: 09aca888  
2026-07-21 23:31:33 WARN  (DecompileCallback) Decompiling 09aca890, pcode error at 09aca890: Unable to disassemble EXTERNAL block location: 09aca890  
2026-07-21 23:31:33 WARN  (DecompileCallback) Decompiling 09aca898, pcode error at 09aca898: Unable to disassemble EXTERNAL block location: 09aca898  
2026-07-21 23:31:33 WARN  (DecompileCallback) Decompiling 09aca8a0, pcode error at 09aca8a0: Unable to disassemble EXTERNAL block location: 09aca8a0  
2026-07-21 23:31:33 WARN  (DecompileCallback) Decompiling 09aca8a8, pcode error at 09aca8a8: Unable to disassemble EXTERNAL block location: 09aca8a8  
2026-07-21 23:31:33 WARN  (DecompileCallback) Decompiling 09aca8b0, pcode error at 09aca8b0: Unable to disassemble EXTERNAL block location: 09aca8b0  
2026-07-21 23:31:33 WARN  (DecompileCallback) Decompiling 09aca8c0, pcode error at 09aca8c0: Unable to disassemble EXTERNAL block location: 09aca8c0  
2026-07-21 23:31:33 WARN  (DecompileCallback) Decompiling 09aca8c8, pcode error at 09aca8c8: Unable to disassemble EXTERNAL block location: 09aca8c8  
2026-07-21 23:31:33 WARN  (DecompileCallback) Decompiling 09aca8d0, pcode error at 09aca8d0: Unable to disassemble EXTERNAL block location: 09aca8d0  
2026-07-21 23:31:33 WARN  (DecompileCallback) Decompiling 09aca8d8, pcode error at 09aca8d8: Unable to disassemble EXTERNAL block location: 09aca8d8  
2026-07-21 23:31:33 WARN  (DecompileCallback) Decompiling 09aca8e0, pcode error at 09aca8e0: Unable to disassemble EXTERNAL block location: 09aca8e0  
2026-07-21 23:31:33 WARN  (DecompileCallback) Decompiling 09aca8e8, pcode error at 09aca8e8: Unable to disassemble EXTERNAL block location: 09aca8e8  
2026-07-21 23:31:33 WARN  (DecompileCallback) Decompiling 09aca8f0, pcode error at 09aca8f0: Unable to disassemble EXTERNAL block location: 09aca8f0  
2026-07-21 23:31:33 WARN  (DecompileCallback) Decompiling 09aca8f8, pcode error at 09aca8f8: Unable to disassemble EXTERNAL block location: 09aca8f8  
2026-07-21 23:31:33 INFO  (GhidraScript) GeneralStructureEyePatternScan.java> General structure scan complete.  
2026-07-21 23:31:33 INFO  (GhidraScript) GeneralStructureEyePatternScan.java> Total functions scanned: 1039337  
2026-07-21 23:31:33 INFO  (GhidraScript) GeneralStructureEyePatternScan.java> Exported functions: 2467  
2026-07-21 23:31:33 INFO  (GhidraScript) GeneralStructureEyePatternScan.java> Decompile failures: 1498  
2026-07-21 23:31:33 INFO  (GhidraScript) GeneralStructureEyePatternScan.java> Report CSV: C:\realDesktop\manifest-evaluations\summer-26\ghidra-pipeline\il2cpp-files\StellarXV1\general-structure-results\structure_scan_report.csv  
2026-07-21 23:31:33 INFO  (GhidraScript) GeneralStructureEyePatternScan.java> Report JSON: C:\realDesktop\manifest-evaluations\summer-26\ghidra-pipeline\il2cpp-files\StellarXV1\general-structure-results\structure_scan_report.json  
2026-07-21 23:31:33 INFO  (HeadlessAnalyzer) REPORT: Save succeeded for processed file: /StellarXV1-libil2cpp.so  
