2026-07-20 18:31:53 INFO  (LoggingInitialization) Using log config file: jar:file:/C:/Users/kimgiordano27/Downloads/ghidra_12.1.2_PUBLIC_20260605/ghidra_12.1.2_PUBLIC/Ghidra/Framework/Generic/lib/Generic.jar!/generic.log4j.xml  
2026-07-20 18:31:53 INFO  (LoggingInitialization) Using log file: C:\realDesktop\manifest-evaluations\summer-26\ghidra-pipeline\il2cpp-files\sharks\general-structure-ghidra.log  
2026-07-20 18:31:53 DEBUG (GhidraObjectInputFilter) Including serial input filter: FileSystem/data/client.rmi.serial.filter  
2026-07-20 18:31:53 INFO  (Preferences) Loading user preferences: C:\Users\kimgiordano27\AppData\Roaming\ghidra\ghidra_12.1.2_PUBLIC\preferences  
2026-07-20 18:31:53 INFO  (ClassSearcher) Searching for classes...  
2026-07-20 18:31:54 INFO  (ClassSearcher) Class search complete (537 ms)  
2026-07-20 18:31:54 INFO  (DefaultSSLContextInitializer) Initializing SSL Context  
2026-07-20 18:31:54 INFO  (SecureRandomFactory) Initializing Random Number Generator...  
2026-07-20 18:31:54 INFO  (SecureRandomFactory) Random Number Generator initialization complete: SHA1PRNG  
2026-07-20 18:31:54 INFO  (DefaultTrustManagerFactory) Trust manager disabled, cacerts have not been set  
2026-07-20 18:31:54 INFO  (AnalyzeHeadless) Headless startup complete (1607 ms)  
2026-07-20 18:31:54 INFO  (ClassSearcher) Class searcher loaded 59 extension points (20 false positives)  
2026-07-20 18:31:54 INFO  (HeadlessAnalyzer) HEADLESS Script Paths:
    C:\Users\kimgiordano27\Downloads\ghidra_12.1.2_PUBLIC_20260605\ghidra_12.1.2_PUBLIC\Ghidra\Features\DecompilerDependent\ghidra_scripts
    C:\Users\kimgiordano27\Downloads\ghidra_12.1.2_PUBLIC_20260605\ghidra_12.1.2_PUBLIC\Ghidra\Processors\Atmel\ghidra_scripts
    C:\Users\kimgiordano27\Downloads\ghidra_12.1.2_PUBLIC_20260605\ghidra_12.1.2_PUBLIC\Ghidra\Processors\PIC\ghidra_scripts
    C:\Users\kimgiordano27\Downloads\ghidra_12.1.2_PUBLIC_20260605\ghidra_12.1.2_PUBLIC\Ghidra\Features\VersionTracking\ghidra_scripts
    C:\Users\kimgiordano27\Downloads\ghidra_12.1.2_PUBLIC_20260605\ghidra_12.1.2_PUBLIC\Ghidra\Features\BytePatterns\ghidra_scripts
    C:\Users\kimgiordano27\ghidra_scripts
    C:\Users\kimgiordano27\Downloads\ghidra_12.1.2_PUBLIC_20260605\ghidra_12.1.2_PUBLIC\Ghidra\Features\BSim\ghidra_scripts
    C:\realDesktop\manifest-evaluations\summer-26\ghidra-pipeline\ghidra-export-scripts
    C:\Users\kimgiordano27\Downloads\ghidra_12.1.2_PUBLIC_20260605\ghidra_12.1.2_PUBLIC\Ghidra\Processors\JVM\ghidra_scripts
    C:\Users\kimgiordano27\Downloads\ghidra_12.1.2_PUBLIC_20260605\ghidra_12.1.2_PUBLIC\Ghidra\Features\Base\ghidra_scripts
    C:\Users\kimgiordano27\Downloads\ghidra_12.1.2_PUBLIC_20260605\ghidra_12.1.2_PUBLIC\Ghidra\Features\SwiftDemangler\ghidra_scripts
    C:\Users\kimgiordano27\Downloads\ghidra_12.1.2_PUBLIC_20260605\ghidra_12.1.2_PUBLIC\Ghidra\Features\WildcardAssembler\ghidra_scripts
    C:\Users\kimgiordano27\Downloads\ghidra_12.1.2_PUBLIC_20260605\ghidra_12.1.2_PUBLIC\Ghidra\Features\FileFormats\ghidra_scripts
    C:\Users\kimgiordano27\Downloads\ghidra_12.1.2_PUBLIC_20260605\ghidra_12.1.2_PUBLIC\Ghidra\Features\Decompiler\ghidra_scripts
    C:\Users\kimgiordano27\Downloads\ghidra_12.1.2_PUBLIC_20260605\ghidra_12.1.2_PUBLIC\Ghidra\Features\SystemEmulation\ghidra_scripts
    C:\Users\kimgiordano27\Downloads\ghidra_12.1.2_PUBLIC_20260605\ghidra_12.1.2_PUBLIC\Ghidra\Processors\8051\ghidra_scripts
    C:\Users\kimgiordano27\Downloads\ghidra_12.1.2_PUBLIC_20260605\ghidra_12.1.2_PUBLIC\Ghidra\Features\GnuDemangler\ghidra_scripts
    C:\Users\kimgiordano27\Downloads\ghidra_12.1.2_PUBLIC_20260605\ghidra_12.1.2_PUBLIC\Ghidra\Debug\Debugger\ghidra_scripts
    C:\Users\kimgiordano27\Downloads\ghidra_12.1.2_PUBLIC_20260605\ghidra_12.1.2_PUBLIC\Ghidra\Processors\DATA\ghidra_scripts
    C:\Users\kimgiordano27\Downloads\ghidra_12.1.2_PUBLIC_20260605\ghidra_12.1.2_PUBLIC\Ghidra\Debug\Debugger-rmi-trace\ghidra_scripts
    C:\Users\kimgiordano27\Downloads\ghidra_12.1.2_PUBLIC_20260605\ghidra_12.1.2_PUBLIC\Ghidra\Features\FunctionID\ghidra_scripts
    C:\Users\kimgiordano27\Downloads\ghidra_12.1.2_PUBLIC_20260605\ghidra_12.1.2_PUBLIC\Ghidra\Features\MicrosoftCodeAnalyzer\ghidra_scripts
    C:\Users\kimgiordano27\Downloads\ghidra_12.1.2_PUBLIC_20260605\ghidra_12.1.2_PUBLIC\Ghidra\Features\PDB\ghidra_scripts
    C:\Users\kimgiordano27\AppData\Roaming\ghidra\ghidra_12.1.2_PUBLIC\Extensions\Jython\ghidra_scripts
    C:\Users\kimgiordano27\Downloads\ghidra_12.1.2_PUBLIC_20260605\ghidra_12.1.2_PUBLIC\Ghidra\Features\PyGhidra\ghidra_scripts  
2026-07-20 18:31:54 INFO  (HeadlessAnalyzer) HEADLESS: execution starts  
2026-07-20 18:31:54 INFO  (HeadlessAnalyzer) Opening existing project: C:\realDesktop\manifest-evaluations\summer-26\ghidra-pipeline\il2cpp-files\sharks\ghidra-project-sharks\sharks  
2026-07-20 18:31:54 INFO  (HeadlessProject) Opening project: C:\realDesktop\manifest-evaluations\summer-26\ghidra-pipeline\il2cpp-files\sharks\ghidra-project-sharks\sharks  
2026-07-20 18:31:55 INFO  (LocalFileSystem) /sharks-libil2cpp.so: checkout (2) granted (kimgiordano27)  
2026-07-20 18:31:58 INFO  (HeadlessAnalyzer) REPORT: Processing project file: /sharks-libil2cpp.so  
2026-07-20 18:31:58 INFO  (HeadlessAnalyzer) REPORT: Execute script: GeneralStructureEyePatternScan.java 'C:\realDesktop\manifest-evaluations\summer-26\ghidra-pipeline\il2cpp-files\sharks\general-structure-results' '70' 'false'   
2026-07-20 18:31:58 INFO  (HeadlessAnalyzer) SCRIPT: C:\realDesktop\manifest-evaluations\summer-26\ghidra-pipeline\ghidra-export-scripts\GeneralStructureEyePatternScan.java  
2026-07-20 18:31:58 INFO  (GhidraScript) GeneralStructureEyePatternScan.java> General structure scan starting...  
2026-07-20 18:31:58 INFO  (GhidraScript) GeneralStructureEyePatternScan.java> Output: C:\realDesktop\manifest-evaluations\summer-26\ghidra-pipeline\il2cpp-files\sharks\general-structure-results  
2026-07-20 18:31:58 INFO  (GhidraScript) GeneralStructureEyePatternScan.java> Minimum review score: 70  
2026-07-20 18:31:58 INFO  (GhidraScript) GeneralStructureEyePatternScan.java> Export all: false  
2026-07-20 18:32:17 INFO  (GhidraScript) GeneralStructureEyePatternScan.java> Scanned 10000 functions. Exported so far: 0  
2026-07-20 18:32:29 INFO  (GhidraScript) GeneralStructureEyePatternScan.java> Scanned 20000 functions. Exported so far: 0  
2026-07-20 18:32:43 INFO  (GhidraScript) GeneralStructureEyePatternScan.java> Scanned 30000 functions. Exported so far: 0  
2026-07-20 18:33:04 INFO  (GhidraScript) GeneralStructureEyePatternScan.java> Scanned 40000 functions. Exported so far: 0  
2026-07-20 18:33:26 INFO  (GhidraScript) GeneralStructureEyePatternScan.java> Scanned 50000 functions. Exported so far: 0  
2026-07-20 18:33:46 INFO  (GhidraScript) GeneralStructureEyePatternScan.java> Scanned 60000 functions. Exported so far: 0  
2026-07-20 18:37:29 INFO  (GhidraScript) GeneralStructureEyePatternScan.java> Scanned 70000 functions. Exported so far: 2  
2026-07-20 18:39:56 INFO  (GhidraScript) GeneralStructureEyePatternScan.java> Scanned 80000 functions. Exported so far: 46  
2026-07-20 18:41:22 INFO  (GhidraScript) GeneralStructureEyePatternScan.java> Scanned 90000 functions. Exported so far: 70  
2026-07-20 18:42:56 INFO  (GhidraScript) GeneralStructureEyePatternScan.java> Scanned 100000 functions. Exported so far: 91  
2026-07-20 18:44:01 INFO  (GhidraScript) GeneralStructureEyePatternScan.java> Scanned 110000 functions. Exported so far: 91  
2026-07-20 18:44:58 INFO  (GhidraScript) GeneralStructureEyePatternScan.java> Scanned 120000 functions. Exported so far: 98  
2026-07-20 18:47:08 INFO  (GhidraScript) GeneralStructureEyePatternScan.java> Scanned 130000 functions. Exported so far: 111  
2026-07-20 18:49:37 INFO  (GhidraScript) GeneralStructureEyePatternScan.java> Scanned 140000 functions. Exported so far: 111  
2026-07-20 18:50:55 INFO  (GhidraScript) GeneralStructureEyePatternScan.java> Scanned 150000 functions. Exported so far: 112  
2026-07-20 18:52:26 INFO  (GhidraScript) GeneralStructureEyePatternScan.java> Scanned 160000 functions. Exported so far: 208  
2026-07-20 18:53:09 INFO  (GhidraScript) GeneralStructureEyePatternScan.java> Scanned 170000 functions. Exported so far: 208  
2026-07-20 18:54:35 INFO  (GhidraScript) GeneralStructureEyePatternScan.java> Scanned 180000 functions. Exported so far: 208  
2026-07-20 18:56:04 INFO  (GhidraScript) GeneralStructureEyePatternScan.java> Scanned 190000 functions. Exported so far: 269  
2026-07-20 18:57:14 INFO  (GhidraScript) GeneralStructureEyePatternScan.java> Scanned 200000 functions. Exported so far: 273  
2026-07-20 18:58:01 INFO  (GhidraScript) GeneralStructureEyePatternScan.java> Scanned 210000 functions. Exported so far: 273  
2026-07-20 18:58:57 INFO  (GhidraScript) GeneralStructureEyePatternScan.java> Scanned 220000 functions. Exported so far: 285  
2026-07-20 19:00:13 INFO  (GhidraScript) GeneralStructureEyePatternScan.java> Scanned 230000 functions. Exported so far: 425  
2026-07-20 19:02:00 INFO  (GhidraScript) GeneralStructureEyePatternScan.java> Scanned 240000 functions. Exported so far: 760  
2026-07-20 19:02:59 INFO  (GhidraScript) GeneralStructureEyePatternScan.java> Scanned 250000 functions. Exported so far: 760  
2026-07-20 19:04:49 INFO  (GhidraScript) GeneralStructureEyePatternScan.java> Scanned 260000 functions. Exported so far: 760  
2026-07-20 19:41:04 INFO  (GhidraScript) GeneralStructureEyePatternScan.java> Scanned 270000 functions. Exported so far: 775  
2026-07-20 19:42:56 INFO  (GhidraScript) GeneralStructureEyePatternScan.java> Scanned 280000 functions. Exported so far: 1260  
2026-07-20 19:46:34 INFO  (GhidraScript) GeneralStructureEyePatternScan.java> Scanned 290000 functions. Exported so far: 1300  
2026-07-20 19:50:59 INFO  (GhidraScript) GeneralStructureEyePatternScan.java> Scanned 300000 functions. Exported so far: 1304  
2026-07-20 19:55:50 INFO  (GhidraScript) GeneralStructureEyePatternScan.java> Scanned 310000 functions. Exported so far: 1305  
2026-07-20 20:17:54 INFO  (GhidraScript) GeneralStructureEyePatternScan.java> Scanned 320000 functions. Exported so far: 1309  
2026-07-20 20:22:11 INFO  (GhidraScript) GeneralStructureEyePatternScan.java> Scanned 330000 functions. Exported so far: 1320  
2026-07-20 21:13:02 INFO  (GhidraScript) GeneralStructureEyePatternScan.java> Scanned 340000 functions. Exported so far: 1331  
2026-07-20 21:22:46 INFO  (GhidraScript) GeneralStructureEyePatternScan.java> Scanned 350000 functions. Exported so far: 1336  
2026-07-20 21:35:43 INFO  (GhidraScript) GeneralStructureEyePatternScan.java> Scanned 360000 functions. Exported so far: 1338  
2026-07-20 21:38:06 INFO  (GhidraScript) GeneralStructureEyePatternScan.java> Scanned 370000 functions. Exported so far: 1338  
2026-07-20 21:38:15 WARN  (DecompileCallback) Decompiling 03c4a000, pcode error at 03c4a000: Unable to disassemble EXTERNAL block location: 03c4a000  
2026-07-20 21:38:15 WARN  (DecompileCallback) Decompiling 03c4a008, pcode error at 03c4a008: Unable to disassemble EXTERNAL block location: 03c4a008  
2026-07-20 21:38:15 WARN  (DecompileCallback) Decompiling 03c4a010, pcode error at 03c4a010: Unable to disassemble EXTERNAL block location: 03c4a010  
2026-07-20 21:38:15 WARN  (DecompileCallback) Decompiling 03c4a018, pcode error at 03c4a018: Unable to disassemble EXTERNAL block location: 03c4a018  
2026-07-20 21:38:15 WARN  (DecompileCallback) Decompiling 03c4a020, pcode error at 03c4a020: Unable to disassemble EXTERNAL block location: 03c4a020  
2026-07-20 21:38:15 WARN  (DecompileCallback) Decompiling 03c4a028, pcode error at 03c4a028: Unable to disassemble EXTERNAL block location: 03c4a028  
2026-07-20 21:38:15 WARN  (DecompileCallback) Decompiling 03c4a030, pcode error at 03c4a030: Unable to disassemble EXTERNAL block location: 03c4a030  
2026-07-20 21:38:15 WARN  (DecompileCallback) Decompiling 03c4a038, pcode error at 03c4a038: Unable to disassemble EXTERNAL block location: 03c4a038  
2026-07-20 21:38:15 WARN  (DecompileCallback) Decompiling 03c4a040, pcode error at 03c4a040: Unable to disassemble EXTERNAL block location: 03c4a040  
2026-07-20 21:38:15 WARN  (DecompileCallback) Decompiling 03c4a048, pcode error at 03c4a048: Unable to disassemble EXTERNAL block location: 03c4a048  
2026-07-20 21:38:15 WARN  (DecompileCallback) Decompiling 03c4a050, pcode error at 03c4a050: Unable to disassemble EXTERNAL block location: 03c4a050  
2026-07-20 21:38:15 WARN  (DecompileCallback) Decompiling 03c4a058, pcode error at 03c4a058: Unable to disassemble EXTERNAL block location: 03c4a058  
2026-07-20 21:38:15 WARN  (DecompileCallback) Decompiling 03c4a060, pcode error at 03c4a060: Unable to disassemble EXTERNAL block location: 03c4a060  
2026-07-20 21:38:15 WARN  (DecompileCallback) Decompiling 03c4a068, pcode error at 03c4a068: Unable to disassemble EXTERNAL block location: 03c4a068  
2026-07-20 21:38:15 WARN  (DecompileCallback) Decompiling 03c4a070, pcode error at 03c4a070: Unable to disassemble EXTERNAL block location: 03c4a070  
2026-07-20 21:38:15 WARN  (DecompileCallback) Decompiling 03c4a078, pcode error at 03c4a078: Unable to disassemble EXTERNAL block location: 03c4a078  
2026-07-20 21:38:15 WARN  (DecompileCallback) Decompiling 03c4a080, pcode error at 03c4a080: Unable to disassemble EXTERNAL block location: 03c4a080  
2026-07-20 21:38:15 WARN  (DecompileCallback) Decompiling 03c4a088, pcode error at 03c4a088: Unable to disassemble EXTERNAL block location: 03c4a088  
2026-07-20 21:38:15 WARN  (DecompileCallback) Decompiling 03c4a090, pcode error at 03c4a090: Unable to disassemble EXTERNAL block location: 03c4a090  
2026-07-20 21:38:15 WARN  (DecompileCallback) Decompiling 03c4a098, pcode error at 03c4a098: Unable to disassemble EXTERNAL block location: 03c4a098  
2026-07-20 21:38:15 WARN  (DecompileCallback) Decompiling 03c4a0a0, pcode error at 03c4a0a0: Unable to disassemble EXTERNAL block location: 03c4a0a0  
2026-07-20 21:38:15 WARN  (DecompileCallback) Decompiling 03c4a0a8, pcode error at 03c4a0a8: Unable to disassemble EXTERNAL block location: 03c4a0a8  
2026-07-20 21:38:15 WARN  (DecompileCallback) Decompiling 03c4a0b0, pcode error at 03c4a0b0: Unable to disassemble EXTERNAL block location: 03c4a0b0  
2026-07-20 21:38:15 WARN  (DecompileCallback) Decompiling 03c4a0b8, pcode error at 03c4a0b8: Unable to disassemble EXTERNAL block location: 03c4a0b8  
2026-07-20 21:38:15 WARN  (DecompileCallback) Decompiling 03c4a0c0, pcode error at 03c4a0c0: Unable to disassemble EXTERNAL block location: 03c4a0c0  
2026-07-20 21:38:15 WARN  (DecompileCallback) Decompiling 03c4a0c8, pcode error at 03c4a0c8: Unable to disassemble EXTERNAL block location: 03c4a0c8  
2026-07-20 21:38:15 WARN  (DecompileCallback) Decompiling 03c4a0d0, pcode error at 03c4a0d0: Unable to disassemble EXTERNAL block location: 03c4a0d0  
2026-07-20 21:38:15 WARN  (DecompileCallback) Decompiling 03c4a0d8, pcode error at 03c4a0d8: Unable to disassemble EXTERNAL block location: 03c4a0d8  
2026-07-20 21:38:15 WARN  (DecompileCallback) Decompiling 03c4a0e0, pcode error at 03c4a0e0: Unable to disassemble EXTERNAL block location: 03c4a0e0  
2026-07-20 21:38:15 WARN  (DecompileCallback) Decompiling 03c4a0e8, pcode error at 03c4a0e8: Unable to disassemble EXTERNAL block location: 03c4a0e8  
2026-07-20 21:38:15 WARN  (DecompileCallback) Decompiling 03c4a0f0, pcode error at 03c4a0f0: Unable to disassemble EXTERNAL block location: 03c4a0f0  
2026-07-20 21:38:15 WARN  (DecompileCallback) Decompiling 03c4a0f8, pcode error at 03c4a0f8: Unable to disassemble EXTERNAL block location: 03c4a0f8  
2026-07-20 21:38:15 WARN  (DecompileCallback) Decompiling 03c4a100, pcode error at 03c4a100: Unable to disassemble EXTERNAL block location: 03c4a100  
2026-07-20 21:38:15 WARN  (DecompileCallback) Decompiling 03c4a108, pcode error at 03c4a108: Unable to disassemble EXTERNAL block location: 03c4a108  
2026-07-20 21:38:15 WARN  (DecompileCallback) Decompiling 03c4a110, pcode error at 03c4a110: Unable to disassemble EXTERNAL block location: 03c4a110  
2026-07-20 21:38:15 WARN  (DecompileCallback) Decompiling 03c4a118, pcode error at 03c4a118: Unable to disassemble EXTERNAL block location: 03c4a118  
2026-07-20 21:38:15 WARN  (DecompileCallback) Decompiling 03c4a120, pcode error at 03c4a120: Unable to disassemble EXTERNAL block location: 03c4a120  
2026-07-20 21:38:15 WARN  (DecompileCallback) Decompiling 03c4a128, pcode error at 03c4a128: Unable to disassemble EXTERNAL block location: 03c4a128  
2026-07-20 21:38:15 WARN  (DecompileCallback) Decompiling 03c4a130, pcode error at 03c4a130: Unable to disassemble EXTERNAL block location: 03c4a130  
2026-07-20 21:38:15 WARN  (DecompileCallback) Decompiling 03c4a138, pcode error at 03c4a138: Unable to disassemble EXTERNAL block location: 03c4a138  
2026-07-20 21:38:15 WARN  (DecompileCallback) Decompiling 03c4a140, pcode error at 03c4a140: Unable to disassemble EXTERNAL block location: 03c4a140  
2026-07-20 21:38:15 WARN  (DecompileCallback) Decompiling 03c4a148, pcode error at 03c4a148: Unable to disassemble EXTERNAL block location: 03c4a148  
2026-07-20 21:38:15 WARN  (DecompileCallback) Decompiling 03c4a150, pcode error at 03c4a150: Unable to disassemble EXTERNAL block location: 03c4a150  
2026-07-20 21:38:15 WARN  (DecompileCallback) Decompiling 03c4a158, pcode error at 03c4a158: Unable to disassemble EXTERNAL block location: 03c4a158  
2026-07-20 21:38:15 WARN  (DecompileCallback) Decompiling 03c4a160, pcode error at 03c4a160: Unable to disassemble EXTERNAL block location: 03c4a160  
2026-07-20 21:38:15 WARN  (DecompileCallback) Decompiling 03c4a168, pcode error at 03c4a168: Unable to disassemble EXTERNAL block location: 03c4a168  
2026-07-20 21:38:15 WARN  (DecompileCallback) Decompiling 03c4a170, pcode error at 03c4a170: Unable to disassemble EXTERNAL block location: 03c4a170  
2026-07-20 21:38:15 WARN  (DecompileCallback) Decompiling 03c4a178, pcode error at 03c4a178: Unable to disassemble EXTERNAL block location: 03c4a178  
2026-07-20 21:38:15 WARN  (DecompileCallback) Decompiling 03c4a180, pcode error at 03c4a180: Unable to disassemble EXTERNAL block location: 03c4a180  
2026-07-20 21:38:15 WARN  (DecompileCallback) Decompiling 03c4a188, pcode error at 03c4a188: Unable to disassemble EXTERNAL block location: 03c4a188  
2026-07-20 21:38:15 WARN  (DecompileCallback) Decompiling 03c4a190, pcode error at 03c4a190: Unable to disassemble EXTERNAL block location: 03c4a190  
2026-07-20 21:38:15 WARN  (DecompileCallback) Decompiling 03c4a198, pcode error at 03c4a198: Unable to disassemble EXTERNAL block location: 03c4a198  
2026-07-20 21:38:15 WARN  (DecompileCallback) Decompiling 03c4a1a0, pcode error at 03c4a1a0: Unable to disassemble EXTERNAL block location: 03c4a1a0  
2026-07-20 21:38:15 WARN  (DecompileCallback) Decompiling 03c4a1a8, pcode error at 03c4a1a8: Unable to disassemble EXTERNAL block location: 03c4a1a8  
2026-07-20 21:38:15 WARN  (DecompileCallback) Decompiling 03c4a1b0, pcode error at 03c4a1b0: Unable to disassemble EXTERNAL block location: 03c4a1b0  
2026-07-20 21:38:15 WARN  (DecompileCallback) Decompiling 03c4a1b8, pcode error at 03c4a1b8: Unable to disassemble EXTERNAL block location: 03c4a1b8  
2026-07-20 21:38:15 WARN  (DecompileCallback) Decompiling 03c4a1c0, pcode error at 03c4a1c0: Unable to disassemble EXTERNAL block location: 03c4a1c0  
2026-07-20 21:38:15 WARN  (DecompileCallback) Decompiling 03c4a1c8, pcode error at 03c4a1c8: Unable to disassemble EXTERNAL block location: 03c4a1c8  
2026-07-20 21:38:15 WARN  (DecompileCallback) Decompiling 03c4a1d0, pcode error at 03c4a1d0: Unable to disassemble EXTERNAL block location: 03c4a1d0  
2026-07-20 21:38:15 WARN  (DecompileCallback) Decompiling 03c4a1d8, pcode error at 03c4a1d8: Unable to disassemble EXTERNAL block location: 03c4a1d8  
2026-07-20 21:38:15 WARN  (DecompileCallback) Decompiling 03c4a1e0, pcode error at 03c4a1e0: Unable to disassemble EXTERNAL block location: 03c4a1e0  
2026-07-20 21:38:15 WARN  (DecompileCallback) Decompiling 03c4a1e8, pcode error at 03c4a1e8: Unable to disassemble EXTERNAL block location: 03c4a1e8  
2026-07-20 21:38:15 WARN  (DecompileCallback) Decompiling 03c4a1f0, pcode error at 03c4a1f0: Unable to disassemble EXTERNAL block location: 03c4a1f0  
2026-07-20 21:38:15 WARN  (DecompileCallback) Decompiling 03c4a1f8, pcode error at 03c4a1f8: Unable to disassemble EXTERNAL block location: 03c4a1f8  
2026-07-20 21:38:15 WARN  (DecompileCallback) Decompiling 03c4a200, pcode error at 03c4a200: Unable to disassemble EXTERNAL block location: 03c4a200  
2026-07-20 21:38:15 WARN  (DecompileCallback) Decompiling 03c4a208, pcode error at 03c4a208: Unable to disassemble EXTERNAL block location: 03c4a208  
2026-07-20 21:38:15 WARN  (DecompileCallback) Decompiling 03c4a210, pcode error at 03c4a210: Unable to disassemble EXTERNAL block location: 03c4a210  
2026-07-20 21:38:15 WARN  (DecompileCallback) Decompiling 03c4a218, pcode error at 03c4a218: Unable to disassemble EXTERNAL block location: 03c4a218  
2026-07-20 21:38:15 WARN  (DecompileCallback) Decompiling 03c4a220, pcode error at 03c4a220: Unable to disassemble EXTERNAL block location: 03c4a220  
2026-07-20 21:38:15 WARN  (DecompileCallback) Decompiling 03c4a228, pcode error at 03c4a228: Unable to disassemble EXTERNAL block location: 03c4a228  
2026-07-20 21:38:15 WARN  (DecompileCallback) Decompiling 03c4a230, pcode error at 03c4a230: Unable to disassemble EXTERNAL block location: 03c4a230  
2026-07-20 21:38:15 WARN  (DecompileCallback) Decompiling 03c4a238, pcode error at 03c4a238: Unable to disassemble EXTERNAL block location: 03c4a238  
2026-07-20 21:38:15 WARN  (DecompileCallback) Decompiling 03c4a240, pcode error at 03c4a240: Unable to disassemble EXTERNAL block location: 03c4a240  
2026-07-20 21:38:15 WARN  (DecompileCallback) Decompiling 03c4a250, pcode error at 03c4a250: Unable to disassemble EXTERNAL block location: 03c4a250  
2026-07-20 21:38:15 WARN  (DecompileCallback) Decompiling 03c4a258, pcode error at 03c4a258: Unable to disassemble EXTERNAL block location: 03c4a258  
2026-07-20 21:38:15 WARN  (DecompileCallback) Decompiling 03c4a260, pcode error at 03c4a260: Unable to disassemble EXTERNAL block location: 03c4a260  
2026-07-20 21:38:15 WARN  (DecompileCallback) Decompiling 03c4a268, pcode error at 03c4a268: Unable to disassemble EXTERNAL block location: 03c4a268  
2026-07-20 21:38:15 WARN  (DecompileCallback) Decompiling 03c4a270, pcode error at 03c4a270: Unable to disassemble EXTERNAL block location: 03c4a270  
2026-07-20 21:38:15 WARN  (DecompileCallback) Decompiling 03c4a278, pcode error at 03c4a278: Unable to disassemble EXTERNAL block location: 03c4a278  
2026-07-20 21:38:15 WARN  (DecompileCallback) Decompiling 03c4a280, pcode error at 03c4a280: Unable to disassemble EXTERNAL block location: 03c4a280  
2026-07-20 21:38:15 WARN  (DecompileCallback) Decompiling 03c4a288, pcode error at 03c4a288: Unable to disassemble EXTERNAL block location: 03c4a288  
2026-07-20 21:38:15 WARN  (DecompileCallback) Decompiling 03c4a290, pcode error at 03c4a290: Unable to disassemble EXTERNAL block location: 03c4a290  
2026-07-20 21:38:15 WARN  (DecompileCallback) Decompiling 03c4a298, pcode error at 03c4a298: Unable to disassemble EXTERNAL block location: 03c4a298  
2026-07-20 21:38:15 WARN  (DecompileCallback) Decompiling 03c4a2a0, pcode error at 03c4a2a0: Unable to disassemble EXTERNAL block location: 03c4a2a0  
2026-07-20 21:38:15 WARN  (DecompileCallback) Decompiling 03c4a2a8, pcode error at 03c4a2a8: Unable to disassemble EXTERNAL block location: 03c4a2a8  
2026-07-20 21:38:15 WARN  (DecompileCallback) Decompiling 03c4a2b0, pcode error at 03c4a2b0: Unable to disassemble EXTERNAL block location: 03c4a2b0  
2026-07-20 21:38:15 WARN  (DecompileCallback) Decompiling 03c4a2b8, pcode error at 03c4a2b8: Unable to disassemble EXTERNAL block location: 03c4a2b8  
2026-07-20 21:38:15 WARN  (DecompileCallback) Decompiling 03c4a2c0, pcode error at 03c4a2c0: Unable to disassemble EXTERNAL block location: 03c4a2c0  
2026-07-20 21:38:15 WARN  (DecompileCallback) Decompiling 03c4a2c8, pcode error at 03c4a2c8: Unable to disassemble EXTERNAL block location: 03c4a2c8  
2026-07-20 21:38:15 WARN  (DecompileCallback) Decompiling 03c4a2d0, pcode error at 03c4a2d0: Unable to disassemble EXTERNAL block location: 03c4a2d0  
2026-07-20 21:38:15 WARN  (DecompileCallback) Decompiling 03c4a2d8, pcode error at 03c4a2d8: Unable to disassemble EXTERNAL block location: 03c4a2d8  
2026-07-20 21:38:15 WARN  (DecompileCallback) Decompiling 03c4a2e0, pcode error at 03c4a2e0: Unable to disassemble EXTERNAL block location: 03c4a2e0  
2026-07-20 21:38:15 WARN  (DecompileCallback) Decompiling 03c4a2e8, pcode error at 03c4a2e8: Unable to disassemble EXTERNAL block location: 03c4a2e8  
2026-07-20 21:38:15 WARN  (DecompileCallback) Decompiling 03c4a2f0, pcode error at 03c4a2f0: Unable to disassemble EXTERNAL block location: 03c4a2f0  
2026-07-20 21:38:15 WARN  (DecompileCallback) Decompiling 03c4a2f8, pcode error at 03c4a2f8: Unable to disassemble EXTERNAL block location: 03c4a2f8  
2026-07-20 21:38:15 WARN  (DecompileCallback) Decompiling 03c4a300, pcode error at 03c4a300: Unable to disassemble EXTERNAL block location: 03c4a300  
2026-07-20 21:38:15 WARN  (DecompileCallback) Decompiling 03c4a308, pcode error at 03c4a308: Unable to disassemble EXTERNAL block location: 03c4a308  
2026-07-20 21:38:15 WARN  (DecompileCallback) Decompiling 03c4a310, pcode error at 03c4a310: Unable to disassemble EXTERNAL block location: 03c4a310  
2026-07-20 21:38:15 WARN  (DecompileCallback) Decompiling 03c4a318, pcode error at 03c4a318: Unable to disassemble EXTERNAL block location: 03c4a318  
2026-07-20 21:38:15 WARN  (DecompileCallback) Decompiling 03c4a320, pcode error at 03c4a320: Unable to disassemble EXTERNAL block location: 03c4a320  
2026-07-20 21:38:15 WARN  (DecompileCallback) Decompiling 03c4a328, pcode error at 03c4a328: Unable to disassemble EXTERNAL block location: 03c4a328  
2026-07-20 21:38:15 WARN  (DecompileCallback) Decompiling 03c4a330, pcode error at 03c4a330: Unable to disassemble EXTERNAL block location: 03c4a330  
2026-07-20 21:38:15 WARN  (DecompileCallback) Decompiling 03c4a338, pcode error at 03c4a338: Unable to disassemble EXTERNAL block location: 03c4a338  
2026-07-20 21:38:15 WARN  (DecompileCallback) Decompiling 03c4a340, pcode error at 03c4a340: Unable to disassemble EXTERNAL block location: 03c4a340  
2026-07-20 21:38:15 WARN  (DecompileCallback) Decompiling 03c4a348, pcode error at 03c4a348: Unable to disassemble EXTERNAL block location: 03c4a348  
2026-07-20 21:38:15 WARN  (DecompileCallback) Decompiling 03c4a350, pcode error at 03c4a350: Unable to disassemble EXTERNAL block location: 03c4a350  
2026-07-20 21:38:15 WARN  (DecompileCallback) Decompiling 03c4a358, pcode error at 03c4a358: Unable to disassemble EXTERNAL block location: 03c4a358  
2026-07-20 21:38:15 WARN  (DecompileCallback) Decompiling 03c4a360, pcode error at 03c4a360: Unable to disassemble EXTERNAL block location: 03c4a360  
2026-07-20 21:38:15 WARN  (DecompileCallback) Decompiling 03c4a368, pcode error at 03c4a368: Unable to disassemble EXTERNAL block location: 03c4a368  
2026-07-20 21:38:15 WARN  (DecompileCallback) Decompiling 03c4a370, pcode error at 03c4a370: Unable to disassemble EXTERNAL block location: 03c4a370  
2026-07-20 21:38:15 WARN  (DecompileCallback) Decompiling 03c4a378, pcode error at 03c4a378: Unable to disassemble EXTERNAL block location: 03c4a378  
2026-07-20 21:38:15 WARN  (DecompileCallback) Decompiling 03c4a380, pcode error at 03c4a380: Unable to disassemble EXTERNAL block location: 03c4a380  
2026-07-20 21:38:15 WARN  (DecompileCallback) Decompiling 03c4a388, pcode error at 03c4a388: Unable to disassemble EXTERNAL block location: 03c4a388  
2026-07-20 21:38:15 WARN  (DecompileCallback) Decompiling 03c4a390, pcode error at 03c4a390: Unable to disassemble EXTERNAL block location: 03c4a390  
2026-07-20 21:38:15 WARN  (DecompileCallback) Decompiling 03c4a398, pcode error at 03c4a398: Unable to disassemble EXTERNAL block location: 03c4a398  
2026-07-20 21:38:15 WARN  (DecompileCallback) Decompiling 03c4a3a0, pcode error at 03c4a3a0: Unable to disassemble EXTERNAL block location: 03c4a3a0  
2026-07-20 21:38:15 WARN  (DecompileCallback) Decompiling 03c4a3a8, pcode error at 03c4a3a8: Unable to disassemble EXTERNAL block location: 03c4a3a8  
2026-07-20 21:38:15 WARN  (DecompileCallback) Decompiling 03c4a3b0, pcode error at 03c4a3b0: Unable to disassemble EXTERNAL block location: 03c4a3b0  
2026-07-20 21:38:15 WARN  (DecompileCallback) Decompiling 03c4a3b8, pcode error at 03c4a3b8: Unable to disassemble EXTERNAL block location: 03c4a3b8  
2026-07-20 21:38:15 WARN  (DecompileCallback) Decompiling 03c4a3c0, pcode error at 03c4a3c0: Unable to disassemble EXTERNAL block location: 03c4a3c0  
2026-07-20 21:38:15 WARN  (DecompileCallback) Decompiling 03c4a3c8, pcode error at 03c4a3c8: Unable to disassemble EXTERNAL block location: 03c4a3c8  
2026-07-20 21:38:15 WARN  (DecompileCallback) Decompiling 03c4a3d0, pcode error at 03c4a3d0: Unable to disassemble EXTERNAL block location: 03c4a3d0  
2026-07-20 21:38:15 WARN  (DecompileCallback) Decompiling 03c4a3d8, pcode error at 03c4a3d8: Unable to disassemble EXTERNAL block location: 03c4a3d8  
2026-07-20 21:38:15 WARN  (DecompileCallback) Decompiling 03c4a3e0, pcode error at 03c4a3e0: Unable to disassemble EXTERNAL block location: 03c4a3e0  
2026-07-20 21:38:15 WARN  (DecompileCallback) Decompiling 03c4a3e8, pcode error at 03c4a3e8: Unable to disassemble EXTERNAL block location: 03c4a3e8  
2026-07-20 21:38:15 WARN  (DecompileCallback) Decompiling 03c4a3f0, pcode error at 03c4a3f0: Unable to disassemble EXTERNAL block location: 03c4a3f0  
2026-07-20 21:38:15 WARN  (DecompileCallback) Decompiling 03c4a3f8, pcode error at 03c4a3f8: Unable to disassemble EXTERNAL block location: 03c4a3f8  
2026-07-20 21:38:15 WARN  (DecompileCallback) Decompiling 03c4a400, pcode error at 03c4a400: Unable to disassemble EXTERNAL block location: 03c4a400  
2026-07-20 21:38:15 WARN  (DecompileCallback) Decompiling 03c4a408, pcode error at 03c4a408: Unable to disassemble EXTERNAL block location: 03c4a408  
2026-07-20 21:38:15 WARN  (DecompileCallback) Decompiling 03c4a410, pcode error at 03c4a410: Unable to disassemble EXTERNAL block location: 03c4a410  
2026-07-20 21:38:15 WARN  (DecompileCallback) Decompiling 03c4a418, pcode error at 03c4a418: Unable to disassemble EXTERNAL block location: 03c4a418  
2026-07-20 21:38:15 WARN  (DecompileCallback) Decompiling 03c4a420, pcode error at 03c4a420: Unable to disassemble EXTERNAL block location: 03c4a420  
2026-07-20 21:38:15 WARN  (DecompileCallback) Decompiling 03c4a428, pcode error at 03c4a428: Unable to disassemble EXTERNAL block location: 03c4a428  
2026-07-20 21:38:15 WARN  (DecompileCallback) Decompiling 03c4a438, pcode error at 03c4a438: Unable to disassemble EXTERNAL block location: 03c4a438  
2026-07-20 21:38:15 WARN  (DecompileCallback) Decompiling 03c4a440, pcode error at 03c4a440: Unable to disassemble EXTERNAL block location: 03c4a440  
2026-07-20 21:38:15 WARN  (DecompileCallback) Decompiling 03c4a448, pcode error at 03c4a448: Unable to disassemble EXTERNAL block location: 03c4a448  
2026-07-20 21:38:15 WARN  (DecompileCallback) Decompiling 03c4a450, pcode error at 03c4a450: Unable to disassemble EXTERNAL block location: 03c4a450  
2026-07-20 21:38:15 WARN  (DecompileCallback) Decompiling 03c4a458, pcode error at 03c4a458: Unable to disassemble EXTERNAL block location: 03c4a458  
2026-07-20 21:38:15 WARN  (DecompileCallback) Decompiling 03c4a460, pcode error at 03c4a460: Unable to disassemble EXTERNAL block location: 03c4a460  
2026-07-20 21:38:15 WARN  (DecompileCallback) Decompiling 03c4a468, pcode error at 03c4a468: Unable to disassemble EXTERNAL block location: 03c4a468  
2026-07-20 21:38:15 WARN  (DecompileCallback) Decompiling 03c4a470, pcode error at 03c4a470: Unable to disassemble EXTERNAL block location: 03c4a470  
2026-07-20 21:38:15 WARN  (DecompileCallback) Decompiling 03c4a478, pcode error at 03c4a478: Unable to disassemble EXTERNAL block location: 03c4a478  
2026-07-20 21:38:15 WARN  (DecompileCallback) Decompiling 03c4a480, pcode error at 03c4a480: Unable to disassemble EXTERNAL block location: 03c4a480  
2026-07-20 21:38:15 WARN  (DecompileCallback) Decompiling 03c4a488, pcode error at 03c4a488: Unable to disassemble EXTERNAL block location: 03c4a488  
2026-07-20 21:38:15 WARN  (DecompileCallback) Decompiling 03c4a490, pcode error at 03c4a490: Unable to disassemble EXTERNAL block location: 03c4a490  
2026-07-20 21:38:15 WARN  (DecompileCallback) Decompiling 03c4a498, pcode error at 03c4a498: Unable to disassemble EXTERNAL block location: 03c4a498  
2026-07-20 21:38:15 WARN  (DecompileCallback) Decompiling 03c4a4a0, pcode error at 03c4a4a0: Unable to disassemble EXTERNAL block location: 03c4a4a0  
2026-07-20 21:38:15 WARN  (DecompileCallback) Decompiling 03c4a4a8, pcode error at 03c4a4a8: Unable to disassemble EXTERNAL block location: 03c4a4a8  
2026-07-20 21:38:15 WARN  (DecompileCallback) Decompiling 03c4a4b0, pcode error at 03c4a4b0: Unable to disassemble EXTERNAL block location: 03c4a4b0  
2026-07-20 21:38:15 WARN  (DecompileCallback) Decompiling 03c4a4b8, pcode error at 03c4a4b8: Unable to disassemble EXTERNAL block location: 03c4a4b8  
2026-07-20 21:38:15 WARN  (DecompileCallback) Decompiling 03c4a4c0, pcode error at 03c4a4c0: Unable to disassemble EXTERNAL block location: 03c4a4c0  
2026-07-20 21:38:15 WARN  (DecompileCallback) Decompiling 03c4a4c8, pcode error at 03c4a4c8: Unable to disassemble EXTERNAL block location: 03c4a4c8  
2026-07-20 21:38:15 WARN  (DecompileCallback) Decompiling 03c4a4d0, pcode error at 03c4a4d0: Unable to disassemble EXTERNAL block location: 03c4a4d0  
2026-07-20 21:38:15 WARN  (DecompileCallback) Decompiling 03c4a4d8, pcode error at 03c4a4d8: Unable to disassemble EXTERNAL block location: 03c4a4d8  
2026-07-20 21:38:15 WARN  (DecompileCallback) Decompiling 03c4a4e0, pcode error at 03c4a4e0: Unable to disassemble EXTERNAL block location: 03c4a4e0  
2026-07-20 21:38:15 WARN  (DecompileCallback) Decompiling 03c4a4e8, pcode error at 03c4a4e8: Unable to disassemble EXTERNAL block location: 03c4a4e8  
2026-07-20 21:38:15 WARN  (DecompileCallback) Decompiling 03c4a4f0, pcode error at 03c4a4f0: Unable to disassemble EXTERNAL block location: 03c4a4f0  
2026-07-20 21:38:15 WARN  (DecompileCallback) Decompiling 03c4a4f8, pcode error at 03c4a4f8: Unable to disassemble EXTERNAL block location: 03c4a4f8  
2026-07-20 21:38:15 WARN  (DecompileCallback) Decompiling 03c4a500, pcode error at 03c4a500: Unable to disassemble EXTERNAL block location: 03c4a500  
2026-07-20 21:38:15 WARN  (DecompileCallback) Decompiling 03c4a508, pcode error at 03c4a508: Unable to disassemble EXTERNAL block location: 03c4a508  
2026-07-20 21:38:15 WARN  (DecompileCallback) Decompiling 03c4a510, pcode error at 03c4a510: Unable to disassemble EXTERNAL block location: 03c4a510  
2026-07-20 21:38:15 WARN  (DecompileCallback) Decompiling 03c4a518, pcode error at 03c4a518: Unable to disassemble EXTERNAL block location: 03c4a518  
2026-07-20 21:38:15 WARN  (DecompileCallback) Decompiling 03c4a520, pcode error at 03c4a520: Unable to disassemble EXTERNAL block location: 03c4a520  
2026-07-20 21:38:15 WARN  (DecompileCallback) Decompiling 03c4a528, pcode error at 03c4a528: Unable to disassemble EXTERNAL block location: 03c4a528  
2026-07-20 21:38:15 WARN  (DecompileCallback) Decompiling 03c4a530, pcode error at 03c4a530: Unable to disassemble EXTERNAL block location: 03c4a530  
2026-07-20 21:38:15 WARN  (DecompileCallback) Decompiling 03c4a538, pcode error at 03c4a538: Unable to disassemble EXTERNAL block location: 03c4a538  
2026-07-20 21:38:15 WARN  (DecompileCallback) Decompiling 03c4a540, pcode error at 03c4a540: Unable to disassemble EXTERNAL block location: 03c4a540  
2026-07-20 21:38:15 WARN  (DecompileCallback) Decompiling 03c4a548, pcode error at 03c4a548: Unable to disassemble EXTERNAL block location: 03c4a548  
2026-07-20 21:38:15 WARN  (DecompileCallback) Decompiling 03c4a550, pcode error at 03c4a550: Unable to disassemble EXTERNAL block location: 03c4a550  
2026-07-20 21:38:15 WARN  (DecompileCallback) Decompiling 03c4a558, pcode error at 03c4a558: Unable to disassemble EXTERNAL block location: 03c4a558  
2026-07-20 21:38:15 WARN  (DecompileCallback) Decompiling 03c4a560, pcode error at 03c4a560: Unable to disassemble EXTERNAL block location: 03c4a560  
2026-07-20 21:38:15 WARN  (DecompileCallback) Decompiling 03c4a568, pcode error at 03c4a568: Unable to disassemble EXTERNAL block location: 03c4a568  
2026-07-20 21:38:15 WARN  (DecompileCallback) Decompiling 03c4a570, pcode error at 03c4a570: Unable to disassemble EXTERNAL block location: 03c4a570  
2026-07-20 21:38:15 WARN  (DecompileCallback) Decompiling 03c4a578, pcode error at 03c4a578: Unable to disassemble EXTERNAL block location: 03c4a578  
2026-07-20 21:38:15 WARN  (DecompileCallback) Decompiling 03c4a580, pcode error at 03c4a580: Unable to disassemble EXTERNAL block location: 03c4a580  
2026-07-20 21:38:15 WARN  (DecompileCallback) Decompiling 03c4a588, pcode error at 03c4a588: Unable to disassemble EXTERNAL block location: 03c4a588  
2026-07-20 21:38:15 WARN  (DecompileCallback) Decompiling 03c4a590, pcode error at 03c4a590: Unable to disassemble EXTERNAL block location: 03c4a590  
2026-07-20 21:38:15 WARN  (DecompileCallback) Decompiling 03c4a598, pcode error at 03c4a598: Unable to disassemble EXTERNAL block location: 03c4a598  
2026-07-20 21:38:15 WARN  (DecompileCallback) Decompiling 03c4a5a0, pcode error at 03c4a5a0: Unable to disassemble EXTERNAL block location: 03c4a5a0  
2026-07-20 21:38:15 WARN  (DecompileCallback) Decompiling 03c4a5a8, pcode error at 03c4a5a8: Unable to disassemble EXTERNAL block location: 03c4a5a8  
2026-07-20 21:38:15 WARN  (DecompileCallback) Decompiling 03c4a5b0, pcode error at 03c4a5b0: Unable to disassemble EXTERNAL block location: 03c4a5b0  
2026-07-20 21:38:15 WARN  (DecompileCallback) Decompiling 03c4a5b8, pcode error at 03c4a5b8: Unable to disassemble EXTERNAL block location: 03c4a5b8  
2026-07-20 21:38:15 WARN  (DecompileCallback) Decompiling 03c4a5c0, pcode error at 03c4a5c0: Unable to disassemble EXTERNAL block location: 03c4a5c0  
2026-07-20 21:38:15 WARN  (DecompileCallback) Decompiling 03c4a5c8, pcode error at 03c4a5c8: Unable to disassemble EXTERNAL block location: 03c4a5c8  
2026-07-20 21:38:15 WARN  (DecompileCallback) Decompiling 03c4a5d0, pcode error at 03c4a5d0: Unable to disassemble EXTERNAL block location: 03c4a5d0  
2026-07-20 21:38:15 WARN  (DecompileCallback) Decompiling 03c4a5d8, pcode error at 03c4a5d8: Unable to disassemble EXTERNAL block location: 03c4a5d8  
2026-07-20 21:38:15 WARN  (DecompileCallback) Decompiling 03c4a5e0, pcode error at 03c4a5e0: Unable to disassemble EXTERNAL block location: 03c4a5e0  
2026-07-20 21:38:15 WARN  (DecompileCallback) Decompiling 03c4a5e8, pcode error at 03c4a5e8: Unable to disassemble EXTERNAL block location: 03c4a5e8  
2026-07-20 21:38:15 WARN  (DecompileCallback) Decompiling 03c4a5f0, pcode error at 03c4a5f0: Unable to disassemble EXTERNAL block location: 03c4a5f0  
2026-07-20 21:38:15 WARN  (DecompileCallback) Decompiling 03c4a5f8, pcode error at 03c4a5f8: Unable to disassemble EXTERNAL block location: 03c4a5f8  
2026-07-20 21:38:15 WARN  (DecompileCallback) Decompiling 03c4a600, pcode error at 03c4a600: Unable to disassemble EXTERNAL block location: 03c4a600  
2026-07-20 21:38:15 WARN  (DecompileCallback) Decompiling 03c4a608, pcode error at 03c4a608: Unable to disassemble EXTERNAL block location: 03c4a608  
2026-07-20 21:38:15 WARN  (DecompileCallback) Decompiling 03c4a610, pcode error at 03c4a610: Unable to disassemble EXTERNAL block location: 03c4a610  
2026-07-20 21:38:15 WARN  (DecompileCallback) Decompiling 03c4a618, pcode error at 03c4a618: Unable to disassemble EXTERNAL block location: 03c4a618  
2026-07-20 21:38:15 WARN  (DecompileCallback) Decompiling 03c4a620, pcode error at 03c4a620: Unable to disassemble EXTERNAL block location: 03c4a620  
2026-07-20 21:38:15 WARN  (DecompileCallback) Decompiling 03c4a628, pcode error at 03c4a628: Unable to disassemble EXTERNAL block location: 03c4a628  
2026-07-20 21:38:15 WARN  (DecompileCallback) Decompiling 03c4a630, pcode error at 03c4a630: Unable to disassemble EXTERNAL block location: 03c4a630  
2026-07-20 21:38:15 WARN  (DecompileCallback) Decompiling 03c4a638, pcode error at 03c4a638: Unable to disassemble EXTERNAL block location: 03c4a638  
2026-07-20 21:38:15 WARN  (DecompileCallback) Decompiling 03c4a640, pcode error at 03c4a640: Unable to disassemble EXTERNAL block location: 03c4a640  
2026-07-20 21:38:15 WARN  (DecompileCallback) Decompiling 03c4a648, pcode error at 03c4a648: Unable to disassemble EXTERNAL block location: 03c4a648  
2026-07-20 21:38:15 WARN  (DecompileCallback) Decompiling 03c4a650, pcode error at 03c4a650: Unable to disassemble EXTERNAL block location: 03c4a650  
2026-07-20 21:38:15 WARN  (DecompileCallback) Decompiling 03c4a658, pcode error at 03c4a658: Unable to disassemble EXTERNAL block location: 03c4a658  
2026-07-20 21:38:15 WARN  (DecompileCallback) Decompiling 03c4a660, pcode error at 03c4a660: Unable to disassemble EXTERNAL block location: 03c4a660  
2026-07-20 21:38:15 WARN  (DecompileCallback) Decompiling 03c4a668, pcode error at 03c4a668: Unable to disassemble EXTERNAL block location: 03c4a668  
2026-07-20 21:38:15 WARN  (DecompileCallback) Decompiling 03c4a670, pcode error at 03c4a670: Unable to disassemble EXTERNAL block location: 03c4a670  
2026-07-20 21:38:15 WARN  (DecompileCallback) Decompiling 03c4a678, pcode error at 03c4a678: Unable to disassemble EXTERNAL block location: 03c4a678  
2026-07-20 21:38:15 WARN  (DecompileCallback) Decompiling 03c4a680, pcode error at 03c4a680: Unable to disassemble EXTERNAL block location: 03c4a680  
2026-07-20 21:38:15 WARN  (DecompileCallback) Decompiling 03c4a688, pcode error at 03c4a688: Unable to disassemble EXTERNAL block location: 03c4a688  
2026-07-20 21:38:15 WARN  (DecompileCallback) Decompiling 03c4a690, pcode error at 03c4a690: Unable to disassemble EXTERNAL block location: 03c4a690  
2026-07-20 21:38:15 WARN  (DecompileCallback) Decompiling 03c4a698, pcode error at 03c4a698: Unable to disassemble EXTERNAL block location: 03c4a698  
2026-07-20 21:38:15 WARN  (DecompileCallback) Decompiling 03c4a6a0, pcode error at 03c4a6a0: Unable to disassemble EXTERNAL block location: 03c4a6a0  
2026-07-20 21:38:15 WARN  (DecompileCallback) Decompiling 03c4a6a8, pcode error at 03c4a6a8: Unable to disassemble EXTERNAL block location: 03c4a6a8  
2026-07-20 21:38:15 WARN  (DecompileCallback) Decompiling 03c4a6b0, pcode error at 03c4a6b0: Unable to disassemble EXTERNAL block location: 03c4a6b0  
2026-07-20 21:38:15 WARN  (DecompileCallback) Decompiling 03c4a6b8, pcode error at 03c4a6b8: Unable to disassemble EXTERNAL block location: 03c4a6b8  
2026-07-20 21:38:15 WARN  (DecompileCallback) Decompiling 03c4a6c0, pcode error at 03c4a6c0: Unable to disassemble EXTERNAL block location: 03c4a6c0  
2026-07-20 21:38:15 WARN  (DecompileCallback) Decompiling 03c4a6c8, pcode error at 03c4a6c8: Unable to disassemble EXTERNAL block location: 03c4a6c8  
2026-07-20 21:38:15 WARN  (DecompileCallback) Decompiling 03c4a6d0, pcode error at 03c4a6d0: Unable to disassemble EXTERNAL block location: 03c4a6d0  
2026-07-20 21:38:15 WARN  (DecompileCallback) Decompiling 03c4a6d8, pcode error at 03c4a6d8: Unable to disassemble EXTERNAL block location: 03c4a6d8  
2026-07-20 21:38:15 WARN  (DecompileCallback) Decompiling 03c4a6e0, pcode error at 03c4a6e0: Unable to disassemble EXTERNAL block location: 03c4a6e0  
2026-07-20 21:38:15 WARN  (DecompileCallback) Decompiling 03c4a6e8, pcode error at 03c4a6e8: Unable to disassemble EXTERNAL block location: 03c4a6e8  
2026-07-20 21:38:15 WARN  (DecompileCallback) Decompiling 03c4a6f0, pcode error at 03c4a6f0: Unable to disassemble EXTERNAL block location: 03c4a6f0  
2026-07-20 21:38:15 WARN  (DecompileCallback) Decompiling 03c4a6f8, pcode error at 03c4a6f8: Unable to disassemble EXTERNAL block location: 03c4a6f8  
2026-07-20 21:38:15 WARN  (DecompileCallback) Decompiling 03c4a700, pcode error at 03c4a700: Unable to disassemble EXTERNAL block location: 03c4a700  
2026-07-20 21:38:15 WARN  (DecompileCallback) Decompiling 03c4a708, pcode error at 03c4a708: Unable to disassemble EXTERNAL block location: 03c4a708  
2026-07-20 21:38:15 WARN  (DecompileCallback) Decompiling 03c4a710, pcode error at 03c4a710: Unable to disassemble EXTERNAL block location: 03c4a710  
2026-07-20 21:38:15 WARN  (DecompileCallback) Decompiling 03c4a718, pcode error at 03c4a718: Unable to disassemble EXTERNAL block location: 03c4a718  
2026-07-20 21:38:15 WARN  (DecompileCallback) Decompiling 03c4a720, pcode error at 03c4a720: Unable to disassemble EXTERNAL block location: 03c4a720  
2026-07-20 21:38:15 WARN  (DecompileCallback) Decompiling 03c4a728, pcode error at 03c4a728: Unable to disassemble EXTERNAL block location: 03c4a728  
2026-07-20 21:38:15 WARN  (DecompileCallback) Decompiling 03c4a730, pcode error at 03c4a730: Unable to disassemble EXTERNAL block location: 03c4a730  
2026-07-20 21:38:15 WARN  (DecompileCallback) Decompiling 03c4a738, pcode error at 03c4a738: Unable to disassemble EXTERNAL block location: 03c4a738  
2026-07-20 21:38:16 WARN  (DecompileCallback) Decompiling 03c4a740, pcode error at 03c4a740: Unable to disassemble EXTERNAL block location: 03c4a740  
2026-07-20 21:38:16 WARN  (DecompileCallback) Decompiling 03c4a748, pcode error at 03c4a748: Unable to disassemble EXTERNAL block location: 03c4a748  
2026-07-20 21:38:16 WARN  (DecompileCallback) Decompiling 03c4a750, pcode error at 03c4a750: Unable to disassemble EXTERNAL block location: 03c4a750  
2026-07-20 21:38:16 WARN  (DecompileCallback) Decompiling 03c4a758, pcode error at 03c4a758: Unable to disassemble EXTERNAL block location: 03c4a758  
2026-07-20 21:38:16 WARN  (DecompileCallback) Decompiling 03c4a760, pcode error at 03c4a760: Unable to disassemble EXTERNAL block location: 03c4a760  
2026-07-20 21:38:16 WARN  (DecompileCallback) Decompiling 03c4a768, pcode error at 03c4a768: Unable to disassemble EXTERNAL block location: 03c4a768  
2026-07-20 21:38:16 WARN  (DecompileCallback) Decompiling 03c4a770, pcode error at 03c4a770: Unable to disassemble EXTERNAL block location: 03c4a770  
2026-07-20 21:38:16 WARN  (DecompileCallback) Decompiling 03c4a778, pcode error at 03c4a778: Unable to disassemble EXTERNAL block location: 03c4a778  
2026-07-20 21:38:16 WARN  (DecompileCallback) Decompiling 03c4a780, pcode error at 03c4a780: Unable to disassemble EXTERNAL block location: 03c4a780  
2026-07-20 21:38:16 WARN  (DecompileCallback) Decompiling 03c4a788, pcode error at 03c4a788: Unable to disassemble EXTERNAL block location: 03c4a788  
2026-07-20 21:38:16 WARN  (DecompileCallback) Decompiling 03c4a790, pcode error at 03c4a790: Unable to disassemble EXTERNAL block location: 03c4a790  
2026-07-20 21:38:16 WARN  (DecompileCallback) Decompiling 03c4a798, pcode error at 03c4a798: Unable to disassemble EXTERNAL block location: 03c4a798  
2026-07-20 21:38:16 WARN  (DecompileCallback) Decompiling 03c4a7a0, pcode error at 03c4a7a0: Unable to disassemble EXTERNAL block location: 03c4a7a0  
2026-07-20 21:38:16 WARN  (DecompileCallback) Decompiling 03c4a7a8, pcode error at 03c4a7a8: Unable to disassemble EXTERNAL block location: 03c4a7a8  
2026-07-20 21:38:16 WARN  (DecompileCallback) Decompiling 03c4a7b0, pcode error at 03c4a7b0: Unable to disassemble EXTERNAL block location: 03c4a7b0  
2026-07-20 21:38:16 WARN  (DecompileCallback) Decompiling 03c4a7b8, pcode error at 03c4a7b8: Unable to disassemble EXTERNAL block location: 03c4a7b8  
2026-07-20 21:38:16 WARN  (DecompileCallback) Decompiling 03c4a7c0, pcode error at 03c4a7c0: Unable to disassemble EXTERNAL block location: 03c4a7c0  
2026-07-20 21:38:16 WARN  (DecompileCallback) Decompiling 03c4a7c8, pcode error at 03c4a7c8: Unable to disassemble EXTERNAL block location: 03c4a7c8  
2026-07-20 21:38:16 WARN  (DecompileCallback) Decompiling 03c4a7d0, pcode error at 03c4a7d0: Unable to disassemble EXTERNAL block location: 03c4a7d0  
2026-07-20 21:38:16 WARN  (DecompileCallback) Decompiling 03c4a7d8, pcode error at 03c4a7d8: Unable to disassemble EXTERNAL block location: 03c4a7d8  
2026-07-20 21:38:16 WARN  (DecompileCallback) Decompiling 03c4a7e0, pcode error at 03c4a7e0: Unable to disassemble EXTERNAL block location: 03c4a7e0  
2026-07-20 21:38:16 WARN  (DecompileCallback) Decompiling 03c4a7e8, pcode error at 03c4a7e8: Unable to disassemble EXTERNAL block location: 03c4a7e8  
2026-07-20 21:38:16 WARN  (DecompileCallback) Decompiling 03c4a7f0, pcode error at 03c4a7f0: Unable to disassemble EXTERNAL block location: 03c4a7f0  
2026-07-20 21:38:16 WARN  (DecompileCallback) Decompiling 03c4a7f8, pcode error at 03c4a7f8: Unable to disassemble EXTERNAL block location: 03c4a7f8  
2026-07-20 21:38:16 WARN  (DecompileCallback) Decompiling 03c4a800, pcode error at 03c4a800: Unable to disassemble EXTERNAL block location: 03c4a800  
2026-07-20 21:38:16 WARN  (DecompileCallback) Decompiling 03c4a808, pcode error at 03c4a808: Unable to disassemble EXTERNAL block location: 03c4a808  
2026-07-20 21:38:16 WARN  (DecompileCallback) Decompiling 03c4a810, pcode error at 03c4a810: Unable to disassemble EXTERNAL block location: 03c4a810  
2026-07-20 21:38:16 WARN  (DecompileCallback) Decompiling 03c4a818, pcode error at 03c4a818: Unable to disassemble EXTERNAL block location: 03c4a818  
2026-07-20 21:38:16 WARN  (DecompileCallback) Decompiling 03c4a820, pcode error at 03c4a820: Unable to disassemble EXTERNAL block location: 03c4a820  
2026-07-20 21:38:16 WARN  (DecompileCallback) Decompiling 03c4a828, pcode error at 03c4a828: Unable to disassemble EXTERNAL block location: 03c4a828  
2026-07-20 21:38:16 WARN  (DecompileCallback) Decompiling 03c4a830, pcode error at 03c4a830: Unable to disassemble EXTERNAL block location: 03c4a830  
2026-07-20 21:38:16 WARN  (DecompileCallback) Decompiling 03c4a838, pcode error at 03c4a838: Unable to disassemble EXTERNAL block location: 03c4a838  
2026-07-20 21:38:16 WARN  (DecompileCallback) Decompiling 03c4a840, pcode error at 03c4a840: Unable to disassemble EXTERNAL block location: 03c4a840  
2026-07-20 21:38:16 WARN  (DecompileCallback) Decompiling 03c4a848, pcode error at 03c4a848: Unable to disassemble EXTERNAL block location: 03c4a848  
2026-07-20 21:38:16 WARN  (DecompileCallback) Decompiling 03c4a850, pcode error at 03c4a850: Unable to disassemble EXTERNAL block location: 03c4a850  
2026-07-20 21:38:16 WARN  (DecompileCallback) Decompiling 03c4a858, pcode error at 03c4a858: Unable to disassemble EXTERNAL block location: 03c4a858  
2026-07-20 21:38:16 WARN  (DecompileCallback) Decompiling 03c4a860, pcode error at 03c4a860: Unable to disassemble EXTERNAL block location: 03c4a860  
2026-07-20 21:38:16 WARN  (DecompileCallback) Decompiling 03c4a868, pcode error at 03c4a868: Unable to disassemble EXTERNAL block location: 03c4a868  
2026-07-20 21:38:16 WARN  (DecompileCallback) Decompiling 03c4a870, pcode error at 03c4a870: Unable to disassemble EXTERNAL block location: 03c4a870  
2026-07-20 21:38:16 WARN  (DecompileCallback) Decompiling 03c4a878, pcode error at 03c4a878: Unable to disassemble EXTERNAL block location: 03c4a878  
2026-07-20 21:38:16 WARN  (DecompileCallback) Decompiling 03c4a880, pcode error at 03c4a880: Unable to disassemble EXTERNAL block location: 03c4a880  
2026-07-20 21:38:16 WARN  (DecompileCallback) Decompiling 03c4a888, pcode error at 03c4a888: Unable to disassemble EXTERNAL block location: 03c4a888  
2026-07-20 21:38:16 WARN  (DecompileCallback) Decompiling 03c4a890, pcode error at 03c4a890: Unable to disassemble EXTERNAL block location: 03c4a890  
2026-07-20 21:38:16 WARN  (DecompileCallback) Decompiling 03c4a898, pcode error at 03c4a898: Unable to disassemble EXTERNAL block location: 03c4a898  
2026-07-20 21:38:16 WARN  (DecompileCallback) Decompiling 03c4a8a0, pcode error at 03c4a8a0: Unable to disassemble EXTERNAL block location: 03c4a8a0  
2026-07-20 21:38:16 WARN  (DecompileCallback) Decompiling 03c4a8a8, pcode error at 03c4a8a8: Unable to disassemble EXTERNAL block location: 03c4a8a8  
2026-07-20 21:38:16 WARN  (DecompileCallback) Decompiling 03c4a8b0, pcode error at 03c4a8b0: Unable to disassemble EXTERNAL block location: 03c4a8b0  
2026-07-20 21:38:16 WARN  (DecompileCallback) Decompiling 03c4a8b8, pcode error at 03c4a8b8: Unable to disassemble EXTERNAL block location: 03c4a8b8  
2026-07-20 21:38:16 WARN  (DecompileCallback) Decompiling 03c4a8c0, pcode error at 03c4a8c0: Unable to disassemble EXTERNAL block location: 03c4a8c0  
2026-07-20 21:38:16 WARN  (DecompileCallback) Decompiling 03c4a8c8, pcode error at 03c4a8c8: Unable to disassemble EXTERNAL block location: 03c4a8c8  
2026-07-20 21:38:16 WARN  (DecompileCallback) Decompiling 03c4a8d0, pcode error at 03c4a8d0: Unable to disassemble EXTERNAL block location: 03c4a8d0  
2026-07-20 21:38:16 WARN  (DecompileCallback) Decompiling 03c4a8d8, pcode error at 03c4a8d8: Unable to disassemble EXTERNAL block location: 03c4a8d8  
2026-07-20 21:38:16 WARN  (DecompileCallback) Decompiling 03c4a8e0, pcode error at 03c4a8e0: Unable to disassemble EXTERNAL block location: 03c4a8e0  
2026-07-20 21:38:16 WARN  (DecompileCallback) Decompiling 03c4a8e8, pcode error at 03c4a8e8: Unable to disassemble EXTERNAL block location: 03c4a8e8  
2026-07-20 21:38:16 WARN  (DecompileCallback) Decompiling 03c4a8f0, pcode error at 03c4a8f0: Unable to disassemble EXTERNAL block location: 03c4a8f0  
2026-07-20 21:38:16 WARN  (DecompileCallback) Decompiling 03c4a8f8, pcode error at 03c4a8f8: Unable to disassemble EXTERNAL block location: 03c4a8f8  
2026-07-20 21:38:16 WARN  (DecompileCallback) Decompiling 03c4a900, pcode error at 03c4a900: Unable to disassemble EXTERNAL block location: 03c4a900  
2026-07-20 21:38:16 INFO  (GhidraScript) GeneralStructureEyePatternScan.java> General structure scan complete.  
2026-07-20 21:38:16 INFO  (GhidraScript) GeneralStructureEyePatternScan.java> Total functions scanned: 372477  
2026-07-20 21:38:16 INFO  (GhidraScript) GeneralStructureEyePatternScan.java> Exported functions: 1338  
2026-07-20 21:38:16 INFO  (GhidraScript) GeneralStructureEyePatternScan.java> Decompile failures: 286  
2026-07-20 21:38:16 INFO  (GhidraScript) GeneralStructureEyePatternScan.java> Report CSV: C:\realDesktop\manifest-evaluations\summer-26\ghidra-pipeline\il2cpp-files\sharks\general-structure-results\structure_scan_report.csv  
2026-07-20 21:38:16 INFO  (GhidraScript) GeneralStructureEyePatternScan.java> Report JSON: C:\realDesktop\manifest-evaluations\summer-26\ghidra-pipeline\il2cpp-files\sharks\general-structure-results\structure_scan_report.json  
2026-07-20 21:38:16 INFO  (HeadlessAnalyzer) REPORT: Save succeeded for processed file: /sharks-libil2cpp.so  
