2026-07-16 23:07:50 INFO  (LoggingInitialization) Using log config file: jar:file:/C:/Users/kimgiordano27/Downloads/ghidra_12.1.2_PUBLIC_20260605/ghidra_12.1.2_PUBLIC/Ghidra/Framework/Generic/lib/Generic.jar!/generic.log4j.xml  
2026-07-16 23:07:50 INFO  (LoggingInitialization) Using log file: C:\realDesktop\manifest-evaluations\summer-26\ghidra-pipeline\il2cpp-files\m3ar\general-structure-ghidra.log  
2026-07-16 23:07:50 DEBUG (GhidraObjectInputFilter) Including serial input filter: FileSystem/data/client.rmi.serial.filter  
2026-07-16 23:07:50 INFO  (Preferences) Loading user preferences: C:\Users\kimgiordano27\AppData\Roaming\ghidra\ghidra_12.1.2_PUBLIC\preferences  
2026-07-16 23:07:50 INFO  (ClassSearcher) Searching for classes...  
2026-07-16 23:07:51 INFO  (ClassSearcher) Class search complete (614 ms)  
2026-07-16 23:07:51 INFO  (DefaultSSLContextInitializer) Initializing SSL Context  
2026-07-16 23:07:51 INFO  (SecureRandomFactory) Initializing Random Number Generator...  
2026-07-16 23:07:51 INFO  (SecureRandomFactory) Random Number Generator initialization complete: SHA1PRNG  
2026-07-16 23:07:51 INFO  (DefaultTrustManagerFactory) Trust manager disabled, cacerts have not been set  
2026-07-16 23:07:51 INFO  (AnalyzeHeadless) Headless startup complete (5996 ms)  
2026-07-16 23:07:51 INFO  (ClassSearcher) Class searcher loaded 59 extension points (20 false positives)  
2026-07-16 23:07:51 INFO  (HeadlessAnalyzer) HEADLESS Script Paths:
    C:\Users\kimgiordano27\Downloads\ghidra_12.1.2_PUBLIC_20260605\ghidra_12.1.2_PUBLIC\Ghidra\Features\DecompilerDependent\ghidra_scripts
    C:\Users\kimgiordano27\Downloads\ghidra_12.1.2_PUBLIC_20260605\ghidra_12.1.2_PUBLIC\Ghidra\Processors\Atmel\ghidra_scripts
    C:\Users\kimgiordano27\Downloads\ghidra_12.1.2_PUBLIC_20260605\ghidra_12.1.2_PUBLIC\Ghidra\Processors\PIC\ghidra_scripts
    C:\Users\kimgiordano27\Downloads\ghidra_12.1.2_PUBLIC_20260605\ghidra_12.1.2_PUBLIC\Ghidra\Features\VersionTracking\ghidra_scripts
    C:\Users\kimgiordano27\Downloads\ghidra_12.1.2_PUBLIC_20260605\ghidra_12.1.2_PUBLIC\Ghidra\Features\BytePatterns\ghidra_scripts
    C:\Users\kimgiordano27\ghidra_scripts
    C:\Users\kimgiordano27\Downloads\ghidra_12.1.2_PUBLIC_20260605\ghidra_12.1.2_PUBLIC\Ghidra\Features\BSim\ghidra_scripts
    C:\realDesktop\manifest-evaluations\summer-26\ghidra-pipeline\ghidra-export-scripts
    C:\Users\kimgiordano27\Downloads\ghidra_12.1.2_PUBLIC_20260605\ghidra_12.1.2_PUBLIC\Ghidra\Processors\JVM\ghidra_scripts
    C:\Users\kimgiordano27\Downloads\ghidra_12.1.2_PUBLIC_20260605\ghidra_12.1.2_PUBLIC\Ghidra\Features\Base\ghidra_scripts
    C:\Users\kimgiordano27\Downloads\ghidra_12.1.2_PUBLIC_20260605\ghidra_12.1.2_PUBLIC\Ghidra\Features\SwiftDemangler\ghidra_scripts
    C:\Users\kimgiordano27\Downloads\ghidra_12.1.2_PUBLIC_20260605\ghidra_12.1.2_PUBLIC\Ghidra\Features\WildcardAssembler\ghidra_scripts
    C:\Users\kimgiordano27\Downloads\ghidra_12.1.2_PUBLIC_20260605\ghidra_12.1.2_PUBLIC\Ghidra\Features\FileFormats\ghidra_scripts
    C:\Users\kimgiordano27\Downloads\ghidra_12.1.2_PUBLIC_20260605\ghidra_12.1.2_PUBLIC\Ghidra\Features\Decompiler\ghidra_scripts
    C:\Users\kimgiordano27\Downloads\ghidra_12.1.2_PUBLIC_20260605\ghidra_12.1.2_PUBLIC\Ghidra\Features\SystemEmulation\ghidra_scripts
    C:\Users\kimgiordano27\Downloads\ghidra_12.1.2_PUBLIC_20260605\ghidra_12.1.2_PUBLIC\Ghidra\Processors\8051\ghidra_scripts
    C:\Users\kimgiordano27\Downloads\ghidra_12.1.2_PUBLIC_20260605\ghidra_12.1.2_PUBLIC\Ghidra\Features\GnuDemangler\ghidra_scripts
    C:\Users\kimgiordano27\Downloads\ghidra_12.1.2_PUBLIC_20260605\ghidra_12.1.2_PUBLIC\Ghidra\Debug\Debugger\ghidra_scripts
    C:\Users\kimgiordano27\Downloads\ghidra_12.1.2_PUBLIC_20260605\ghidra_12.1.2_PUBLIC\Ghidra\Processors\DATA\ghidra_scripts
    C:\Users\kimgiordano27\Downloads\ghidra_12.1.2_PUBLIC_20260605\ghidra_12.1.2_PUBLIC\Ghidra\Debug\Debugger-rmi-trace\ghidra_scripts
    C:\Users\kimgiordano27\Downloads\ghidra_12.1.2_PUBLIC_20260605\ghidra_12.1.2_PUBLIC\Ghidra\Features\FunctionID\ghidra_scripts
    C:\Users\kimgiordano27\Downloads\ghidra_12.1.2_PUBLIC_20260605\ghidra_12.1.2_PUBLIC\Ghidra\Features\MicrosoftCodeAnalyzer\ghidra_scripts
    C:\Users\kimgiordano27\Downloads\ghidra_12.1.2_PUBLIC_20260605\ghidra_12.1.2_PUBLIC\Ghidra\Features\PDB\ghidra_scripts
    C:\Users\kimgiordano27\AppData\Roaming\ghidra\ghidra_12.1.2_PUBLIC\Extensions\Jython\ghidra_scripts
    C:\Users\kimgiordano27\Downloads\ghidra_12.1.2_PUBLIC_20260605\ghidra_12.1.2_PUBLIC\Ghidra\Features\PyGhidra\ghidra_scripts  
2026-07-16 23:07:51 INFO  (HeadlessAnalyzer) HEADLESS: execution starts  
2026-07-16 23:07:51 INFO  (HeadlessAnalyzer) Opening existing project: C:\realDesktop\manifest-evaluations\summer-26\ghidra-pipeline\il2cpp-files\m3ar\ghidra-project-m3ar\m3ar  
2026-07-16 23:07:52 INFO  (HeadlessProject) Opening project: C:\realDesktop\manifest-evaluations\summer-26\ghidra-pipeline\il2cpp-files\m3ar\ghidra-project-m3ar\m3ar  
2026-07-16 23:07:52 INFO  (LocalFileSystem) /m3ar-libil2cpp.so: checkout (2) granted (kimgiordano27)  
2026-07-16 23:07:57 INFO  (HeadlessAnalyzer) REPORT: Processing project file: /m3ar-libil2cpp.so  
2026-07-16 23:07:58 INFO  (HeadlessAnalyzer) REPORT: Execute script: GeneralStructureEyePatternScan.java 'C:\realDesktop\manifest-evaluations\summer-26\ghidra-pipeline\il2cpp-files\m3ar\general-structure-results' '70' 'false'   
2026-07-16 23:07:58 INFO  (HeadlessAnalyzer) SCRIPT: C:\realDesktop\manifest-evaluations\summer-26\ghidra-pipeline\ghidra-export-scripts\GeneralStructureEyePatternScan.java  
2026-07-16 23:07:58 INFO  (GhidraScript) GeneralStructureEyePatternScan.java> General structure scan starting...  
2026-07-16 23:07:58 INFO  (GhidraScript) GeneralStructureEyePatternScan.java> Output: C:\realDesktop\manifest-evaluations\summer-26\ghidra-pipeline\il2cpp-files\m3ar\general-structure-results  
2026-07-16 23:07:58 INFO  (GhidraScript) GeneralStructureEyePatternScan.java> Minimum review score: 70  
2026-07-16 23:07:58 INFO  (GhidraScript) GeneralStructureEyePatternScan.java> Export all: false  
2026-07-16 23:08:13 INFO  (GhidraScript) GeneralStructureEyePatternScan.java> Scanned 10000 functions. Exported so far: 0  
2026-07-16 23:08:32 INFO  (GhidraScript) GeneralStructureEyePatternScan.java> Scanned 20000 functions. Exported so far: 0  
2026-07-16 23:08:40 INFO  (GhidraScript) GeneralStructureEyePatternScan.java> Scanned 30000 functions. Exported so far: 0  
2026-07-16 23:08:51 INFO  (GhidraScript) GeneralStructureEyePatternScan.java> Scanned 40000 functions. Exported so far: 0  
2026-07-16 23:09:15 INFO  (GhidraScript) GeneralStructureEyePatternScan.java> Scanned 50000 functions. Exported so far: 0  
2026-07-16 23:09:32 INFO  (GhidraScript) GeneralStructureEyePatternScan.java> Scanned 60000 functions. Exported so far: 0  
2026-07-16 23:09:48 INFO  (GhidraScript) GeneralStructureEyePatternScan.java> Scanned 70000 functions. Exported so far: 0  
2026-07-16 23:10:01 INFO  (GhidraScript) GeneralStructureEyePatternScan.java> Scanned 80000 functions. Exported so far: 0  
2026-07-16 23:10:31 INFO  (GhidraScript) GeneralStructureEyePatternScan.java> Scanned 90000 functions. Exported so far: 0  
2026-07-16 23:10:50 INFO  (GhidraScript) GeneralStructureEyePatternScan.java> Scanned 100000 functions. Exported so far: 0  
2026-07-16 23:11:08 INFO  (GhidraScript) GeneralStructureEyePatternScan.java> Scanned 110000 functions. Exported so far: 0  
2026-07-16 23:11:26 INFO  (GhidraScript) GeneralStructureEyePatternScan.java> Scanned 120000 functions. Exported so far: 0  
2026-07-16 23:11:42 INFO  (GhidraScript) GeneralStructureEyePatternScan.java> Scanned 130000 functions. Exported so far: 0  
2026-07-16 23:12:08 INFO  (GhidraScript) GeneralStructureEyePatternScan.java> Scanned 140000 functions. Exported so far: 0  
2026-07-16 23:12:30 INFO  (GhidraScript) GeneralStructureEyePatternScan.java> Scanned 150000 functions. Exported so far: 0  
2026-07-16 23:12:51 INFO  (GhidraScript) GeneralStructureEyePatternScan.java> Scanned 160000 functions. Exported so far: 0  
2026-07-16 23:13:10 INFO  (GhidraScript) GeneralStructureEyePatternScan.java> Scanned 170000 functions. Exported so far: 0  
2026-07-16 23:13:25 INFO  (GhidraScript) GeneralStructureEyePatternScan.java> Scanned 180000 functions. Exported so far: 0  
2026-07-16 23:14:12 INFO  (GhidraScript) GeneralStructureEyePatternScan.java> Scanned 190000 functions. Exported so far: 2  
2026-07-16 23:17:19 INFO  (GhidraScript) GeneralStructureEyePatternScan.java> Scanned 200000 functions. Exported so far: 9  
2026-07-16 23:19:20 INFO  (GhidraScript) GeneralStructureEyePatternScan.java> Scanned 210000 functions. Exported so far: 11  
2026-07-16 23:31:43 INFO  (GhidraScript) GeneralStructureEyePatternScan.java> Scanned 220000 functions. Exported so far: 231  
2026-07-16 23:34:18 INFO  (GhidraScript) GeneralStructureEyePatternScan.java> Scanned 230000 functions. Exported so far: 270  
2026-07-16 23:36:24 INFO  (GhidraScript) GeneralStructureEyePatternScan.java> Scanned 240000 functions. Exported so far: 272  
2026-07-16 23:37:35 INFO  (GhidraScript) GeneralStructureEyePatternScan.java> Scanned 250000 functions. Exported so far: 290  
2026-07-16 23:38:19 INFO  (GhidraScript) GeneralStructureEyePatternScan.java> Scanned 260000 functions. Exported so far: 295  
2026-07-16 23:39:15 INFO  (GhidraScript) GeneralStructureEyePatternScan.java> Scanned 270000 functions. Exported so far: 299  
2026-07-16 23:40:29 INFO  (GhidraScript) GeneralStructureEyePatternScan.java> Scanned 280000 functions. Exported so far: 299  
2026-07-16 23:42:25 INFO  (GhidraScript) GeneralStructureEyePatternScan.java> Scanned 290000 functions. Exported so far: 316  
2026-07-16 23:44:37 INFO  (GhidraScript) GeneralStructureEyePatternScan.java> Scanned 300000 functions. Exported so far: 335  
2026-07-16 23:46:15 INFO  (GhidraScript) GeneralStructureEyePatternScan.java> Scanned 310000 functions. Exported so far: 349  
2026-07-16 23:48:14 INFO  (GhidraScript) GeneralStructureEyePatternScan.java> Scanned 320000 functions. Exported so far: 349  
2026-07-16 23:49:13 INFO  (GhidraScript) GeneralStructureEyePatternScan.java> Scanned 330000 functions. Exported so far: 349  
2026-07-16 23:51:54 INFO  (GhidraScript) GeneralStructureEyePatternScan.java> Scanned 340000 functions. Exported so far: 349  
2026-07-16 23:53:55 INFO  (GhidraScript) GeneralStructureEyePatternScan.java> Scanned 350000 functions. Exported so far: 349  
2026-07-16 23:54:55 INFO  (GhidraScript) GeneralStructureEyePatternScan.java> Scanned 360000 functions. Exported so far: 349  
2026-07-16 23:56:13 INFO  (GhidraScript) GeneralStructureEyePatternScan.java> Scanned 370000 functions. Exported so far: 350  
2026-07-16 23:57:41 INFO  (GhidraScript) GeneralStructureEyePatternScan.java> Scanned 380000 functions. Exported so far: 391  
2026-07-16 23:58:10 INFO  (GhidraScript) GeneralStructureEyePatternScan.java> Scanned 390000 functions. Exported so far: 391  
2026-07-16 23:58:55 INFO  (GhidraScript) GeneralStructureEyePatternScan.java> Scanned 400000 functions. Exported so far: 391  
2026-07-16 23:59:45 INFO  (GhidraScript) GeneralStructureEyePatternScan.java> Scanned 410000 functions. Exported so far: 391  
2026-07-17 00:00:39 INFO  (GhidraScript) GeneralStructureEyePatternScan.java> Scanned 420000 functions. Exported so far: 391  
2026-07-17 00:01:32 INFO  (GhidraScript) GeneralStructureEyePatternScan.java> Scanned 430000 functions. Exported so far: 391  
2026-07-17 00:02:26 INFO  (GhidraScript) GeneralStructureEyePatternScan.java> Scanned 440000 functions. Exported so far: 396  
2026-07-17 00:03:26 INFO  (GhidraScript) GeneralStructureEyePatternScan.java> Scanned 450000 functions. Exported so far: 401  
2026-07-17 00:04:33 INFO  (GhidraScript) GeneralStructureEyePatternScan.java> Scanned 460000 functions. Exported so far: 516  
2026-07-17 00:05:07 INFO  (GhidraScript) GeneralStructureEyePatternScan.java> Scanned 470000 functions. Exported so far: 516  
2026-07-17 00:05:59 INFO  (GhidraScript) GeneralStructureEyePatternScan.java> Scanned 480000 functions. Exported so far: 522  
2026-07-17 00:06:50 INFO  (GhidraScript) GeneralStructureEyePatternScan.java> Scanned 490000 functions. Exported so far: 529  
2026-07-17 00:07:54 INFO  (GhidraScript) GeneralStructureEyePatternScan.java> Scanned 500000 functions. Exported so far: 538  
2026-07-17 00:09:03 INFO  (GhidraScript) GeneralStructureEyePatternScan.java> Scanned 510000 functions. Exported so far: 538  
2026-07-17 00:09:52 INFO  (GhidraScript) GeneralStructureEyePatternScan.java> Scanned 520000 functions. Exported so far: 538  
2026-07-17 00:11:00 INFO  (GhidraScript) GeneralStructureEyePatternScan.java> Scanned 530000 functions. Exported so far: 548  
2026-07-17 00:11:58 INFO  (GhidraScript) GeneralStructureEyePatternScan.java> Scanned 540000 functions. Exported so far: 551  
2026-07-17 00:12:54 INFO  (GhidraScript) GeneralStructureEyePatternScan.java> Scanned 550000 functions. Exported so far: 551  
2026-07-17 00:13:46 INFO  (GhidraScript) GeneralStructureEyePatternScan.java> Scanned 560000 functions. Exported so far: 551  
2026-07-17 00:15:58 INFO  (GhidraScript) GeneralStructureEyePatternScan.java> Scanned 570000 functions. Exported so far: 563  
2026-07-17 00:17:36 INFO  (GhidraScript) GeneralStructureEyePatternScan.java> Scanned 580000 functions. Exported so far: 563  
2026-07-17 00:18:37 INFO  (GhidraScript) GeneralStructureEyePatternScan.java> Scanned 590000 functions. Exported so far: 563  
2026-07-17 00:20:39 INFO  (GhidraScript) GeneralStructureEyePatternScan.java> Scanned 600000 functions. Exported so far: 563  
2026-07-17 00:25:48 INFO  (GhidraScript) GeneralStructureEyePatternScan.java> Scanned 610000 functions. Exported so far: 563  
2026-07-17 00:28:35 INFO  (GhidraScript) GeneralStructureEyePatternScan.java> Scanned 620000 functions. Exported so far: 565  
2026-07-17 00:31:18 INFO  (GhidraScript) GeneralStructureEyePatternScan.java> Scanned 630000 functions. Exported so far: 565  
2026-07-17 00:33:16 INFO  (GhidraScript) GeneralStructureEyePatternScan.java> Scanned 640000 functions. Exported so far: 568  
2026-07-17 00:35:25 INFO  (GhidraScript) GeneralStructureEyePatternScan.java> Scanned 650000 functions. Exported so far: 568  
2026-07-17 00:37:52 INFO  (GhidraScript) GeneralStructureEyePatternScan.java> Scanned 660000 functions. Exported so far: 568  
2026-07-17 00:39:35 INFO  (GhidraScript) GeneralStructureEyePatternScan.java> Scanned 670000 functions. Exported so far: 568  
2026-07-17 00:44:41 INFO  (GhidraScript) GeneralStructureEyePatternScan.java> Scanned 680000 functions. Exported so far: 608  
2026-07-17 00:46:18 INFO  (GhidraScript) GeneralStructureEyePatternScan.java> Scanned 690000 functions. Exported so far: 668  
2026-07-17 00:47:47 INFO  (GhidraScript) GeneralStructureEyePatternScan.java> Scanned 700000 functions. Exported so far: 688  
2026-07-17 00:48:19 INFO  (GhidraScript) GeneralStructureEyePatternScan.java> Scanned 710000 functions. Exported so far: 695  
2026-07-17 00:52:02 INFO  (GhidraScript) GeneralStructureEyePatternScan.java> Scanned 720000 functions. Exported so far: 696  
2026-07-17 00:54:25 INFO  (GhidraScript) GeneralStructureEyePatternScan.java> Scanned 730000 functions. Exported so far: 696  
2026-07-17 01:18:14 INFO  (GhidraScript) GeneralStructureEyePatternScan.java> Scanned 740000 functions. Exported so far: 788  
2026-07-17 01:20:25 INFO  (GhidraScript) GeneralStructureEyePatternScan.java> Scanned 750000 functions. Exported so far: 914  
2026-07-17 01:22:37 INFO  (GhidraScript) GeneralStructureEyePatternScan.java> Scanned 760000 functions. Exported so far: 930  
2026-07-17 01:23:51 INFO  (GhidraScript) GeneralStructureEyePatternScan.java> Scanned 770000 functions. Exported so far: 1439  
2026-07-17 01:25:55 INFO  (GhidraScript) GeneralStructureEyePatternScan.java> Scanned 780000 functions. Exported so far: 1466  
2026-07-18 03:28:31 INFO  (GhidraScript) GeneralStructureEyePatternScan.java> Scanned 790000 functions. Exported so far: 1466  
2026-07-18 03:31:02 INFO  (GhidraScript) GeneralStructureEyePatternScan.java> Scanned 800000 functions. Exported so far: 1466  
2026-07-18 03:36:35 INFO  (GhidraScript) GeneralStructureEyePatternScan.java> Scanned 810000 functions. Exported so far: 1466  
2026-07-18 03:42:25 INFO  (GhidraScript) GeneralStructureEyePatternScan.java> Scanned 820000 functions. Exported so far: 1467  
2026-07-18 03:56:26 INFO  (GhidraScript) GeneralStructureEyePatternScan.java> Scanned 830000 functions. Exported so far: 1468  
2026-07-18 03:58:26 INFO  (GhidraScript) GeneralStructureEyePatternScan.java> Scanned 840000 functions. Exported so far: 1469  
2026-07-18 04:00:35 INFO  (GhidraScript) GeneralStructureEyePatternScan.java> Scanned 850000 functions. Exported so far: 1469  
2026-07-18 04:07:39 INFO  (GhidraScript) GeneralStructureEyePatternScan.java> Scanned 860000 functions. Exported so far: 1470  
2026-07-18 04:08:22 INFO  (GhidraScript) GeneralStructureEyePatternScan.java> Scanned 870000 functions. Exported so far: 1470  
2026-07-18 04:11:20 INFO  (GhidraScript) GeneralStructureEyePatternScan.java> Scanned 880000 functions. Exported so far: 1470  
2026-07-18 04:16:08 INFO  (GhidraScript) GeneralStructureEyePatternScan.java> Scanned 890000 functions. Exported so far: 1476  
2026-07-18 05:09:29 INFO  (GhidraScript) GeneralStructureEyePatternScan.java> Scanned 900000 functions. Exported so far: 1499  
2026-07-18 06:25:01 INFO  (GhidraScript) GeneralStructureEyePatternScan.java> Scanned 910000 functions. Exported so far: 1532  
2026-07-18 06:26:48 INFO  (GhidraScript) GeneralStructureEyePatternScan.java> Scanned 920000 functions. Exported so far: 1532  
2026-07-18 06:27:41 INFO  (GhidraScript) GeneralStructureEyePatternScan.java> Scanned 930000 functions. Exported so far: 1536  
2026-07-18 06:28:43 INFO  (GhidraScript) GeneralStructureEyePatternScan.java> Scanned 940000 functions. Exported so far: 1537  
2026-07-18 06:34:10 INFO  (GhidraScript) GeneralStructureEyePatternScan.java> Scanned 950000 functions. Exported so far: 1537  
2026-07-18 06:41:04 INFO  (GhidraScript) GeneralStructureEyePatternScan.java> Scanned 960000 functions. Exported so far: 1543  
2026-07-18 06:42:23 INFO  (GhidraScript) GeneralStructureEyePatternScan.java> Scanned 970000 functions. Exported so far: 1545  
2026-07-18 06:42:24 WARN  (DecompileCallback) Decompiling 09776000, pcode error at 09776000: Unable to disassemble EXTERNAL block location: 09776000  
2026-07-18 06:42:24 WARN  (DecompileCallback) Decompiling 09776008, pcode error at 09776008: Unable to disassemble EXTERNAL block location: 09776008  
2026-07-18 06:42:24 WARN  (DecompileCallback) Decompiling 09776010, pcode error at 09776010: Unable to disassemble EXTERNAL block location: 09776010  
2026-07-18 06:42:24 WARN  (DecompileCallback) Decompiling 09776018, pcode error at 09776018: Unable to disassemble EXTERNAL block location: 09776018  
2026-07-18 06:42:24 WARN  (DecompileCallback) Decompiling 09776020, pcode error at 09776020: Unable to disassemble EXTERNAL block location: 09776020  
2026-07-18 06:42:24 WARN  (DecompileCallback) Decompiling 09776028, pcode error at 09776028: Unable to disassemble EXTERNAL block location: 09776028  
2026-07-18 06:42:24 WARN  (DecompileCallback) Decompiling 09776030, pcode error at 09776030: Unable to disassemble EXTERNAL block location: 09776030  
2026-07-18 06:42:24 WARN  (DecompileCallback) Decompiling 09776038, pcode error at 09776038: Unable to disassemble EXTERNAL block location: 09776038  
2026-07-18 06:42:24 WARN  (DecompileCallback) Decompiling 09776040, pcode error at 09776040: Unable to disassemble EXTERNAL block location: 09776040  
2026-07-18 06:42:24 WARN  (DecompileCallback) Decompiling 09776048, pcode error at 09776048: Unable to disassemble EXTERNAL block location: 09776048  
2026-07-18 06:42:24 WARN  (DecompileCallback) Decompiling 09776050, pcode error at 09776050: Unable to disassemble EXTERNAL block location: 09776050  
2026-07-18 06:42:24 WARN  (DecompileCallback) Decompiling 09776058, pcode error at 09776058: Unable to disassemble EXTERNAL block location: 09776058  
2026-07-18 06:42:24 WARN  (DecompileCallback) Decompiling 09776060, pcode error at 09776060: Unable to disassemble EXTERNAL block location: 09776060  
2026-07-18 06:42:24 WARN  (DecompileCallback) Decompiling 09776068, pcode error at 09776068: Unable to disassemble EXTERNAL block location: 09776068  
2026-07-18 06:42:24 WARN  (DecompileCallback) Decompiling 09776070, pcode error at 09776070: Unable to disassemble EXTERNAL block location: 09776070  
2026-07-18 06:42:24 WARN  (DecompileCallback) Decompiling 09776078, pcode error at 09776078: Unable to disassemble EXTERNAL block location: 09776078  
2026-07-18 06:42:24 WARN  (DecompileCallback) Decompiling 09776080, pcode error at 09776080: Unable to disassemble EXTERNAL block location: 09776080  
2026-07-18 06:42:24 WARN  (DecompileCallback) Decompiling 09776088, pcode error at 09776088: Unable to disassemble EXTERNAL block location: 09776088  
2026-07-18 06:42:24 WARN  (DecompileCallback) Decompiling 09776090, pcode error at 09776090: Unable to disassemble EXTERNAL block location: 09776090  
2026-07-18 06:42:24 WARN  (DecompileCallback) Decompiling 09776098, pcode error at 09776098: Unable to disassemble EXTERNAL block location: 09776098  
2026-07-18 06:42:24 WARN  (DecompileCallback) Decompiling 097760a0, pcode error at 097760a0: Unable to disassemble EXTERNAL block location: 097760a0  
2026-07-18 06:42:24 WARN  (DecompileCallback) Decompiling 097760a8, pcode error at 097760a8: Unable to disassemble EXTERNAL block location: 097760a8  
2026-07-18 06:42:24 WARN  (DecompileCallback) Decompiling 097760b0, pcode error at 097760b0: Unable to disassemble EXTERNAL block location: 097760b0  
2026-07-18 06:42:24 WARN  (DecompileCallback) Decompiling 097760b8, pcode error at 097760b8: Unable to disassemble EXTERNAL block location: 097760b8  
2026-07-18 06:42:24 WARN  (DecompileCallback) Decompiling 097760c0, pcode error at 097760c0: Unable to disassemble EXTERNAL block location: 097760c0  
2026-07-18 06:42:24 WARN  (DecompileCallback) Decompiling 097760c8, pcode error at 097760c8: Unable to disassemble EXTERNAL block location: 097760c8  
2026-07-18 06:42:24 WARN  (DecompileCallback) Decompiling 097760d0, pcode error at 097760d0: Unable to disassemble EXTERNAL block location: 097760d0  
2026-07-18 06:42:24 WARN  (DecompileCallback) Decompiling 097760d8, pcode error at 097760d8: Unable to disassemble EXTERNAL block location: 097760d8  
2026-07-18 06:42:24 WARN  (DecompileCallback) Decompiling 097760e0, pcode error at 097760e0: Unable to disassemble EXTERNAL block location: 097760e0  
2026-07-18 06:42:24 WARN  (DecompileCallback) Decompiling 097760e8, pcode error at 097760e8: Unable to disassemble EXTERNAL block location: 097760e8  
2026-07-18 06:42:24 WARN  (DecompileCallback) Decompiling 097760f0, pcode error at 097760f0: Unable to disassemble EXTERNAL block location: 097760f0  
2026-07-18 06:42:24 WARN  (DecompileCallback) Decompiling 097760f8, pcode error at 097760f8: Unable to disassemble EXTERNAL block location: 097760f8  
2026-07-18 06:42:24 WARN  (DecompileCallback) Decompiling 09776100, pcode error at 09776100: Unable to disassemble EXTERNAL block location: 09776100  
2026-07-18 06:42:24 WARN  (DecompileCallback) Decompiling 09776108, pcode error at 09776108: Unable to disassemble EXTERNAL block location: 09776108  
2026-07-18 06:42:24 WARN  (DecompileCallback) Decompiling 09776110, pcode error at 09776110: Unable to disassemble EXTERNAL block location: 09776110  
2026-07-18 06:42:24 WARN  (DecompileCallback) Decompiling 09776118, pcode error at 09776118: Unable to disassemble EXTERNAL block location: 09776118  
2026-07-18 06:42:24 WARN  (DecompileCallback) Decompiling 09776120, pcode error at 09776120: Unable to disassemble EXTERNAL block location: 09776120  
2026-07-18 06:42:24 WARN  (DecompileCallback) Decompiling 09776128, pcode error at 09776128: Unable to disassemble EXTERNAL block location: 09776128  
2026-07-18 06:42:24 WARN  (DecompileCallback) Decompiling 09776130, pcode error at 09776130: Unable to disassemble EXTERNAL block location: 09776130  
2026-07-18 06:42:24 WARN  (DecompileCallback) Decompiling 09776138, pcode error at 09776138: Unable to disassemble EXTERNAL block location: 09776138  
2026-07-18 06:42:24 WARN  (DecompileCallback) Decompiling 09776140, pcode error at 09776140: Unable to disassemble EXTERNAL block location: 09776140  
2026-07-18 06:42:24 WARN  (DecompileCallback) Decompiling 09776150, pcode error at 09776150: Unable to disassemble EXTERNAL block location: 09776150  
2026-07-18 06:42:24 WARN  (DecompileCallback) Decompiling 09776158, pcode error at 09776158: Unable to disassemble EXTERNAL block location: 09776158  
2026-07-18 06:42:24 WARN  (DecompileCallback) Decompiling 09776160, pcode error at 09776160: Unable to disassemble EXTERNAL block location: 09776160  
2026-07-18 06:42:24 WARN  (DecompileCallback) Decompiling 09776168, pcode error at 09776168: Unable to disassemble EXTERNAL block location: 09776168  
2026-07-18 06:42:24 WARN  (DecompileCallback) Decompiling 09776170, pcode error at 09776170: Unable to disassemble EXTERNAL block location: 09776170  
2026-07-18 06:42:24 WARN  (DecompileCallback) Decompiling 09776178, pcode error at 09776178: Unable to disassemble EXTERNAL block location: 09776178  
2026-07-18 06:42:24 WARN  (DecompileCallback) Decompiling 09776180, pcode error at 09776180: Unable to disassemble EXTERNAL block location: 09776180  
2026-07-18 06:42:24 WARN  (DecompileCallback) Decompiling 09776188, pcode error at 09776188: Unable to disassemble EXTERNAL block location: 09776188  
2026-07-18 06:42:24 WARN  (DecompileCallback) Decompiling 09776190, pcode error at 09776190: Unable to disassemble EXTERNAL block location: 09776190  
2026-07-18 06:42:24 WARN  (DecompileCallback) Decompiling 09776198, pcode error at 09776198: Unable to disassemble EXTERNAL block location: 09776198  
2026-07-18 06:42:24 WARN  (DecompileCallback) Decompiling 097761a0, pcode error at 097761a0: Unable to disassemble EXTERNAL block location: 097761a0  
2026-07-18 06:42:24 WARN  (DecompileCallback) Decompiling 097761a8, pcode error at 097761a8: Unable to disassemble EXTERNAL block location: 097761a8  
2026-07-18 06:42:24 WARN  (DecompileCallback) Decompiling 097761b0, pcode error at 097761b0: Unable to disassemble EXTERNAL block location: 097761b0  
2026-07-18 06:42:24 WARN  (DecompileCallback) Decompiling 097761b8, pcode error at 097761b8: Unable to disassemble EXTERNAL block location: 097761b8  
2026-07-18 06:42:24 WARN  (DecompileCallback) Decompiling 097761c0, pcode error at 097761c0: Unable to disassemble EXTERNAL block location: 097761c0  
2026-07-18 06:42:24 WARN  (DecompileCallback) Decompiling 097761c8, pcode error at 097761c8: Unable to disassemble EXTERNAL block location: 097761c8  
2026-07-18 06:42:24 WARN  (DecompileCallback) Decompiling 097761d0, pcode error at 097761d0: Unable to disassemble EXTERNAL block location: 097761d0  
2026-07-18 06:42:24 WARN  (DecompileCallback) Decompiling 097761d8, pcode error at 097761d8: Unable to disassemble EXTERNAL block location: 097761d8  
2026-07-18 06:42:24 WARN  (DecompileCallback) Decompiling 097761e0, pcode error at 097761e0: Unable to disassemble EXTERNAL block location: 097761e0  
2026-07-18 06:42:24 WARN  (DecompileCallback) Decompiling 097761e8, pcode error at 097761e8: Unable to disassemble EXTERNAL block location: 097761e8  
2026-07-18 06:42:24 WARN  (DecompileCallback) Decompiling 097761f0, pcode error at 097761f0: Unable to disassemble EXTERNAL block location: 097761f0  
2026-07-18 06:42:24 WARN  (DecompileCallback) Decompiling 097761f8, pcode error at 097761f8: Unable to disassemble EXTERNAL block location: 097761f8  
2026-07-18 06:42:24 WARN  (DecompileCallback) Decompiling 09776200, pcode error at 09776200: Unable to disassemble EXTERNAL block location: 09776200  
2026-07-18 06:42:24 WARN  (DecompileCallback) Decompiling 09776208, pcode error at 09776208: Unable to disassemble EXTERNAL block location: 09776208  
2026-07-18 06:42:24 WARN  (DecompileCallback) Decompiling 09776210, pcode error at 09776210: Unable to disassemble EXTERNAL block location: 09776210  
2026-07-18 06:42:24 WARN  (DecompileCallback) Decompiling 09776218, pcode error at 09776218: Unable to disassemble EXTERNAL block location: 09776218  
2026-07-18 06:42:24 WARN  (DecompileCallback) Decompiling 09776220, pcode error at 09776220: Unable to disassemble EXTERNAL block location: 09776220  
2026-07-18 06:42:24 WARN  (DecompileCallback) Decompiling 09776228, pcode error at 09776228: Unable to disassemble EXTERNAL block location: 09776228  
2026-07-18 06:42:24 WARN  (DecompileCallback) Decompiling 09776230, pcode error at 09776230: Unable to disassemble EXTERNAL block location: 09776230  
2026-07-18 06:42:24 WARN  (DecompileCallback) Decompiling 09776238, pcode error at 09776238: Unable to disassemble EXTERNAL block location: 09776238  
2026-07-18 06:42:24 WARN  (DecompileCallback) Decompiling 09776240, pcode error at 09776240: Unable to disassemble EXTERNAL block location: 09776240  
2026-07-18 06:42:24 WARN  (DecompileCallback) Decompiling 09776248, pcode error at 09776248: Unable to disassemble EXTERNAL block location: 09776248  
2026-07-18 06:42:24 WARN  (DecompileCallback) Decompiling 09776250, pcode error at 09776250: Unable to disassemble EXTERNAL block location: 09776250  
2026-07-18 06:42:24 WARN  (DecompileCallback) Decompiling 09776258, pcode error at 09776258: Unable to disassemble EXTERNAL block location: 09776258  
2026-07-18 06:42:24 WARN  (DecompileCallback) Decompiling 09776260, pcode error at 09776260: Unable to disassemble EXTERNAL block location: 09776260  
2026-07-18 06:42:24 WARN  (DecompileCallback) Decompiling 09776268, pcode error at 09776268: Unable to disassemble EXTERNAL block location: 09776268  
2026-07-18 06:42:24 WARN  (DecompileCallback) Decompiling 09776270, pcode error at 09776270: Unable to disassemble EXTERNAL block location: 09776270  
2026-07-18 06:42:24 WARN  (DecompileCallback) Decompiling 09776278, pcode error at 09776278: Unable to disassemble EXTERNAL block location: 09776278  
2026-07-18 06:42:24 WARN  (DecompileCallback) Decompiling 09776280, pcode error at 09776280: Unable to disassemble EXTERNAL block location: 09776280  
2026-07-18 06:42:24 WARN  (DecompileCallback) Decompiling 09776288, pcode error at 09776288: Unable to disassemble EXTERNAL block location: 09776288  
2026-07-18 06:42:24 WARN  (DecompileCallback) Decompiling 09776290, pcode error at 09776290: Unable to disassemble EXTERNAL block location: 09776290  
2026-07-18 06:42:24 WARN  (DecompileCallback) Decompiling 09776298, pcode error at 09776298: Unable to disassemble EXTERNAL block location: 09776298  
2026-07-18 06:42:24 WARN  (DecompileCallback) Decompiling 097762a0, pcode error at 097762a0: Unable to disassemble EXTERNAL block location: 097762a0  
2026-07-18 06:42:24 WARN  (DecompileCallback) Decompiling 097762a8, pcode error at 097762a8: Unable to disassemble EXTERNAL block location: 097762a8  
2026-07-18 06:42:24 WARN  (DecompileCallback) Decompiling 097762b0, pcode error at 097762b0: Unable to disassemble EXTERNAL block location: 097762b0  
2026-07-18 06:42:24 WARN  (DecompileCallback) Decompiling 097762b8, pcode error at 097762b8: Unable to disassemble EXTERNAL block location: 097762b8  
2026-07-18 06:42:24 WARN  (DecompileCallback) Decompiling 097762c0, pcode error at 097762c0: Unable to disassemble EXTERNAL block location: 097762c0  
2026-07-18 06:42:24 WARN  (DecompileCallback) Decompiling 097762c8, pcode error at 097762c8: Unable to disassemble EXTERNAL block location: 097762c8  
2026-07-18 06:42:24 WARN  (DecompileCallback) Decompiling 097762d0, pcode error at 097762d0: Unable to disassemble EXTERNAL block location: 097762d0  
2026-07-18 06:42:24 WARN  (DecompileCallback) Decompiling 097762d8, pcode error at 097762d8: Unable to disassemble EXTERNAL block location: 097762d8  
2026-07-18 06:42:24 WARN  (DecompileCallback) Decompiling 097762e0, pcode error at 097762e0: Unable to disassemble EXTERNAL block location: 097762e0  
2026-07-18 06:42:24 WARN  (DecompileCallback) Decompiling 097762e8, pcode error at 097762e8: Unable to disassemble EXTERNAL block location: 097762e8  
2026-07-18 06:42:24 WARN  (DecompileCallback) Decompiling 097762f0, pcode error at 097762f0: Unable to disassemble EXTERNAL block location: 097762f0  
2026-07-18 06:42:24 WARN  (DecompileCallback) Decompiling 097762f8, pcode error at 097762f8: Unable to disassemble EXTERNAL block location: 097762f8  
2026-07-18 06:42:24 WARN  (DecompileCallback) Decompiling 09776300, pcode error at 09776300: Unable to disassemble EXTERNAL block location: 09776300  
2026-07-18 06:42:24 WARN  (DecompileCallback) Decompiling 09776308, pcode error at 09776308: Unable to disassemble EXTERNAL block location: 09776308  
2026-07-18 06:42:24 WARN  (DecompileCallback) Decompiling 09776310, pcode error at 09776310: Unable to disassemble EXTERNAL block location: 09776310  
2026-07-18 06:42:24 WARN  (DecompileCallback) Decompiling 09776318, pcode error at 09776318: Unable to disassemble EXTERNAL block location: 09776318  
2026-07-18 06:42:24 WARN  (DecompileCallback) Decompiling 09776320, pcode error at 09776320: Unable to disassemble EXTERNAL block location: 09776320  
2026-07-18 06:42:24 WARN  (DecompileCallback) Decompiling 09776328, pcode error at 09776328: Unable to disassemble EXTERNAL block location: 09776328  
2026-07-18 06:42:24 WARN  (DecompileCallback) Decompiling 09776330, pcode error at 09776330: Unable to disassemble EXTERNAL block location: 09776330  
2026-07-18 06:42:24 WARN  (DecompileCallback) Decompiling 09776338, pcode error at 09776338: Unable to disassemble EXTERNAL block location: 09776338  
2026-07-18 06:42:24 WARN  (DecompileCallback) Decompiling 09776340, pcode error at 09776340: Unable to disassemble EXTERNAL block location: 09776340  
2026-07-18 06:42:24 WARN  (DecompileCallback) Decompiling 09776348, pcode error at 09776348: Unable to disassemble EXTERNAL block location: 09776348  
2026-07-18 06:42:24 WARN  (DecompileCallback) Decompiling 09776350, pcode error at 09776350: Unable to disassemble EXTERNAL block location: 09776350  
2026-07-18 06:42:24 WARN  (DecompileCallback) Decompiling 09776358, pcode error at 09776358: Unable to disassemble EXTERNAL block location: 09776358  
2026-07-18 06:42:24 WARN  (DecompileCallback) Decompiling 09776360, pcode error at 09776360: Unable to disassemble EXTERNAL block location: 09776360  
2026-07-18 06:42:24 WARN  (DecompileCallback) Decompiling 09776368, pcode error at 09776368: Unable to disassemble EXTERNAL block location: 09776368  
2026-07-18 06:42:24 WARN  (DecompileCallback) Decompiling 09776370, pcode error at 09776370: Unable to disassemble EXTERNAL block location: 09776370  
2026-07-18 06:42:24 WARN  (DecompileCallback) Decompiling 09776378, pcode error at 09776378: Unable to disassemble EXTERNAL block location: 09776378  
2026-07-18 06:42:24 WARN  (DecompileCallback) Decompiling 09776380, pcode error at 09776380: Unable to disassemble EXTERNAL block location: 09776380  
2026-07-18 06:42:24 WARN  (DecompileCallback) Decompiling 09776388, pcode error at 09776388: Unable to disassemble EXTERNAL block location: 09776388  
2026-07-18 06:42:24 WARN  (DecompileCallback) Decompiling 09776390, pcode error at 09776390: Unable to disassemble EXTERNAL block location: 09776390  
2026-07-18 06:42:24 WARN  (DecompileCallback) Decompiling 09776398, pcode error at 09776398: Unable to disassemble EXTERNAL block location: 09776398  
2026-07-18 06:42:24 WARN  (DecompileCallback) Decompiling 097763a0, pcode error at 097763a0: Unable to disassemble EXTERNAL block location: 097763a0  
2026-07-18 06:42:24 WARN  (DecompileCallback) Decompiling 097763a8, pcode error at 097763a8: Unable to disassemble EXTERNAL block location: 097763a8  
2026-07-18 06:42:24 WARN  (DecompileCallback) Decompiling 097763b0, pcode error at 097763b0: Unable to disassemble EXTERNAL block location: 097763b0  
2026-07-18 06:42:24 WARN  (DecompileCallback) Decompiling 097763b8, pcode error at 097763b8: Unable to disassemble EXTERNAL block location: 097763b8  
2026-07-18 06:42:24 WARN  (DecompileCallback) Decompiling 097763c0, pcode error at 097763c0: Unable to disassemble EXTERNAL block location: 097763c0  
2026-07-18 06:42:24 WARN  (DecompileCallback) Decompiling 097763c8, pcode error at 097763c8: Unable to disassemble EXTERNAL block location: 097763c8  
2026-07-18 06:42:24 WARN  (DecompileCallback) Decompiling 097763d0, pcode error at 097763d0: Unable to disassemble EXTERNAL block location: 097763d0  
2026-07-18 06:42:24 WARN  (DecompileCallback) Decompiling 097763d8, pcode error at 097763d8: Unable to disassemble EXTERNAL block location: 097763d8  
2026-07-18 06:42:24 WARN  (DecompileCallback) Decompiling 097763e0, pcode error at 097763e0: Unable to disassemble EXTERNAL block location: 097763e0  
2026-07-18 06:42:24 WARN  (DecompileCallback) Decompiling 097763e8, pcode error at 097763e8: Unable to disassemble EXTERNAL block location: 097763e8  
2026-07-18 06:42:24 WARN  (DecompileCallback) Decompiling 097763f0, pcode error at 097763f0: Unable to disassemble EXTERNAL block location: 097763f0  
2026-07-18 06:42:24 WARN  (DecompileCallback) Decompiling 097763f8, pcode error at 097763f8: Unable to disassemble EXTERNAL block location: 097763f8  
2026-07-18 06:42:24 WARN  (DecompileCallback) Decompiling 09776400, pcode error at 09776400: Unable to disassemble EXTERNAL block location: 09776400  
2026-07-18 06:42:24 WARN  (DecompileCallback) Decompiling 09776408, pcode error at 09776408: Unable to disassemble EXTERNAL block location: 09776408  
2026-07-18 06:42:24 WARN  (DecompileCallback) Decompiling 09776410, pcode error at 09776410: Unable to disassemble EXTERNAL block location: 09776410  
2026-07-18 06:42:24 WARN  (DecompileCallback) Decompiling 09776418, pcode error at 09776418: Unable to disassemble EXTERNAL block location: 09776418  
2026-07-18 06:42:24 WARN  (DecompileCallback) Decompiling 09776420, pcode error at 09776420: Unable to disassemble EXTERNAL block location: 09776420  
2026-07-18 06:42:24 WARN  (DecompileCallback) Decompiling 09776428, pcode error at 09776428: Unable to disassemble EXTERNAL block location: 09776428  
2026-07-18 06:42:24 WARN  (DecompileCallback) Decompiling 09776430, pcode error at 09776430: Unable to disassemble EXTERNAL block location: 09776430  
2026-07-18 06:42:24 WARN  (DecompileCallback) Decompiling 09776438, pcode error at 09776438: Unable to disassemble EXTERNAL block location: 09776438  
2026-07-18 06:42:24 WARN  (DecompileCallback) Decompiling 09776440, pcode error at 09776440: Unable to disassemble EXTERNAL block location: 09776440  
2026-07-18 06:42:24 WARN  (DecompileCallback) Decompiling 09776448, pcode error at 09776448: Unable to disassemble EXTERNAL block location: 09776448  
2026-07-18 06:42:24 WARN  (DecompileCallback) Decompiling 09776450, pcode error at 09776450: Unable to disassemble EXTERNAL block location: 09776450  
2026-07-18 06:42:24 WARN  (DecompileCallback) Decompiling 09776458, pcode error at 09776458: Unable to disassemble EXTERNAL block location: 09776458  
2026-07-18 06:42:24 WARN  (DecompileCallback) Decompiling 09776460, pcode error at 09776460: Unable to disassemble EXTERNAL block location: 09776460  
2026-07-18 06:42:24 WARN  (DecompileCallback) Decompiling 09776468, pcode error at 09776468: Unable to disassemble EXTERNAL block location: 09776468  
2026-07-18 06:42:24 WARN  (DecompileCallback) Decompiling 09776470, pcode error at 09776470: Unable to disassemble EXTERNAL block location: 09776470  
2026-07-18 06:42:24 WARN  (DecompileCallback) Decompiling 09776478, pcode error at 09776478: Unable to disassemble EXTERNAL block location: 09776478  
2026-07-18 06:42:24 WARN  (DecompileCallback) Decompiling 09776480, pcode error at 09776480: Unable to disassemble EXTERNAL block location: 09776480  
2026-07-18 06:42:24 WARN  (DecompileCallback) Decompiling 09776488, pcode error at 09776488: Unable to disassemble EXTERNAL block location: 09776488  
2026-07-18 06:42:24 WARN  (DecompileCallback) Decompiling 09776490, pcode error at 09776490: Unable to disassemble EXTERNAL block location: 09776490  
2026-07-18 06:42:24 WARN  (DecompileCallback) Decompiling 09776498, pcode error at 09776498: Unable to disassemble EXTERNAL block location: 09776498  
2026-07-18 06:42:24 WARN  (DecompileCallback) Decompiling 097764a0, pcode error at 097764a0: Unable to disassemble EXTERNAL block location: 097764a0  
2026-07-18 06:42:24 WARN  (DecompileCallback) Decompiling 097764a8, pcode error at 097764a8: Unable to disassemble EXTERNAL block location: 097764a8  
2026-07-18 06:42:24 WARN  (DecompileCallback) Decompiling 097764b0, pcode error at 097764b0: Unable to disassemble EXTERNAL block location: 097764b0  
2026-07-18 06:42:24 WARN  (DecompileCallback) Decompiling 097764b8, pcode error at 097764b8: Unable to disassemble EXTERNAL block location: 097764b8  
2026-07-18 06:42:24 WARN  (DecompileCallback) Decompiling 097764c0, pcode error at 097764c0: Unable to disassemble EXTERNAL block location: 097764c0  
2026-07-18 06:42:24 WARN  (DecompileCallback) Decompiling 097764c8, pcode error at 097764c8: Unable to disassemble EXTERNAL block location: 097764c8  
2026-07-18 06:42:24 WARN  (DecompileCallback) Decompiling 097764d0, pcode error at 097764d0: Unable to disassemble EXTERNAL block location: 097764d0  
2026-07-18 06:42:24 WARN  (DecompileCallback) Decompiling 097764d8, pcode error at 097764d8: Unable to disassemble EXTERNAL block location: 097764d8  
2026-07-18 06:42:24 WARN  (DecompileCallback) Decompiling 097764e0, pcode error at 097764e0: Unable to disassemble EXTERNAL block location: 097764e0  
2026-07-18 06:42:24 WARN  (DecompileCallback) Decompiling 097764e8, pcode error at 097764e8: Unable to disassemble EXTERNAL block location: 097764e8  
2026-07-18 06:42:24 WARN  (DecompileCallback) Decompiling 097764f0, pcode error at 097764f0: Unable to disassemble EXTERNAL block location: 097764f0  
2026-07-18 06:42:24 WARN  (DecompileCallback) Decompiling 097764f8, pcode error at 097764f8: Unable to disassemble EXTERNAL block location: 097764f8  
2026-07-18 06:42:24 WARN  (DecompileCallback) Decompiling 09776500, pcode error at 09776500: Unable to disassemble EXTERNAL block location: 09776500  
2026-07-18 06:42:24 WARN  (DecompileCallback) Decompiling 09776508, pcode error at 09776508: Unable to disassemble EXTERNAL block location: 09776508  
2026-07-18 06:42:24 WARN  (DecompileCallback) Decompiling 09776510, pcode error at 09776510: Unable to disassemble EXTERNAL block location: 09776510  
2026-07-18 06:42:24 WARN  (DecompileCallback) Decompiling 09776518, pcode error at 09776518: Unable to disassemble EXTERNAL block location: 09776518  
2026-07-18 06:42:24 WARN  (DecompileCallback) Decompiling 09776520, pcode error at 09776520: Unable to disassemble EXTERNAL block location: 09776520  
2026-07-18 06:42:24 WARN  (DecompileCallback) Decompiling 09776528, pcode error at 09776528: Unable to disassemble EXTERNAL block location: 09776528  
2026-07-18 06:42:24 WARN  (DecompileCallback) Decompiling 09776530, pcode error at 09776530: Unable to disassemble EXTERNAL block location: 09776530  
2026-07-18 06:42:24 WARN  (DecompileCallback) Decompiling 09776538, pcode error at 09776538: Unable to disassemble EXTERNAL block location: 09776538  
2026-07-18 06:42:24 WARN  (DecompileCallback) Decompiling 09776540, pcode error at 09776540: Unable to disassemble EXTERNAL block location: 09776540  
2026-07-18 06:42:24 WARN  (DecompileCallback) Decompiling 09776548, pcode error at 09776548: Unable to disassemble EXTERNAL block location: 09776548  
2026-07-18 06:42:24 WARN  (DecompileCallback) Decompiling 09776558, pcode error at 09776558: Unable to disassemble EXTERNAL block location: 09776558  
2026-07-18 06:42:24 WARN  (DecompileCallback) Decompiling 09776560, pcode error at 09776560: Unable to disassemble EXTERNAL block location: 09776560  
2026-07-18 06:42:24 WARN  (DecompileCallback) Decompiling 09776568, pcode error at 09776568: Unable to disassemble EXTERNAL block location: 09776568  
2026-07-18 06:42:24 WARN  (DecompileCallback) Decompiling 09776570, pcode error at 09776570: Unable to disassemble EXTERNAL block location: 09776570  
2026-07-18 06:42:24 WARN  (DecompileCallback) Decompiling 09776578, pcode error at 09776578: Unable to disassemble EXTERNAL block location: 09776578  
2026-07-18 06:42:24 WARN  (DecompileCallback) Decompiling 09776580, pcode error at 09776580: Unable to disassemble EXTERNAL block location: 09776580  
2026-07-18 06:42:24 WARN  (DecompileCallback) Decompiling 09776588, pcode error at 09776588: Unable to disassemble EXTERNAL block location: 09776588  
2026-07-18 06:42:24 WARN  (DecompileCallback) Decompiling 09776590, pcode error at 09776590: Unable to disassemble EXTERNAL block location: 09776590  
2026-07-18 06:42:24 WARN  (DecompileCallback) Decompiling 09776598, pcode error at 09776598: Unable to disassemble EXTERNAL block location: 09776598  
2026-07-18 06:42:24 WARN  (DecompileCallback) Decompiling 097765a0, pcode error at 097765a0: Unable to disassemble EXTERNAL block location: 097765a0  
2026-07-18 06:42:24 WARN  (DecompileCallback) Decompiling 097765a8, pcode error at 097765a8: Unable to disassemble EXTERNAL block location: 097765a8  
2026-07-18 06:42:24 WARN  (DecompileCallback) Decompiling 097765b0, pcode error at 097765b0: Unable to disassemble EXTERNAL block location: 097765b0  
2026-07-18 06:42:24 WARN  (DecompileCallback) Decompiling 097765b8, pcode error at 097765b8: Unable to disassemble EXTERNAL block location: 097765b8  
2026-07-18 06:42:24 WARN  (DecompileCallback) Decompiling 097765c0, pcode error at 097765c0: Unable to disassemble EXTERNAL block location: 097765c0  
2026-07-18 06:42:24 WARN  (DecompileCallback) Decompiling 097765c8, pcode error at 097765c8: Unable to disassemble EXTERNAL block location: 097765c8  
2026-07-18 06:42:24 WARN  (DecompileCallback) Decompiling 097765d0, pcode error at 097765d0: Unable to disassemble EXTERNAL block location: 097765d0  
2026-07-18 06:42:24 WARN  (DecompileCallback) Decompiling 097765d8, pcode error at 097765d8: Unable to disassemble EXTERNAL block location: 097765d8  
2026-07-18 06:42:24 WARN  (DecompileCallback) Decompiling 097765e0, pcode error at 097765e0: Unable to disassemble EXTERNAL block location: 097765e0  
2026-07-18 06:42:24 WARN  (DecompileCallback) Decompiling 097765e8, pcode error at 097765e8: Unable to disassemble EXTERNAL block location: 097765e8  
2026-07-18 06:42:24 WARN  (DecompileCallback) Decompiling 097765f0, pcode error at 097765f0: Unable to disassemble EXTERNAL block location: 097765f0  
2026-07-18 06:42:24 WARN  (DecompileCallback) Decompiling 097765f8, pcode error at 097765f8: Unable to disassemble EXTERNAL block location: 097765f8  
2026-07-18 06:42:24 WARN  (DecompileCallback) Decompiling 09776600, pcode error at 09776600: Unable to disassemble EXTERNAL block location: 09776600  
2026-07-18 06:42:24 WARN  (DecompileCallback) Decompiling 09776608, pcode error at 09776608: Unable to disassemble EXTERNAL block location: 09776608  
2026-07-18 06:42:24 WARN  (DecompileCallback) Decompiling 09776610, pcode error at 09776610: Unable to disassemble EXTERNAL block location: 09776610  
2026-07-18 06:42:24 WARN  (DecompileCallback) Decompiling 09776618, pcode error at 09776618: Unable to disassemble EXTERNAL block location: 09776618  
2026-07-18 06:42:24 WARN  (DecompileCallback) Decompiling 09776620, pcode error at 09776620: Unable to disassemble EXTERNAL block location: 09776620  
2026-07-18 06:42:24 WARN  (DecompileCallback) Decompiling 09776628, pcode error at 09776628: Unable to disassemble EXTERNAL block location: 09776628  
2026-07-18 06:42:24 WARN  (DecompileCallback) Decompiling 09776630, pcode error at 09776630: Unable to disassemble EXTERNAL block location: 09776630  
2026-07-18 06:42:24 WARN  (DecompileCallback) Decompiling 09776638, pcode error at 09776638: Unable to disassemble EXTERNAL block location: 09776638  
2026-07-18 06:42:24 WARN  (DecompileCallback) Decompiling 09776640, pcode error at 09776640: Unable to disassemble EXTERNAL block location: 09776640  
2026-07-18 06:42:24 WARN  (DecompileCallback) Decompiling 09776648, pcode error at 09776648: Unable to disassemble EXTERNAL block location: 09776648  
2026-07-18 06:42:24 WARN  (DecompileCallback) Decompiling 09776650, pcode error at 09776650: Unable to disassemble EXTERNAL block location: 09776650  
2026-07-18 06:42:24 WARN  (DecompileCallback) Decompiling 09776658, pcode error at 09776658: Unable to disassemble EXTERNAL block location: 09776658  
2026-07-18 06:42:24 WARN  (DecompileCallback) Decompiling 09776660, pcode error at 09776660: Unable to disassemble EXTERNAL block location: 09776660  
2026-07-18 06:42:24 WARN  (DecompileCallback) Decompiling 09776668, pcode error at 09776668: Unable to disassemble EXTERNAL block location: 09776668  
2026-07-18 06:42:24 WARN  (DecompileCallback) Decompiling 09776670, pcode error at 09776670: Unable to disassemble EXTERNAL block location: 09776670  
2026-07-18 06:42:24 WARN  (DecompileCallback) Decompiling 09776678, pcode error at 09776678: Unable to disassemble EXTERNAL block location: 09776678  
2026-07-18 06:42:24 WARN  (DecompileCallback) Decompiling 09776680, pcode error at 09776680: Unable to disassemble EXTERNAL block location: 09776680  
2026-07-18 06:42:24 WARN  (DecompileCallback) Decompiling 09776688, pcode error at 09776688: Unable to disassemble EXTERNAL block location: 09776688  
2026-07-18 06:42:24 WARN  (DecompileCallback) Decompiling 09776690, pcode error at 09776690: Unable to disassemble EXTERNAL block location: 09776690  
2026-07-18 06:42:24 WARN  (DecompileCallback) Decompiling 09776698, pcode error at 09776698: Unable to disassemble EXTERNAL block location: 09776698  
2026-07-18 06:42:24 WARN  (DecompileCallback) Decompiling 097766a0, pcode error at 097766a0: Unable to disassemble EXTERNAL block location: 097766a0  
2026-07-18 06:42:24 WARN  (DecompileCallback) Decompiling 097766a8, pcode error at 097766a8: Unable to disassemble EXTERNAL block location: 097766a8  
2026-07-18 06:42:24 WARN  (DecompileCallback) Decompiling 097766b0, pcode error at 097766b0: Unable to disassemble EXTERNAL block location: 097766b0  
2026-07-18 06:42:24 WARN  (DecompileCallback) Decompiling 097766b8, pcode error at 097766b8: Unable to disassemble EXTERNAL block location: 097766b8  
2026-07-18 06:42:24 WARN  (DecompileCallback) Decompiling 097766c0, pcode error at 097766c0: Unable to disassemble EXTERNAL block location: 097766c0  
2026-07-18 06:42:24 WARN  (DecompileCallback) Decompiling 097766c8, pcode error at 097766c8: Unable to disassemble EXTERNAL block location: 097766c8  
2026-07-18 06:42:24 WARN  (DecompileCallback) Decompiling 097766d0, pcode error at 097766d0: Unable to disassemble EXTERNAL block location: 097766d0  
2026-07-18 06:42:24 WARN  (DecompileCallback) Decompiling 097766d8, pcode error at 097766d8: Unable to disassemble EXTERNAL block location: 097766d8  
2026-07-18 06:42:24 WARN  (DecompileCallback) Decompiling 097766e0, pcode error at 097766e0: Unable to disassemble EXTERNAL block location: 097766e0  
2026-07-18 06:42:24 WARN  (DecompileCallback) Decompiling 097766e8, pcode error at 097766e8: Unable to disassemble EXTERNAL block location: 097766e8  
2026-07-18 06:42:24 WARN  (DecompileCallback) Decompiling 097766f0, pcode error at 097766f0: Unable to disassemble EXTERNAL block location: 097766f0  
2026-07-18 06:42:24 WARN  (DecompileCallback) Decompiling 097766f8, pcode error at 097766f8: Unable to disassemble EXTERNAL block location: 097766f8  
2026-07-18 06:42:24 WARN  (DecompileCallback) Decompiling 09776700, pcode error at 09776700: Unable to disassemble EXTERNAL block location: 09776700  
2026-07-18 06:42:24 WARN  (DecompileCallback) Decompiling 09776708, pcode error at 09776708: Unable to disassemble EXTERNAL block location: 09776708  
2026-07-18 06:42:24 WARN  (DecompileCallback) Decompiling 09776710, pcode error at 09776710: Unable to disassemble EXTERNAL block location: 09776710  
2026-07-18 06:42:24 WARN  (DecompileCallback) Decompiling 09776718, pcode error at 09776718: Unable to disassemble EXTERNAL block location: 09776718  
2026-07-18 06:42:24 WARN  (DecompileCallback) Decompiling 09776720, pcode error at 09776720: Unable to disassemble EXTERNAL block location: 09776720  
2026-07-18 06:42:24 WARN  (DecompileCallback) Decompiling 09776728, pcode error at 09776728: Unable to disassemble EXTERNAL block location: 09776728  
2026-07-18 06:42:24 WARN  (DecompileCallback) Decompiling 09776730, pcode error at 09776730: Unable to disassemble EXTERNAL block location: 09776730  
2026-07-18 06:42:24 WARN  (DecompileCallback) Decompiling 09776738, pcode error at 09776738: Unable to disassemble EXTERNAL block location: 09776738  
2026-07-18 06:42:24 WARN  (DecompileCallback) Decompiling 09776740, pcode error at 09776740: Unable to disassemble EXTERNAL block location: 09776740  
2026-07-18 06:42:24 WARN  (DecompileCallback) Decompiling 09776748, pcode error at 09776748: Unable to disassemble EXTERNAL block location: 09776748  
2026-07-18 06:42:24 WARN  (DecompileCallback) Decompiling 09776750, pcode error at 09776750: Unable to disassemble EXTERNAL block location: 09776750  
2026-07-18 06:42:24 WARN  (DecompileCallback) Decompiling 09776758, pcode error at 09776758: Unable to disassemble EXTERNAL block location: 09776758  
2026-07-18 06:42:24 WARN  (DecompileCallback) Decompiling 09776760, pcode error at 09776760: Unable to disassemble EXTERNAL block location: 09776760  
2026-07-18 06:42:24 WARN  (DecompileCallback) Decompiling 09776768, pcode error at 09776768: Unable to disassemble EXTERNAL block location: 09776768  
2026-07-18 06:42:24 WARN  (DecompileCallback) Decompiling 09776770, pcode error at 09776770: Unable to disassemble EXTERNAL block location: 09776770  
2026-07-18 06:42:24 WARN  (DecompileCallback) Decompiling 09776778, pcode error at 09776778: Unable to disassemble EXTERNAL block location: 09776778  
2026-07-18 06:42:24 WARN  (DecompileCallback) Decompiling 09776780, pcode error at 09776780: Unable to disassemble EXTERNAL block location: 09776780  
2026-07-18 06:42:24 WARN  (DecompileCallback) Decompiling 09776788, pcode error at 09776788: Unable to disassemble EXTERNAL block location: 09776788  
2026-07-18 06:42:24 WARN  (DecompileCallback) Decompiling 09776790, pcode error at 09776790: Unable to disassemble EXTERNAL block location: 09776790  
2026-07-18 06:42:24 WARN  (DecompileCallback) Decompiling 09776798, pcode error at 09776798: Unable to disassemble EXTERNAL block location: 09776798  
2026-07-18 06:42:24 WARN  (DecompileCallback) Decompiling 097767a0, pcode error at 097767a0: Unable to disassemble EXTERNAL block location: 097767a0  
2026-07-18 06:42:24 WARN  (DecompileCallback) Decompiling 097767a8, pcode error at 097767a8: Unable to disassemble EXTERNAL block location: 097767a8  
2026-07-18 06:42:24 WARN  (DecompileCallback) Decompiling 097767b0, pcode error at 097767b0: Unable to disassemble EXTERNAL block location: 097767b0  
2026-07-18 06:42:24 WARN  (DecompileCallback) Decompiling 097767b8, pcode error at 097767b8: Unable to disassemble EXTERNAL block location: 097767b8  
2026-07-18 06:42:24 WARN  (DecompileCallback) Decompiling 097767c0, pcode error at 097767c0: Unable to disassemble EXTERNAL block location: 097767c0  
2026-07-18 06:42:24 WARN  (DecompileCallback) Decompiling 097767c8, pcode error at 097767c8: Unable to disassemble EXTERNAL block location: 097767c8  
2026-07-18 06:42:24 WARN  (DecompileCallback) Decompiling 097767d0, pcode error at 097767d0: Unable to disassemble EXTERNAL block location: 097767d0  
2026-07-18 06:42:24 WARN  (DecompileCallback) Decompiling 097767d8, pcode error at 097767d8: Unable to disassemble EXTERNAL block location: 097767d8  
2026-07-18 06:42:24 WARN  (DecompileCallback) Decompiling 097767e0, pcode error at 097767e0: Unable to disassemble EXTERNAL block location: 097767e0  
2026-07-18 06:42:24 WARN  (DecompileCallback) Decompiling 097767e8, pcode error at 097767e8: Unable to disassemble EXTERNAL block location: 097767e8  
2026-07-18 06:42:24 WARN  (DecompileCallback) Decompiling 097767f0, pcode error at 097767f0: Unable to disassemble EXTERNAL block location: 097767f0  
2026-07-18 06:42:24 WARN  (DecompileCallback) Decompiling 097767f8, pcode error at 097767f8: Unable to disassemble EXTERNAL block location: 097767f8  
2026-07-18 06:42:24 WARN  (DecompileCallback) Decompiling 09776800, pcode error at 09776800: Unable to disassemble EXTERNAL block location: 09776800  
2026-07-18 06:42:24 WARN  (DecompileCallback) Decompiling 09776808, pcode error at 09776808: Unable to disassemble EXTERNAL block location: 09776808  
2026-07-18 06:42:24 WARN  (DecompileCallback) Decompiling 09776810, pcode error at 09776810: Unable to disassemble EXTERNAL block location: 09776810  
2026-07-18 06:42:24 WARN  (DecompileCallback) Decompiling 09776818, pcode error at 09776818: Unable to disassemble EXTERNAL block location: 09776818  
2026-07-18 06:42:24 WARN  (DecompileCallback) Decompiling 09776820, pcode error at 09776820: Unable to disassemble EXTERNAL block location: 09776820  
2026-07-18 06:42:24 WARN  (DecompileCallback) Decompiling 09776828, pcode error at 09776828: Unable to disassemble EXTERNAL block location: 09776828  
2026-07-18 06:42:24 WARN  (DecompileCallback) Decompiling 09776830, pcode error at 09776830: Unable to disassemble EXTERNAL block location: 09776830  
2026-07-18 06:42:24 WARN  (DecompileCallback) Decompiling 09776838, pcode error at 09776838: Unable to disassemble EXTERNAL block location: 09776838  
2026-07-18 06:42:24 WARN  (DecompileCallback) Decompiling 09776840, pcode error at 09776840: Unable to disassemble EXTERNAL block location: 09776840  
2026-07-18 06:42:24 WARN  (DecompileCallback) Decompiling 09776848, pcode error at 09776848: Unable to disassemble EXTERNAL block location: 09776848  
2026-07-18 06:42:24 WARN  (DecompileCallback) Decompiling 09776850, pcode error at 09776850: Unable to disassemble EXTERNAL block location: 09776850  
2026-07-18 06:42:24 WARN  (DecompileCallback) Decompiling 09776858, pcode error at 09776858: Unable to disassemble EXTERNAL block location: 09776858  
2026-07-18 06:42:24 WARN  (DecompileCallback) Decompiling 09776860, pcode error at 09776860: Unable to disassemble EXTERNAL block location: 09776860  
2026-07-18 06:42:24 WARN  (DecompileCallback) Decompiling 09776868, pcode error at 09776868: Unable to disassemble EXTERNAL block location: 09776868  
2026-07-18 06:42:24 WARN  (DecompileCallback) Decompiling 09776870, pcode error at 09776870: Unable to disassemble EXTERNAL block location: 09776870  
2026-07-18 06:42:24 WARN  (DecompileCallback) Decompiling 09776878, pcode error at 09776878: Unable to disassemble EXTERNAL block location: 09776878  
2026-07-18 06:42:24 WARN  (DecompileCallback) Decompiling 09776880, pcode error at 09776880: Unable to disassemble EXTERNAL block location: 09776880  
2026-07-18 06:42:24 WARN  (DecompileCallback) Decompiling 09776888, pcode error at 09776888: Unable to disassemble EXTERNAL block location: 09776888  
2026-07-18 06:42:24 WARN  (DecompileCallback) Decompiling 09776890, pcode error at 09776890: Unable to disassemble EXTERNAL block location: 09776890  
2026-07-18 06:42:24 WARN  (DecompileCallback) Decompiling 09776898, pcode error at 09776898: Unable to disassemble EXTERNAL block location: 09776898  
2026-07-18 06:42:24 WARN  (DecompileCallback) Decompiling 097768a0, pcode error at 097768a0: Unable to disassemble EXTERNAL block location: 097768a0  
2026-07-18 06:42:24 WARN  (DecompileCallback) Decompiling 097768b0, pcode error at 097768b0: Unable to disassemble EXTERNAL block location: 097768b0  
2026-07-18 06:42:24 WARN  (DecompileCallback) Decompiling 097768b8, pcode error at 097768b8: Unable to disassemble EXTERNAL block location: 097768b8  
2026-07-18 06:42:24 WARN  (DecompileCallback) Decompiling 097768c0, pcode error at 097768c0: Unable to disassemble EXTERNAL block location: 097768c0  
2026-07-18 06:42:24 WARN  (DecompileCallback) Decompiling 097768c8, pcode error at 097768c8: Unable to disassemble EXTERNAL block location: 097768c8  
2026-07-18 06:42:24 WARN  (DecompileCallback) Decompiling 097768d0, pcode error at 097768d0: Unable to disassemble EXTERNAL block location: 097768d0  
2026-07-18 06:42:24 WARN  (DecompileCallback) Decompiling 097768d8, pcode error at 097768d8: Unable to disassemble EXTERNAL block location: 097768d8  
2026-07-18 06:42:24 WARN  (DecompileCallback) Decompiling 097768e0, pcode error at 097768e0: Unable to disassemble EXTERNAL block location: 097768e0  
2026-07-18 06:42:24 WARN  (DecompileCallback) Decompiling 097768e8, pcode error at 097768e8: Unable to disassemble EXTERNAL block location: 097768e8  
2026-07-18 06:42:24 INFO  (GhidraScript) GeneralStructureEyePatternScan.java> General structure scan complete.  
2026-07-18 06:42:24 INFO  (GhidraScript) GeneralStructureEyePatternScan.java> Total functions scanned: 970343  
2026-07-18 06:42:24 INFO  (GhidraScript) GeneralStructureEyePatternScan.java> Exported functions: 1545  
2026-07-18 06:42:24 INFO  (GhidraScript) GeneralStructureEyePatternScan.java> Decompile failures: 2451  
2026-07-18 06:42:24 INFO  (GhidraScript) GeneralStructureEyePatternScan.java> Report CSV: C:\realDesktop\manifest-evaluations\summer-26\ghidra-pipeline\il2cpp-files\m3ar\general-structure-results\structure_scan_report.csv  
2026-07-18 06:42:24 INFO  (GhidraScript) GeneralStructureEyePatternScan.java> Report JSON: C:\realDesktop\manifest-evaluations\summer-26\ghidra-pipeline\il2cpp-files\m3ar\general-structure-results\structure_scan_report.json  
2026-07-18 06:42:24 INFO  (HeadlessAnalyzer) REPORT: Save succeeded for processed file: /m3ar-libil2cpp.so  
