2026-07-21 23:31:40 INFO  (LoggingInitialization) Using log config file: jar:file:/C:/Users/kimgiordano27/Downloads/ghidra_12.1.2_PUBLIC_20260605/ghidra_12.1.2_PUBLIC/Ghidra/Framework/Generic/lib/Generic.jar!/generic.log4j.xml  
2026-07-21 23:31:40 INFO  (LoggingInitialization) Using log file: C:\realDesktop\manifest-evaluations\summer-26\ghidra-pipeline\il2cpp-files\StretchPunch\general-structure-ghidra.log  
2026-07-21 23:31:40 DEBUG (GhidraObjectInputFilter) Including serial input filter: FileSystem/data/client.rmi.serial.filter  
2026-07-21 23:31:40 INFO  (Preferences) Loading user preferences: C:\Users\kimgiordano27\AppData\Roaming\ghidra\ghidra_12.1.2_PUBLIC\preferences  
2026-07-21 23:31:40 INFO  (ClassSearcher) Searching for classes...  
2026-07-21 23:31:41 INFO  (ClassSearcher) Class search complete (657 ms)  
2026-07-21 23:31:41 INFO  (DefaultSSLContextInitializer) Initializing SSL Context  
2026-07-21 23:31:41 INFO  (SecureRandomFactory) Initializing Random Number Generator...  
2026-07-21 23:31:41 INFO  (SecureRandomFactory) Random Number Generator initialization complete: SHA1PRNG  
2026-07-21 23:31:41 INFO  (DefaultTrustManagerFactory) Trust manager disabled, cacerts have not been set  
2026-07-21 23:31:41 INFO  (AnalyzeHeadless) Headless startup complete (5925 ms)  
2026-07-21 23:31:41 INFO  (ClassSearcher) Class searcher loaded 59 extension points (20 false positives)  
2026-07-21 23:31:41 INFO  (HeadlessAnalyzer) HEADLESS Script Paths:
    C:\Users\kimgiordano27\Downloads\ghidra_12.1.2_PUBLIC_20260605\ghidra_12.1.2_PUBLIC\Ghidra\Features\DecompilerDependent\ghidra_scripts
    C:\Users\kimgiordano27\Downloads\ghidra_12.1.2_PUBLIC_20260605\ghidra_12.1.2_PUBLIC\Ghidra\Processors\Atmel\ghidra_scripts
    C:\Users\kimgiordano27\Downloads\ghidra_12.1.2_PUBLIC_20260605\ghidra_12.1.2_PUBLIC\Ghidra\Processors\PIC\ghidra_scripts
    C:\Users\kimgiordano27\Downloads\ghidra_12.1.2_PUBLIC_20260605\ghidra_12.1.2_PUBLIC\Ghidra\Features\VersionTracking\ghidra_scripts
    C:\Users\kimgiordano27\Downloads\ghidra_12.1.2_PUBLIC_20260605\ghidra_12.1.2_PUBLIC\Ghidra\Features\BytePatterns\ghidra_scripts
    C:\Users\kimgiordano27\ghidra_scripts
    C:\Users\kimgiordano27\Downloads\ghidra_12.1.2_PUBLIC_20260605\ghidra_12.1.2_PUBLIC\Ghidra\Features\BSim\ghidra_scripts
    C:\realDesktop\manifest-evaluations\summer-26\ghidra-pipeline\ghidra-export-scripts
    C:\Users\kimgiordano27\Downloads\ghidra_12.1.2_PUBLIC_20260605\ghidra_12.1.2_PUBLIC\Ghidra\Processors\JVM\ghidra_scripts
    C:\Users\kimgiordano27\Downloads\ghidra_12.1.2_PUBLIC_20260605\ghidra_12.1.2_PUBLIC\Ghidra\Features\Base\ghidra_scripts
    C:\Users\kimgiordano27\Downloads\ghidra_12.1.2_PUBLIC_20260605\ghidra_12.1.2_PUBLIC\Ghidra\Features\SwiftDemangler\ghidra_scripts
    C:\Users\kimgiordano27\Downloads\ghidra_12.1.2_PUBLIC_20260605\ghidra_12.1.2_PUBLIC\Ghidra\Features\WildcardAssembler\ghidra_scripts
    C:\Users\kimgiordano27\Downloads\ghidra_12.1.2_PUBLIC_20260605\ghidra_12.1.2_PUBLIC\Ghidra\Features\FileFormats\ghidra_scripts
    C:\Users\kimgiordano27\Downloads\ghidra_12.1.2_PUBLIC_20260605\ghidra_12.1.2_PUBLIC\Ghidra\Features\Decompiler\ghidra_scripts
    C:\Users\kimgiordano27\Downloads\ghidra_12.1.2_PUBLIC_20260605\ghidra_12.1.2_PUBLIC\Ghidra\Features\SystemEmulation\ghidra_scripts
    C:\Users\kimgiordano27\Downloads\ghidra_12.1.2_PUBLIC_20260605\ghidra_12.1.2_PUBLIC\Ghidra\Processors\8051\ghidra_scripts
    C:\Users\kimgiordano27\Downloads\ghidra_12.1.2_PUBLIC_20260605\ghidra_12.1.2_PUBLIC\Ghidra\Features\GnuDemangler\ghidra_scripts
    C:\Users\kimgiordano27\Downloads\ghidra_12.1.2_PUBLIC_20260605\ghidra_12.1.2_PUBLIC\Ghidra\Debug\Debugger\ghidra_scripts
    C:\Users\kimgiordano27\Downloads\ghidra_12.1.2_PUBLIC_20260605\ghidra_12.1.2_PUBLIC\Ghidra\Processors\DATA\ghidra_scripts
    C:\Users\kimgiordano27\Downloads\ghidra_12.1.2_PUBLIC_20260605\ghidra_12.1.2_PUBLIC\Ghidra\Debug\Debugger-rmi-trace\ghidra_scripts
    C:\Users\kimgiordano27\Downloads\ghidra_12.1.2_PUBLIC_20260605\ghidra_12.1.2_PUBLIC\Ghidra\Features\FunctionID\ghidra_scripts
    C:\Users\kimgiordano27\Downloads\ghidra_12.1.2_PUBLIC_20260605\ghidra_12.1.2_PUBLIC\Ghidra\Features\MicrosoftCodeAnalyzer\ghidra_scripts
    C:\Users\kimgiordano27\Downloads\ghidra_12.1.2_PUBLIC_20260605\ghidra_12.1.2_PUBLIC\Ghidra\Features\PDB\ghidra_scripts
    C:\Users\kimgiordano27\AppData\Roaming\ghidra\ghidra_12.1.2_PUBLIC\Extensions\Jython\ghidra_scripts
    C:\Users\kimgiordano27\Downloads\ghidra_12.1.2_PUBLIC_20260605\ghidra_12.1.2_PUBLIC\Ghidra\Features\PyGhidra\ghidra_scripts  
2026-07-21 23:31:41 INFO  (HeadlessAnalyzer) HEADLESS: execution starts  
2026-07-21 23:31:41 INFO  (HeadlessAnalyzer) Opening existing project: C:\realDesktop\manifest-evaluations\summer-26\ghidra-pipeline\il2cpp-files\StretchPunch\ghidra-project-StretchPunch\StretchPunch  
2026-07-21 23:31:42 INFO  (HeadlessProject) Opening project: C:\realDesktop\manifest-evaluations\summer-26\ghidra-pipeline\il2cpp-files\StretchPunch\ghidra-project-StretchPunch\StretchPunch  
2026-07-21 23:31:42 INFO  (LocalFileSystem) /StretchPunch-libil2cpp.so: checkout (2) granted (kimgiordano27)  
2026-07-21 23:31:45 INFO  (HeadlessAnalyzer) REPORT: Processing project file: /StretchPunch-libil2cpp.so  
2026-07-21 23:31:46 INFO  (HeadlessAnalyzer) REPORT: Execute script: GeneralStructureEyePatternScan.java 'C:\realDesktop\manifest-evaluations\summer-26\ghidra-pipeline\il2cpp-files\StretchPunch\general-structure-results' '70' 'false'   
2026-07-21 23:31:46 INFO  (HeadlessAnalyzer) SCRIPT: C:\realDesktop\manifest-evaluations\summer-26\ghidra-pipeline\ghidra-export-scripts\GeneralStructureEyePatternScan.java  
2026-07-21 23:31:46 INFO  (GhidraScript) GeneralStructureEyePatternScan.java> General structure scan starting...  
2026-07-21 23:31:46 INFO  (GhidraScript) GeneralStructureEyePatternScan.java> Output: C:\realDesktop\manifest-evaluations\summer-26\ghidra-pipeline\il2cpp-files\StretchPunch\general-structure-results  
2026-07-21 23:31:46 INFO  (GhidraScript) GeneralStructureEyePatternScan.java> Minimum review score: 70  
2026-07-21 23:31:46 INFO  (GhidraScript) GeneralStructureEyePatternScan.java> Export all: false  
2026-07-21 23:32:01 INFO  (GhidraScript) GeneralStructureEyePatternScan.java> Scanned 10000 functions. Exported so far: 0  
2026-07-21 23:32:17 INFO  (GhidraScript) GeneralStructureEyePatternScan.java> Scanned 20000 functions. Exported so far: 0  
2026-07-21 23:32:32 INFO  (GhidraScript) GeneralStructureEyePatternScan.java> Scanned 30000 functions. Exported so far: 0  
2026-07-21 23:32:55 INFO  (GhidraScript) GeneralStructureEyePatternScan.java> Scanned 40000 functions. Exported so far: 0  
2026-07-21 23:33:14 INFO  (GhidraScript) GeneralStructureEyePatternScan.java> Scanned 50000 functions. Exported so far: 0  
2026-07-21 23:33:35 INFO  (GhidraScript) GeneralStructureEyePatternScan.java> Scanned 60000 functions. Exported so far: 0  
2026-07-21 23:33:57 INFO  (GhidraScript) GeneralStructureEyePatternScan.java> Scanned 70000 functions. Exported so far: 0  
2026-07-21 23:34:13 INFO  (GhidraScript) GeneralStructureEyePatternScan.java> Scanned 80000 functions. Exported so far: 1  
2026-07-21 23:36:30 INFO  (GhidraScript) GeneralStructureEyePatternScan.java> Scanned 90000 functions. Exported so far: 1  
2026-07-21 23:38:45 INFO  (GhidraScript) GeneralStructureEyePatternScan.java> Scanned 100000 functions. Exported so far: 65  
2026-07-21 23:40:04 INFO  (GhidraScript) GeneralStructureEyePatternScan.java> Scanned 110000 functions. Exported so far: 73  
2026-07-21 23:41:49 INFO  (GhidraScript) GeneralStructureEyePatternScan.java> Scanned 120000 functions. Exported so far: 129  
2026-07-21 23:42:57 INFO  (GhidraScript) GeneralStructureEyePatternScan.java> Scanned 130000 functions. Exported so far: 143  
2026-07-21 23:43:57 INFO  (GhidraScript) GeneralStructureEyePatternScan.java> Scanned 140000 functions. Exported so far: 151  
2026-07-21 23:45:12 INFO  (GhidraScript) GeneralStructureEyePatternScan.java> Scanned 150000 functions. Exported so far: 330  
2026-07-21 23:46:03 INFO  (GhidraScript) GeneralStructureEyePatternScan.java> Scanned 160000 functions. Exported so far: 361  
2026-07-21 23:47:24 INFO  (GhidraScript) GeneralStructureEyePatternScan.java> Scanned 170000 functions. Exported so far: 395  
2026-07-21 23:48:29 INFO  (GhidraScript) GeneralStructureEyePatternScan.java> Scanned 180000 functions. Exported so far: 522  
2026-07-21 23:49:35 INFO  (GhidraScript) GeneralStructureEyePatternScan.java> Scanned 190000 functions. Exported so far: 662  
2026-07-21 23:50:50 INFO  (GhidraScript) GeneralStructureEyePatternScan.java> Scanned 200000 functions. Exported so far: 700  
2026-07-21 23:53:15 INFO  (GhidraScript) GeneralStructureEyePatternScan.java> Scanned 210000 functions. Exported so far: 706  
2026-07-21 23:55:07 INFO  (GhidraScript) GeneralStructureEyePatternScan.java> Scanned 220000 functions. Exported so far: 708  
2026-07-21 23:56:40 INFO  (GhidraScript) GeneralStructureEyePatternScan.java> Scanned 230000 functions. Exported so far: 746  
2026-07-21 23:58:14 INFO  (GhidraScript) GeneralStructureEyePatternScan.java> Scanned 240000 functions. Exported so far: 902  
2026-07-21 23:58:47 INFO  (GhidraScript) GeneralStructureEyePatternScan.java> Scanned 250000 functions. Exported so far: 903  
2026-07-21 23:59:41 INFO  (GhidraScript) GeneralStructureEyePatternScan.java> Scanned 260000 functions. Exported so far: 903  
2026-07-22 00:01:47 INFO  (GhidraScript) GeneralStructureEyePatternScan.java> Scanned 270000 functions. Exported so far: 903  
2026-07-22 00:03:17 INFO  (GhidraScript) GeneralStructureEyePatternScan.java> Scanned 280000 functions. Exported so far: 969  
2026-07-22 00:04:14 INFO  (GhidraScript) GeneralStructureEyePatternScan.java> Scanned 290000 functions. Exported so far: 975  
2026-07-22 00:05:01 INFO  (GhidraScript) GeneralStructureEyePatternScan.java> Scanned 300000 functions. Exported so far: 979  
2026-07-22 00:06:03 INFO  (GhidraScript) GeneralStructureEyePatternScan.java> Scanned 310000 functions. Exported so far: 1088  
2026-07-22 00:07:10 INFO  (GhidraScript) GeneralStructureEyePatternScan.java> Scanned 320000 functions. Exported so far: 1092  
2026-07-22 00:08:51 INFO  (GhidraScript) GeneralStructureEyePatternScan.java> Scanned 330000 functions. Exported so far: 1104  
2026-07-22 01:02:19 INFO  (GhidraScript) GeneralStructureEyePatternScan.java> Scanned 340000 functions. Exported so far: 1677  
2026-07-22 01:07:43 INFO  (GhidraScript) GeneralStructureEyePatternScan.java> Scanned 350000 functions. Exported so far: 1703  
2026-07-22 01:09:55 INFO  (GhidraScript) GeneralStructureEyePatternScan.java> Scanned 360000 functions. Exported so far: 1706  
2026-07-22 01:15:22 INFO  (GhidraScript) GeneralStructureEyePatternScan.java> Scanned 370000 functions. Exported so far: 1710  
2026-07-22 01:22:03 INFO  (GhidraScript) GeneralStructureEyePatternScan.java> Scanned 380000 functions. Exported so far: 1710  
2026-07-22 01:23:26 INFO  (GhidraScript) GeneralStructureEyePatternScan.java> Scanned 390000 functions. Exported so far: 1711  
2026-07-22 01:24:55 INFO  (GhidraScript) GeneralStructureEyePatternScan.java> Scanned 400000 functions. Exported so far: 1711  
2026-07-22 01:57:27 INFO  (GhidraScript) GeneralStructureEyePatternScan.java> Scanned 410000 functions. Exported so far: 1712  
2026-07-22 03:17:29 INFO  (GhidraScript) GeneralStructureEyePatternScan.java> Scanned 420000 functions. Exported so far: 1781  
2026-07-22 03:24:12 INFO  (GhidraScript) GeneralStructureEyePatternScan.java> Scanned 430000 functions. Exported so far: 1795  
2026-07-22 03:25:27 INFO  (GhidraScript) GeneralStructureEyePatternScan.java> Scanned 440000 functions. Exported so far: 1817  
2026-07-22 03:27:06 INFO  (GhidraScript) GeneralStructureEyePatternScan.java> Scanned 450000 functions. Exported so far: 1818  
2026-07-22 03:31:45 INFO  (GhidraScript) GeneralStructureEyePatternScan.java> Scanned 460000 functions. Exported so far: 1826  
2026-07-22 03:45:53 INFO  (GhidraScript) GeneralStructureEyePatternScan.java> Scanned 470000 functions. Exported so far: 1832  
2026-07-22 03:46:43 WARN  (DecompileCallback) Decompiling 046cb000, pcode error at 046cb000: Unable to disassemble EXTERNAL block location: 046cb000  
2026-07-22 03:46:43 WARN  (DecompileCallback) Decompiling 046cb008, pcode error at 046cb008: Unable to disassemble EXTERNAL block location: 046cb008  
2026-07-22 03:46:43 WARN  (DecompileCallback) Decompiling 046cb010, pcode error at 046cb010: Unable to disassemble EXTERNAL block location: 046cb010  
2026-07-22 03:46:43 WARN  (DecompileCallback) Decompiling 046cb018, pcode error at 046cb018: Unable to disassemble EXTERNAL block location: 046cb018  
2026-07-22 03:46:43 WARN  (DecompileCallback) Decompiling 046cb020, pcode error at 046cb020: Unable to disassemble EXTERNAL block location: 046cb020  
2026-07-22 03:46:43 WARN  (DecompileCallback) Decompiling 046cb028, pcode error at 046cb028: Unable to disassemble EXTERNAL block location: 046cb028  
2026-07-22 03:46:43 WARN  (DecompileCallback) Decompiling 046cb030, pcode error at 046cb030: Unable to disassemble EXTERNAL block location: 046cb030  
2026-07-22 03:46:43 WARN  (DecompileCallback) Decompiling 046cb038, pcode error at 046cb038: Unable to disassemble EXTERNAL block location: 046cb038  
2026-07-22 03:46:43 WARN  (DecompileCallback) Decompiling 046cb040, pcode error at 046cb040: Unable to disassemble EXTERNAL block location: 046cb040  
2026-07-22 03:46:43 WARN  (DecompileCallback) Decompiling 046cb048, pcode error at 046cb048: Unable to disassemble EXTERNAL block location: 046cb048  
2026-07-22 03:46:43 WARN  (DecompileCallback) Decompiling 046cb050, pcode error at 046cb050: Unable to disassemble EXTERNAL block location: 046cb050  
2026-07-22 03:46:43 WARN  (DecompileCallback) Decompiling 046cb058, pcode error at 046cb058: Unable to disassemble EXTERNAL block location: 046cb058  
2026-07-22 03:46:43 WARN  (DecompileCallback) Decompiling 046cb060, pcode error at 046cb060: Unable to disassemble EXTERNAL block location: 046cb060  
2026-07-22 03:46:43 WARN  (DecompileCallback) Decompiling 046cb068, pcode error at 046cb068: Unable to disassemble EXTERNAL block location: 046cb068  
2026-07-22 03:46:43 WARN  (DecompileCallback) Decompiling 046cb070, pcode error at 046cb070: Unable to disassemble EXTERNAL block location: 046cb070  
2026-07-22 03:46:43 WARN  (DecompileCallback) Decompiling 046cb078, pcode error at 046cb078: Unable to disassemble EXTERNAL block location: 046cb078  
2026-07-22 03:46:43 WARN  (DecompileCallback) Decompiling 046cb080, pcode error at 046cb080: Unable to disassemble EXTERNAL block location: 046cb080  
2026-07-22 03:46:43 WARN  (DecompileCallback) Decompiling 046cb088, pcode error at 046cb088: Unable to disassemble EXTERNAL block location: 046cb088  
2026-07-22 03:46:43 WARN  (DecompileCallback) Decompiling 046cb090, pcode error at 046cb090: Unable to disassemble EXTERNAL block location: 046cb090  
2026-07-22 03:46:43 WARN  (DecompileCallback) Decompiling 046cb098, pcode error at 046cb098: Unable to disassemble EXTERNAL block location: 046cb098  
2026-07-22 03:46:43 WARN  (DecompileCallback) Decompiling 046cb0a0, pcode error at 046cb0a0: Unable to disassemble EXTERNAL block location: 046cb0a0  
2026-07-22 03:46:43 WARN  (DecompileCallback) Decompiling 046cb0a8, pcode error at 046cb0a8: Unable to disassemble EXTERNAL block location: 046cb0a8  
2026-07-22 03:46:43 WARN  (DecompileCallback) Decompiling 046cb0b0, pcode error at 046cb0b0: Unable to disassemble EXTERNAL block location: 046cb0b0  
2026-07-22 03:46:43 WARN  (DecompileCallback) Decompiling 046cb0b8, pcode error at 046cb0b8: Unable to disassemble EXTERNAL block location: 046cb0b8  
2026-07-22 03:46:43 WARN  (DecompileCallback) Decompiling 046cb0c0, pcode error at 046cb0c0: Unable to disassemble EXTERNAL block location: 046cb0c0  
2026-07-22 03:46:43 WARN  (DecompileCallback) Decompiling 046cb0c8, pcode error at 046cb0c8: Unable to disassemble EXTERNAL block location: 046cb0c8  
2026-07-22 03:46:43 WARN  (DecompileCallback) Decompiling 046cb0d0, pcode error at 046cb0d0: Unable to disassemble EXTERNAL block location: 046cb0d0  
2026-07-22 03:46:43 WARN  (DecompileCallback) Decompiling 046cb0d8, pcode error at 046cb0d8: Unable to disassemble EXTERNAL block location: 046cb0d8  
2026-07-22 03:46:43 WARN  (DecompileCallback) Decompiling 046cb0e0, pcode error at 046cb0e0: Unable to disassemble EXTERNAL block location: 046cb0e0  
2026-07-22 03:46:43 WARN  (DecompileCallback) Decompiling 046cb0e8, pcode error at 046cb0e8: Unable to disassemble EXTERNAL block location: 046cb0e8  
2026-07-22 03:46:43 WARN  (DecompileCallback) Decompiling 046cb0f0, pcode error at 046cb0f0: Unable to disassemble EXTERNAL block location: 046cb0f0  
2026-07-22 03:46:43 WARN  (DecompileCallback) Decompiling 046cb0f8, pcode error at 046cb0f8: Unable to disassemble EXTERNAL block location: 046cb0f8  
2026-07-22 03:46:43 WARN  (DecompileCallback) Decompiling 046cb100, pcode error at 046cb100: Unable to disassemble EXTERNAL block location: 046cb100  
2026-07-22 03:46:43 WARN  (DecompileCallback) Decompiling 046cb108, pcode error at 046cb108: Unable to disassemble EXTERNAL block location: 046cb108  
2026-07-22 03:46:43 WARN  (DecompileCallback) Decompiling 046cb110, pcode error at 046cb110: Unable to disassemble EXTERNAL block location: 046cb110  
2026-07-22 03:46:43 WARN  (DecompileCallback) Decompiling 046cb118, pcode error at 046cb118: Unable to disassemble EXTERNAL block location: 046cb118  
2026-07-22 03:46:43 WARN  (DecompileCallback) Decompiling 046cb120, pcode error at 046cb120: Unable to disassemble EXTERNAL block location: 046cb120  
2026-07-22 03:46:43 WARN  (DecompileCallback) Decompiling 046cb128, pcode error at 046cb128: Unable to disassemble EXTERNAL block location: 046cb128  
2026-07-22 03:46:43 WARN  (DecompileCallback) Decompiling 046cb130, pcode error at 046cb130: Unable to disassemble EXTERNAL block location: 046cb130  
2026-07-22 03:46:43 WARN  (DecompileCallback) Decompiling 046cb138, pcode error at 046cb138: Unable to disassemble EXTERNAL block location: 046cb138  
2026-07-22 03:46:43 WARN  (DecompileCallback) Decompiling 046cb140, pcode error at 046cb140: Unable to disassemble EXTERNAL block location: 046cb140  
2026-07-22 03:46:43 WARN  (DecompileCallback) Decompiling 046cb148, pcode error at 046cb148: Unable to disassemble EXTERNAL block location: 046cb148  
2026-07-22 03:46:43 WARN  (DecompileCallback) Decompiling 046cb150, pcode error at 046cb150: Unable to disassemble EXTERNAL block location: 046cb150  
2026-07-22 03:46:43 WARN  (DecompileCallback) Decompiling 046cb158, pcode error at 046cb158: Unable to disassemble EXTERNAL block location: 046cb158  
2026-07-22 03:46:43 WARN  (DecompileCallback) Decompiling 046cb160, pcode error at 046cb160: Unable to disassemble EXTERNAL block location: 046cb160  
2026-07-22 03:46:43 WARN  (DecompileCallback) Decompiling 046cb168, pcode error at 046cb168: Unable to disassemble EXTERNAL block location: 046cb168  
2026-07-22 03:46:43 WARN  (DecompileCallback) Decompiling 046cb170, pcode error at 046cb170: Unable to disassemble EXTERNAL block location: 046cb170  
2026-07-22 03:46:43 WARN  (DecompileCallback) Decompiling 046cb178, pcode error at 046cb178: Unable to disassemble EXTERNAL block location: 046cb178  
2026-07-22 03:46:43 WARN  (DecompileCallback) Decompiling 046cb180, pcode error at 046cb180: Unable to disassemble EXTERNAL block location: 046cb180  
2026-07-22 03:46:43 WARN  (DecompileCallback) Decompiling 046cb188, pcode error at 046cb188: Unable to disassemble EXTERNAL block location: 046cb188  
2026-07-22 03:46:43 WARN  (DecompileCallback) Decompiling 046cb190, pcode error at 046cb190: Unable to disassemble EXTERNAL block location: 046cb190  
2026-07-22 03:46:43 WARN  (DecompileCallback) Decompiling 046cb198, pcode error at 046cb198: Unable to disassemble EXTERNAL block location: 046cb198  
2026-07-22 03:46:43 WARN  (DecompileCallback) Decompiling 046cb1a0, pcode error at 046cb1a0: Unable to disassemble EXTERNAL block location: 046cb1a0  
2026-07-22 03:46:43 WARN  (DecompileCallback) Decompiling 046cb1a8, pcode error at 046cb1a8: Unable to disassemble EXTERNAL block location: 046cb1a8  
2026-07-22 03:46:43 WARN  (DecompileCallback) Decompiling 046cb1b0, pcode error at 046cb1b0: Unable to disassemble EXTERNAL block location: 046cb1b0  
2026-07-22 03:46:43 WARN  (DecompileCallback) Decompiling 046cb1b8, pcode error at 046cb1b8: Unable to disassemble EXTERNAL block location: 046cb1b8  
2026-07-22 03:46:43 WARN  (DecompileCallback) Decompiling 046cb1c0, pcode error at 046cb1c0: Unable to disassemble EXTERNAL block location: 046cb1c0  
2026-07-22 03:46:43 WARN  (DecompileCallback) Decompiling 046cb1c8, pcode error at 046cb1c8: Unable to disassemble EXTERNAL block location: 046cb1c8  
2026-07-22 03:46:43 WARN  (DecompileCallback) Decompiling 046cb1d0, pcode error at 046cb1d0: Unable to disassemble EXTERNAL block location: 046cb1d0  
2026-07-22 03:46:43 WARN  (DecompileCallback) Decompiling 046cb1d8, pcode error at 046cb1d8: Unable to disassemble EXTERNAL block location: 046cb1d8  
2026-07-22 03:46:43 WARN  (DecompileCallback) Decompiling 046cb1e0, pcode error at 046cb1e0: Unable to disassemble EXTERNAL block location: 046cb1e0  
2026-07-22 03:46:43 WARN  (DecompileCallback) Decompiling 046cb1e8, pcode error at 046cb1e8: Unable to disassemble EXTERNAL block location: 046cb1e8  
2026-07-22 03:46:43 WARN  (DecompileCallback) Decompiling 046cb1f0, pcode error at 046cb1f0: Unable to disassemble EXTERNAL block location: 046cb1f0  
2026-07-22 03:46:43 WARN  (DecompileCallback) Decompiling 046cb1f8, pcode error at 046cb1f8: Unable to disassemble EXTERNAL block location: 046cb1f8  
2026-07-22 03:46:43 WARN  (DecompileCallback) Decompiling 046cb200, pcode error at 046cb200: Unable to disassemble EXTERNAL block location: 046cb200  
2026-07-22 03:46:43 WARN  (DecompileCallback) Decompiling 046cb208, pcode error at 046cb208: Unable to disassemble EXTERNAL block location: 046cb208  
2026-07-22 03:46:43 WARN  (DecompileCallback) Decompiling 046cb210, pcode error at 046cb210: Unable to disassemble EXTERNAL block location: 046cb210  
2026-07-22 03:46:43 WARN  (DecompileCallback) Decompiling 046cb218, pcode error at 046cb218: Unable to disassemble EXTERNAL block location: 046cb218  
2026-07-22 03:46:43 WARN  (DecompileCallback) Decompiling 046cb220, pcode error at 046cb220: Unable to disassemble EXTERNAL block location: 046cb220  
2026-07-22 03:46:43 WARN  (DecompileCallback) Decompiling 046cb228, pcode error at 046cb228: Unable to disassemble EXTERNAL block location: 046cb228  
2026-07-22 03:46:43 WARN  (DecompileCallback) Decompiling 046cb230, pcode error at 046cb230: Unable to disassemble EXTERNAL block location: 046cb230  
2026-07-22 03:46:43 WARN  (DecompileCallback) Decompiling 046cb238, pcode error at 046cb238: Unable to disassemble EXTERNAL block location: 046cb238  
2026-07-22 03:46:43 WARN  (DecompileCallback) Decompiling 046cb240, pcode error at 046cb240: Unable to disassemble EXTERNAL block location: 046cb240  
2026-07-22 03:46:43 WARN  (DecompileCallback) Decompiling 046cb248, pcode error at 046cb248: Unable to disassemble EXTERNAL block location: 046cb248  
2026-07-22 03:46:43 WARN  (DecompileCallback) Decompiling 046cb250, pcode error at 046cb250: Unable to disassemble EXTERNAL block location: 046cb250  
2026-07-22 03:46:43 WARN  (DecompileCallback) Decompiling 046cb258, pcode error at 046cb258: Unable to disassemble EXTERNAL block location: 046cb258  
2026-07-22 03:46:43 WARN  (DecompileCallback) Decompiling 046cb260, pcode error at 046cb260: Unable to disassemble EXTERNAL block location: 046cb260  
2026-07-22 03:46:43 WARN  (DecompileCallback) Decompiling 046cb268, pcode error at 046cb268: Unable to disassemble EXTERNAL block location: 046cb268  
2026-07-22 03:46:43 WARN  (DecompileCallback) Decompiling 046cb270, pcode error at 046cb270: Unable to disassemble EXTERNAL block location: 046cb270  
2026-07-22 03:46:43 WARN  (DecompileCallback) Decompiling 046cb280, pcode error at 046cb280: Unable to disassemble EXTERNAL block location: 046cb280  
2026-07-22 03:46:43 WARN  (DecompileCallback) Decompiling 046cb288, pcode error at 046cb288: Unable to disassemble EXTERNAL block location: 046cb288  
2026-07-22 03:46:43 WARN  (DecompileCallback) Decompiling 046cb290, pcode error at 046cb290: Unable to disassemble EXTERNAL block location: 046cb290  
2026-07-22 03:46:43 WARN  (DecompileCallback) Decompiling 046cb298, pcode error at 046cb298: Unable to disassemble EXTERNAL block location: 046cb298  
2026-07-22 03:46:43 WARN  (DecompileCallback) Decompiling 046cb2a0, pcode error at 046cb2a0: Unable to disassemble EXTERNAL block location: 046cb2a0  
2026-07-22 03:46:43 WARN  (DecompileCallback) Decompiling 046cb2a8, pcode error at 046cb2a8: Unable to disassemble EXTERNAL block location: 046cb2a8  
2026-07-22 03:46:43 WARN  (DecompileCallback) Decompiling 046cb2b0, pcode error at 046cb2b0: Unable to disassemble EXTERNAL block location: 046cb2b0  
2026-07-22 03:46:43 WARN  (DecompileCallback) Decompiling 046cb2b8, pcode error at 046cb2b8: Unable to disassemble EXTERNAL block location: 046cb2b8  
2026-07-22 03:46:43 WARN  (DecompileCallback) Decompiling 046cb2c0, pcode error at 046cb2c0: Unable to disassemble EXTERNAL block location: 046cb2c0  
2026-07-22 03:46:43 WARN  (DecompileCallback) Decompiling 046cb2c8, pcode error at 046cb2c8: Unable to disassemble EXTERNAL block location: 046cb2c8  
2026-07-22 03:46:43 WARN  (DecompileCallback) Decompiling 046cb2d0, pcode error at 046cb2d0: Unable to disassemble EXTERNAL block location: 046cb2d0  
2026-07-22 03:46:43 WARN  (DecompileCallback) Decompiling 046cb2d8, pcode error at 046cb2d8: Unable to disassemble EXTERNAL block location: 046cb2d8  
2026-07-22 03:46:43 WARN  (DecompileCallback) Decompiling 046cb2e0, pcode error at 046cb2e0: Unable to disassemble EXTERNAL block location: 046cb2e0  
2026-07-22 03:46:43 WARN  (DecompileCallback) Decompiling 046cb2e8, pcode error at 046cb2e8: Unable to disassemble EXTERNAL block location: 046cb2e8  
2026-07-22 03:46:43 WARN  (DecompileCallback) Decompiling 046cb2f0, pcode error at 046cb2f0: Unable to disassemble EXTERNAL block location: 046cb2f0  
2026-07-22 03:46:43 WARN  (DecompileCallback) Decompiling 046cb2f8, pcode error at 046cb2f8: Unable to disassemble EXTERNAL block location: 046cb2f8  
2026-07-22 03:46:43 WARN  (DecompileCallback) Decompiling 046cb300, pcode error at 046cb300: Unable to disassemble EXTERNAL block location: 046cb300  
2026-07-22 03:46:43 WARN  (DecompileCallback) Decompiling 046cb308, pcode error at 046cb308: Unable to disassemble EXTERNAL block location: 046cb308  
2026-07-22 03:46:43 WARN  (DecompileCallback) Decompiling 046cb310, pcode error at 046cb310: Unable to disassemble EXTERNAL block location: 046cb310  
2026-07-22 03:46:43 WARN  (DecompileCallback) Decompiling 046cb318, pcode error at 046cb318: Unable to disassemble EXTERNAL block location: 046cb318  
2026-07-22 03:46:43 WARN  (DecompileCallback) Decompiling 046cb320, pcode error at 046cb320: Unable to disassemble EXTERNAL block location: 046cb320  
2026-07-22 03:46:43 WARN  (DecompileCallback) Decompiling 046cb328, pcode error at 046cb328: Unable to disassemble EXTERNAL block location: 046cb328  
2026-07-22 03:46:43 WARN  (DecompileCallback) Decompiling 046cb330, pcode error at 046cb330: Unable to disassemble EXTERNAL block location: 046cb330  
2026-07-22 03:46:43 WARN  (DecompileCallback) Decompiling 046cb338, pcode error at 046cb338: Unable to disassemble EXTERNAL block location: 046cb338  
2026-07-22 03:46:43 WARN  (DecompileCallback) Decompiling 046cb340, pcode error at 046cb340: Unable to disassemble EXTERNAL block location: 046cb340  
2026-07-22 03:46:43 WARN  (DecompileCallback) Decompiling 046cb348, pcode error at 046cb348: Unable to disassemble EXTERNAL block location: 046cb348  
2026-07-22 03:46:43 WARN  (DecompileCallback) Decompiling 046cb350, pcode error at 046cb350: Unable to disassemble EXTERNAL block location: 046cb350  
2026-07-22 03:46:43 WARN  (DecompileCallback) Decompiling 046cb358, pcode error at 046cb358: Unable to disassemble EXTERNAL block location: 046cb358  
2026-07-22 03:46:43 WARN  (DecompileCallback) Decompiling 046cb360, pcode error at 046cb360: Unable to disassemble EXTERNAL block location: 046cb360  
2026-07-22 03:46:43 WARN  (DecompileCallback) Decompiling 046cb368, pcode error at 046cb368: Unable to disassemble EXTERNAL block location: 046cb368  
2026-07-22 03:46:43 WARN  (DecompileCallback) Decompiling 046cb370, pcode error at 046cb370: Unable to disassemble EXTERNAL block location: 046cb370  
2026-07-22 03:46:43 WARN  (DecompileCallback) Decompiling 046cb378, pcode error at 046cb378: Unable to disassemble EXTERNAL block location: 046cb378  
2026-07-22 03:46:43 WARN  (DecompileCallback) Decompiling 046cb380, pcode error at 046cb380: Unable to disassemble EXTERNAL block location: 046cb380  
2026-07-22 03:46:43 WARN  (DecompileCallback) Decompiling 046cb388, pcode error at 046cb388: Unable to disassemble EXTERNAL block location: 046cb388  
2026-07-22 03:46:43 WARN  (DecompileCallback) Decompiling 046cb390, pcode error at 046cb390: Unable to disassemble EXTERNAL block location: 046cb390  
2026-07-22 03:46:43 WARN  (DecompileCallback) Decompiling 046cb398, pcode error at 046cb398: Unable to disassemble EXTERNAL block location: 046cb398  
2026-07-22 03:46:43 WARN  (DecompileCallback) Decompiling 046cb3a0, pcode error at 046cb3a0: Unable to disassemble EXTERNAL block location: 046cb3a0  
2026-07-22 03:46:43 WARN  (DecompileCallback) Decompiling 046cb3a8, pcode error at 046cb3a8: Unable to disassemble EXTERNAL block location: 046cb3a8  
2026-07-22 03:46:43 WARN  (DecompileCallback) Decompiling 046cb3b0, pcode error at 046cb3b0: Unable to disassemble EXTERNAL block location: 046cb3b0  
2026-07-22 03:46:43 WARN  (DecompileCallback) Decompiling 046cb3b8, pcode error at 046cb3b8: Unable to disassemble EXTERNAL block location: 046cb3b8  
2026-07-22 03:46:43 WARN  (DecompileCallback) Decompiling 046cb3c0, pcode error at 046cb3c0: Unable to disassemble EXTERNAL block location: 046cb3c0  
2026-07-22 03:46:43 WARN  (DecompileCallback) Decompiling 046cb3c8, pcode error at 046cb3c8: Unable to disassemble EXTERNAL block location: 046cb3c8  
2026-07-22 03:46:43 WARN  (DecompileCallback) Decompiling 046cb3d0, pcode error at 046cb3d0: Unable to disassemble EXTERNAL block location: 046cb3d0  
2026-07-22 03:46:43 WARN  (DecompileCallback) Decompiling 046cb3d8, pcode error at 046cb3d8: Unable to disassemble EXTERNAL block location: 046cb3d8  
2026-07-22 03:46:43 WARN  (DecompileCallback) Decompiling 046cb3e0, pcode error at 046cb3e0: Unable to disassemble EXTERNAL block location: 046cb3e0  
2026-07-22 03:46:43 WARN  (DecompileCallback) Decompiling 046cb3e8, pcode error at 046cb3e8: Unable to disassemble EXTERNAL block location: 046cb3e8  
2026-07-22 03:46:43 WARN  (DecompileCallback) Decompiling 046cb3f0, pcode error at 046cb3f0: Unable to disassemble EXTERNAL block location: 046cb3f0  
2026-07-22 03:46:43 WARN  (DecompileCallback) Decompiling 046cb3f8, pcode error at 046cb3f8: Unable to disassemble EXTERNAL block location: 046cb3f8  
2026-07-22 03:46:43 WARN  (DecompileCallback) Decompiling 046cb400, pcode error at 046cb400: Unable to disassemble EXTERNAL block location: 046cb400  
2026-07-22 03:46:43 WARN  (DecompileCallback) Decompiling 046cb408, pcode error at 046cb408: Unable to disassemble EXTERNAL block location: 046cb408  
2026-07-22 03:46:43 WARN  (DecompileCallback) Decompiling 046cb410, pcode error at 046cb410: Unable to disassemble EXTERNAL block location: 046cb410  
2026-07-22 03:46:43 WARN  (DecompileCallback) Decompiling 046cb418, pcode error at 046cb418: Unable to disassemble EXTERNAL block location: 046cb418  
2026-07-22 03:46:43 WARN  (DecompileCallback) Decompiling 046cb420, pcode error at 046cb420: Unable to disassemble EXTERNAL block location: 046cb420  
2026-07-22 03:46:43 WARN  (DecompileCallback) Decompiling 046cb428, pcode error at 046cb428: Unable to disassemble EXTERNAL block location: 046cb428  
2026-07-22 03:46:43 WARN  (DecompileCallback) Decompiling 046cb430, pcode error at 046cb430: Unable to disassemble EXTERNAL block location: 046cb430  
2026-07-22 03:46:43 WARN  (DecompileCallback) Decompiling 046cb438, pcode error at 046cb438: Unable to disassemble EXTERNAL block location: 046cb438  
2026-07-22 03:46:43 WARN  (DecompileCallback) Decompiling 046cb440, pcode error at 046cb440: Unable to disassemble EXTERNAL block location: 046cb440  
2026-07-22 03:46:43 WARN  (DecompileCallback) Decompiling 046cb448, pcode error at 046cb448: Unable to disassemble EXTERNAL block location: 046cb448  
2026-07-22 03:46:43 WARN  (DecompileCallback) Decompiling 046cb450, pcode error at 046cb450: Unable to disassemble EXTERNAL block location: 046cb450  
2026-07-22 03:46:43 WARN  (DecompileCallback) Decompiling 046cb458, pcode error at 046cb458: Unable to disassemble EXTERNAL block location: 046cb458  
2026-07-22 03:46:43 WARN  (DecompileCallback) Decompiling 046cb468, pcode error at 046cb468: Unable to disassemble EXTERNAL block location: 046cb468  
2026-07-22 03:46:43 WARN  (DecompileCallback) Decompiling 046cb470, pcode error at 046cb470: Unable to disassemble EXTERNAL block location: 046cb470  
2026-07-22 03:46:43 WARN  (DecompileCallback) Decompiling 046cb478, pcode error at 046cb478: Unable to disassemble EXTERNAL block location: 046cb478  
2026-07-22 03:46:43 WARN  (DecompileCallback) Decompiling 046cb480, pcode error at 046cb480: Unable to disassemble EXTERNAL block location: 046cb480  
2026-07-22 03:46:43 WARN  (DecompileCallback) Decompiling 046cb488, pcode error at 046cb488: Unable to disassemble EXTERNAL block location: 046cb488  
2026-07-22 03:46:43 WARN  (DecompileCallback) Decompiling 046cb490, pcode error at 046cb490: Unable to disassemble EXTERNAL block location: 046cb490  
2026-07-22 03:46:43 WARN  (DecompileCallback) Decompiling 046cb498, pcode error at 046cb498: Unable to disassemble EXTERNAL block location: 046cb498  
2026-07-22 03:46:43 WARN  (DecompileCallback) Decompiling 046cb4a0, pcode error at 046cb4a0: Unable to disassemble EXTERNAL block location: 046cb4a0  
2026-07-22 03:46:43 WARN  (DecompileCallback) Decompiling 046cb4a8, pcode error at 046cb4a8: Unable to disassemble EXTERNAL block location: 046cb4a8  
2026-07-22 03:46:43 WARN  (DecompileCallback) Decompiling 046cb4b0, pcode error at 046cb4b0: Unable to disassemble EXTERNAL block location: 046cb4b0  
2026-07-22 03:46:43 WARN  (DecompileCallback) Decompiling 046cb4b8, pcode error at 046cb4b8: Unable to disassemble EXTERNAL block location: 046cb4b8  
2026-07-22 03:46:43 WARN  (DecompileCallback) Decompiling 046cb4c0, pcode error at 046cb4c0: Unable to disassemble EXTERNAL block location: 046cb4c0  
2026-07-22 03:46:43 WARN  (DecompileCallback) Decompiling 046cb4c8, pcode error at 046cb4c8: Unable to disassemble EXTERNAL block location: 046cb4c8  
2026-07-22 03:46:43 WARN  (DecompileCallback) Decompiling 046cb4d0, pcode error at 046cb4d0: Unable to disassemble EXTERNAL block location: 046cb4d0  
2026-07-22 03:46:43 WARN  (DecompileCallback) Decompiling 046cb4d8, pcode error at 046cb4d8: Unable to disassemble EXTERNAL block location: 046cb4d8  
2026-07-22 03:46:43 WARN  (DecompileCallback) Decompiling 046cb4e0, pcode error at 046cb4e0: Unable to disassemble EXTERNAL block location: 046cb4e0  
2026-07-22 03:46:43 WARN  (DecompileCallback) Decompiling 046cb4e8, pcode error at 046cb4e8: Unable to disassemble EXTERNAL block location: 046cb4e8  
2026-07-22 03:46:43 WARN  (DecompileCallback) Decompiling 046cb4f0, pcode error at 046cb4f0: Unable to disassemble EXTERNAL block location: 046cb4f0  
2026-07-22 03:46:43 WARN  (DecompileCallback) Decompiling 046cb4f8, pcode error at 046cb4f8: Unable to disassemble EXTERNAL block location: 046cb4f8  
2026-07-22 03:46:43 WARN  (DecompileCallback) Decompiling 046cb500, pcode error at 046cb500: Unable to disassemble EXTERNAL block location: 046cb500  
2026-07-22 03:46:43 WARN  (DecompileCallback) Decompiling 046cb508, pcode error at 046cb508: Unable to disassemble EXTERNAL block location: 046cb508  
2026-07-22 03:46:43 WARN  (DecompileCallback) Decompiling 046cb510, pcode error at 046cb510: Unable to disassemble EXTERNAL block location: 046cb510  
2026-07-22 03:46:43 WARN  (DecompileCallback) Decompiling 046cb518, pcode error at 046cb518: Unable to disassemble EXTERNAL block location: 046cb518  
2026-07-22 03:46:43 WARN  (DecompileCallback) Decompiling 046cb520, pcode error at 046cb520: Unable to disassemble EXTERNAL block location: 046cb520  
2026-07-22 03:46:43 WARN  (DecompileCallback) Decompiling 046cb528, pcode error at 046cb528: Unable to disassemble EXTERNAL block location: 046cb528  
2026-07-22 03:46:43 WARN  (DecompileCallback) Decompiling 046cb530, pcode error at 046cb530: Unable to disassemble EXTERNAL block location: 046cb530  
2026-07-22 03:46:43 WARN  (DecompileCallback) Decompiling 046cb538, pcode error at 046cb538: Unable to disassemble EXTERNAL block location: 046cb538  
2026-07-22 03:46:43 WARN  (DecompileCallback) Decompiling 046cb540, pcode error at 046cb540: Unable to disassemble EXTERNAL block location: 046cb540  
2026-07-22 03:46:43 WARN  (DecompileCallback) Decompiling 046cb548, pcode error at 046cb548: Unable to disassemble EXTERNAL block location: 046cb548  
2026-07-22 03:46:43 WARN  (DecompileCallback) Decompiling 046cb550, pcode error at 046cb550: Unable to disassemble EXTERNAL block location: 046cb550  
2026-07-22 03:46:43 WARN  (DecompileCallback) Decompiling 046cb558, pcode error at 046cb558: Unable to disassemble EXTERNAL block location: 046cb558  
2026-07-22 03:46:43 WARN  (DecompileCallback) Decompiling 046cb560, pcode error at 046cb560: Unable to disassemble EXTERNAL block location: 046cb560  
2026-07-22 03:46:43 WARN  (DecompileCallback) Decompiling 046cb568, pcode error at 046cb568: Unable to disassemble EXTERNAL block location: 046cb568  
2026-07-22 03:46:43 WARN  (DecompileCallback) Decompiling 046cb570, pcode error at 046cb570: Unable to disassemble EXTERNAL block location: 046cb570  
2026-07-22 03:46:43 WARN  (DecompileCallback) Decompiling 046cb578, pcode error at 046cb578: Unable to disassemble EXTERNAL block location: 046cb578  
2026-07-22 03:46:43 WARN  (DecompileCallback) Decompiling 046cb580, pcode error at 046cb580: Unable to disassemble EXTERNAL block location: 046cb580  
2026-07-22 03:46:43 WARN  (DecompileCallback) Decompiling 046cb588, pcode error at 046cb588: Unable to disassemble EXTERNAL block location: 046cb588  
2026-07-22 03:46:43 WARN  (DecompileCallback) Decompiling 046cb590, pcode error at 046cb590: Unable to disassemble EXTERNAL block location: 046cb590  
2026-07-22 03:46:43 WARN  (DecompileCallback) Decompiling 046cb598, pcode error at 046cb598: Unable to disassemble EXTERNAL block location: 046cb598  
2026-07-22 03:46:43 WARN  (DecompileCallback) Decompiling 046cb5a0, pcode error at 046cb5a0: Unable to disassemble EXTERNAL block location: 046cb5a0  
2026-07-22 03:46:43 WARN  (DecompileCallback) Decompiling 046cb5a8, pcode error at 046cb5a8: Unable to disassemble EXTERNAL block location: 046cb5a8  
2026-07-22 03:46:43 WARN  (DecompileCallback) Decompiling 046cb5b0, pcode error at 046cb5b0: Unable to disassemble EXTERNAL block location: 046cb5b0  
2026-07-22 03:46:43 WARN  (DecompileCallback) Decompiling 046cb5b8, pcode error at 046cb5b8: Unable to disassemble EXTERNAL block location: 046cb5b8  
2026-07-22 03:46:43 WARN  (DecompileCallback) Decompiling 046cb5c0, pcode error at 046cb5c0: Unable to disassemble EXTERNAL block location: 046cb5c0  
2026-07-22 03:46:43 WARN  (DecompileCallback) Decompiling 046cb5c8, pcode error at 046cb5c8: Unable to disassemble EXTERNAL block location: 046cb5c8  
2026-07-22 03:46:43 WARN  (DecompileCallback) Decompiling 046cb5d0, pcode error at 046cb5d0: Unable to disassemble EXTERNAL block location: 046cb5d0  
2026-07-22 03:46:43 WARN  (DecompileCallback) Decompiling 046cb5d8, pcode error at 046cb5d8: Unable to disassemble EXTERNAL block location: 046cb5d8  
2026-07-22 03:46:43 WARN  (DecompileCallback) Decompiling 046cb5e0, pcode error at 046cb5e0: Unable to disassemble EXTERNAL block location: 046cb5e0  
2026-07-22 03:46:43 WARN  (DecompileCallback) Decompiling 046cb5e8, pcode error at 046cb5e8: Unable to disassemble EXTERNAL block location: 046cb5e8  
2026-07-22 03:46:43 WARN  (DecompileCallback) Decompiling 046cb5f0, pcode error at 046cb5f0: Unable to disassemble EXTERNAL block location: 046cb5f0  
2026-07-22 03:46:43 WARN  (DecompileCallback) Decompiling 046cb5f8, pcode error at 046cb5f8: Unable to disassemble EXTERNAL block location: 046cb5f8  
2026-07-22 03:46:43 WARN  (DecompileCallback) Decompiling 046cb600, pcode error at 046cb600: Unable to disassemble EXTERNAL block location: 046cb600  
2026-07-22 03:46:43 WARN  (DecompileCallback) Decompiling 046cb608, pcode error at 046cb608: Unable to disassemble EXTERNAL block location: 046cb608  
2026-07-22 03:46:43 WARN  (DecompileCallback) Decompiling 046cb610, pcode error at 046cb610: Unable to disassemble EXTERNAL block location: 046cb610  
2026-07-22 03:46:43 WARN  (DecompileCallback) Decompiling 046cb618, pcode error at 046cb618: Unable to disassemble EXTERNAL block location: 046cb618  
2026-07-22 03:46:43 WARN  (DecompileCallback) Decompiling 046cb620, pcode error at 046cb620: Unable to disassemble EXTERNAL block location: 046cb620  
2026-07-22 03:46:43 WARN  (DecompileCallback) Decompiling 046cb628, pcode error at 046cb628: Unable to disassemble EXTERNAL block location: 046cb628  
2026-07-22 03:46:43 WARN  (DecompileCallback) Decompiling 046cb630, pcode error at 046cb630: Unable to disassemble EXTERNAL block location: 046cb630  
2026-07-22 03:46:43 WARN  (DecompileCallback) Decompiling 046cb638, pcode error at 046cb638: Unable to disassemble EXTERNAL block location: 046cb638  
2026-07-22 03:46:43 WARN  (DecompileCallback) Decompiling 046cb640, pcode error at 046cb640: Unable to disassemble EXTERNAL block location: 046cb640  
2026-07-22 03:46:43 WARN  (DecompileCallback) Decompiling 046cb648, pcode error at 046cb648: Unable to disassemble EXTERNAL block location: 046cb648  
2026-07-22 03:46:43 WARN  (DecompileCallback) Decompiling 046cb650, pcode error at 046cb650: Unable to disassemble EXTERNAL block location: 046cb650  
2026-07-22 03:46:43 WARN  (DecompileCallback) Decompiling 046cb658, pcode error at 046cb658: Unable to disassemble EXTERNAL block location: 046cb658  
2026-07-22 03:46:43 WARN  (DecompileCallback) Decompiling 046cb660, pcode error at 046cb660: Unable to disassemble EXTERNAL block location: 046cb660  
2026-07-22 03:46:43 WARN  (DecompileCallback) Decompiling 046cb668, pcode error at 046cb668: Unable to disassemble EXTERNAL block location: 046cb668  
2026-07-22 03:46:43 WARN  (DecompileCallback) Decompiling 046cb670, pcode error at 046cb670: Unable to disassemble EXTERNAL block location: 046cb670  
2026-07-22 03:46:43 WARN  (DecompileCallback) Decompiling 046cb678, pcode error at 046cb678: Unable to disassemble EXTERNAL block location: 046cb678  
2026-07-22 03:46:43 WARN  (DecompileCallback) Decompiling 046cb680, pcode error at 046cb680: Unable to disassemble EXTERNAL block location: 046cb680  
2026-07-22 03:46:43 WARN  (DecompileCallback) Decompiling 046cb688, pcode error at 046cb688: Unable to disassemble EXTERNAL block location: 046cb688  
2026-07-22 03:46:43 WARN  (DecompileCallback) Decompiling 046cb690, pcode error at 046cb690: Unable to disassemble EXTERNAL block location: 046cb690  
2026-07-22 03:46:43 WARN  (DecompileCallback) Decompiling 046cb698, pcode error at 046cb698: Unable to disassemble EXTERNAL block location: 046cb698  
2026-07-22 03:46:43 WARN  (DecompileCallback) Decompiling 046cb6a0, pcode error at 046cb6a0: Unable to disassemble EXTERNAL block location: 046cb6a0  
2026-07-22 03:46:43 WARN  (DecompileCallback) Decompiling 046cb6a8, pcode error at 046cb6a8: Unable to disassemble EXTERNAL block location: 046cb6a8  
2026-07-22 03:46:43 WARN  (DecompileCallback) Decompiling 046cb6b0, pcode error at 046cb6b0: Unable to disassemble EXTERNAL block location: 046cb6b0  
2026-07-22 03:46:43 WARN  (DecompileCallback) Decompiling 046cb6b8, pcode error at 046cb6b8: Unable to disassemble EXTERNAL block location: 046cb6b8  
2026-07-22 03:46:43 WARN  (DecompileCallback) Decompiling 046cb6c0, pcode error at 046cb6c0: Unable to disassemble EXTERNAL block location: 046cb6c0  
2026-07-22 03:46:43 WARN  (DecompileCallback) Decompiling 046cb6c8, pcode error at 046cb6c8: Unable to disassemble EXTERNAL block location: 046cb6c8  
2026-07-22 03:46:43 WARN  (DecompileCallback) Decompiling 046cb6d0, pcode error at 046cb6d0: Unable to disassemble EXTERNAL block location: 046cb6d0  
2026-07-22 03:46:43 WARN  (DecompileCallback) Decompiling 046cb6d8, pcode error at 046cb6d8: Unable to disassemble EXTERNAL block location: 046cb6d8  
2026-07-22 03:46:43 WARN  (DecompileCallback) Decompiling 046cb6e0, pcode error at 046cb6e0: Unable to disassemble EXTERNAL block location: 046cb6e0  
2026-07-22 03:46:43 WARN  (DecompileCallback) Decompiling 046cb6e8, pcode error at 046cb6e8: Unable to disassemble EXTERNAL block location: 046cb6e8  
2026-07-22 03:46:43 WARN  (DecompileCallback) Decompiling 046cb6f0, pcode error at 046cb6f0: Unable to disassemble EXTERNAL block location: 046cb6f0  
2026-07-22 03:46:43 WARN  (DecompileCallback) Decompiling 046cb6f8, pcode error at 046cb6f8: Unable to disassemble EXTERNAL block location: 046cb6f8  
2026-07-22 03:46:43 WARN  (DecompileCallback) Decompiling 046cb700, pcode error at 046cb700: Unable to disassemble EXTERNAL block location: 046cb700  
2026-07-22 03:46:43 WARN  (DecompileCallback) Decompiling 046cb708, pcode error at 046cb708: Unable to disassemble EXTERNAL block location: 046cb708  
2026-07-22 03:46:43 WARN  (DecompileCallback) Decompiling 046cb710, pcode error at 046cb710: Unable to disassemble EXTERNAL block location: 046cb710  
2026-07-22 03:46:43 WARN  (DecompileCallback) Decompiling 046cb718, pcode error at 046cb718: Unable to disassemble EXTERNAL block location: 046cb718  
2026-07-22 03:46:43 WARN  (DecompileCallback) Decompiling 046cb720, pcode error at 046cb720: Unable to disassemble EXTERNAL block location: 046cb720  
2026-07-22 03:46:43 WARN  (DecompileCallback) Decompiling 046cb728, pcode error at 046cb728: Unable to disassemble EXTERNAL block location: 046cb728  
2026-07-22 03:46:43 WARN  (DecompileCallback) Decompiling 046cb730, pcode error at 046cb730: Unable to disassemble EXTERNAL block location: 046cb730  
2026-07-22 03:46:43 WARN  (DecompileCallback) Decompiling 046cb738, pcode error at 046cb738: Unable to disassemble EXTERNAL block location: 046cb738  
2026-07-22 03:46:43 WARN  (DecompileCallback) Decompiling 046cb740, pcode error at 046cb740: Unable to disassemble EXTERNAL block location: 046cb740  
2026-07-22 03:46:43 WARN  (DecompileCallback) Decompiling 046cb748, pcode error at 046cb748: Unable to disassemble EXTERNAL block location: 046cb748  
2026-07-22 03:46:43 WARN  (DecompileCallback) Decompiling 046cb750, pcode error at 046cb750: Unable to disassemble EXTERNAL block location: 046cb750  
2026-07-22 03:46:43 WARN  (DecompileCallback) Decompiling 046cb758, pcode error at 046cb758: Unable to disassemble EXTERNAL block location: 046cb758  
2026-07-22 03:46:43 WARN  (DecompileCallback) Decompiling 046cb760, pcode error at 046cb760: Unable to disassemble EXTERNAL block location: 046cb760  
2026-07-22 03:46:43 WARN  (DecompileCallback) Decompiling 046cb768, pcode error at 046cb768: Unable to disassemble EXTERNAL block location: 046cb768  
2026-07-22 03:46:43 WARN  (DecompileCallback) Decompiling 046cb770, pcode error at 046cb770: Unable to disassemble EXTERNAL block location: 046cb770  
2026-07-22 03:46:43 WARN  (DecompileCallback) Decompiling 046cb778, pcode error at 046cb778: Unable to disassemble EXTERNAL block location: 046cb778  
2026-07-22 03:46:43 WARN  (DecompileCallback) Decompiling 046cb780, pcode error at 046cb780: Unable to disassemble EXTERNAL block location: 046cb780  
2026-07-22 03:46:43 WARN  (DecompileCallback) Decompiling 046cb788, pcode error at 046cb788: Unable to disassemble EXTERNAL block location: 046cb788  
2026-07-22 03:46:43 WARN  (DecompileCallback) Decompiling 046cb790, pcode error at 046cb790: Unable to disassemble EXTERNAL block location: 046cb790  
2026-07-22 03:46:43 WARN  (DecompileCallback) Decompiling 046cb798, pcode error at 046cb798: Unable to disassemble EXTERNAL block location: 046cb798  
2026-07-22 03:46:43 WARN  (DecompileCallback) Decompiling 046cb7a0, pcode error at 046cb7a0: Unable to disassemble EXTERNAL block location: 046cb7a0  
2026-07-22 03:46:43 WARN  (DecompileCallback) Decompiling 046cb7a8, pcode error at 046cb7a8: Unable to disassemble EXTERNAL block location: 046cb7a8  
2026-07-22 03:46:43 WARN  (DecompileCallback) Decompiling 046cb7b0, pcode error at 046cb7b0: Unable to disassemble EXTERNAL block location: 046cb7b0  
2026-07-22 03:46:43 WARN  (DecompileCallback) Decompiling 046cb7b8, pcode error at 046cb7b8: Unable to disassemble EXTERNAL block location: 046cb7b8  
2026-07-22 03:46:43 WARN  (DecompileCallback) Decompiling 046cb7c0, pcode error at 046cb7c0: Unable to disassemble EXTERNAL block location: 046cb7c0  
2026-07-22 03:46:43 WARN  (DecompileCallback) Decompiling 046cb7c8, pcode error at 046cb7c8: Unable to disassemble EXTERNAL block location: 046cb7c8  
2026-07-22 03:46:43 WARN  (DecompileCallback) Decompiling 046cb7d0, pcode error at 046cb7d0: Unable to disassemble EXTERNAL block location: 046cb7d0  
2026-07-22 03:46:43 WARN  (DecompileCallback) Decompiling 046cb7d8, pcode error at 046cb7d8: Unable to disassemble EXTERNAL block location: 046cb7d8  
2026-07-22 03:46:43 WARN  (DecompileCallback) Decompiling 046cb7e0, pcode error at 046cb7e0: Unable to disassemble EXTERNAL block location: 046cb7e0  
2026-07-22 03:46:43 WARN  (DecompileCallback) Decompiling 046cb7e8, pcode error at 046cb7e8: Unable to disassemble EXTERNAL block location: 046cb7e8  
2026-07-22 03:46:43 WARN  (DecompileCallback) Decompiling 046cb7f0, pcode error at 046cb7f0: Unable to disassemble EXTERNAL block location: 046cb7f0  
2026-07-22 03:46:43 WARN  (DecompileCallback) Decompiling 046cb7f8, pcode error at 046cb7f8: Unable to disassemble EXTERNAL block location: 046cb7f8  
2026-07-22 03:46:43 WARN  (DecompileCallback) Decompiling 046cb800, pcode error at 046cb800: Unable to disassemble EXTERNAL block location: 046cb800  
2026-07-22 03:46:43 WARN  (DecompileCallback) Decompiling 046cb808, pcode error at 046cb808: Unable to disassemble EXTERNAL block location: 046cb808  
2026-07-22 03:46:43 WARN  (DecompileCallback) Decompiling 046cb810, pcode error at 046cb810: Unable to disassemble EXTERNAL block location: 046cb810  
2026-07-22 03:46:43 WARN  (DecompileCallback) Decompiling 046cb818, pcode error at 046cb818: Unable to disassemble EXTERNAL block location: 046cb818  
2026-07-22 03:46:43 WARN  (DecompileCallback) Decompiling 046cb820, pcode error at 046cb820: Unable to disassemble EXTERNAL block location: 046cb820  
2026-07-22 03:46:43 WARN  (DecompileCallback) Decompiling 046cb828, pcode error at 046cb828: Unable to disassemble EXTERNAL block location: 046cb828  
2026-07-22 03:46:43 WARN  (DecompileCallback) Decompiling 046cb830, pcode error at 046cb830: Unable to disassemble EXTERNAL block location: 046cb830  
2026-07-22 03:46:43 WARN  (DecompileCallback) Decompiling 046cb838, pcode error at 046cb838: Unable to disassemble EXTERNAL block location: 046cb838  
2026-07-22 03:46:43 WARN  (DecompileCallback) Decompiling 046cb840, pcode error at 046cb840: Unable to disassemble EXTERNAL block location: 046cb840  
2026-07-22 03:46:43 WARN  (DecompileCallback) Decompiling 046cb848, pcode error at 046cb848: Unable to disassemble EXTERNAL block location: 046cb848  
2026-07-22 03:46:43 WARN  (DecompileCallback) Decompiling 046cb850, pcode error at 046cb850: Unable to disassemble EXTERNAL block location: 046cb850  
2026-07-22 03:46:43 WARN  (DecompileCallback) Decompiling 046cb858, pcode error at 046cb858: Unable to disassemble EXTERNAL block location: 046cb858  
2026-07-22 03:46:43 WARN  (DecompileCallback) Decompiling 046cb860, pcode error at 046cb860: Unable to disassemble EXTERNAL block location: 046cb860  
2026-07-22 03:46:43 WARN  (DecompileCallback) Decompiling 046cb868, pcode error at 046cb868: Unable to disassemble EXTERNAL block location: 046cb868  
2026-07-22 03:46:43 WARN  (DecompileCallback) Decompiling 046cb870, pcode error at 046cb870: Unable to disassemble EXTERNAL block location: 046cb870  
2026-07-22 03:46:43 WARN  (DecompileCallback) Decompiling 046cb878, pcode error at 046cb878: Unable to disassemble EXTERNAL block location: 046cb878  
2026-07-22 03:46:43 WARN  (DecompileCallback) Decompiling 046cb880, pcode error at 046cb880: Unable to disassemble EXTERNAL block location: 046cb880  
2026-07-22 03:46:43 WARN  (DecompileCallback) Decompiling 046cb888, pcode error at 046cb888: Unable to disassemble EXTERNAL block location: 046cb888  
2026-07-22 03:46:43 WARN  (DecompileCallback) Decompiling 046cb890, pcode error at 046cb890: Unable to disassemble EXTERNAL block location: 046cb890  
2026-07-22 03:46:43 WARN  (DecompileCallback) Decompiling 046cb898, pcode error at 046cb898: Unable to disassemble EXTERNAL block location: 046cb898  
2026-07-22 03:46:43 WARN  (DecompileCallback) Decompiling 046cb8a0, pcode error at 046cb8a0: Unable to disassemble EXTERNAL block location: 046cb8a0  
2026-07-22 03:46:43 WARN  (DecompileCallback) Decompiling 046cb8a8, pcode error at 046cb8a8: Unable to disassemble EXTERNAL block location: 046cb8a8  
2026-07-22 03:46:43 WARN  (DecompileCallback) Decompiling 046cb8b0, pcode error at 046cb8b0: Unable to disassemble EXTERNAL block location: 046cb8b0  
2026-07-22 03:46:43 WARN  (DecompileCallback) Decompiling 046cb8b8, pcode error at 046cb8b8: Unable to disassemble EXTERNAL block location: 046cb8b8  
2026-07-22 03:46:43 WARN  (DecompileCallback) Decompiling 046cb8c0, pcode error at 046cb8c0: Unable to disassemble EXTERNAL block location: 046cb8c0  
2026-07-22 03:46:43 WARN  (DecompileCallback) Decompiling 046cb8c8, pcode error at 046cb8c8: Unable to disassemble EXTERNAL block location: 046cb8c8  
2026-07-22 03:46:43 WARN  (DecompileCallback) Decompiling 046cb8d0, pcode error at 046cb8d0: Unable to disassemble EXTERNAL block location: 046cb8d0  
2026-07-22 03:46:43 WARN  (DecompileCallback) Decompiling 046cb8d8, pcode error at 046cb8d8: Unable to disassemble EXTERNAL block location: 046cb8d8  
2026-07-22 03:46:43 WARN  (DecompileCallback) Decompiling 046cb8e0, pcode error at 046cb8e0: Unable to disassemble EXTERNAL block location: 046cb8e0  
2026-07-22 03:46:43 WARN  (DecompileCallback) Decompiling 046cb8e8, pcode error at 046cb8e8: Unable to disassemble EXTERNAL block location: 046cb8e8  
2026-07-22 03:46:43 WARN  (DecompileCallback) Decompiling 046cb8f0, pcode error at 046cb8f0: Unable to disassemble EXTERNAL block location: 046cb8f0  
2026-07-22 03:46:43 WARN  (DecompileCallback) Decompiling 046cb8f8, pcode error at 046cb8f8: Unable to disassemble EXTERNAL block location: 046cb8f8  
2026-07-22 03:46:43 WARN  (DecompileCallback) Decompiling 046cb900, pcode error at 046cb900: Unable to disassemble EXTERNAL block location: 046cb900  
2026-07-22 03:46:43 WARN  (DecompileCallback) Decompiling 046cb908, pcode error at 046cb908: Unable to disassemble EXTERNAL block location: 046cb908  
2026-07-22 03:46:43 WARN  (DecompileCallback) Decompiling 046cb910, pcode error at 046cb910: Unable to disassemble EXTERNAL block location: 046cb910  
2026-07-22 03:46:43 WARN  (DecompileCallback) Decompiling 046cb918, pcode error at 046cb918: Unable to disassemble EXTERNAL block location: 046cb918  
2026-07-22 03:46:43 WARN  (DecompileCallback) Decompiling 046cb920, pcode error at 046cb920: Unable to disassemble EXTERNAL block location: 046cb920  
2026-07-22 03:46:43 WARN  (DecompileCallback) Decompiling 046cb928, pcode error at 046cb928: Unable to disassemble EXTERNAL block location: 046cb928  
2026-07-22 03:46:43 WARN  (DecompileCallback) Decompiling 046cb930, pcode error at 046cb930: Unable to disassemble EXTERNAL block location: 046cb930  
2026-07-22 03:46:43 INFO  (GhidraScript) GeneralStructureEyePatternScan.java> General structure scan complete.  
2026-07-22 03:46:43 INFO  (GhidraScript) GeneralStructureEyePatternScan.java> Total functions scanned: 476655  
2026-07-22 03:46:43 INFO  (GhidraScript) GeneralStructureEyePatternScan.java> Exported functions: 1832  
2026-07-22 03:46:43 INFO  (GhidraScript) GeneralStructureEyePatternScan.java> Decompile failures: 280  
2026-07-22 03:46:43 INFO  (GhidraScript) GeneralStructureEyePatternScan.java> Report CSV: C:\realDesktop\manifest-evaluations\summer-26\ghidra-pipeline\il2cpp-files\StretchPunch\general-structure-results\structure_scan_report.csv  
2026-07-22 03:46:43 INFO  (GhidraScript) GeneralStructureEyePatternScan.java> Report JSON: C:\realDesktop\manifest-evaluations\summer-26\ghidra-pipeline\il2cpp-files\StretchPunch\general-structure-results\structure_scan_report.json  
2026-07-22 03:46:44 INFO  (HeadlessAnalyzer) REPORT: Save succeeded for processed file: /StretchPunch-libil2cpp.so  
