2026-07-13 13:58:27 INFO  (LoggingInitialization) Using log config file: jar:file:/C:/Users/kimgiordano27/Downloads/ghidra_12.1.2_PUBLIC_20260605/ghidra_12.1.2_PUBLIC/Ghidra/Framework/Generic/lib/Generic.jar!/generic.log4j.xml  
2026-07-13 13:58:27 INFO  (LoggingInitialization) Using log file: C:\realDesktop\manifest-evaluations\summer-26\ghidra-pipeline\il2cpp-files\finalkickVR\general-structure-ghidra.log  
2026-07-13 13:58:27 DEBUG (GhidraObjectInputFilter) Including serial input filter: FileSystem/data/client.rmi.serial.filter  
2026-07-13 13:58:27 INFO  (Preferences) Loading user preferences: C:\Users\kimgiordano27\AppData\Roaming\ghidra\ghidra_12.1.2_PUBLIC\preferences  
2026-07-13 13:58:27 INFO  (ClassSearcher) Searching for classes...  
2026-07-13 13:58:28 INFO  (ClassSearcher) Class search complete (692 ms)  
2026-07-13 13:58:28 INFO  (DefaultSSLContextInitializer) Initializing SSL Context  
2026-07-13 13:58:28 INFO  (SecureRandomFactory) Initializing Random Number Generator...  
2026-07-13 13:58:28 INFO  (SecureRandomFactory) Random Number Generator initialization complete: SHA1PRNG  
2026-07-13 13:58:28 INFO  (DefaultTrustManagerFactory) Trust manager disabled, cacerts have not been set  
2026-07-13 13:58:29 INFO  (AnalyzeHeadless) Headless startup complete (6133 ms)  
2026-07-13 13:58:29 INFO  (ClassSearcher) Class searcher loaded 59 extension points (20 false positives)  
2026-07-13 13:58:29 INFO  (HeadlessAnalyzer) HEADLESS Script Paths:
    C:\Users\kimgiordano27\Downloads\ghidra_12.1.2_PUBLIC_20260605\ghidra_12.1.2_PUBLIC\Ghidra\Features\DecompilerDependent\ghidra_scripts
    C:\Users\kimgiordano27\Downloads\ghidra_12.1.2_PUBLIC_20260605\ghidra_12.1.2_PUBLIC\Ghidra\Processors\Atmel\ghidra_scripts
    C:\Users\kimgiordano27\Downloads\ghidra_12.1.2_PUBLIC_20260605\ghidra_12.1.2_PUBLIC\Ghidra\Processors\PIC\ghidra_scripts
    C:\Users\kimgiordano27\Downloads\ghidra_12.1.2_PUBLIC_20260605\ghidra_12.1.2_PUBLIC\Ghidra\Features\VersionTracking\ghidra_scripts
    C:\Users\kimgiordano27\Downloads\ghidra_12.1.2_PUBLIC_20260605\ghidra_12.1.2_PUBLIC\Ghidra\Features\BytePatterns\ghidra_scripts
    C:\Users\kimgiordano27\ghidra_scripts
    C:\Users\kimgiordano27\Downloads\ghidra_12.1.2_PUBLIC_20260605\ghidra_12.1.2_PUBLIC\Ghidra\Features\BSim\ghidra_scripts
    C:\realDesktop\manifest-evaluations\summer-26\ghidra-pipeline\ghidra-export-scripts
    C:\Users\kimgiordano27\Downloads\ghidra_12.1.2_PUBLIC_20260605\ghidra_12.1.2_PUBLIC\Ghidra\Processors\JVM\ghidra_scripts
    C:\Users\kimgiordano27\Downloads\ghidra_12.1.2_PUBLIC_20260605\ghidra_12.1.2_PUBLIC\Ghidra\Features\Base\ghidra_scripts
    C:\Users\kimgiordano27\Downloads\ghidra_12.1.2_PUBLIC_20260605\ghidra_12.1.2_PUBLIC\Ghidra\Features\SwiftDemangler\ghidra_scripts
    C:\Users\kimgiordano27\Downloads\ghidra_12.1.2_PUBLIC_20260605\ghidra_12.1.2_PUBLIC\Ghidra\Features\WildcardAssembler\ghidra_scripts
    C:\Users\kimgiordano27\Downloads\ghidra_12.1.2_PUBLIC_20260605\ghidra_12.1.2_PUBLIC\Ghidra\Features\FileFormats\ghidra_scripts
    C:\Users\kimgiordano27\Downloads\ghidra_12.1.2_PUBLIC_20260605\ghidra_12.1.2_PUBLIC\Ghidra\Features\Decompiler\ghidra_scripts
    C:\Users\kimgiordano27\Downloads\ghidra_12.1.2_PUBLIC_20260605\ghidra_12.1.2_PUBLIC\Ghidra\Features\SystemEmulation\ghidra_scripts
    C:\Users\kimgiordano27\Downloads\ghidra_12.1.2_PUBLIC_20260605\ghidra_12.1.2_PUBLIC\Ghidra\Processors\8051\ghidra_scripts
    C:\Users\kimgiordano27\Downloads\ghidra_12.1.2_PUBLIC_20260605\ghidra_12.1.2_PUBLIC\Ghidra\Features\GnuDemangler\ghidra_scripts
    C:\Users\kimgiordano27\Downloads\ghidra_12.1.2_PUBLIC_20260605\ghidra_12.1.2_PUBLIC\Ghidra\Debug\Debugger\ghidra_scripts
    C:\Users\kimgiordano27\Downloads\ghidra_12.1.2_PUBLIC_20260605\ghidra_12.1.2_PUBLIC\Ghidra\Processors\DATA\ghidra_scripts
    C:\Users\kimgiordano27\Downloads\ghidra_12.1.2_PUBLIC_20260605\ghidra_12.1.2_PUBLIC\Ghidra\Debug\Debugger-rmi-trace\ghidra_scripts
    C:\Users\kimgiordano27\Downloads\ghidra_12.1.2_PUBLIC_20260605\ghidra_12.1.2_PUBLIC\Ghidra\Features\FunctionID\ghidra_scripts
    C:\Users\kimgiordano27\Downloads\ghidra_12.1.2_PUBLIC_20260605\ghidra_12.1.2_PUBLIC\Ghidra\Features\MicrosoftCodeAnalyzer\ghidra_scripts
    C:\Users\kimgiordano27\Downloads\ghidra_12.1.2_PUBLIC_20260605\ghidra_12.1.2_PUBLIC\Ghidra\Features\PDB\ghidra_scripts
    C:\Users\kimgiordano27\AppData\Roaming\ghidra\ghidra_12.1.2_PUBLIC\Extensions\Jython\ghidra_scripts
    C:\Users\kimgiordano27\Downloads\ghidra_12.1.2_PUBLIC_20260605\ghidra_12.1.2_PUBLIC\Ghidra\Features\PyGhidra\ghidra_scripts  
2026-07-13 13:58:29 INFO  (HeadlessAnalyzer) HEADLESS: execution starts  
2026-07-13 13:58:29 INFO  (HeadlessAnalyzer) Opening existing project: C:\realDesktop\manifest-evaluations\summer-26\ghidra-pipeline\il2cpp-files\finalkickVR\ghidra-project-finalkickVR\finalkickVR  
2026-07-13 13:58:29 INFO  (HeadlessProject) Opening project: C:\realDesktop\manifest-evaluations\summer-26\ghidra-pipeline\il2cpp-files\finalkickVR\ghidra-project-finalkickVR\finalkickVR  
2026-07-13 13:58:29 INFO  (LocalFileSystem) /finalkickVR-libil2cpp.so: checkout (2) granted (kimgiordano27)  
2026-07-13 13:58:33 INFO  (HeadlessAnalyzer) REPORT: Processing project file: /finalkickVR-libil2cpp.so  
2026-07-13 13:58:34 INFO  (HeadlessAnalyzer) REPORT: Execute script: GeneralStructureEyePatternScan.java 'C:\realDesktop\manifest-evaluations\summer-26\ghidra-pipeline\il2cpp-files\finalkickVR\general-structure-results' '70' 'false'   
2026-07-13 13:58:34 INFO  (HeadlessAnalyzer) SCRIPT: C:\realDesktop\manifest-evaluations\summer-26\ghidra-pipeline\ghidra-export-scripts\GeneralStructureEyePatternScan.java  
2026-07-13 13:58:34 INFO  (GhidraScript) GeneralStructureEyePatternScan.java> General structure scan starting...  
2026-07-13 13:58:34 INFO  (GhidraScript) GeneralStructureEyePatternScan.java> Output: C:\realDesktop\manifest-evaluations\summer-26\ghidra-pipeline\il2cpp-files\finalkickVR\general-structure-results  
2026-07-13 13:58:34 INFO  (GhidraScript) GeneralStructureEyePatternScan.java> Minimum review score: 70  
2026-07-13 13:58:34 INFO  (GhidraScript) GeneralStructureEyePatternScan.java> Export all: false  
2026-07-13 13:59:03 INFO  (GhidraScript) GeneralStructureEyePatternScan.java> Scanned 10000 functions. Exported so far: 0  
2026-07-13 13:59:48 INFO  (GhidraScript) GeneralStructureEyePatternScan.java> Scanned 20000 functions. Exported so far: 0  
2026-07-13 14:00:43 INFO  (GhidraScript) GeneralStructureEyePatternScan.java> Scanned 30000 functions. Exported so far: 0  
2026-07-13 14:01:17 INFO  (GhidraScript) GeneralStructureEyePatternScan.java> Scanned 40000 functions. Exported so far: 0  
2026-07-13 14:01:53 INFO  (GhidraScript) GeneralStructureEyePatternScan.java> Scanned 50000 functions. Exported so far: 12  
2026-07-13 14:02:25 INFO  (GhidraScript) GeneralStructureEyePatternScan.java> Scanned 60000 functions. Exported so far: 12  
2026-07-13 14:02:53 INFO  (GhidraScript) GeneralStructureEyePatternScan.java> Scanned 70000 functions. Exported so far: 12  
2026-07-13 14:03:25 INFO  (GhidraScript) GeneralStructureEyePatternScan.java> Scanned 80000 functions. Exported so far: 15  
2026-07-13 14:04:55 INFO  (GhidraScript) GeneralStructureEyePatternScan.java> Scanned 90000 functions. Exported so far: 15  
2026-07-13 14:09:37 INFO  (GhidraScript) GeneralStructureEyePatternScan.java> Scanned 100000 functions. Exported so far: 15  
2026-07-13 14:19:16 INFO  (GhidraScript) GeneralStructureEyePatternScan.java> Scanned 110000 functions. Exported so far: 33  
2026-07-13 14:33:14 INFO  (GhidraScript) GeneralStructureEyePatternScan.java> Scanned 120000 functions. Exported so far: 45  
2026-07-13 14:41:05 INFO  (GhidraScript) GeneralStructureEyePatternScan.java> Scanned 130000 functions. Exported so far: 101  
2026-07-13 14:47:59 INFO  (GhidraScript) GeneralStructureEyePatternScan.java> Scanned 140000 functions. Exported so far: 119  
2026-07-13 16:08:06 INFO  (GhidraScript) GeneralStructureEyePatternScan.java> Scanned 150000 functions. Exported so far: 133  
2026-07-13 17:53:59 INFO  (GhidraScript) GeneralStructureEyePatternScan.java> Scanned 160000 functions. Exported so far: 205  
2026-07-13 18:00:52 INFO  (GhidraScript) GeneralStructureEyePatternScan.java> Scanned 170000 functions. Exported so far: 237  
2026-07-13 18:20:00 INFO  (GhidraScript) GeneralStructureEyePatternScan.java> Scanned 180000 functions. Exported so far: 243  
2026-07-13 18:22:33 INFO  (GhidraScript) GeneralStructureEyePatternScan.java> Scanned 190000 functions. Exported so far: 725  
2026-07-13 18:34:18 INFO  (GhidraScript) GeneralStructureEyePatternScan.java> Scanned 200000 functions. Exported so far: 1929  
2026-07-13 20:44:22 INFO  (GhidraScript) GeneralStructureEyePatternScan.java> Scanned 210000 functions. Exported so far: 1945  
2026-07-13 21:04:32 INFO  (GhidraScript) GeneralStructureEyePatternScan.java> Scanned 220000 functions. Exported so far: 1945  
2026-07-13 21:18:36 INFO  (GhidraScript) GeneralStructureEyePatternScan.java> Scanned 230000 functions. Exported so far: 1946  
2026-07-13 22:13:39 INFO  (GhidraScript) GeneralStructureEyePatternScan.java> Scanned 240000 functions. Exported so far: 1947  
2026-07-13 22:18:18 INFO  (GhidraScript) GeneralStructureEyePatternScan.java> Scanned 250000 functions. Exported so far: 1977  
2026-07-13 23:09:17 INFO  (GhidraScript) GeneralStructureEyePatternScan.java> Scanned 260000 functions. Exported so far: 1980  
2026-07-13 23:11:01 INFO  (GhidraScript) GeneralStructureEyePatternScan.java> Scanned 270000 functions. Exported so far: 1980  
2026-07-13 23:17:02 INFO  (GhidraScript) GeneralStructureEyePatternScan.java> Scanned 280000 functions. Exported so far: 1980  
2026-07-14 00:30:26 INFO  (GhidraScript) GeneralStructureEyePatternScan.java> Scanned 290000 functions. Exported so far: 1980  
2026-07-14 13:00:31 INFO  (GhidraScript) GeneralStructureEyePatternScan.java> Scanned 300000 functions. Exported so far: 1983  
2026-07-14 13:04:37 INFO  (GhidraScript) GeneralStructureEyePatternScan.java> Scanned 310000 functions. Exported so far: 2012  
2026-07-14 13:17:56 INFO  (GhidraScript) GeneralStructureEyePatternScan.java> Scanned 320000 functions. Exported so far: 2037  
2026-07-14 18:12:18 INFO  (GhidraScript) GeneralStructureEyePatternScan.java> Scanned 330000 functions. Exported so far: 2055  
2026-07-14 18:23:55 INFO  (GhidraScript) GeneralStructureEyePatternScan.java> Scanned 340000 functions. Exported so far: 2132  
2026-07-14 18:24:10 WARN  (DecompileCallback) Decompiling 04da0000, pcode error at 04da0000: Unable to disassemble EXTERNAL block location: 04da0000  
2026-07-14 18:24:10 WARN  (DecompileCallback) Decompiling 04da0008, pcode error at 04da0008: Unable to disassemble EXTERNAL block location: 04da0008  
2026-07-14 18:24:10 WARN  (DecompileCallback) Decompiling 04da0010, pcode error at 04da0010: Unable to disassemble EXTERNAL block location: 04da0010  
2026-07-14 18:24:10 WARN  (DecompileCallback) Decompiling 04da0018, pcode error at 04da0018: Unable to disassemble EXTERNAL block location: 04da0018  
2026-07-14 18:24:10 WARN  (DecompileCallback) Decompiling 04da0020, pcode error at 04da0020: Unable to disassemble EXTERNAL block location: 04da0020  
2026-07-14 18:24:10 WARN  (DecompileCallback) Decompiling 04da0028, pcode error at 04da0028: Unable to disassemble EXTERNAL block location: 04da0028  
2026-07-14 18:24:10 WARN  (DecompileCallback) Decompiling 04da0030, pcode error at 04da0030: Unable to disassemble EXTERNAL block location: 04da0030  
2026-07-14 18:24:10 WARN  (DecompileCallback) Decompiling 04da0038, pcode error at 04da0038: Unable to disassemble EXTERNAL block location: 04da0038  
2026-07-14 18:24:10 WARN  (DecompileCallback) Decompiling 04da0040, pcode error at 04da0040: Unable to disassemble EXTERNAL block location: 04da0040  
2026-07-14 18:24:10 WARN  (DecompileCallback) Decompiling 04da0048, pcode error at 04da0048: Unable to disassemble EXTERNAL block location: 04da0048  
2026-07-14 18:24:10 WARN  (DecompileCallback) Decompiling 04da0050, pcode error at 04da0050: Unable to disassemble EXTERNAL block location: 04da0050  
2026-07-14 18:24:10 WARN  (DecompileCallback) Decompiling 04da0058, pcode error at 04da0058: Unable to disassemble EXTERNAL block location: 04da0058  
2026-07-14 18:24:10 WARN  (DecompileCallback) Decompiling 04da0060, pcode error at 04da0060: Unable to disassemble EXTERNAL block location: 04da0060  
2026-07-14 18:24:10 WARN  (DecompileCallback) Decompiling 04da0068, pcode error at 04da0068: Unable to disassemble EXTERNAL block location: 04da0068  
2026-07-14 18:24:10 WARN  (DecompileCallback) Decompiling 04da0070, pcode error at 04da0070: Unable to disassemble EXTERNAL block location: 04da0070  
2026-07-14 18:24:10 WARN  (DecompileCallback) Decompiling 04da0078, pcode error at 04da0078: Unable to disassemble EXTERNAL block location: 04da0078  
2026-07-14 18:24:10 WARN  (DecompileCallback) Decompiling 04da0080, pcode error at 04da0080: Unable to disassemble EXTERNAL block location: 04da0080  
2026-07-14 18:24:10 WARN  (DecompileCallback) Decompiling 04da0088, pcode error at 04da0088: Unable to disassemble EXTERNAL block location: 04da0088  
2026-07-14 18:24:10 WARN  (DecompileCallback) Decompiling 04da0090, pcode error at 04da0090: Unable to disassemble EXTERNAL block location: 04da0090  
2026-07-14 18:24:10 WARN  (DecompileCallback) Decompiling 04da0098, pcode error at 04da0098: Unable to disassemble EXTERNAL block location: 04da0098  
2026-07-14 18:24:10 WARN  (DecompileCallback) Decompiling 04da00a0, pcode error at 04da00a0: Unable to disassemble EXTERNAL block location: 04da00a0  
2026-07-14 18:24:10 WARN  (DecompileCallback) Decompiling 04da00a8, pcode error at 04da00a8: Unable to disassemble EXTERNAL block location: 04da00a8  
2026-07-14 18:24:10 WARN  (DecompileCallback) Decompiling 04da00b0, pcode error at 04da00b0: Unable to disassemble EXTERNAL block location: 04da00b0  
2026-07-14 18:24:10 WARN  (DecompileCallback) Decompiling 04da00b8, pcode error at 04da00b8: Unable to disassemble EXTERNAL block location: 04da00b8  
2026-07-14 18:24:10 WARN  (DecompileCallback) Decompiling 04da00c0, pcode error at 04da00c0: Unable to disassemble EXTERNAL block location: 04da00c0  
2026-07-14 18:24:10 WARN  (DecompileCallback) Decompiling 04da00c8, pcode error at 04da00c8: Unable to disassemble EXTERNAL block location: 04da00c8  
2026-07-14 18:24:10 WARN  (DecompileCallback) Decompiling 04da00d0, pcode error at 04da00d0: Unable to disassemble EXTERNAL block location: 04da00d0  
2026-07-14 18:24:10 WARN  (DecompileCallback) Decompiling 04da00d8, pcode error at 04da00d8: Unable to disassemble EXTERNAL block location: 04da00d8  
2026-07-14 18:24:10 WARN  (DecompileCallback) Decompiling 04da00e0, pcode error at 04da00e0: Unable to disassemble EXTERNAL block location: 04da00e0  
2026-07-14 18:24:10 WARN  (DecompileCallback) Decompiling 04da00e8, pcode error at 04da00e8: Unable to disassemble EXTERNAL block location: 04da00e8  
2026-07-14 18:24:10 WARN  (DecompileCallback) Decompiling 04da00f0, pcode error at 04da00f0: Unable to disassemble EXTERNAL block location: 04da00f0  
2026-07-14 18:24:10 WARN  (DecompileCallback) Decompiling 04da00f8, pcode error at 04da00f8: Unable to disassemble EXTERNAL block location: 04da00f8  
2026-07-14 18:24:10 WARN  (DecompileCallback) Decompiling 04da0100, pcode error at 04da0100: Unable to disassemble EXTERNAL block location: 04da0100  
2026-07-14 18:24:10 WARN  (DecompileCallback) Decompiling 04da0108, pcode error at 04da0108: Unable to disassemble EXTERNAL block location: 04da0108  
2026-07-14 18:24:10 WARN  (DecompileCallback) Decompiling 04da0110, pcode error at 04da0110: Unable to disassemble EXTERNAL block location: 04da0110  
2026-07-14 18:24:10 WARN  (DecompileCallback) Decompiling 04da0118, pcode error at 04da0118: Unable to disassemble EXTERNAL block location: 04da0118  
2026-07-14 18:24:10 WARN  (DecompileCallback) Decompiling 04da0120, pcode error at 04da0120: Unable to disassemble EXTERNAL block location: 04da0120  
2026-07-14 18:24:10 WARN  (DecompileCallback) Decompiling 04da0128, pcode error at 04da0128: Unable to disassemble EXTERNAL block location: 04da0128  
2026-07-14 18:24:10 WARN  (DecompileCallback) Decompiling 04da0130, pcode error at 04da0130: Unable to disassemble EXTERNAL block location: 04da0130  
2026-07-14 18:24:10 WARN  (DecompileCallback) Decompiling 04da0138, pcode error at 04da0138: Unable to disassemble EXTERNAL block location: 04da0138  
2026-07-14 18:24:10 WARN  (DecompileCallback) Decompiling 04da0140, pcode error at 04da0140: Unable to disassemble EXTERNAL block location: 04da0140  
2026-07-14 18:24:10 WARN  (DecompileCallback) Decompiling 04da0148, pcode error at 04da0148: Unable to disassemble EXTERNAL block location: 04da0148  
2026-07-14 18:24:10 WARN  (DecompileCallback) Decompiling 04da0150, pcode error at 04da0150: Unable to disassemble EXTERNAL block location: 04da0150  
2026-07-14 18:24:10 WARN  (DecompileCallback) Decompiling 04da0158, pcode error at 04da0158: Unable to disassemble EXTERNAL block location: 04da0158  
2026-07-14 18:24:10 WARN  (DecompileCallback) Decompiling 04da0160, pcode error at 04da0160: Unable to disassemble EXTERNAL block location: 04da0160  
2026-07-14 18:24:10 WARN  (DecompileCallback) Decompiling 04da0168, pcode error at 04da0168: Unable to disassemble EXTERNAL block location: 04da0168  
2026-07-14 18:24:10 WARN  (DecompileCallback) Decompiling 04da0170, pcode error at 04da0170: Unable to disassemble EXTERNAL block location: 04da0170  
2026-07-14 18:24:10 WARN  (DecompileCallback) Decompiling 04da0178, pcode error at 04da0178: Unable to disassemble EXTERNAL block location: 04da0178  
2026-07-14 18:24:10 WARN  (DecompileCallback) Decompiling 04da0180, pcode error at 04da0180: Unable to disassemble EXTERNAL block location: 04da0180  
2026-07-14 18:24:10 WARN  (DecompileCallback) Decompiling 04da0188, pcode error at 04da0188: Unable to disassemble EXTERNAL block location: 04da0188  
2026-07-14 18:24:10 WARN  (DecompileCallback) Decompiling 04da0190, pcode error at 04da0190: Unable to disassemble EXTERNAL block location: 04da0190  
2026-07-14 18:24:10 WARN  (DecompileCallback) Decompiling 04da0198, pcode error at 04da0198: Unable to disassemble EXTERNAL block location: 04da0198  
2026-07-14 18:24:10 WARN  (DecompileCallback) Decompiling 04da01a0, pcode error at 04da01a0: Unable to disassemble EXTERNAL block location: 04da01a0  
2026-07-14 18:24:10 WARN  (DecompileCallback) Decompiling 04da01a8, pcode error at 04da01a8: Unable to disassemble EXTERNAL block location: 04da01a8  
2026-07-14 18:24:10 WARN  (DecompileCallback) Decompiling 04da01b0, pcode error at 04da01b0: Unable to disassemble EXTERNAL block location: 04da01b0  
2026-07-14 18:24:10 WARN  (DecompileCallback) Decompiling 04da01b8, pcode error at 04da01b8: Unable to disassemble EXTERNAL block location: 04da01b8  
2026-07-14 18:24:10 WARN  (DecompileCallback) Decompiling 04da01c0, pcode error at 04da01c0: Unable to disassemble EXTERNAL block location: 04da01c0  
2026-07-14 18:24:10 WARN  (DecompileCallback) Decompiling 04da01c8, pcode error at 04da01c8: Unable to disassemble EXTERNAL block location: 04da01c8  
2026-07-14 18:24:10 WARN  (DecompileCallback) Decompiling 04da01d0, pcode error at 04da01d0: Unable to disassemble EXTERNAL block location: 04da01d0  
2026-07-14 18:24:10 WARN  (DecompileCallback) Decompiling 04da01d8, pcode error at 04da01d8: Unable to disassemble EXTERNAL block location: 04da01d8  
2026-07-14 18:24:10 WARN  (DecompileCallback) Decompiling 04da01e0, pcode error at 04da01e0: Unable to disassemble EXTERNAL block location: 04da01e0  
2026-07-14 18:24:10 WARN  (DecompileCallback) Decompiling 04da01e8, pcode error at 04da01e8: Unable to disassemble EXTERNAL block location: 04da01e8  
2026-07-14 18:24:10 WARN  (DecompileCallback) Decompiling 04da01f0, pcode error at 04da01f0: Unable to disassemble EXTERNAL block location: 04da01f0  
2026-07-14 18:24:10 WARN  (DecompileCallback) Decompiling 04da01f8, pcode error at 04da01f8: Unable to disassemble EXTERNAL block location: 04da01f8  
2026-07-14 18:24:10 WARN  (DecompileCallback) Decompiling 04da0200, pcode error at 04da0200: Unable to disassemble EXTERNAL block location: 04da0200  
2026-07-14 18:24:10 WARN  (DecompileCallback) Decompiling 04da0208, pcode error at 04da0208: Unable to disassemble EXTERNAL block location: 04da0208  
2026-07-14 18:24:10 WARN  (DecompileCallback) Decompiling 04da0210, pcode error at 04da0210: Unable to disassemble EXTERNAL block location: 04da0210  
2026-07-14 18:24:10 WARN  (DecompileCallback) Decompiling 04da0218, pcode error at 04da0218: Unable to disassemble EXTERNAL block location: 04da0218  
2026-07-14 18:24:10 WARN  (DecompileCallback) Decompiling 04da0220, pcode error at 04da0220: Unable to disassemble EXTERNAL block location: 04da0220  
2026-07-14 18:24:10 WARN  (DecompileCallback) Decompiling 04da0228, pcode error at 04da0228: Unable to disassemble EXTERNAL block location: 04da0228  
2026-07-14 18:24:10 WARN  (DecompileCallback) Decompiling 04da0230, pcode error at 04da0230: Unable to disassemble EXTERNAL block location: 04da0230  
2026-07-14 18:24:10 WARN  (DecompileCallback) Decompiling 04da0238, pcode error at 04da0238: Unable to disassemble EXTERNAL block location: 04da0238  
2026-07-14 18:24:10 WARN  (DecompileCallback) Decompiling 04da0240, pcode error at 04da0240: Unable to disassemble EXTERNAL block location: 04da0240  
2026-07-14 18:24:10 WARN  (DecompileCallback) Decompiling 04da0248, pcode error at 04da0248: Unable to disassemble EXTERNAL block location: 04da0248  
2026-07-14 18:24:10 WARN  (DecompileCallback) Decompiling 04da0250, pcode error at 04da0250: Unable to disassemble EXTERNAL block location: 04da0250  
2026-07-14 18:24:10 WARN  (DecompileCallback) Decompiling 04da0258, pcode error at 04da0258: Unable to disassemble EXTERNAL block location: 04da0258  
2026-07-14 18:24:10 WARN  (DecompileCallback) Decompiling 04da0260, pcode error at 04da0260: Unable to disassemble EXTERNAL block location: 04da0260  
2026-07-14 18:24:10 WARN  (DecompileCallback) Decompiling 04da0268, pcode error at 04da0268: Unable to disassemble EXTERNAL block location: 04da0268  
2026-07-14 18:24:10 WARN  (DecompileCallback) Decompiling 04da0270, pcode error at 04da0270: Unable to disassemble EXTERNAL block location: 04da0270  
2026-07-14 18:24:10 WARN  (DecompileCallback) Decompiling 04da0278, pcode error at 04da0278: Unable to disassemble EXTERNAL block location: 04da0278  
2026-07-14 18:24:10 WARN  (DecompileCallback) Decompiling 04da0280, pcode error at 04da0280: Unable to disassemble EXTERNAL block location: 04da0280  
2026-07-14 18:24:10 WARN  (DecompileCallback) Decompiling 04da0288, pcode error at 04da0288: Unable to disassemble EXTERNAL block location: 04da0288  
2026-07-14 18:24:10 WARN  (DecompileCallback) Decompiling 04da0290, pcode error at 04da0290: Unable to disassemble EXTERNAL block location: 04da0290  
2026-07-14 18:24:10 WARN  (DecompileCallback) Decompiling 04da0298, pcode error at 04da0298: Unable to disassemble EXTERNAL block location: 04da0298  
2026-07-14 18:24:10 WARN  (DecompileCallback) Decompiling 04da02a0, pcode error at 04da02a0: Unable to disassemble EXTERNAL block location: 04da02a0  
2026-07-14 18:24:10 WARN  (DecompileCallback) Decompiling 04da02a8, pcode error at 04da02a8: Unable to disassemble EXTERNAL block location: 04da02a8  
2026-07-14 18:24:10 WARN  (DecompileCallback) Decompiling 04da02b0, pcode error at 04da02b0: Unable to disassemble EXTERNAL block location: 04da02b0  
2026-07-14 18:24:10 WARN  (DecompileCallback) Decompiling 04da02b8, pcode error at 04da02b8: Unable to disassemble EXTERNAL block location: 04da02b8  
2026-07-14 18:24:10 WARN  (DecompileCallback) Decompiling 04da02c0, pcode error at 04da02c0: Unable to disassemble EXTERNAL block location: 04da02c0  
2026-07-14 18:24:10 WARN  (DecompileCallback) Decompiling 04da02c8, pcode error at 04da02c8: Unable to disassemble EXTERNAL block location: 04da02c8  
2026-07-14 18:24:10 WARN  (DecompileCallback) Decompiling 04da02d0, pcode error at 04da02d0: Unable to disassemble EXTERNAL block location: 04da02d0  
2026-07-14 18:24:10 WARN  (DecompileCallback) Decompiling 04da02d8, pcode error at 04da02d8: Unable to disassemble EXTERNAL block location: 04da02d8  
2026-07-14 18:24:10 WARN  (DecompileCallback) Decompiling 04da02e8, pcode error at 04da02e8: Unable to disassemble EXTERNAL block location: 04da02e8  
2026-07-14 18:24:10 WARN  (DecompileCallback) Decompiling 04da02f0, pcode error at 04da02f0: Unable to disassemble EXTERNAL block location: 04da02f0  
2026-07-14 18:24:10 WARN  (DecompileCallback) Decompiling 04da02f8, pcode error at 04da02f8: Unable to disassemble EXTERNAL block location: 04da02f8  
2026-07-14 18:24:10 WARN  (DecompileCallback) Decompiling 04da0300, pcode error at 04da0300: Unable to disassemble EXTERNAL block location: 04da0300  
2026-07-14 18:24:10 WARN  (DecompileCallback) Decompiling 04da0308, pcode error at 04da0308: Unable to disassemble EXTERNAL block location: 04da0308  
2026-07-14 18:24:10 WARN  (DecompileCallback) Decompiling 04da0310, pcode error at 04da0310: Unable to disassemble EXTERNAL block location: 04da0310  
2026-07-14 18:24:10 WARN  (DecompileCallback) Decompiling 04da0318, pcode error at 04da0318: Unable to disassemble EXTERNAL block location: 04da0318  
2026-07-14 18:24:10 WARN  (DecompileCallback) Decompiling 04da0320, pcode error at 04da0320: Unable to disassemble EXTERNAL block location: 04da0320  
2026-07-14 18:24:10 WARN  (DecompileCallback) Decompiling 04da0328, pcode error at 04da0328: Unable to disassemble EXTERNAL block location: 04da0328  
2026-07-14 18:24:10 WARN  (DecompileCallback) Decompiling 04da0330, pcode error at 04da0330: Unable to disassemble EXTERNAL block location: 04da0330  
2026-07-14 18:24:10 WARN  (DecompileCallback) Decompiling 04da0338, pcode error at 04da0338: Unable to disassemble EXTERNAL block location: 04da0338  
2026-07-14 18:24:10 WARN  (DecompileCallback) Decompiling 04da0340, pcode error at 04da0340: Unable to disassemble EXTERNAL block location: 04da0340  
2026-07-14 18:24:10 WARN  (DecompileCallback) Decompiling 04da0348, pcode error at 04da0348: Unable to disassemble EXTERNAL block location: 04da0348  
2026-07-14 18:24:10 WARN  (DecompileCallback) Decompiling 04da0350, pcode error at 04da0350: Unable to disassemble EXTERNAL block location: 04da0350  
2026-07-14 18:24:10 WARN  (DecompileCallback) Decompiling 04da0358, pcode error at 04da0358: Unable to disassemble EXTERNAL block location: 04da0358  
2026-07-14 18:24:10 WARN  (DecompileCallback) Decompiling 04da0360, pcode error at 04da0360: Unable to disassemble EXTERNAL block location: 04da0360  
2026-07-14 18:24:10 WARN  (DecompileCallback) Decompiling 04da0368, pcode error at 04da0368: Unable to disassemble EXTERNAL block location: 04da0368  
2026-07-14 18:24:10 WARN  (DecompileCallback) Decompiling 04da0370, pcode error at 04da0370: Unable to disassemble EXTERNAL block location: 04da0370  
2026-07-14 18:24:10 WARN  (DecompileCallback) Decompiling 04da0380, pcode error at 04da0380: Unable to disassemble EXTERNAL block location: 04da0380  
2026-07-14 18:24:10 WARN  (DecompileCallback) Decompiling 04da0388, pcode error at 04da0388: Unable to disassemble EXTERNAL block location: 04da0388  
2026-07-14 18:24:10 WARN  (DecompileCallback) Decompiling 04da0390, pcode error at 04da0390: Unable to disassemble EXTERNAL block location: 04da0390  
2026-07-14 18:24:10 WARN  (DecompileCallback) Decompiling 04da0398, pcode error at 04da0398: Unable to disassemble EXTERNAL block location: 04da0398  
2026-07-14 18:24:10 WARN  (DecompileCallback) Decompiling 04da03a0, pcode error at 04da03a0: Unable to disassemble EXTERNAL block location: 04da03a0  
2026-07-14 18:24:10 WARN  (DecompileCallback) Decompiling 04da03a8, pcode error at 04da03a8: Unable to disassemble EXTERNAL block location: 04da03a8  
2026-07-14 18:24:10 WARN  (DecompileCallback) Decompiling 04da03b0, pcode error at 04da03b0: Unable to disassemble EXTERNAL block location: 04da03b0  
2026-07-14 18:24:10 WARN  (DecompileCallback) Decompiling 04da03b8, pcode error at 04da03b8: Unable to disassemble EXTERNAL block location: 04da03b8  
2026-07-14 18:24:10 WARN  (DecompileCallback) Decompiling 04da03c0, pcode error at 04da03c0: Unable to disassemble EXTERNAL block location: 04da03c0  
2026-07-14 18:24:10 WARN  (DecompileCallback) Decompiling 04da03c8, pcode error at 04da03c8: Unable to disassemble EXTERNAL block location: 04da03c8  
2026-07-14 18:24:10 WARN  (DecompileCallback) Decompiling 04da03d0, pcode error at 04da03d0: Unable to disassemble EXTERNAL block location: 04da03d0  
2026-07-14 18:24:10 WARN  (DecompileCallback) Decompiling 04da03d8, pcode error at 04da03d8: Unable to disassemble EXTERNAL block location: 04da03d8  
2026-07-14 18:24:10 WARN  (DecompileCallback) Decompiling 04da03e0, pcode error at 04da03e0: Unable to disassemble EXTERNAL block location: 04da03e0  
2026-07-14 18:24:10 WARN  (DecompileCallback) Decompiling 04da03e8, pcode error at 04da03e8: Unable to disassemble EXTERNAL block location: 04da03e8  
2026-07-14 18:24:10 WARN  (DecompileCallback) Decompiling 04da03f0, pcode error at 04da03f0: Unable to disassemble EXTERNAL block location: 04da03f0  
2026-07-14 18:24:10 WARN  (DecompileCallback) Decompiling 04da03f8, pcode error at 04da03f8: Unable to disassemble EXTERNAL block location: 04da03f8  
2026-07-14 18:24:10 WARN  (DecompileCallback) Decompiling 04da0400, pcode error at 04da0400: Unable to disassemble EXTERNAL block location: 04da0400  
2026-07-14 18:24:10 WARN  (DecompileCallback) Decompiling 04da0408, pcode error at 04da0408: Unable to disassemble EXTERNAL block location: 04da0408  
2026-07-14 18:24:10 WARN  (DecompileCallback) Decompiling 04da0410, pcode error at 04da0410: Unable to disassemble EXTERNAL block location: 04da0410  
2026-07-14 18:24:10 WARN  (DecompileCallback) Decompiling 04da0418, pcode error at 04da0418: Unable to disassemble EXTERNAL block location: 04da0418  
2026-07-14 18:24:10 WARN  (DecompileCallback) Decompiling 04da0420, pcode error at 04da0420: Unable to disassemble EXTERNAL block location: 04da0420  
2026-07-14 18:24:10 WARN  (DecompileCallback) Decompiling 04da0428, pcode error at 04da0428: Unable to disassemble EXTERNAL block location: 04da0428  
2026-07-14 18:24:10 WARN  (DecompileCallback) Decompiling 04da0430, pcode error at 04da0430: Unable to disassemble EXTERNAL block location: 04da0430  
2026-07-14 18:24:10 WARN  (DecompileCallback) Decompiling 04da0438, pcode error at 04da0438: Unable to disassemble EXTERNAL block location: 04da0438  
2026-07-14 18:24:10 WARN  (DecompileCallback) Decompiling 04da0440, pcode error at 04da0440: Unable to disassemble EXTERNAL block location: 04da0440  
2026-07-14 18:24:10 WARN  (DecompileCallback) Decompiling 04da0448, pcode error at 04da0448: Unable to disassemble EXTERNAL block location: 04da0448  
2026-07-14 18:24:10 WARN  (DecompileCallback) Decompiling 04da0450, pcode error at 04da0450: Unable to disassemble EXTERNAL block location: 04da0450  
2026-07-14 18:24:10 WARN  (DecompileCallback) Decompiling 04da0458, pcode error at 04da0458: Unable to disassemble EXTERNAL block location: 04da0458  
2026-07-14 18:24:10 WARN  (DecompileCallback) Decompiling 04da0460, pcode error at 04da0460: Unable to disassemble EXTERNAL block location: 04da0460  
2026-07-14 18:24:10 WARN  (DecompileCallback) Decompiling 04da0468, pcode error at 04da0468: Unable to disassemble EXTERNAL block location: 04da0468  
2026-07-14 18:24:10 WARN  (DecompileCallback) Decompiling 04da0470, pcode error at 04da0470: Unable to disassemble EXTERNAL block location: 04da0470  
2026-07-14 18:24:10 WARN  (DecompileCallback) Decompiling 04da0478, pcode error at 04da0478: Unable to disassemble EXTERNAL block location: 04da0478  
2026-07-14 18:24:10 WARN  (DecompileCallback) Decompiling 04da0480, pcode error at 04da0480: Unable to disassemble EXTERNAL block location: 04da0480  
2026-07-14 18:24:10 WARN  (DecompileCallback) Decompiling 04da0488, pcode error at 04da0488: Unable to disassemble EXTERNAL block location: 04da0488  
2026-07-14 18:24:10 WARN  (DecompileCallback) Decompiling 04da0490, pcode error at 04da0490: Unable to disassemble EXTERNAL block location: 04da0490  
2026-07-14 18:24:10 WARN  (DecompileCallback) Decompiling 04da0498, pcode error at 04da0498: Unable to disassemble EXTERNAL block location: 04da0498  
2026-07-14 18:24:10 WARN  (DecompileCallback) Decompiling 04da04a0, pcode error at 04da04a0: Unable to disassemble EXTERNAL block location: 04da04a0  
2026-07-14 18:24:10 WARN  (DecompileCallback) Decompiling 04da04a8, pcode error at 04da04a8: Unable to disassemble EXTERNAL block location: 04da04a8  
2026-07-14 18:24:10 WARN  (DecompileCallback) Decompiling 04da04b0, pcode error at 04da04b0: Unable to disassemble EXTERNAL block location: 04da04b0  
2026-07-14 18:24:10 WARN  (DecompileCallback) Decompiling 04da04b8, pcode error at 04da04b8: Unable to disassemble EXTERNAL block location: 04da04b8  
2026-07-14 18:24:10 WARN  (DecompileCallback) Decompiling 04da04c0, pcode error at 04da04c0: Unable to disassemble EXTERNAL block location: 04da04c0  
2026-07-14 18:24:10 WARN  (DecompileCallback) Decompiling 04da04c8, pcode error at 04da04c8: Unable to disassemble EXTERNAL block location: 04da04c8  
2026-07-14 18:24:10 WARN  (DecompileCallback) Decompiling 04da04d0, pcode error at 04da04d0: Unable to disassemble EXTERNAL block location: 04da04d0  
2026-07-14 18:24:10 WARN  (DecompileCallback) Decompiling 04da04d8, pcode error at 04da04d8: Unable to disassemble EXTERNAL block location: 04da04d8  
2026-07-14 18:24:10 WARN  (DecompileCallback) Decompiling 04da04e0, pcode error at 04da04e0: Unable to disassemble EXTERNAL block location: 04da04e0  
2026-07-14 18:24:10 WARN  (DecompileCallback) Decompiling 04da04e8, pcode error at 04da04e8: Unable to disassemble EXTERNAL block location: 04da04e8  
2026-07-14 18:24:10 WARN  (DecompileCallback) Decompiling 04da04f0, pcode error at 04da04f0: Unable to disassemble EXTERNAL block location: 04da04f0  
2026-07-14 18:24:10 WARN  (DecompileCallback) Decompiling 04da04f8, pcode error at 04da04f8: Unable to disassemble EXTERNAL block location: 04da04f8  
2026-07-14 18:24:10 WARN  (DecompileCallback) Decompiling 04da0500, pcode error at 04da0500: Unable to disassemble EXTERNAL block location: 04da0500  
2026-07-14 18:24:10 WARN  (DecompileCallback) Decompiling 04da0508, pcode error at 04da0508: Unable to disassemble EXTERNAL block location: 04da0508  
2026-07-14 18:24:10 WARN  (DecompileCallback) Decompiling 04da0510, pcode error at 04da0510: Unable to disassemble EXTERNAL block location: 04da0510  
2026-07-14 18:24:10 WARN  (DecompileCallback) Decompiling 04da0518, pcode error at 04da0518: Unable to disassemble EXTERNAL block location: 04da0518  
2026-07-14 18:24:10 WARN  (DecompileCallback) Decompiling 04da0520, pcode error at 04da0520: Unable to disassemble EXTERNAL block location: 04da0520  
2026-07-14 18:24:10 WARN  (DecompileCallback) Decompiling 04da0528, pcode error at 04da0528: Unable to disassemble EXTERNAL block location: 04da0528  
2026-07-14 18:24:10 WARN  (DecompileCallback) Decompiling 04da0530, pcode error at 04da0530: Unable to disassemble EXTERNAL block location: 04da0530  
2026-07-14 18:24:10 WARN  (DecompileCallback) Decompiling 04da0538, pcode error at 04da0538: Unable to disassemble EXTERNAL block location: 04da0538  
2026-07-14 18:24:10 WARN  (DecompileCallback) Decompiling 04da0540, pcode error at 04da0540: Unable to disassemble EXTERNAL block location: 04da0540  
2026-07-14 18:24:10 WARN  (DecompileCallback) Decompiling 04da0548, pcode error at 04da0548: Unable to disassemble EXTERNAL block location: 04da0548  
2026-07-14 18:24:10 WARN  (DecompileCallback) Decompiling 04da0550, pcode error at 04da0550: Unable to disassemble EXTERNAL block location: 04da0550  
2026-07-14 18:24:10 WARN  (DecompileCallback) Decompiling 04da0558, pcode error at 04da0558: Unable to disassemble EXTERNAL block location: 04da0558  
2026-07-14 18:24:10 WARN  (DecompileCallback) Decompiling 04da0560, pcode error at 04da0560: Unable to disassemble EXTERNAL block location: 04da0560  
2026-07-14 18:24:10 WARN  (DecompileCallback) Decompiling 04da0568, pcode error at 04da0568: Unable to disassemble EXTERNAL block location: 04da0568  
2026-07-14 18:24:10 WARN  (DecompileCallback) Decompiling 04da0570, pcode error at 04da0570: Unable to disassemble EXTERNAL block location: 04da0570  
2026-07-14 18:24:10 WARN  (DecompileCallback) Decompiling 04da0578, pcode error at 04da0578: Unable to disassemble EXTERNAL block location: 04da0578  
2026-07-14 18:24:10 WARN  (DecompileCallback) Decompiling 04da0580, pcode error at 04da0580: Unable to disassemble EXTERNAL block location: 04da0580  
2026-07-14 18:24:10 WARN  (DecompileCallback) Decompiling 04da0588, pcode error at 04da0588: Unable to disassemble EXTERNAL block location: 04da0588  
2026-07-14 18:24:10 WARN  (DecompileCallback) Decompiling 04da0590, pcode error at 04da0590: Unable to disassemble EXTERNAL block location: 04da0590  
2026-07-14 18:24:10 WARN  (DecompileCallback) Decompiling 04da0598, pcode error at 04da0598: Unable to disassemble EXTERNAL block location: 04da0598  
2026-07-14 18:24:10 WARN  (DecompileCallback) Decompiling 04da05a0, pcode error at 04da05a0: Unable to disassemble EXTERNAL block location: 04da05a0  
2026-07-14 18:24:10 WARN  (DecompileCallback) Decompiling 04da05a8, pcode error at 04da05a8: Unable to disassemble EXTERNAL block location: 04da05a8  
2026-07-14 18:24:10 WARN  (DecompileCallback) Decompiling 04da05b0, pcode error at 04da05b0: Unable to disassemble EXTERNAL block location: 04da05b0  
2026-07-14 18:24:10 WARN  (DecompileCallback) Decompiling 04da05b8, pcode error at 04da05b8: Unable to disassemble EXTERNAL block location: 04da05b8  
2026-07-14 18:24:10 WARN  (DecompileCallback) Decompiling 04da05c0, pcode error at 04da05c0: Unable to disassemble EXTERNAL block location: 04da05c0  
2026-07-14 18:24:10 WARN  (DecompileCallback) Decompiling 04da05c8, pcode error at 04da05c8: Unable to disassemble EXTERNAL block location: 04da05c8  
2026-07-14 18:24:10 WARN  (DecompileCallback) Decompiling 04da05d0, pcode error at 04da05d0: Unable to disassemble EXTERNAL block location: 04da05d0  
2026-07-14 18:24:10 WARN  (DecompileCallback) Decompiling 04da05d8, pcode error at 04da05d8: Unable to disassemble EXTERNAL block location: 04da05d8  
2026-07-14 18:24:10 WARN  (DecompileCallback) Decompiling 04da05e0, pcode error at 04da05e0: Unable to disassemble EXTERNAL block location: 04da05e0  
2026-07-14 18:24:10 WARN  (DecompileCallback) Decompiling 04da05e8, pcode error at 04da05e8: Unable to disassemble EXTERNAL block location: 04da05e8  
2026-07-14 18:24:10 WARN  (DecompileCallback) Decompiling 04da05f0, pcode error at 04da05f0: Unable to disassemble EXTERNAL block location: 04da05f0  
2026-07-14 18:24:10 WARN  (DecompileCallback) Decompiling 04da05f8, pcode error at 04da05f8: Unable to disassemble EXTERNAL block location: 04da05f8  
2026-07-14 18:24:10 WARN  (DecompileCallback) Decompiling 04da0600, pcode error at 04da0600: Unable to disassemble EXTERNAL block location: 04da0600  
2026-07-14 18:24:10 WARN  (DecompileCallback) Decompiling 04da0608, pcode error at 04da0608: Unable to disassemble EXTERNAL block location: 04da0608  
2026-07-14 18:24:10 WARN  (DecompileCallback) Decompiling 04da0610, pcode error at 04da0610: Unable to disassemble EXTERNAL block location: 04da0610  
2026-07-14 18:24:10 WARN  (DecompileCallback) Decompiling 04da0618, pcode error at 04da0618: Unable to disassemble EXTERNAL block location: 04da0618  
2026-07-14 18:24:10 WARN  (DecompileCallback) Decompiling 04da0620, pcode error at 04da0620: Unable to disassemble EXTERNAL block location: 04da0620  
2026-07-14 18:24:10 WARN  (DecompileCallback) Decompiling 04da0628, pcode error at 04da0628: Unable to disassemble EXTERNAL block location: 04da0628  
2026-07-14 18:24:10 WARN  (DecompileCallback) Decompiling 04da0630, pcode error at 04da0630: Unable to disassemble EXTERNAL block location: 04da0630  
2026-07-14 18:24:10 WARN  (DecompileCallback) Decompiling 04da0638, pcode error at 04da0638: Unable to disassemble EXTERNAL block location: 04da0638  
2026-07-14 18:24:10 WARN  (DecompileCallback) Decompiling 04da0640, pcode error at 04da0640: Unable to disassemble EXTERNAL block location: 04da0640  
2026-07-14 18:24:10 WARN  (DecompileCallback) Decompiling 04da0648, pcode error at 04da0648: Unable to disassemble EXTERNAL block location: 04da0648  
2026-07-14 18:24:10 WARN  (DecompileCallback) Decompiling 04da0650, pcode error at 04da0650: Unable to disassemble EXTERNAL block location: 04da0650  
2026-07-14 18:24:10 WARN  (DecompileCallback) Decompiling 04da0658, pcode error at 04da0658: Unable to disassemble EXTERNAL block location: 04da0658  
2026-07-14 18:24:10 WARN  (DecompileCallback) Decompiling 04da0660, pcode error at 04da0660: Unable to disassemble EXTERNAL block location: 04da0660  
2026-07-14 18:24:10 WARN  (DecompileCallback) Decompiling 04da0668, pcode error at 04da0668: Unable to disassemble EXTERNAL block location: 04da0668  
2026-07-14 18:24:10 WARN  (DecompileCallback) Decompiling 04da0670, pcode error at 04da0670: Unable to disassemble EXTERNAL block location: 04da0670  
2026-07-14 18:24:10 WARN  (DecompileCallback) Decompiling 04da0678, pcode error at 04da0678: Unable to disassemble EXTERNAL block location: 04da0678  
2026-07-14 18:24:10 WARN  (DecompileCallback) Decompiling 04da0680, pcode error at 04da0680: Unable to disassemble EXTERNAL block location: 04da0680  
2026-07-14 18:24:10 WARN  (DecompileCallback) Decompiling 04da0688, pcode error at 04da0688: Unable to disassemble EXTERNAL block location: 04da0688  
2026-07-14 18:24:10 WARN  (DecompileCallback) Decompiling 04da0690, pcode error at 04da0690: Unable to disassemble EXTERNAL block location: 04da0690  
2026-07-14 18:24:10 WARN  (DecompileCallback) Decompiling 04da0698, pcode error at 04da0698: Unable to disassemble EXTERNAL block location: 04da0698  
2026-07-14 18:24:10 WARN  (DecompileCallback) Decompiling 04da06a0, pcode error at 04da06a0: Unable to disassemble EXTERNAL block location: 04da06a0  
2026-07-14 18:24:10 WARN  (DecompileCallback) Decompiling 04da06a8, pcode error at 04da06a8: Unable to disassemble EXTERNAL block location: 04da06a8  
2026-07-14 18:24:10 WARN  (DecompileCallback) Decompiling 04da06b0, pcode error at 04da06b0: Unable to disassemble EXTERNAL block location: 04da06b0  
2026-07-14 18:24:10 WARN  (DecompileCallback) Decompiling 04da06b8, pcode error at 04da06b8: Unable to disassemble EXTERNAL block location: 04da06b8  
2026-07-14 18:24:10 WARN  (DecompileCallback) Decompiling 04da06c0, pcode error at 04da06c0: Unable to disassemble EXTERNAL block location: 04da06c0  
2026-07-14 18:24:10 WARN  (DecompileCallback) Decompiling 04da06c8, pcode error at 04da06c8: Unable to disassemble EXTERNAL block location: 04da06c8  
2026-07-14 18:24:10 WARN  (DecompileCallback) Decompiling 04da06d0, pcode error at 04da06d0: Unable to disassemble EXTERNAL block location: 04da06d0  
2026-07-14 18:24:10 WARN  (DecompileCallback) Decompiling 04da06d8, pcode error at 04da06d8: Unable to disassemble EXTERNAL block location: 04da06d8  
2026-07-14 18:24:10 WARN  (DecompileCallback) Decompiling 04da06e0, pcode error at 04da06e0: Unable to disassemble EXTERNAL block location: 04da06e0  
2026-07-14 18:24:10 WARN  (DecompileCallback) Decompiling 04da06e8, pcode error at 04da06e8: Unable to disassemble EXTERNAL block location: 04da06e8  
2026-07-14 18:24:10 WARN  (DecompileCallback) Decompiling 04da06f0, pcode error at 04da06f0: Unable to disassemble EXTERNAL block location: 04da06f0  
2026-07-14 18:24:10 WARN  (DecompileCallback) Decompiling 04da06f8, pcode error at 04da06f8: Unable to disassemble EXTERNAL block location: 04da06f8  
2026-07-14 18:24:10 WARN  (DecompileCallback) Decompiling 04da0700, pcode error at 04da0700: Unable to disassemble EXTERNAL block location: 04da0700  
2026-07-14 18:24:10 WARN  (DecompileCallback) Decompiling 04da0708, pcode error at 04da0708: Unable to disassemble EXTERNAL block location: 04da0708  
2026-07-14 18:24:10 WARN  (DecompileCallback) Decompiling 04da0710, pcode error at 04da0710: Unable to disassemble EXTERNAL block location: 04da0710  
2026-07-14 18:24:10 WARN  (DecompileCallback) Decompiling 04da0718, pcode error at 04da0718: Unable to disassemble EXTERNAL block location: 04da0718  
2026-07-14 18:24:10 WARN  (DecompileCallback) Decompiling 04da0720, pcode error at 04da0720: Unable to disassemble EXTERNAL block location: 04da0720  
2026-07-14 18:24:10 WARN  (DecompileCallback) Decompiling 04da0728, pcode error at 04da0728: Unable to disassemble EXTERNAL block location: 04da0728  
2026-07-14 18:24:10 WARN  (DecompileCallback) Decompiling 04da0730, pcode error at 04da0730: Unable to disassemble EXTERNAL block location: 04da0730  
2026-07-14 18:24:10 WARN  (DecompileCallback) Decompiling 04da0738, pcode error at 04da0738: Unable to disassemble EXTERNAL block location: 04da0738  
2026-07-14 18:24:10 WARN  (DecompileCallback) Decompiling 04da0740, pcode error at 04da0740: Unable to disassemble EXTERNAL block location: 04da0740  
2026-07-14 18:24:10 WARN  (DecompileCallback) Decompiling 04da0748, pcode error at 04da0748: Unable to disassemble EXTERNAL block location: 04da0748  
2026-07-14 18:24:10 WARN  (DecompileCallback) Decompiling 04da0750, pcode error at 04da0750: Unable to disassemble EXTERNAL block location: 04da0750  
2026-07-14 18:24:10 WARN  (DecompileCallback) Decompiling 04da0758, pcode error at 04da0758: Unable to disassemble EXTERNAL block location: 04da0758  
2026-07-14 18:24:10 WARN  (DecompileCallback) Decompiling 04da0760, pcode error at 04da0760: Unable to disassemble EXTERNAL block location: 04da0760  
2026-07-14 18:24:10 WARN  (DecompileCallback) Decompiling 04da0768, pcode error at 04da0768: Unable to disassemble EXTERNAL block location: 04da0768  
2026-07-14 18:24:10 WARN  (DecompileCallback) Decompiling 04da0770, pcode error at 04da0770: Unable to disassemble EXTERNAL block location: 04da0770  
2026-07-14 18:24:10 WARN  (DecompileCallback) Decompiling 04da0778, pcode error at 04da0778: Unable to disassemble EXTERNAL block location: 04da0778  
2026-07-14 18:24:10 WARN  (DecompileCallback) Decompiling 04da0780, pcode error at 04da0780: Unable to disassemble EXTERNAL block location: 04da0780  
2026-07-14 18:24:10 WARN  (DecompileCallback) Decompiling 04da0788, pcode error at 04da0788: Unable to disassemble EXTERNAL block location: 04da0788  
2026-07-14 18:24:10 WARN  (DecompileCallback) Decompiling 04da0790, pcode error at 04da0790: Unable to disassemble EXTERNAL block location: 04da0790  
2026-07-14 18:24:10 WARN  (DecompileCallback) Decompiling 04da0798, pcode error at 04da0798: Unable to disassemble EXTERNAL block location: 04da0798  
2026-07-14 18:24:10 WARN  (DecompileCallback) Decompiling 04da07a0, pcode error at 04da07a0: Unable to disassemble EXTERNAL block location: 04da07a0  
2026-07-14 18:24:10 WARN  (DecompileCallback) Decompiling 04da07a8, pcode error at 04da07a8: Unable to disassemble EXTERNAL block location: 04da07a8  
2026-07-14 18:24:10 WARN  (DecompileCallback) Decompiling 04da07b0, pcode error at 04da07b0: Unable to disassemble EXTERNAL block location: 04da07b0  
2026-07-14 18:24:10 WARN  (DecompileCallback) Decompiling 04da07b8, pcode error at 04da07b8: Unable to disassemble EXTERNAL block location: 04da07b8  
2026-07-14 18:24:10 WARN  (DecompileCallback) Decompiling 04da07c0, pcode error at 04da07c0: Unable to disassemble EXTERNAL block location: 04da07c0  
2026-07-14 18:24:10 WARN  (DecompileCallback) Decompiling 04da07c8, pcode error at 04da07c8: Unable to disassemble EXTERNAL block location: 04da07c8  
2026-07-14 18:24:10 WARN  (DecompileCallback) Decompiling 04da07d0, pcode error at 04da07d0: Unable to disassemble EXTERNAL block location: 04da07d0  
2026-07-14 18:24:10 WARN  (DecompileCallback) Decompiling 04da07d8, pcode error at 04da07d8: Unable to disassemble EXTERNAL block location: 04da07d8  
2026-07-14 18:24:10 WARN  (DecompileCallback) Decompiling 04da07e0, pcode error at 04da07e0: Unable to disassemble EXTERNAL block location: 04da07e0  
2026-07-14 18:24:10 WARN  (DecompileCallback) Decompiling 04da07e8, pcode error at 04da07e8: Unable to disassemble EXTERNAL block location: 04da07e8  
2026-07-14 18:24:10 WARN  (DecompileCallback) Decompiling 04da07f0, pcode error at 04da07f0: Unable to disassemble EXTERNAL block location: 04da07f0  
2026-07-14 18:24:10 WARN  (DecompileCallback) Decompiling 04da07f8, pcode error at 04da07f8: Unable to disassemble EXTERNAL block location: 04da07f8  
2026-07-14 18:24:10 WARN  (DecompileCallback) Decompiling 04da0800, pcode error at 04da0800: Unable to disassemble EXTERNAL block location: 04da0800  
2026-07-14 18:24:10 WARN  (DecompileCallback) Decompiling 04da0808, pcode error at 04da0808: Unable to disassemble EXTERNAL block location: 04da0808  
2026-07-14 18:24:10 WARN  (DecompileCallback) Decompiling 04da0810, pcode error at 04da0810: Unable to disassemble EXTERNAL block location: 04da0810  
2026-07-14 18:24:10 WARN  (DecompileCallback) Decompiling 04da0818, pcode error at 04da0818: Unable to disassemble EXTERNAL block location: 04da0818  
2026-07-14 18:24:10 WARN  (DecompileCallback) Decompiling 04da0820, pcode error at 04da0820: Unable to disassemble EXTERNAL block location: 04da0820  
2026-07-14 18:24:10 WARN  (DecompileCallback) Decompiling 04da0828, pcode error at 04da0828: Unable to disassemble EXTERNAL block location: 04da0828  
2026-07-14 18:24:10 WARN  (DecompileCallback) Decompiling 04da0830, pcode error at 04da0830: Unable to disassemble EXTERNAL block location: 04da0830  
2026-07-14 18:24:10 WARN  (DecompileCallback) Decompiling 04da0838, pcode error at 04da0838: Unable to disassemble EXTERNAL block location: 04da0838  
2026-07-14 18:24:10 WARN  (DecompileCallback) Decompiling 04da0840, pcode error at 04da0840: Unable to disassemble EXTERNAL block location: 04da0840  
2026-07-14 18:24:10 WARN  (DecompileCallback) Decompiling 04da0848, pcode error at 04da0848: Unable to disassemble EXTERNAL block location: 04da0848  
2026-07-14 18:24:10 WARN  (DecompileCallback) Decompiling 04da0850, pcode error at 04da0850: Unable to disassemble EXTERNAL block location: 04da0850  
2026-07-14 18:24:10 WARN  (DecompileCallback) Decompiling 04da0858, pcode error at 04da0858: Unable to disassemble EXTERNAL block location: 04da0858  
2026-07-14 18:24:10 WARN  (DecompileCallback) Decompiling 04da0860, pcode error at 04da0860: Unable to disassemble EXTERNAL block location: 04da0860  
2026-07-14 18:24:10 WARN  (DecompileCallback) Decompiling 04da0868, pcode error at 04da0868: Unable to disassemble EXTERNAL block location: 04da0868  
2026-07-14 18:24:10 WARN  (DecompileCallback) Decompiling 04da0870, pcode error at 04da0870: Unable to disassemble EXTERNAL block location: 04da0870  
2026-07-14 18:24:10 WARN  (DecompileCallback) Decompiling 04da0878, pcode error at 04da0878: Unable to disassemble EXTERNAL block location: 04da0878  
2026-07-14 18:24:10 WARN  (DecompileCallback) Decompiling 04da0880, pcode error at 04da0880: Unable to disassemble EXTERNAL block location: 04da0880  
2026-07-14 18:24:10 WARN  (DecompileCallback) Decompiling 04da0888, pcode error at 04da0888: Unable to disassemble EXTERNAL block location: 04da0888  
2026-07-14 18:24:10 WARN  (DecompileCallback) Decompiling 04da0890, pcode error at 04da0890: Unable to disassemble EXTERNAL block location: 04da0890  
2026-07-14 18:24:10 WARN  (DecompileCallback) Decompiling 04da0898, pcode error at 04da0898: Unable to disassemble EXTERNAL block location: 04da0898  
2026-07-14 18:24:10 WARN  (DecompileCallback) Decompiling 04da08a0, pcode error at 04da08a0: Unable to disassemble EXTERNAL block location: 04da08a0  
2026-07-14 18:24:10 WARN  (DecompileCallback) Decompiling 04da08a8, pcode error at 04da08a8: Unable to disassemble EXTERNAL block location: 04da08a8  
2026-07-14 18:24:10 WARN  (DecompileCallback) Decompiling 04da08b0, pcode error at 04da08b0: Unable to disassemble EXTERNAL block location: 04da08b0  
2026-07-14 18:24:10 WARN  (DecompileCallback) Decompiling 04da08b8, pcode error at 04da08b8: Unable to disassemble EXTERNAL block location: 04da08b8  
2026-07-14 18:24:10 WARN  (DecompileCallback) Decompiling 04da08c0, pcode error at 04da08c0: Unable to disassemble EXTERNAL block location: 04da08c0  
2026-07-14 18:24:10 WARN  (DecompileCallback) Decompiling 04da08c8, pcode error at 04da08c8: Unable to disassemble EXTERNAL block location: 04da08c8  
2026-07-14 18:24:10 WARN  (DecompileCallback) Decompiling 04da08d0, pcode error at 04da08d0: Unable to disassemble EXTERNAL block location: 04da08d0  
2026-07-14 18:24:10 WARN  (DecompileCallback) Decompiling 04da08d8, pcode error at 04da08d8: Unable to disassemble EXTERNAL block location: 04da08d8  
2026-07-14 18:24:10 WARN  (DecompileCallback) Decompiling 04da08e0, pcode error at 04da08e0: Unable to disassemble EXTERNAL block location: 04da08e0  
2026-07-14 18:24:10 WARN  (DecompileCallback) Decompiling 04da08e8, pcode error at 04da08e8: Unable to disassemble EXTERNAL block location: 04da08e8  
2026-07-14 18:24:10 WARN  (DecompileCallback) Decompiling 04da08f0, pcode error at 04da08f0: Unable to disassemble EXTERNAL block location: 04da08f0  
2026-07-14 18:24:10 WARN  (DecompileCallback) Decompiling 04da08f8, pcode error at 04da08f8: Unable to disassemble EXTERNAL block location: 04da08f8  
2026-07-14 18:24:10 WARN  (DecompileCallback) Decompiling 04da0900, pcode error at 04da0900: Unable to disassemble EXTERNAL block location: 04da0900  
2026-07-14 18:24:10 WARN  (DecompileCallback) Decompiling 04da0908, pcode error at 04da0908: Unable to disassemble EXTERNAL block location: 04da0908  
2026-07-14 18:24:10 WARN  (DecompileCallback) Decompiling 04da0910, pcode error at 04da0910: Unable to disassemble EXTERNAL block location: 04da0910  
2026-07-14 18:24:10 WARN  (DecompileCallback) Decompiling 04da0918, pcode error at 04da0918: Unable to disassemble EXTERNAL block location: 04da0918  
2026-07-14 18:24:10 WARN  (DecompileCallback) Decompiling 04da0920, pcode error at 04da0920: Unable to disassemble EXTERNAL block location: 04da0920  
2026-07-14 18:24:10 WARN  (DecompileCallback) Decompiling 04da0928, pcode error at 04da0928: Unable to disassemble EXTERNAL block location: 04da0928  
2026-07-14 18:24:10 WARN  (DecompileCallback) Decompiling 04da0930, pcode error at 04da0930: Unable to disassemble EXTERNAL block location: 04da0930  
2026-07-14 18:24:10 WARN  (DecompileCallback) Decompiling 04da0938, pcode error at 04da0938: Unable to disassemble EXTERNAL block location: 04da0938  
2026-07-14 18:24:10 WARN  (DecompileCallback) Decompiling 04da0940, pcode error at 04da0940: Unable to disassemble EXTERNAL block location: 04da0940  
2026-07-14 18:24:10 WARN  (DecompileCallback) Decompiling 04da0948, pcode error at 04da0948: Unable to disassemble EXTERNAL block location: 04da0948  
2026-07-14 18:24:10 INFO  (GhidraScript) GeneralStructureEyePatternScan.java> General structure scan complete.  
2026-07-14 18:24:10 INFO  (GhidraScript) GeneralStructureEyePatternScan.java> Total functions scanned: 341988  
2026-07-14 18:24:10 INFO  (GhidraScript) GeneralStructureEyePatternScan.java> Exported functions: 2134  
2026-07-14 18:24:10 INFO  (GhidraScript) GeneralStructureEyePatternScan.java> Decompile failures: 1491  
2026-07-14 18:24:10 INFO  (GhidraScript) GeneralStructureEyePatternScan.java> Report CSV: C:\realDesktop\manifest-evaluations\summer-26\ghidra-pipeline\il2cpp-files\finalkickVR\general-structure-results\structure_scan_report.csv  
2026-07-14 18:24:10 INFO  (GhidraScript) GeneralStructureEyePatternScan.java> Report JSON: C:\realDesktop\manifest-evaluations\summer-26\ghidra-pipeline\il2cpp-files\finalkickVR\general-structure-results\structure_scan_report.json  
2026-07-14 18:24:10 INFO  (HeadlessAnalyzer) REPORT: Save succeeded for processed file: /finalkickVR-libil2cpp.so  
