2026-07-12 02:40:52 INFO  (LoggingInitialization) Using log config file: jar:file:/C:/Users/kimgiordano27/Downloads/ghidra_12.1.2_PUBLIC_20260605/ghidra_12.1.2_PUBLIC/Ghidra/Framework/Generic/lib/Generic.jar!/generic.log4j.xml  
2026-07-12 02:40:52 INFO  (LoggingInitialization) Using log file: C:\realDesktop\manifest-evaluations\summer-26\ghidra-pipeline\il2cpp-files\cac\general-structure-ghidra.log  
2026-07-12 02:40:52 DEBUG (GhidraObjectInputFilter) Including serial input filter: FileSystem/data/client.rmi.serial.filter  
2026-07-12 02:40:52 INFO  (Preferences) Loading user preferences: C:\Users\kimgiordano27\AppData\Roaming\ghidra\ghidra_12.1.2_PUBLIC\preferences  
2026-07-12 02:40:52 INFO  (ClassSearcher) Searching for classes...  
2026-07-12 02:40:53 INFO  (ClassSearcher) Class search complete (627 ms)  
2026-07-12 02:40:53 INFO  (DefaultSSLContextInitializer) Initializing SSL Context  
2026-07-12 02:40:53 INFO  (SecureRandomFactory) Initializing Random Number Generator...  
2026-07-12 02:40:53 INFO  (SecureRandomFactory) Random Number Generator initialization complete: SHA1PRNG  
2026-07-12 02:40:53 INFO  (DefaultTrustManagerFactory) Trust manager disabled, cacerts have not been set  
2026-07-12 02:40:54 INFO  (AnalyzeHeadless) Headless startup complete (6015 ms)  
2026-07-12 02:40:54 INFO  (ClassSearcher) Class searcher loaded 59 extension points (20 false positives)  
2026-07-12 02:40:54 INFO  (HeadlessAnalyzer) HEADLESS Script Paths:
    C:\Users\kimgiordano27\Downloads\ghidra_12.1.2_PUBLIC_20260605\ghidra_12.1.2_PUBLIC\Ghidra\Features\DecompilerDependent\ghidra_scripts
    C:\Users\kimgiordano27\Downloads\ghidra_12.1.2_PUBLIC_20260605\ghidra_12.1.2_PUBLIC\Ghidra\Processors\Atmel\ghidra_scripts
    C:\Users\kimgiordano27\Downloads\ghidra_12.1.2_PUBLIC_20260605\ghidra_12.1.2_PUBLIC\Ghidra\Processors\PIC\ghidra_scripts
    C:\Users\kimgiordano27\Downloads\ghidra_12.1.2_PUBLIC_20260605\ghidra_12.1.2_PUBLIC\Ghidra\Features\VersionTracking\ghidra_scripts
    C:\Users\kimgiordano27\Downloads\ghidra_12.1.2_PUBLIC_20260605\ghidra_12.1.2_PUBLIC\Ghidra\Features\BytePatterns\ghidra_scripts
    C:\Users\kimgiordano27\ghidra_scripts
    C:\Users\kimgiordano27\Downloads\ghidra_12.1.2_PUBLIC_20260605\ghidra_12.1.2_PUBLIC\Ghidra\Features\BSim\ghidra_scripts
    C:\realDesktop\manifest-evaluations\summer-26\ghidra-pipeline\ghidra-export-scripts
    C:\Users\kimgiordano27\Downloads\ghidra_12.1.2_PUBLIC_20260605\ghidra_12.1.2_PUBLIC\Ghidra\Processors\JVM\ghidra_scripts
    C:\Users\kimgiordano27\Downloads\ghidra_12.1.2_PUBLIC_20260605\ghidra_12.1.2_PUBLIC\Ghidra\Features\Base\ghidra_scripts
    C:\Users\kimgiordano27\Downloads\ghidra_12.1.2_PUBLIC_20260605\ghidra_12.1.2_PUBLIC\Ghidra\Features\SwiftDemangler\ghidra_scripts
    C:\Users\kimgiordano27\Downloads\ghidra_12.1.2_PUBLIC_20260605\ghidra_12.1.2_PUBLIC\Ghidra\Features\WildcardAssembler\ghidra_scripts
    C:\Users\kimgiordano27\Downloads\ghidra_12.1.2_PUBLIC_20260605\ghidra_12.1.2_PUBLIC\Ghidra\Features\FileFormats\ghidra_scripts
    C:\Users\kimgiordano27\Downloads\ghidra_12.1.2_PUBLIC_20260605\ghidra_12.1.2_PUBLIC\Ghidra\Features\Decompiler\ghidra_scripts
    C:\Users\kimgiordano27\Downloads\ghidra_12.1.2_PUBLIC_20260605\ghidra_12.1.2_PUBLIC\Ghidra\Features\SystemEmulation\ghidra_scripts
    C:\Users\kimgiordano27\Downloads\ghidra_12.1.2_PUBLIC_20260605\ghidra_12.1.2_PUBLIC\Ghidra\Processors\8051\ghidra_scripts
    C:\Users\kimgiordano27\Downloads\ghidra_12.1.2_PUBLIC_20260605\ghidra_12.1.2_PUBLIC\Ghidra\Features\GnuDemangler\ghidra_scripts
    C:\Users\kimgiordano27\Downloads\ghidra_12.1.2_PUBLIC_20260605\ghidra_12.1.2_PUBLIC\Ghidra\Debug\Debugger\ghidra_scripts
    C:\Users\kimgiordano27\Downloads\ghidra_12.1.2_PUBLIC_20260605\ghidra_12.1.2_PUBLIC\Ghidra\Processors\DATA\ghidra_scripts
    C:\Users\kimgiordano27\Downloads\ghidra_12.1.2_PUBLIC_20260605\ghidra_12.1.2_PUBLIC\Ghidra\Debug\Debugger-rmi-trace\ghidra_scripts
    C:\Users\kimgiordano27\Downloads\ghidra_12.1.2_PUBLIC_20260605\ghidra_12.1.2_PUBLIC\Ghidra\Features\FunctionID\ghidra_scripts
    C:\Users\kimgiordano27\Downloads\ghidra_12.1.2_PUBLIC_20260605\ghidra_12.1.2_PUBLIC\Ghidra\Features\MicrosoftCodeAnalyzer\ghidra_scripts
    C:\Users\kimgiordano27\Downloads\ghidra_12.1.2_PUBLIC_20260605\ghidra_12.1.2_PUBLIC\Ghidra\Features\PDB\ghidra_scripts
    C:\Users\kimgiordano27\AppData\Roaming\ghidra\ghidra_12.1.2_PUBLIC\Extensions\Jython\ghidra_scripts
    C:\Users\kimgiordano27\Downloads\ghidra_12.1.2_PUBLIC_20260605\ghidra_12.1.2_PUBLIC\Ghidra\Features\PyGhidra\ghidra_scripts  
2026-07-12 02:40:54 INFO  (HeadlessAnalyzer) HEADLESS: execution starts  
2026-07-12 02:40:54 INFO  (HeadlessAnalyzer) Opening existing project: C:\realDesktop\manifest-evaluations\summer-26\ghidra-pipeline\il2cpp-files\cac\ghidra-project-cac\cac  
2026-07-12 02:40:54 INFO  (HeadlessProject) Opening project: C:\realDesktop\manifest-evaluations\summer-26\ghidra-pipeline\il2cpp-files\cac\ghidra-project-cac\cac  
2026-07-12 02:40:54 INFO  (LocalFileSystem) /cac-libil2cpp.so: checkout (2) granted (kimgiordano27)  
2026-07-12 02:40:59 INFO  (HeadlessAnalyzer) REPORT: Processing project file: /cac-libil2cpp.so  
2026-07-12 02:41:00 INFO  (HeadlessAnalyzer) REPORT: Execute script: GeneralStructureEyePatternScan.java 'C:\realDesktop\manifest-evaluations\summer-26\ghidra-pipeline\il2cpp-files\cac\general-structure-results' '70' 'false'   
2026-07-12 02:41:00 INFO  (HeadlessAnalyzer) SCRIPT: C:\realDesktop\manifest-evaluations\summer-26\ghidra-pipeline\ghidra-export-scripts\GeneralStructureEyePatternScan.java  
2026-07-12 02:41:00 INFO  (GhidraScript) GeneralStructureEyePatternScan.java> General structure scan starting...  
2026-07-12 02:41:00 INFO  (GhidraScript) GeneralStructureEyePatternScan.java> Output: C:\realDesktop\manifest-evaluations\summer-26\ghidra-pipeline\il2cpp-files\cac\general-structure-results  
2026-07-12 02:41:00 INFO  (GhidraScript) GeneralStructureEyePatternScan.java> Minimum review score: 70  
2026-07-12 02:41:00 INFO  (GhidraScript) GeneralStructureEyePatternScan.java> Export all: false  
2026-07-12 02:41:23 INFO  (GhidraScript) GeneralStructureEyePatternScan.java> Scanned 10000 functions. Exported so far: 0  
2026-07-12 02:41:35 INFO  (GhidraScript) GeneralStructureEyePatternScan.java> Scanned 20000 functions. Exported so far: 0  
2026-07-12 02:41:44 INFO  (GhidraScript) GeneralStructureEyePatternScan.java> Scanned 30000 functions. Exported so far: 0  
2026-07-12 02:42:00 INFO  (GhidraScript) GeneralStructureEyePatternScan.java> Scanned 40000 functions. Exported so far: 0  
2026-07-12 02:42:22 INFO  (GhidraScript) GeneralStructureEyePatternScan.java> Scanned 50000 functions. Exported so far: 0  
2026-07-12 02:42:40 INFO  (GhidraScript) GeneralStructureEyePatternScan.java> Scanned 60000 functions. Exported so far: 0  
2026-07-12 02:42:55 INFO  (GhidraScript) GeneralStructureEyePatternScan.java> Scanned 70000 functions. Exported so far: 0  
2026-07-12 02:43:17 INFO  (GhidraScript) GeneralStructureEyePatternScan.java> Scanned 80000 functions. Exported so far: 0  
2026-07-12 02:43:38 INFO  (GhidraScript) GeneralStructureEyePatternScan.java> Scanned 90000 functions. Exported so far: 0  
2026-07-12 02:43:57 INFO  (GhidraScript) GeneralStructureEyePatternScan.java> Scanned 100000 functions. Exported so far: 0  
2026-07-12 02:44:14 INFO  (GhidraScript) GeneralStructureEyePatternScan.java> Scanned 110000 functions. Exported so far: 0  
2026-07-12 02:44:31 INFO  (GhidraScript) GeneralStructureEyePatternScan.java> Scanned 120000 functions. Exported so far: 0  
2026-07-12 02:44:47 INFO  (GhidraScript) GeneralStructureEyePatternScan.java> Scanned 130000 functions. Exported so far: 0  
2026-07-12 02:45:15 INFO  (GhidraScript) GeneralStructureEyePatternScan.java> Scanned 140000 functions. Exported so far: 0  
2026-07-12 02:45:36 INFO  (GhidraScript) GeneralStructureEyePatternScan.java> Scanned 150000 functions. Exported so far: 0  
2026-07-12 02:45:58 INFO  (GhidraScript) GeneralStructureEyePatternScan.java> Scanned 160000 functions. Exported so far: 0  
2026-07-12 02:46:15 INFO  (GhidraScript) GeneralStructureEyePatternScan.java> Scanned 170000 functions. Exported so far: 0  
2026-07-12 02:46:30 INFO  (GhidraScript) GeneralStructureEyePatternScan.java> Scanned 180000 functions. Exported so far: 0  
2026-07-12 02:46:56 INFO  (GhidraScript) GeneralStructureEyePatternScan.java> Scanned 190000 functions. Exported so far: 0  
2026-07-12 02:49:43 INFO  (GhidraScript) GeneralStructureEyePatternScan.java> Scanned 200000 functions. Exported so far: 14  
2026-07-12 02:53:41 INFO  (GhidraScript) GeneralStructureEyePatternScan.java> Scanned 210000 functions. Exported so far: 14  
2026-07-12 02:55:13 INFO  (GhidraScript) GeneralStructureEyePatternScan.java> Scanned 220000 functions. Exported so far: 14  
2026-07-12 02:59:53 INFO  (GhidraScript) GeneralStructureEyePatternScan.java> Scanned 230000 functions. Exported so far: 25  
2026-07-12 03:01:07 INFO  (GhidraScript) GeneralStructureEyePatternScan.java> Scanned 240000 functions. Exported so far: 26  
2026-07-12 03:02:07 INFO  (GhidraScript) GeneralStructureEyePatternScan.java> Scanned 250000 functions. Exported so far: 28  
2026-07-12 03:03:18 INFO  (GhidraScript) GeneralStructureEyePatternScan.java> Scanned 260000 functions. Exported so far: 30  
2026-07-12 03:04:43 INFO  (GhidraScript) GeneralStructureEyePatternScan.java> Scanned 270000 functions. Exported so far: 32  
2026-07-12 03:06:45 INFO  (GhidraScript) GeneralStructureEyePatternScan.java> Scanned 280000 functions. Exported so far: 39  
2026-07-12 03:09:12 INFO  (GhidraScript) GeneralStructureEyePatternScan.java> Scanned 290000 functions. Exported so far: 44  
2026-07-12 03:11:33 INFO  (GhidraScript) GeneralStructureEyePatternScan.java> Scanned 300000 functions. Exported so far: 46  
2026-07-12 03:13:44 INFO  (GhidraScript) GeneralStructureEyePatternScan.java> Scanned 310000 functions. Exported so far: 47  
2026-07-12 03:15:54 INFO  (GhidraScript) GeneralStructureEyePatternScan.java> Scanned 320000 functions. Exported so far: 48  
2026-07-12 03:17:39 INFO  (GhidraScript) GeneralStructureEyePatternScan.java> Scanned 330000 functions. Exported so far: 48  
2026-07-12 03:18:36 INFO  (GhidraScript) GeneralStructureEyePatternScan.java> Scanned 340000 functions. Exported so far: 48  
2026-07-12 03:20:18 INFO  (GhidraScript) GeneralStructureEyePatternScan.java> Scanned 350000 functions. Exported so far: 62  
2026-07-12 03:21:47 INFO  (GhidraScript) GeneralStructureEyePatternScan.java> Scanned 360000 functions. Exported so far: 65  
2026-07-12 03:22:20 INFO  (GhidraScript) GeneralStructureEyePatternScan.java> Scanned 370000 functions. Exported so far: 65  
2026-07-12 03:23:13 INFO  (GhidraScript) GeneralStructureEyePatternScan.java> Scanned 380000 functions. Exported so far: 65  
2026-07-12 03:24:12 INFO  (GhidraScript) GeneralStructureEyePatternScan.java> Scanned 390000 functions. Exported so far: 65  
2026-07-12 03:25:17 INFO  (GhidraScript) GeneralStructureEyePatternScan.java> Scanned 400000 functions. Exported so far: 65  
2026-07-12 03:26:24 INFO  (GhidraScript) GeneralStructureEyePatternScan.java> Scanned 410000 functions. Exported so far: 65  
2026-07-12 03:27:26 INFO  (GhidraScript) GeneralStructureEyePatternScan.java> Scanned 420000 functions. Exported so far: 65  
2026-07-12 03:28:26 INFO  (GhidraScript) GeneralStructureEyePatternScan.java> Scanned 430000 functions. Exported so far: 65  
2026-07-12 03:29:32 INFO  (GhidraScript) GeneralStructureEyePatternScan.java> Scanned 440000 functions. Exported so far: 73  
2026-07-12 03:30:48 INFO  (GhidraScript) GeneralStructureEyePatternScan.java> Scanned 450000 functions. Exported so far: 73  
2026-07-12 03:31:28 INFO  (GhidraScript) GeneralStructureEyePatternScan.java> Scanned 460000 functions. Exported so far: 75  
2026-07-12 03:32:16 INFO  (GhidraScript) GeneralStructureEyePatternScan.java> Scanned 470000 functions. Exported so far: 75  
2026-07-12 03:32:56 INFO  (GhidraScript) GeneralStructureEyePatternScan.java> Scanned 480000 functions. Exported so far: 75  
2026-07-12 03:34:09 INFO  (GhidraScript) GeneralStructureEyePatternScan.java> Scanned 490000 functions. Exported so far: 75  
2026-07-12 03:35:11 INFO  (GhidraScript) GeneralStructureEyePatternScan.java> Scanned 500000 functions. Exported so far: 75  
2026-07-12 03:36:20 INFO  (GhidraScript) GeneralStructureEyePatternScan.java> Scanned 510000 functions. Exported so far: 75  
2026-07-12 03:37:18 INFO  (GhidraScript) GeneralStructureEyePatternScan.java> Scanned 520000 functions. Exported so far: 75  
2026-07-12 03:38:23 INFO  (GhidraScript) GeneralStructureEyePatternScan.java> Scanned 530000 functions. Exported so far: 76  
2026-07-12 03:39:41 INFO  (GhidraScript) GeneralStructureEyePatternScan.java> Scanned 540000 functions. Exported so far: 76  
2026-07-12 03:40:52 INFO  (GhidraScript) GeneralStructureEyePatternScan.java> Scanned 550000 functions. Exported so far: 76  
2026-07-12 03:42:35 INFO  (GhidraScript) GeneralStructureEyePatternScan.java> Scanned 560000 functions. Exported so far: 79  
2026-07-12 03:44:45 INFO  (GhidraScript) GeneralStructureEyePatternScan.java> Scanned 570000 functions. Exported so far: 79  
2026-07-12 03:45:45 INFO  (GhidraScript) GeneralStructureEyePatternScan.java> Scanned 580000 functions. Exported so far: 79  
2026-07-12 03:46:55 INFO  (GhidraScript) GeneralStructureEyePatternScan.java> Scanned 590000 functions. Exported so far: 79  
2026-07-12 03:52:32 INFO  (GhidraScript) GeneralStructureEyePatternScan.java> Scanned 600000 functions. Exported so far: 79  
2026-07-12 03:57:34 INFO  (GhidraScript) GeneralStructureEyePatternScan.java> Scanned 610000 functions. Exported so far: 82  
2026-07-12 03:59:07 INFO  (GhidraScript) GeneralStructureEyePatternScan.java> Scanned 620000 functions. Exported so far: 82  
2026-07-12 04:00:48 INFO  (GhidraScript) GeneralStructureEyePatternScan.java> Scanned 630000 functions. Exported so far: 82  
2026-07-12 04:02:28 INFO  (GhidraScript) GeneralStructureEyePatternScan.java> Scanned 640000 functions. Exported so far: 82  
2026-07-12 04:04:13 INFO  (GhidraScript) GeneralStructureEyePatternScan.java> Scanned 650000 functions. Exported so far: 89  
2026-07-12 04:06:08 INFO  (GhidraScript) GeneralStructureEyePatternScan.java> Scanned 660000 functions. Exported so far: 89  
2026-07-12 04:07:41 INFO  (GhidraScript) GeneralStructureEyePatternScan.java> Scanned 670000 functions. Exported so far: 103  
2026-07-12 04:10:19 INFO  (GhidraScript) GeneralStructureEyePatternScan.java> Scanned 680000 functions. Exported so far: 103  
2026-07-12 04:10:42 INFO  (GhidraScript) GeneralStructureEyePatternScan.java> Scanned 690000 functions. Exported so far: 103  
2026-07-12 04:11:20 INFO  (GhidraScript) GeneralStructureEyePatternScan.java> Scanned 700000 functions. Exported so far: 103  
2026-07-12 04:12:27 INFO  (GhidraScript) GeneralStructureEyePatternScan.java> Scanned 710000 functions. Exported so far: 103  
2026-07-12 04:14:17 INFO  (GhidraScript) GeneralStructureEyePatternScan.java> Scanned 720000 functions. Exported so far: 104  
2026-07-12 04:54:10 INFO  (GhidraScript) GeneralStructureEyePatternScan.java> Scanned 730000 functions. Exported so far: 316  
2026-07-12 04:56:33 INFO  (GhidraScript) GeneralStructureEyePatternScan.java> Scanned 740000 functions. Exported so far: 324  
2026-07-12 05:05:09 INFO  (GhidraScript) GeneralStructureEyePatternScan.java> Scanned 750000 functions. Exported so far: 324  
2026-07-12 05:07:36 INFO  (GhidraScript) GeneralStructureEyePatternScan.java> Scanned 760000 functions. Exported so far: 324  
2026-07-12 05:09:54 INFO  (GhidraScript) GeneralStructureEyePatternScan.java> Scanned 770000 functions. Exported so far: 324  
2026-07-12 05:12:56 INFO  (GhidraScript) GeneralStructureEyePatternScan.java> Scanned 780000 functions. Exported so far: 324  
2026-07-12 05:19:15 INFO  (GhidraScript) GeneralStructureEyePatternScan.java> Scanned 790000 functions. Exported so far: 326  
2026-07-12 05:24:12 INFO  (GhidraScript) GeneralStructureEyePatternScan.java> Scanned 800000 functions. Exported so far: 327  
2026-07-12 05:50:33 INFO  (GhidraScript) GeneralStructureEyePatternScan.java> Scanned 810000 functions. Exported so far: 330  
2026-07-12 05:52:42 INFO  (GhidraScript) GeneralStructureEyePatternScan.java> Scanned 820000 functions. Exported so far: 330  
2026-07-12 05:53:33 INFO  (GhidraScript) GeneralStructureEyePatternScan.java> Scanned 830000 functions. Exported so far: 330  
2026-07-12 06:01:25 INFO  (GhidraScript) GeneralStructureEyePatternScan.java> Scanned 840000 functions. Exported so far: 330  
2026-07-12 06:03:45 INFO  (GhidraScript) GeneralStructureEyePatternScan.java> Scanned 850000 functions. Exported so far: 331  
2026-07-12 06:04:44 INFO  (GhidraScript) GeneralStructureEyePatternScan.java> Scanned 860000 functions. Exported so far: 331  
2026-07-12 06:07:57 INFO  (GhidraScript) GeneralStructureEyePatternScan.java> Scanned 870000 functions. Exported so far: 343  
2026-07-12 06:11:44 INFO  (GhidraScript) GeneralStructureEyePatternScan.java> Scanned 880000 functions. Exported so far: 344  
2026-07-12 06:40:40 INFO  (GhidraScript) GeneralStructureEyePatternScan.java> Scanned 890000 functions. Exported so far: 346  
2026-07-12 08:31:26 INFO  (GhidraScript) GeneralStructureEyePatternScan.java> Scanned 900000 functions. Exported so far: 369  
2026-07-12 08:33:43 INFO  (GhidraScript) GeneralStructureEyePatternScan.java> Scanned 910000 functions. Exported so far: 372  
2026-07-12 08:35:00 INFO  (GhidraScript) GeneralStructureEyePatternScan.java> Scanned 920000 functions. Exported so far: 413  
2026-07-12 08:38:07 INFO  (GhidraScript) GeneralStructureEyePatternScan.java> Scanned 930000 functions. Exported so far: 419  
2026-07-12 08:51:33 INFO  (GhidraScript) GeneralStructureEyePatternScan.java> Scanned 940000 functions. Exported so far: 429  
2026-07-12 08:52:30 INFO  (GhidraScript) GeneralStructureEyePatternScan.java> Scanned 950000 functions. Exported so far: 430  
2026-07-12 08:56:24 INFO  (GhidraScript) GeneralStructureEyePatternScan.java> Scanned 960000 functions. Exported so far: 431  
2026-07-12 09:00:08 INFO  (GhidraScript) GeneralStructureEyePatternScan.java> Scanned 970000 functions. Exported so far: 439  
2026-07-12 09:01:06 WARN  (DecompileCallback) Decompiling 098be000, pcode error at 098be000: Unable to disassemble EXTERNAL block location: 098be000  
2026-07-12 09:01:06 WARN  (DecompileCallback) Decompiling 098be008, pcode error at 098be008: Unable to disassemble EXTERNAL block location: 098be008  
2026-07-12 09:01:06 WARN  (DecompileCallback) Decompiling 098be010, pcode error at 098be010: Unable to disassemble EXTERNAL block location: 098be010  
2026-07-12 09:01:06 WARN  (DecompileCallback) Decompiling 098be018, pcode error at 098be018: Unable to disassemble EXTERNAL block location: 098be018  
2026-07-12 09:01:06 WARN  (DecompileCallback) Decompiling 098be020, pcode error at 098be020: Unable to disassemble EXTERNAL block location: 098be020  
2026-07-12 09:01:06 WARN  (DecompileCallback) Decompiling 098be028, pcode error at 098be028: Unable to disassemble EXTERNAL block location: 098be028  
2026-07-12 09:01:06 WARN  (DecompileCallback) Decompiling 098be030, pcode error at 098be030: Unable to disassemble EXTERNAL block location: 098be030  
2026-07-12 09:01:06 WARN  (DecompileCallback) Decompiling 098be038, pcode error at 098be038: Unable to disassemble EXTERNAL block location: 098be038  
2026-07-12 09:01:06 WARN  (DecompileCallback) Decompiling 098be040, pcode error at 098be040: Unable to disassemble EXTERNAL block location: 098be040  
2026-07-12 09:01:06 WARN  (DecompileCallback) Decompiling 098be048, pcode error at 098be048: Unable to disassemble EXTERNAL block location: 098be048  
2026-07-12 09:01:06 WARN  (DecompileCallback) Decompiling 098be050, pcode error at 098be050: Unable to disassemble EXTERNAL block location: 098be050  
2026-07-12 09:01:06 WARN  (DecompileCallback) Decompiling 098be058, pcode error at 098be058: Unable to disassemble EXTERNAL block location: 098be058  
2026-07-12 09:01:06 WARN  (DecompileCallback) Decompiling 098be060, pcode error at 098be060: Unable to disassemble EXTERNAL block location: 098be060  
2026-07-12 09:01:06 WARN  (DecompileCallback) Decompiling 098be068, pcode error at 098be068: Unable to disassemble EXTERNAL block location: 098be068  
2026-07-12 09:01:06 WARN  (DecompileCallback) Decompiling 098be070, pcode error at 098be070: Unable to disassemble EXTERNAL block location: 098be070  
2026-07-12 09:01:06 WARN  (DecompileCallback) Decompiling 098be078, pcode error at 098be078: Unable to disassemble EXTERNAL block location: 098be078  
2026-07-12 09:01:06 WARN  (DecompileCallback) Decompiling 098be080, pcode error at 098be080: Unable to disassemble EXTERNAL block location: 098be080  
2026-07-12 09:01:06 WARN  (DecompileCallback) Decompiling 098be088, pcode error at 098be088: Unable to disassemble EXTERNAL block location: 098be088  
2026-07-12 09:01:06 WARN  (DecompileCallback) Decompiling 098be090, pcode error at 098be090: Unable to disassemble EXTERNAL block location: 098be090  
2026-07-12 09:01:06 WARN  (DecompileCallback) Decompiling 098be098, pcode error at 098be098: Unable to disassemble EXTERNAL block location: 098be098  
2026-07-12 09:01:06 WARN  (DecompileCallback) Decompiling 098be0a0, pcode error at 098be0a0: Unable to disassemble EXTERNAL block location: 098be0a0  
2026-07-12 09:01:06 WARN  (DecompileCallback) Decompiling 098be0a8, pcode error at 098be0a8: Unable to disassemble EXTERNAL block location: 098be0a8  
2026-07-12 09:01:06 WARN  (DecompileCallback) Decompiling 098be0b0, pcode error at 098be0b0: Unable to disassemble EXTERNAL block location: 098be0b0  
2026-07-12 09:01:06 WARN  (DecompileCallback) Decompiling 098be0b8, pcode error at 098be0b8: Unable to disassemble EXTERNAL block location: 098be0b8  
2026-07-12 09:01:06 WARN  (DecompileCallback) Decompiling 098be0c0, pcode error at 098be0c0: Unable to disassemble EXTERNAL block location: 098be0c0  
2026-07-12 09:01:06 WARN  (DecompileCallback) Decompiling 098be0c8, pcode error at 098be0c8: Unable to disassemble EXTERNAL block location: 098be0c8  
2026-07-12 09:01:06 WARN  (DecompileCallback) Decompiling 098be0d0, pcode error at 098be0d0: Unable to disassemble EXTERNAL block location: 098be0d0  
2026-07-12 09:01:06 WARN  (DecompileCallback) Decompiling 098be0d8, pcode error at 098be0d8: Unable to disassemble EXTERNAL block location: 098be0d8  
2026-07-12 09:01:06 WARN  (DecompileCallback) Decompiling 098be0e0, pcode error at 098be0e0: Unable to disassemble EXTERNAL block location: 098be0e0  
2026-07-12 09:01:06 WARN  (DecompileCallback) Decompiling 098be0e8, pcode error at 098be0e8: Unable to disassemble EXTERNAL block location: 098be0e8  
2026-07-12 09:01:06 WARN  (DecompileCallback) Decompiling 098be0f0, pcode error at 098be0f0: Unable to disassemble EXTERNAL block location: 098be0f0  
2026-07-12 09:01:06 WARN  (DecompileCallback) Decompiling 098be0f8, pcode error at 098be0f8: Unable to disassemble EXTERNAL block location: 098be0f8  
2026-07-12 09:01:06 WARN  (DecompileCallback) Decompiling 098be100, pcode error at 098be100: Unable to disassemble EXTERNAL block location: 098be100  
2026-07-12 09:01:06 WARN  (DecompileCallback) Decompiling 098be108, pcode error at 098be108: Unable to disassemble EXTERNAL block location: 098be108  
2026-07-12 09:01:06 WARN  (DecompileCallback) Decompiling 098be110, pcode error at 098be110: Unable to disassemble EXTERNAL block location: 098be110  
2026-07-12 09:01:06 WARN  (DecompileCallback) Decompiling 098be118, pcode error at 098be118: Unable to disassemble EXTERNAL block location: 098be118  
2026-07-12 09:01:06 WARN  (DecompileCallback) Decompiling 098be120, pcode error at 098be120: Unable to disassemble EXTERNAL block location: 098be120  
2026-07-12 09:01:06 WARN  (DecompileCallback) Decompiling 098be128, pcode error at 098be128: Unable to disassemble EXTERNAL block location: 098be128  
2026-07-12 09:01:06 WARN  (DecompileCallback) Decompiling 098be130, pcode error at 098be130: Unable to disassemble EXTERNAL block location: 098be130  
2026-07-12 09:01:06 WARN  (DecompileCallback) Decompiling 098be138, pcode error at 098be138: Unable to disassemble EXTERNAL block location: 098be138  
2026-07-12 09:01:06 WARN  (DecompileCallback) Decompiling 098be140, pcode error at 098be140: Unable to disassemble EXTERNAL block location: 098be140  
2026-07-12 09:01:06 WARN  (DecompileCallback) Decompiling 098be148, pcode error at 098be148: Unable to disassemble EXTERNAL block location: 098be148  
2026-07-12 09:01:06 WARN  (DecompileCallback) Decompiling 098be150, pcode error at 098be150: Unable to disassemble EXTERNAL block location: 098be150  
2026-07-12 09:01:06 WARN  (DecompileCallback) Decompiling 098be160, pcode error at 098be160: Unable to disassemble EXTERNAL block location: 098be160  
2026-07-12 09:01:06 WARN  (DecompileCallback) Decompiling 098be168, pcode error at 098be168: Unable to disassemble EXTERNAL block location: 098be168  
2026-07-12 09:01:06 WARN  (DecompileCallback) Decompiling 098be170, pcode error at 098be170: Unable to disassemble EXTERNAL block location: 098be170  
2026-07-12 09:01:06 WARN  (DecompileCallback) Decompiling 098be178, pcode error at 098be178: Unable to disassemble EXTERNAL block location: 098be178  
2026-07-12 09:01:06 WARN  (DecompileCallback) Decompiling 098be180, pcode error at 098be180: Unable to disassemble EXTERNAL block location: 098be180  
2026-07-12 09:01:06 WARN  (DecompileCallback) Decompiling 098be188, pcode error at 098be188: Unable to disassemble EXTERNAL block location: 098be188  
2026-07-12 09:01:06 WARN  (DecompileCallback) Decompiling 098be190, pcode error at 098be190: Unable to disassemble EXTERNAL block location: 098be190  
2026-07-12 09:01:06 WARN  (DecompileCallback) Decompiling 098be198, pcode error at 098be198: Unable to disassemble EXTERNAL block location: 098be198  
2026-07-12 09:01:06 WARN  (DecompileCallback) Decompiling 098be1a0, pcode error at 098be1a0: Unable to disassemble EXTERNAL block location: 098be1a0  
2026-07-12 09:01:06 WARN  (DecompileCallback) Decompiling 098be1a8, pcode error at 098be1a8: Unable to disassemble EXTERNAL block location: 098be1a8  
2026-07-12 09:01:06 WARN  (DecompileCallback) Decompiling 098be1b0, pcode error at 098be1b0: Unable to disassemble EXTERNAL block location: 098be1b0  
2026-07-12 09:01:06 WARN  (DecompileCallback) Decompiling 098be1b8, pcode error at 098be1b8: Unable to disassemble EXTERNAL block location: 098be1b8  
2026-07-12 09:01:06 WARN  (DecompileCallback) Decompiling 098be1c0, pcode error at 098be1c0: Unable to disassemble EXTERNAL block location: 098be1c0  
2026-07-12 09:01:06 WARN  (DecompileCallback) Decompiling 098be1c8, pcode error at 098be1c8: Unable to disassemble EXTERNAL block location: 098be1c8  
2026-07-12 09:01:06 WARN  (DecompileCallback) Decompiling 098be1d0, pcode error at 098be1d0: Unable to disassemble EXTERNAL block location: 098be1d0  
2026-07-12 09:01:06 WARN  (DecompileCallback) Decompiling 098be1d8, pcode error at 098be1d8: Unable to disassemble EXTERNAL block location: 098be1d8  
2026-07-12 09:01:06 WARN  (DecompileCallback) Decompiling 098be1e0, pcode error at 098be1e0: Unable to disassemble EXTERNAL block location: 098be1e0  
2026-07-12 09:01:06 WARN  (DecompileCallback) Decompiling 098be1e8, pcode error at 098be1e8: Unable to disassemble EXTERNAL block location: 098be1e8  
2026-07-12 09:01:06 WARN  (DecompileCallback) Decompiling 098be1f0, pcode error at 098be1f0: Unable to disassemble EXTERNAL block location: 098be1f0  
2026-07-12 09:01:06 WARN  (DecompileCallback) Decompiling 098be1f8, pcode error at 098be1f8: Unable to disassemble EXTERNAL block location: 098be1f8  
2026-07-12 09:01:06 WARN  (DecompileCallback) Decompiling 098be200, pcode error at 098be200: Unable to disassemble EXTERNAL block location: 098be200  
2026-07-12 09:01:06 WARN  (DecompileCallback) Decompiling 098be208, pcode error at 098be208: Unable to disassemble EXTERNAL block location: 098be208  
2026-07-12 09:01:06 WARN  (DecompileCallback) Decompiling 098be210, pcode error at 098be210: Unable to disassemble EXTERNAL block location: 098be210  
2026-07-12 09:01:06 WARN  (DecompileCallback) Decompiling 098be218, pcode error at 098be218: Unable to disassemble EXTERNAL block location: 098be218  
2026-07-12 09:01:06 WARN  (DecompileCallback) Decompiling 098be220, pcode error at 098be220: Unable to disassemble EXTERNAL block location: 098be220  
2026-07-12 09:01:06 WARN  (DecompileCallback) Decompiling 098be228, pcode error at 098be228: Unable to disassemble EXTERNAL block location: 098be228  
2026-07-12 09:01:06 WARN  (DecompileCallback) Decompiling 098be230, pcode error at 098be230: Unable to disassemble EXTERNAL block location: 098be230  
2026-07-12 09:01:06 WARN  (DecompileCallback) Decompiling 098be238, pcode error at 098be238: Unable to disassemble EXTERNAL block location: 098be238  
2026-07-12 09:01:06 WARN  (DecompileCallback) Decompiling 098be240, pcode error at 098be240: Unable to disassemble EXTERNAL block location: 098be240  
2026-07-12 09:01:06 WARN  (DecompileCallback) Decompiling 098be248, pcode error at 098be248: Unable to disassemble EXTERNAL block location: 098be248  
2026-07-12 09:01:06 WARN  (DecompileCallback) Decompiling 098be250, pcode error at 098be250: Unable to disassemble EXTERNAL block location: 098be250  
2026-07-12 09:01:06 WARN  (DecompileCallback) Decompiling 098be258, pcode error at 098be258: Unable to disassemble EXTERNAL block location: 098be258  
2026-07-12 09:01:06 WARN  (DecompileCallback) Decompiling 098be260, pcode error at 098be260: Unable to disassemble EXTERNAL block location: 098be260  
2026-07-12 09:01:06 WARN  (DecompileCallback) Decompiling 098be268, pcode error at 098be268: Unable to disassemble EXTERNAL block location: 098be268  
2026-07-12 09:01:06 WARN  (DecompileCallback) Decompiling 098be270, pcode error at 098be270: Unable to disassemble EXTERNAL block location: 098be270  
2026-07-12 09:01:06 WARN  (DecompileCallback) Decompiling 098be278, pcode error at 098be278: Unable to disassemble EXTERNAL block location: 098be278  
2026-07-12 09:01:06 WARN  (DecompileCallback) Decompiling 098be280, pcode error at 098be280: Unable to disassemble EXTERNAL block location: 098be280  
2026-07-12 09:01:06 WARN  (DecompileCallback) Decompiling 098be288, pcode error at 098be288: Unable to disassemble EXTERNAL block location: 098be288  
2026-07-12 09:01:06 WARN  (DecompileCallback) Decompiling 098be290, pcode error at 098be290: Unable to disassemble EXTERNAL block location: 098be290  
2026-07-12 09:01:06 WARN  (DecompileCallback) Decompiling 098be298, pcode error at 098be298: Unable to disassemble EXTERNAL block location: 098be298  
2026-07-12 09:01:06 WARN  (DecompileCallback) Decompiling 098be2a0, pcode error at 098be2a0: Unable to disassemble EXTERNAL block location: 098be2a0  
2026-07-12 09:01:06 WARN  (DecompileCallback) Decompiling 098be2a8, pcode error at 098be2a8: Unable to disassemble EXTERNAL block location: 098be2a8  
2026-07-12 09:01:06 WARN  (DecompileCallback) Decompiling 098be2b0, pcode error at 098be2b0: Unable to disassemble EXTERNAL block location: 098be2b0  
2026-07-12 09:01:06 WARN  (DecompileCallback) Decompiling 098be2b8, pcode error at 098be2b8: Unable to disassemble EXTERNAL block location: 098be2b8  
2026-07-12 09:01:06 WARN  (DecompileCallback) Decompiling 098be2c0, pcode error at 098be2c0: Unable to disassemble EXTERNAL block location: 098be2c0  
2026-07-12 09:01:06 WARN  (DecompileCallback) Decompiling 098be2c8, pcode error at 098be2c8: Unable to disassemble EXTERNAL block location: 098be2c8  
2026-07-12 09:01:06 WARN  (DecompileCallback) Decompiling 098be2d0, pcode error at 098be2d0: Unable to disassemble EXTERNAL block location: 098be2d0  
2026-07-12 09:01:06 WARN  (DecompileCallback) Decompiling 098be2d8, pcode error at 098be2d8: Unable to disassemble EXTERNAL block location: 098be2d8  
2026-07-12 09:01:06 WARN  (DecompileCallback) Decompiling 098be2e0, pcode error at 098be2e0: Unable to disassemble EXTERNAL block location: 098be2e0  
2026-07-12 09:01:06 WARN  (DecompileCallback) Decompiling 098be2e8, pcode error at 098be2e8: Unable to disassemble EXTERNAL block location: 098be2e8  
2026-07-12 09:01:06 WARN  (DecompileCallback) Decompiling 098be2f0, pcode error at 098be2f0: Unable to disassemble EXTERNAL block location: 098be2f0  
2026-07-12 09:01:06 WARN  (DecompileCallback) Decompiling 098be2f8, pcode error at 098be2f8: Unable to disassemble EXTERNAL block location: 098be2f8  
2026-07-12 09:01:06 WARN  (DecompileCallback) Decompiling 098be300, pcode error at 098be300: Unable to disassemble EXTERNAL block location: 098be300  
2026-07-12 09:01:06 WARN  (DecompileCallback) Decompiling 098be308, pcode error at 098be308: Unable to disassemble EXTERNAL block location: 098be308  
2026-07-12 09:01:06 WARN  (DecompileCallback) Decompiling 098be310, pcode error at 098be310: Unable to disassemble EXTERNAL block location: 098be310  
2026-07-12 09:01:06 WARN  (DecompileCallback) Decompiling 098be318, pcode error at 098be318: Unable to disassemble EXTERNAL block location: 098be318  
2026-07-12 09:01:06 WARN  (DecompileCallback) Decompiling 098be320, pcode error at 098be320: Unable to disassemble EXTERNAL block location: 098be320  
2026-07-12 09:01:06 WARN  (DecompileCallback) Decompiling 098be328, pcode error at 098be328: Unable to disassemble EXTERNAL block location: 098be328  
2026-07-12 09:01:06 WARN  (DecompileCallback) Decompiling 098be330, pcode error at 098be330: Unable to disassemble EXTERNAL block location: 098be330  
2026-07-12 09:01:06 WARN  (DecompileCallback) Decompiling 098be338, pcode error at 098be338: Unable to disassemble EXTERNAL block location: 098be338  
2026-07-12 09:01:06 WARN  (DecompileCallback) Decompiling 098be340, pcode error at 098be340: Unable to disassemble EXTERNAL block location: 098be340  
2026-07-12 09:01:06 WARN  (DecompileCallback) Decompiling 098be348, pcode error at 098be348: Unable to disassemble EXTERNAL block location: 098be348  
2026-07-12 09:01:06 WARN  (DecompileCallback) Decompiling 098be350, pcode error at 098be350: Unable to disassemble EXTERNAL block location: 098be350  
2026-07-12 09:01:06 WARN  (DecompileCallback) Decompiling 098be358, pcode error at 098be358: Unable to disassemble EXTERNAL block location: 098be358  
2026-07-12 09:01:06 WARN  (DecompileCallback) Decompiling 098be360, pcode error at 098be360: Unable to disassemble EXTERNAL block location: 098be360  
2026-07-12 09:01:06 WARN  (DecompileCallback) Decompiling 098be368, pcode error at 098be368: Unable to disassemble EXTERNAL block location: 098be368  
2026-07-12 09:01:06 WARN  (DecompileCallback) Decompiling 098be370, pcode error at 098be370: Unable to disassemble EXTERNAL block location: 098be370  
2026-07-12 09:01:06 WARN  (DecompileCallback) Decompiling 098be378, pcode error at 098be378: Unable to disassemble EXTERNAL block location: 098be378  
2026-07-12 09:01:06 WARN  (DecompileCallback) Decompiling 098be380, pcode error at 098be380: Unable to disassemble EXTERNAL block location: 098be380  
2026-07-12 09:01:06 WARN  (DecompileCallback) Decompiling 098be388, pcode error at 098be388: Unable to disassemble EXTERNAL block location: 098be388  
2026-07-12 09:01:06 WARN  (DecompileCallback) Decompiling 098be390, pcode error at 098be390: Unable to disassemble EXTERNAL block location: 098be390  
2026-07-12 09:01:06 WARN  (DecompileCallback) Decompiling 098be398, pcode error at 098be398: Unable to disassemble EXTERNAL block location: 098be398  
2026-07-12 09:01:06 WARN  (DecompileCallback) Decompiling 098be3a0, pcode error at 098be3a0: Unable to disassemble EXTERNAL block location: 098be3a0  
2026-07-12 09:01:06 WARN  (DecompileCallback) Decompiling 098be3a8, pcode error at 098be3a8: Unable to disassemble EXTERNAL block location: 098be3a8  
2026-07-12 09:01:06 WARN  (DecompileCallback) Decompiling 098be3b0, pcode error at 098be3b0: Unable to disassemble EXTERNAL block location: 098be3b0  
2026-07-12 09:01:06 WARN  (DecompileCallback) Decompiling 098be3b8, pcode error at 098be3b8: Unable to disassemble EXTERNAL block location: 098be3b8  
2026-07-12 09:01:06 WARN  (DecompileCallback) Decompiling 098be3c0, pcode error at 098be3c0: Unable to disassemble EXTERNAL block location: 098be3c0  
2026-07-12 09:01:06 WARN  (DecompileCallback) Decompiling 098be3c8, pcode error at 098be3c8: Unable to disassemble EXTERNAL block location: 098be3c8  
2026-07-12 09:01:06 WARN  (DecompileCallback) Decompiling 098be3d0, pcode error at 098be3d0: Unable to disassemble EXTERNAL block location: 098be3d0  
2026-07-12 09:01:06 WARN  (DecompileCallback) Decompiling 098be3d8, pcode error at 098be3d8: Unable to disassemble EXTERNAL block location: 098be3d8  
2026-07-12 09:01:06 WARN  (DecompileCallback) Decompiling 098be3e0, pcode error at 098be3e0: Unable to disassemble EXTERNAL block location: 098be3e0  
2026-07-12 09:01:06 WARN  (DecompileCallback) Decompiling 098be3e8, pcode error at 098be3e8: Unable to disassemble EXTERNAL block location: 098be3e8  
2026-07-12 09:01:06 WARN  (DecompileCallback) Decompiling 098be3f0, pcode error at 098be3f0: Unable to disassemble EXTERNAL block location: 098be3f0  
2026-07-12 09:01:06 WARN  (DecompileCallback) Decompiling 098be3f8, pcode error at 098be3f8: Unable to disassemble EXTERNAL block location: 098be3f8  
2026-07-12 09:01:06 WARN  (DecompileCallback) Decompiling 098be400, pcode error at 098be400: Unable to disassemble EXTERNAL block location: 098be400  
2026-07-12 09:01:06 WARN  (DecompileCallback) Decompiling 098be408, pcode error at 098be408: Unable to disassemble EXTERNAL block location: 098be408  
2026-07-12 09:01:06 WARN  (DecompileCallback) Decompiling 098be410, pcode error at 098be410: Unable to disassemble EXTERNAL block location: 098be410  
2026-07-12 09:01:06 WARN  (DecompileCallback) Decompiling 098be418, pcode error at 098be418: Unable to disassemble EXTERNAL block location: 098be418  
2026-07-12 09:01:06 WARN  (DecompileCallback) Decompiling 098be420, pcode error at 098be420: Unable to disassemble EXTERNAL block location: 098be420  
2026-07-12 09:01:06 WARN  (DecompileCallback) Decompiling 098be428, pcode error at 098be428: Unable to disassemble EXTERNAL block location: 098be428  
2026-07-12 09:01:06 WARN  (DecompileCallback) Decompiling 098be430, pcode error at 098be430: Unable to disassemble EXTERNAL block location: 098be430  
2026-07-12 09:01:06 WARN  (DecompileCallback) Decompiling 098be438, pcode error at 098be438: Unable to disassemble EXTERNAL block location: 098be438  
2026-07-12 09:01:06 WARN  (DecompileCallback) Decompiling 098be440, pcode error at 098be440: Unable to disassemble EXTERNAL block location: 098be440  
2026-07-12 09:01:06 WARN  (DecompileCallback) Decompiling 098be448, pcode error at 098be448: Unable to disassemble EXTERNAL block location: 098be448  
2026-07-12 09:01:06 WARN  (DecompileCallback) Decompiling 098be450, pcode error at 098be450: Unable to disassemble EXTERNAL block location: 098be450  
2026-07-12 09:01:06 WARN  (DecompileCallback) Decompiling 098be458, pcode error at 098be458: Unable to disassemble EXTERNAL block location: 098be458  
2026-07-12 09:01:06 WARN  (DecompileCallback) Decompiling 098be460, pcode error at 098be460: Unable to disassemble EXTERNAL block location: 098be460  
2026-07-12 09:01:06 WARN  (DecompileCallback) Decompiling 098be468, pcode error at 098be468: Unable to disassemble EXTERNAL block location: 098be468  
2026-07-12 09:01:06 WARN  (DecompileCallback) Decompiling 098be470, pcode error at 098be470: Unable to disassemble EXTERNAL block location: 098be470  
2026-07-12 09:01:06 WARN  (DecompileCallback) Decompiling 098be478, pcode error at 098be478: Unable to disassemble EXTERNAL block location: 098be478  
2026-07-12 09:01:06 WARN  (DecompileCallback) Decompiling 098be480, pcode error at 098be480: Unable to disassemble EXTERNAL block location: 098be480  
2026-07-12 09:01:06 WARN  (DecompileCallback) Decompiling 098be488, pcode error at 098be488: Unable to disassemble EXTERNAL block location: 098be488  
2026-07-12 09:01:06 WARN  (DecompileCallback) Decompiling 098be490, pcode error at 098be490: Unable to disassemble EXTERNAL block location: 098be490  
2026-07-12 09:01:06 WARN  (DecompileCallback) Decompiling 098be498, pcode error at 098be498: Unable to disassemble EXTERNAL block location: 098be498  
2026-07-12 09:01:06 WARN  (DecompileCallback) Decompiling 098be4a0, pcode error at 098be4a0: Unable to disassemble EXTERNAL block location: 098be4a0  
2026-07-12 09:01:06 WARN  (DecompileCallback) Decompiling 098be4a8, pcode error at 098be4a8: Unable to disassemble EXTERNAL block location: 098be4a8  
2026-07-12 09:01:06 WARN  (DecompileCallback) Decompiling 098be4b0, pcode error at 098be4b0: Unable to disassemble EXTERNAL block location: 098be4b0  
2026-07-12 09:01:06 WARN  (DecompileCallback) Decompiling 098be4b8, pcode error at 098be4b8: Unable to disassemble EXTERNAL block location: 098be4b8  
2026-07-12 09:01:06 WARN  (DecompileCallback) Decompiling 098be4c0, pcode error at 098be4c0: Unable to disassemble EXTERNAL block location: 098be4c0  
2026-07-12 09:01:06 WARN  (DecompileCallback) Decompiling 098be4c8, pcode error at 098be4c8: Unable to disassemble EXTERNAL block location: 098be4c8  
2026-07-12 09:01:06 WARN  (DecompileCallback) Decompiling 098be4d0, pcode error at 098be4d0: Unable to disassemble EXTERNAL block location: 098be4d0  
2026-07-12 09:01:06 WARN  (DecompileCallback) Decompiling 098be4d8, pcode error at 098be4d8: Unable to disassemble EXTERNAL block location: 098be4d8  
2026-07-12 09:01:06 WARN  (DecompileCallback) Decompiling 098be4e0, pcode error at 098be4e0: Unable to disassemble EXTERNAL block location: 098be4e0  
2026-07-12 09:01:06 WARN  (DecompileCallback) Decompiling 098be4e8, pcode error at 098be4e8: Unable to disassemble EXTERNAL block location: 098be4e8  
2026-07-12 09:01:06 WARN  (DecompileCallback) Decompiling 098be4f0, pcode error at 098be4f0: Unable to disassemble EXTERNAL block location: 098be4f0  
2026-07-12 09:01:06 WARN  (DecompileCallback) Decompiling 098be4f8, pcode error at 098be4f8: Unable to disassemble EXTERNAL block location: 098be4f8  
2026-07-12 09:01:06 WARN  (DecompileCallback) Decompiling 098be500, pcode error at 098be500: Unable to disassemble EXTERNAL block location: 098be500  
2026-07-12 09:01:06 WARN  (DecompileCallback) Decompiling 098be508, pcode error at 098be508: Unable to disassemble EXTERNAL block location: 098be508  
2026-07-12 09:01:06 WARN  (DecompileCallback) Decompiling 098be510, pcode error at 098be510: Unable to disassemble EXTERNAL block location: 098be510  
2026-07-12 09:01:06 WARN  (DecompileCallback) Decompiling 098be518, pcode error at 098be518: Unable to disassemble EXTERNAL block location: 098be518  
2026-07-12 09:01:06 WARN  (DecompileCallback) Decompiling 098be520, pcode error at 098be520: Unable to disassemble EXTERNAL block location: 098be520  
2026-07-12 09:01:06 WARN  (DecompileCallback) Decompiling 098be528, pcode error at 098be528: Unable to disassemble EXTERNAL block location: 098be528  
2026-07-12 09:01:06 WARN  (DecompileCallback) Decompiling 098be530, pcode error at 098be530: Unable to disassemble EXTERNAL block location: 098be530  
2026-07-12 09:01:06 WARN  (DecompileCallback) Decompiling 098be538, pcode error at 098be538: Unable to disassemble EXTERNAL block location: 098be538  
2026-07-12 09:01:06 WARN  (DecompileCallback) Decompiling 098be540, pcode error at 098be540: Unable to disassemble EXTERNAL block location: 098be540  
2026-07-12 09:01:06 WARN  (DecompileCallback) Decompiling 098be548, pcode error at 098be548: Unable to disassemble EXTERNAL block location: 098be548  
2026-07-12 09:01:06 WARN  (DecompileCallback) Decompiling 098be550, pcode error at 098be550: Unable to disassemble EXTERNAL block location: 098be550  
2026-07-12 09:01:06 WARN  (DecompileCallback) Decompiling 098be558, pcode error at 098be558: Unable to disassemble EXTERNAL block location: 098be558  
2026-07-12 09:01:06 WARN  (DecompileCallback) Decompiling 098be568, pcode error at 098be568: Unable to disassemble EXTERNAL block location: 098be568  
2026-07-12 09:01:06 WARN  (DecompileCallback) Decompiling 098be570, pcode error at 098be570: Unable to disassemble EXTERNAL block location: 098be570  
2026-07-12 09:01:06 WARN  (DecompileCallback) Decompiling 098be578, pcode error at 098be578: Unable to disassemble EXTERNAL block location: 098be578  
2026-07-12 09:01:06 WARN  (DecompileCallback) Decompiling 098be580, pcode error at 098be580: Unable to disassemble EXTERNAL block location: 098be580  
2026-07-12 09:01:06 WARN  (DecompileCallback) Decompiling 098be588, pcode error at 098be588: Unable to disassemble EXTERNAL block location: 098be588  
2026-07-12 09:01:06 WARN  (DecompileCallback) Decompiling 098be590, pcode error at 098be590: Unable to disassemble EXTERNAL block location: 098be590  
2026-07-12 09:01:06 WARN  (DecompileCallback) Decompiling 098be598, pcode error at 098be598: Unable to disassemble EXTERNAL block location: 098be598  
2026-07-12 09:01:06 WARN  (DecompileCallback) Decompiling 098be5a0, pcode error at 098be5a0: Unable to disassemble EXTERNAL block location: 098be5a0  
2026-07-12 09:01:06 WARN  (DecompileCallback) Decompiling 098be5a8, pcode error at 098be5a8: Unable to disassemble EXTERNAL block location: 098be5a8  
2026-07-12 09:01:06 WARN  (DecompileCallback) Decompiling 098be5b0, pcode error at 098be5b0: Unable to disassemble EXTERNAL block location: 098be5b0  
2026-07-12 09:01:06 WARN  (DecompileCallback) Decompiling 098be5b8, pcode error at 098be5b8: Unable to disassemble EXTERNAL block location: 098be5b8  
2026-07-12 09:01:06 WARN  (DecompileCallback) Decompiling 098be5c0, pcode error at 098be5c0: Unable to disassemble EXTERNAL block location: 098be5c0  
2026-07-12 09:01:06 WARN  (DecompileCallback) Decompiling 098be5c8, pcode error at 098be5c8: Unable to disassemble EXTERNAL block location: 098be5c8  
2026-07-12 09:01:06 WARN  (DecompileCallback) Decompiling 098be5d0, pcode error at 098be5d0: Unable to disassemble EXTERNAL block location: 098be5d0  
2026-07-12 09:01:06 WARN  (DecompileCallback) Decompiling 098be5d8, pcode error at 098be5d8: Unable to disassemble EXTERNAL block location: 098be5d8  
2026-07-12 09:01:06 WARN  (DecompileCallback) Decompiling 098be5e0, pcode error at 098be5e0: Unable to disassemble EXTERNAL block location: 098be5e0  
2026-07-12 09:01:06 WARN  (DecompileCallback) Decompiling 098be5e8, pcode error at 098be5e8: Unable to disassemble EXTERNAL block location: 098be5e8  
2026-07-12 09:01:06 WARN  (DecompileCallback) Decompiling 098be5f0, pcode error at 098be5f0: Unable to disassemble EXTERNAL block location: 098be5f0  
2026-07-12 09:01:06 WARN  (DecompileCallback) Decompiling 098be5f8, pcode error at 098be5f8: Unable to disassemble EXTERNAL block location: 098be5f8  
2026-07-12 09:01:06 WARN  (DecompileCallback) Decompiling 098be600, pcode error at 098be600: Unable to disassemble EXTERNAL block location: 098be600  
2026-07-12 09:01:06 WARN  (DecompileCallback) Decompiling 098be608, pcode error at 098be608: Unable to disassemble EXTERNAL block location: 098be608  
2026-07-12 09:01:06 WARN  (DecompileCallback) Decompiling 098be610, pcode error at 098be610: Unable to disassemble EXTERNAL block location: 098be610  
2026-07-12 09:01:06 WARN  (DecompileCallback) Decompiling 098be618, pcode error at 098be618: Unable to disassemble EXTERNAL block location: 098be618  
2026-07-12 09:01:06 WARN  (DecompileCallback) Decompiling 098be620, pcode error at 098be620: Unable to disassemble EXTERNAL block location: 098be620  
2026-07-12 09:01:06 WARN  (DecompileCallback) Decompiling 098be628, pcode error at 098be628: Unable to disassemble EXTERNAL block location: 098be628  
2026-07-12 09:01:06 WARN  (DecompileCallback) Decompiling 098be630, pcode error at 098be630: Unable to disassemble EXTERNAL block location: 098be630  
2026-07-12 09:01:06 WARN  (DecompileCallback) Decompiling 098be638, pcode error at 098be638: Unable to disassemble EXTERNAL block location: 098be638  
2026-07-12 09:01:06 WARN  (DecompileCallback) Decompiling 098be640, pcode error at 098be640: Unable to disassemble EXTERNAL block location: 098be640  
2026-07-12 09:01:06 WARN  (DecompileCallback) Decompiling 098be648, pcode error at 098be648: Unable to disassemble EXTERNAL block location: 098be648  
2026-07-12 09:01:06 WARN  (DecompileCallback) Decompiling 098be650, pcode error at 098be650: Unable to disassemble EXTERNAL block location: 098be650  
2026-07-12 09:01:06 WARN  (DecompileCallback) Decompiling 098be658, pcode error at 098be658: Unable to disassemble EXTERNAL block location: 098be658  
2026-07-12 09:01:06 WARN  (DecompileCallback) Decompiling 098be660, pcode error at 098be660: Unable to disassemble EXTERNAL block location: 098be660  
2026-07-12 09:01:06 WARN  (DecompileCallback) Decompiling 098be668, pcode error at 098be668: Unable to disassemble EXTERNAL block location: 098be668  
2026-07-12 09:01:06 WARN  (DecompileCallback) Decompiling 098be670, pcode error at 098be670: Unable to disassemble EXTERNAL block location: 098be670  
2026-07-12 09:01:06 WARN  (DecompileCallback) Decompiling 098be678, pcode error at 098be678: Unable to disassemble EXTERNAL block location: 098be678  
2026-07-12 09:01:06 WARN  (DecompileCallback) Decompiling 098be680, pcode error at 098be680: Unable to disassemble EXTERNAL block location: 098be680  
2026-07-12 09:01:06 WARN  (DecompileCallback) Decompiling 098be688, pcode error at 098be688: Unable to disassemble EXTERNAL block location: 098be688  
2026-07-12 09:01:06 WARN  (DecompileCallback) Decompiling 098be690, pcode error at 098be690: Unable to disassemble EXTERNAL block location: 098be690  
2026-07-12 09:01:06 WARN  (DecompileCallback) Decompiling 098be698, pcode error at 098be698: Unable to disassemble EXTERNAL block location: 098be698  
2026-07-12 09:01:06 WARN  (DecompileCallback) Decompiling 098be6a0, pcode error at 098be6a0: Unable to disassemble EXTERNAL block location: 098be6a0  
2026-07-12 09:01:06 WARN  (DecompileCallback) Decompiling 098be6a8, pcode error at 098be6a8: Unable to disassemble EXTERNAL block location: 098be6a8  
2026-07-12 09:01:06 WARN  (DecompileCallback) Decompiling 098be6b0, pcode error at 098be6b0: Unable to disassemble EXTERNAL block location: 098be6b0  
2026-07-12 09:01:06 WARN  (DecompileCallback) Decompiling 098be6b8, pcode error at 098be6b8: Unable to disassemble EXTERNAL block location: 098be6b8  
2026-07-12 09:01:06 WARN  (DecompileCallback) Decompiling 098be6c0, pcode error at 098be6c0: Unable to disassemble EXTERNAL block location: 098be6c0  
2026-07-12 09:01:06 WARN  (DecompileCallback) Decompiling 098be6c8, pcode error at 098be6c8: Unable to disassemble EXTERNAL block location: 098be6c8  
2026-07-12 09:01:06 WARN  (DecompileCallback) Decompiling 098be6d0, pcode error at 098be6d0: Unable to disassemble EXTERNAL block location: 098be6d0  
2026-07-12 09:01:06 WARN  (DecompileCallback) Decompiling 098be6d8, pcode error at 098be6d8: Unable to disassemble EXTERNAL block location: 098be6d8  
2026-07-12 09:01:06 WARN  (DecompileCallback) Decompiling 098be6e0, pcode error at 098be6e0: Unable to disassemble EXTERNAL block location: 098be6e0  
2026-07-12 09:01:06 WARN  (DecompileCallback) Decompiling 098be6e8, pcode error at 098be6e8: Unable to disassemble EXTERNAL block location: 098be6e8  
2026-07-12 09:01:06 WARN  (DecompileCallback) Decompiling 098be6f0, pcode error at 098be6f0: Unable to disassemble EXTERNAL block location: 098be6f0  
2026-07-12 09:01:06 WARN  (DecompileCallback) Decompiling 098be6f8, pcode error at 098be6f8: Unable to disassemble EXTERNAL block location: 098be6f8  
2026-07-12 09:01:06 WARN  (DecompileCallback) Decompiling 098be700, pcode error at 098be700: Unable to disassemble EXTERNAL block location: 098be700  
2026-07-12 09:01:06 WARN  (DecompileCallback) Decompiling 098be708, pcode error at 098be708: Unable to disassemble EXTERNAL block location: 098be708  
2026-07-12 09:01:06 WARN  (DecompileCallback) Decompiling 098be710, pcode error at 098be710: Unable to disassemble EXTERNAL block location: 098be710  
2026-07-12 09:01:06 WARN  (DecompileCallback) Decompiling 098be718, pcode error at 098be718: Unable to disassemble EXTERNAL block location: 098be718  
2026-07-12 09:01:06 WARN  (DecompileCallback) Decompiling 098be720, pcode error at 098be720: Unable to disassemble EXTERNAL block location: 098be720  
2026-07-12 09:01:06 WARN  (DecompileCallback) Decompiling 098be728, pcode error at 098be728: Unable to disassemble EXTERNAL block location: 098be728  
2026-07-12 09:01:06 WARN  (DecompileCallback) Decompiling 098be730, pcode error at 098be730: Unable to disassemble EXTERNAL block location: 098be730  
2026-07-12 09:01:06 WARN  (DecompileCallback) Decompiling 098be738, pcode error at 098be738: Unable to disassemble EXTERNAL block location: 098be738  
2026-07-12 09:01:06 WARN  (DecompileCallback) Decompiling 098be740, pcode error at 098be740: Unable to disassemble EXTERNAL block location: 098be740  
2026-07-12 09:01:06 WARN  (DecompileCallback) Decompiling 098be748, pcode error at 098be748: Unable to disassemble EXTERNAL block location: 098be748  
2026-07-12 09:01:06 WARN  (DecompileCallback) Decompiling 098be750, pcode error at 098be750: Unable to disassemble EXTERNAL block location: 098be750  
2026-07-12 09:01:06 WARN  (DecompileCallback) Decompiling 098be758, pcode error at 098be758: Unable to disassemble EXTERNAL block location: 098be758  
2026-07-12 09:01:06 WARN  (DecompileCallback) Decompiling 098be760, pcode error at 098be760: Unable to disassemble EXTERNAL block location: 098be760  
2026-07-12 09:01:06 WARN  (DecompileCallback) Decompiling 098be768, pcode error at 098be768: Unable to disassemble EXTERNAL block location: 098be768  
2026-07-12 09:01:06 WARN  (DecompileCallback) Decompiling 098be770, pcode error at 098be770: Unable to disassemble EXTERNAL block location: 098be770  
2026-07-12 09:01:06 WARN  (DecompileCallback) Decompiling 098be778, pcode error at 098be778: Unable to disassemble EXTERNAL block location: 098be778  
2026-07-12 09:01:06 WARN  (DecompileCallback) Decompiling 098be780, pcode error at 098be780: Unable to disassemble EXTERNAL block location: 098be780  
2026-07-12 09:01:06 WARN  (DecompileCallback) Decompiling 098be788, pcode error at 098be788: Unable to disassemble EXTERNAL block location: 098be788  
2026-07-12 09:01:06 WARN  (DecompileCallback) Decompiling 098be790, pcode error at 098be790: Unable to disassemble EXTERNAL block location: 098be790  
2026-07-12 09:01:06 WARN  (DecompileCallback) Decompiling 098be798, pcode error at 098be798: Unable to disassemble EXTERNAL block location: 098be798  
2026-07-12 09:01:06 WARN  (DecompileCallback) Decompiling 098be7a0, pcode error at 098be7a0: Unable to disassemble EXTERNAL block location: 098be7a0  
2026-07-12 09:01:06 WARN  (DecompileCallback) Decompiling 098be7a8, pcode error at 098be7a8: Unable to disassemble EXTERNAL block location: 098be7a8  
2026-07-12 09:01:06 WARN  (DecompileCallback) Decompiling 098be7b0, pcode error at 098be7b0: Unable to disassemble EXTERNAL block location: 098be7b0  
2026-07-12 09:01:06 WARN  (DecompileCallback) Decompiling 098be7b8, pcode error at 098be7b8: Unable to disassemble EXTERNAL block location: 098be7b8  
2026-07-12 09:01:06 WARN  (DecompileCallback) Decompiling 098be7c0, pcode error at 098be7c0: Unable to disassemble EXTERNAL block location: 098be7c0  
2026-07-12 09:01:06 WARN  (DecompileCallback) Decompiling 098be7c8, pcode error at 098be7c8: Unable to disassemble EXTERNAL block location: 098be7c8  
2026-07-12 09:01:06 WARN  (DecompileCallback) Decompiling 098be7d0, pcode error at 098be7d0: Unable to disassemble EXTERNAL block location: 098be7d0  
2026-07-12 09:01:06 WARN  (DecompileCallback) Decompiling 098be7d8, pcode error at 098be7d8: Unable to disassemble EXTERNAL block location: 098be7d8  
2026-07-12 09:01:06 WARN  (DecompileCallback) Decompiling 098be7e0, pcode error at 098be7e0: Unable to disassemble EXTERNAL block location: 098be7e0  
2026-07-12 09:01:06 WARN  (DecompileCallback) Decompiling 098be7e8, pcode error at 098be7e8: Unable to disassemble EXTERNAL block location: 098be7e8  
2026-07-12 09:01:06 WARN  (DecompileCallback) Decompiling 098be7f0, pcode error at 098be7f0: Unable to disassemble EXTERNAL block location: 098be7f0  
2026-07-12 09:01:06 WARN  (DecompileCallback) Decompiling 098be7f8, pcode error at 098be7f8: Unable to disassemble EXTERNAL block location: 098be7f8  
2026-07-12 09:01:06 WARN  (DecompileCallback) Decompiling 098be800, pcode error at 098be800: Unable to disassemble EXTERNAL block location: 098be800  
2026-07-12 09:01:06 WARN  (DecompileCallback) Decompiling 098be808, pcode error at 098be808: Unable to disassemble EXTERNAL block location: 098be808  
2026-07-12 09:01:06 WARN  (DecompileCallback) Decompiling 098be810, pcode error at 098be810: Unable to disassemble EXTERNAL block location: 098be810  
2026-07-12 09:01:06 WARN  (DecompileCallback) Decompiling 098be818, pcode error at 098be818: Unable to disassemble EXTERNAL block location: 098be818  
2026-07-12 09:01:06 WARN  (DecompileCallback) Decompiling 098be820, pcode error at 098be820: Unable to disassemble EXTERNAL block location: 098be820  
2026-07-12 09:01:06 WARN  (DecompileCallback) Decompiling 098be828, pcode error at 098be828: Unable to disassemble EXTERNAL block location: 098be828  
2026-07-12 09:01:06 WARN  (DecompileCallback) Decompiling 098be830, pcode error at 098be830: Unable to disassemble EXTERNAL block location: 098be830  
2026-07-12 09:01:06 WARN  (DecompileCallback) Decompiling 098be838, pcode error at 098be838: Unable to disassemble EXTERNAL block location: 098be838  
2026-07-12 09:01:06 WARN  (DecompileCallback) Decompiling 098be840, pcode error at 098be840: Unable to disassemble EXTERNAL block location: 098be840  
2026-07-12 09:01:06 WARN  (DecompileCallback) Decompiling 098be848, pcode error at 098be848: Unable to disassemble EXTERNAL block location: 098be848  
2026-07-12 09:01:06 WARN  (DecompileCallback) Decompiling 098be850, pcode error at 098be850: Unable to disassemble EXTERNAL block location: 098be850  
2026-07-12 09:01:06 WARN  (DecompileCallback) Decompiling 098be858, pcode error at 098be858: Unable to disassemble EXTERNAL block location: 098be858  
2026-07-12 09:01:06 WARN  (DecompileCallback) Decompiling 098be860, pcode error at 098be860: Unable to disassemble EXTERNAL block location: 098be860  
2026-07-12 09:01:06 WARN  (DecompileCallback) Decompiling 098be868, pcode error at 098be868: Unable to disassemble EXTERNAL block location: 098be868  
2026-07-12 09:01:06 WARN  (DecompileCallback) Decompiling 098be870, pcode error at 098be870: Unable to disassemble EXTERNAL block location: 098be870  
2026-07-12 09:01:06 WARN  (DecompileCallback) Decompiling 098be878, pcode error at 098be878: Unable to disassemble EXTERNAL block location: 098be878  
2026-07-12 09:01:06 WARN  (DecompileCallback) Decompiling 098be880, pcode error at 098be880: Unable to disassemble EXTERNAL block location: 098be880  
2026-07-12 09:01:06 WARN  (DecompileCallback) Decompiling 098be888, pcode error at 098be888: Unable to disassemble EXTERNAL block location: 098be888  
2026-07-12 09:01:06 WARN  (DecompileCallback) Decompiling 098be890, pcode error at 098be890: Unable to disassemble EXTERNAL block location: 098be890  
2026-07-12 09:01:06 WARN  (DecompileCallback) Decompiling 098be898, pcode error at 098be898: Unable to disassemble EXTERNAL block location: 098be898  
2026-07-12 09:01:06 WARN  (DecompileCallback) Decompiling 098be8a0, pcode error at 098be8a0: Unable to disassemble EXTERNAL block location: 098be8a0  
2026-07-12 09:01:06 WARN  (DecompileCallback) Decompiling 098be8a8, pcode error at 098be8a8: Unable to disassemble EXTERNAL block location: 098be8a8  
2026-07-12 09:01:06 WARN  (DecompileCallback) Decompiling 098be8b0, pcode error at 098be8b0: Unable to disassemble EXTERNAL block location: 098be8b0  
2026-07-12 09:01:06 WARN  (DecompileCallback) Decompiling 098be8c0, pcode error at 098be8c0: Unable to disassemble EXTERNAL block location: 098be8c0  
2026-07-12 09:01:06 WARN  (DecompileCallback) Decompiling 098be8c8, pcode error at 098be8c8: Unable to disassemble EXTERNAL block location: 098be8c8  
2026-07-12 09:01:06 WARN  (DecompileCallback) Decompiling 098be8d0, pcode error at 098be8d0: Unable to disassemble EXTERNAL block location: 098be8d0  
2026-07-12 09:01:06 WARN  (DecompileCallback) Decompiling 098be8d8, pcode error at 098be8d8: Unable to disassemble EXTERNAL block location: 098be8d8  
2026-07-12 09:01:06 WARN  (DecompileCallback) Decompiling 098be8e0, pcode error at 098be8e0: Unable to disassemble EXTERNAL block location: 098be8e0  
2026-07-12 09:01:06 WARN  (DecompileCallback) Decompiling 098be8e8, pcode error at 098be8e8: Unable to disassemble EXTERNAL block location: 098be8e8  
2026-07-12 09:01:06 WARN  (DecompileCallback) Decompiling 098be8f0, pcode error at 098be8f0: Unable to disassemble EXTERNAL block location: 098be8f0  
2026-07-12 09:01:06 WARN  (DecompileCallback) Decompiling 098be8f8, pcode error at 098be8f8: Unable to disassemble EXTERNAL block location: 098be8f8  
2026-07-12 09:01:06 INFO  (GhidraScript) GeneralStructureEyePatternScan.java> General structure scan complete.  
2026-07-12 09:01:06 INFO  (GhidraScript) GeneralStructureEyePatternScan.java> Total functions scanned: 976872  
2026-07-12 09:01:06 INFO  (GhidraScript) GeneralStructureEyePatternScan.java> Exported functions: 453  
2026-07-12 09:01:06 INFO  (GhidraScript) GeneralStructureEyePatternScan.java> Decompile failures: 817  
2026-07-12 09:01:06 INFO  (GhidraScript) GeneralStructureEyePatternScan.java> Report CSV: C:\realDesktop\manifest-evaluations\summer-26\ghidra-pipeline\il2cpp-files\cac\general-structure-results\structure_scan_report.csv  
2026-07-12 09:01:06 INFO  (GhidraScript) GeneralStructureEyePatternScan.java> Report JSON: C:\realDesktop\manifest-evaluations\summer-26\ghidra-pipeline\il2cpp-files\cac\general-structure-results\structure_scan_report.json  
2026-07-12 09:01:06 INFO  (HeadlessAnalyzer) REPORT: Save succeeded for processed file: /cac-libil2cpp.so  
