2026-07-23 03:54:58 INFO  (LoggingInitialization) Using log config file: jar:file:/C:/Users/kimgiordano27/Downloads/ghidra_12.1.2_PUBLIC_20260605/ghidra_12.1.2_PUBLIC/Ghidra/Framework/Generic/lib/Generic.jar!/generic.log4j.xml  
2026-07-23 03:54:58 INFO  (LoggingInitialization) Using log file: C:\realDesktop\manifest-evaluations\summer-26\ghidra-pipeline\il2cpp-files\TruckParkingSimulatorVRDemo\general-structure-ghidra.log  
2026-07-23 03:54:58 DEBUG (GhidraObjectInputFilter) Including serial input filter: FileSystem/data/client.rmi.serial.filter  
2026-07-23 03:54:58 INFO  (Preferences) Loading user preferences: C:\Users\kimgiordano27\AppData\Roaming\ghidra\ghidra_12.1.2_PUBLIC\preferences  
2026-07-23 03:54:58 INFO  (ClassSearcher) Searching for classes...  
2026-07-23 03:54:59 INFO  (ClassSearcher) Class search complete (612 ms)  
2026-07-23 03:54:59 INFO  (DefaultSSLContextInitializer) Initializing SSL Context  
2026-07-23 03:54:59 INFO  (SecureRandomFactory) Initializing Random Number Generator...  
2026-07-23 03:54:59 INFO  (SecureRandomFactory) Random Number Generator initialization complete: SHA1PRNG  
2026-07-23 03:54:59 INFO  (DefaultTrustManagerFactory) Trust manager disabled, cacerts have not been set  
2026-07-23 03:54:59 INFO  (AnalyzeHeadless) Headless startup complete (1685 ms)  
2026-07-23 03:54:59 INFO  (ClassSearcher) Class searcher loaded 59 extension points (20 false positives)  
2026-07-23 03:54:59 INFO  (HeadlessAnalyzer) HEADLESS Script Paths:
    C:\Users\kimgiordano27\Downloads\ghidra_12.1.2_PUBLIC_20260605\ghidra_12.1.2_PUBLIC\Ghidra\Features\DecompilerDependent\ghidra_scripts
    C:\Users\kimgiordano27\Downloads\ghidra_12.1.2_PUBLIC_20260605\ghidra_12.1.2_PUBLIC\Ghidra\Processors\Atmel\ghidra_scripts
    C:\Users\kimgiordano27\Downloads\ghidra_12.1.2_PUBLIC_20260605\ghidra_12.1.2_PUBLIC\Ghidra\Processors\PIC\ghidra_scripts
    C:\Users\kimgiordano27\Downloads\ghidra_12.1.2_PUBLIC_20260605\ghidra_12.1.2_PUBLIC\Ghidra\Features\VersionTracking\ghidra_scripts
    C:\Users\kimgiordano27\Downloads\ghidra_12.1.2_PUBLIC_20260605\ghidra_12.1.2_PUBLIC\Ghidra\Features\BytePatterns\ghidra_scripts
    C:\Users\kimgiordano27\ghidra_scripts
    C:\Users\kimgiordano27\Downloads\ghidra_12.1.2_PUBLIC_20260605\ghidra_12.1.2_PUBLIC\Ghidra\Features\BSim\ghidra_scripts
    C:\realDesktop\manifest-evaluations\summer-26\ghidra-pipeline\ghidra-export-scripts
    C:\Users\kimgiordano27\Downloads\ghidra_12.1.2_PUBLIC_20260605\ghidra_12.1.2_PUBLIC\Ghidra\Processors\JVM\ghidra_scripts
    C:\Users\kimgiordano27\Downloads\ghidra_12.1.2_PUBLIC_20260605\ghidra_12.1.2_PUBLIC\Ghidra\Features\Base\ghidra_scripts
    C:\Users\kimgiordano27\Downloads\ghidra_12.1.2_PUBLIC_20260605\ghidra_12.1.2_PUBLIC\Ghidra\Features\SwiftDemangler\ghidra_scripts
    C:\Users\kimgiordano27\Downloads\ghidra_12.1.2_PUBLIC_20260605\ghidra_12.1.2_PUBLIC\Ghidra\Features\WildcardAssembler\ghidra_scripts
    C:\Users\kimgiordano27\Downloads\ghidra_12.1.2_PUBLIC_20260605\ghidra_12.1.2_PUBLIC\Ghidra\Features\FileFormats\ghidra_scripts
    C:\Users\kimgiordano27\Downloads\ghidra_12.1.2_PUBLIC_20260605\ghidra_12.1.2_PUBLIC\Ghidra\Features\Decompiler\ghidra_scripts
    C:\Users\kimgiordano27\Downloads\ghidra_12.1.2_PUBLIC_20260605\ghidra_12.1.2_PUBLIC\Ghidra\Features\SystemEmulation\ghidra_scripts
    C:\Users\kimgiordano27\Downloads\ghidra_12.1.2_PUBLIC_20260605\ghidra_12.1.2_PUBLIC\Ghidra\Processors\8051\ghidra_scripts
    C:\Users\kimgiordano27\Downloads\ghidra_12.1.2_PUBLIC_20260605\ghidra_12.1.2_PUBLIC\Ghidra\Features\GnuDemangler\ghidra_scripts
    C:\Users\kimgiordano27\Downloads\ghidra_12.1.2_PUBLIC_20260605\ghidra_12.1.2_PUBLIC\Ghidra\Debug\Debugger\ghidra_scripts
    C:\Users\kimgiordano27\Downloads\ghidra_12.1.2_PUBLIC_20260605\ghidra_12.1.2_PUBLIC\Ghidra\Processors\DATA\ghidra_scripts
    C:\Users\kimgiordano27\Downloads\ghidra_12.1.2_PUBLIC_20260605\ghidra_12.1.2_PUBLIC\Ghidra\Debug\Debugger-rmi-trace\ghidra_scripts
    C:\Users\kimgiordano27\Downloads\ghidra_12.1.2_PUBLIC_20260605\ghidra_12.1.2_PUBLIC\Ghidra\Features\FunctionID\ghidra_scripts
    C:\Users\kimgiordano27\Downloads\ghidra_12.1.2_PUBLIC_20260605\ghidra_12.1.2_PUBLIC\Ghidra\Features\MicrosoftCodeAnalyzer\ghidra_scripts
    C:\Users\kimgiordano27\Downloads\ghidra_12.1.2_PUBLIC_20260605\ghidra_12.1.2_PUBLIC\Ghidra\Features\PDB\ghidra_scripts
    C:\Users\kimgiordano27\AppData\Roaming\ghidra\ghidra_12.1.2_PUBLIC\Extensions\Jython\ghidra_scripts
    C:\Users\kimgiordano27\Downloads\ghidra_12.1.2_PUBLIC_20260605\ghidra_12.1.2_PUBLIC\Ghidra\Features\PyGhidra\ghidra_scripts  
2026-07-23 03:54:59 INFO  (HeadlessAnalyzer) HEADLESS: execution starts  
2026-07-23 03:54:59 INFO  (HeadlessAnalyzer) Opening existing project: C:\realDesktop\manifest-evaluations\summer-26\ghidra-pipeline\il2cpp-files\TruckParkingSimulatorVRDemo\ghidra-project-TruckParkingSimulatorVRDemo\TruckParkingSimulatorVRDemo  
2026-07-23 03:54:59 INFO  (HeadlessProject) Opening project: C:\realDesktop\manifest-evaluations\summer-26\ghidra-pipeline\il2cpp-files\TruckParkingSimulatorVRDemo\ghidra-project-TruckParkingSimulatorVRDemo\TruckParkingSimulatorVRDemo  
2026-07-23 03:54:59 INFO  (LocalFileSystem) /TruckParkingSimulatorVRDemo-libil2cpp.so: checkout (2) granted (kimgiordano27)  
2026-07-23 03:55:04 INFO  (HeadlessAnalyzer) REPORT: Processing project file: /TruckParkingSimulatorVRDemo-libil2cpp.so  
2026-07-23 03:55:04 INFO  (HeadlessAnalyzer) REPORT: Execute script: GeneralStructureEyePatternScan.java 'C:\realDesktop\manifest-evaluations\summer-26\ghidra-pipeline\il2cpp-files\TruckParkingSimulatorVRDemo\general-structure-results' '70' 'false'   
2026-07-23 03:55:05 INFO  (HeadlessAnalyzer) SCRIPT: C:\realDesktop\manifest-evaluations\summer-26\ghidra-pipeline\ghidra-export-scripts\GeneralStructureEyePatternScan.java  
2026-07-23 03:55:05 INFO  (GhidraScript) GeneralStructureEyePatternScan.java> General structure scan starting...  
2026-07-23 03:55:05 INFO  (GhidraScript) GeneralStructureEyePatternScan.java> Output: C:\realDesktop\manifest-evaluations\summer-26\ghidra-pipeline\il2cpp-files\TruckParkingSimulatorVRDemo\general-structure-results  
2026-07-23 03:55:05 INFO  (GhidraScript) GeneralStructureEyePatternScan.java> Minimum review score: 70  
2026-07-23 03:55:05 INFO  (GhidraScript) GeneralStructureEyePatternScan.java> Export all: false  
2026-07-23 03:55:39 INFO  (GhidraScript) GeneralStructureEyePatternScan.java> Scanned 10000 functions. Exported so far: 0  
2026-07-23 03:56:12 INFO  (GhidraScript) GeneralStructureEyePatternScan.java> Scanned 20000 functions. Exported so far: 0  
2026-07-23 03:56:53 INFO  (GhidraScript) GeneralStructureEyePatternScan.java> Scanned 30000 functions. Exported so far: 0  
2026-07-23 03:59:55 INFO  (GhidraScript) GeneralStructureEyePatternScan.java> Scanned 40000 functions. Exported so far: 0  
2026-07-23 04:07:04 INFO  (GhidraScript) GeneralStructureEyePatternScan.java> Scanned 50000 functions. Exported so far: 3  
2026-07-23 05:34:45 INFO  (GhidraScript) GeneralStructureEyePatternScan.java> Scanned 60000 functions. Exported so far: 5  
2026-07-23 10:52:42 INFO  (GhidraScript) GeneralStructureEyePatternScan.java> Scanned 70000 functions. Exported so far: 7  
2026-07-23 10:53:54 INFO  (GhidraScript) GeneralStructureEyePatternScan.java> Scanned 80000 functions. Exported so far: 8  
2026-07-23 10:55:11 INFO  (GhidraScript) GeneralStructureEyePatternScan.java> Scanned 90000 functions. Exported so far: 8  
2026-07-23 10:56:31 INFO  (GhidraScript) GeneralStructureEyePatternScan.java> Scanned 100000 functions. Exported so far: 8  
2026-07-23 10:57:44 INFO  (GhidraScript) GeneralStructureEyePatternScan.java> Scanned 110000 functions. Exported so far: 9  
2026-07-23 10:59:28 INFO  (GhidraScript) GeneralStructureEyePatternScan.java> Scanned 120000 functions. Exported so far: 9  
2026-07-23 11:00:15 INFO  (GhidraScript) GeneralStructureEyePatternScan.java> Scanned 130000 functions. Exported so far: 9  
2026-07-23 11:01:15 INFO  (GhidraScript) GeneralStructureEyePatternScan.java> Scanned 140000 functions. Exported so far: 9  
2026-07-23 11:02:14 INFO  (GhidraScript) GeneralStructureEyePatternScan.java> Scanned 150000 functions. Exported so far: 9  
2026-07-23 11:03:12 INFO  (GhidraScript) GeneralStructureEyePatternScan.java> Scanned 160000 functions. Exported so far: 9  
2026-07-23 11:04:47 INFO  (GhidraScript) GeneralStructureEyePatternScan.java> Scanned 170000 functions. Exported so far: 9  
2026-07-23 11:09:33 INFO  (GhidraScript) GeneralStructureEyePatternScan.java> Scanned 180000 functions. Exported so far: 9  
2026-07-23 11:11:06 INFO  (GhidraScript) GeneralStructureEyePatternScan.java> Scanned 190000 functions. Exported so far: 9  
2026-07-23 11:22:08 INFO  (GhidraScript) GeneralStructureEyePatternScan.java> Scanned 200000 functions. Exported so far: 9  
2026-07-23 11:29:11 INFO  (GhidraScript) GeneralStructureEyePatternScan.java> Scanned 210000 functions. Exported so far: 9  
2026-07-23 11:32:13 INFO  (GhidraScript) GeneralStructureEyePatternScan.java> Scanned 220000 functions. Exported so far: 33  
2026-07-23 12:25:05 INFO  (GhidraScript) GeneralStructureEyePatternScan.java> Scanned 230000 functions. Exported so far: 61  
2026-07-23 12:26:40 INFO  (GhidraScript) GeneralStructureEyePatternScan.java> Scanned 240000 functions. Exported so far: 64  
2026-07-23 12:31:47 INFO  (GhidraScript) GeneralStructureEyePatternScan.java> Scanned 250000 functions. Exported so far: 69  
2026-07-23 12:59:15 INFO  (GhidraScript) GeneralStructureEyePatternScan.java> Scanned 260000 functions. Exported so far: 69  
2026-07-23 12:59:33 WARN  (DecompileCallback) Decompiling 02e8f000, pcode error at 02e8f000: Unable to disassemble EXTERNAL block location: 02e8f000  
2026-07-23 12:59:33 WARN  (DecompileCallback) Decompiling 02e8f008, pcode error at 02e8f008: Unable to disassemble EXTERNAL block location: 02e8f008  
2026-07-23 12:59:33 WARN  (DecompileCallback) Decompiling 02e8f010, pcode error at 02e8f010: Unable to disassemble EXTERNAL block location: 02e8f010  
2026-07-23 12:59:33 WARN  (DecompileCallback) Decompiling 02e8f018, pcode error at 02e8f018: Unable to disassemble EXTERNAL block location: 02e8f018  
2026-07-23 12:59:33 WARN  (DecompileCallback) Decompiling 02e8f020, pcode error at 02e8f020: Unable to disassemble EXTERNAL block location: 02e8f020  
2026-07-23 12:59:33 WARN  (DecompileCallback) Decompiling 02e8f028, pcode error at 02e8f028: Unable to disassemble EXTERNAL block location: 02e8f028  
2026-07-23 12:59:33 WARN  (DecompileCallback) Decompiling 02e8f030, pcode error at 02e8f030: Unable to disassemble EXTERNAL block location: 02e8f030  
2026-07-23 12:59:33 WARN  (DecompileCallback) Decompiling 02e8f038, pcode error at 02e8f038: Unable to disassemble EXTERNAL block location: 02e8f038  
2026-07-23 12:59:33 WARN  (DecompileCallback) Decompiling 02e8f040, pcode error at 02e8f040: Unable to disassemble EXTERNAL block location: 02e8f040  
2026-07-23 12:59:33 WARN  (DecompileCallback) Decompiling 02e8f048, pcode error at 02e8f048: Unable to disassemble EXTERNAL block location: 02e8f048  
2026-07-23 12:59:33 WARN  (DecompileCallback) Decompiling 02e8f050, pcode error at 02e8f050: Unable to disassemble EXTERNAL block location: 02e8f050  
2026-07-23 12:59:33 WARN  (DecompileCallback) Decompiling 02e8f058, pcode error at 02e8f058: Unable to disassemble EXTERNAL block location: 02e8f058  
2026-07-23 12:59:33 WARN  (DecompileCallback) Decompiling 02e8f060, pcode error at 02e8f060: Unable to disassemble EXTERNAL block location: 02e8f060  
2026-07-23 12:59:33 WARN  (DecompileCallback) Decompiling 02e8f068, pcode error at 02e8f068: Unable to disassemble EXTERNAL block location: 02e8f068  
2026-07-23 12:59:33 WARN  (DecompileCallback) Decompiling 02e8f070, pcode error at 02e8f070: Unable to disassemble EXTERNAL block location: 02e8f070  
2026-07-23 12:59:33 WARN  (DecompileCallback) Decompiling 02e8f078, pcode error at 02e8f078: Unable to disassemble EXTERNAL block location: 02e8f078  
2026-07-23 12:59:33 WARN  (DecompileCallback) Decompiling 02e8f080, pcode error at 02e8f080: Unable to disassemble EXTERNAL block location: 02e8f080  
2026-07-23 12:59:33 WARN  (DecompileCallback) Decompiling 02e8f088, pcode error at 02e8f088: Unable to disassemble EXTERNAL block location: 02e8f088  
2026-07-23 12:59:33 WARN  (DecompileCallback) Decompiling 02e8f090, pcode error at 02e8f090: Unable to disassemble EXTERNAL block location: 02e8f090  
2026-07-23 12:59:33 WARN  (DecompileCallback) Decompiling 02e8f098, pcode error at 02e8f098: Unable to disassemble EXTERNAL block location: 02e8f098  
2026-07-23 12:59:33 WARN  (DecompileCallback) Decompiling 02e8f0a0, pcode error at 02e8f0a0: Unable to disassemble EXTERNAL block location: 02e8f0a0  
2026-07-23 12:59:33 WARN  (DecompileCallback) Decompiling 02e8f0a8, pcode error at 02e8f0a8: Unable to disassemble EXTERNAL block location: 02e8f0a8  
2026-07-23 12:59:33 WARN  (DecompileCallback) Decompiling 02e8f0b0, pcode error at 02e8f0b0: Unable to disassemble EXTERNAL block location: 02e8f0b0  
2026-07-23 12:59:33 WARN  (DecompileCallback) Decompiling 02e8f0b8, pcode error at 02e8f0b8: Unable to disassemble EXTERNAL block location: 02e8f0b8  
2026-07-23 12:59:33 WARN  (DecompileCallback) Decompiling 02e8f0c0, pcode error at 02e8f0c0: Unable to disassemble EXTERNAL block location: 02e8f0c0  
2026-07-23 12:59:33 WARN  (DecompileCallback) Decompiling 02e8f0c8, pcode error at 02e8f0c8: Unable to disassemble EXTERNAL block location: 02e8f0c8  
2026-07-23 12:59:33 WARN  (DecompileCallback) Decompiling 02e8f0d0, pcode error at 02e8f0d0: Unable to disassemble EXTERNAL block location: 02e8f0d0  
2026-07-23 12:59:33 WARN  (DecompileCallback) Decompiling 02e8f0d8, pcode error at 02e8f0d8: Unable to disassemble EXTERNAL block location: 02e8f0d8  
2026-07-23 12:59:33 WARN  (DecompileCallback) Decompiling 02e8f0e0, pcode error at 02e8f0e0: Unable to disassemble EXTERNAL block location: 02e8f0e0  
2026-07-23 12:59:33 WARN  (DecompileCallback) Decompiling 02e8f0e8, pcode error at 02e8f0e8: Unable to disassemble EXTERNAL block location: 02e8f0e8  
2026-07-23 12:59:33 WARN  (DecompileCallback) Decompiling 02e8f0f0, pcode error at 02e8f0f0: Unable to disassemble EXTERNAL block location: 02e8f0f0  
2026-07-23 12:59:33 WARN  (DecompileCallback) Decompiling 02e8f0f8, pcode error at 02e8f0f8: Unable to disassemble EXTERNAL block location: 02e8f0f8  
2026-07-23 12:59:33 WARN  (DecompileCallback) Decompiling 02e8f100, pcode error at 02e8f100: Unable to disassemble EXTERNAL block location: 02e8f100  
2026-07-23 12:59:33 WARN  (DecompileCallback) Decompiling 02e8f108, pcode error at 02e8f108: Unable to disassemble EXTERNAL block location: 02e8f108  
2026-07-23 12:59:33 WARN  (DecompileCallback) Decompiling 02e8f110, pcode error at 02e8f110: Unable to disassemble EXTERNAL block location: 02e8f110  
2026-07-23 12:59:33 WARN  (DecompileCallback) Decompiling 02e8f118, pcode error at 02e8f118: Unable to disassemble EXTERNAL block location: 02e8f118  
2026-07-23 12:59:33 WARN  (DecompileCallback) Decompiling 02e8f120, pcode error at 02e8f120: Unable to disassemble EXTERNAL block location: 02e8f120  
2026-07-23 12:59:33 WARN  (DecompileCallback) Decompiling 02e8f128, pcode error at 02e8f128: Unable to disassemble EXTERNAL block location: 02e8f128  
2026-07-23 12:59:33 WARN  (DecompileCallback) Decompiling 02e8f130, pcode error at 02e8f130: Unable to disassemble EXTERNAL block location: 02e8f130  
2026-07-23 12:59:33 WARN  (DecompileCallback) Decompiling 02e8f138, pcode error at 02e8f138: Unable to disassemble EXTERNAL block location: 02e8f138  
2026-07-23 12:59:33 WARN  (DecompileCallback) Decompiling 02e8f148, pcode error at 02e8f148: Unable to disassemble EXTERNAL block location: 02e8f148  
2026-07-23 12:59:33 WARN  (DecompileCallback) Decompiling 02e8f150, pcode error at 02e8f150: Unable to disassemble EXTERNAL block location: 02e8f150  
2026-07-23 12:59:33 WARN  (DecompileCallback) Decompiling 02e8f158, pcode error at 02e8f158: Unable to disassemble EXTERNAL block location: 02e8f158  
2026-07-23 12:59:33 WARN  (DecompileCallback) Decompiling 02e8f160, pcode error at 02e8f160: Unable to disassemble EXTERNAL block location: 02e8f160  
2026-07-23 12:59:33 WARN  (DecompileCallback) Decompiling 02e8f168, pcode error at 02e8f168: Unable to disassemble EXTERNAL block location: 02e8f168  
2026-07-23 12:59:33 WARN  (DecompileCallback) Decompiling 02e8f170, pcode error at 02e8f170: Unable to disassemble EXTERNAL block location: 02e8f170  
2026-07-23 12:59:33 WARN  (DecompileCallback) Decompiling 02e8f178, pcode error at 02e8f178: Unable to disassemble EXTERNAL block location: 02e8f178  
2026-07-23 12:59:33 WARN  (DecompileCallback) Decompiling 02e8f180, pcode error at 02e8f180: Unable to disassemble EXTERNAL block location: 02e8f180  
2026-07-23 12:59:33 WARN  (DecompileCallback) Decompiling 02e8f188, pcode error at 02e8f188: Unable to disassemble EXTERNAL block location: 02e8f188  
2026-07-23 12:59:33 WARN  (DecompileCallback) Decompiling 02e8f190, pcode error at 02e8f190: Unable to disassemble EXTERNAL block location: 02e8f190  
2026-07-23 12:59:33 WARN  (DecompileCallback) Decompiling 02e8f198, pcode error at 02e8f198: Unable to disassemble EXTERNAL block location: 02e8f198  
2026-07-23 12:59:33 WARN  (DecompileCallback) Decompiling 02e8f1a0, pcode error at 02e8f1a0: Unable to disassemble EXTERNAL block location: 02e8f1a0  
2026-07-23 12:59:33 WARN  (DecompileCallback) Decompiling 02e8f1a8, pcode error at 02e8f1a8: Unable to disassemble EXTERNAL block location: 02e8f1a8  
2026-07-23 12:59:33 WARN  (DecompileCallback) Decompiling 02e8f1b0, pcode error at 02e8f1b0: Unable to disassemble EXTERNAL block location: 02e8f1b0  
2026-07-23 12:59:33 WARN  (DecompileCallback) Decompiling 02e8f1b8, pcode error at 02e8f1b8: Unable to disassemble EXTERNAL block location: 02e8f1b8  
2026-07-23 12:59:33 WARN  (DecompileCallback) Decompiling 02e8f1c0, pcode error at 02e8f1c0: Unable to disassemble EXTERNAL block location: 02e8f1c0  
2026-07-23 12:59:33 WARN  (DecompileCallback) Decompiling 02e8f1c8, pcode error at 02e8f1c8: Unable to disassemble EXTERNAL block location: 02e8f1c8  
2026-07-23 12:59:33 WARN  (DecompileCallback) Decompiling 02e8f1d0, pcode error at 02e8f1d0: Unable to disassemble EXTERNAL block location: 02e8f1d0  
2026-07-23 12:59:33 WARN  (DecompileCallback) Decompiling 02e8f1d8, pcode error at 02e8f1d8: Unable to disassemble EXTERNAL block location: 02e8f1d8  
2026-07-23 12:59:33 WARN  (DecompileCallback) Decompiling 02e8f1e0, pcode error at 02e8f1e0: Unable to disassemble EXTERNAL block location: 02e8f1e0  
2026-07-23 12:59:33 WARN  (DecompileCallback) Decompiling 02e8f1e8, pcode error at 02e8f1e8: Unable to disassemble EXTERNAL block location: 02e8f1e8  
2026-07-23 12:59:33 WARN  (DecompileCallback) Decompiling 02e8f1f0, pcode error at 02e8f1f0: Unable to disassemble EXTERNAL block location: 02e8f1f0  
2026-07-23 12:59:33 WARN  (DecompileCallback) Decompiling 02e8f1f8, pcode error at 02e8f1f8: Unable to disassemble EXTERNAL block location: 02e8f1f8  
2026-07-23 12:59:33 WARN  (DecompileCallback) Decompiling 02e8f200, pcode error at 02e8f200: Unable to disassemble EXTERNAL block location: 02e8f200  
2026-07-23 12:59:33 WARN  (DecompileCallback) Decompiling 02e8f208, pcode error at 02e8f208: Unable to disassemble EXTERNAL block location: 02e8f208  
2026-07-23 12:59:33 WARN  (DecompileCallback) Decompiling 02e8f210, pcode error at 02e8f210: Unable to disassemble EXTERNAL block location: 02e8f210  
2026-07-23 12:59:33 WARN  (DecompileCallback) Decompiling 02e8f218, pcode error at 02e8f218: Unable to disassemble EXTERNAL block location: 02e8f218  
2026-07-23 12:59:33 WARN  (DecompileCallback) Decompiling 02e8f220, pcode error at 02e8f220: Unable to disassemble EXTERNAL block location: 02e8f220  
2026-07-23 12:59:33 WARN  (DecompileCallback) Decompiling 02e8f228, pcode error at 02e8f228: Unable to disassemble EXTERNAL block location: 02e8f228  
2026-07-23 12:59:33 WARN  (DecompileCallback) Decompiling 02e8f230, pcode error at 02e8f230: Unable to disassemble EXTERNAL block location: 02e8f230  
2026-07-23 12:59:33 WARN  (DecompileCallback) Decompiling 02e8f238, pcode error at 02e8f238: Unable to disassemble EXTERNAL block location: 02e8f238  
2026-07-23 12:59:33 WARN  (DecompileCallback) Decompiling 02e8f240, pcode error at 02e8f240: Unable to disassemble EXTERNAL block location: 02e8f240  
2026-07-23 12:59:33 WARN  (DecompileCallback) Decompiling 02e8f248, pcode error at 02e8f248: Unable to disassemble EXTERNAL block location: 02e8f248  
2026-07-23 12:59:33 WARN  (DecompileCallback) Decompiling 02e8f250, pcode error at 02e8f250: Unable to disassemble EXTERNAL block location: 02e8f250  
2026-07-23 12:59:33 WARN  (DecompileCallback) Decompiling 02e8f258, pcode error at 02e8f258: Unable to disassemble EXTERNAL block location: 02e8f258  
2026-07-23 12:59:33 WARN  (DecompileCallback) Decompiling 02e8f260, pcode error at 02e8f260: Unable to disassemble EXTERNAL block location: 02e8f260  
2026-07-23 12:59:33 WARN  (DecompileCallback) Decompiling 02e8f268, pcode error at 02e8f268: Unable to disassemble EXTERNAL block location: 02e8f268  
2026-07-23 12:59:33 WARN  (DecompileCallback) Decompiling 02e8f270, pcode error at 02e8f270: Unable to disassemble EXTERNAL block location: 02e8f270  
2026-07-23 12:59:33 WARN  (DecompileCallback) Decompiling 02e8f278, pcode error at 02e8f278: Unable to disassemble EXTERNAL block location: 02e8f278  
2026-07-23 12:59:33 WARN  (DecompileCallback) Decompiling 02e8f280, pcode error at 02e8f280: Unable to disassemble EXTERNAL block location: 02e8f280  
2026-07-23 12:59:33 WARN  (DecompileCallback) Decompiling 02e8f288, pcode error at 02e8f288: Unable to disassemble EXTERNAL block location: 02e8f288  
2026-07-23 12:59:33 WARN  (DecompileCallback) Decompiling 02e8f290, pcode error at 02e8f290: Unable to disassemble EXTERNAL block location: 02e8f290  
2026-07-23 12:59:33 WARN  (DecompileCallback) Decompiling 02e8f298, pcode error at 02e8f298: Unable to disassemble EXTERNAL block location: 02e8f298  
2026-07-23 12:59:33 WARN  (DecompileCallback) Decompiling 02e8f2a0, pcode error at 02e8f2a0: Unable to disassemble EXTERNAL block location: 02e8f2a0  
2026-07-23 12:59:33 WARN  (DecompileCallback) Decompiling 02e8f2a8, pcode error at 02e8f2a8: Unable to disassemble EXTERNAL block location: 02e8f2a8  
2026-07-23 12:59:33 WARN  (DecompileCallback) Decompiling 02e8f2b0, pcode error at 02e8f2b0: Unable to disassemble EXTERNAL block location: 02e8f2b0  
2026-07-23 12:59:33 WARN  (DecompileCallback) Decompiling 02e8f2b8, pcode error at 02e8f2b8: Unable to disassemble EXTERNAL block location: 02e8f2b8  
2026-07-23 12:59:33 WARN  (DecompileCallback) Decompiling 02e8f2c0, pcode error at 02e8f2c0: Unable to disassemble EXTERNAL block location: 02e8f2c0  
2026-07-23 12:59:33 WARN  (DecompileCallback) Decompiling 02e8f2c8, pcode error at 02e8f2c8: Unable to disassemble EXTERNAL block location: 02e8f2c8  
2026-07-23 12:59:33 WARN  (DecompileCallback) Decompiling 02e8f2d0, pcode error at 02e8f2d0: Unable to disassemble EXTERNAL block location: 02e8f2d0  
2026-07-23 12:59:33 WARN  (DecompileCallback) Decompiling 02e8f2d8, pcode error at 02e8f2d8: Unable to disassemble EXTERNAL block location: 02e8f2d8  
2026-07-23 12:59:33 WARN  (DecompileCallback) Decompiling 02e8f2e0, pcode error at 02e8f2e0: Unable to disassemble EXTERNAL block location: 02e8f2e0  
2026-07-23 12:59:33 WARN  (DecompileCallback) Decompiling 02e8f2e8, pcode error at 02e8f2e8: Unable to disassemble EXTERNAL block location: 02e8f2e8  
2026-07-23 12:59:33 WARN  (DecompileCallback) Decompiling 02e8f2f0, pcode error at 02e8f2f0: Unable to disassemble EXTERNAL block location: 02e8f2f0  
2026-07-23 12:59:33 WARN  (DecompileCallback) Decompiling 02e8f2f8, pcode error at 02e8f2f8: Unable to disassemble EXTERNAL block location: 02e8f2f8  
2026-07-23 12:59:33 WARN  (DecompileCallback) Decompiling 02e8f300, pcode error at 02e8f300: Unable to disassemble EXTERNAL block location: 02e8f300  
2026-07-23 12:59:33 WARN  (DecompileCallback) Decompiling 02e8f308, pcode error at 02e8f308: Unable to disassemble EXTERNAL block location: 02e8f308  
2026-07-23 12:59:33 WARN  (DecompileCallback) Decompiling 02e8f310, pcode error at 02e8f310: Unable to disassemble EXTERNAL block location: 02e8f310  
2026-07-23 12:59:33 WARN  (DecompileCallback) Decompiling 02e8f318, pcode error at 02e8f318: Unable to disassemble EXTERNAL block location: 02e8f318  
2026-07-23 12:59:33 WARN  (DecompileCallback) Decompiling 02e8f320, pcode error at 02e8f320: Unable to disassemble EXTERNAL block location: 02e8f320  
2026-07-23 12:59:33 WARN  (DecompileCallback) Decompiling 02e8f328, pcode error at 02e8f328: Unable to disassemble EXTERNAL block location: 02e8f328  
2026-07-23 12:59:33 WARN  (DecompileCallback) Decompiling 02e8f330, pcode error at 02e8f330: Unable to disassemble EXTERNAL block location: 02e8f330  
2026-07-23 12:59:33 WARN  (DecompileCallback) Decompiling 02e8f338, pcode error at 02e8f338: Unable to disassemble EXTERNAL block location: 02e8f338  
2026-07-23 12:59:33 WARN  (DecompileCallback) Decompiling 02e8f340, pcode error at 02e8f340: Unable to disassemble EXTERNAL block location: 02e8f340  
2026-07-23 12:59:33 WARN  (DecompileCallback) Decompiling 02e8f348, pcode error at 02e8f348: Unable to disassemble EXTERNAL block location: 02e8f348  
2026-07-23 12:59:33 WARN  (DecompileCallback) Decompiling 02e8f350, pcode error at 02e8f350: Unable to disassemble EXTERNAL block location: 02e8f350  
2026-07-23 12:59:33 WARN  (DecompileCallback) Decompiling 02e8f358, pcode error at 02e8f358: Unable to disassemble EXTERNAL block location: 02e8f358  
2026-07-23 12:59:33 WARN  (DecompileCallback) Decompiling 02e8f360, pcode error at 02e8f360: Unable to disassemble EXTERNAL block location: 02e8f360  
2026-07-23 12:59:33 WARN  (DecompileCallback) Decompiling 02e8f368, pcode error at 02e8f368: Unable to disassemble EXTERNAL block location: 02e8f368  
2026-07-23 12:59:33 WARN  (DecompileCallback) Decompiling 02e8f370, pcode error at 02e8f370: Unable to disassemble EXTERNAL block location: 02e8f370  
2026-07-23 12:59:33 WARN  (DecompileCallback) Decompiling 02e8f378, pcode error at 02e8f378: Unable to disassemble EXTERNAL block location: 02e8f378  
2026-07-23 12:59:33 WARN  (DecompileCallback) Decompiling 02e8f380, pcode error at 02e8f380: Unable to disassemble EXTERNAL block location: 02e8f380  
2026-07-23 12:59:33 WARN  (DecompileCallback) Decompiling 02e8f388, pcode error at 02e8f388: Unable to disassemble EXTERNAL block location: 02e8f388  
2026-07-23 12:59:33 WARN  (DecompileCallback) Decompiling 02e8f390, pcode error at 02e8f390: Unable to disassemble EXTERNAL block location: 02e8f390  
2026-07-23 12:59:33 WARN  (DecompileCallback) Decompiling 02e8f398, pcode error at 02e8f398: Unable to disassemble EXTERNAL block location: 02e8f398  
2026-07-23 12:59:33 WARN  (DecompileCallback) Decompiling 02e8f3a0, pcode error at 02e8f3a0: Unable to disassemble EXTERNAL block location: 02e8f3a0  
2026-07-23 12:59:33 WARN  (DecompileCallback) Decompiling 02e8f3a8, pcode error at 02e8f3a8: Unable to disassemble EXTERNAL block location: 02e8f3a8  
2026-07-23 12:59:33 WARN  (DecompileCallback) Decompiling 02e8f3b0, pcode error at 02e8f3b0: Unable to disassemble EXTERNAL block location: 02e8f3b0  
2026-07-23 12:59:33 WARN  (DecompileCallback) Decompiling 02e8f3b8, pcode error at 02e8f3b8: Unable to disassemble EXTERNAL block location: 02e8f3b8  
2026-07-23 12:59:33 WARN  (DecompileCallback) Decompiling 02e8f3c0, pcode error at 02e8f3c0: Unable to disassemble EXTERNAL block location: 02e8f3c0  
2026-07-23 12:59:33 WARN  (DecompileCallback) Decompiling 02e8f3c8, pcode error at 02e8f3c8: Unable to disassemble EXTERNAL block location: 02e8f3c8  
2026-07-23 12:59:33 WARN  (DecompileCallback) Decompiling 02e8f3d0, pcode error at 02e8f3d0: Unable to disassemble EXTERNAL block location: 02e8f3d0  
2026-07-23 12:59:33 WARN  (DecompileCallback) Decompiling 02e8f3d8, pcode error at 02e8f3d8: Unable to disassemble EXTERNAL block location: 02e8f3d8  
2026-07-23 12:59:33 WARN  (DecompileCallback) Decompiling 02e8f3e0, pcode error at 02e8f3e0: Unable to disassemble EXTERNAL block location: 02e8f3e0  
2026-07-23 12:59:33 WARN  (DecompileCallback) Decompiling 02e8f3e8, pcode error at 02e8f3e8: Unable to disassemble EXTERNAL block location: 02e8f3e8  
2026-07-23 12:59:33 WARN  (DecompileCallback) Decompiling 02e8f3f0, pcode error at 02e8f3f0: Unable to disassemble EXTERNAL block location: 02e8f3f0  
2026-07-23 12:59:33 WARN  (DecompileCallback) Decompiling 02e8f3f8, pcode error at 02e8f3f8: Unable to disassemble EXTERNAL block location: 02e8f3f8  
2026-07-23 12:59:33 WARN  (DecompileCallback) Decompiling 02e8f400, pcode error at 02e8f400: Unable to disassemble EXTERNAL block location: 02e8f400  
2026-07-23 12:59:33 WARN  (DecompileCallback) Decompiling 02e8f408, pcode error at 02e8f408: Unable to disassemble EXTERNAL block location: 02e8f408  
2026-07-23 12:59:33 WARN  (DecompileCallback) Decompiling 02e8f410, pcode error at 02e8f410: Unable to disassemble EXTERNAL block location: 02e8f410  
2026-07-23 12:59:33 WARN  (DecompileCallback) Decompiling 02e8f418, pcode error at 02e8f418: Unable to disassemble EXTERNAL block location: 02e8f418  
2026-07-23 12:59:33 WARN  (DecompileCallback) Decompiling 02e8f420, pcode error at 02e8f420: Unable to disassemble EXTERNAL block location: 02e8f420  
2026-07-23 12:59:33 WARN  (DecompileCallback) Decompiling 02e8f428, pcode error at 02e8f428: Unable to disassemble EXTERNAL block location: 02e8f428  
2026-07-23 12:59:33 WARN  (DecompileCallback) Decompiling 02e8f430, pcode error at 02e8f430: Unable to disassemble EXTERNAL block location: 02e8f430  
2026-07-23 12:59:33 WARN  (DecompileCallback) Decompiling 02e8f438, pcode error at 02e8f438: Unable to disassemble EXTERNAL block location: 02e8f438  
2026-07-23 12:59:33 WARN  (DecompileCallback) Decompiling 02e8f440, pcode error at 02e8f440: Unable to disassemble EXTERNAL block location: 02e8f440  
2026-07-23 12:59:33 WARN  (DecompileCallback) Decompiling 02e8f448, pcode error at 02e8f448: Unable to disassemble EXTERNAL block location: 02e8f448  
2026-07-23 12:59:33 WARN  (DecompileCallback) Decompiling 02e8f450, pcode error at 02e8f450: Unable to disassemble EXTERNAL block location: 02e8f450  
2026-07-23 12:59:33 WARN  (DecompileCallback) Decompiling 02e8f458, pcode error at 02e8f458: Unable to disassemble EXTERNAL block location: 02e8f458  
2026-07-23 12:59:33 WARN  (DecompileCallback) Decompiling 02e8f460, pcode error at 02e8f460: Unable to disassemble EXTERNAL block location: 02e8f460  
2026-07-23 12:59:33 WARN  (DecompileCallback) Decompiling 02e8f468, pcode error at 02e8f468: Unable to disassemble EXTERNAL block location: 02e8f468  
2026-07-23 12:59:33 WARN  (DecompileCallback) Decompiling 02e8f470, pcode error at 02e8f470: Unable to disassemble EXTERNAL block location: 02e8f470  
2026-07-23 12:59:33 WARN  (DecompileCallback) Decompiling 02e8f478, pcode error at 02e8f478: Unable to disassemble EXTERNAL block location: 02e8f478  
2026-07-23 12:59:33 WARN  (DecompileCallback) Decompiling 02e8f480, pcode error at 02e8f480: Unable to disassemble EXTERNAL block location: 02e8f480  
2026-07-23 12:59:33 WARN  (DecompileCallback) Decompiling 02e8f488, pcode error at 02e8f488: Unable to disassemble EXTERNAL block location: 02e8f488  
2026-07-23 12:59:33 WARN  (DecompileCallback) Decompiling 02e8f490, pcode error at 02e8f490: Unable to disassemble EXTERNAL block location: 02e8f490  
2026-07-23 12:59:33 WARN  (DecompileCallback) Decompiling 02e8f498, pcode error at 02e8f498: Unable to disassemble EXTERNAL block location: 02e8f498  
2026-07-23 12:59:33 WARN  (DecompileCallback) Decompiling 02e8f4a0, pcode error at 02e8f4a0: Unable to disassemble EXTERNAL block location: 02e8f4a0  
2026-07-23 12:59:33 WARN  (DecompileCallback) Decompiling 02e8f4a8, pcode error at 02e8f4a8: Unable to disassemble EXTERNAL block location: 02e8f4a8  
2026-07-23 12:59:33 WARN  (DecompileCallback) Decompiling 02e8f4b0, pcode error at 02e8f4b0: Unable to disassemble EXTERNAL block location: 02e8f4b0  
2026-07-23 12:59:33 WARN  (DecompileCallback) Decompiling 02e8f4b8, pcode error at 02e8f4b8: Unable to disassemble EXTERNAL block location: 02e8f4b8  
2026-07-23 12:59:33 WARN  (DecompileCallback) Decompiling 02e8f4c0, pcode error at 02e8f4c0: Unable to disassemble EXTERNAL block location: 02e8f4c0  
2026-07-23 12:59:33 WARN  (DecompileCallback) Decompiling 02e8f4c8, pcode error at 02e8f4c8: Unable to disassemble EXTERNAL block location: 02e8f4c8  
2026-07-23 12:59:33 WARN  (DecompileCallback) Decompiling 02e8f4d0, pcode error at 02e8f4d0: Unable to disassemble EXTERNAL block location: 02e8f4d0  
2026-07-23 12:59:33 WARN  (DecompileCallback) Decompiling 02e8f4d8, pcode error at 02e8f4d8: Unable to disassemble EXTERNAL block location: 02e8f4d8  
2026-07-23 12:59:33 WARN  (DecompileCallback) Decompiling 02e8f4e0, pcode error at 02e8f4e0: Unable to disassemble EXTERNAL block location: 02e8f4e0  
2026-07-23 12:59:33 WARN  (DecompileCallback) Decompiling 02e8f4e8, pcode error at 02e8f4e8: Unable to disassemble EXTERNAL block location: 02e8f4e8  
2026-07-23 12:59:33 WARN  (DecompileCallback) Decompiling 02e8f4f0, pcode error at 02e8f4f0: Unable to disassemble EXTERNAL block location: 02e8f4f0  
2026-07-23 12:59:33 WARN  (DecompileCallback) Decompiling 02e8f4f8, pcode error at 02e8f4f8: Unable to disassemble EXTERNAL block location: 02e8f4f8  
2026-07-23 12:59:33 WARN  (DecompileCallback) Decompiling 02e8f500, pcode error at 02e8f500: Unable to disassemble EXTERNAL block location: 02e8f500  
2026-07-23 12:59:33 WARN  (DecompileCallback) Decompiling 02e8f508, pcode error at 02e8f508: Unable to disassemble EXTERNAL block location: 02e8f508  
2026-07-23 12:59:33 WARN  (DecompileCallback) Decompiling 02e8f510, pcode error at 02e8f510: Unable to disassemble EXTERNAL block location: 02e8f510  
2026-07-23 12:59:33 WARN  (DecompileCallback) Decompiling 02e8f518, pcode error at 02e8f518: Unable to disassemble EXTERNAL block location: 02e8f518  
2026-07-23 12:59:33 WARN  (DecompileCallback) Decompiling 02e8f520, pcode error at 02e8f520: Unable to disassemble EXTERNAL block location: 02e8f520  
2026-07-23 12:59:33 WARN  (DecompileCallback) Decompiling 02e8f528, pcode error at 02e8f528: Unable to disassemble EXTERNAL block location: 02e8f528  
2026-07-23 12:59:33 WARN  (DecompileCallback) Decompiling 02e8f530, pcode error at 02e8f530: Unable to disassemble EXTERNAL block location: 02e8f530  
2026-07-23 12:59:33 WARN  (DecompileCallback) Decompiling 02e8f538, pcode error at 02e8f538: Unable to disassemble EXTERNAL block location: 02e8f538  
2026-07-23 12:59:33 WARN  (DecompileCallback) Decompiling 02e8f540, pcode error at 02e8f540: Unable to disassemble EXTERNAL block location: 02e8f540  
2026-07-23 12:59:33 WARN  (DecompileCallback) Decompiling 02e8f548, pcode error at 02e8f548: Unable to disassemble EXTERNAL block location: 02e8f548  
2026-07-23 12:59:33 WARN  (DecompileCallback) Decompiling 02e8f550, pcode error at 02e8f550: Unable to disassemble EXTERNAL block location: 02e8f550  
2026-07-23 12:59:33 WARN  (DecompileCallback) Decompiling 02e8f558, pcode error at 02e8f558: Unable to disassemble EXTERNAL block location: 02e8f558  
2026-07-23 12:59:33 WARN  (DecompileCallback) Decompiling 02e8f560, pcode error at 02e8f560: Unable to disassemble EXTERNAL block location: 02e8f560  
2026-07-23 12:59:33 WARN  (DecompileCallback) Decompiling 02e8f568, pcode error at 02e8f568: Unable to disassemble EXTERNAL block location: 02e8f568  
2026-07-23 12:59:33 WARN  (DecompileCallback) Decompiling 02e8f570, pcode error at 02e8f570: Unable to disassemble EXTERNAL block location: 02e8f570  
2026-07-23 12:59:33 WARN  (DecompileCallback) Decompiling 02e8f578, pcode error at 02e8f578: Unable to disassemble EXTERNAL block location: 02e8f578  
2026-07-23 12:59:33 WARN  (DecompileCallback) Decompiling 02e8f580, pcode error at 02e8f580: Unable to disassemble EXTERNAL block location: 02e8f580  
2026-07-23 12:59:33 WARN  (DecompileCallback) Decompiling 02e8f588, pcode error at 02e8f588: Unable to disassemble EXTERNAL block location: 02e8f588  
2026-07-23 12:59:33 WARN  (DecompileCallback) Decompiling 02e8f590, pcode error at 02e8f590: Unable to disassemble EXTERNAL block location: 02e8f590  
2026-07-23 12:59:33 WARN  (DecompileCallback) Decompiling 02e8f598, pcode error at 02e8f598: Unable to disassemble EXTERNAL block location: 02e8f598  
2026-07-23 12:59:33 WARN  (DecompileCallback) Decompiling 02e8f5a0, pcode error at 02e8f5a0: Unable to disassemble EXTERNAL block location: 02e8f5a0  
2026-07-23 12:59:33 WARN  (DecompileCallback) Decompiling 02e8f5a8, pcode error at 02e8f5a8: Unable to disassemble EXTERNAL block location: 02e8f5a8  
2026-07-23 12:59:33 WARN  (DecompileCallback) Decompiling 02e8f5b0, pcode error at 02e8f5b0: Unable to disassemble EXTERNAL block location: 02e8f5b0  
2026-07-23 12:59:33 WARN  (DecompileCallback) Decompiling 02e8f5b8, pcode error at 02e8f5b8: Unable to disassemble EXTERNAL block location: 02e8f5b8  
2026-07-23 12:59:33 WARN  (DecompileCallback) Decompiling 02e8f5c0, pcode error at 02e8f5c0: Unable to disassemble EXTERNAL block location: 02e8f5c0  
2026-07-23 12:59:33 WARN  (DecompileCallback) Decompiling 02e8f5c8, pcode error at 02e8f5c8: Unable to disassemble EXTERNAL block location: 02e8f5c8  
2026-07-23 12:59:33 WARN  (DecompileCallback) Decompiling 02e8f5d0, pcode error at 02e8f5d0: Unable to disassemble EXTERNAL block location: 02e8f5d0  
2026-07-23 12:59:33 WARN  (DecompileCallback) Decompiling 02e8f5d8, pcode error at 02e8f5d8: Unable to disassemble EXTERNAL block location: 02e8f5d8  
2026-07-23 12:59:33 WARN  (DecompileCallback) Decompiling 02e8f5e0, pcode error at 02e8f5e0: Unable to disassemble EXTERNAL block location: 02e8f5e0  
2026-07-23 12:59:33 WARN  (DecompileCallback) Decompiling 02e8f5e8, pcode error at 02e8f5e8: Unable to disassemble EXTERNAL block location: 02e8f5e8  
2026-07-23 12:59:33 WARN  (DecompileCallback) Decompiling 02e8f5f0, pcode error at 02e8f5f0: Unable to disassemble EXTERNAL block location: 02e8f5f0  
2026-07-23 12:59:33 WARN  (DecompileCallback) Decompiling 02e8f5f8, pcode error at 02e8f5f8: Unable to disassemble EXTERNAL block location: 02e8f5f8  
2026-07-23 12:59:33 WARN  (DecompileCallback) Decompiling 02e8f600, pcode error at 02e8f600: Unable to disassemble EXTERNAL block location: 02e8f600  
2026-07-23 12:59:33 WARN  (DecompileCallback) Decompiling 02e8f608, pcode error at 02e8f608: Unable to disassemble EXTERNAL block location: 02e8f608  
2026-07-23 12:59:33 WARN  (DecompileCallback) Decompiling 02e8f610, pcode error at 02e8f610: Unable to disassemble EXTERNAL block location: 02e8f610  
2026-07-23 12:59:33 WARN  (DecompileCallback) Decompiling 02e8f618, pcode error at 02e8f618: Unable to disassemble EXTERNAL block location: 02e8f618  
2026-07-23 12:59:33 WARN  (DecompileCallback) Decompiling 02e8f620, pcode error at 02e8f620: Unable to disassemble EXTERNAL block location: 02e8f620  
2026-07-23 12:59:33 WARN  (DecompileCallback) Decompiling 02e8f628, pcode error at 02e8f628: Unable to disassemble EXTERNAL block location: 02e8f628  
2026-07-23 12:59:33 WARN  (DecompileCallback) Decompiling 02e8f630, pcode error at 02e8f630: Unable to disassemble EXTERNAL block location: 02e8f630  
2026-07-23 12:59:33 WARN  (DecompileCallback) Decompiling 02e8f638, pcode error at 02e8f638: Unable to disassemble EXTERNAL block location: 02e8f638  
2026-07-23 12:59:33 WARN  (DecompileCallback) Decompiling 02e8f640, pcode error at 02e8f640: Unable to disassemble EXTERNAL block location: 02e8f640  
2026-07-23 12:59:33 WARN  (DecompileCallback) Decompiling 02e8f648, pcode error at 02e8f648: Unable to disassemble EXTERNAL block location: 02e8f648  
2026-07-23 12:59:33 WARN  (DecompileCallback) Decompiling 02e8f650, pcode error at 02e8f650: Unable to disassemble EXTERNAL block location: 02e8f650  
2026-07-23 12:59:33 WARN  (DecompileCallback) Decompiling 02e8f658, pcode error at 02e8f658: Unable to disassemble EXTERNAL block location: 02e8f658  
2026-07-23 12:59:33 WARN  (DecompileCallback) Decompiling 02e8f660, pcode error at 02e8f660: Unable to disassemble EXTERNAL block location: 02e8f660  
2026-07-23 12:59:33 WARN  (DecompileCallback) Decompiling 02e8f668, pcode error at 02e8f668: Unable to disassemble EXTERNAL block location: 02e8f668  
2026-07-23 12:59:33 WARN  (DecompileCallback) Decompiling 02e8f670, pcode error at 02e8f670: Unable to disassemble EXTERNAL block location: 02e8f670  
2026-07-23 12:59:33 WARN  (DecompileCallback) Decompiling 02e8f678, pcode error at 02e8f678: Unable to disassemble EXTERNAL block location: 02e8f678  
2026-07-23 12:59:33 WARN  (DecompileCallback) Decompiling 02e8f680, pcode error at 02e8f680: Unable to disassemble EXTERNAL block location: 02e8f680  
2026-07-23 12:59:33 WARN  (DecompileCallback) Decompiling 02e8f688, pcode error at 02e8f688: Unable to disassemble EXTERNAL block location: 02e8f688  
2026-07-23 12:59:33 WARN  (DecompileCallback) Decompiling 02e8f690, pcode error at 02e8f690: Unable to disassemble EXTERNAL block location: 02e8f690  
2026-07-23 12:59:33 WARN  (DecompileCallback) Decompiling 02e8f698, pcode error at 02e8f698: Unable to disassemble EXTERNAL block location: 02e8f698  
2026-07-23 12:59:33 WARN  (DecompileCallback) Decompiling 02e8f6a0, pcode error at 02e8f6a0: Unable to disassemble EXTERNAL block location: 02e8f6a0  
2026-07-23 12:59:33 WARN  (DecompileCallback) Decompiling 02e8f6a8, pcode error at 02e8f6a8: Unable to disassemble EXTERNAL block location: 02e8f6a8  
2026-07-23 12:59:33 WARN  (DecompileCallback) Decompiling 02e8f6b0, pcode error at 02e8f6b0: Unable to disassemble EXTERNAL block location: 02e8f6b0  
2026-07-23 12:59:33 WARN  (DecompileCallback) Decompiling 02e8f6b8, pcode error at 02e8f6b8: Unable to disassemble EXTERNAL block location: 02e8f6b8  
2026-07-23 12:59:33 WARN  (DecompileCallback) Decompiling 02e8f6c0, pcode error at 02e8f6c0: Unable to disassemble EXTERNAL block location: 02e8f6c0  
2026-07-23 12:59:33 WARN  (DecompileCallback) Decompiling 02e8f6c8, pcode error at 02e8f6c8: Unable to disassemble EXTERNAL block location: 02e8f6c8  
2026-07-23 12:59:33 WARN  (DecompileCallback) Decompiling 02e8f6d0, pcode error at 02e8f6d0: Unable to disassemble EXTERNAL block location: 02e8f6d0  
2026-07-23 12:59:33 WARN  (DecompileCallback) Decompiling 02e8f6d8, pcode error at 02e8f6d8: Unable to disassemble EXTERNAL block location: 02e8f6d8  
2026-07-23 12:59:33 WARN  (DecompileCallback) Decompiling 02e8f6e0, pcode error at 02e8f6e0: Unable to disassemble EXTERNAL block location: 02e8f6e0  
2026-07-23 12:59:33 WARN  (DecompileCallback) Decompiling 02e8f6e8, pcode error at 02e8f6e8: Unable to disassemble EXTERNAL block location: 02e8f6e8  
2026-07-23 12:59:33 WARN  (DecompileCallback) Decompiling 02e8f6f0, pcode error at 02e8f6f0: Unable to disassemble EXTERNAL block location: 02e8f6f0  
2026-07-23 12:59:33 WARN  (DecompileCallback) Decompiling 02e8f6f8, pcode error at 02e8f6f8: Unable to disassemble EXTERNAL block location: 02e8f6f8  
2026-07-23 12:59:33 WARN  (DecompileCallback) Decompiling 02e8f700, pcode error at 02e8f700: Unable to disassemble EXTERNAL block location: 02e8f700  
2026-07-23 12:59:33 WARN  (DecompileCallback) Decompiling 02e8f708, pcode error at 02e8f708: Unable to disassemble EXTERNAL block location: 02e8f708  
2026-07-23 12:59:33 WARN  (DecompileCallback) Decompiling 02e8f710, pcode error at 02e8f710: Unable to disassemble EXTERNAL block location: 02e8f710  
2026-07-23 12:59:33 WARN  (DecompileCallback) Decompiling 02e8f718, pcode error at 02e8f718: Unable to disassemble EXTERNAL block location: 02e8f718  
2026-07-23 12:59:33 WARN  (DecompileCallback) Decompiling 02e8f720, pcode error at 02e8f720: Unable to disassemble EXTERNAL block location: 02e8f720  
2026-07-23 12:59:33 WARN  (DecompileCallback) Decompiling 02e8f728, pcode error at 02e8f728: Unable to disassemble EXTERNAL block location: 02e8f728  
2026-07-23 12:59:33 WARN  (DecompileCallback) Decompiling 02e8f730, pcode error at 02e8f730: Unable to disassemble EXTERNAL block location: 02e8f730  
2026-07-23 12:59:33 WARN  (DecompileCallback) Decompiling 02e8f738, pcode error at 02e8f738: Unable to disassemble EXTERNAL block location: 02e8f738  
2026-07-23 12:59:33 WARN  (DecompileCallback) Decompiling 02e8f740, pcode error at 02e8f740: Unable to disassemble EXTERNAL block location: 02e8f740  
2026-07-23 12:59:33 WARN  (DecompileCallback) Decompiling 02e8f748, pcode error at 02e8f748: Unable to disassemble EXTERNAL block location: 02e8f748  
2026-07-23 12:59:33 WARN  (DecompileCallback) Decompiling 02e8f750, pcode error at 02e8f750: Unable to disassemble EXTERNAL block location: 02e8f750  
2026-07-23 12:59:33 WARN  (DecompileCallback) Decompiling 02e8f758, pcode error at 02e8f758: Unable to disassemble EXTERNAL block location: 02e8f758  
2026-07-23 12:59:33 WARN  (DecompileCallback) Decompiling 02e8f760, pcode error at 02e8f760: Unable to disassemble EXTERNAL block location: 02e8f760  
2026-07-23 12:59:33 WARN  (DecompileCallback) Decompiling 02e8f768, pcode error at 02e8f768: Unable to disassemble EXTERNAL block location: 02e8f768  
2026-07-23 12:59:33 WARN  (DecompileCallback) Decompiling 02e8f770, pcode error at 02e8f770: Unable to disassemble EXTERNAL block location: 02e8f770  
2026-07-23 12:59:33 WARN  (DecompileCallback) Decompiling 02e8f778, pcode error at 02e8f778: Unable to disassemble EXTERNAL block location: 02e8f778  
2026-07-23 12:59:33 WARN  (DecompileCallback) Decompiling 02e8f780, pcode error at 02e8f780: Unable to disassemble EXTERNAL block location: 02e8f780  
2026-07-23 12:59:33 WARN  (DecompileCallback) Decompiling 02e8f788, pcode error at 02e8f788: Unable to disassemble EXTERNAL block location: 02e8f788  
2026-07-23 12:59:33 WARN  (DecompileCallback) Decompiling 02e8f790, pcode error at 02e8f790: Unable to disassemble EXTERNAL block location: 02e8f790  
2026-07-23 12:59:33 WARN  (DecompileCallback) Decompiling 02e8f798, pcode error at 02e8f798: Unable to disassemble EXTERNAL block location: 02e8f798  
2026-07-23 12:59:33 WARN  (DecompileCallback) Decompiling 02e8f7a0, pcode error at 02e8f7a0: Unable to disassemble EXTERNAL block location: 02e8f7a0  
2026-07-23 12:59:33 WARN  (DecompileCallback) Decompiling 02e8f7a8, pcode error at 02e8f7a8: Unable to disassemble EXTERNAL block location: 02e8f7a8  
2026-07-23 12:59:33 WARN  (DecompileCallback) Decompiling 02e8f7b0, pcode error at 02e8f7b0: Unable to disassemble EXTERNAL block location: 02e8f7b0  
2026-07-23 12:59:33 WARN  (DecompileCallback) Decompiling 02e8f7b8, pcode error at 02e8f7b8: Unable to disassemble EXTERNAL block location: 02e8f7b8  
2026-07-23 12:59:33 WARN  (DecompileCallback) Decompiling 02e8f7c0, pcode error at 02e8f7c0: Unable to disassemble EXTERNAL block location: 02e8f7c0  
2026-07-23 12:59:33 WARN  (DecompileCallback) Decompiling 02e8f7c8, pcode error at 02e8f7c8: Unable to disassemble EXTERNAL block location: 02e8f7c8  
2026-07-23 12:59:33 WARN  (DecompileCallback) Decompiling 02e8f7d0, pcode error at 02e8f7d0: Unable to disassemble EXTERNAL block location: 02e8f7d0  
2026-07-23 12:59:33 WARN  (DecompileCallback) Decompiling 02e8f7d8, pcode error at 02e8f7d8: Unable to disassemble EXTERNAL block location: 02e8f7d8  
2026-07-23 12:59:33 WARN  (DecompileCallback) Decompiling 02e8f7e0, pcode error at 02e8f7e0: Unable to disassemble EXTERNAL block location: 02e8f7e0  
2026-07-23 12:59:33 WARN  (DecompileCallback) Decompiling 02e8f7e8, pcode error at 02e8f7e8: Unable to disassemble EXTERNAL block location: 02e8f7e8  
2026-07-23 12:59:33 WARN  (DecompileCallback) Decompiling 02e8f7f0, pcode error at 02e8f7f0: Unable to disassemble EXTERNAL block location: 02e8f7f0  
2026-07-23 12:59:33 WARN  (DecompileCallback) Decompiling 02e8f7f8, pcode error at 02e8f7f8: Unable to disassemble EXTERNAL block location: 02e8f7f8  
2026-07-23 12:59:33 WARN  (DecompileCallback) Decompiling 02e8f800, pcode error at 02e8f800: Unable to disassemble EXTERNAL block location: 02e8f800  
2026-07-23 12:59:33 WARN  (DecompileCallback) Decompiling 02e8f808, pcode error at 02e8f808: Unable to disassemble EXTERNAL block location: 02e8f808  
2026-07-23 12:59:33 WARN  (DecompileCallback) Decompiling 02e8f810, pcode error at 02e8f810: Unable to disassemble EXTERNAL block location: 02e8f810  
2026-07-23 12:59:33 WARN  (DecompileCallback) Decompiling 02e8f818, pcode error at 02e8f818: Unable to disassemble EXTERNAL block location: 02e8f818  
2026-07-23 12:59:33 WARN  (DecompileCallback) Decompiling 02e8f820, pcode error at 02e8f820: Unable to disassemble EXTERNAL block location: 02e8f820  
2026-07-23 12:59:33 WARN  (DecompileCallback) Decompiling 02e8f828, pcode error at 02e8f828: Unable to disassemble EXTERNAL block location: 02e8f828  
2026-07-23 12:59:33 WARN  (DecompileCallback) Decompiling 02e8f830, pcode error at 02e8f830: Unable to disassemble EXTERNAL block location: 02e8f830  
2026-07-23 12:59:33 WARN  (DecompileCallback) Decompiling 02e8f838, pcode error at 02e8f838: Unable to disassemble EXTERNAL block location: 02e8f838  
2026-07-23 12:59:33 WARN  (DecompileCallback) Decompiling 02e8f840, pcode error at 02e8f840: Unable to disassemble EXTERNAL block location: 02e8f840  
2026-07-23 12:59:33 WARN  (DecompileCallback) Decompiling 02e8f848, pcode error at 02e8f848: Unable to disassemble EXTERNAL block location: 02e8f848  
2026-07-23 12:59:33 WARN  (DecompileCallback) Decompiling 02e8f850, pcode error at 02e8f850: Unable to disassemble EXTERNAL block location: 02e8f850  
2026-07-23 12:59:33 WARN  (DecompileCallback) Decompiling 02e8f858, pcode error at 02e8f858: Unable to disassemble EXTERNAL block location: 02e8f858  
2026-07-23 12:59:33 WARN  (DecompileCallback) Decompiling 02e8f860, pcode error at 02e8f860: Unable to disassemble EXTERNAL block location: 02e8f860  
2026-07-23 12:59:33 WARN  (DecompileCallback) Decompiling 02e8f868, pcode error at 02e8f868: Unable to disassemble EXTERNAL block location: 02e8f868  
2026-07-23 12:59:33 WARN  (DecompileCallback) Decompiling 02e8f870, pcode error at 02e8f870: Unable to disassemble EXTERNAL block location: 02e8f870  
2026-07-23 12:59:33 WARN  (DecompileCallback) Decompiling 02e8f878, pcode error at 02e8f878: Unable to disassemble EXTERNAL block location: 02e8f878  
2026-07-23 12:59:33 WARN  (DecompileCallback) Decompiling 02e8f880, pcode error at 02e8f880: Unable to disassemble EXTERNAL block location: 02e8f880  
2026-07-23 12:59:33 WARN  (DecompileCallback) Decompiling 02e8f888, pcode error at 02e8f888: Unable to disassemble EXTERNAL block location: 02e8f888  
2026-07-23 12:59:33 WARN  (DecompileCallback) Decompiling 02e8f890, pcode error at 02e8f890: Unable to disassemble EXTERNAL block location: 02e8f890  
2026-07-23 12:59:33 WARN  (DecompileCallback) Decompiling 02e8f898, pcode error at 02e8f898: Unable to disassemble EXTERNAL block location: 02e8f898  
2026-07-23 12:59:33 WARN  (DecompileCallback) Decompiling 02e8f8a0, pcode error at 02e8f8a0: Unable to disassemble EXTERNAL block location: 02e8f8a0  
2026-07-23 12:59:33 WARN  (DecompileCallback) Decompiling 02e8f8a8, pcode error at 02e8f8a8: Unable to disassemble EXTERNAL block location: 02e8f8a8  
2026-07-23 12:59:33 WARN  (DecompileCallback) Decompiling 02e8f8b0, pcode error at 02e8f8b0: Unable to disassemble EXTERNAL block location: 02e8f8b0  
2026-07-23 12:59:33 WARN  (DecompileCallback) Decompiling 02e8f8b8, pcode error at 02e8f8b8: Unable to disassemble EXTERNAL block location: 02e8f8b8  
2026-07-23 12:59:33 WARN  (DecompileCallback) Decompiling 02e8f8c0, pcode error at 02e8f8c0: Unable to disassemble EXTERNAL block location: 02e8f8c0  
2026-07-23 12:59:33 WARN  (DecompileCallback) Decompiling 02e8f8c8, pcode error at 02e8f8c8: Unable to disassemble EXTERNAL block location: 02e8f8c8  
2026-07-23 12:59:33 WARN  (DecompileCallback) Decompiling 02e8f8d0, pcode error at 02e8f8d0: Unable to disassemble EXTERNAL block location: 02e8f8d0  
2026-07-23 12:59:33 WARN  (DecompileCallback) Decompiling 02e8f8d8, pcode error at 02e8f8d8: Unable to disassemble EXTERNAL block location: 02e8f8d8  
2026-07-23 12:59:33 WARN  (DecompileCallback) Decompiling 02e8f8e0, pcode error at 02e8f8e0: Unable to disassemble EXTERNAL block location: 02e8f8e0  
2026-07-23 12:59:33 WARN  (DecompileCallback) Decompiling 02e8f8e8, pcode error at 02e8f8e8: Unable to disassemble EXTERNAL block location: 02e8f8e8  
2026-07-23 12:59:33 WARN  (DecompileCallback) Decompiling 02e8f8f0, pcode error at 02e8f8f0: Unable to disassemble EXTERNAL block location: 02e8f8f0  
2026-07-23 12:59:33 INFO  (GhidraScript) GeneralStructureEyePatternScan.java> General structure scan complete.  
2026-07-23 12:59:33 INFO  (GhidraScript) GeneralStructureEyePatternScan.java> Total functions scanned: 263591  
2026-07-23 12:59:33 INFO  (GhidraScript) GeneralStructureEyePatternScan.java> Exported functions: 69  
2026-07-23 12:59:33 INFO  (GhidraScript) GeneralStructureEyePatternScan.java> Decompile failures: 350  
2026-07-23 12:59:33 INFO  (GhidraScript) GeneralStructureEyePatternScan.java> Report CSV: C:\realDesktop\manifest-evaluations\summer-26\ghidra-pipeline\il2cpp-files\TruckParkingSimulatorVRDemo\general-structure-results\structure_scan_report.csv  
2026-07-23 12:59:33 INFO  (GhidraScript) GeneralStructureEyePatternScan.java> Report JSON: C:\realDesktop\manifest-evaluations\summer-26\ghidra-pipeline\il2cpp-files\TruckParkingSimulatorVRDemo\general-structure-results\structure_scan_report.json  
2026-07-23 12:59:33 INFO  (HeadlessAnalyzer) REPORT: Save succeeded for processed file: /TruckParkingSimulatorVRDemo-libil2cpp.so  
