2026-07-16 15:04:28 INFO  (LoggingInitialization) Using log config file: jar:file:/C:/Users/kimgiordano27/Downloads/ghidra_12.1.2_PUBLIC_20260605/ghidra_12.1.2_PUBLIC/Ghidra/Framework/Generic/lib/Generic.jar!/generic.log4j.xml  
2026-07-16 15:04:28 INFO  (LoggingInitialization) Using log file: C:\realDesktop\manifest-evaluations\summer-26\ghidra-pipeline\il2cpp-files\Lovesick\general-structure-ghidra.log  
2026-07-16 15:04:28 DEBUG (GhidraObjectInputFilter) Including serial input filter: FileSystem/data/client.rmi.serial.filter  
2026-07-16 15:04:28 INFO  (Preferences) Loading user preferences: C:\Users\kimgiordano27\AppData\Roaming\ghidra\ghidra_12.1.2_PUBLIC\preferences  
2026-07-16 15:04:28 INFO  (ClassSearcher) Searching for classes...  
2026-07-16 15:04:29 INFO  (ClassSearcher) Class search complete (693 ms)  
2026-07-16 15:04:29 INFO  (DefaultSSLContextInitializer) Initializing SSL Context  
2026-07-16 15:04:29 INFO  (SecureRandomFactory) Initializing Random Number Generator...  
2026-07-16 15:04:29 INFO  (SecureRandomFactory) Random Number Generator initialization complete: SHA1PRNG  
2026-07-16 15:04:29 INFO  (DefaultTrustManagerFactory) Trust manager disabled, cacerts have not been set  
2026-07-16 15:04:29 INFO  (AnalyzeHeadless) Headless startup complete (7220 ms)  
2026-07-16 15:04:29 INFO  (ClassSearcher) Class searcher loaded 59 extension points (20 false positives)  
2026-07-16 15:04:29 INFO  (HeadlessAnalyzer) HEADLESS Script Paths:
    C:\Users\kimgiordano27\Downloads\ghidra_12.1.2_PUBLIC_20260605\ghidra_12.1.2_PUBLIC\Ghidra\Features\DecompilerDependent\ghidra_scripts
    C:\Users\kimgiordano27\Downloads\ghidra_12.1.2_PUBLIC_20260605\ghidra_12.1.2_PUBLIC\Ghidra\Processors\Atmel\ghidra_scripts
    C:\Users\kimgiordano27\Downloads\ghidra_12.1.2_PUBLIC_20260605\ghidra_12.1.2_PUBLIC\Ghidra\Processors\PIC\ghidra_scripts
    C:\Users\kimgiordano27\Downloads\ghidra_12.1.2_PUBLIC_20260605\ghidra_12.1.2_PUBLIC\Ghidra\Features\VersionTracking\ghidra_scripts
    C:\Users\kimgiordano27\Downloads\ghidra_12.1.2_PUBLIC_20260605\ghidra_12.1.2_PUBLIC\Ghidra\Features\BytePatterns\ghidra_scripts
    C:\Users\kimgiordano27\ghidra_scripts
    C:\Users\kimgiordano27\Downloads\ghidra_12.1.2_PUBLIC_20260605\ghidra_12.1.2_PUBLIC\Ghidra\Features\BSim\ghidra_scripts
    C:\realDesktop\manifest-evaluations\summer-26\ghidra-pipeline\ghidra-export-scripts
    C:\Users\kimgiordano27\Downloads\ghidra_12.1.2_PUBLIC_20260605\ghidra_12.1.2_PUBLIC\Ghidra\Processors\JVM\ghidra_scripts
    C:\Users\kimgiordano27\Downloads\ghidra_12.1.2_PUBLIC_20260605\ghidra_12.1.2_PUBLIC\Ghidra\Features\Base\ghidra_scripts
    C:\Users\kimgiordano27\Downloads\ghidra_12.1.2_PUBLIC_20260605\ghidra_12.1.2_PUBLIC\Ghidra\Features\SwiftDemangler\ghidra_scripts
    C:\Users\kimgiordano27\Downloads\ghidra_12.1.2_PUBLIC_20260605\ghidra_12.1.2_PUBLIC\Ghidra\Features\WildcardAssembler\ghidra_scripts
    C:\Users\kimgiordano27\Downloads\ghidra_12.1.2_PUBLIC_20260605\ghidra_12.1.2_PUBLIC\Ghidra\Features\FileFormats\ghidra_scripts
    C:\Users\kimgiordano27\Downloads\ghidra_12.1.2_PUBLIC_20260605\ghidra_12.1.2_PUBLIC\Ghidra\Features\Decompiler\ghidra_scripts
    C:\Users\kimgiordano27\Downloads\ghidra_12.1.2_PUBLIC_20260605\ghidra_12.1.2_PUBLIC\Ghidra\Features\SystemEmulation\ghidra_scripts
    C:\Users\kimgiordano27\Downloads\ghidra_12.1.2_PUBLIC_20260605\ghidra_12.1.2_PUBLIC\Ghidra\Processors\8051\ghidra_scripts
    C:\Users\kimgiordano27\Downloads\ghidra_12.1.2_PUBLIC_20260605\ghidra_12.1.2_PUBLIC\Ghidra\Features\GnuDemangler\ghidra_scripts
    C:\Users\kimgiordano27\Downloads\ghidra_12.1.2_PUBLIC_20260605\ghidra_12.1.2_PUBLIC\Ghidra\Debug\Debugger\ghidra_scripts
    C:\Users\kimgiordano27\Downloads\ghidra_12.1.2_PUBLIC_20260605\ghidra_12.1.2_PUBLIC\Ghidra\Processors\DATA\ghidra_scripts
    C:\Users\kimgiordano27\Downloads\ghidra_12.1.2_PUBLIC_20260605\ghidra_12.1.2_PUBLIC\Ghidra\Debug\Debugger-rmi-trace\ghidra_scripts
    C:\Users\kimgiordano27\Downloads\ghidra_12.1.2_PUBLIC_20260605\ghidra_12.1.2_PUBLIC\Ghidra\Features\FunctionID\ghidra_scripts
    C:\Users\kimgiordano27\Downloads\ghidra_12.1.2_PUBLIC_20260605\ghidra_12.1.2_PUBLIC\Ghidra\Features\MicrosoftCodeAnalyzer\ghidra_scripts
    C:\Users\kimgiordano27\Downloads\ghidra_12.1.2_PUBLIC_20260605\ghidra_12.1.2_PUBLIC\Ghidra\Features\PDB\ghidra_scripts
    C:\Users\kimgiordano27\AppData\Roaming\ghidra\ghidra_12.1.2_PUBLIC\Extensions\Jython\ghidra_scripts
    C:\Users\kimgiordano27\Downloads\ghidra_12.1.2_PUBLIC_20260605\ghidra_12.1.2_PUBLIC\Ghidra\Features\PyGhidra\ghidra_scripts  
2026-07-16 15:04:29 INFO  (HeadlessAnalyzer) HEADLESS: execution starts  
2026-07-16 15:04:29 INFO  (HeadlessAnalyzer) Opening existing project: C:\realDesktop\manifest-evaluations\summer-26\ghidra-pipeline\il2cpp-files\Lovesick\ghidra-project-Lovesick\Lovesick  
2026-07-16 15:04:29 INFO  (HeadlessProject) Opening project: C:\realDesktop\manifest-evaluations\summer-26\ghidra-pipeline\il2cpp-files\Lovesick\ghidra-project-Lovesick\Lovesick  
2026-07-16 15:04:29 INFO  (LocalFileSystem) /Lovesick-libil2cpp.so: checkout (2) granted (kimgiordano27)  
2026-07-16 15:04:33 INFO  (HeadlessAnalyzer) REPORT: Processing project file: /Lovesick-libil2cpp.so  
2026-07-16 15:04:33 INFO  (HeadlessAnalyzer) REPORT: Execute script: GeneralStructureEyePatternScan.java 'C:\realDesktop\manifest-evaluations\summer-26\ghidra-pipeline\il2cpp-files\Lovesick\general-structure-results' '70' 'false'   
2026-07-16 15:04:33 INFO  (HeadlessAnalyzer) SCRIPT: C:\realDesktop\manifest-evaluations\summer-26\ghidra-pipeline\ghidra-export-scripts\GeneralStructureEyePatternScan.java  
2026-07-16 15:04:33 INFO  (GhidraScript) GeneralStructureEyePatternScan.java> General structure scan starting...  
2026-07-16 15:04:33 INFO  (GhidraScript) GeneralStructureEyePatternScan.java> Output: C:\realDesktop\manifest-evaluations\summer-26\ghidra-pipeline\il2cpp-files\Lovesick\general-structure-results  
2026-07-16 15:04:33 INFO  (GhidraScript) GeneralStructureEyePatternScan.java> Minimum review score: 70  
2026-07-16 15:04:33 INFO  (GhidraScript) GeneralStructureEyePatternScan.java> Export all: false  
2026-07-16 15:05:03 INFO  (GhidraScript) GeneralStructureEyePatternScan.java> Scanned 10000 functions. Exported so far: 0  
2026-07-16 15:05:38 INFO  (GhidraScript) GeneralStructureEyePatternScan.java> Scanned 20000 functions. Exported so far: 1  
2026-07-16 15:06:02 INFO  (GhidraScript) GeneralStructureEyePatternScan.java> Scanned 30000 functions. Exported so far: 6  
2026-07-16 15:06:47 INFO  (GhidraScript) GeneralStructureEyePatternScan.java> Scanned 40000 functions. Exported so far: 7  
2026-07-16 15:27:17 INFO  (GhidraScript) GeneralStructureEyePatternScan.java> Scanned 50000 functions. Exported so far: 308  
2026-07-16 15:29:20 INFO  (GhidraScript) GeneralStructureEyePatternScan.java> Scanned 60000 functions. Exported so far: 518  
2026-07-16 15:31:19 INFO  (GhidraScript) GeneralStructureEyePatternScan.java> Scanned 70000 functions. Exported so far: 633  
2026-07-16 15:35:26 INFO  (GhidraScript) GeneralStructureEyePatternScan.java> Scanned 80000 functions. Exported so far: 741  
2026-07-16 15:41:04 INFO  (GhidraScript) GeneralStructureEyePatternScan.java> Scanned 90000 functions. Exported so far: 1040  
2026-07-16 15:44:54 INFO  (GhidraScript) GeneralStructureEyePatternScan.java> Scanned 100000 functions. Exported so far: 1952  
2026-07-16 15:48:40 INFO  (GhidraScript) GeneralStructureEyePatternScan.java> Scanned 110000 functions. Exported so far: 2078  
2026-07-16 16:07:57 INFO  (GhidraScript) GeneralStructureEyePatternScan.java> Scanned 120000 functions. Exported so far: 2463  
2026-07-16 16:10:10 INFO  (GhidraScript) GeneralStructureEyePatternScan.java> Scanned 130000 functions. Exported so far: 2700  
2026-07-16 16:13:10 INFO  (GhidraScript) GeneralStructureEyePatternScan.java> Scanned 140000 functions. Exported so far: 2936  
2026-07-16 16:15:08 INFO  (GhidraScript) GeneralStructureEyePatternScan.java> Scanned 150000 functions. Exported so far: 3404  
2026-07-16 16:18:43 INFO  (GhidraScript) GeneralStructureEyePatternScan.java> Scanned 160000 functions. Exported so far: 3674  
2026-07-16 16:22:03 INFO  (GhidraScript) GeneralStructureEyePatternScan.java> Scanned 170000 functions. Exported so far: 4036  
2026-07-16 16:25:34 INFO  (GhidraScript) GeneralStructureEyePatternScan.java> Scanned 180000 functions. Exported so far: 4155  
2026-07-16 16:29:56 INFO  (GhidraScript) GeneralStructureEyePatternScan.java> Scanned 190000 functions. Exported so far: 4300  
2026-07-16 16:37:52 INFO  (GhidraScript) GeneralStructureEyePatternScan.java> Scanned 200000 functions. Exported so far: 4520  
2026-07-16 17:02:50 INFO  (GhidraScript) GeneralStructureEyePatternScan.java> Scanned 210000 functions. Exported so far: 4820  
2026-07-16 17:07:21 INFO  (GhidraScript) GeneralStructureEyePatternScan.java> Scanned 220000 functions. Exported so far: 4949  
2026-07-16 17:09:30 INFO  (GhidraScript) GeneralStructureEyePatternScan.java> Scanned 230000 functions. Exported so far: 5102  
2026-07-16 17:11:11 INFO  (GhidraScript) GeneralStructureEyePatternScan.java> Scanned 240000 functions. Exported so far: 5105  
2026-07-16 21:49:17 INFO  (GhidraScript) GeneralStructureEyePatternScan.java> Scanned 250000 functions. Exported so far: 5320  
2026-07-16 22:48:47 INFO  (GhidraScript) GeneralStructureEyePatternScan.java> Scanned 260000 functions. Exported so far: 5824  
2026-07-16 22:50:20 INFO  (GhidraScript) GeneralStructureEyePatternScan.java> Scanned 270000 functions. Exported so far: 5968  
2026-07-16 22:51:52 INFO  (GhidraScript) GeneralStructureEyePatternScan.java> Scanned 280000 functions. Exported so far: 6087  
2026-07-16 23:05:14 INFO  (GhidraScript) GeneralStructureEyePatternScan.java> Scanned 290000 functions. Exported so far: 6134  
2026-07-16 23:07:42 WARN  (DecompileCallback) Decompiling 039a2000, pcode error at 039a2000: Unable to disassemble EXTERNAL block location: 039a2000  
2026-07-16 23:07:42 WARN  (DecompileCallback) Decompiling 039a2008, pcode error at 039a2008: Unable to disassemble EXTERNAL block location: 039a2008  
2026-07-16 23:07:42 WARN  (DecompileCallback) Decompiling 039a2010, pcode error at 039a2010: Unable to disassemble EXTERNAL block location: 039a2010  
2026-07-16 23:07:42 WARN  (DecompileCallback) Decompiling 039a2018, pcode error at 039a2018: Unable to disassemble EXTERNAL block location: 039a2018  
2026-07-16 23:07:42 WARN  (DecompileCallback) Decompiling 039a2020, pcode error at 039a2020: Unable to disassemble EXTERNAL block location: 039a2020  
2026-07-16 23:07:42 WARN  (DecompileCallback) Decompiling 039a2028, pcode error at 039a2028: Unable to disassemble EXTERNAL block location: 039a2028  
2026-07-16 23:07:42 WARN  (DecompileCallback) Decompiling 039a2030, pcode error at 039a2030: Unable to disassemble EXTERNAL block location: 039a2030  
2026-07-16 23:07:42 WARN  (DecompileCallback) Decompiling 039a2038, pcode error at 039a2038: Unable to disassemble EXTERNAL block location: 039a2038  
2026-07-16 23:07:42 WARN  (DecompileCallback) Decompiling 039a2040, pcode error at 039a2040: Unable to disassemble EXTERNAL block location: 039a2040  
2026-07-16 23:07:42 WARN  (DecompileCallback) Decompiling 039a2048, pcode error at 039a2048: Unable to disassemble EXTERNAL block location: 039a2048  
2026-07-16 23:07:42 WARN  (DecompileCallback) Decompiling 039a2050, pcode error at 039a2050: Unable to disassemble EXTERNAL block location: 039a2050  
2026-07-16 23:07:42 WARN  (DecompileCallback) Decompiling 039a2058, pcode error at 039a2058: Unable to disassemble EXTERNAL block location: 039a2058  
2026-07-16 23:07:42 WARN  (DecompileCallback) Decompiling 039a2060, pcode error at 039a2060: Unable to disassemble EXTERNAL block location: 039a2060  
2026-07-16 23:07:42 WARN  (DecompileCallback) Decompiling 039a2068, pcode error at 039a2068: Unable to disassemble EXTERNAL block location: 039a2068  
2026-07-16 23:07:43 WARN  (DecompileCallback) Decompiling 039a2070, pcode error at 039a2070: Unable to disassemble EXTERNAL block location: 039a2070  
2026-07-16 23:07:43 WARN  (DecompileCallback) Decompiling 039a2078, pcode error at 039a2078: Unable to disassemble EXTERNAL block location: 039a2078  
2026-07-16 23:07:43 WARN  (DecompileCallback) Decompiling 039a2080, pcode error at 039a2080: Unable to disassemble EXTERNAL block location: 039a2080  
2026-07-16 23:07:43 WARN  (DecompileCallback) Decompiling 039a2088, pcode error at 039a2088: Unable to disassemble EXTERNAL block location: 039a2088  
2026-07-16 23:07:43 WARN  (DecompileCallback) Decompiling 039a2090, pcode error at 039a2090: Unable to disassemble EXTERNAL block location: 039a2090  
2026-07-16 23:07:43 WARN  (DecompileCallback) Decompiling 039a2098, pcode error at 039a2098: Unable to disassemble EXTERNAL block location: 039a2098  
2026-07-16 23:07:43 WARN  (DecompileCallback) Decompiling 039a20a0, pcode error at 039a20a0: Unable to disassemble EXTERNAL block location: 039a20a0  
2026-07-16 23:07:43 WARN  (DecompileCallback) Decompiling 039a20a8, pcode error at 039a20a8: Unable to disassemble EXTERNAL block location: 039a20a8  
2026-07-16 23:07:43 WARN  (DecompileCallback) Decompiling 039a20b0, pcode error at 039a20b0: Unable to disassemble EXTERNAL block location: 039a20b0  
2026-07-16 23:07:43 WARN  (DecompileCallback) Decompiling 039a20b8, pcode error at 039a20b8: Unable to disassemble EXTERNAL block location: 039a20b8  
2026-07-16 23:07:43 WARN  (DecompileCallback) Decompiling 039a20c0, pcode error at 039a20c0: Unable to disassemble EXTERNAL block location: 039a20c0  
2026-07-16 23:07:43 WARN  (DecompileCallback) Decompiling 039a20c8, pcode error at 039a20c8: Unable to disassemble EXTERNAL block location: 039a20c8  
2026-07-16 23:07:43 WARN  (DecompileCallback) Decompiling 039a20d0, pcode error at 039a20d0: Unable to disassemble EXTERNAL block location: 039a20d0  
2026-07-16 23:07:43 WARN  (DecompileCallback) Decompiling 039a20d8, pcode error at 039a20d8: Unable to disassemble EXTERNAL block location: 039a20d8  
2026-07-16 23:07:43 WARN  (DecompileCallback) Decompiling 039a20e0, pcode error at 039a20e0: Unable to disassemble EXTERNAL block location: 039a20e0  
2026-07-16 23:07:43 WARN  (DecompileCallback) Decompiling 039a20e8, pcode error at 039a20e8: Unable to disassemble EXTERNAL block location: 039a20e8  
2026-07-16 23:07:43 WARN  (DecompileCallback) Decompiling 039a20f0, pcode error at 039a20f0: Unable to disassemble EXTERNAL block location: 039a20f0  
2026-07-16 23:07:43 WARN  (DecompileCallback) Decompiling 039a20f8, pcode error at 039a20f8: Unable to disassemble EXTERNAL block location: 039a20f8  
2026-07-16 23:07:43 WARN  (DecompileCallback) Decompiling 039a2100, pcode error at 039a2100: Unable to disassemble EXTERNAL block location: 039a2100  
2026-07-16 23:07:43 WARN  (DecompileCallback) Decompiling 039a2108, pcode error at 039a2108: Unable to disassemble EXTERNAL block location: 039a2108  
2026-07-16 23:07:43 WARN  (DecompileCallback) Decompiling 039a2110, pcode error at 039a2110: Unable to disassemble EXTERNAL block location: 039a2110  
2026-07-16 23:07:43 WARN  (DecompileCallback) Decompiling 039a2118, pcode error at 039a2118: Unable to disassemble EXTERNAL block location: 039a2118  
2026-07-16 23:07:43 WARN  (DecompileCallback) Decompiling 039a2120, pcode error at 039a2120: Unable to disassemble EXTERNAL block location: 039a2120  
2026-07-16 23:07:43 WARN  (DecompileCallback) Decompiling 039a2130, pcode error at 039a2130: Unable to disassemble EXTERNAL block location: 039a2130  
2026-07-16 23:07:43 WARN  (DecompileCallback) Decompiling 039a2138, pcode error at 039a2138: Unable to disassemble EXTERNAL block location: 039a2138  
2026-07-16 23:07:43 WARN  (DecompileCallback) Decompiling 039a2140, pcode error at 039a2140: Unable to disassemble EXTERNAL block location: 039a2140  
2026-07-16 23:07:43 WARN  (DecompileCallback) Decompiling 039a2148, pcode error at 039a2148: Unable to disassemble EXTERNAL block location: 039a2148  
2026-07-16 23:07:43 WARN  (DecompileCallback) Decompiling 039a2150, pcode error at 039a2150: Unable to disassemble EXTERNAL block location: 039a2150  
2026-07-16 23:07:43 WARN  (DecompileCallback) Decompiling 039a2158, pcode error at 039a2158: Unable to disassemble EXTERNAL block location: 039a2158  
2026-07-16 23:07:43 WARN  (DecompileCallback) Decompiling 039a2160, pcode error at 039a2160: Unable to disassemble EXTERNAL block location: 039a2160  
2026-07-16 23:07:43 WARN  (DecompileCallback) Decompiling 039a2168, pcode error at 039a2168: Unable to disassemble EXTERNAL block location: 039a2168  
2026-07-16 23:07:43 WARN  (DecompileCallback) Decompiling 039a2170, pcode error at 039a2170: Unable to disassemble EXTERNAL block location: 039a2170  
2026-07-16 23:07:43 WARN  (DecompileCallback) Decompiling 039a2178, pcode error at 039a2178: Unable to disassemble EXTERNAL block location: 039a2178  
2026-07-16 23:07:43 WARN  (DecompileCallback) Decompiling 039a2180, pcode error at 039a2180: Unable to disassemble EXTERNAL block location: 039a2180  
2026-07-16 23:07:43 WARN  (DecompileCallback) Decompiling 039a2188, pcode error at 039a2188: Unable to disassemble EXTERNAL block location: 039a2188  
2026-07-16 23:07:43 WARN  (DecompileCallback) Decompiling 039a2190, pcode error at 039a2190: Unable to disassemble EXTERNAL block location: 039a2190  
2026-07-16 23:07:43 WARN  (DecompileCallback) Decompiling 039a2198, pcode error at 039a2198: Unable to disassemble EXTERNAL block location: 039a2198  
2026-07-16 23:07:43 WARN  (DecompileCallback) Decompiling 039a21a0, pcode error at 039a21a0: Unable to disassemble EXTERNAL block location: 039a21a0  
2026-07-16 23:07:43 WARN  (DecompileCallback) Decompiling 039a21a8, pcode error at 039a21a8: Unable to disassemble EXTERNAL block location: 039a21a8  
2026-07-16 23:07:43 WARN  (DecompileCallback) Decompiling 039a21b0, pcode error at 039a21b0: Unable to disassemble EXTERNAL block location: 039a21b0  
2026-07-16 23:07:43 WARN  (DecompileCallback) Decompiling 039a21b8, pcode error at 039a21b8: Unable to disassemble EXTERNAL block location: 039a21b8  
2026-07-16 23:07:43 WARN  (DecompileCallback) Decompiling 039a21c0, pcode error at 039a21c0: Unable to disassemble EXTERNAL block location: 039a21c0  
2026-07-16 23:07:43 WARN  (DecompileCallback) Decompiling 039a21c8, pcode error at 039a21c8: Unable to disassemble EXTERNAL block location: 039a21c8  
2026-07-16 23:07:43 WARN  (DecompileCallback) Decompiling 039a21d0, pcode error at 039a21d0: Unable to disassemble EXTERNAL block location: 039a21d0  
2026-07-16 23:07:43 WARN  (DecompileCallback) Decompiling 039a21d8, pcode error at 039a21d8: Unable to disassemble EXTERNAL block location: 039a21d8  
2026-07-16 23:07:43 WARN  (DecompileCallback) Decompiling 039a21e0, pcode error at 039a21e0: Unable to disassemble EXTERNAL block location: 039a21e0  
2026-07-16 23:07:43 WARN  (DecompileCallback) Decompiling 039a21e8, pcode error at 039a21e8: Unable to disassemble EXTERNAL block location: 039a21e8  
2026-07-16 23:07:43 WARN  (DecompileCallback) Decompiling 039a21f0, pcode error at 039a21f0: Unable to disassemble EXTERNAL block location: 039a21f0  
2026-07-16 23:07:43 WARN  (DecompileCallback) Decompiling 039a21f8, pcode error at 039a21f8: Unable to disassemble EXTERNAL block location: 039a21f8  
2026-07-16 23:07:43 WARN  (DecompileCallback) Decompiling 039a2200, pcode error at 039a2200: Unable to disassemble EXTERNAL block location: 039a2200  
2026-07-16 23:07:43 WARN  (DecompileCallback) Decompiling 039a2208, pcode error at 039a2208: Unable to disassemble EXTERNAL block location: 039a2208  
2026-07-16 23:07:43 WARN  (DecompileCallback) Decompiling 039a2210, pcode error at 039a2210: Unable to disassemble EXTERNAL block location: 039a2210  
2026-07-16 23:07:43 WARN  (DecompileCallback) Decompiling 039a2218, pcode error at 039a2218: Unable to disassemble EXTERNAL block location: 039a2218  
2026-07-16 23:07:43 WARN  (DecompileCallback) Decompiling 039a2220, pcode error at 039a2220: Unable to disassemble EXTERNAL block location: 039a2220  
2026-07-16 23:07:43 WARN  (DecompileCallback) Decompiling 039a2228, pcode error at 039a2228: Unable to disassemble EXTERNAL block location: 039a2228  
2026-07-16 23:07:43 WARN  (DecompileCallback) Decompiling 039a2230, pcode error at 039a2230: Unable to disassemble EXTERNAL block location: 039a2230  
2026-07-16 23:07:43 WARN  (DecompileCallback) Decompiling 039a2238, pcode error at 039a2238: Unable to disassemble EXTERNAL block location: 039a2238  
2026-07-16 23:07:43 WARN  (DecompileCallback) Decompiling 039a2240, pcode error at 039a2240: Unable to disassemble EXTERNAL block location: 039a2240  
2026-07-16 23:07:43 WARN  (DecompileCallback) Decompiling 039a2248, pcode error at 039a2248: Unable to disassemble EXTERNAL block location: 039a2248  
2026-07-16 23:07:43 WARN  (DecompileCallback) Decompiling 039a2250, pcode error at 039a2250: Unable to disassemble EXTERNAL block location: 039a2250  
2026-07-16 23:07:43 WARN  (DecompileCallback) Decompiling 039a2258, pcode error at 039a2258: Unable to disassemble EXTERNAL block location: 039a2258  
2026-07-16 23:07:43 WARN  (DecompileCallback) Decompiling 039a2260, pcode error at 039a2260: Unable to disassemble EXTERNAL block location: 039a2260  
2026-07-16 23:07:43 WARN  (DecompileCallback) Decompiling 039a2268, pcode error at 039a2268: Unable to disassemble EXTERNAL block location: 039a2268  
2026-07-16 23:07:43 WARN  (DecompileCallback) Decompiling 039a2270, pcode error at 039a2270: Unable to disassemble EXTERNAL block location: 039a2270  
2026-07-16 23:07:43 WARN  (DecompileCallback) Decompiling 039a2278, pcode error at 039a2278: Unable to disassemble EXTERNAL block location: 039a2278  
2026-07-16 23:07:43 WARN  (DecompileCallback) Decompiling 039a2280, pcode error at 039a2280: Unable to disassemble EXTERNAL block location: 039a2280  
2026-07-16 23:07:43 WARN  (DecompileCallback) Decompiling 039a2288, pcode error at 039a2288: Unable to disassemble EXTERNAL block location: 039a2288  
2026-07-16 23:07:43 WARN  (DecompileCallback) Decompiling 039a2290, pcode error at 039a2290: Unable to disassemble EXTERNAL block location: 039a2290  
2026-07-16 23:07:43 WARN  (DecompileCallback) Decompiling 039a2298, pcode error at 039a2298: Unable to disassemble EXTERNAL block location: 039a2298  
2026-07-16 23:07:43 WARN  (DecompileCallback) Decompiling 039a22a0, pcode error at 039a22a0: Unable to disassemble EXTERNAL block location: 039a22a0  
2026-07-16 23:07:43 WARN  (DecompileCallback) Decompiling 039a22a8, pcode error at 039a22a8: Unable to disassemble EXTERNAL block location: 039a22a8  
2026-07-16 23:07:43 WARN  (DecompileCallback) Decompiling 039a22b0, pcode error at 039a22b0: Unable to disassemble EXTERNAL block location: 039a22b0  
2026-07-16 23:07:43 WARN  (DecompileCallback) Decompiling 039a22b8, pcode error at 039a22b8: Unable to disassemble EXTERNAL block location: 039a22b8  
2026-07-16 23:07:43 WARN  (DecompileCallback) Decompiling 039a22c0, pcode error at 039a22c0: Unable to disassemble EXTERNAL block location: 039a22c0  
2026-07-16 23:07:43 WARN  (DecompileCallback) Decompiling 039a22c8, pcode error at 039a22c8: Unable to disassemble EXTERNAL block location: 039a22c8  
2026-07-16 23:07:43 WARN  (DecompileCallback) Decompiling 039a22d0, pcode error at 039a22d0: Unable to disassemble EXTERNAL block location: 039a22d0  
2026-07-16 23:07:43 WARN  (DecompileCallback) Decompiling 039a22d8, pcode error at 039a22d8: Unable to disassemble EXTERNAL block location: 039a22d8  
2026-07-16 23:07:43 WARN  (DecompileCallback) Decompiling 039a22e0, pcode error at 039a22e0: Unable to disassemble EXTERNAL block location: 039a22e0  
2026-07-16 23:07:43 WARN  (DecompileCallback) Decompiling 039a22e8, pcode error at 039a22e8: Unable to disassemble EXTERNAL block location: 039a22e8  
2026-07-16 23:07:43 WARN  (DecompileCallback) Decompiling 039a22f0, pcode error at 039a22f0: Unable to disassemble EXTERNAL block location: 039a22f0  
2026-07-16 23:07:43 WARN  (DecompileCallback) Decompiling 039a22f8, pcode error at 039a22f8: Unable to disassemble EXTERNAL block location: 039a22f8  
2026-07-16 23:07:43 WARN  (DecompileCallback) Decompiling 039a2300, pcode error at 039a2300: Unable to disassemble EXTERNAL block location: 039a2300  
2026-07-16 23:07:43 WARN  (DecompileCallback) Decompiling 039a2308, pcode error at 039a2308: Unable to disassemble EXTERNAL block location: 039a2308  
2026-07-16 23:07:43 WARN  (DecompileCallback) Decompiling 039a2310, pcode error at 039a2310: Unable to disassemble EXTERNAL block location: 039a2310  
2026-07-16 23:07:43 WARN  (DecompileCallback) Decompiling 039a2318, pcode error at 039a2318: Unable to disassemble EXTERNAL block location: 039a2318  
2026-07-16 23:07:43 WARN  (DecompileCallback) Decompiling 039a2320, pcode error at 039a2320: Unable to disassemble EXTERNAL block location: 039a2320  
2026-07-16 23:07:43 WARN  (DecompileCallback) Decompiling 039a2328, pcode error at 039a2328: Unable to disassemble EXTERNAL block location: 039a2328  
2026-07-16 23:07:43 WARN  (DecompileCallback) Decompiling 039a2330, pcode error at 039a2330: Unable to disassemble EXTERNAL block location: 039a2330  
2026-07-16 23:07:43 WARN  (DecompileCallback) Decompiling 039a2338, pcode error at 039a2338: Unable to disassemble EXTERNAL block location: 039a2338  
2026-07-16 23:07:43 WARN  (DecompileCallback) Decompiling 039a2340, pcode error at 039a2340: Unable to disassemble EXTERNAL block location: 039a2340  
2026-07-16 23:07:43 WARN  (DecompileCallback) Decompiling 039a2348, pcode error at 039a2348: Unable to disassemble EXTERNAL block location: 039a2348  
2026-07-16 23:07:43 WARN  (DecompileCallback) Decompiling 039a2350, pcode error at 039a2350: Unable to disassemble EXTERNAL block location: 039a2350  
2026-07-16 23:07:43 WARN  (DecompileCallback) Decompiling 039a2358, pcode error at 039a2358: Unable to disassemble EXTERNAL block location: 039a2358  
2026-07-16 23:07:43 WARN  (DecompileCallback) Decompiling 039a2360, pcode error at 039a2360: Unable to disassemble EXTERNAL block location: 039a2360  
2026-07-16 23:07:43 WARN  (DecompileCallback) Decompiling 039a2368, pcode error at 039a2368: Unable to disassemble EXTERNAL block location: 039a2368  
2026-07-16 23:07:43 WARN  (DecompileCallback) Decompiling 039a2370, pcode error at 039a2370: Unable to disassemble EXTERNAL block location: 039a2370  
2026-07-16 23:07:43 WARN  (DecompileCallback) Decompiling 039a2378, pcode error at 039a2378: Unable to disassemble EXTERNAL block location: 039a2378  
2026-07-16 23:07:43 WARN  (DecompileCallback) Decompiling 039a2380, pcode error at 039a2380: Unable to disassemble EXTERNAL block location: 039a2380  
2026-07-16 23:07:43 WARN  (DecompileCallback) Decompiling 039a2388, pcode error at 039a2388: Unable to disassemble EXTERNAL block location: 039a2388  
2026-07-16 23:07:43 WARN  (DecompileCallback) Decompiling 039a2390, pcode error at 039a2390: Unable to disassemble EXTERNAL block location: 039a2390  
2026-07-16 23:07:43 WARN  (DecompileCallback) Decompiling 039a2398, pcode error at 039a2398: Unable to disassemble EXTERNAL block location: 039a2398  
2026-07-16 23:07:43 WARN  (DecompileCallback) Decompiling 039a23a0, pcode error at 039a23a0: Unable to disassemble EXTERNAL block location: 039a23a0  
2026-07-16 23:07:43 WARN  (DecompileCallback) Decompiling 039a23a8, pcode error at 039a23a8: Unable to disassemble EXTERNAL block location: 039a23a8  
2026-07-16 23:07:43 WARN  (DecompileCallback) Decompiling 039a23b0, pcode error at 039a23b0: Unable to disassemble EXTERNAL block location: 039a23b0  
2026-07-16 23:07:43 WARN  (DecompileCallback) Decompiling 039a23b8, pcode error at 039a23b8: Unable to disassemble EXTERNAL block location: 039a23b8  
2026-07-16 23:07:43 WARN  (DecompileCallback) Decompiling 039a23c0, pcode error at 039a23c0: Unable to disassemble EXTERNAL block location: 039a23c0  
2026-07-16 23:07:43 WARN  (DecompileCallback) Decompiling 039a23c8, pcode error at 039a23c8: Unable to disassemble EXTERNAL block location: 039a23c8  
2026-07-16 23:07:43 WARN  (DecompileCallback) Decompiling 039a23d0, pcode error at 039a23d0: Unable to disassemble EXTERNAL block location: 039a23d0  
2026-07-16 23:07:43 WARN  (DecompileCallback) Decompiling 039a23d8, pcode error at 039a23d8: Unable to disassemble EXTERNAL block location: 039a23d8  
2026-07-16 23:07:43 WARN  (DecompileCallback) Decompiling 039a23e0, pcode error at 039a23e0: Unable to disassemble EXTERNAL block location: 039a23e0  
2026-07-16 23:07:43 WARN  (DecompileCallback) Decompiling 039a23e8, pcode error at 039a23e8: Unable to disassemble EXTERNAL block location: 039a23e8  
2026-07-16 23:07:43 WARN  (DecompileCallback) Decompiling 039a23f0, pcode error at 039a23f0: Unable to disassemble EXTERNAL block location: 039a23f0  
2026-07-16 23:07:43 WARN  (DecompileCallback) Decompiling 039a23f8, pcode error at 039a23f8: Unable to disassemble EXTERNAL block location: 039a23f8  
2026-07-16 23:07:43 WARN  (DecompileCallback) Decompiling 039a2400, pcode error at 039a2400: Unable to disassemble EXTERNAL block location: 039a2400  
2026-07-16 23:07:43 WARN  (DecompileCallback) Decompiling 039a2408, pcode error at 039a2408: Unable to disassemble EXTERNAL block location: 039a2408  
2026-07-16 23:07:43 WARN  (DecompileCallback) Decompiling 039a2410, pcode error at 039a2410: Unable to disassemble EXTERNAL block location: 039a2410  
2026-07-16 23:07:43 WARN  (DecompileCallback) Decompiling 039a2418, pcode error at 039a2418: Unable to disassemble EXTERNAL block location: 039a2418  
2026-07-16 23:07:43 WARN  (DecompileCallback) Decompiling 039a2420, pcode error at 039a2420: Unable to disassemble EXTERNAL block location: 039a2420  
2026-07-16 23:07:43 WARN  (DecompileCallback) Decompiling 039a2428, pcode error at 039a2428: Unable to disassemble EXTERNAL block location: 039a2428  
2026-07-16 23:07:43 WARN  (DecompileCallback) Decompiling 039a2430, pcode error at 039a2430: Unable to disassemble EXTERNAL block location: 039a2430  
2026-07-16 23:07:43 WARN  (DecompileCallback) Decompiling 039a2438, pcode error at 039a2438: Unable to disassemble EXTERNAL block location: 039a2438  
2026-07-16 23:07:43 WARN  (DecompileCallback) Decompiling 039a2440, pcode error at 039a2440: Unable to disassemble EXTERNAL block location: 039a2440  
2026-07-16 23:07:43 WARN  (DecompileCallback) Decompiling 039a2448, pcode error at 039a2448: Unable to disassemble EXTERNAL block location: 039a2448  
2026-07-16 23:07:43 WARN  (DecompileCallback) Decompiling 039a2450, pcode error at 039a2450: Unable to disassemble EXTERNAL block location: 039a2450  
2026-07-16 23:07:43 WARN  (DecompileCallback) Decompiling 039a2458, pcode error at 039a2458: Unable to disassemble EXTERNAL block location: 039a2458  
2026-07-16 23:07:43 WARN  (DecompileCallback) Decompiling 039a2460, pcode error at 039a2460: Unable to disassemble EXTERNAL block location: 039a2460  
2026-07-16 23:07:43 WARN  (DecompileCallback) Decompiling 039a2468, pcode error at 039a2468: Unable to disassemble EXTERNAL block location: 039a2468  
2026-07-16 23:07:43 WARN  (DecompileCallback) Decompiling 039a2470, pcode error at 039a2470: Unable to disassemble EXTERNAL block location: 039a2470  
2026-07-16 23:07:43 WARN  (DecompileCallback) Decompiling 039a2478, pcode error at 039a2478: Unable to disassemble EXTERNAL block location: 039a2478  
2026-07-16 23:07:43 WARN  (DecompileCallback) Decompiling 039a2480, pcode error at 039a2480: Unable to disassemble EXTERNAL block location: 039a2480  
2026-07-16 23:07:43 WARN  (DecompileCallback) Decompiling 039a2488, pcode error at 039a2488: Unable to disassemble EXTERNAL block location: 039a2488  
2026-07-16 23:07:43 WARN  (DecompileCallback) Decompiling 039a2490, pcode error at 039a2490: Unable to disassemble EXTERNAL block location: 039a2490  
2026-07-16 23:07:43 WARN  (DecompileCallback) Decompiling 039a2498, pcode error at 039a2498: Unable to disassemble EXTERNAL block location: 039a2498  
2026-07-16 23:07:43 WARN  (DecompileCallback) Decompiling 039a24a0, pcode error at 039a24a0: Unable to disassemble EXTERNAL block location: 039a24a0  
2026-07-16 23:07:43 WARN  (DecompileCallback) Decompiling 039a24a8, pcode error at 039a24a8: Unable to disassemble EXTERNAL block location: 039a24a8  
2026-07-16 23:07:43 WARN  (DecompileCallback) Decompiling 039a24b0, pcode error at 039a24b0: Unable to disassemble EXTERNAL block location: 039a24b0  
2026-07-16 23:07:43 WARN  (DecompileCallback) Decompiling 039a24b8, pcode error at 039a24b8: Unable to disassemble EXTERNAL block location: 039a24b8  
2026-07-16 23:07:43 WARN  (DecompileCallback) Decompiling 039a24c0, pcode error at 039a24c0: Unable to disassemble EXTERNAL block location: 039a24c0  
2026-07-16 23:07:43 WARN  (DecompileCallback) Decompiling 039a24c8, pcode error at 039a24c8: Unable to disassemble EXTERNAL block location: 039a24c8  
2026-07-16 23:07:43 WARN  (DecompileCallback) Decompiling 039a24d0, pcode error at 039a24d0: Unable to disassemble EXTERNAL block location: 039a24d0  
2026-07-16 23:07:43 WARN  (DecompileCallback) Decompiling 039a24d8, pcode error at 039a24d8: Unable to disassemble EXTERNAL block location: 039a24d8  
2026-07-16 23:07:43 WARN  (DecompileCallback) Decompiling 039a24e0, pcode error at 039a24e0: Unable to disassemble EXTERNAL block location: 039a24e0  
2026-07-16 23:07:43 WARN  (DecompileCallback) Decompiling 039a24e8, pcode error at 039a24e8: Unable to disassemble EXTERNAL block location: 039a24e8  
2026-07-16 23:07:43 WARN  (DecompileCallback) Decompiling 039a24f0, pcode error at 039a24f0: Unable to disassemble EXTERNAL block location: 039a24f0  
2026-07-16 23:07:43 WARN  (DecompileCallback) Decompiling 039a24f8, pcode error at 039a24f8: Unable to disassemble EXTERNAL block location: 039a24f8  
2026-07-16 23:07:43 WARN  (DecompileCallback) Decompiling 039a2500, pcode error at 039a2500: Unable to disassemble EXTERNAL block location: 039a2500  
2026-07-16 23:07:43 WARN  (DecompileCallback) Decompiling 039a2508, pcode error at 039a2508: Unable to disassemble EXTERNAL block location: 039a2508  
2026-07-16 23:07:43 WARN  (DecompileCallback) Decompiling 039a2510, pcode error at 039a2510: Unable to disassemble EXTERNAL block location: 039a2510  
2026-07-16 23:07:43 WARN  (DecompileCallback) Decompiling 039a2518, pcode error at 039a2518: Unable to disassemble EXTERNAL block location: 039a2518  
2026-07-16 23:07:43 WARN  (DecompileCallback) Decompiling 039a2520, pcode error at 039a2520: Unable to disassemble EXTERNAL block location: 039a2520  
2026-07-16 23:07:43 WARN  (DecompileCallback) Decompiling 039a2528, pcode error at 039a2528: Unable to disassemble EXTERNAL block location: 039a2528  
2026-07-16 23:07:43 WARN  (DecompileCallback) Decompiling 039a2530, pcode error at 039a2530: Unable to disassemble EXTERNAL block location: 039a2530  
2026-07-16 23:07:43 WARN  (DecompileCallback) Decompiling 039a2538, pcode error at 039a2538: Unable to disassemble EXTERNAL block location: 039a2538  
2026-07-16 23:07:43 WARN  (DecompileCallback) Decompiling 039a2540, pcode error at 039a2540: Unable to disassemble EXTERNAL block location: 039a2540  
2026-07-16 23:07:43 WARN  (DecompileCallback) Decompiling 039a2548, pcode error at 039a2548: Unable to disassemble EXTERNAL block location: 039a2548  
2026-07-16 23:07:43 WARN  (DecompileCallback) Decompiling 039a2550, pcode error at 039a2550: Unable to disassemble EXTERNAL block location: 039a2550  
2026-07-16 23:07:43 WARN  (DecompileCallback) Decompiling 039a2558, pcode error at 039a2558: Unable to disassemble EXTERNAL block location: 039a2558  
2026-07-16 23:07:43 WARN  (DecompileCallback) Decompiling 039a2560, pcode error at 039a2560: Unable to disassemble EXTERNAL block location: 039a2560  
2026-07-16 23:07:43 WARN  (DecompileCallback) Decompiling 039a2568, pcode error at 039a2568: Unable to disassemble EXTERNAL block location: 039a2568  
2026-07-16 23:07:43 WARN  (DecompileCallback) Decompiling 039a2570, pcode error at 039a2570: Unable to disassemble EXTERNAL block location: 039a2570  
2026-07-16 23:07:43 WARN  (DecompileCallback) Decompiling 039a2578, pcode error at 039a2578: Unable to disassemble EXTERNAL block location: 039a2578  
2026-07-16 23:07:43 WARN  (DecompileCallback) Decompiling 039a2580, pcode error at 039a2580: Unable to disassemble EXTERNAL block location: 039a2580  
2026-07-16 23:07:43 WARN  (DecompileCallback) Decompiling 039a2588, pcode error at 039a2588: Unable to disassemble EXTERNAL block location: 039a2588  
2026-07-16 23:07:43 WARN  (DecompileCallback) Decompiling 039a2590, pcode error at 039a2590: Unable to disassemble EXTERNAL block location: 039a2590  
2026-07-16 23:07:43 WARN  (DecompileCallback) Decompiling 039a2598, pcode error at 039a2598: Unable to disassemble EXTERNAL block location: 039a2598  
2026-07-16 23:07:43 WARN  (DecompileCallback) Decompiling 039a25a0, pcode error at 039a25a0: Unable to disassemble EXTERNAL block location: 039a25a0  
2026-07-16 23:07:43 WARN  (DecompileCallback) Decompiling 039a25a8, pcode error at 039a25a8: Unable to disassemble EXTERNAL block location: 039a25a8  
2026-07-16 23:07:43 WARN  (DecompileCallback) Decompiling 039a25b0, pcode error at 039a25b0: Unable to disassemble EXTERNAL block location: 039a25b0  
2026-07-16 23:07:43 WARN  (DecompileCallback) Decompiling 039a25b8, pcode error at 039a25b8: Unable to disassemble EXTERNAL block location: 039a25b8  
2026-07-16 23:07:43 WARN  (DecompileCallback) Decompiling 039a25c0, pcode error at 039a25c0: Unable to disassemble EXTERNAL block location: 039a25c0  
2026-07-16 23:07:43 WARN  (DecompileCallback) Decompiling 039a25c8, pcode error at 039a25c8: Unable to disassemble EXTERNAL block location: 039a25c8  
2026-07-16 23:07:43 WARN  (DecompileCallback) Decompiling 039a25d0, pcode error at 039a25d0: Unable to disassemble EXTERNAL block location: 039a25d0  
2026-07-16 23:07:43 WARN  (DecompileCallback) Decompiling 039a25d8, pcode error at 039a25d8: Unable to disassemble EXTERNAL block location: 039a25d8  
2026-07-16 23:07:43 WARN  (DecompileCallback) Decompiling 039a25e0, pcode error at 039a25e0: Unable to disassemble EXTERNAL block location: 039a25e0  
2026-07-16 23:07:43 WARN  (DecompileCallback) Decompiling 039a25e8, pcode error at 039a25e8: Unable to disassemble EXTERNAL block location: 039a25e8  
2026-07-16 23:07:43 WARN  (DecompileCallback) Decompiling 039a25f0, pcode error at 039a25f0: Unable to disassemble EXTERNAL block location: 039a25f0  
2026-07-16 23:07:43 WARN  (DecompileCallback) Decompiling 039a25f8, pcode error at 039a25f8: Unable to disassemble EXTERNAL block location: 039a25f8  
2026-07-16 23:07:43 WARN  (DecompileCallback) Decompiling 039a2600, pcode error at 039a2600: Unable to disassemble EXTERNAL block location: 039a2600  
2026-07-16 23:07:43 WARN  (DecompileCallback) Decompiling 039a2608, pcode error at 039a2608: Unable to disassemble EXTERNAL block location: 039a2608  
2026-07-16 23:07:43 WARN  (DecompileCallback) Decompiling 039a2610, pcode error at 039a2610: Unable to disassemble EXTERNAL block location: 039a2610  
2026-07-16 23:07:43 WARN  (DecompileCallback) Decompiling 039a2618, pcode error at 039a2618: Unable to disassemble EXTERNAL block location: 039a2618  
2026-07-16 23:07:43 WARN  (DecompileCallback) Decompiling 039a2620, pcode error at 039a2620: Unable to disassemble EXTERNAL block location: 039a2620  
2026-07-16 23:07:43 WARN  (DecompileCallback) Decompiling 039a2628, pcode error at 039a2628: Unable to disassemble EXTERNAL block location: 039a2628  
2026-07-16 23:07:43 WARN  (DecompileCallback) Decompiling 039a2630, pcode error at 039a2630: Unable to disassemble EXTERNAL block location: 039a2630  
2026-07-16 23:07:43 WARN  (DecompileCallback) Decompiling 039a2638, pcode error at 039a2638: Unable to disassemble EXTERNAL block location: 039a2638  
2026-07-16 23:07:43 WARN  (DecompileCallback) Decompiling 039a2640, pcode error at 039a2640: Unable to disassemble EXTERNAL block location: 039a2640  
2026-07-16 23:07:43 WARN  (DecompileCallback) Decompiling 039a2648, pcode error at 039a2648: Unable to disassemble EXTERNAL block location: 039a2648  
2026-07-16 23:07:43 WARN  (DecompileCallback) Decompiling 039a2650, pcode error at 039a2650: Unable to disassemble EXTERNAL block location: 039a2650  
2026-07-16 23:07:43 WARN  (DecompileCallback) Decompiling 039a2658, pcode error at 039a2658: Unable to disassemble EXTERNAL block location: 039a2658  
2026-07-16 23:07:43 WARN  (DecompileCallback) Decompiling 039a2660, pcode error at 039a2660: Unable to disassemble EXTERNAL block location: 039a2660  
2026-07-16 23:07:43 WARN  (DecompileCallback) Decompiling 039a2668, pcode error at 039a2668: Unable to disassemble EXTERNAL block location: 039a2668  
2026-07-16 23:07:43 WARN  (DecompileCallback) Decompiling 039a2670, pcode error at 039a2670: Unable to disassemble EXTERNAL block location: 039a2670  
2026-07-16 23:07:43 WARN  (DecompileCallback) Decompiling 039a2678, pcode error at 039a2678: Unable to disassemble EXTERNAL block location: 039a2678  
2026-07-16 23:07:43 WARN  (DecompileCallback) Decompiling 039a2680, pcode error at 039a2680: Unable to disassemble EXTERNAL block location: 039a2680  
2026-07-16 23:07:43 WARN  (DecompileCallback) Decompiling 039a2688, pcode error at 039a2688: Unable to disassemble EXTERNAL block location: 039a2688  
2026-07-16 23:07:43 WARN  (DecompileCallback) Decompiling 039a2690, pcode error at 039a2690: Unable to disassemble EXTERNAL block location: 039a2690  
2026-07-16 23:07:43 WARN  (DecompileCallback) Decompiling 039a2698, pcode error at 039a2698: Unable to disassemble EXTERNAL block location: 039a2698  
2026-07-16 23:07:43 WARN  (DecompileCallback) Decompiling 039a26a0, pcode error at 039a26a0: Unable to disassemble EXTERNAL block location: 039a26a0  
2026-07-16 23:07:43 WARN  (DecompileCallback) Decompiling 039a26a8, pcode error at 039a26a8: Unable to disassemble EXTERNAL block location: 039a26a8  
2026-07-16 23:07:43 WARN  (DecompileCallback) Decompiling 039a26b0, pcode error at 039a26b0: Unable to disassemble EXTERNAL block location: 039a26b0  
2026-07-16 23:07:43 WARN  (DecompileCallback) Decompiling 039a26b8, pcode error at 039a26b8: Unable to disassemble EXTERNAL block location: 039a26b8  
2026-07-16 23:07:43 WARN  (DecompileCallback) Decompiling 039a26c0, pcode error at 039a26c0: Unable to disassemble EXTERNAL block location: 039a26c0  
2026-07-16 23:07:43 WARN  (DecompileCallback) Decompiling 039a26c8, pcode error at 039a26c8: Unable to disassemble EXTERNAL block location: 039a26c8  
2026-07-16 23:07:43 WARN  (DecompileCallback) Decompiling 039a26d0, pcode error at 039a26d0: Unable to disassemble EXTERNAL block location: 039a26d0  
2026-07-16 23:07:43 WARN  (DecompileCallback) Decompiling 039a26d8, pcode error at 039a26d8: Unable to disassemble EXTERNAL block location: 039a26d8  
2026-07-16 23:07:43 WARN  (DecompileCallback) Decompiling 039a26e0, pcode error at 039a26e0: Unable to disassemble EXTERNAL block location: 039a26e0  
2026-07-16 23:07:43 WARN  (DecompileCallback) Decompiling 039a26e8, pcode error at 039a26e8: Unable to disassemble EXTERNAL block location: 039a26e8  
2026-07-16 23:07:43 WARN  (DecompileCallback) Decompiling 039a26f0, pcode error at 039a26f0: Unable to disassemble EXTERNAL block location: 039a26f0  
2026-07-16 23:07:43 WARN  (DecompileCallback) Decompiling 039a26f8, pcode error at 039a26f8: Unable to disassemble EXTERNAL block location: 039a26f8  
2026-07-16 23:07:43 WARN  (DecompileCallback) Decompiling 039a2700, pcode error at 039a2700: Unable to disassemble EXTERNAL block location: 039a2700  
2026-07-16 23:07:43 WARN  (DecompileCallback) Decompiling 039a2708, pcode error at 039a2708: Unable to disassemble EXTERNAL block location: 039a2708  
2026-07-16 23:07:43 WARN  (DecompileCallback) Decompiling 039a2710, pcode error at 039a2710: Unable to disassemble EXTERNAL block location: 039a2710  
2026-07-16 23:07:43 WARN  (DecompileCallback) Decompiling 039a2718, pcode error at 039a2718: Unable to disassemble EXTERNAL block location: 039a2718  
2026-07-16 23:07:43 WARN  (DecompileCallback) Decompiling 039a2720, pcode error at 039a2720: Unable to disassemble EXTERNAL block location: 039a2720  
2026-07-16 23:07:43 WARN  (DecompileCallback) Decompiling 039a2728, pcode error at 039a2728: Unable to disassemble EXTERNAL block location: 039a2728  
2026-07-16 23:07:43 WARN  (DecompileCallback) Decompiling 039a2730, pcode error at 039a2730: Unable to disassemble EXTERNAL block location: 039a2730  
2026-07-16 23:07:43 WARN  (DecompileCallback) Decompiling 039a2738, pcode error at 039a2738: Unable to disassemble EXTERNAL block location: 039a2738  
2026-07-16 23:07:43 WARN  (DecompileCallback) Decompiling 039a2740, pcode error at 039a2740: Unable to disassemble EXTERNAL block location: 039a2740  
2026-07-16 23:07:43 WARN  (DecompileCallback) Decompiling 039a2748, pcode error at 039a2748: Unable to disassemble EXTERNAL block location: 039a2748  
2026-07-16 23:07:43 WARN  (DecompileCallback) Decompiling 039a2750, pcode error at 039a2750: Unable to disassemble EXTERNAL block location: 039a2750  
2026-07-16 23:07:43 WARN  (DecompileCallback) Decompiling 039a2758, pcode error at 039a2758: Unable to disassemble EXTERNAL block location: 039a2758  
2026-07-16 23:07:43 WARN  (DecompileCallback) Decompiling 039a2760, pcode error at 039a2760: Unable to disassemble EXTERNAL block location: 039a2760  
2026-07-16 23:07:43 WARN  (DecompileCallback) Decompiling 039a2768, pcode error at 039a2768: Unable to disassemble EXTERNAL block location: 039a2768  
2026-07-16 23:07:43 WARN  (DecompileCallback) Decompiling 039a2770, pcode error at 039a2770: Unable to disassemble EXTERNAL block location: 039a2770  
2026-07-16 23:07:43 WARN  (DecompileCallback) Decompiling 039a2778, pcode error at 039a2778: Unable to disassemble EXTERNAL block location: 039a2778  
2026-07-16 23:07:43 WARN  (DecompileCallback) Decompiling 039a2780, pcode error at 039a2780: Unable to disassemble EXTERNAL block location: 039a2780  
2026-07-16 23:07:43 WARN  (DecompileCallback) Decompiling 039a2788, pcode error at 039a2788: Unable to disassemble EXTERNAL block location: 039a2788  
2026-07-16 23:07:43 WARN  (DecompileCallback) Decompiling 039a2790, pcode error at 039a2790: Unable to disassemble EXTERNAL block location: 039a2790  
2026-07-16 23:07:43 WARN  (DecompileCallback) Decompiling 039a2798, pcode error at 039a2798: Unable to disassemble EXTERNAL block location: 039a2798  
2026-07-16 23:07:43 WARN  (DecompileCallback) Decompiling 039a27a0, pcode error at 039a27a0: Unable to disassemble EXTERNAL block location: 039a27a0  
2026-07-16 23:07:43 WARN  (DecompileCallback) Decompiling 039a27a8, pcode error at 039a27a8: Unable to disassemble EXTERNAL block location: 039a27a8  
2026-07-16 23:07:43 WARN  (DecompileCallback) Decompiling 039a27b0, pcode error at 039a27b0: Unable to disassemble EXTERNAL block location: 039a27b0  
2026-07-16 23:07:43 WARN  (DecompileCallback) Decompiling 039a27b8, pcode error at 039a27b8: Unable to disassemble EXTERNAL block location: 039a27b8  
2026-07-16 23:07:43 WARN  (DecompileCallback) Decompiling 039a27c0, pcode error at 039a27c0: Unable to disassemble EXTERNAL block location: 039a27c0  
2026-07-16 23:07:43 WARN  (DecompileCallback) Decompiling 039a27c8, pcode error at 039a27c8: Unable to disassemble EXTERNAL block location: 039a27c8  
2026-07-16 23:07:43 WARN  (DecompileCallback) Decompiling 039a27d0, pcode error at 039a27d0: Unable to disassemble EXTERNAL block location: 039a27d0  
2026-07-16 23:07:43 WARN  (DecompileCallback) Decompiling 039a27d8, pcode error at 039a27d8: Unable to disassemble EXTERNAL block location: 039a27d8  
2026-07-16 23:07:43 WARN  (DecompileCallback) Decompiling 039a27e0, pcode error at 039a27e0: Unable to disassemble EXTERNAL block location: 039a27e0  
2026-07-16 23:07:43 WARN  (DecompileCallback) Decompiling 039a27e8, pcode error at 039a27e8: Unable to disassemble EXTERNAL block location: 039a27e8  
2026-07-16 23:07:43 WARN  (DecompileCallback) Decompiling 039a27f0, pcode error at 039a27f0: Unable to disassemble EXTERNAL block location: 039a27f0  
2026-07-16 23:07:43 WARN  (DecompileCallback) Decompiling 039a27f8, pcode error at 039a27f8: Unable to disassemble EXTERNAL block location: 039a27f8  
2026-07-16 23:07:43 WARN  (DecompileCallback) Decompiling 039a2800, pcode error at 039a2800: Unable to disassemble EXTERNAL block location: 039a2800  
2026-07-16 23:07:43 WARN  (DecompileCallback) Decompiling 039a2808, pcode error at 039a2808: Unable to disassemble EXTERNAL block location: 039a2808  
2026-07-16 23:07:43 WARN  (DecompileCallback) Decompiling 039a2810, pcode error at 039a2810: Unable to disassemble EXTERNAL block location: 039a2810  
2026-07-16 23:07:43 WARN  (DecompileCallback) Decompiling 039a2818, pcode error at 039a2818: Unable to disassemble EXTERNAL block location: 039a2818  
2026-07-16 23:07:43 WARN  (DecompileCallback) Decompiling 039a2820, pcode error at 039a2820: Unable to disassemble EXTERNAL block location: 039a2820  
2026-07-16 23:07:43 WARN  (DecompileCallback) Decompiling 039a2828, pcode error at 039a2828: Unable to disassemble EXTERNAL block location: 039a2828  
2026-07-16 23:07:43 WARN  (DecompileCallback) Decompiling 039a2830, pcode error at 039a2830: Unable to disassemble EXTERNAL block location: 039a2830  
2026-07-16 23:07:43 WARN  (DecompileCallback) Decompiling 039a2838, pcode error at 039a2838: Unable to disassemble EXTERNAL block location: 039a2838  
2026-07-16 23:07:43 WARN  (DecompileCallback) Decompiling 039a2840, pcode error at 039a2840: Unable to disassemble EXTERNAL block location: 039a2840  
2026-07-16 23:07:43 WARN  (DecompileCallback) Decompiling 039a2848, pcode error at 039a2848: Unable to disassemble EXTERNAL block location: 039a2848  
2026-07-16 23:07:43 WARN  (DecompileCallback) Decompiling 039a2850, pcode error at 039a2850: Unable to disassemble EXTERNAL block location: 039a2850  
2026-07-16 23:07:43 WARN  (DecompileCallback) Decompiling 039a2858, pcode error at 039a2858: Unable to disassemble EXTERNAL block location: 039a2858  
2026-07-16 23:07:43 WARN  (DecompileCallback) Decompiling 039a2860, pcode error at 039a2860: Unable to disassemble EXTERNAL block location: 039a2860  
2026-07-16 23:07:43 WARN  (DecompileCallback) Decompiling 039a2868, pcode error at 039a2868: Unable to disassemble EXTERNAL block location: 039a2868  
2026-07-16 23:07:43 WARN  (DecompileCallback) Decompiling 039a2878, pcode error at 039a2878: Unable to disassemble EXTERNAL block location: 039a2878  
2026-07-16 23:07:43 WARN  (DecompileCallback) Decompiling 039a2880, pcode error at 039a2880: Unable to disassemble EXTERNAL block location: 039a2880  
2026-07-16 23:07:43 WARN  (DecompileCallback) Decompiling 039a2888, pcode error at 039a2888: Unable to disassemble EXTERNAL block location: 039a2888  
2026-07-16 23:07:43 WARN  (DecompileCallback) Decompiling 039a2890, pcode error at 039a2890: Unable to disassemble EXTERNAL block location: 039a2890  
2026-07-16 23:07:43 WARN  (DecompileCallback) Decompiling 039a2898, pcode error at 039a2898: Unable to disassemble EXTERNAL block location: 039a2898  
2026-07-16 23:07:43 WARN  (DecompileCallback) Decompiling 039a28a0, pcode error at 039a28a0: Unable to disassemble EXTERNAL block location: 039a28a0  
2026-07-16 23:07:43 WARN  (DecompileCallback) Decompiling 039a28a8, pcode error at 039a28a8: Unable to disassemble EXTERNAL block location: 039a28a8  
2026-07-16 23:07:43 WARN  (DecompileCallback) Decompiling 039a28b0, pcode error at 039a28b0: Unable to disassemble EXTERNAL block location: 039a28b0  
2026-07-16 23:07:43 WARN  (DecompileCallback) Decompiling 039a28b8, pcode error at 039a28b8: Unable to disassemble EXTERNAL block location: 039a28b8  
2026-07-16 23:07:43 WARN  (DecompileCallback) Decompiling 039a28c0, pcode error at 039a28c0: Unable to disassemble EXTERNAL block location: 039a28c0  
2026-07-16 23:07:43 WARN  (DecompileCallback) Decompiling 039a28c8, pcode error at 039a28c8: Unable to disassemble EXTERNAL block location: 039a28c8  
2026-07-16 23:07:43 WARN  (DecompileCallback) Decompiling 039a28d0, pcode error at 039a28d0: Unable to disassemble EXTERNAL block location: 039a28d0  
2026-07-16 23:07:43 WARN  (DecompileCallback) Decompiling 039a28d8, pcode error at 039a28d8: Unable to disassemble EXTERNAL block location: 039a28d8  
2026-07-16 23:07:43 WARN  (DecompileCallback) Decompiling 039a28e0, pcode error at 039a28e0: Unable to disassemble EXTERNAL block location: 039a28e0  
2026-07-16 23:07:43 WARN  (DecompileCallback) Decompiling 039a28e8, pcode error at 039a28e8: Unable to disassemble EXTERNAL block location: 039a28e8  
2026-07-16 23:07:43 WARN  (DecompileCallback) Decompiling 039a28f0, pcode error at 039a28f0: Unable to disassemble EXTERNAL block location: 039a28f0  
2026-07-16 23:07:43 WARN  (DecompileCallback) Decompiling 039a28f8, pcode error at 039a28f8: Unable to disassemble EXTERNAL block location: 039a28f8  
2026-07-16 23:07:43 WARN  (DecompileCallback) Decompiling 039a2900, pcode error at 039a2900: Unable to disassemble EXTERNAL block location: 039a2900  
2026-07-16 23:07:43 WARN  (DecompileCallback) Decompiling 039a2908, pcode error at 039a2908: Unable to disassemble EXTERNAL block location: 039a2908  
2026-07-16 23:07:43 WARN  (DecompileCallback) Decompiling 039a2910, pcode error at 039a2910: Unable to disassemble EXTERNAL block location: 039a2910  
2026-07-16 23:07:43 WARN  (DecompileCallback) Decompiling 039a2918, pcode error at 039a2918: Unable to disassemble EXTERNAL block location: 039a2918  
2026-07-16 23:07:43 WARN  (DecompileCallback) Decompiling 039a2920, pcode error at 039a2920: Unable to disassemble EXTERNAL block location: 039a2920  
2026-07-16 23:07:43 WARN  (DecompileCallback) Decompiling 039a2928, pcode error at 039a2928: Unable to disassemble EXTERNAL block location: 039a2928  
2026-07-16 23:07:43 WARN  (DecompileCallback) Decompiling 039a2930, pcode error at 039a2930: Unable to disassemble EXTERNAL block location: 039a2930  
2026-07-16 23:07:43 WARN  (DecompileCallback) Decompiling 039a2938, pcode error at 039a2938: Unable to disassemble EXTERNAL block location: 039a2938  
2026-07-16 23:07:43 WARN  (DecompileCallback) Decompiling 039a2940, pcode error at 039a2940: Unable to disassemble EXTERNAL block location: 039a2940  
2026-07-16 23:07:43 INFO  (GhidraScript) GeneralStructureEyePatternScan.java> General structure scan complete.  
2026-07-16 23:07:43 INFO  (GhidraScript) GeneralStructureEyePatternScan.java> Total functions scanned: 299919  
2026-07-16 23:07:43 INFO  (GhidraScript) GeneralStructureEyePatternScan.java> Exported functions: 6344  
2026-07-16 23:07:43 INFO  (GhidraScript) GeneralStructureEyePatternScan.java> Decompile failures: 380  
2026-07-16 23:07:43 INFO  (GhidraScript) GeneralStructureEyePatternScan.java> Report CSV: C:\realDesktop\manifest-evaluations\summer-26\ghidra-pipeline\il2cpp-files\Lovesick\general-structure-results\structure_scan_report.csv  
2026-07-16 23:07:43 INFO  (GhidraScript) GeneralStructureEyePatternScan.java> Report JSON: C:\realDesktop\manifest-evaluations\summer-26\ghidra-pipeline\il2cpp-files\Lovesick\general-structure-results\structure_scan_report.json  
2026-07-16 23:07:43 INFO  (HeadlessAnalyzer) REPORT: Save succeeded for processed file: /Lovesick-libil2cpp.so  
