WARNING: A terminally deprecated method in sun.misc.Unsafe has been called
WARNING: sun.misc.Unsafe::staticFieldOffset has been called by org.apache.felix.framework.util.SecureAction (file:/C:/Users/kimgiordano27/Downloads/ghidra_12.1.2_PUBLIC_20260605/ghidra_12.1.2_PUBLIC/Ghidra/Features/Base/lib/org.apache.felix.framework-7.0.5.jar)
WARNING: Please consider reporting this to the maintainers of class org.apache.felix.framework.util.SecureAction
WARNING: sun.misc.Unsafe::staticFieldOffset will be removed in a future release
java.util.concurrent.ExecutionException: java.lang.OutOfMemoryError: Java heap space
	at java.base/java.util.concurrent.FutureTask.report(FutureTask.java:124)
	at java.base/java.util.concurrent.FutureTask.get(FutureTask.java:193)
	at generic.concurrent.QResult.<init>(QResult.java:40)
	at generic.concurrent.FutureTaskMonitor.run(FutureTaskMonitor.java:77)
	at java.base/java.util.concurrent.ThreadPoolExecutor.runWorker(ThreadPoolExecutor.java:1090)
	at java.base/java.util.concurrent.ThreadPoolExecutor$Worker.run(ThreadPoolExecutor.java:614)
	at java.base/java.lang.Thread.run(Thread.java:1474)
Caused by: java.lang.OutOfMemoryError: Java heap space
	at ghidra.app.plugin.processors.sleigh.expression.OperandValue.getValue(OperandValue.java:101)
	at ghidra.app.plugin.processors.sleigh.expression.SubExpression.getValue(SubExpression.java:37)
	at ghidra.app.plugin.processors.sleigh.expression.RightShiftExpression.getValue(RightShiftExpression.java:38)
	at ghidra.app.plugin.processors.sleigh.expression.AndExpression.getValue(AndExpression.java:37)
	at ghidra.app.plugin.processors.sleigh.expression.OrExpression.getValue(OrExpression.java:38)
	at ghidra.app.plugin.processors.sleigh.expression.NotExpression.getValue(NotExpression.java:37)
	at ghidra.app.plugin.processors.sleigh.ContextOp.apply(ContextOp.java:44)
	at ghidra.app.plugin.processors.sleigh.Constructor.applyContext(Constructor.java:294)
	at ghidra.app.plugin.processors.sleigh.SleighInstructionPrototype.reconstructContext(SleighInstructionPrototype.java:1496)
	at ghidra.app.plugin.processors.sleigh.SleighInstructionPrototype.getParserContext(SleighInstructionPrototype.java:1584)
	at ghidra.app.plugin.processors.sleigh.SleighInstructionPrototype.getParserContext(SleighInstructionPrototype.java:44)
	at ghidra.program.database.code.InstructionDB.getParserContext(InstructionDB.java:984)
	at ghidra.app.plugin.processors.sleigh.SleighInstructionPrototype.getPcode(SleighInstructionPrototype.java:1004)
	at ghidra.program.database.code.InstructionDB.getPcode(InstructionDB.java:686)
	at ghidra.program.util.SymbolicPropogator.getInstructionPcode(SymbolicPropogator.java:754)
	at ghidra.program.util.SymbolicPropogator.cacheInstruction(SymbolicPropogator.java:793)
	at ghidra.program.util.SymbolicPropogator.getInstructionAt(SymbolicPropogator.java:770)
	at ghidra.program.util.SymbolicPropogator.flowConstants(SymbolicPropogator.java:594)
	at ghidra.program.util.SymbolicPropogator.flowConstants(SymbolicPropogator.java:479)
	at ghidra.program.util.SymbolicPropogator.flowConstants(SymbolicPropogator.java:215)
	at ghidra.app.plugin.core.analysis.ConstantPropagationAnalyzer.flowConstants(ConstantPropagationAnalyzer.java:514)
	at ghidra.app.plugin.core.analysis.ConstantPropagationAnalyzer.analyzeLocation(ConstantPropagationAnalyzer.java:490)
	at ghidra.app.services.AbstractAnalyzer$1.process(AbstractAnalyzer.java:181)
	at ghidra.app.services.AbstractAnalyzer$1.process(AbstractAnalyzer.java:170)
	at generic.concurrent.ConcurrentQ$CallbackCallable.call(ConcurrentQ.java:706)
	at java.base/java.util.concurrent.FutureTask.run(FutureTask.java:328)
	at generic.concurrent.FutureTaskMonitor.run(FutureTaskMonitor.java:75)
	at java.base/java.util.concurrent.ThreadPoolExecutor.runWorker(ThreadPoolExecutor.java:1090)
	at java.base/java.util.concurrent.ThreadPoolExecutor$Worker.run(ThreadPoolExecutor.java:614)
	at java.base/java.lang.Thread.runWith(Thread.java:1487)
	... 1 more
java.util.concurrent.ExecutionException: java.lang.OutOfMemoryError: Java heap space
	at java.base/java.util.concurrent.FutureTask.report(FutureTask.java:124)
	at java.base/java.util.concurrent.FutureTask.get(FutureTask.java:193)
	at generic.concurrent.QResult.<init>(QResult.java:40)
	at generic.concurrent.FutureTaskMonitor.run(FutureTaskMonitor.java:77)
	at java.base/java.util.concurrent.ThreadPoolExecutor.runWorker(ThreadPoolExecutor.java:1090)
	at java.base/java.util.concurrent.ThreadPoolExecutor$Worker.run(ThreadPoolExecutor.java:614)
	at java.base/java.lang.Thread.run(Thread.java:1474)
Caused by: java.lang.OutOfMemoryError: Java heap space
	at java.base/java.util.Arrays.copyOf(Arrays.java:3478)
	at java.base/java.util.Vector.grow(Vector.java:262)
	at java.base/java.util.Vector.grow(Vector.java:266)
	at java.base/java.util.Vector.add(Vector.java:782)
	at java.base/java.util.Vector.addElement(Vector.java:617)
	at java.base/java.util.Stack.push(Stack.java:68)
	at ghidra.program.util.VarnodeContext.pushMemState(VarnodeContext.java:2027)
	at ghidra.program.util.SymbolicPropogator$SavedFlowState.<init>(SymbolicPropogator.java:453)
	at ghidra.program.util.SymbolicPropogator$SavedFlowState.<init>(SymbolicPropogator.java:442)
	at ghidra.program.util.SymbolicPropogator.applyPcode(SymbolicPropogator.java:1136)
	at ghidra.program.util.SymbolicPropogator.flowConstants(SymbolicPropogator.java:626)
	at ghidra.program.util.SymbolicPropogator.flowConstants(SymbolicPropogator.java:479)
	at ghidra.program.util.SymbolicPropogator.flowConstants(SymbolicPropogator.java:215)
	at ghidra.app.cmd.function.NewFunctionStackAnalysisCmd.createStackPointerVariables(NewFunctionStackAnalysisCmd.java:362)
	at ghidra.app.cmd.function.NewFunctionStackAnalysisCmd.analyzeFunction(NewFunctionStackAnalysisCmd.java:211)
	at ghidra.app.cmd.function.NewFunctionStackAnalysisCmd.applyTo(NewFunctionStackAnalysisCmd.java:132)
	at ghidra.app.cmd.function.NewFunctionStackAnalysisCmd.applyTo(NewFunctionStackAnalysisCmd.java:41)
	at ghidra.app.plugin.core.function.StackVariableAnalyzer.analyzeLocation(StackVariableAnalyzer.java:82)
	at ghidra.app.services.AbstractAnalyzer$1.process(AbstractAnalyzer.java:181)
	at ghidra.app.services.AbstractAnalyzer$1.process(AbstractAnalyzer.java:170)
	at generic.concurrent.ConcurrentQ$CallbackCallable.call(ConcurrentQ.java:706)
	at java.base/java.util.concurrent.FutureTask.run(FutureTask.java:328)
	at generic.concurrent.FutureTaskMonitor.run(FutureTaskMonitor.java:75)
	at java.base/java.util.concurrent.ThreadPoolExecutor.runWorker(ThreadPoolExecutor.java:1090)
	at java.base/java.util.concurrent.ThreadPoolExecutor$Worker.run(ThreadPoolExecutor.java:614)
	at java.base/java.lang.Thread.runWith(Thread.java:1487)
	... 1 more
