2026-07-14 20:41:09 INFO  (LoggingInitialization) Using log config file: jar:file:/C:/Users/kimgiordano27/Downloads/ghidra_12.1.2_PUBLIC_20260605/ghidra_12.1.2_PUBLIC/Ghidra/Framework/Generic/lib/Generic.jar!/generic.log4j.xml  
2026-07-14 20:41:09 INFO  (LoggingInitialization) Using log file: C:\realDesktop\manifest-evaluations\summer-26\ghidra-pipeline\il2cpp-files\Gorillavs100Men\general-structure-ghidra.log  
2026-07-14 20:41:09 DEBUG (GhidraObjectInputFilter) Including serial input filter: FileSystem/data/client.rmi.serial.filter  
2026-07-14 20:41:09 INFO  (Preferences) Loading user preferences: C:\Users\kimgiordano27\AppData\Roaming\ghidra\ghidra_12.1.2_PUBLIC\preferences  
2026-07-14 20:41:09 INFO  (ClassSearcher) Searching for classes...  
2026-07-14 20:41:10 INFO  (ClassSearcher) Class search complete (529 ms)  
2026-07-14 20:41:10 INFO  (DefaultSSLContextInitializer) Initializing SSL Context  
2026-07-14 20:41:10 INFO  (SecureRandomFactory) Initializing Random Number Generator...  
2026-07-14 20:41:10 INFO  (SecureRandomFactory) Random Number Generator initialization complete: SHA1PRNG  
2026-07-14 20:41:10 INFO  (DefaultTrustManagerFactory) Trust manager disabled, cacerts have not been set  
2026-07-14 20:41:10 INFO  (AnalyzeHeadless) Headless startup complete (1616 ms)  
2026-07-14 20:41:10 INFO  (ClassSearcher) Class searcher loaded 59 extension points (20 false positives)  
2026-07-14 20:41:10 INFO  (HeadlessAnalyzer) HEADLESS Script Paths:
    C:\Users\kimgiordano27\Downloads\ghidra_12.1.2_PUBLIC_20260605\ghidra_12.1.2_PUBLIC\Ghidra\Features\DecompilerDependent\ghidra_scripts
    C:\Users\kimgiordano27\Downloads\ghidra_12.1.2_PUBLIC_20260605\ghidra_12.1.2_PUBLIC\Ghidra\Processors\Atmel\ghidra_scripts
    C:\Users\kimgiordano27\Downloads\ghidra_12.1.2_PUBLIC_20260605\ghidra_12.1.2_PUBLIC\Ghidra\Processors\PIC\ghidra_scripts
    C:\Users\kimgiordano27\Downloads\ghidra_12.1.2_PUBLIC_20260605\ghidra_12.1.2_PUBLIC\Ghidra\Features\VersionTracking\ghidra_scripts
    C:\Users\kimgiordano27\Downloads\ghidra_12.1.2_PUBLIC_20260605\ghidra_12.1.2_PUBLIC\Ghidra\Features\BytePatterns\ghidra_scripts
    C:\Users\kimgiordano27\ghidra_scripts
    C:\Users\kimgiordano27\Downloads\ghidra_12.1.2_PUBLIC_20260605\ghidra_12.1.2_PUBLIC\Ghidra\Features\BSim\ghidra_scripts
    C:\realDesktop\manifest-evaluations\summer-26\ghidra-pipeline\ghidra-export-scripts
    C:\Users\kimgiordano27\Downloads\ghidra_12.1.2_PUBLIC_20260605\ghidra_12.1.2_PUBLIC\Ghidra\Processors\JVM\ghidra_scripts
    C:\Users\kimgiordano27\Downloads\ghidra_12.1.2_PUBLIC_20260605\ghidra_12.1.2_PUBLIC\Ghidra\Features\Base\ghidra_scripts
    C:\Users\kimgiordano27\Downloads\ghidra_12.1.2_PUBLIC_20260605\ghidra_12.1.2_PUBLIC\Ghidra\Features\SwiftDemangler\ghidra_scripts
    C:\Users\kimgiordano27\Downloads\ghidra_12.1.2_PUBLIC_20260605\ghidra_12.1.2_PUBLIC\Ghidra\Features\WildcardAssembler\ghidra_scripts
    C:\Users\kimgiordano27\Downloads\ghidra_12.1.2_PUBLIC_20260605\ghidra_12.1.2_PUBLIC\Ghidra\Features\FileFormats\ghidra_scripts
    C:\Users\kimgiordano27\Downloads\ghidra_12.1.2_PUBLIC_20260605\ghidra_12.1.2_PUBLIC\Ghidra\Features\Decompiler\ghidra_scripts
    C:\Users\kimgiordano27\Downloads\ghidra_12.1.2_PUBLIC_20260605\ghidra_12.1.2_PUBLIC\Ghidra\Features\SystemEmulation\ghidra_scripts
    C:\Users\kimgiordano27\Downloads\ghidra_12.1.2_PUBLIC_20260605\ghidra_12.1.2_PUBLIC\Ghidra\Processors\8051\ghidra_scripts
    C:\Users\kimgiordano27\Downloads\ghidra_12.1.2_PUBLIC_20260605\ghidra_12.1.2_PUBLIC\Ghidra\Features\GnuDemangler\ghidra_scripts
    C:\Users\kimgiordano27\Downloads\ghidra_12.1.2_PUBLIC_20260605\ghidra_12.1.2_PUBLIC\Ghidra\Debug\Debugger\ghidra_scripts
    C:\Users\kimgiordano27\Downloads\ghidra_12.1.2_PUBLIC_20260605\ghidra_12.1.2_PUBLIC\Ghidra\Processors\DATA\ghidra_scripts
    C:\Users\kimgiordano27\Downloads\ghidra_12.1.2_PUBLIC_20260605\ghidra_12.1.2_PUBLIC\Ghidra\Debug\Debugger-rmi-trace\ghidra_scripts
    C:\Users\kimgiordano27\Downloads\ghidra_12.1.2_PUBLIC_20260605\ghidra_12.1.2_PUBLIC\Ghidra\Features\FunctionID\ghidra_scripts
    C:\Users\kimgiordano27\Downloads\ghidra_12.1.2_PUBLIC_20260605\ghidra_12.1.2_PUBLIC\Ghidra\Features\MicrosoftCodeAnalyzer\ghidra_scripts
    C:\Users\kimgiordano27\Downloads\ghidra_12.1.2_PUBLIC_20260605\ghidra_12.1.2_PUBLIC\Ghidra\Features\PDB\ghidra_scripts
    C:\Users\kimgiordano27\AppData\Roaming\ghidra\ghidra_12.1.2_PUBLIC\Extensions\Jython\ghidra_scripts
    C:\Users\kimgiordano27\Downloads\ghidra_12.1.2_PUBLIC_20260605\ghidra_12.1.2_PUBLIC\Ghidra\Features\PyGhidra\ghidra_scripts  
2026-07-14 20:41:10 INFO  (HeadlessAnalyzer) HEADLESS: execution starts  
2026-07-14 20:41:10 INFO  (HeadlessAnalyzer) Opening existing project: C:\realDesktop\manifest-evaluations\summer-26\ghidra-pipeline\il2cpp-files\Gorillavs100Men\ghidra-project-Gorillavs100Men\Gorillavs100Men  
2026-07-14 20:41:10 INFO  (HeadlessProject) Opening project: C:\realDesktop\manifest-evaluations\summer-26\ghidra-pipeline\il2cpp-files\Gorillavs100Men\ghidra-project-Gorillavs100Men\Gorillavs100Men  
2026-07-14 20:41:10 INFO  (LocalFileSystem) /Gorillavs100Men-libil2cpp.so: checkout (2) granted (kimgiordano27)  
2026-07-14 20:41:14 INFO  (HeadlessAnalyzer) REPORT: Processing project file: /Gorillavs100Men-libil2cpp.so  
2026-07-14 20:41:15 INFO  (HeadlessAnalyzer) REPORT: Execute script: GeneralStructureEyePatternScan.java 'C:\realDesktop\manifest-evaluations\summer-26\ghidra-pipeline\il2cpp-files\Gorillavs100Men\general-structure-results' '70' 'false'   
2026-07-14 20:41:15 INFO  (HeadlessAnalyzer) SCRIPT: C:\realDesktop\manifest-evaluations\summer-26\ghidra-pipeline\ghidra-export-scripts\GeneralStructureEyePatternScan.java  
2026-07-14 20:41:15 INFO  (GhidraScript) GeneralStructureEyePatternScan.java> General structure scan starting...  
2026-07-14 20:41:15 INFO  (GhidraScript) GeneralStructureEyePatternScan.java> Output: C:\realDesktop\manifest-evaluations\summer-26\ghidra-pipeline\il2cpp-files\Gorillavs100Men\general-structure-results  
2026-07-14 20:41:15 INFO  (GhidraScript) GeneralStructureEyePatternScan.java> Minimum review score: 70  
2026-07-14 20:41:15 INFO  (GhidraScript) GeneralStructureEyePatternScan.java> Export all: false  
2026-07-14 20:41:31 INFO  (GhidraScript) GeneralStructureEyePatternScan.java> Scanned 10000 functions. Exported so far: 0  
2026-07-14 20:41:48 INFO  (GhidraScript) GeneralStructureEyePatternScan.java> Scanned 20000 functions. Exported so far: 0  
2026-07-14 20:42:01 INFO  (GhidraScript) GeneralStructureEyePatternScan.java> Scanned 30000 functions. Exported so far: 0  
2026-07-14 20:42:13 INFO  (GhidraScript) GeneralStructureEyePatternScan.java> Scanned 40000 functions. Exported so far: 0  
2026-07-14 20:42:28 INFO  (GhidraScript) GeneralStructureEyePatternScan.java> Scanned 50000 functions. Exported so far: 0  
2026-07-14 20:42:46 INFO  (GhidraScript) GeneralStructureEyePatternScan.java> Scanned 60000 functions. Exported so far: 0  
2026-07-14 20:43:03 INFO  (GhidraScript) GeneralStructureEyePatternScan.java> Scanned 70000 functions. Exported so far: 0  
2026-07-14 20:43:26 INFO  (GhidraScript) GeneralStructureEyePatternScan.java> Scanned 80000 functions. Exported so far: 0  
2026-07-14 20:43:46 INFO  (GhidraScript) GeneralStructureEyePatternScan.java> Scanned 90000 functions. Exported so far: 0  
2026-07-14 20:44:02 INFO  (GhidraScript) GeneralStructureEyePatternScan.java> Scanned 100000 functions. Exported so far: 0  
2026-07-14 20:44:38 INFO  (GhidraScript) GeneralStructureEyePatternScan.java> Scanned 110000 functions. Exported so far: 0  
2026-07-14 20:47:19 INFO  (GhidraScript) GeneralStructureEyePatternScan.java> Scanned 120000 functions. Exported so far: 1  
2026-07-14 20:48:40 INFO  (GhidraScript) GeneralStructureEyePatternScan.java> Scanned 130000 functions. Exported so far: 2  
2026-07-14 20:50:16 INFO  (GhidraScript) GeneralStructureEyePatternScan.java> Scanned 140000 functions. Exported so far: 7  
2026-07-14 20:52:26 INFO  (GhidraScript) GeneralStructureEyePatternScan.java> Scanned 150000 functions. Exported so far: 9  
2026-07-14 20:53:35 INFO  (GhidraScript) GeneralStructureEyePatternScan.java> Scanned 160000 functions. Exported so far: 9  
2026-07-14 20:55:12 INFO  (GhidraScript) GeneralStructureEyePatternScan.java> Scanned 180000 functions. Exported so far: 9  
2026-07-14 20:56:21 INFO  (GhidraScript) GeneralStructureEyePatternScan.java> Scanned 190000 functions. Exported so far: 10  
2026-07-14 20:57:20 INFO  (GhidraScript) GeneralStructureEyePatternScan.java> Scanned 200000 functions. Exported so far: 10  
2026-07-14 20:58:11 INFO  (GhidraScript) GeneralStructureEyePatternScan.java> Scanned 210000 functions. Exported so far: 11  
2026-07-14 20:59:07 INFO  (GhidraScript) GeneralStructureEyePatternScan.java> Scanned 220000 functions. Exported so far: 11  
2026-07-14 21:01:27 INFO  (GhidraScript) GeneralStructureEyePatternScan.java> Scanned 230000 functions. Exported so far: 11  
2026-07-14 21:02:48 INFO  (GhidraScript) GeneralStructureEyePatternScan.java> Scanned 240000 functions. Exported so far: 11  
2026-07-14 21:04:45 INFO  (GhidraScript) GeneralStructureEyePatternScan.java> Scanned 250000 functions. Exported so far: 11  
2026-07-14 21:06:29 INFO  (GhidraScript) GeneralStructureEyePatternScan.java> Scanned 260000 functions. Exported so far: 11  
2026-07-14 21:08:11 INFO  (GhidraScript) GeneralStructureEyePatternScan.java> Scanned 270000 functions. Exported so far: 12  
2026-07-14 21:08:36 INFO  (GhidraScript) GeneralStructureEyePatternScan.java> Scanned 280000 functions. Exported so far: 12  
2026-07-14 21:10:01 INFO  (GhidraScript) GeneralStructureEyePatternScan.java> Scanned 290000 functions. Exported so far: 12  
2026-07-14 21:11:34 INFO  (GhidraScript) GeneralStructureEyePatternScan.java> Scanned 300000 functions. Exported so far: 12  
2026-07-14 21:12:53 INFO  (GhidraScript) GeneralStructureEyePatternScan.java> Scanned 310000 functions. Exported so far: 15  
2026-07-14 21:13:26 INFO  (GhidraScript) GeneralStructureEyePatternScan.java> Scanned 320000 functions. Exported so far: 15  
2026-07-14 21:14:24 INFO  (GhidraScript) GeneralStructureEyePatternScan.java> Scanned 330000 functions. Exported so far: 15  
2026-07-14 21:15:26 INFO  (GhidraScript) GeneralStructureEyePatternScan.java> Scanned 340000 functions. Exported so far: 16  
2026-07-14 21:16:28 INFO  (GhidraScript) GeneralStructureEyePatternScan.java> Scanned 350000 functions. Exported so far: 22  
2026-07-14 21:17:23 INFO  (GhidraScript) GeneralStructureEyePatternScan.java> Scanned 360000 functions. Exported so far: 22  
2026-07-14 21:18:18 INFO  (GhidraScript) GeneralStructureEyePatternScan.java> Scanned 370000 functions. Exported so far: 22  
2026-07-14 21:41:50 INFO  (GhidraScript) GeneralStructureEyePatternScan.java> Scanned 380000 functions. Exported so far: 30  
2026-07-14 21:44:40 INFO  (GhidraScript) GeneralStructureEyePatternScan.java> Scanned 390000 functions. Exported so far: 32  
2026-07-14 22:05:28 INFO  (GhidraScript) GeneralStructureEyePatternScan.java> Scanned 400000 functions. Exported so far: 49  
2026-07-14 22:09:52 INFO  (GhidraScript) GeneralStructureEyePatternScan.java> Scanned 410000 functions. Exported so far: 64  
2026-07-14 22:12:07 INFO  (GhidraScript) GeneralStructureEyePatternScan.java> Scanned 420000 functions. Exported so far: 64  
2026-07-14 22:12:44 INFO  (GhidraScript) GeneralStructureEyePatternScan.java> Scanned 430000 functions. Exported so far: 64  
2026-07-14 22:16:56 INFO  (GhidraScript) GeneralStructureEyePatternScan.java> Scanned 440000 functions. Exported so far: 67  
2026-07-14 22:22:06 INFO  (GhidraScript) GeneralStructureEyePatternScan.java> Scanned 450000 functions. Exported so far: 69  
2026-07-14 23:08:33 INFO  (GhidraScript) GeneralStructureEyePatternScan.java> Scanned 460000 functions. Exported so far: 99  
2026-07-14 23:10:14 INFO  (GhidraScript) GeneralStructureEyePatternScan.java> Scanned 470000 functions. Exported so far: 99  
2026-07-14 23:18:26 INFO  (GhidraScript) GeneralStructureEyePatternScan.java> Scanned 480000 functions. Exported so far: 109  
2026-07-14 23:19:34 INFO  (GhidraScript) GeneralStructureEyePatternScan.java> Scanned 490000 functions. Exported so far: 110  
2026-07-14 23:26:12 INFO  (GhidraScript) GeneralStructureEyePatternScan.java> Scanned 500000 functions. Exported so far: 110  
2026-07-14 23:30:25 INFO  (GhidraScript) GeneralStructureEyePatternScan.java> Scanned 510000 functions. Exported so far: 110  
2026-07-14 23:30:27 WARN  (DecompileCallback) Decompiling 04b43000, pcode error at 04b43000: Unable to disassemble EXTERNAL block location: 04b43000  
2026-07-14 23:30:27 WARN  (DecompileCallback) Decompiling 04b43008, pcode error at 04b43008: Unable to disassemble EXTERNAL block location: 04b43008  
2026-07-14 23:30:27 WARN  (DecompileCallback) Decompiling 04b43010, pcode error at 04b43010: Unable to disassemble EXTERNAL block location: 04b43010  
2026-07-14 23:30:27 WARN  (DecompileCallback) Decompiling 04b43018, pcode error at 04b43018: Unable to disassemble EXTERNAL block location: 04b43018  
2026-07-14 23:30:27 WARN  (DecompileCallback) Decompiling 04b43020, pcode error at 04b43020: Unable to disassemble EXTERNAL block location: 04b43020  
2026-07-14 23:30:27 WARN  (DecompileCallback) Decompiling 04b43028, pcode error at 04b43028: Unable to disassemble EXTERNAL block location: 04b43028  
2026-07-14 23:30:27 WARN  (DecompileCallback) Decompiling 04b43030, pcode error at 04b43030: Unable to disassemble EXTERNAL block location: 04b43030  
2026-07-14 23:30:27 WARN  (DecompileCallback) Decompiling 04b43038, pcode error at 04b43038: Unable to disassemble EXTERNAL block location: 04b43038  
2026-07-14 23:30:27 WARN  (DecompileCallback) Decompiling 04b43040, pcode error at 04b43040: Unable to disassemble EXTERNAL block location: 04b43040  
2026-07-14 23:30:27 WARN  (DecompileCallback) Decompiling 04b43048, pcode error at 04b43048: Unable to disassemble EXTERNAL block location: 04b43048  
2026-07-14 23:30:27 WARN  (DecompileCallback) Decompiling 04b43050, pcode error at 04b43050: Unable to disassemble EXTERNAL block location: 04b43050  
2026-07-14 23:30:27 WARN  (DecompileCallback) Decompiling 04b43058, pcode error at 04b43058: Unable to disassemble EXTERNAL block location: 04b43058  
2026-07-14 23:30:27 WARN  (DecompileCallback) Decompiling 04b43060, pcode error at 04b43060: Unable to disassemble EXTERNAL block location: 04b43060  
2026-07-14 23:30:27 WARN  (DecompileCallback) Decompiling 04b43068, pcode error at 04b43068: Unable to disassemble EXTERNAL block location: 04b43068  
2026-07-14 23:30:27 WARN  (DecompileCallback) Decompiling 04b43070, pcode error at 04b43070: Unable to disassemble EXTERNAL block location: 04b43070  
2026-07-14 23:30:27 WARN  (DecompileCallback) Decompiling 04b43078, pcode error at 04b43078: Unable to disassemble EXTERNAL block location: 04b43078  
2026-07-14 23:30:27 WARN  (DecompileCallback) Decompiling 04b43080, pcode error at 04b43080: Unable to disassemble EXTERNAL block location: 04b43080  
2026-07-14 23:30:27 WARN  (DecompileCallback) Decompiling 04b43088, pcode error at 04b43088: Unable to disassemble EXTERNAL block location: 04b43088  
2026-07-14 23:30:27 WARN  (DecompileCallback) Decompiling 04b43090, pcode error at 04b43090: Unable to disassemble EXTERNAL block location: 04b43090  
2026-07-14 23:30:27 WARN  (DecompileCallback) Decompiling 04b43098, pcode error at 04b43098: Unable to disassemble EXTERNAL block location: 04b43098  
2026-07-14 23:30:27 WARN  (DecompileCallback) Decompiling 04b430a0, pcode error at 04b430a0: Unable to disassemble EXTERNAL block location: 04b430a0  
2026-07-14 23:30:27 WARN  (DecompileCallback) Decompiling 04b430a8, pcode error at 04b430a8: Unable to disassemble EXTERNAL block location: 04b430a8  
2026-07-14 23:30:27 WARN  (DecompileCallback) Decompiling 04b430b0, pcode error at 04b430b0: Unable to disassemble EXTERNAL block location: 04b430b0  
2026-07-14 23:30:27 WARN  (DecompileCallback) Decompiling 04b430b8, pcode error at 04b430b8: Unable to disassemble EXTERNAL block location: 04b430b8  
2026-07-14 23:30:27 WARN  (DecompileCallback) Decompiling 04b430c0, pcode error at 04b430c0: Unable to disassemble EXTERNAL block location: 04b430c0  
2026-07-14 23:30:27 WARN  (DecompileCallback) Decompiling 04b430c8, pcode error at 04b430c8: Unable to disassemble EXTERNAL block location: 04b430c8  
2026-07-14 23:30:27 WARN  (DecompileCallback) Decompiling 04b430d0, pcode error at 04b430d0: Unable to disassemble EXTERNAL block location: 04b430d0  
2026-07-14 23:30:27 WARN  (DecompileCallback) Decompiling 04b430d8, pcode error at 04b430d8: Unable to disassemble EXTERNAL block location: 04b430d8  
2026-07-14 23:30:27 WARN  (DecompileCallback) Decompiling 04b430e0, pcode error at 04b430e0: Unable to disassemble EXTERNAL block location: 04b430e0  
2026-07-14 23:30:27 WARN  (DecompileCallback) Decompiling 04b430e8, pcode error at 04b430e8: Unable to disassemble EXTERNAL block location: 04b430e8  
2026-07-14 23:30:27 WARN  (DecompileCallback) Decompiling 04b430f0, pcode error at 04b430f0: Unable to disassemble EXTERNAL block location: 04b430f0  
2026-07-14 23:30:27 WARN  (DecompileCallback) Decompiling 04b430f8, pcode error at 04b430f8: Unable to disassemble EXTERNAL block location: 04b430f8  
2026-07-14 23:30:27 WARN  (DecompileCallback) Decompiling 04b43100, pcode error at 04b43100: Unable to disassemble EXTERNAL block location: 04b43100  
2026-07-14 23:30:27 WARN  (DecompileCallback) Decompiling 04b43108, pcode error at 04b43108: Unable to disassemble EXTERNAL block location: 04b43108  
2026-07-14 23:30:27 WARN  (DecompileCallback) Decompiling 04b43110, pcode error at 04b43110: Unable to disassemble EXTERNAL block location: 04b43110  
2026-07-14 23:30:27 WARN  (DecompileCallback) Decompiling 04b43118, pcode error at 04b43118: Unable to disassemble EXTERNAL block location: 04b43118  
2026-07-14 23:30:27 WARN  (DecompileCallback) Decompiling 04b43120, pcode error at 04b43120: Unable to disassemble EXTERNAL block location: 04b43120  
2026-07-14 23:30:27 WARN  (DecompileCallback) Decompiling 04b43128, pcode error at 04b43128: Unable to disassemble EXTERNAL block location: 04b43128  
2026-07-14 23:30:27 WARN  (DecompileCallback) Decompiling 04b43130, pcode error at 04b43130: Unable to disassemble EXTERNAL block location: 04b43130  
2026-07-14 23:30:27 WARN  (DecompileCallback) Decompiling 04b43138, pcode error at 04b43138: Unable to disassemble EXTERNAL block location: 04b43138  
2026-07-14 23:30:27 WARN  (DecompileCallback) Decompiling 04b43140, pcode error at 04b43140: Unable to disassemble EXTERNAL block location: 04b43140  
2026-07-14 23:30:27 WARN  (DecompileCallback) Decompiling 04b43148, pcode error at 04b43148: Unable to disassemble EXTERNAL block location: 04b43148  
2026-07-14 23:30:27 WARN  (DecompileCallback) Decompiling 04b43158, pcode error at 04b43158: Unable to disassemble EXTERNAL block location: 04b43158  
2026-07-14 23:30:27 WARN  (DecompileCallback) Decompiling 04b43160, pcode error at 04b43160: Unable to disassemble EXTERNAL block location: 04b43160  
2026-07-14 23:30:27 WARN  (DecompileCallback) Decompiling 04b43168, pcode error at 04b43168: Unable to disassemble EXTERNAL block location: 04b43168  
2026-07-14 23:30:27 WARN  (DecompileCallback) Decompiling 04b43170, pcode error at 04b43170: Unable to disassemble EXTERNAL block location: 04b43170  
2026-07-14 23:30:27 WARN  (DecompileCallback) Decompiling 04b43178, pcode error at 04b43178: Unable to disassemble EXTERNAL block location: 04b43178  
2026-07-14 23:30:27 WARN  (DecompileCallback) Decompiling 04b43180, pcode error at 04b43180: Unable to disassemble EXTERNAL block location: 04b43180  
2026-07-14 23:30:27 WARN  (DecompileCallback) Decompiling 04b43188, pcode error at 04b43188: Unable to disassemble EXTERNAL block location: 04b43188  
2026-07-14 23:30:27 WARN  (DecompileCallback) Decompiling 04b43190, pcode error at 04b43190: Unable to disassemble EXTERNAL block location: 04b43190  
2026-07-14 23:30:27 WARN  (DecompileCallback) Decompiling 04b43198, pcode error at 04b43198: Unable to disassemble EXTERNAL block location: 04b43198  
2026-07-14 23:30:27 WARN  (DecompileCallback) Decompiling 04b431a0, pcode error at 04b431a0: Unable to disassemble EXTERNAL block location: 04b431a0  
2026-07-14 23:30:27 WARN  (DecompileCallback) Decompiling 04b431a8, pcode error at 04b431a8: Unable to disassemble EXTERNAL block location: 04b431a8  
2026-07-14 23:30:27 WARN  (DecompileCallback) Decompiling 04b431b0, pcode error at 04b431b0: Unable to disassemble EXTERNAL block location: 04b431b0  
2026-07-14 23:30:27 WARN  (DecompileCallback) Decompiling 04b431b8, pcode error at 04b431b8: Unable to disassemble EXTERNAL block location: 04b431b8  
2026-07-14 23:30:27 WARN  (DecompileCallback) Decompiling 04b431c0, pcode error at 04b431c0: Unable to disassemble EXTERNAL block location: 04b431c0  
2026-07-14 23:30:27 WARN  (DecompileCallback) Decompiling 04b431c8, pcode error at 04b431c8: Unable to disassemble EXTERNAL block location: 04b431c8  
2026-07-14 23:30:27 WARN  (DecompileCallback) Decompiling 04b431d0, pcode error at 04b431d0: Unable to disassemble EXTERNAL block location: 04b431d0  
2026-07-14 23:30:27 WARN  (DecompileCallback) Decompiling 04b431d8, pcode error at 04b431d8: Unable to disassemble EXTERNAL block location: 04b431d8  
2026-07-14 23:30:27 WARN  (DecompileCallback) Decompiling 04b431e0, pcode error at 04b431e0: Unable to disassemble EXTERNAL block location: 04b431e0  
2026-07-14 23:30:27 WARN  (DecompileCallback) Decompiling 04b431e8, pcode error at 04b431e8: Unable to disassemble EXTERNAL block location: 04b431e8  
2026-07-14 23:30:27 WARN  (DecompileCallback) Decompiling 04b431f0, pcode error at 04b431f0: Unable to disassemble EXTERNAL block location: 04b431f0  
2026-07-14 23:30:27 WARN  (DecompileCallback) Decompiling 04b431f8, pcode error at 04b431f8: Unable to disassemble EXTERNAL block location: 04b431f8  
2026-07-14 23:30:27 WARN  (DecompileCallback) Decompiling 04b43200, pcode error at 04b43200: Unable to disassemble EXTERNAL block location: 04b43200  
2026-07-14 23:30:27 WARN  (DecompileCallback) Decompiling 04b43208, pcode error at 04b43208: Unable to disassemble EXTERNAL block location: 04b43208  
2026-07-14 23:30:27 WARN  (DecompileCallback) Decompiling 04b43210, pcode error at 04b43210: Unable to disassemble EXTERNAL block location: 04b43210  
2026-07-14 23:30:27 WARN  (DecompileCallback) Decompiling 04b43218, pcode error at 04b43218: Unable to disassemble EXTERNAL block location: 04b43218  
2026-07-14 23:30:27 WARN  (DecompileCallback) Decompiling 04b43220, pcode error at 04b43220: Unable to disassemble EXTERNAL block location: 04b43220  
2026-07-14 23:30:27 WARN  (DecompileCallback) Decompiling 04b43228, pcode error at 04b43228: Unable to disassemble EXTERNAL block location: 04b43228  
2026-07-14 23:30:27 WARN  (DecompileCallback) Decompiling 04b43230, pcode error at 04b43230: Unable to disassemble EXTERNAL block location: 04b43230  
2026-07-14 23:30:27 WARN  (DecompileCallback) Decompiling 04b43238, pcode error at 04b43238: Unable to disassemble EXTERNAL block location: 04b43238  
2026-07-14 23:30:27 WARN  (DecompileCallback) Decompiling 04b43240, pcode error at 04b43240: Unable to disassemble EXTERNAL block location: 04b43240  
2026-07-14 23:30:27 WARN  (DecompileCallback) Decompiling 04b43248, pcode error at 04b43248: Unable to disassemble EXTERNAL block location: 04b43248  
2026-07-14 23:30:27 WARN  (DecompileCallback) Decompiling 04b43250, pcode error at 04b43250: Unable to disassemble EXTERNAL block location: 04b43250  
2026-07-14 23:30:27 WARN  (DecompileCallback) Decompiling 04b43258, pcode error at 04b43258: Unable to disassemble EXTERNAL block location: 04b43258  
2026-07-14 23:30:27 WARN  (DecompileCallback) Decompiling 04b43260, pcode error at 04b43260: Unable to disassemble EXTERNAL block location: 04b43260  
2026-07-14 23:30:27 WARN  (DecompileCallback) Decompiling 04b43268, pcode error at 04b43268: Unable to disassemble EXTERNAL block location: 04b43268  
2026-07-14 23:30:27 WARN  (DecompileCallback) Decompiling 04b43270, pcode error at 04b43270: Unable to disassemble EXTERNAL block location: 04b43270  
2026-07-14 23:30:27 WARN  (DecompileCallback) Decompiling 04b43278, pcode error at 04b43278: Unable to disassemble EXTERNAL block location: 04b43278  
2026-07-14 23:30:27 WARN  (DecompileCallback) Decompiling 04b43280, pcode error at 04b43280: Unable to disassemble EXTERNAL block location: 04b43280  
2026-07-14 23:30:27 WARN  (DecompileCallback) Decompiling 04b43288, pcode error at 04b43288: Unable to disassemble EXTERNAL block location: 04b43288  
2026-07-14 23:30:27 WARN  (DecompileCallback) Decompiling 04b43290, pcode error at 04b43290: Unable to disassemble EXTERNAL block location: 04b43290  
2026-07-14 23:30:27 WARN  (DecompileCallback) Decompiling 04b43298, pcode error at 04b43298: Unable to disassemble EXTERNAL block location: 04b43298  
2026-07-14 23:30:27 WARN  (DecompileCallback) Decompiling 04b432a0, pcode error at 04b432a0: Unable to disassemble EXTERNAL block location: 04b432a0  
2026-07-14 23:30:27 WARN  (DecompileCallback) Decompiling 04b432a8, pcode error at 04b432a8: Unable to disassemble EXTERNAL block location: 04b432a8  
2026-07-14 23:30:27 WARN  (DecompileCallback) Decompiling 04b432b0, pcode error at 04b432b0: Unable to disassemble EXTERNAL block location: 04b432b0  
2026-07-14 23:30:27 WARN  (DecompileCallback) Decompiling 04b432b8, pcode error at 04b432b8: Unable to disassemble EXTERNAL block location: 04b432b8  
2026-07-14 23:30:27 WARN  (DecompileCallback) Decompiling 04b432c0, pcode error at 04b432c0: Unable to disassemble EXTERNAL block location: 04b432c0  
2026-07-14 23:30:27 WARN  (DecompileCallback) Decompiling 04b432c8, pcode error at 04b432c8: Unable to disassemble EXTERNAL block location: 04b432c8  
2026-07-14 23:30:27 WARN  (DecompileCallback) Decompiling 04b432d0, pcode error at 04b432d0: Unable to disassemble EXTERNAL block location: 04b432d0  
2026-07-14 23:30:27 WARN  (DecompileCallback) Decompiling 04b432d8, pcode error at 04b432d8: Unable to disassemble EXTERNAL block location: 04b432d8  
2026-07-14 23:30:27 WARN  (DecompileCallback) Decompiling 04b432e0, pcode error at 04b432e0: Unable to disassemble EXTERNAL block location: 04b432e0  
2026-07-14 23:30:27 WARN  (DecompileCallback) Decompiling 04b432e8, pcode error at 04b432e8: Unable to disassemble EXTERNAL block location: 04b432e8  
2026-07-14 23:30:27 WARN  (DecompileCallback) Decompiling 04b432f0, pcode error at 04b432f0: Unable to disassemble EXTERNAL block location: 04b432f0  
2026-07-14 23:30:27 WARN  (DecompileCallback) Decompiling 04b432f8, pcode error at 04b432f8: Unable to disassemble EXTERNAL block location: 04b432f8  
2026-07-14 23:30:27 WARN  (DecompileCallback) Decompiling 04b43300, pcode error at 04b43300: Unable to disassemble EXTERNAL block location: 04b43300  
2026-07-14 23:30:27 WARN  (DecompileCallback) Decompiling 04b43308, pcode error at 04b43308: Unable to disassemble EXTERNAL block location: 04b43308  
2026-07-14 23:30:27 WARN  (DecompileCallback) Decompiling 04b43310, pcode error at 04b43310: Unable to disassemble EXTERNAL block location: 04b43310  
2026-07-14 23:30:27 WARN  (DecompileCallback) Decompiling 04b43318, pcode error at 04b43318: Unable to disassemble EXTERNAL block location: 04b43318  
2026-07-14 23:30:27 WARN  (DecompileCallback) Decompiling 04b43320, pcode error at 04b43320: Unable to disassemble EXTERNAL block location: 04b43320  
2026-07-14 23:30:27 WARN  (DecompileCallback) Decompiling 04b43328, pcode error at 04b43328: Unable to disassemble EXTERNAL block location: 04b43328  
2026-07-14 23:30:27 WARN  (DecompileCallback) Decompiling 04b43330, pcode error at 04b43330: Unable to disassemble EXTERNAL block location: 04b43330  
2026-07-14 23:30:27 WARN  (DecompileCallback) Decompiling 04b43338, pcode error at 04b43338: Unable to disassemble EXTERNAL block location: 04b43338  
2026-07-14 23:30:27 WARN  (DecompileCallback) Decompiling 04b43340, pcode error at 04b43340: Unable to disassemble EXTERNAL block location: 04b43340  
2026-07-14 23:30:27 WARN  (DecompileCallback) Decompiling 04b43348, pcode error at 04b43348: Unable to disassemble EXTERNAL block location: 04b43348  
2026-07-14 23:30:27 WARN  (DecompileCallback) Decompiling 04b43350, pcode error at 04b43350: Unable to disassemble EXTERNAL block location: 04b43350  
2026-07-14 23:30:27 WARN  (DecompileCallback) Decompiling 04b43358, pcode error at 04b43358: Unable to disassemble EXTERNAL block location: 04b43358  
2026-07-14 23:30:27 WARN  (DecompileCallback) Decompiling 04b43360, pcode error at 04b43360: Unable to disassemble EXTERNAL block location: 04b43360  
2026-07-14 23:30:27 WARN  (DecompileCallback) Decompiling 04b43368, pcode error at 04b43368: Unable to disassemble EXTERNAL block location: 04b43368  
2026-07-14 23:30:27 WARN  (DecompileCallback) Decompiling 04b43370, pcode error at 04b43370: Unable to disassemble EXTERNAL block location: 04b43370  
2026-07-14 23:30:27 WARN  (DecompileCallback) Decompiling 04b43378, pcode error at 04b43378: Unable to disassemble EXTERNAL block location: 04b43378  
2026-07-14 23:30:27 WARN  (DecompileCallback) Decompiling 04b43380, pcode error at 04b43380: Unable to disassemble EXTERNAL block location: 04b43380  
2026-07-14 23:30:27 WARN  (DecompileCallback) Decompiling 04b43388, pcode error at 04b43388: Unable to disassemble EXTERNAL block location: 04b43388  
2026-07-14 23:30:27 WARN  (DecompileCallback) Decompiling 04b43390, pcode error at 04b43390: Unable to disassemble EXTERNAL block location: 04b43390  
2026-07-14 23:30:27 WARN  (DecompileCallback) Decompiling 04b43398, pcode error at 04b43398: Unable to disassemble EXTERNAL block location: 04b43398  
2026-07-14 23:30:27 WARN  (DecompileCallback) Decompiling 04b433a0, pcode error at 04b433a0: Unable to disassemble EXTERNAL block location: 04b433a0  
2026-07-14 23:30:27 WARN  (DecompileCallback) Decompiling 04b433a8, pcode error at 04b433a8: Unable to disassemble EXTERNAL block location: 04b433a8  
2026-07-14 23:30:27 WARN  (DecompileCallback) Decompiling 04b433b0, pcode error at 04b433b0: Unable to disassemble EXTERNAL block location: 04b433b0  
2026-07-14 23:30:27 WARN  (DecompileCallback) Decompiling 04b433b8, pcode error at 04b433b8: Unable to disassemble EXTERNAL block location: 04b433b8  
2026-07-14 23:30:27 WARN  (DecompileCallback) Decompiling 04b433c0, pcode error at 04b433c0: Unable to disassemble EXTERNAL block location: 04b433c0  
2026-07-14 23:30:27 WARN  (DecompileCallback) Decompiling 04b433c8, pcode error at 04b433c8: Unable to disassemble EXTERNAL block location: 04b433c8  
2026-07-14 23:30:27 WARN  (DecompileCallback) Decompiling 04b433d0, pcode error at 04b433d0: Unable to disassemble EXTERNAL block location: 04b433d0  
2026-07-14 23:30:27 WARN  (DecompileCallback) Decompiling 04b433d8, pcode error at 04b433d8: Unable to disassemble EXTERNAL block location: 04b433d8  
2026-07-14 23:30:27 WARN  (DecompileCallback) Decompiling 04b433e0, pcode error at 04b433e0: Unable to disassemble EXTERNAL block location: 04b433e0  
2026-07-14 23:30:27 WARN  (DecompileCallback) Decompiling 04b433e8, pcode error at 04b433e8: Unable to disassemble EXTERNAL block location: 04b433e8  
2026-07-14 23:30:27 WARN  (DecompileCallback) Decompiling 04b433f0, pcode error at 04b433f0: Unable to disassemble EXTERNAL block location: 04b433f0  
2026-07-14 23:30:27 WARN  (DecompileCallback) Decompiling 04b433f8, pcode error at 04b433f8: Unable to disassemble EXTERNAL block location: 04b433f8  
2026-07-14 23:30:27 WARN  (DecompileCallback) Decompiling 04b43400, pcode error at 04b43400: Unable to disassemble EXTERNAL block location: 04b43400  
2026-07-14 23:30:27 WARN  (DecompileCallback) Decompiling 04b43408, pcode error at 04b43408: Unable to disassemble EXTERNAL block location: 04b43408  
2026-07-14 23:30:27 WARN  (DecompileCallback) Decompiling 04b43410, pcode error at 04b43410: Unable to disassemble EXTERNAL block location: 04b43410  
2026-07-14 23:30:27 WARN  (DecompileCallback) Decompiling 04b43418, pcode error at 04b43418: Unable to disassemble EXTERNAL block location: 04b43418  
2026-07-14 23:30:27 WARN  (DecompileCallback) Decompiling 04b43420, pcode error at 04b43420: Unable to disassemble EXTERNAL block location: 04b43420  
2026-07-14 23:30:27 WARN  (DecompileCallback) Decompiling 04b43428, pcode error at 04b43428: Unable to disassemble EXTERNAL block location: 04b43428  
2026-07-14 23:30:27 WARN  (DecompileCallback) Decompiling 04b43430, pcode error at 04b43430: Unable to disassemble EXTERNAL block location: 04b43430  
2026-07-14 23:30:27 WARN  (DecompileCallback) Decompiling 04b43438, pcode error at 04b43438: Unable to disassemble EXTERNAL block location: 04b43438  
2026-07-14 23:30:27 WARN  (DecompileCallback) Decompiling 04b43440, pcode error at 04b43440: Unable to disassemble EXTERNAL block location: 04b43440  
2026-07-14 23:30:27 WARN  (DecompileCallback) Decompiling 04b43448, pcode error at 04b43448: Unable to disassemble EXTERNAL block location: 04b43448  
2026-07-14 23:30:27 WARN  (DecompileCallback) Decompiling 04b43450, pcode error at 04b43450: Unable to disassemble EXTERNAL block location: 04b43450  
2026-07-14 23:30:27 WARN  (DecompileCallback) Decompiling 04b43458, pcode error at 04b43458: Unable to disassemble EXTERNAL block location: 04b43458  
2026-07-14 23:30:27 WARN  (DecompileCallback) Decompiling 04b43460, pcode error at 04b43460: Unable to disassemble EXTERNAL block location: 04b43460  
2026-07-14 23:30:27 WARN  (DecompileCallback) Decompiling 04b43468, pcode error at 04b43468: Unable to disassemble EXTERNAL block location: 04b43468  
2026-07-14 23:30:27 WARN  (DecompileCallback) Decompiling 04b43470, pcode error at 04b43470: Unable to disassemble EXTERNAL block location: 04b43470  
2026-07-14 23:30:27 WARN  (DecompileCallback) Decompiling 04b43478, pcode error at 04b43478: Unable to disassemble EXTERNAL block location: 04b43478  
2026-07-14 23:30:27 WARN  (DecompileCallback) Decompiling 04b43480, pcode error at 04b43480: Unable to disassemble EXTERNAL block location: 04b43480  
2026-07-14 23:30:27 WARN  (DecompileCallback) Decompiling 04b43488, pcode error at 04b43488: Unable to disassemble EXTERNAL block location: 04b43488  
2026-07-14 23:30:27 WARN  (DecompileCallback) Decompiling 04b43490, pcode error at 04b43490: Unable to disassemble EXTERNAL block location: 04b43490  
2026-07-14 23:30:27 WARN  (DecompileCallback) Decompiling 04b43498, pcode error at 04b43498: Unable to disassemble EXTERNAL block location: 04b43498  
2026-07-14 23:30:27 WARN  (DecompileCallback) Decompiling 04b434a0, pcode error at 04b434a0: Unable to disassemble EXTERNAL block location: 04b434a0  
2026-07-14 23:30:27 WARN  (DecompileCallback) Decompiling 04b434a8, pcode error at 04b434a8: Unable to disassemble EXTERNAL block location: 04b434a8  
2026-07-14 23:30:27 WARN  (DecompileCallback) Decompiling 04b434b0, pcode error at 04b434b0: Unable to disassemble EXTERNAL block location: 04b434b0  
2026-07-14 23:30:27 WARN  (DecompileCallback) Decompiling 04b434b8, pcode error at 04b434b8: Unable to disassemble EXTERNAL block location: 04b434b8  
2026-07-14 23:30:27 WARN  (DecompileCallback) Decompiling 04b434c0, pcode error at 04b434c0: Unable to disassemble EXTERNAL block location: 04b434c0  
2026-07-14 23:30:27 WARN  (DecompileCallback) Decompiling 04b434c8, pcode error at 04b434c8: Unable to disassemble EXTERNAL block location: 04b434c8  
2026-07-14 23:30:27 WARN  (DecompileCallback) Decompiling 04b434d0, pcode error at 04b434d0: Unable to disassemble EXTERNAL block location: 04b434d0  
2026-07-14 23:30:27 WARN  (DecompileCallback) Decompiling 04b434d8, pcode error at 04b434d8: Unable to disassemble EXTERNAL block location: 04b434d8  
2026-07-14 23:30:27 WARN  (DecompileCallback) Decompiling 04b434e0, pcode error at 04b434e0: Unable to disassemble EXTERNAL block location: 04b434e0  
2026-07-14 23:30:27 WARN  (DecompileCallback) Decompiling 04b434e8, pcode error at 04b434e8: Unable to disassemble EXTERNAL block location: 04b434e8  
2026-07-14 23:30:27 WARN  (DecompileCallback) Decompiling 04b434f0, pcode error at 04b434f0: Unable to disassemble EXTERNAL block location: 04b434f0  
2026-07-14 23:30:27 WARN  (DecompileCallback) Decompiling 04b434f8, pcode error at 04b434f8: Unable to disassemble EXTERNAL block location: 04b434f8  
2026-07-14 23:30:27 WARN  (DecompileCallback) Decompiling 04b43500, pcode error at 04b43500: Unable to disassemble EXTERNAL block location: 04b43500  
2026-07-14 23:30:27 WARN  (DecompileCallback) Decompiling 04b43508, pcode error at 04b43508: Unable to disassemble EXTERNAL block location: 04b43508  
2026-07-14 23:30:27 WARN  (DecompileCallback) Decompiling 04b43510, pcode error at 04b43510: Unable to disassemble EXTERNAL block location: 04b43510  
2026-07-14 23:30:27 WARN  (DecompileCallback) Decompiling 04b43518, pcode error at 04b43518: Unable to disassemble EXTERNAL block location: 04b43518  
2026-07-14 23:30:27 WARN  (DecompileCallback) Decompiling 04b43520, pcode error at 04b43520: Unable to disassemble EXTERNAL block location: 04b43520  
2026-07-14 23:30:27 WARN  (DecompileCallback) Decompiling 04b43528, pcode error at 04b43528: Unable to disassemble EXTERNAL block location: 04b43528  
2026-07-14 23:30:27 WARN  (DecompileCallback) Decompiling 04b43530, pcode error at 04b43530: Unable to disassemble EXTERNAL block location: 04b43530  
2026-07-14 23:30:27 WARN  (DecompileCallback) Decompiling 04b43538, pcode error at 04b43538: Unable to disassemble EXTERNAL block location: 04b43538  
2026-07-14 23:30:27 WARN  (DecompileCallback) Decompiling 04b43540, pcode error at 04b43540: Unable to disassemble EXTERNAL block location: 04b43540  
2026-07-14 23:30:27 WARN  (DecompileCallback) Decompiling 04b43548, pcode error at 04b43548: Unable to disassemble EXTERNAL block location: 04b43548  
2026-07-14 23:30:27 WARN  (DecompileCallback) Decompiling 04b43550, pcode error at 04b43550: Unable to disassemble EXTERNAL block location: 04b43550  
2026-07-14 23:30:27 WARN  (DecompileCallback) Decompiling 04b43558, pcode error at 04b43558: Unable to disassemble EXTERNAL block location: 04b43558  
2026-07-14 23:30:27 WARN  (DecompileCallback) Decompiling 04b43560, pcode error at 04b43560: Unable to disassemble EXTERNAL block location: 04b43560  
2026-07-14 23:30:27 WARN  (DecompileCallback) Decompiling 04b43568, pcode error at 04b43568: Unable to disassemble EXTERNAL block location: 04b43568  
2026-07-14 23:30:27 WARN  (DecompileCallback) Decompiling 04b43570, pcode error at 04b43570: Unable to disassemble EXTERNAL block location: 04b43570  
2026-07-14 23:30:27 WARN  (DecompileCallback) Decompiling 04b43578, pcode error at 04b43578: Unable to disassemble EXTERNAL block location: 04b43578  
2026-07-14 23:30:27 WARN  (DecompileCallback) Decompiling 04b43580, pcode error at 04b43580: Unable to disassemble EXTERNAL block location: 04b43580  
2026-07-14 23:30:27 WARN  (DecompileCallback) Decompiling 04b43588, pcode error at 04b43588: Unable to disassemble EXTERNAL block location: 04b43588  
2026-07-14 23:30:27 WARN  (DecompileCallback) Decompiling 04b43590, pcode error at 04b43590: Unable to disassemble EXTERNAL block location: 04b43590  
2026-07-14 23:30:27 WARN  (DecompileCallback) Decompiling 04b43598, pcode error at 04b43598: Unable to disassemble EXTERNAL block location: 04b43598  
2026-07-14 23:30:27 WARN  (DecompileCallback) Decompiling 04b435a0, pcode error at 04b435a0: Unable to disassemble EXTERNAL block location: 04b435a0  
2026-07-14 23:30:27 WARN  (DecompileCallback) Decompiling 04b435a8, pcode error at 04b435a8: Unable to disassemble EXTERNAL block location: 04b435a8  
2026-07-14 23:30:27 WARN  (DecompileCallback) Decompiling 04b435b0, pcode error at 04b435b0: Unable to disassemble EXTERNAL block location: 04b435b0  
2026-07-14 23:30:27 WARN  (DecompileCallback) Decompiling 04b435b8, pcode error at 04b435b8: Unable to disassemble EXTERNAL block location: 04b435b8  
2026-07-14 23:30:27 WARN  (DecompileCallback) Decompiling 04b435c0, pcode error at 04b435c0: Unable to disassemble EXTERNAL block location: 04b435c0  
2026-07-14 23:30:27 WARN  (DecompileCallback) Decompiling 04b435c8, pcode error at 04b435c8: Unable to disassemble EXTERNAL block location: 04b435c8  
2026-07-14 23:30:27 WARN  (DecompileCallback) Decompiling 04b435d0, pcode error at 04b435d0: Unable to disassemble EXTERNAL block location: 04b435d0  
2026-07-14 23:30:27 WARN  (DecompileCallback) Decompiling 04b435d8, pcode error at 04b435d8: Unable to disassemble EXTERNAL block location: 04b435d8  
2026-07-14 23:30:27 WARN  (DecompileCallback) Decompiling 04b435e0, pcode error at 04b435e0: Unable to disassemble EXTERNAL block location: 04b435e0  
2026-07-14 23:30:27 WARN  (DecompileCallback) Decompiling 04b435e8, pcode error at 04b435e8: Unable to disassemble EXTERNAL block location: 04b435e8  
2026-07-14 23:30:27 WARN  (DecompileCallback) Decompiling 04b435f0, pcode error at 04b435f0: Unable to disassemble EXTERNAL block location: 04b435f0  
2026-07-14 23:30:27 WARN  (DecompileCallback) Decompiling 04b435f8, pcode error at 04b435f8: Unable to disassemble EXTERNAL block location: 04b435f8  
2026-07-14 23:30:27 WARN  (DecompileCallback) Decompiling 04b43600, pcode error at 04b43600: Unable to disassemble EXTERNAL block location: 04b43600  
2026-07-14 23:30:27 WARN  (DecompileCallback) Decompiling 04b43608, pcode error at 04b43608: Unable to disassemble EXTERNAL block location: 04b43608  
2026-07-14 23:30:27 WARN  (DecompileCallback) Decompiling 04b43610, pcode error at 04b43610: Unable to disassemble EXTERNAL block location: 04b43610  
2026-07-14 23:30:27 WARN  (DecompileCallback) Decompiling 04b43618, pcode error at 04b43618: Unable to disassemble EXTERNAL block location: 04b43618  
2026-07-14 23:30:27 WARN  (DecompileCallback) Decompiling 04b43620, pcode error at 04b43620: Unable to disassemble EXTERNAL block location: 04b43620  
2026-07-14 23:30:27 WARN  (DecompileCallback) Decompiling 04b43628, pcode error at 04b43628: Unable to disassemble EXTERNAL block location: 04b43628  
2026-07-14 23:30:27 WARN  (DecompileCallback) Decompiling 04b43630, pcode error at 04b43630: Unable to disassemble EXTERNAL block location: 04b43630  
2026-07-14 23:30:27 WARN  (DecompileCallback) Decompiling 04b43638, pcode error at 04b43638: Unable to disassemble EXTERNAL block location: 04b43638  
2026-07-14 23:30:27 WARN  (DecompileCallback) Decompiling 04b43640, pcode error at 04b43640: Unable to disassemble EXTERNAL block location: 04b43640  
2026-07-14 23:30:27 WARN  (DecompileCallback) Decompiling 04b43648, pcode error at 04b43648: Unable to disassemble EXTERNAL block location: 04b43648  
2026-07-14 23:30:27 WARN  (DecompileCallback) Decompiling 04b43650, pcode error at 04b43650: Unable to disassemble EXTERNAL block location: 04b43650  
2026-07-14 23:30:27 WARN  (DecompileCallback) Decompiling 04b43658, pcode error at 04b43658: Unable to disassemble EXTERNAL block location: 04b43658  
2026-07-14 23:30:27 WARN  (DecompileCallback) Decompiling 04b43660, pcode error at 04b43660: Unable to disassemble EXTERNAL block location: 04b43660  
2026-07-14 23:30:27 WARN  (DecompileCallback) Decompiling 04b43668, pcode error at 04b43668: Unable to disassemble EXTERNAL block location: 04b43668  
2026-07-14 23:30:27 WARN  (DecompileCallback) Decompiling 04b43670, pcode error at 04b43670: Unable to disassemble EXTERNAL block location: 04b43670  
2026-07-14 23:30:27 WARN  (DecompileCallback) Decompiling 04b43678, pcode error at 04b43678: Unable to disassemble EXTERNAL block location: 04b43678  
2026-07-14 23:30:27 WARN  (DecompileCallback) Decompiling 04b43680, pcode error at 04b43680: Unable to disassemble EXTERNAL block location: 04b43680  
2026-07-14 23:30:27 WARN  (DecompileCallback) Decompiling 04b43688, pcode error at 04b43688: Unable to disassemble EXTERNAL block location: 04b43688  
2026-07-14 23:30:27 WARN  (DecompileCallback) Decompiling 04b43690, pcode error at 04b43690: Unable to disassemble EXTERNAL block location: 04b43690  
2026-07-14 23:30:27 WARN  (DecompileCallback) Decompiling 04b43698, pcode error at 04b43698: Unable to disassemble EXTERNAL block location: 04b43698  
2026-07-14 23:30:27 WARN  (DecompileCallback) Decompiling 04b436a0, pcode error at 04b436a0: Unable to disassemble EXTERNAL block location: 04b436a0  
2026-07-14 23:30:27 WARN  (DecompileCallback) Decompiling 04b436a8, pcode error at 04b436a8: Unable to disassemble EXTERNAL block location: 04b436a8  
2026-07-14 23:30:27 WARN  (DecompileCallback) Decompiling 04b436b0, pcode error at 04b436b0: Unable to disassemble EXTERNAL block location: 04b436b0  
2026-07-14 23:30:27 WARN  (DecompileCallback) Decompiling 04b436b8, pcode error at 04b436b8: Unable to disassemble EXTERNAL block location: 04b436b8  
2026-07-14 23:30:27 WARN  (DecompileCallback) Decompiling 04b436c0, pcode error at 04b436c0: Unable to disassemble EXTERNAL block location: 04b436c0  
2026-07-14 23:30:27 WARN  (DecompileCallback) Decompiling 04b436c8, pcode error at 04b436c8: Unable to disassemble EXTERNAL block location: 04b436c8  
2026-07-14 23:30:27 WARN  (DecompileCallback) Decompiling 04b436d0, pcode error at 04b436d0: Unable to disassemble EXTERNAL block location: 04b436d0  
2026-07-14 23:30:27 WARN  (DecompileCallback) Decompiling 04b436d8, pcode error at 04b436d8: Unable to disassemble EXTERNAL block location: 04b436d8  
2026-07-14 23:30:27 WARN  (DecompileCallback) Decompiling 04b436e0, pcode error at 04b436e0: Unable to disassemble EXTERNAL block location: 04b436e0  
2026-07-14 23:30:27 WARN  (DecompileCallback) Decompiling 04b436e8, pcode error at 04b436e8: Unable to disassemble EXTERNAL block location: 04b436e8  
2026-07-14 23:30:27 WARN  (DecompileCallback) Decompiling 04b436f0, pcode error at 04b436f0: Unable to disassemble EXTERNAL block location: 04b436f0  
2026-07-14 23:30:27 WARN  (DecompileCallback) Decompiling 04b436f8, pcode error at 04b436f8: Unable to disassemble EXTERNAL block location: 04b436f8  
2026-07-14 23:30:27 WARN  (DecompileCallback) Decompiling 04b43700, pcode error at 04b43700: Unable to disassemble EXTERNAL block location: 04b43700  
2026-07-14 23:30:27 WARN  (DecompileCallback) Decompiling 04b43708, pcode error at 04b43708: Unable to disassemble EXTERNAL block location: 04b43708  
2026-07-14 23:30:27 WARN  (DecompileCallback) Decompiling 04b43710, pcode error at 04b43710: Unable to disassemble EXTERNAL block location: 04b43710  
2026-07-14 23:30:27 WARN  (DecompileCallback) Decompiling 04b43718, pcode error at 04b43718: Unable to disassemble EXTERNAL block location: 04b43718  
2026-07-14 23:30:27 WARN  (DecompileCallback) Decompiling 04b43720, pcode error at 04b43720: Unable to disassemble EXTERNAL block location: 04b43720  
2026-07-14 23:30:27 WARN  (DecompileCallback) Decompiling 04b43728, pcode error at 04b43728: Unable to disassemble EXTERNAL block location: 04b43728  
2026-07-14 23:30:27 WARN  (DecompileCallback) Decompiling 04b43730, pcode error at 04b43730: Unable to disassemble EXTERNAL block location: 04b43730  
2026-07-14 23:30:27 WARN  (DecompileCallback) Decompiling 04b43738, pcode error at 04b43738: Unable to disassemble EXTERNAL block location: 04b43738  
2026-07-14 23:30:27 WARN  (DecompileCallback) Decompiling 04b43740, pcode error at 04b43740: Unable to disassemble EXTERNAL block location: 04b43740  
2026-07-14 23:30:27 WARN  (DecompileCallback) Decompiling 04b43748, pcode error at 04b43748: Unable to disassemble EXTERNAL block location: 04b43748  
2026-07-14 23:30:27 WARN  (DecompileCallback) Decompiling 04b43750, pcode error at 04b43750: Unable to disassemble EXTERNAL block location: 04b43750  
2026-07-14 23:30:27 WARN  (DecompileCallback) Decompiling 04b43758, pcode error at 04b43758: Unable to disassemble EXTERNAL block location: 04b43758  
2026-07-14 23:30:27 WARN  (DecompileCallback) Decompiling 04b43760, pcode error at 04b43760: Unable to disassemble EXTERNAL block location: 04b43760  
2026-07-14 23:30:27 WARN  (DecompileCallback) Decompiling 04b43768, pcode error at 04b43768: Unable to disassemble EXTERNAL block location: 04b43768  
2026-07-14 23:30:27 WARN  (DecompileCallback) Decompiling 04b43770, pcode error at 04b43770: Unable to disassemble EXTERNAL block location: 04b43770  
2026-07-14 23:30:27 WARN  (DecompileCallback) Decompiling 04b43778, pcode error at 04b43778: Unable to disassemble EXTERNAL block location: 04b43778  
2026-07-14 23:30:27 WARN  (DecompileCallback) Decompiling 04b43780, pcode error at 04b43780: Unable to disassemble EXTERNAL block location: 04b43780  
2026-07-14 23:30:27 WARN  (DecompileCallback) Decompiling 04b43788, pcode error at 04b43788: Unable to disassemble EXTERNAL block location: 04b43788  
2026-07-14 23:30:27 WARN  (DecompileCallback) Decompiling 04b43790, pcode error at 04b43790: Unable to disassemble EXTERNAL block location: 04b43790  
2026-07-14 23:30:27 WARN  (DecompileCallback) Decompiling 04b43798, pcode error at 04b43798: Unable to disassemble EXTERNAL block location: 04b43798  
2026-07-14 23:30:27 WARN  (DecompileCallback) Decompiling 04b437a0, pcode error at 04b437a0: Unable to disassemble EXTERNAL block location: 04b437a0  
2026-07-14 23:30:27 WARN  (DecompileCallback) Decompiling 04b437a8, pcode error at 04b437a8: Unable to disassemble EXTERNAL block location: 04b437a8  
2026-07-14 23:30:27 WARN  (DecompileCallback) Decompiling 04b437b0, pcode error at 04b437b0: Unable to disassemble EXTERNAL block location: 04b437b0  
2026-07-14 23:30:27 WARN  (DecompileCallback) Decompiling 04b437b8, pcode error at 04b437b8: Unable to disassemble EXTERNAL block location: 04b437b8  
2026-07-14 23:30:27 WARN  (DecompileCallback) Decompiling 04b437c0, pcode error at 04b437c0: Unable to disassemble EXTERNAL block location: 04b437c0  
2026-07-14 23:30:27 WARN  (DecompileCallback) Decompiling 04b437c8, pcode error at 04b437c8: Unable to disassemble EXTERNAL block location: 04b437c8  
2026-07-14 23:30:27 WARN  (DecompileCallback) Decompiling 04b437d0, pcode error at 04b437d0: Unable to disassemble EXTERNAL block location: 04b437d0  
2026-07-14 23:30:27 WARN  (DecompileCallback) Decompiling 04b437d8, pcode error at 04b437d8: Unable to disassemble EXTERNAL block location: 04b437d8  
2026-07-14 23:30:27 WARN  (DecompileCallback) Decompiling 04b437e8, pcode error at 04b437e8: Unable to disassemble EXTERNAL block location: 04b437e8  
2026-07-14 23:30:27 WARN  (DecompileCallback) Decompiling 04b437f0, pcode error at 04b437f0: Unable to disassemble EXTERNAL block location: 04b437f0  
2026-07-14 23:30:27 WARN  (DecompileCallback) Decompiling 04b437f8, pcode error at 04b437f8: Unable to disassemble EXTERNAL block location: 04b437f8  
2026-07-14 23:30:27 WARN  (DecompileCallback) Decompiling 04b43800, pcode error at 04b43800: Unable to disassemble EXTERNAL block location: 04b43800  
2026-07-14 23:30:27 WARN  (DecompileCallback) Decompiling 04b43808, pcode error at 04b43808: Unable to disassemble EXTERNAL block location: 04b43808  
2026-07-14 23:30:27 WARN  (DecompileCallback) Decompiling 04b43810, pcode error at 04b43810: Unable to disassemble EXTERNAL block location: 04b43810  
2026-07-14 23:30:27 WARN  (DecompileCallback) Decompiling 04b43818, pcode error at 04b43818: Unable to disassemble EXTERNAL block location: 04b43818  
2026-07-14 23:30:27 WARN  (DecompileCallback) Decompiling 04b43820, pcode error at 04b43820: Unable to disassemble EXTERNAL block location: 04b43820  
2026-07-14 23:30:27 INFO  (GhidraScript) GeneralStructureEyePatternScan.java> General structure scan complete.  
2026-07-14 23:30:27 INFO  (GhidraScript) GeneralStructureEyePatternScan.java> Total functions scanned: 511152  
2026-07-14 23:30:27 INFO  (GhidraScript) GeneralStructureEyePatternScan.java> Exported functions: 110  
2026-07-14 23:30:27 INFO  (GhidraScript) GeneralStructureEyePatternScan.java> Decompile failures: 642  
2026-07-14 23:30:27 INFO  (GhidraScript) GeneralStructureEyePatternScan.java> Report CSV: C:\realDesktop\manifest-evaluations\summer-26\ghidra-pipeline\il2cpp-files\Gorillavs100Men\general-structure-results\structure_scan_report.csv  
2026-07-14 23:30:27 INFO  (GhidraScript) GeneralStructureEyePatternScan.java> Report JSON: C:\realDesktop\manifest-evaluations\summer-26\ghidra-pipeline\il2cpp-files\Gorillavs100Men\general-structure-results\structure_scan_report.json  
2026-07-14 23:30:27 INFO  (HeadlessAnalyzer) REPORT: Save succeeded for processed file: /Gorillavs100Men-libil2cpp.so  
