2026-07-11 20:40:25 INFO  (LoggingInitialization) Using log config file: jar:file:/C:/Users/kimgiordano27/Downloads/ghidra_12.1.2_PUBLIC_20260605/ghidra_12.1.2_PUBLIC/Ghidra/Framework/Generic/lib/Generic.jar!/generic.log4j.xml  
2026-07-11 20:40:25 INFO  (LoggingInitialization) Using log file: C:\realDesktop\manifest-evaluations\summer-26\ghidra-pipeline\il2cpp-files\BoxingMiniGames\general-structure-ghidra.log  
2026-07-11 20:40:25 DEBUG (GhidraObjectInputFilter) Including serial input filter: FileSystem/data/client.rmi.serial.filter  
2026-07-11 20:40:25 INFO  (Preferences) Loading user preferences: C:\Users\kimgiordano27\AppData\Roaming\ghidra\ghidra_12.1.2_PUBLIC\preferences  
2026-07-11 20:40:25 INFO  (ClassSearcher) Searching for classes...  
2026-07-11 20:40:25 INFO  (ClassSearcher) Class search complete (660 ms)  
2026-07-11 20:40:26 INFO  (DefaultSSLContextInitializer) Initializing SSL Context  
2026-07-11 20:40:26 INFO  (SecureRandomFactory) Initializing Random Number Generator...  
2026-07-11 20:40:26 INFO  (SecureRandomFactory) Random Number Generator initialization complete: SHA1PRNG  
2026-07-11 20:40:26 INFO  (DefaultTrustManagerFactory) Trust manager disabled, cacerts have not been set  
2026-07-11 20:40:26 INFO  (AnalyzeHeadless) Headless startup complete (6187 ms)  
2026-07-11 20:40:26 INFO  (ClassSearcher) Class searcher loaded 59 extension points (20 false positives)  
2026-07-11 20:40:26 INFO  (HeadlessAnalyzer) HEADLESS Script Paths:
    C:\Users\kimgiordano27\Downloads\ghidra_12.1.2_PUBLIC_20260605\ghidra_12.1.2_PUBLIC\Ghidra\Features\DecompilerDependent\ghidra_scripts
    C:\Users\kimgiordano27\Downloads\ghidra_12.1.2_PUBLIC_20260605\ghidra_12.1.2_PUBLIC\Ghidra\Processors\Atmel\ghidra_scripts
    C:\Users\kimgiordano27\Downloads\ghidra_12.1.2_PUBLIC_20260605\ghidra_12.1.2_PUBLIC\Ghidra\Processors\PIC\ghidra_scripts
    C:\Users\kimgiordano27\Downloads\ghidra_12.1.2_PUBLIC_20260605\ghidra_12.1.2_PUBLIC\Ghidra\Features\VersionTracking\ghidra_scripts
    C:\Users\kimgiordano27\Downloads\ghidra_12.1.2_PUBLIC_20260605\ghidra_12.1.2_PUBLIC\Ghidra\Features\BytePatterns\ghidra_scripts
    C:\Users\kimgiordano27\ghidra_scripts
    C:\Users\kimgiordano27\Downloads\ghidra_12.1.2_PUBLIC_20260605\ghidra_12.1.2_PUBLIC\Ghidra\Features\BSim\ghidra_scripts
    C:\realDesktop\manifest-evaluations\summer-26\ghidra-pipeline\ghidra-export-scripts
    C:\Users\kimgiordano27\Downloads\ghidra_12.1.2_PUBLIC_20260605\ghidra_12.1.2_PUBLIC\Ghidra\Processors\JVM\ghidra_scripts
    C:\Users\kimgiordano27\Downloads\ghidra_12.1.2_PUBLIC_20260605\ghidra_12.1.2_PUBLIC\Ghidra\Features\Base\ghidra_scripts
    C:\Users\kimgiordano27\Downloads\ghidra_12.1.2_PUBLIC_20260605\ghidra_12.1.2_PUBLIC\Ghidra\Features\SwiftDemangler\ghidra_scripts
    C:\Users\kimgiordano27\Downloads\ghidra_12.1.2_PUBLIC_20260605\ghidra_12.1.2_PUBLIC\Ghidra\Features\WildcardAssembler\ghidra_scripts
    C:\Users\kimgiordano27\Downloads\ghidra_12.1.2_PUBLIC_20260605\ghidra_12.1.2_PUBLIC\Ghidra\Features\FileFormats\ghidra_scripts
    C:\Users\kimgiordano27\Downloads\ghidra_12.1.2_PUBLIC_20260605\ghidra_12.1.2_PUBLIC\Ghidra\Features\Decompiler\ghidra_scripts
    C:\Users\kimgiordano27\Downloads\ghidra_12.1.2_PUBLIC_20260605\ghidra_12.1.2_PUBLIC\Ghidra\Features\SystemEmulation\ghidra_scripts
    C:\Users\kimgiordano27\Downloads\ghidra_12.1.2_PUBLIC_20260605\ghidra_12.1.2_PUBLIC\Ghidra\Processors\8051\ghidra_scripts
    C:\Users\kimgiordano27\Downloads\ghidra_12.1.2_PUBLIC_20260605\ghidra_12.1.2_PUBLIC\Ghidra\Features\GnuDemangler\ghidra_scripts
    C:\Users\kimgiordano27\Downloads\ghidra_12.1.2_PUBLIC_20260605\ghidra_12.1.2_PUBLIC\Ghidra\Debug\Debugger\ghidra_scripts
    C:\Users\kimgiordano27\Downloads\ghidra_12.1.2_PUBLIC_20260605\ghidra_12.1.2_PUBLIC\Ghidra\Processors\DATA\ghidra_scripts
    C:\Users\kimgiordano27\Downloads\ghidra_12.1.2_PUBLIC_20260605\ghidra_12.1.2_PUBLIC\Ghidra\Debug\Debugger-rmi-trace\ghidra_scripts
    C:\Users\kimgiordano27\Downloads\ghidra_12.1.2_PUBLIC_20260605\ghidra_12.1.2_PUBLIC\Ghidra\Features\FunctionID\ghidra_scripts
    C:\Users\kimgiordano27\Downloads\ghidra_12.1.2_PUBLIC_20260605\ghidra_12.1.2_PUBLIC\Ghidra\Features\MicrosoftCodeAnalyzer\ghidra_scripts
    C:\Users\kimgiordano27\Downloads\ghidra_12.1.2_PUBLIC_20260605\ghidra_12.1.2_PUBLIC\Ghidra\Features\PDB\ghidra_scripts
    C:\Users\kimgiordano27\AppData\Roaming\ghidra\ghidra_12.1.2_PUBLIC\Extensions\Jython\ghidra_scripts
    C:\Users\kimgiordano27\Downloads\ghidra_12.1.2_PUBLIC_20260605\ghidra_12.1.2_PUBLIC\Ghidra\Features\PyGhidra\ghidra_scripts  
2026-07-11 20:40:26 INFO  (HeadlessAnalyzer) HEADLESS: execution starts  
2026-07-11 20:40:26 INFO  (HeadlessAnalyzer) Opening existing project: C:\realDesktop\manifest-evaluations\summer-26\ghidra-pipeline\il2cpp-files\BoxingMiniGames\ghidra-project-BoxingMiniGames\BoxingMiniGames  
2026-07-11 20:40:26 INFO  (HeadlessProject) Opening project: C:\realDesktop\manifest-evaluations\summer-26\ghidra-pipeline\il2cpp-files\BoxingMiniGames\ghidra-project-BoxingMiniGames\BoxingMiniGames  
2026-07-11 20:40:26 INFO  (LocalFileSystem) /BoxingMiniGames-libil2cpp.so: checkout (2) granted (kimgiordano27)  
2026-07-11 20:40:32 INFO  (HeadlessAnalyzer) REPORT: Processing project file: /BoxingMiniGames-libil2cpp.so  
2026-07-11 20:40:32 INFO  (HeadlessAnalyzer) REPORT: Execute script: GeneralStructureEyePatternScan.java 'C:\realDesktop\manifest-evaluations\summer-26\ghidra-pipeline\il2cpp-files\BoxingMiniGames\general-structure-results' '70' 'false'   
2026-07-11 20:40:32 INFO  (HeadlessAnalyzer) SCRIPT: C:\realDesktop\manifest-evaluations\summer-26\ghidra-pipeline\ghidra-export-scripts\GeneralStructureEyePatternScan.java  
2026-07-11 20:40:32 INFO  (GhidraScript) GeneralStructureEyePatternScan.java> General structure scan starting...  
2026-07-11 20:40:32 INFO  (GhidraScript) GeneralStructureEyePatternScan.java> Output: C:\realDesktop\manifest-evaluations\summer-26\ghidra-pipeline\il2cpp-files\BoxingMiniGames\general-structure-results  
2026-07-11 20:40:32 INFO  (GhidraScript) GeneralStructureEyePatternScan.java> Minimum review score: 70  
2026-07-11 20:40:32 INFO  (GhidraScript) GeneralStructureEyePatternScan.java> Export all: false  
2026-07-11 20:40:50 INFO  (GhidraScript) GeneralStructureEyePatternScan.java> Scanned 10000 functions. Exported so far: 0  
2026-07-11 20:40:58 INFO  (GhidraScript) GeneralStructureEyePatternScan.java> Scanned 20000 functions. Exported so far: 0  
2026-07-11 20:41:12 INFO  (GhidraScript) GeneralStructureEyePatternScan.java> Scanned 30000 functions. Exported so far: 0  
2026-07-11 20:41:28 INFO  (GhidraScript) GeneralStructureEyePatternScan.java> Scanned 40000 functions. Exported so far: 0  
2026-07-11 20:41:49 INFO  (GhidraScript) GeneralStructureEyePatternScan.java> Scanned 50000 functions. Exported so far: 0  
2026-07-11 20:42:00 INFO  (GhidraScript) GeneralStructureEyePatternScan.java> Scanned 60000 functions. Exported so far: 0  
2026-07-11 20:42:27 INFO  (GhidraScript) GeneralStructureEyePatternScan.java> Scanned 70000 functions. Exported so far: 0  
2026-07-11 20:42:48 INFO  (GhidraScript) GeneralStructureEyePatternScan.java> Scanned 80000 functions. Exported so far: 0  
2026-07-11 20:43:07 INFO  (GhidraScript) GeneralStructureEyePatternScan.java> Scanned 90000 functions. Exported so far: 0  
2026-07-11 20:43:24 INFO  (GhidraScript) GeneralStructureEyePatternScan.java> Scanned 100000 functions. Exported so far: 0  
2026-07-11 20:43:41 INFO  (GhidraScript) GeneralStructureEyePatternScan.java> Scanned 110000 functions. Exported so far: 0  
2026-07-11 20:44:07 INFO  (GhidraScript) GeneralStructureEyePatternScan.java> Scanned 120000 functions. Exported so far: 0  
2026-07-11 20:44:27 INFO  (GhidraScript) GeneralStructureEyePatternScan.java> Scanned 130000 functions. Exported so far: 0  
2026-07-11 20:44:47 INFO  (GhidraScript) GeneralStructureEyePatternScan.java> Scanned 140000 functions. Exported so far: 0  
2026-07-11 20:45:05 INFO  (GhidraScript) GeneralStructureEyePatternScan.java> Scanned 150000 functions. Exported so far: 2  
2026-07-11 20:45:21 INFO  (GhidraScript) GeneralStructureEyePatternScan.java> Scanned 160000 functions. Exported so far: 4  
2026-07-11 20:46:30 INFO  (GhidraScript) GeneralStructureEyePatternScan.java> Scanned 170000 functions. Exported so far: 12  
2026-07-11 20:48:28 INFO  (GhidraScript) GeneralStructureEyePatternScan.java> Scanned 180000 functions. Exported so far: 64  
2026-07-11 20:49:42 INFO  (GhidraScript) GeneralStructureEyePatternScan.java> Scanned 190000 functions. Exported so far: 101  
2026-07-11 20:50:29 INFO  (GhidraScript) GeneralStructureEyePatternScan.java> Scanned 200000 functions. Exported so far: 113  
2026-07-11 20:51:29 INFO  (GhidraScript) GeneralStructureEyePatternScan.java> Scanned 210000 functions. Exported so far: 122  
2026-07-11 20:52:58 INFO  (GhidraScript) GeneralStructureEyePatternScan.java> Scanned 220000 functions. Exported so far: 124  
2026-07-11 20:54:51 INFO  (GhidraScript) GeneralStructureEyePatternScan.java> Scanned 230000 functions. Exported so far: 147  
2026-07-11 20:57:15 INFO  (GhidraScript) GeneralStructureEyePatternScan.java> Scanned 240000 functions. Exported so far: 242  
2026-07-11 20:58:39 INFO  (GhidraScript) GeneralStructureEyePatternScan.java> Scanned 250000 functions. Exported so far: 247  
2026-07-11 20:59:38 INFO  (GhidraScript) GeneralStructureEyePatternScan.java> Scanned 260000 functions. Exported so far: 247  
2026-07-11 21:00:34 INFO  (GhidraScript) GeneralStructureEyePatternScan.java> Scanned 270000 functions. Exported so far: 263  
2026-07-11 21:02:02 INFO  (GhidraScript) GeneralStructureEyePatternScan.java> Scanned 280000 functions. Exported so far: 263  
2026-07-11 21:02:56 INFO  (GhidraScript) GeneralStructureEyePatternScan.java> Scanned 290000 functions. Exported so far: 311  
2026-07-11 21:03:34 INFO  (GhidraScript) GeneralStructureEyePatternScan.java> Scanned 300000 functions. Exported so far: 311  
2026-07-11 21:04:29 INFO  (GhidraScript) GeneralStructureEyePatternScan.java> Scanned 310000 functions. Exported so far: 311  
2026-07-11 21:05:26 INFO  (GhidraScript) GeneralStructureEyePatternScan.java> Scanned 320000 functions. Exported so far: 312  
2026-07-11 21:06:29 INFO  (GhidraScript) GeneralStructureEyePatternScan.java> Scanned 330000 functions. Exported so far: 312  
2026-07-11 21:07:35 INFO  (GhidraScript) GeneralStructureEyePatternScan.java> Scanned 340000 functions. Exported so far: 325  
2026-07-11 21:08:43 INFO  (GhidraScript) GeneralStructureEyePatternScan.java> Scanned 350000 functions. Exported so far: 570  
2026-07-11 21:09:54 INFO  (GhidraScript) GeneralStructureEyePatternScan.java> Scanned 360000 functions. Exported so far: 570  
2026-07-11 21:10:40 INFO  (GhidraScript) GeneralStructureEyePatternScan.java> Scanned 370000 functions. Exported so far: 570  
2026-07-11 21:12:05 INFO  (GhidraScript) GeneralStructureEyePatternScan.java> Scanned 380000 functions. Exported so far: 595  
2026-07-11 21:13:18 INFO  (GhidraScript) GeneralStructureEyePatternScan.java> Scanned 390000 functions. Exported so far: 601  
2026-07-11 21:14:32 INFO  (GhidraScript) GeneralStructureEyePatternScan.java> Scanned 400000 functions. Exported so far: 643  
2026-07-11 21:15:19 INFO  (GhidraScript) GeneralStructureEyePatternScan.java> Scanned 410000 functions. Exported so far: 643  
2026-07-11 21:16:31 INFO  (GhidraScript) GeneralStructureEyePatternScan.java> Scanned 420000 functions. Exported so far: 668  
2026-07-11 21:17:20 INFO  (GhidraScript) GeneralStructureEyePatternScan.java> Scanned 430000 functions. Exported so far: 668  
2026-07-11 21:18:27 INFO  (GhidraScript) GeneralStructureEyePatternScan.java> Scanned 440000 functions. Exported so far: 674  
2026-07-11 21:19:57 INFO  (GhidraScript) GeneralStructureEyePatternScan.java> Scanned 450000 functions. Exported so far: 687  
2026-07-11 21:22:15 INFO  (GhidraScript) GeneralStructureEyePatternScan.java> Scanned 460000 functions. Exported so far: 707  
2026-07-11 21:23:24 INFO  (GhidraScript) GeneralStructureEyePatternScan.java> Scanned 470000 functions. Exported so far: 721  
2026-07-11 21:26:31 INFO  (GhidraScript) GeneralStructureEyePatternScan.java> Scanned 480000 functions. Exported so far: 726  
2026-07-11 21:28:29 INFO  (GhidraScript) GeneralStructureEyePatternScan.java> Scanned 490000 functions. Exported so far: 735  
2026-07-11 21:30:12 INFO  (GhidraScript) GeneralStructureEyePatternScan.java> Scanned 500000 functions. Exported so far: 735  
2026-07-11 21:31:36 INFO  (GhidraScript) GeneralStructureEyePatternScan.java> Scanned 510000 functions. Exported so far: 735  
2026-07-11 21:33:06 INFO  (GhidraScript) GeneralStructureEyePatternScan.java> Scanned 520000 functions. Exported so far: 754  
2026-07-11 21:34:35 INFO  (GhidraScript) GeneralStructureEyePatternScan.java> Scanned 530000 functions. Exported so far: 789  
2026-07-11 21:35:18 INFO  (GhidraScript) GeneralStructureEyePatternScan.java> Scanned 540000 functions. Exported so far: 828  
2026-07-11 21:35:56 INFO  (GhidraScript) GeneralStructureEyePatternScan.java> Scanned 550000 functions. Exported so far: 828  
2026-07-11 21:36:33 INFO  (GhidraScript) GeneralStructureEyePatternScan.java> Scanned 560000 functions. Exported so far: 828  
2026-07-11 21:37:53 INFO  (GhidraScript) GeneralStructureEyePatternScan.java> Scanned 570000 functions. Exported so far: 831  
2026-07-11 21:40:14 INFO  (GhidraScript) GeneralStructureEyePatternScan.java> Scanned 580000 functions. Exported so far: 1136  
2026-07-11 21:44:13 INFO  (GhidraScript) GeneralStructureEyePatternScan.java> Scanned 590000 functions. Exported so far: 1136  
2026-07-11 21:46:12 INFO  (GhidraScript) GeneralStructureEyePatternScan.java> Scanned 600000 functions. Exported so far: 1136  
2026-07-11 22:38:09 INFO  (GhidraScript) GeneralStructureEyePatternScan.java> Scanned 610000 functions. Exported so far: 1233  
2026-07-11 22:39:56 INFO  (GhidraScript) GeneralStructureEyePatternScan.java> Scanned 620000 functions. Exported so far: 1315  
2026-07-11 22:43:00 INFO  (GhidraScript) GeneralStructureEyePatternScan.java> Scanned 630000 functions. Exported so far: 1332  
2026-07-11 22:44:55 INFO  (GhidraScript) GeneralStructureEyePatternScan.java> Scanned 640000 functions. Exported so far: 1821  
2026-07-11 22:47:08 INFO  (GhidraScript) GeneralStructureEyePatternScan.java> Scanned 650000 functions. Exported so far: 1857  
2026-07-11 22:49:55 INFO  (GhidraScript) GeneralStructureEyePatternScan.java> Scanned 660000 functions. Exported so far: 1886  
2026-07-11 22:53:30 INFO  (GhidraScript) GeneralStructureEyePatternScan.java> Scanned 670000 functions. Exported so far: 1886  
2026-07-11 22:57:30 INFO  (GhidraScript) GeneralStructureEyePatternScan.java> Scanned 680000 functions. Exported so far: 1888  
2026-07-11 23:04:18 INFO  (GhidraScript) GeneralStructureEyePatternScan.java> Scanned 690000 functions. Exported so far: 1888  
2026-07-11 23:18:03 INFO  (GhidraScript) GeneralStructureEyePatternScan.java> Scanned 700000 functions. Exported so far: 1888  
2026-07-11 23:33:27 INFO  (GhidraScript) GeneralStructureEyePatternScan.java> Scanned 710000 functions. Exported so far: 1891  
2026-07-11 23:35:25 INFO  (GhidraScript) GeneralStructureEyePatternScan.java> Scanned 720000 functions. Exported so far: 1901  
2026-07-11 23:37:01 INFO  (GhidraScript) GeneralStructureEyePatternScan.java> Scanned 730000 functions. Exported so far: 1902  
2026-07-11 23:42:14 INFO  (GhidraScript) GeneralStructureEyePatternScan.java> Scanned 740000 functions. Exported so far: 1906  
2026-07-12 01:08:57 INFO  (GhidraScript) GeneralStructureEyePatternScan.java> Scanned 750000 functions. Exported so far: 2056  
2026-07-12 01:15:42 INFO  (GhidraScript) GeneralStructureEyePatternScan.java> Scanned 760000 functions. Exported so far: 2112  
2026-07-12 01:17:41 INFO  (GhidraScript) GeneralStructureEyePatternScan.java> Scanned 770000 functions. Exported so far: 2128  
2026-07-12 01:18:38 INFO  (GhidraScript) GeneralStructureEyePatternScan.java> Scanned 780000 functions. Exported so far: 2128  
2026-07-12 01:21:57 INFO  (GhidraScript) GeneralStructureEyePatternScan.java> Scanned 790000 functions. Exported so far: 2151  
2026-07-12 02:18:00 INFO  (GhidraScript) GeneralStructureEyePatternScan.java> Scanned 800000 functions. Exported so far: 2241  
2026-07-12 02:30:48 INFO  (GhidraScript) GeneralStructureEyePatternScan.java> Scanned 810000 functions. Exported so far: 2527  
2026-07-12 02:31:44 INFO  (GhidraScript) GeneralStructureEyePatternScan.java> Scanned 820000 functions. Exported so far: 2533  
2026-07-12 02:35:48 INFO  (GhidraScript) GeneralStructureEyePatternScan.java> Scanned 830000 functions. Exported so far: 2548  
2026-07-12 02:39:22 INFO  (GhidraScript) GeneralStructureEyePatternScan.java> Scanned 840000 functions. Exported so far: 2580  
2026-07-12 02:40:45 WARN  (DecompileCallback) Decompiling 0810d000, pcode error at 0810d000: Unable to disassemble EXTERNAL block location: 0810d000  
2026-07-12 02:40:45 WARN  (DecompileCallback) Decompiling 0810d008, pcode error at 0810d008: Unable to disassemble EXTERNAL block location: 0810d008  
2026-07-12 02:40:45 WARN  (DecompileCallback) Decompiling 0810d010, pcode error at 0810d010: Unable to disassemble EXTERNAL block location: 0810d010  
2026-07-12 02:40:45 WARN  (DecompileCallback) Decompiling 0810d018, pcode error at 0810d018: Unable to disassemble EXTERNAL block location: 0810d018  
2026-07-12 02:40:45 WARN  (DecompileCallback) Decompiling 0810d020, pcode error at 0810d020: Unable to disassemble EXTERNAL block location: 0810d020  
2026-07-12 02:40:45 WARN  (DecompileCallback) Decompiling 0810d028, pcode error at 0810d028: Unable to disassemble EXTERNAL block location: 0810d028  
2026-07-12 02:40:45 WARN  (DecompileCallback) Decompiling 0810d030, pcode error at 0810d030: Unable to disassemble EXTERNAL block location: 0810d030  
2026-07-12 02:40:45 WARN  (DecompileCallback) Decompiling 0810d038, pcode error at 0810d038: Unable to disassemble EXTERNAL block location: 0810d038  
2026-07-12 02:40:45 WARN  (DecompileCallback) Decompiling 0810d040, pcode error at 0810d040: Unable to disassemble EXTERNAL block location: 0810d040  
2026-07-12 02:40:45 WARN  (DecompileCallback) Decompiling 0810d048, pcode error at 0810d048: Unable to disassemble EXTERNAL block location: 0810d048  
2026-07-12 02:40:45 WARN  (DecompileCallback) Decompiling 0810d050, pcode error at 0810d050: Unable to disassemble EXTERNAL block location: 0810d050  
2026-07-12 02:40:45 WARN  (DecompileCallback) Decompiling 0810d058, pcode error at 0810d058: Unable to disassemble EXTERNAL block location: 0810d058  
2026-07-12 02:40:45 WARN  (DecompileCallback) Decompiling 0810d060, pcode error at 0810d060: Unable to disassemble EXTERNAL block location: 0810d060  
2026-07-12 02:40:45 WARN  (DecompileCallback) Decompiling 0810d068, pcode error at 0810d068: Unable to disassemble EXTERNAL block location: 0810d068  
2026-07-12 02:40:45 WARN  (DecompileCallback) Decompiling 0810d070, pcode error at 0810d070: Unable to disassemble EXTERNAL block location: 0810d070  
2026-07-12 02:40:45 WARN  (DecompileCallback) Decompiling 0810d078, pcode error at 0810d078: Unable to disassemble EXTERNAL block location: 0810d078  
2026-07-12 02:40:45 WARN  (DecompileCallback) Decompiling 0810d080, pcode error at 0810d080: Unable to disassemble EXTERNAL block location: 0810d080  
2026-07-12 02:40:45 WARN  (DecompileCallback) Decompiling 0810d088, pcode error at 0810d088: Unable to disassemble EXTERNAL block location: 0810d088  
2026-07-12 02:40:45 WARN  (DecompileCallback) Decompiling 0810d090, pcode error at 0810d090: Unable to disassemble EXTERNAL block location: 0810d090  
2026-07-12 02:40:45 WARN  (DecompileCallback) Decompiling 0810d098, pcode error at 0810d098: Unable to disassemble EXTERNAL block location: 0810d098  
2026-07-12 02:40:45 WARN  (DecompileCallback) Decompiling 0810d0a0, pcode error at 0810d0a0: Unable to disassemble EXTERNAL block location: 0810d0a0  
2026-07-12 02:40:45 WARN  (DecompileCallback) Decompiling 0810d0a8, pcode error at 0810d0a8: Unable to disassemble EXTERNAL block location: 0810d0a8  
2026-07-12 02:40:45 WARN  (DecompileCallback) Decompiling 0810d0b0, pcode error at 0810d0b0: Unable to disassemble EXTERNAL block location: 0810d0b0  
2026-07-12 02:40:45 WARN  (DecompileCallback) Decompiling 0810d0b8, pcode error at 0810d0b8: Unable to disassemble EXTERNAL block location: 0810d0b8  
2026-07-12 02:40:45 WARN  (DecompileCallback) Decompiling 0810d0c0, pcode error at 0810d0c0: Unable to disassemble EXTERNAL block location: 0810d0c0  
2026-07-12 02:40:45 WARN  (DecompileCallback) Decompiling 0810d0c8, pcode error at 0810d0c8: Unable to disassemble EXTERNAL block location: 0810d0c8  
2026-07-12 02:40:45 WARN  (DecompileCallback) Decompiling 0810d0d0, pcode error at 0810d0d0: Unable to disassemble EXTERNAL block location: 0810d0d0  
2026-07-12 02:40:45 WARN  (DecompileCallback) Decompiling 0810d0d8, pcode error at 0810d0d8: Unable to disassemble EXTERNAL block location: 0810d0d8  
2026-07-12 02:40:45 WARN  (DecompileCallback) Decompiling 0810d0e0, pcode error at 0810d0e0: Unable to disassemble EXTERNAL block location: 0810d0e0  
2026-07-12 02:40:45 WARN  (DecompileCallback) Decompiling 0810d0e8, pcode error at 0810d0e8: Unable to disassemble EXTERNAL block location: 0810d0e8  
2026-07-12 02:40:45 WARN  (DecompileCallback) Decompiling 0810d0f0, pcode error at 0810d0f0: Unable to disassemble EXTERNAL block location: 0810d0f0  
2026-07-12 02:40:45 WARN  (DecompileCallback) Decompiling 0810d0f8, pcode error at 0810d0f8: Unable to disassemble EXTERNAL block location: 0810d0f8  
2026-07-12 02:40:45 WARN  (DecompileCallback) Decompiling 0810d100, pcode error at 0810d100: Unable to disassemble EXTERNAL block location: 0810d100  
2026-07-12 02:40:45 WARN  (DecompileCallback) Decompiling 0810d108, pcode error at 0810d108: Unable to disassemble EXTERNAL block location: 0810d108  
2026-07-12 02:40:45 WARN  (DecompileCallback) Decompiling 0810d110, pcode error at 0810d110: Unable to disassemble EXTERNAL block location: 0810d110  
2026-07-12 02:40:45 WARN  (DecompileCallback) Decompiling 0810d118, pcode error at 0810d118: Unable to disassemble EXTERNAL block location: 0810d118  
2026-07-12 02:40:45 WARN  (DecompileCallback) Decompiling 0810d120, pcode error at 0810d120: Unable to disassemble EXTERNAL block location: 0810d120  
2026-07-12 02:40:45 WARN  (DecompileCallback) Decompiling 0810d128, pcode error at 0810d128: Unable to disassemble EXTERNAL block location: 0810d128  
2026-07-12 02:40:45 WARN  (DecompileCallback) Decompiling 0810d130, pcode error at 0810d130: Unable to disassemble EXTERNAL block location: 0810d130  
2026-07-12 02:40:45 WARN  (DecompileCallback) Decompiling 0810d138, pcode error at 0810d138: Unable to disassemble EXTERNAL block location: 0810d138  
2026-07-12 02:40:45 WARN  (DecompileCallback) Decompiling 0810d140, pcode error at 0810d140: Unable to disassemble EXTERNAL block location: 0810d140  
2026-07-12 02:40:45 WARN  (DecompileCallback) Decompiling 0810d148, pcode error at 0810d148: Unable to disassemble EXTERNAL block location: 0810d148  
2026-07-12 02:40:45 WARN  (DecompileCallback) Decompiling 0810d158, pcode error at 0810d158: Unable to disassemble EXTERNAL block location: 0810d158  
2026-07-12 02:40:45 WARN  (DecompileCallback) Decompiling 0810d160, pcode error at 0810d160: Unable to disassemble EXTERNAL block location: 0810d160  
2026-07-12 02:40:45 WARN  (DecompileCallback) Decompiling 0810d168, pcode error at 0810d168: Unable to disassemble EXTERNAL block location: 0810d168  
2026-07-12 02:40:45 WARN  (DecompileCallback) Decompiling 0810d170, pcode error at 0810d170: Unable to disassemble EXTERNAL block location: 0810d170  
2026-07-12 02:40:45 WARN  (DecompileCallback) Decompiling 0810d178, pcode error at 0810d178: Unable to disassemble EXTERNAL block location: 0810d178  
2026-07-12 02:40:45 WARN  (DecompileCallback) Decompiling 0810d180, pcode error at 0810d180: Unable to disassemble EXTERNAL block location: 0810d180  
2026-07-12 02:40:45 WARN  (DecompileCallback) Decompiling 0810d188, pcode error at 0810d188: Unable to disassemble EXTERNAL block location: 0810d188  
2026-07-12 02:40:45 WARN  (DecompileCallback) Decompiling 0810d190, pcode error at 0810d190: Unable to disassemble EXTERNAL block location: 0810d190  
2026-07-12 02:40:45 WARN  (DecompileCallback) Decompiling 0810d198, pcode error at 0810d198: Unable to disassemble EXTERNAL block location: 0810d198  
2026-07-12 02:40:45 WARN  (DecompileCallback) Decompiling 0810d1a0, pcode error at 0810d1a0: Unable to disassemble EXTERNAL block location: 0810d1a0  
2026-07-12 02:40:45 WARN  (DecompileCallback) Decompiling 0810d1a8, pcode error at 0810d1a8: Unable to disassemble EXTERNAL block location: 0810d1a8  
2026-07-12 02:40:45 WARN  (DecompileCallback) Decompiling 0810d1b0, pcode error at 0810d1b0: Unable to disassemble EXTERNAL block location: 0810d1b0  
2026-07-12 02:40:45 WARN  (DecompileCallback) Decompiling 0810d1b8, pcode error at 0810d1b8: Unable to disassemble EXTERNAL block location: 0810d1b8  
2026-07-12 02:40:45 WARN  (DecompileCallback) Decompiling 0810d1c0, pcode error at 0810d1c0: Unable to disassemble EXTERNAL block location: 0810d1c0  
2026-07-12 02:40:45 WARN  (DecompileCallback) Decompiling 0810d1c8, pcode error at 0810d1c8: Unable to disassemble EXTERNAL block location: 0810d1c8  
2026-07-12 02:40:45 WARN  (DecompileCallback) Decompiling 0810d1d0, pcode error at 0810d1d0: Unable to disassemble EXTERNAL block location: 0810d1d0  
2026-07-12 02:40:45 WARN  (DecompileCallback) Decompiling 0810d1d8, pcode error at 0810d1d8: Unable to disassemble EXTERNAL block location: 0810d1d8  
2026-07-12 02:40:45 WARN  (DecompileCallback) Decompiling 0810d1e0, pcode error at 0810d1e0: Unable to disassemble EXTERNAL block location: 0810d1e0  
2026-07-12 02:40:45 WARN  (DecompileCallback) Decompiling 0810d1e8, pcode error at 0810d1e8: Unable to disassemble EXTERNAL block location: 0810d1e8  
2026-07-12 02:40:45 WARN  (DecompileCallback) Decompiling 0810d1f0, pcode error at 0810d1f0: Unable to disassemble EXTERNAL block location: 0810d1f0  
2026-07-12 02:40:45 WARN  (DecompileCallback) Decompiling 0810d1f8, pcode error at 0810d1f8: Unable to disassemble EXTERNAL block location: 0810d1f8  
2026-07-12 02:40:45 WARN  (DecompileCallback) Decompiling 0810d200, pcode error at 0810d200: Unable to disassemble EXTERNAL block location: 0810d200  
2026-07-12 02:40:45 WARN  (DecompileCallback) Decompiling 0810d208, pcode error at 0810d208: Unable to disassemble EXTERNAL block location: 0810d208  
2026-07-12 02:40:45 WARN  (DecompileCallback) Decompiling 0810d210, pcode error at 0810d210: Unable to disassemble EXTERNAL block location: 0810d210  
2026-07-12 02:40:45 WARN  (DecompileCallback) Decompiling 0810d218, pcode error at 0810d218: Unable to disassemble EXTERNAL block location: 0810d218  
2026-07-12 02:40:45 WARN  (DecompileCallback) Decompiling 0810d220, pcode error at 0810d220: Unable to disassemble EXTERNAL block location: 0810d220  
2026-07-12 02:40:45 WARN  (DecompileCallback) Decompiling 0810d228, pcode error at 0810d228: Unable to disassemble EXTERNAL block location: 0810d228  
2026-07-12 02:40:45 WARN  (DecompileCallback) Decompiling 0810d230, pcode error at 0810d230: Unable to disassemble EXTERNAL block location: 0810d230  
2026-07-12 02:40:45 WARN  (DecompileCallback) Decompiling 0810d238, pcode error at 0810d238: Unable to disassemble EXTERNAL block location: 0810d238  
2026-07-12 02:40:45 WARN  (DecompileCallback) Decompiling 0810d240, pcode error at 0810d240: Unable to disassemble EXTERNAL block location: 0810d240  
2026-07-12 02:40:45 WARN  (DecompileCallback) Decompiling 0810d248, pcode error at 0810d248: Unable to disassemble EXTERNAL block location: 0810d248  
2026-07-12 02:40:45 WARN  (DecompileCallback) Decompiling 0810d250, pcode error at 0810d250: Unable to disassemble EXTERNAL block location: 0810d250  
2026-07-12 02:40:45 WARN  (DecompileCallback) Decompiling 0810d258, pcode error at 0810d258: Unable to disassemble EXTERNAL block location: 0810d258  
2026-07-12 02:40:45 WARN  (DecompileCallback) Decompiling 0810d260, pcode error at 0810d260: Unable to disassemble EXTERNAL block location: 0810d260  
2026-07-12 02:40:45 WARN  (DecompileCallback) Decompiling 0810d268, pcode error at 0810d268: Unable to disassemble EXTERNAL block location: 0810d268  
2026-07-12 02:40:45 WARN  (DecompileCallback) Decompiling 0810d270, pcode error at 0810d270: Unable to disassemble EXTERNAL block location: 0810d270  
2026-07-12 02:40:45 WARN  (DecompileCallback) Decompiling 0810d278, pcode error at 0810d278: Unable to disassemble EXTERNAL block location: 0810d278  
2026-07-12 02:40:45 WARN  (DecompileCallback) Decompiling 0810d280, pcode error at 0810d280: Unable to disassemble EXTERNAL block location: 0810d280  
2026-07-12 02:40:45 WARN  (DecompileCallback) Decompiling 0810d288, pcode error at 0810d288: Unable to disassemble EXTERNAL block location: 0810d288  
2026-07-12 02:40:45 WARN  (DecompileCallback) Decompiling 0810d290, pcode error at 0810d290: Unable to disassemble EXTERNAL block location: 0810d290  
2026-07-12 02:40:45 WARN  (DecompileCallback) Decompiling 0810d298, pcode error at 0810d298: Unable to disassemble EXTERNAL block location: 0810d298  
2026-07-12 02:40:45 WARN  (DecompileCallback) Decompiling 0810d2a0, pcode error at 0810d2a0: Unable to disassemble EXTERNAL block location: 0810d2a0  
2026-07-12 02:40:45 WARN  (DecompileCallback) Decompiling 0810d2a8, pcode error at 0810d2a8: Unable to disassemble EXTERNAL block location: 0810d2a8  
2026-07-12 02:40:45 WARN  (DecompileCallback) Decompiling 0810d2b0, pcode error at 0810d2b0: Unable to disassemble EXTERNAL block location: 0810d2b0  
2026-07-12 02:40:45 WARN  (DecompileCallback) Decompiling 0810d2b8, pcode error at 0810d2b8: Unable to disassemble EXTERNAL block location: 0810d2b8  
2026-07-12 02:40:45 WARN  (DecompileCallback) Decompiling 0810d2c0, pcode error at 0810d2c0: Unable to disassemble EXTERNAL block location: 0810d2c0  
2026-07-12 02:40:45 WARN  (DecompileCallback) Decompiling 0810d2c8, pcode error at 0810d2c8: Unable to disassemble EXTERNAL block location: 0810d2c8  
2026-07-12 02:40:45 WARN  (DecompileCallback) Decompiling 0810d2d0, pcode error at 0810d2d0: Unable to disassemble EXTERNAL block location: 0810d2d0  
2026-07-12 02:40:45 WARN  (DecompileCallback) Decompiling 0810d2d8, pcode error at 0810d2d8: Unable to disassemble EXTERNAL block location: 0810d2d8  
2026-07-12 02:40:45 WARN  (DecompileCallback) Decompiling 0810d2e0, pcode error at 0810d2e0: Unable to disassemble EXTERNAL block location: 0810d2e0  
2026-07-12 02:40:45 WARN  (DecompileCallback) Decompiling 0810d2e8, pcode error at 0810d2e8: Unable to disassemble EXTERNAL block location: 0810d2e8  
2026-07-12 02:40:45 WARN  (DecompileCallback) Decompiling 0810d2f0, pcode error at 0810d2f0: Unable to disassemble EXTERNAL block location: 0810d2f0  
2026-07-12 02:40:45 WARN  (DecompileCallback) Decompiling 0810d2f8, pcode error at 0810d2f8: Unable to disassemble EXTERNAL block location: 0810d2f8  
2026-07-12 02:40:45 WARN  (DecompileCallback) Decompiling 0810d300, pcode error at 0810d300: Unable to disassemble EXTERNAL block location: 0810d300  
2026-07-12 02:40:45 WARN  (DecompileCallback) Decompiling 0810d308, pcode error at 0810d308: Unable to disassemble EXTERNAL block location: 0810d308  
2026-07-12 02:40:45 WARN  (DecompileCallback) Decompiling 0810d310, pcode error at 0810d310: Unable to disassemble EXTERNAL block location: 0810d310  
2026-07-12 02:40:45 WARN  (DecompileCallback) Decompiling 0810d318, pcode error at 0810d318: Unable to disassemble EXTERNAL block location: 0810d318  
2026-07-12 02:40:45 WARN  (DecompileCallback) Decompiling 0810d320, pcode error at 0810d320: Unable to disassemble EXTERNAL block location: 0810d320  
2026-07-12 02:40:45 WARN  (DecompileCallback) Decompiling 0810d328, pcode error at 0810d328: Unable to disassemble EXTERNAL block location: 0810d328  
2026-07-12 02:40:45 WARN  (DecompileCallback) Decompiling 0810d330, pcode error at 0810d330: Unable to disassemble EXTERNAL block location: 0810d330  
2026-07-12 02:40:45 WARN  (DecompileCallback) Decompiling 0810d338, pcode error at 0810d338: Unable to disassemble EXTERNAL block location: 0810d338  
2026-07-12 02:40:45 WARN  (DecompileCallback) Decompiling 0810d340, pcode error at 0810d340: Unable to disassemble EXTERNAL block location: 0810d340  
2026-07-12 02:40:45 WARN  (DecompileCallback) Decompiling 0810d348, pcode error at 0810d348: Unable to disassemble EXTERNAL block location: 0810d348  
2026-07-12 02:40:45 WARN  (DecompileCallback) Decompiling 0810d350, pcode error at 0810d350: Unable to disassemble EXTERNAL block location: 0810d350  
2026-07-12 02:40:45 WARN  (DecompileCallback) Decompiling 0810d358, pcode error at 0810d358: Unable to disassemble EXTERNAL block location: 0810d358  
2026-07-12 02:40:45 WARN  (DecompileCallback) Decompiling 0810d360, pcode error at 0810d360: Unable to disassemble EXTERNAL block location: 0810d360  
2026-07-12 02:40:45 WARN  (DecompileCallback) Decompiling 0810d368, pcode error at 0810d368: Unable to disassemble EXTERNAL block location: 0810d368  
2026-07-12 02:40:45 WARN  (DecompileCallback) Decompiling 0810d370, pcode error at 0810d370: Unable to disassemble EXTERNAL block location: 0810d370  
2026-07-12 02:40:45 WARN  (DecompileCallback) Decompiling 0810d378, pcode error at 0810d378: Unable to disassemble EXTERNAL block location: 0810d378  
2026-07-12 02:40:45 WARN  (DecompileCallback) Decompiling 0810d380, pcode error at 0810d380: Unable to disassemble EXTERNAL block location: 0810d380  
2026-07-12 02:40:45 WARN  (DecompileCallback) Decompiling 0810d388, pcode error at 0810d388: Unable to disassemble EXTERNAL block location: 0810d388  
2026-07-12 02:40:45 WARN  (DecompileCallback) Decompiling 0810d390, pcode error at 0810d390: Unable to disassemble EXTERNAL block location: 0810d390  
2026-07-12 02:40:45 WARN  (DecompileCallback) Decompiling 0810d398, pcode error at 0810d398: Unable to disassemble EXTERNAL block location: 0810d398  
2026-07-12 02:40:45 WARN  (DecompileCallback) Decompiling 0810d3a0, pcode error at 0810d3a0: Unable to disassemble EXTERNAL block location: 0810d3a0  
2026-07-12 02:40:45 WARN  (DecompileCallback) Decompiling 0810d3a8, pcode error at 0810d3a8: Unable to disassemble EXTERNAL block location: 0810d3a8  
2026-07-12 02:40:45 WARN  (DecompileCallback) Decompiling 0810d3b0, pcode error at 0810d3b0: Unable to disassemble EXTERNAL block location: 0810d3b0  
2026-07-12 02:40:45 WARN  (DecompileCallback) Decompiling 0810d3b8, pcode error at 0810d3b8: Unable to disassemble EXTERNAL block location: 0810d3b8  
2026-07-12 02:40:45 WARN  (DecompileCallback) Decompiling 0810d3c0, pcode error at 0810d3c0: Unable to disassemble EXTERNAL block location: 0810d3c0  
2026-07-12 02:40:45 WARN  (DecompileCallback) Decompiling 0810d3c8, pcode error at 0810d3c8: Unable to disassemble EXTERNAL block location: 0810d3c8  
2026-07-12 02:40:45 WARN  (DecompileCallback) Decompiling 0810d3d0, pcode error at 0810d3d0: Unable to disassemble EXTERNAL block location: 0810d3d0  
2026-07-12 02:40:45 WARN  (DecompileCallback) Decompiling 0810d3d8, pcode error at 0810d3d8: Unable to disassemble EXTERNAL block location: 0810d3d8  
2026-07-12 02:40:45 WARN  (DecompileCallback) Decompiling 0810d3e0, pcode error at 0810d3e0: Unable to disassemble EXTERNAL block location: 0810d3e0  
2026-07-12 02:40:45 WARN  (DecompileCallback) Decompiling 0810d3e8, pcode error at 0810d3e8: Unable to disassemble EXTERNAL block location: 0810d3e8  
2026-07-12 02:40:45 WARN  (DecompileCallback) Decompiling 0810d3f0, pcode error at 0810d3f0: Unable to disassemble EXTERNAL block location: 0810d3f0  
2026-07-12 02:40:45 WARN  (DecompileCallback) Decompiling 0810d3f8, pcode error at 0810d3f8: Unable to disassemble EXTERNAL block location: 0810d3f8  
2026-07-12 02:40:45 WARN  (DecompileCallback) Decompiling 0810d400, pcode error at 0810d400: Unable to disassemble EXTERNAL block location: 0810d400  
2026-07-12 02:40:45 WARN  (DecompileCallback) Decompiling 0810d408, pcode error at 0810d408: Unable to disassemble EXTERNAL block location: 0810d408  
2026-07-12 02:40:45 WARN  (DecompileCallback) Decompiling 0810d410, pcode error at 0810d410: Unable to disassemble EXTERNAL block location: 0810d410  
2026-07-12 02:40:45 WARN  (DecompileCallback) Decompiling 0810d418, pcode error at 0810d418: Unable to disassemble EXTERNAL block location: 0810d418  
2026-07-12 02:40:45 WARN  (DecompileCallback) Decompiling 0810d420, pcode error at 0810d420: Unable to disassemble EXTERNAL block location: 0810d420  
2026-07-12 02:40:45 WARN  (DecompileCallback) Decompiling 0810d428, pcode error at 0810d428: Unable to disassemble EXTERNAL block location: 0810d428  
2026-07-12 02:40:45 WARN  (DecompileCallback) Decompiling 0810d430, pcode error at 0810d430: Unable to disassemble EXTERNAL block location: 0810d430  
2026-07-12 02:40:45 WARN  (DecompileCallback) Decompiling 0810d438, pcode error at 0810d438: Unable to disassemble EXTERNAL block location: 0810d438  
2026-07-12 02:40:45 WARN  (DecompileCallback) Decompiling 0810d440, pcode error at 0810d440: Unable to disassemble EXTERNAL block location: 0810d440  
2026-07-12 02:40:45 WARN  (DecompileCallback) Decompiling 0810d448, pcode error at 0810d448: Unable to disassemble EXTERNAL block location: 0810d448  
2026-07-12 02:40:45 WARN  (DecompileCallback) Decompiling 0810d450, pcode error at 0810d450: Unable to disassemble EXTERNAL block location: 0810d450  
2026-07-12 02:40:45 WARN  (DecompileCallback) Decompiling 0810d458, pcode error at 0810d458: Unable to disassemble EXTERNAL block location: 0810d458  
2026-07-12 02:40:45 WARN  (DecompileCallback) Decompiling 0810d460, pcode error at 0810d460: Unable to disassemble EXTERNAL block location: 0810d460  
2026-07-12 02:40:45 WARN  (DecompileCallback) Decompiling 0810d468, pcode error at 0810d468: Unable to disassemble EXTERNAL block location: 0810d468  
2026-07-12 02:40:45 WARN  (DecompileCallback) Decompiling 0810d470, pcode error at 0810d470: Unable to disassemble EXTERNAL block location: 0810d470  
2026-07-12 02:40:45 WARN  (DecompileCallback) Decompiling 0810d478, pcode error at 0810d478: Unable to disassemble EXTERNAL block location: 0810d478  
2026-07-12 02:40:45 WARN  (DecompileCallback) Decompiling 0810d480, pcode error at 0810d480: Unable to disassemble EXTERNAL block location: 0810d480  
2026-07-12 02:40:45 WARN  (DecompileCallback) Decompiling 0810d488, pcode error at 0810d488: Unable to disassemble EXTERNAL block location: 0810d488  
2026-07-12 02:40:45 WARN  (DecompileCallback) Decompiling 0810d490, pcode error at 0810d490: Unable to disassemble EXTERNAL block location: 0810d490  
2026-07-12 02:40:45 WARN  (DecompileCallback) Decompiling 0810d498, pcode error at 0810d498: Unable to disassemble EXTERNAL block location: 0810d498  
2026-07-12 02:40:45 WARN  (DecompileCallback) Decompiling 0810d4a0, pcode error at 0810d4a0: Unable to disassemble EXTERNAL block location: 0810d4a0  
2026-07-12 02:40:45 WARN  (DecompileCallback) Decompiling 0810d4a8, pcode error at 0810d4a8: Unable to disassemble EXTERNAL block location: 0810d4a8  
2026-07-12 02:40:45 WARN  (DecompileCallback) Decompiling 0810d4b0, pcode error at 0810d4b0: Unable to disassemble EXTERNAL block location: 0810d4b0  
2026-07-12 02:40:45 WARN  (DecompileCallback) Decompiling 0810d4b8, pcode error at 0810d4b8: Unable to disassemble EXTERNAL block location: 0810d4b8  
2026-07-12 02:40:45 WARN  (DecompileCallback) Decompiling 0810d4c0, pcode error at 0810d4c0: Unable to disassemble EXTERNAL block location: 0810d4c0  
2026-07-12 02:40:45 WARN  (DecompileCallback) Decompiling 0810d4c8, pcode error at 0810d4c8: Unable to disassemble EXTERNAL block location: 0810d4c8  
2026-07-12 02:40:45 WARN  (DecompileCallback) Decompiling 0810d4d0, pcode error at 0810d4d0: Unable to disassemble EXTERNAL block location: 0810d4d0  
2026-07-12 02:40:45 WARN  (DecompileCallback) Decompiling 0810d4d8, pcode error at 0810d4d8: Unable to disassemble EXTERNAL block location: 0810d4d8  
2026-07-12 02:40:45 WARN  (DecompileCallback) Decompiling 0810d4e0, pcode error at 0810d4e0: Unable to disassemble EXTERNAL block location: 0810d4e0  
2026-07-12 02:40:45 WARN  (DecompileCallback) Decompiling 0810d4e8, pcode error at 0810d4e8: Unable to disassemble EXTERNAL block location: 0810d4e8  
2026-07-12 02:40:45 WARN  (DecompileCallback) Decompiling 0810d4f0, pcode error at 0810d4f0: Unable to disassemble EXTERNAL block location: 0810d4f0  
2026-07-12 02:40:45 WARN  (DecompileCallback) Decompiling 0810d4f8, pcode error at 0810d4f8: Unable to disassemble EXTERNAL block location: 0810d4f8  
2026-07-12 02:40:45 WARN  (DecompileCallback) Decompiling 0810d500, pcode error at 0810d500: Unable to disassemble EXTERNAL block location: 0810d500  
2026-07-12 02:40:45 WARN  (DecompileCallback) Decompiling 0810d508, pcode error at 0810d508: Unable to disassemble EXTERNAL block location: 0810d508  
2026-07-12 02:40:45 WARN  (DecompileCallback) Decompiling 0810d510, pcode error at 0810d510: Unable to disassemble EXTERNAL block location: 0810d510  
2026-07-12 02:40:45 WARN  (DecompileCallback) Decompiling 0810d518, pcode error at 0810d518: Unable to disassemble EXTERNAL block location: 0810d518  
2026-07-12 02:40:45 WARN  (DecompileCallback) Decompiling 0810d520, pcode error at 0810d520: Unable to disassemble EXTERNAL block location: 0810d520  
2026-07-12 02:40:45 WARN  (DecompileCallback) Decompiling 0810d528, pcode error at 0810d528: Unable to disassemble EXTERNAL block location: 0810d528  
2026-07-12 02:40:45 WARN  (DecompileCallback) Decompiling 0810d530, pcode error at 0810d530: Unable to disassemble EXTERNAL block location: 0810d530  
2026-07-12 02:40:45 WARN  (DecompileCallback) Decompiling 0810d538, pcode error at 0810d538: Unable to disassemble EXTERNAL block location: 0810d538  
2026-07-12 02:40:45 WARN  (DecompileCallback) Decompiling 0810d540, pcode error at 0810d540: Unable to disassemble EXTERNAL block location: 0810d540  
2026-07-12 02:40:45 WARN  (DecompileCallback) Decompiling 0810d548, pcode error at 0810d548: Unable to disassemble EXTERNAL block location: 0810d548  
2026-07-12 02:40:45 WARN  (DecompileCallback) Decompiling 0810d550, pcode error at 0810d550: Unable to disassemble EXTERNAL block location: 0810d550  
2026-07-12 02:40:45 WARN  (DecompileCallback) Decompiling 0810d560, pcode error at 0810d560: Unable to disassemble EXTERNAL block location: 0810d560  
2026-07-12 02:40:45 WARN  (DecompileCallback) Decompiling 0810d568, pcode error at 0810d568: Unable to disassemble EXTERNAL block location: 0810d568  
2026-07-12 02:40:45 WARN  (DecompileCallback) Decompiling 0810d570, pcode error at 0810d570: Unable to disassemble EXTERNAL block location: 0810d570  
2026-07-12 02:40:45 WARN  (DecompileCallback) Decompiling 0810d578, pcode error at 0810d578: Unable to disassemble EXTERNAL block location: 0810d578  
2026-07-12 02:40:45 WARN  (DecompileCallback) Decompiling 0810d580, pcode error at 0810d580: Unable to disassemble EXTERNAL block location: 0810d580  
2026-07-12 02:40:45 WARN  (DecompileCallback) Decompiling 0810d588, pcode error at 0810d588: Unable to disassemble EXTERNAL block location: 0810d588  
2026-07-12 02:40:45 WARN  (DecompileCallback) Decompiling 0810d590, pcode error at 0810d590: Unable to disassemble EXTERNAL block location: 0810d590  
2026-07-12 02:40:45 WARN  (DecompileCallback) Decompiling 0810d598, pcode error at 0810d598: Unable to disassemble EXTERNAL block location: 0810d598  
2026-07-12 02:40:45 WARN  (DecompileCallback) Decompiling 0810d5a0, pcode error at 0810d5a0: Unable to disassemble EXTERNAL block location: 0810d5a0  
2026-07-12 02:40:45 WARN  (DecompileCallback) Decompiling 0810d5a8, pcode error at 0810d5a8: Unable to disassemble EXTERNAL block location: 0810d5a8  
2026-07-12 02:40:45 WARN  (DecompileCallback) Decompiling 0810d5b0, pcode error at 0810d5b0: Unable to disassemble EXTERNAL block location: 0810d5b0  
2026-07-12 02:40:45 WARN  (DecompileCallback) Decompiling 0810d5b8, pcode error at 0810d5b8: Unable to disassemble EXTERNAL block location: 0810d5b8  
2026-07-12 02:40:45 WARN  (DecompileCallback) Decompiling 0810d5c0, pcode error at 0810d5c0: Unable to disassemble EXTERNAL block location: 0810d5c0  
2026-07-12 02:40:45 WARN  (DecompileCallback) Decompiling 0810d5c8, pcode error at 0810d5c8: Unable to disassemble EXTERNAL block location: 0810d5c8  
2026-07-12 02:40:45 WARN  (DecompileCallback) Decompiling 0810d5d0, pcode error at 0810d5d0: Unable to disassemble EXTERNAL block location: 0810d5d0  
2026-07-12 02:40:45 WARN  (DecompileCallback) Decompiling 0810d5d8, pcode error at 0810d5d8: Unable to disassemble EXTERNAL block location: 0810d5d8  
2026-07-12 02:40:45 WARN  (DecompileCallback) Decompiling 0810d5e0, pcode error at 0810d5e0: Unable to disassemble EXTERNAL block location: 0810d5e0  
2026-07-12 02:40:45 WARN  (DecompileCallback) Decompiling 0810d5e8, pcode error at 0810d5e8: Unable to disassemble EXTERNAL block location: 0810d5e8  
2026-07-12 02:40:45 WARN  (DecompileCallback) Decompiling 0810d5f0, pcode error at 0810d5f0: Unable to disassemble EXTERNAL block location: 0810d5f0  
2026-07-12 02:40:45 WARN  (DecompileCallback) Decompiling 0810d5f8, pcode error at 0810d5f8: Unable to disassemble EXTERNAL block location: 0810d5f8  
2026-07-12 02:40:45 WARN  (DecompileCallback) Decompiling 0810d600, pcode error at 0810d600: Unable to disassemble EXTERNAL block location: 0810d600  
2026-07-12 02:40:45 WARN  (DecompileCallback) Decompiling 0810d608, pcode error at 0810d608: Unable to disassemble EXTERNAL block location: 0810d608  
2026-07-12 02:40:45 WARN  (DecompileCallback) Decompiling 0810d610, pcode error at 0810d610: Unable to disassemble EXTERNAL block location: 0810d610  
2026-07-12 02:40:45 WARN  (DecompileCallback) Decompiling 0810d618, pcode error at 0810d618: Unable to disassemble EXTERNAL block location: 0810d618  
2026-07-12 02:40:45 WARN  (DecompileCallback) Decompiling 0810d620, pcode error at 0810d620: Unable to disassemble EXTERNAL block location: 0810d620  
2026-07-12 02:40:45 WARN  (DecompileCallback) Decompiling 0810d628, pcode error at 0810d628: Unable to disassemble EXTERNAL block location: 0810d628  
2026-07-12 02:40:45 WARN  (DecompileCallback) Decompiling 0810d630, pcode error at 0810d630: Unable to disassemble EXTERNAL block location: 0810d630  
2026-07-12 02:40:45 WARN  (DecompileCallback) Decompiling 0810d638, pcode error at 0810d638: Unable to disassemble EXTERNAL block location: 0810d638  
2026-07-12 02:40:45 WARN  (DecompileCallback) Decompiling 0810d640, pcode error at 0810d640: Unable to disassemble EXTERNAL block location: 0810d640  
2026-07-12 02:40:45 WARN  (DecompileCallback) Decompiling 0810d648, pcode error at 0810d648: Unable to disassemble EXTERNAL block location: 0810d648  
2026-07-12 02:40:45 WARN  (DecompileCallback) Decompiling 0810d650, pcode error at 0810d650: Unable to disassemble EXTERNAL block location: 0810d650  
2026-07-12 02:40:45 WARN  (DecompileCallback) Decompiling 0810d658, pcode error at 0810d658: Unable to disassemble EXTERNAL block location: 0810d658  
2026-07-12 02:40:45 WARN  (DecompileCallback) Decompiling 0810d660, pcode error at 0810d660: Unable to disassemble EXTERNAL block location: 0810d660  
2026-07-12 02:40:45 WARN  (DecompileCallback) Decompiling 0810d668, pcode error at 0810d668: Unable to disassemble EXTERNAL block location: 0810d668  
2026-07-12 02:40:45 WARN  (DecompileCallback) Decompiling 0810d670, pcode error at 0810d670: Unable to disassemble EXTERNAL block location: 0810d670  
2026-07-12 02:40:45 WARN  (DecompileCallback) Decompiling 0810d678, pcode error at 0810d678: Unable to disassemble EXTERNAL block location: 0810d678  
2026-07-12 02:40:45 WARN  (DecompileCallback) Decompiling 0810d680, pcode error at 0810d680: Unable to disassemble EXTERNAL block location: 0810d680  
2026-07-12 02:40:45 WARN  (DecompileCallback) Decompiling 0810d688, pcode error at 0810d688: Unable to disassemble EXTERNAL block location: 0810d688  
2026-07-12 02:40:45 WARN  (DecompileCallback) Decompiling 0810d690, pcode error at 0810d690: Unable to disassemble EXTERNAL block location: 0810d690  
2026-07-12 02:40:45 WARN  (DecompileCallback) Decompiling 0810d698, pcode error at 0810d698: Unable to disassemble EXTERNAL block location: 0810d698  
2026-07-12 02:40:45 WARN  (DecompileCallback) Decompiling 0810d6a0, pcode error at 0810d6a0: Unable to disassemble EXTERNAL block location: 0810d6a0  
2026-07-12 02:40:45 WARN  (DecompileCallback) Decompiling 0810d6a8, pcode error at 0810d6a8: Unable to disassemble EXTERNAL block location: 0810d6a8  
2026-07-12 02:40:45 WARN  (DecompileCallback) Decompiling 0810d6b0, pcode error at 0810d6b0: Unable to disassemble EXTERNAL block location: 0810d6b0  
2026-07-12 02:40:45 WARN  (DecompileCallback) Decompiling 0810d6b8, pcode error at 0810d6b8: Unable to disassemble EXTERNAL block location: 0810d6b8  
2026-07-12 02:40:45 WARN  (DecompileCallback) Decompiling 0810d6c0, pcode error at 0810d6c0: Unable to disassemble EXTERNAL block location: 0810d6c0  
2026-07-12 02:40:45 WARN  (DecompileCallback) Decompiling 0810d6c8, pcode error at 0810d6c8: Unable to disassemble EXTERNAL block location: 0810d6c8  
2026-07-12 02:40:45 WARN  (DecompileCallback) Decompiling 0810d6d0, pcode error at 0810d6d0: Unable to disassemble EXTERNAL block location: 0810d6d0  
2026-07-12 02:40:45 WARN  (DecompileCallback) Decompiling 0810d6d8, pcode error at 0810d6d8: Unable to disassemble EXTERNAL block location: 0810d6d8  
2026-07-12 02:40:45 WARN  (DecompileCallback) Decompiling 0810d6e0, pcode error at 0810d6e0: Unable to disassemble EXTERNAL block location: 0810d6e0  
2026-07-12 02:40:45 WARN  (DecompileCallback) Decompiling 0810d6e8, pcode error at 0810d6e8: Unable to disassemble EXTERNAL block location: 0810d6e8  
2026-07-12 02:40:45 WARN  (DecompileCallback) Decompiling 0810d6f0, pcode error at 0810d6f0: Unable to disassemble EXTERNAL block location: 0810d6f0  
2026-07-12 02:40:45 WARN  (DecompileCallback) Decompiling 0810d6f8, pcode error at 0810d6f8: Unable to disassemble EXTERNAL block location: 0810d6f8  
2026-07-12 02:40:45 WARN  (DecompileCallback) Decompiling 0810d700, pcode error at 0810d700: Unable to disassemble EXTERNAL block location: 0810d700  
2026-07-12 02:40:45 WARN  (DecompileCallback) Decompiling 0810d708, pcode error at 0810d708: Unable to disassemble EXTERNAL block location: 0810d708  
2026-07-12 02:40:45 WARN  (DecompileCallback) Decompiling 0810d710, pcode error at 0810d710: Unable to disassemble EXTERNAL block location: 0810d710  
2026-07-12 02:40:45 WARN  (DecompileCallback) Decompiling 0810d718, pcode error at 0810d718: Unable to disassemble EXTERNAL block location: 0810d718  
2026-07-12 02:40:45 WARN  (DecompileCallback) Decompiling 0810d720, pcode error at 0810d720: Unable to disassemble EXTERNAL block location: 0810d720  
2026-07-12 02:40:45 WARN  (DecompileCallback) Decompiling 0810d728, pcode error at 0810d728: Unable to disassemble EXTERNAL block location: 0810d728  
2026-07-12 02:40:45 WARN  (DecompileCallback) Decompiling 0810d730, pcode error at 0810d730: Unable to disassemble EXTERNAL block location: 0810d730  
2026-07-12 02:40:45 WARN  (DecompileCallback) Decompiling 0810d738, pcode error at 0810d738: Unable to disassemble EXTERNAL block location: 0810d738  
2026-07-12 02:40:45 WARN  (DecompileCallback) Decompiling 0810d740, pcode error at 0810d740: Unable to disassemble EXTERNAL block location: 0810d740  
2026-07-12 02:40:45 WARN  (DecompileCallback) Decompiling 0810d748, pcode error at 0810d748: Unable to disassemble EXTERNAL block location: 0810d748  
2026-07-12 02:40:45 WARN  (DecompileCallback) Decompiling 0810d750, pcode error at 0810d750: Unable to disassemble EXTERNAL block location: 0810d750  
2026-07-12 02:40:45 WARN  (DecompileCallback) Decompiling 0810d758, pcode error at 0810d758: Unable to disassemble EXTERNAL block location: 0810d758  
2026-07-12 02:40:45 WARN  (DecompileCallback) Decompiling 0810d760, pcode error at 0810d760: Unable to disassemble EXTERNAL block location: 0810d760  
2026-07-12 02:40:45 WARN  (DecompileCallback) Decompiling 0810d768, pcode error at 0810d768: Unable to disassemble EXTERNAL block location: 0810d768  
2026-07-12 02:40:45 WARN  (DecompileCallback) Decompiling 0810d770, pcode error at 0810d770: Unable to disassemble EXTERNAL block location: 0810d770  
2026-07-12 02:40:45 WARN  (DecompileCallback) Decompiling 0810d778, pcode error at 0810d778: Unable to disassemble EXTERNAL block location: 0810d778  
2026-07-12 02:40:45 WARN  (DecompileCallback) Decompiling 0810d780, pcode error at 0810d780: Unable to disassemble EXTERNAL block location: 0810d780  
2026-07-12 02:40:45 WARN  (DecompileCallback) Decompiling 0810d788, pcode error at 0810d788: Unable to disassemble EXTERNAL block location: 0810d788  
2026-07-12 02:40:45 WARN  (DecompileCallback) Decompiling 0810d790, pcode error at 0810d790: Unable to disassemble EXTERNAL block location: 0810d790  
2026-07-12 02:40:45 WARN  (DecompileCallback) Decompiling 0810d798, pcode error at 0810d798: Unable to disassemble EXTERNAL block location: 0810d798  
2026-07-12 02:40:45 WARN  (DecompileCallback) Decompiling 0810d7a0, pcode error at 0810d7a0: Unable to disassemble EXTERNAL block location: 0810d7a0  
2026-07-12 02:40:45 WARN  (DecompileCallback) Decompiling 0810d7a8, pcode error at 0810d7a8: Unable to disassemble EXTERNAL block location: 0810d7a8  
2026-07-12 02:40:45 WARN  (DecompileCallback) Decompiling 0810d7b0, pcode error at 0810d7b0: Unable to disassemble EXTERNAL block location: 0810d7b0  
2026-07-12 02:40:45 WARN  (DecompileCallback) Decompiling 0810d7b8, pcode error at 0810d7b8: Unable to disassemble EXTERNAL block location: 0810d7b8  
2026-07-12 02:40:45 WARN  (DecompileCallback) Decompiling 0810d7c0, pcode error at 0810d7c0: Unable to disassemble EXTERNAL block location: 0810d7c0  
2026-07-12 02:40:45 WARN  (DecompileCallback) Decompiling 0810d7c8, pcode error at 0810d7c8: Unable to disassemble EXTERNAL block location: 0810d7c8  
2026-07-12 02:40:45 WARN  (DecompileCallback) Decompiling 0810d7d0, pcode error at 0810d7d0: Unable to disassemble EXTERNAL block location: 0810d7d0  
2026-07-12 02:40:45 WARN  (DecompileCallback) Decompiling 0810d7d8, pcode error at 0810d7d8: Unable to disassemble EXTERNAL block location: 0810d7d8  
2026-07-12 02:40:45 WARN  (DecompileCallback) Decompiling 0810d7e0, pcode error at 0810d7e0: Unable to disassemble EXTERNAL block location: 0810d7e0  
2026-07-12 02:40:45 WARN  (DecompileCallback) Decompiling 0810d7e8, pcode error at 0810d7e8: Unable to disassemble EXTERNAL block location: 0810d7e8  
2026-07-12 02:40:45 WARN  (DecompileCallback) Decompiling 0810d7f0, pcode error at 0810d7f0: Unable to disassemble EXTERNAL block location: 0810d7f0  
2026-07-12 02:40:45 WARN  (DecompileCallback) Decompiling 0810d7f8, pcode error at 0810d7f8: Unable to disassemble EXTERNAL block location: 0810d7f8  
2026-07-12 02:40:45 WARN  (DecompileCallback) Decompiling 0810d800, pcode error at 0810d800: Unable to disassemble EXTERNAL block location: 0810d800  
2026-07-12 02:40:45 WARN  (DecompileCallback) Decompiling 0810d808, pcode error at 0810d808: Unable to disassemble EXTERNAL block location: 0810d808  
2026-07-12 02:40:45 WARN  (DecompileCallback) Decompiling 0810d810, pcode error at 0810d810: Unable to disassemble EXTERNAL block location: 0810d810  
2026-07-12 02:40:45 WARN  (DecompileCallback) Decompiling 0810d818, pcode error at 0810d818: Unable to disassemble EXTERNAL block location: 0810d818  
2026-07-12 02:40:45 WARN  (DecompileCallback) Decompiling 0810d820, pcode error at 0810d820: Unable to disassemble EXTERNAL block location: 0810d820  
2026-07-12 02:40:45 WARN  (DecompileCallback) Decompiling 0810d828, pcode error at 0810d828: Unable to disassemble EXTERNAL block location: 0810d828  
2026-07-12 02:40:45 WARN  (DecompileCallback) Decompiling 0810d830, pcode error at 0810d830: Unable to disassemble EXTERNAL block location: 0810d830  
2026-07-12 02:40:45 WARN  (DecompileCallback) Decompiling 0810d838, pcode error at 0810d838: Unable to disassemble EXTERNAL block location: 0810d838  
2026-07-12 02:40:45 WARN  (DecompileCallback) Decompiling 0810d840, pcode error at 0810d840: Unable to disassemble EXTERNAL block location: 0810d840  
2026-07-12 02:40:45 WARN  (DecompileCallback) Decompiling 0810d848, pcode error at 0810d848: Unable to disassemble EXTERNAL block location: 0810d848  
2026-07-12 02:40:45 WARN  (DecompileCallback) Decompiling 0810d850, pcode error at 0810d850: Unable to disassemble EXTERNAL block location: 0810d850  
2026-07-12 02:40:45 WARN  (DecompileCallback) Decompiling 0810d858, pcode error at 0810d858: Unable to disassemble EXTERNAL block location: 0810d858  
2026-07-12 02:40:45 WARN  (DecompileCallback) Decompiling 0810d860, pcode error at 0810d860: Unable to disassemble EXTERNAL block location: 0810d860  
2026-07-12 02:40:45 WARN  (DecompileCallback) Decompiling 0810d868, pcode error at 0810d868: Unable to disassemble EXTERNAL block location: 0810d868  
2026-07-12 02:40:45 WARN  (DecompileCallback) Decompiling 0810d870, pcode error at 0810d870: Unable to disassemble EXTERNAL block location: 0810d870  
2026-07-12 02:40:45 WARN  (DecompileCallback) Decompiling 0810d878, pcode error at 0810d878: Unable to disassemble EXTERNAL block location: 0810d878  
2026-07-12 02:40:45 WARN  (DecompileCallback) Decompiling 0810d880, pcode error at 0810d880: Unable to disassemble EXTERNAL block location: 0810d880  
2026-07-12 02:40:45 WARN  (DecompileCallback) Decompiling 0810d888, pcode error at 0810d888: Unable to disassemble EXTERNAL block location: 0810d888  
2026-07-12 02:40:45 WARN  (DecompileCallback) Decompiling 0810d890, pcode error at 0810d890: Unable to disassemble EXTERNAL block location: 0810d890  
2026-07-12 02:40:45 WARN  (DecompileCallback) Decompiling 0810d898, pcode error at 0810d898: Unable to disassemble EXTERNAL block location: 0810d898  
2026-07-12 02:40:45 WARN  (DecompileCallback) Decompiling 0810d8a0, pcode error at 0810d8a0: Unable to disassemble EXTERNAL block location: 0810d8a0  
2026-07-12 02:40:45 WARN  (DecompileCallback) Decompiling 0810d8a8, pcode error at 0810d8a8: Unable to disassemble EXTERNAL block location: 0810d8a8  
2026-07-12 02:40:45 WARN  (DecompileCallback) Decompiling 0810d8b8, pcode error at 0810d8b8: Unable to disassemble EXTERNAL block location: 0810d8b8  
2026-07-12 02:40:45 WARN  (DecompileCallback) Decompiling 0810d8c0, pcode error at 0810d8c0: Unable to disassemble EXTERNAL block location: 0810d8c0  
2026-07-12 02:40:45 WARN  (DecompileCallback) Decompiling 0810d8c8, pcode error at 0810d8c8: Unable to disassemble EXTERNAL block location: 0810d8c8  
2026-07-12 02:40:45 WARN  (DecompileCallback) Decompiling 0810d8d0, pcode error at 0810d8d0: Unable to disassemble EXTERNAL block location: 0810d8d0  
2026-07-12 02:40:45 WARN  (DecompileCallback) Decompiling 0810d8d8, pcode error at 0810d8d8: Unable to disassemble EXTERNAL block location: 0810d8d8  
2026-07-12 02:40:45 WARN  (DecompileCallback) Decompiling 0810d8e0, pcode error at 0810d8e0: Unable to disassemble EXTERNAL block location: 0810d8e0  
2026-07-12 02:40:45 WARN  (DecompileCallback) Decompiling 0810d8e8, pcode error at 0810d8e8: Unable to disassemble EXTERNAL block location: 0810d8e8  
2026-07-12 02:40:45 WARN  (DecompileCallback) Decompiling 0810d8f0, pcode error at 0810d8f0: Unable to disassemble EXTERNAL block location: 0810d8f0  
2026-07-12 02:40:45 INFO  (GhidraScript) GeneralStructureEyePatternScan.java> General structure scan complete.  
2026-07-12 02:40:45 INFO  (GhidraScript) GeneralStructureEyePatternScan.java> Total functions scanned: 849619  
2026-07-12 02:40:45 INFO  (GhidraScript) GeneralStructureEyePatternScan.java> Exported functions: 2686  
2026-07-12 02:40:45 INFO  (GhidraScript) GeneralStructureEyePatternScan.java> Decompile failures: 971  
2026-07-12 02:40:45 INFO  (GhidraScript) GeneralStructureEyePatternScan.java> Report CSV: C:\realDesktop\manifest-evaluations\summer-26\ghidra-pipeline\il2cpp-files\BoxingMiniGames\general-structure-results\structure_scan_report.csv  
2026-07-12 02:40:45 INFO  (GhidraScript) GeneralStructureEyePatternScan.java> Report JSON: C:\realDesktop\manifest-evaluations\summer-26\ghidra-pipeline\il2cpp-files\BoxingMiniGames\general-structure-results\structure_scan_report.json  
2026-07-12 02:40:45 INFO  (HeadlessAnalyzer) REPORT: Save succeeded for processed file: /BoxingMiniGames-libil2cpp.so  
