WARNING: A terminally deprecated method in sun.misc.Unsafe has been called
WARNING: sun.misc.Unsafe::staticFieldOffset has been called by org.apache.felix.framework.util.SecureAction (file:/C:/Users/kimgiordano27/Downloads/ghidra_12.1.2_PUBLIC_20260605/ghidra_12.1.2_PUBLIC/Ghidra/Features/Base/lib/org.apache.felix.framework-7.0.5.jar)
WARNING: Please consider reporting this to the maintainers of class org.apache.felix.framework.util.SecureAction
WARNING: sun.misc.Unsafe::staticFieldOffset will be removed in a future release

Exception: java.lang.OutOfMemoryError thrown from the UncaughtExceptionHandler in thread "GhidraSwinglessTimer"
java.util.concurrent.ExecutionException: java.lang.OutOfMemoryError: Java heap space
	at java.base/java.util.concurrent.FutureTask.report(FutureTask.java:124)
	at java.base/java.util.concurrent.FutureTask.get(FutureTask.java:193)
	at generic.concurrent.QResult.<init>(QResult.java:40)
	at generic.concurrent.FutureTaskMonitor.run(FutureTaskMonitor.java:77)
	at java.base/java.util.concurrent.ThreadPoolExecutor.runWorker(ThreadPoolExecutor.java:1090)
	at java.base/java.util.concurrent.ThreadPoolExecutor$Worker.run(ThreadPoolExecutor.java:614)
	at java.base/java.lang.Thread.run(Thread.java:1474)
Caused by: java.lang.OutOfMemoryError: Java heap space
	at java.base/java.util.HashMap.values(HashMap.java:1043)
	at db.NodeMgr.releaseNodes(NodeMgr.java:171)
	at db.Table.getRecord(Table.java:705)
	at ghidra.program.database.references.FromAdapterV0.getRefList(FromAdapterV0.java:61)
	at ghidra.program.database.references.ReferenceDBManager.getFromRefs(ReferenceDBManager.java:1622)
	at ghidra.program.database.references.ReferenceDBManager.getReferencesFrom(ReferenceDBManager.java:836)
	at ghidra.program.database.code.CodeUnitDB.getReferencesFrom(CodeUnitDB.java:328)
	at ghidra.program.database.code.InstructionDB.getReferencesFrom(InstructionDB.java:39)
	at ghidra.program.model.listing.InstructionPcodeOverride.getPrimaryOverridingReferences(InstructionPcodeOverride.java:61)
	at ghidra.program.model.listing.InstructionPcodeOverride.getOverridingReference(InstructionPcodeOverride.java:103)
	at ghidra.app.plugin.processors.sleigh.PcodeEmit.checkOverrides(PcodeEmit.java:870)
	at ghidra.app.plugin.processors.sleigh.PcodeEmitObjects.dump(PcodeEmitObjects.java:110)
	at ghidra.app.plugin.processors.sleigh.PcodeEmit.dump(PcodeEmit.java:576)
	at ghidra.app.plugin.processors.sleigh.PcodeEmit.build(PcodeEmit.java:730)
	at ghidra.app.plugin.processors.sleigh.PcodeEmit.appendBuild(PcodeEmit.java:603)
	at ghidra.app.plugin.processors.sleigh.PcodeEmit.build(PcodeEmit.java:717)
	at ghidra.app.plugin.processors.sleigh.SleighInstructionPrototype.getPcode(SleighInstructionPrototype.java:1022)
	at ghidra.program.database.code.InstructionDB.getPcode(InstructionDB.java:686)
	at ghidra.program.util.SymbolicPropogator.getInstructionPcode(SymbolicPropogator.java:754)
	at ghidra.program.util.SymbolicPropogator.cacheInstruction(SymbolicPropogator.java:793)
	at ghidra.program.util.SymbolicPropogator.getInstructionAt(SymbolicPropogator.java:770)
	at ghidra.program.util.SymbolicPropogator.flowConstants(SymbolicPropogator.java:594)
	at ghidra.program.util.SymbolicPropogator.flowConstants(SymbolicPropogator.java:479)
	at ghidra.program.util.SymbolicPropogator.flowConstants(SymbolicPropogator.java:215)
	at ghidra.app.plugin.core.analysis.ConstantPropagationAnalyzer.flowConstants(ConstantPropagationAnalyzer.java:514)
	at ghidra.app.plugin.core.analysis.ConstantPropagationAnalyzer.analyzeLocation(ConstantPropagationAnalyzer.java:490)
	at ghidra.app.services.AbstractAnalyzer$1.process(AbstractAnalyzer.java:181)
	at ghidra.app.services.AbstractAnalyzer$1.process(AbstractAnalyzer.java:170)
	at generic.concurrent.ConcurrentQ$CallbackCallable.call(ConcurrentQ.java:706)
	at java.base/java.util.concurrent.FutureTask.run(FutureTask.java:328)
	at generic.concurrent.FutureTaskMonitor.run(FutureTaskMonitor.java:75)
	at java.base/java.util.concurrent.ThreadPoolExecutor.runWorker(ThreadPoolExecutor.java:1090)
java.util.concurrent.ExecutionException: java.lang.OutOfMemoryError: Java heap space
	at java.base/java.util.concurrent.FutureTask.report(FutureTask.java:124)
	at java.base/java.util.concurrent.FutureTask.get(FutureTask.java:193)
	at generic.concurrent.QResult.<init>(QResult.java:40)
	at generic.concurrent.FutureTaskMonitor.run(FutureTaskMonitor.java:77)
	at java.base/java.util.concurrent.ThreadPoolExecutor.runWorker(ThreadPoolExecutor.java:1090)
	at java.base/java.util.concurrent.ThreadPoolExecutor$Worker.run(ThreadPoolExecutor.java:614)
	at java.base/java.lang.Thread.run(Thread.java:1474)
Caused by: java.lang.OutOfMemoryError: Java heap space
