2026-07-11 09:44:22 INFO  (LoggingInitialization) Using log config file: jar:file:/C:/Users/kimgiordano27/Downloads/ghidra_12.1.2_PUBLIC_20260605/ghidra_12.1.2_PUBLIC/Ghidra/Framework/Generic/lib/Generic.jar!/generic.log4j.xml  
2026-07-11 09:44:22 INFO  (LoggingInitialization) Using log file: C:\realDesktop\manifest-evaluations\summer-26\ghidra-pipeline\il2cpp-files\BowlingAlley\general-structure-ghidra.log  
2026-07-11 09:44:22 DEBUG (GhidraObjectInputFilter) Including serial input filter: FileSystem/data/client.rmi.serial.filter  
2026-07-11 09:44:22 INFO  (Preferences) Loading user preferences: C:\Users\kimgiordano27\AppData\Roaming\ghidra\ghidra_12.1.2_PUBLIC\preferences  
2026-07-11 09:44:22 INFO  (ClassSearcher) Searching for classes...  
2026-07-11 09:44:22 INFO  (ClassSearcher) Class search complete (618 ms)  
2026-07-11 09:44:22 INFO  (DefaultSSLContextInitializer) Initializing SSL Context  
2026-07-11 09:44:22 INFO  (SecureRandomFactory) Initializing Random Number Generator...  
2026-07-11 09:44:22 INFO  (SecureRandomFactory) Random Number Generator initialization complete: SHA1PRNG  
2026-07-11 09:44:22 INFO  (DefaultTrustManagerFactory) Trust manager disabled, cacerts have not been set  
2026-07-11 09:44:23 INFO  (AnalyzeHeadless) Headless startup complete (5871 ms)  
2026-07-11 09:44:23 INFO  (ClassSearcher) Class searcher loaded 59 extension points (20 false positives)  
2026-07-11 09:44:23 INFO  (HeadlessAnalyzer) HEADLESS Script Paths:
    C:\Users\kimgiordano27\Downloads\ghidra_12.1.2_PUBLIC_20260605\ghidra_12.1.2_PUBLIC\Ghidra\Features\DecompilerDependent\ghidra_scripts
    C:\Users\kimgiordano27\Downloads\ghidra_12.1.2_PUBLIC_20260605\ghidra_12.1.2_PUBLIC\Ghidra\Processors\Atmel\ghidra_scripts
    C:\Users\kimgiordano27\Downloads\ghidra_12.1.2_PUBLIC_20260605\ghidra_12.1.2_PUBLIC\Ghidra\Processors\PIC\ghidra_scripts
    C:\Users\kimgiordano27\Downloads\ghidra_12.1.2_PUBLIC_20260605\ghidra_12.1.2_PUBLIC\Ghidra\Features\VersionTracking\ghidra_scripts
    C:\Users\kimgiordano27\Downloads\ghidra_12.1.2_PUBLIC_20260605\ghidra_12.1.2_PUBLIC\Ghidra\Features\BytePatterns\ghidra_scripts
    C:\Users\kimgiordano27\ghidra_scripts
    C:\Users\kimgiordano27\Downloads\ghidra_12.1.2_PUBLIC_20260605\ghidra_12.1.2_PUBLIC\Ghidra\Features\BSim\ghidra_scripts
    C:\realDesktop\manifest-evaluations\summer-26\ghidra-pipeline\ghidra-export-scripts
    C:\Users\kimgiordano27\Downloads\ghidra_12.1.2_PUBLIC_20260605\ghidra_12.1.2_PUBLIC\Ghidra\Processors\JVM\ghidra_scripts
    C:\Users\kimgiordano27\Downloads\ghidra_12.1.2_PUBLIC_20260605\ghidra_12.1.2_PUBLIC\Ghidra\Features\Base\ghidra_scripts
    C:\Users\kimgiordano27\Downloads\ghidra_12.1.2_PUBLIC_20260605\ghidra_12.1.2_PUBLIC\Ghidra\Features\SwiftDemangler\ghidra_scripts
    C:\Users\kimgiordano27\Downloads\ghidra_12.1.2_PUBLIC_20260605\ghidra_12.1.2_PUBLIC\Ghidra\Features\WildcardAssembler\ghidra_scripts
    C:\Users\kimgiordano27\Downloads\ghidra_12.1.2_PUBLIC_20260605\ghidra_12.1.2_PUBLIC\Ghidra\Features\FileFormats\ghidra_scripts
    C:\Users\kimgiordano27\Downloads\ghidra_12.1.2_PUBLIC_20260605\ghidra_12.1.2_PUBLIC\Ghidra\Features\Decompiler\ghidra_scripts
    C:\Users\kimgiordano27\Downloads\ghidra_12.1.2_PUBLIC_20260605\ghidra_12.1.2_PUBLIC\Ghidra\Features\SystemEmulation\ghidra_scripts
    C:\Users\kimgiordano27\Downloads\ghidra_12.1.2_PUBLIC_20260605\ghidra_12.1.2_PUBLIC\Ghidra\Processors\8051\ghidra_scripts
    C:\Users\kimgiordano27\Downloads\ghidra_12.1.2_PUBLIC_20260605\ghidra_12.1.2_PUBLIC\Ghidra\Features\GnuDemangler\ghidra_scripts
    C:\Users\kimgiordano27\Downloads\ghidra_12.1.2_PUBLIC_20260605\ghidra_12.1.2_PUBLIC\Ghidra\Debug\Debugger\ghidra_scripts
    C:\Users\kimgiordano27\Downloads\ghidra_12.1.2_PUBLIC_20260605\ghidra_12.1.2_PUBLIC\Ghidra\Processors\DATA\ghidra_scripts
    C:\Users\kimgiordano27\Downloads\ghidra_12.1.2_PUBLIC_20260605\ghidra_12.1.2_PUBLIC\Ghidra\Debug\Debugger-rmi-trace\ghidra_scripts
    C:\Users\kimgiordano27\Downloads\ghidra_12.1.2_PUBLIC_20260605\ghidra_12.1.2_PUBLIC\Ghidra\Features\FunctionID\ghidra_scripts
    C:\Users\kimgiordano27\Downloads\ghidra_12.1.2_PUBLIC_20260605\ghidra_12.1.2_PUBLIC\Ghidra\Features\MicrosoftCodeAnalyzer\ghidra_scripts
    C:\Users\kimgiordano27\Downloads\ghidra_12.1.2_PUBLIC_20260605\ghidra_12.1.2_PUBLIC\Ghidra\Features\PDB\ghidra_scripts
    C:\Users\kimgiordano27\AppData\Roaming\ghidra\ghidra_12.1.2_PUBLIC\Extensions\Jython\ghidra_scripts
    C:\Users\kimgiordano27\Downloads\ghidra_12.1.2_PUBLIC_20260605\ghidra_12.1.2_PUBLIC\Ghidra\Features\PyGhidra\ghidra_scripts  
2026-07-11 09:44:23 INFO  (HeadlessAnalyzer) HEADLESS: execution starts  
2026-07-11 09:44:23 INFO  (HeadlessAnalyzer) Opening existing project: C:\realDesktop\manifest-evaluations\summer-26\ghidra-pipeline\il2cpp-files\BowlingAlley\ghidra-project-BowlingAlley\BowlingAlley  
2026-07-11 09:44:23 INFO  (HeadlessProject) Opening project: C:\realDesktop\manifest-evaluations\summer-26\ghidra-pipeline\il2cpp-files\BowlingAlley\ghidra-project-BowlingAlley\BowlingAlley  
2026-07-11 09:44:23 INFO  (LocalFileSystem) /BowlingAlley-libil2cpp.so: checkout (2) granted (kimgiordano27)  
2026-07-11 09:44:28 INFO  (HeadlessAnalyzer) REPORT: Processing project file: /BowlingAlley-libil2cpp.so  
2026-07-11 09:44:28 INFO  (HeadlessAnalyzer) REPORT: Execute script: GeneralStructureEyePatternScan.java 'C:\realDesktop\manifest-evaluations\summer-26\ghidra-pipeline\il2cpp-files\BowlingAlley\general-structure-results' '70' 'false'   
2026-07-11 09:44:29 INFO  (HeadlessAnalyzer) SCRIPT: C:\realDesktop\manifest-evaluations\summer-26\ghidra-pipeline\ghidra-export-scripts\GeneralStructureEyePatternScan.java  
2026-07-11 09:44:29 INFO  (GhidraScript) GeneralStructureEyePatternScan.java> General structure scan starting...  
2026-07-11 09:44:29 INFO  (GhidraScript) GeneralStructureEyePatternScan.java> Output: C:\realDesktop\manifest-evaluations\summer-26\ghidra-pipeline\il2cpp-files\BowlingAlley\general-structure-results  
2026-07-11 09:44:29 INFO  (GhidraScript) GeneralStructureEyePatternScan.java> Minimum review score: 70  
2026-07-11 09:44:29 INFO  (GhidraScript) GeneralStructureEyePatternScan.java> Export all: false  
2026-07-11 09:44:40 INFO  (GhidraScript) GeneralStructureEyePatternScan.java> Scanned 10000 functions. Exported so far: 0  
2026-07-11 09:44:51 INFO  (GhidraScript) GeneralStructureEyePatternScan.java> Scanned 20000 functions. Exported so far: 3  
2026-07-11 09:45:01 INFO  (GhidraScript) GeneralStructureEyePatternScan.java> Scanned 30000 functions. Exported so far: 3  
2026-07-11 09:45:18 INFO  (GhidraScript) GeneralStructureEyePatternScan.java> Scanned 40000 functions. Exported so far: 3  
2026-07-11 09:45:32 INFO  (GhidraScript) GeneralStructureEyePatternScan.java> Scanned 50000 functions. Exported so far: 3  
2026-07-11 09:45:50 INFO  (GhidraScript) GeneralStructureEyePatternScan.java> Scanned 60000 functions. Exported so far: 3  
2026-07-11 09:46:02 INFO  (GhidraScript) GeneralStructureEyePatternScan.java> Scanned 70000 functions. Exported so far: 3  
2026-07-11 09:46:32 INFO  (GhidraScript) GeneralStructureEyePatternScan.java> Scanned 80000 functions. Exported so far: 3  
2026-07-11 09:46:52 INFO  (GhidraScript) GeneralStructureEyePatternScan.java> Scanned 90000 functions. Exported so far: 3  
2026-07-11 09:47:11 INFO  (GhidraScript) GeneralStructureEyePatternScan.java> Scanned 100000 functions. Exported so far: 3  
2026-07-11 09:47:29 INFO  (GhidraScript) GeneralStructureEyePatternScan.java> Scanned 110000 functions. Exported so far: 3  
2026-07-11 09:47:47 INFO  (GhidraScript) GeneralStructureEyePatternScan.java> Scanned 120000 functions. Exported so far: 3  
2026-07-11 09:48:11 INFO  (GhidraScript) GeneralStructureEyePatternScan.java> Scanned 130000 functions. Exported so far: 3  
2026-07-11 09:48:33 INFO  (GhidraScript) GeneralStructureEyePatternScan.java> Scanned 140000 functions. Exported so far: 3  
2026-07-11 09:48:54 INFO  (GhidraScript) GeneralStructureEyePatternScan.java> Scanned 150000 functions. Exported so far: 3  
2026-07-11 09:49:12 INFO  (GhidraScript) GeneralStructureEyePatternScan.java> Scanned 160000 functions. Exported so far: 4  
2026-07-11 09:49:27 INFO  (GhidraScript) GeneralStructureEyePatternScan.java> Scanned 170000 functions. Exported so far: 5  
2026-07-11 09:53:19 INFO  (GhidraScript) GeneralStructureEyePatternScan.java> Scanned 180000 functions. Exported so far: 95  
2026-07-11 09:54:44 INFO  (GhidraScript) GeneralStructureEyePatternScan.java> Scanned 190000 functions. Exported so far: 131  
2026-07-11 09:56:05 INFO  (GhidraScript) GeneralStructureEyePatternScan.java> Scanned 200000 functions. Exported so far: 147  
2026-07-11 09:57:03 INFO  (GhidraScript) GeneralStructureEyePatternScan.java> Scanned 210000 functions. Exported so far: 153  
2026-07-11 09:58:33 INFO  (GhidraScript) GeneralStructureEyePatternScan.java> Scanned 220000 functions. Exported so far: 164  
2026-07-11 09:59:39 INFO  (GhidraScript) GeneralStructureEyePatternScan.java> Scanned 230000 functions. Exported so far: 164  
2026-07-11 10:01:08 INFO  (GhidraScript) GeneralStructureEyePatternScan.java> Scanned 240000 functions. Exported so far: 178  
2026-07-11 10:03:43 INFO  (GhidraScript) GeneralStructureEyePatternScan.java> Scanned 250000 functions. Exported so far: 193  
2026-07-11 10:04:50 INFO  (GhidraScript) GeneralStructureEyePatternScan.java> Scanned 260000 functions. Exported so far: 196  
2026-07-11 10:06:07 INFO  (GhidraScript) GeneralStructureEyePatternScan.java> Scanned 270000 functions. Exported so far: 197  
2026-07-11 10:07:40 INFO  (GhidraScript) GeneralStructureEyePatternScan.java> Scanned 280000 functions. Exported so far: 248  
2026-07-11 10:08:16 INFO  (GhidraScript) GeneralStructureEyePatternScan.java> Scanned 290000 functions. Exported so far: 248  
2026-07-11 10:09:16 INFO  (GhidraScript) GeneralStructureEyePatternScan.java> Scanned 300000 functions. Exported so far: 248  
2026-07-11 10:10:35 INFO  (GhidraScript) GeneralStructureEyePatternScan.java> Scanned 310000 functions. Exported so far: 248  
2026-07-11 10:11:40 INFO  (GhidraScript) GeneralStructureEyePatternScan.java> Scanned 320000 functions. Exported so far: 248  
2026-07-11 10:12:44 INFO  (GhidraScript) GeneralStructureEyePatternScan.java> Scanned 330000 functions. Exported so far: 248  
2026-07-11 10:13:47 INFO  (GhidraScript) GeneralStructureEyePatternScan.java> Scanned 340000 functions. Exported so far: 248  
2026-07-11 10:14:50 INFO  (GhidraScript) GeneralStructureEyePatternScan.java> Scanned 350000 functions. Exported so far: 257  
2026-07-11 10:16:16 INFO  (GhidraScript) GeneralStructureEyePatternScan.java> Scanned 360000 functions. Exported so far: 257  
2026-07-11 10:16:47 INFO  (GhidraScript) GeneralStructureEyePatternScan.java> Scanned 370000 functions. Exported so far: 338  
2026-07-11 10:17:52 INFO  (GhidraScript) GeneralStructureEyePatternScan.java> Scanned 380000 functions. Exported so far: 338  
2026-07-11 10:18:21 INFO  (GhidraScript) GeneralStructureEyePatternScan.java> Scanned 390000 functions. Exported so far: 344  
2026-07-11 10:19:45 INFO  (GhidraScript) GeneralStructureEyePatternScan.java> Scanned 400000 functions. Exported so far: 345  
2026-07-11 10:20:52 INFO  (GhidraScript) GeneralStructureEyePatternScan.java> Scanned 410000 functions. Exported so far: 365  
2026-07-11 10:22:02 INFO  (GhidraScript) GeneralStructureEyePatternScan.java> Scanned 420000 functions. Exported so far: 365  
2026-07-11 10:23:23 INFO  (GhidraScript) GeneralStructureEyePatternScan.java> Scanned 430000 functions. Exported so far: 365  
2026-07-11 10:24:22 INFO  (GhidraScript) GeneralStructureEyePatternScan.java> Scanned 440000 functions. Exported so far: 365  
2026-07-11 10:25:35 INFO  (GhidraScript) GeneralStructureEyePatternScan.java> Scanned 450000 functions. Exported so far: 380  
2026-07-11 10:27:14 INFO  (GhidraScript) GeneralStructureEyePatternScan.java> Scanned 460000 functions. Exported so far: 380  
2026-07-11 10:28:14 INFO  (GhidraScript) GeneralStructureEyePatternScan.java> Scanned 470000 functions. Exported so far: 380  
2026-07-11 10:29:15 INFO  (GhidraScript) GeneralStructureEyePatternScan.java> Scanned 480000 functions. Exported so far: 388  
2026-07-11 10:32:07 INFO  (GhidraScript) GeneralStructureEyePatternScan.java> Scanned 490000 functions. Exported so far: 391  
2026-07-11 10:33:44 INFO  (GhidraScript) GeneralStructureEyePatternScan.java> Scanned 500000 functions. Exported so far: 394  
2026-07-11 10:35:24 INFO  (GhidraScript) GeneralStructureEyePatternScan.java> Scanned 510000 functions. Exported so far: 394  
2026-07-11 10:36:54 INFO  (GhidraScript) GeneralStructureEyePatternScan.java> Scanned 520000 functions. Exported so far: 395  
2026-07-11 10:38:30 INFO  (GhidraScript) GeneralStructureEyePatternScan.java> Scanned 530000 functions. Exported so far: 451  
2026-07-11 10:39:49 INFO  (GhidraScript) GeneralStructureEyePatternScan.java> Scanned 540000 functions. Exported so far: 459  
2026-07-11 10:40:13 INFO  (GhidraScript) GeneralStructureEyePatternScan.java> Scanned 550000 functions. Exported so far: 483  
2026-07-11 10:40:50 INFO  (GhidraScript) GeneralStructureEyePatternScan.java> Scanned 560000 functions. Exported so far: 483  
2026-07-11 10:41:34 INFO  (GhidraScript) GeneralStructureEyePatternScan.java> Scanned 570000 functions. Exported so far: 484  
2026-07-11 10:44:21 INFO  (GhidraScript) GeneralStructureEyePatternScan.java> Scanned 580000 functions. Exported so far: 484  
2026-07-11 10:45:39 INFO  (GhidraScript) GeneralStructureEyePatternScan.java> Scanned 590000 functions. Exported so far: 490  
2026-07-11 10:53:29 INFO  (GhidraScript) GeneralStructureEyePatternScan.java> Scanned 600000 functions. Exported so far: 731  
2026-07-11 10:55:19 INFO  (GhidraScript) GeneralStructureEyePatternScan.java> Scanned 610000 functions. Exported so far: 732  
2026-07-11 10:56:49 INFO  (GhidraScript) GeneralStructureEyePatternScan.java> Scanned 620000 functions. Exported so far: 838  
2026-07-11 11:12:54 INFO  (GhidraScript) GeneralStructureEyePatternScan.java> Scanned 630000 functions. Exported so far: 956  
2026-07-11 11:17:52 INFO  (GhidraScript) GeneralStructureEyePatternScan.java> Scanned 640000 functions. Exported so far: 956  
2026-07-11 11:20:15 INFO  (GhidraScript) GeneralStructureEyePatternScan.java> Scanned 650000 functions. Exported so far: 996  
2026-07-11 11:22:25 INFO  (GhidraScript) GeneralStructureEyePatternScan.java> Scanned 660000 functions. Exported so far: 1026  
2026-07-11 11:24:21 INFO  (GhidraScript) GeneralStructureEyePatternScan.java> Scanned 670000 functions. Exported so far: 1441  
2026-07-11 11:28:04 INFO  (GhidraScript) GeneralStructureEyePatternScan.java> Scanned 680000 functions. Exported so far: 1467  
2026-07-11 11:30:49 INFO  (GhidraScript) GeneralStructureEyePatternScan.java> Scanned 690000 functions. Exported so far: 1490  
2026-07-11 11:36:45 INFO  (GhidraScript) GeneralStructureEyePatternScan.java> Scanned 700000 functions. Exported so far: 1695  
2026-07-11 11:46:35 INFO  (GhidraScript) GeneralStructureEyePatternScan.java> Scanned 710000 functions. Exported so far: 1758  
2026-07-11 11:59:55 INFO  (GhidraScript) GeneralStructureEyePatternScan.java> Scanned 720000 functions. Exported so far: 1901  
2026-07-11 12:02:34 INFO  (GhidraScript) GeneralStructureEyePatternScan.java> Scanned 730000 functions. Exported so far: 1917  
2026-07-11 12:03:46 INFO  (GhidraScript) GeneralStructureEyePatternScan.java> Scanned 740000 functions. Exported so far: 1925  
2026-07-11 12:13:58 INFO  (GhidraScript) GeneralStructureEyePatternScan.java> Scanned 750000 functions. Exported so far: 2079  
2026-07-11 12:14:43 INFO  (GhidraScript) GeneralStructureEyePatternScan.java> Scanned 760000 functions. Exported so far: 2081  
2026-07-11 12:16:58 INFO  (GhidraScript) GeneralStructureEyePatternScan.java> Scanned 770000 functions. Exported so far: 2116  
2026-07-11 12:39:15 INFO  (GhidraScript) GeneralStructureEyePatternScan.java> Scanned 780000 functions. Exported so far: 2202  
2026-07-11 13:49:07 INFO  (GhidraScript) GeneralStructureEyePatternScan.java> Scanned 790000 functions. Exported so far: 2270  
2026-07-11 13:55:16 INFO  (GhidraScript) GeneralStructureEyePatternScan.java> Scanned 800000 functions. Exported so far: 2357  
2026-07-11 13:56:49 INFO  (GhidraScript) GeneralStructureEyePatternScan.java> Scanned 810000 functions. Exported so far: 2456  
2026-07-11 13:58:41 INFO  (GhidraScript) GeneralStructureEyePatternScan.java> Scanned 820000 functions. Exported so far: 2520  
2026-07-11 14:02:23 INFO  (GhidraScript) GeneralStructureEyePatternScan.java> Scanned 830000 functions. Exported so far: 2558  
2026-07-11 14:29:57 INFO  (GhidraScript) GeneralStructureEyePatternScan.java> Scanned 840000 functions. Exported so far: 2586  
2026-07-11 14:31:10 WARN  (DecompileCallback) Decompiling 07903000, pcode error at 07903000: Unable to disassemble EXTERNAL block location: 07903000  
2026-07-11 14:31:10 WARN  (DecompileCallback) Decompiling 07903008, pcode error at 07903008: Unable to disassemble EXTERNAL block location: 07903008  
2026-07-11 14:31:10 WARN  (DecompileCallback) Decompiling 07903010, pcode error at 07903010: Unable to disassemble EXTERNAL block location: 07903010  
2026-07-11 14:31:10 WARN  (DecompileCallback) Decompiling 07903018, pcode error at 07903018: Unable to disassemble EXTERNAL block location: 07903018  
2026-07-11 14:31:10 WARN  (DecompileCallback) Decompiling 07903020, pcode error at 07903020: Unable to disassemble EXTERNAL block location: 07903020  
2026-07-11 14:31:10 WARN  (DecompileCallback) Decompiling 07903028, pcode error at 07903028: Unable to disassemble EXTERNAL block location: 07903028  
2026-07-11 14:31:10 WARN  (DecompileCallback) Decompiling 07903030, pcode error at 07903030: Unable to disassemble EXTERNAL block location: 07903030  
2026-07-11 14:31:10 WARN  (DecompileCallback) Decompiling 07903038, pcode error at 07903038: Unable to disassemble EXTERNAL block location: 07903038  
2026-07-11 14:31:10 WARN  (DecompileCallback) Decompiling 07903040, pcode error at 07903040: Unable to disassemble EXTERNAL block location: 07903040  
2026-07-11 14:31:10 WARN  (DecompileCallback) Decompiling 07903048, pcode error at 07903048: Unable to disassemble EXTERNAL block location: 07903048  
2026-07-11 14:31:10 WARN  (DecompileCallback) Decompiling 07903050, pcode error at 07903050: Unable to disassemble EXTERNAL block location: 07903050  
2026-07-11 14:31:10 WARN  (DecompileCallback) Decompiling 07903058, pcode error at 07903058: Unable to disassemble EXTERNAL block location: 07903058  
2026-07-11 14:31:10 WARN  (DecompileCallback) Decompiling 07903060, pcode error at 07903060: Unable to disassemble EXTERNAL block location: 07903060  
2026-07-11 14:31:10 WARN  (DecompileCallback) Decompiling 07903068, pcode error at 07903068: Unable to disassemble EXTERNAL block location: 07903068  
2026-07-11 14:31:10 WARN  (DecompileCallback) Decompiling 07903070, pcode error at 07903070: Unable to disassemble EXTERNAL block location: 07903070  
2026-07-11 14:31:10 WARN  (DecompileCallback) Decompiling 07903078, pcode error at 07903078: Unable to disassemble EXTERNAL block location: 07903078  
2026-07-11 14:31:10 WARN  (DecompileCallback) Decompiling 07903080, pcode error at 07903080: Unable to disassemble EXTERNAL block location: 07903080  
2026-07-11 14:31:10 WARN  (DecompileCallback) Decompiling 07903088, pcode error at 07903088: Unable to disassemble EXTERNAL block location: 07903088  
2026-07-11 14:31:10 WARN  (DecompileCallback) Decompiling 07903090, pcode error at 07903090: Unable to disassemble EXTERNAL block location: 07903090  
2026-07-11 14:31:10 WARN  (DecompileCallback) Decompiling 07903098, pcode error at 07903098: Unable to disassemble EXTERNAL block location: 07903098  
2026-07-11 14:31:10 WARN  (DecompileCallback) Decompiling 079030a0, pcode error at 079030a0: Unable to disassemble EXTERNAL block location: 079030a0  
2026-07-11 14:31:10 WARN  (DecompileCallback) Decompiling 079030a8, pcode error at 079030a8: Unable to disassemble EXTERNAL block location: 079030a8  
2026-07-11 14:31:10 WARN  (DecompileCallback) Decompiling 079030b0, pcode error at 079030b0: Unable to disassemble EXTERNAL block location: 079030b0  
2026-07-11 14:31:10 WARN  (DecompileCallback) Decompiling 079030b8, pcode error at 079030b8: Unable to disassemble EXTERNAL block location: 079030b8  
2026-07-11 14:31:10 WARN  (DecompileCallback) Decompiling 079030c0, pcode error at 079030c0: Unable to disassemble EXTERNAL block location: 079030c0  
2026-07-11 14:31:10 WARN  (DecompileCallback) Decompiling 079030c8, pcode error at 079030c8: Unable to disassemble EXTERNAL block location: 079030c8  
2026-07-11 14:31:10 WARN  (DecompileCallback) Decompiling 079030d0, pcode error at 079030d0: Unable to disassemble EXTERNAL block location: 079030d0  
2026-07-11 14:31:10 WARN  (DecompileCallback) Decompiling 079030d8, pcode error at 079030d8: Unable to disassemble EXTERNAL block location: 079030d8  
2026-07-11 14:31:10 WARN  (DecompileCallback) Decompiling 079030e0, pcode error at 079030e0: Unable to disassemble EXTERNAL block location: 079030e0  
2026-07-11 14:31:10 WARN  (DecompileCallback) Decompiling 079030e8, pcode error at 079030e8: Unable to disassemble EXTERNAL block location: 079030e8  
2026-07-11 14:31:10 WARN  (DecompileCallback) Decompiling 079030f0, pcode error at 079030f0: Unable to disassemble EXTERNAL block location: 079030f0  
2026-07-11 14:31:10 WARN  (DecompileCallback) Decompiling 079030f8, pcode error at 079030f8: Unable to disassemble EXTERNAL block location: 079030f8  
2026-07-11 14:31:10 WARN  (DecompileCallback) Decompiling 07903100, pcode error at 07903100: Unable to disassemble EXTERNAL block location: 07903100  
2026-07-11 14:31:10 WARN  (DecompileCallback) Decompiling 07903108, pcode error at 07903108: Unable to disassemble EXTERNAL block location: 07903108  
2026-07-11 14:31:10 WARN  (DecompileCallback) Decompiling 07903110, pcode error at 07903110: Unable to disassemble EXTERNAL block location: 07903110  
2026-07-11 14:31:10 WARN  (DecompileCallback) Decompiling 07903118, pcode error at 07903118: Unable to disassemble EXTERNAL block location: 07903118  
2026-07-11 14:31:10 WARN  (DecompileCallback) Decompiling 07903120, pcode error at 07903120: Unable to disassemble EXTERNAL block location: 07903120  
2026-07-11 14:31:10 WARN  (DecompileCallback) Decompiling 07903128, pcode error at 07903128: Unable to disassemble EXTERNAL block location: 07903128  
2026-07-11 14:31:10 WARN  (DecompileCallback) Decompiling 07903130, pcode error at 07903130: Unable to disassemble EXTERNAL block location: 07903130  
2026-07-11 14:31:10 WARN  (DecompileCallback) Decompiling 07903138, pcode error at 07903138: Unable to disassemble EXTERNAL block location: 07903138  
2026-07-11 14:31:10 WARN  (DecompileCallback) Decompiling 07903140, pcode error at 07903140: Unable to disassemble EXTERNAL block location: 07903140  
2026-07-11 14:31:10 WARN  (DecompileCallback) Decompiling 07903148, pcode error at 07903148: Unable to disassemble EXTERNAL block location: 07903148  
2026-07-11 14:31:10 WARN  (DecompileCallback) Decompiling 07903150, pcode error at 07903150: Unable to disassemble EXTERNAL block location: 07903150  
2026-07-11 14:31:10 WARN  (DecompileCallback) Decompiling 07903158, pcode error at 07903158: Unable to disassemble EXTERNAL block location: 07903158  
2026-07-11 14:31:10 WARN  (DecompileCallback) Decompiling 07903160, pcode error at 07903160: Unable to disassemble EXTERNAL block location: 07903160  
2026-07-11 14:31:10 WARN  (DecompileCallback) Decompiling 07903168, pcode error at 07903168: Unable to disassemble EXTERNAL block location: 07903168  
2026-07-11 14:31:10 WARN  (DecompileCallback) Decompiling 07903178, pcode error at 07903178: Unable to disassemble EXTERNAL block location: 07903178  
2026-07-11 14:31:10 WARN  (DecompileCallback) Decompiling 07903180, pcode error at 07903180: Unable to disassemble EXTERNAL block location: 07903180  
2026-07-11 14:31:10 WARN  (DecompileCallback) Decompiling 07903188, pcode error at 07903188: Unable to disassemble EXTERNAL block location: 07903188  
2026-07-11 14:31:10 WARN  (DecompileCallback) Decompiling 07903190, pcode error at 07903190: Unable to disassemble EXTERNAL block location: 07903190  
2026-07-11 14:31:10 WARN  (DecompileCallback) Decompiling 07903198, pcode error at 07903198: Unable to disassemble EXTERNAL block location: 07903198  
2026-07-11 14:31:10 WARN  (DecompileCallback) Decompiling 079031a0, pcode error at 079031a0: Unable to disassemble EXTERNAL block location: 079031a0  
2026-07-11 14:31:10 WARN  (DecompileCallback) Decompiling 079031a8, pcode error at 079031a8: Unable to disassemble EXTERNAL block location: 079031a8  
2026-07-11 14:31:10 WARN  (DecompileCallback) Decompiling 079031b0, pcode error at 079031b0: Unable to disassemble EXTERNAL block location: 079031b0  
2026-07-11 14:31:10 WARN  (DecompileCallback) Decompiling 079031b8, pcode error at 079031b8: Unable to disassemble EXTERNAL block location: 079031b8  
2026-07-11 14:31:10 WARN  (DecompileCallback) Decompiling 079031c0, pcode error at 079031c0: Unable to disassemble EXTERNAL block location: 079031c0  
2026-07-11 14:31:10 WARN  (DecompileCallback) Decompiling 079031c8, pcode error at 079031c8: Unable to disassemble EXTERNAL block location: 079031c8  
2026-07-11 14:31:10 WARN  (DecompileCallback) Decompiling 079031d0, pcode error at 079031d0: Unable to disassemble EXTERNAL block location: 079031d0  
2026-07-11 14:31:10 WARN  (DecompileCallback) Decompiling 079031d8, pcode error at 079031d8: Unable to disassemble EXTERNAL block location: 079031d8  
2026-07-11 14:31:10 WARN  (DecompileCallback) Decompiling 079031e0, pcode error at 079031e0: Unable to disassemble EXTERNAL block location: 079031e0  
2026-07-11 14:31:10 WARN  (DecompileCallback) Decompiling 079031e8, pcode error at 079031e8: Unable to disassemble EXTERNAL block location: 079031e8  
2026-07-11 14:31:10 WARN  (DecompileCallback) Decompiling 079031f0, pcode error at 079031f0: Unable to disassemble EXTERNAL block location: 079031f0  
2026-07-11 14:31:10 WARN  (DecompileCallback) Decompiling 079031f8, pcode error at 079031f8: Unable to disassemble EXTERNAL block location: 079031f8  
2026-07-11 14:31:10 WARN  (DecompileCallback) Decompiling 07903200, pcode error at 07903200: Unable to disassemble EXTERNAL block location: 07903200  
2026-07-11 14:31:10 WARN  (DecompileCallback) Decompiling 07903208, pcode error at 07903208: Unable to disassemble EXTERNAL block location: 07903208  
2026-07-11 14:31:10 WARN  (DecompileCallback) Decompiling 07903210, pcode error at 07903210: Unable to disassemble EXTERNAL block location: 07903210  
2026-07-11 14:31:10 WARN  (DecompileCallback) Decompiling 07903218, pcode error at 07903218: Unable to disassemble EXTERNAL block location: 07903218  
2026-07-11 14:31:10 WARN  (DecompileCallback) Decompiling 07903220, pcode error at 07903220: Unable to disassemble EXTERNAL block location: 07903220  
2026-07-11 14:31:10 WARN  (DecompileCallback) Decompiling 07903228, pcode error at 07903228: Unable to disassemble EXTERNAL block location: 07903228  
2026-07-11 14:31:10 WARN  (DecompileCallback) Decompiling 07903230, pcode error at 07903230: Unable to disassemble EXTERNAL block location: 07903230  
2026-07-11 14:31:10 WARN  (DecompileCallback) Decompiling 07903238, pcode error at 07903238: Unable to disassemble EXTERNAL block location: 07903238  
2026-07-11 14:31:10 WARN  (DecompileCallback) Decompiling 07903240, pcode error at 07903240: Unable to disassemble EXTERNAL block location: 07903240  
2026-07-11 14:31:10 WARN  (DecompileCallback) Decompiling 07903248, pcode error at 07903248: Unable to disassemble EXTERNAL block location: 07903248  
2026-07-11 14:31:10 WARN  (DecompileCallback) Decompiling 07903250, pcode error at 07903250: Unable to disassemble EXTERNAL block location: 07903250  
2026-07-11 14:31:10 WARN  (DecompileCallback) Decompiling 07903258, pcode error at 07903258: Unable to disassemble EXTERNAL block location: 07903258  
2026-07-11 14:31:10 WARN  (DecompileCallback) Decompiling 07903260, pcode error at 07903260: Unable to disassemble EXTERNAL block location: 07903260  
2026-07-11 14:31:10 WARN  (DecompileCallback) Decompiling 07903268, pcode error at 07903268: Unable to disassemble EXTERNAL block location: 07903268  
2026-07-11 14:31:10 WARN  (DecompileCallback) Decompiling 07903270, pcode error at 07903270: Unable to disassemble EXTERNAL block location: 07903270  
2026-07-11 14:31:10 WARN  (DecompileCallback) Decompiling 07903278, pcode error at 07903278: Unable to disassemble EXTERNAL block location: 07903278  
2026-07-11 14:31:10 WARN  (DecompileCallback) Decompiling 07903280, pcode error at 07903280: Unable to disassemble EXTERNAL block location: 07903280  
2026-07-11 14:31:10 WARN  (DecompileCallback) Decompiling 07903288, pcode error at 07903288: Unable to disassemble EXTERNAL block location: 07903288  
2026-07-11 14:31:10 WARN  (DecompileCallback) Decompiling 07903290, pcode error at 07903290: Unable to disassemble EXTERNAL block location: 07903290  
2026-07-11 14:31:10 WARN  (DecompileCallback) Decompiling 07903298, pcode error at 07903298: Unable to disassemble EXTERNAL block location: 07903298  
2026-07-11 14:31:10 WARN  (DecompileCallback) Decompiling 079032a0, pcode error at 079032a0: Unable to disassemble EXTERNAL block location: 079032a0  
2026-07-11 14:31:10 WARN  (DecompileCallback) Decompiling 079032a8, pcode error at 079032a8: Unable to disassemble EXTERNAL block location: 079032a8  
2026-07-11 14:31:10 WARN  (DecompileCallback) Decompiling 079032b0, pcode error at 079032b0: Unable to disassemble EXTERNAL block location: 079032b0  
2026-07-11 14:31:10 WARN  (DecompileCallback) Decompiling 079032b8, pcode error at 079032b8: Unable to disassemble EXTERNAL block location: 079032b8  
2026-07-11 14:31:10 WARN  (DecompileCallback) Decompiling 079032c0, pcode error at 079032c0: Unable to disassemble EXTERNAL block location: 079032c0  
2026-07-11 14:31:10 WARN  (DecompileCallback) Decompiling 079032c8, pcode error at 079032c8: Unable to disassemble EXTERNAL block location: 079032c8  
2026-07-11 14:31:10 WARN  (DecompileCallback) Decompiling 079032d0, pcode error at 079032d0: Unable to disassemble EXTERNAL block location: 079032d0  
2026-07-11 14:31:10 WARN  (DecompileCallback) Decompiling 079032d8, pcode error at 079032d8: Unable to disassemble EXTERNAL block location: 079032d8  
2026-07-11 14:31:10 WARN  (DecompileCallback) Decompiling 079032e0, pcode error at 079032e0: Unable to disassemble EXTERNAL block location: 079032e0  
2026-07-11 14:31:10 WARN  (DecompileCallback) Decompiling 079032e8, pcode error at 079032e8: Unable to disassemble EXTERNAL block location: 079032e8  
2026-07-11 14:31:10 WARN  (DecompileCallback) Decompiling 079032f0, pcode error at 079032f0: Unable to disassemble EXTERNAL block location: 079032f0  
2026-07-11 14:31:10 WARN  (DecompileCallback) Decompiling 079032f8, pcode error at 079032f8: Unable to disassemble EXTERNAL block location: 079032f8  
2026-07-11 14:31:10 WARN  (DecompileCallback) Decompiling 07903300, pcode error at 07903300: Unable to disassemble EXTERNAL block location: 07903300  
2026-07-11 14:31:10 WARN  (DecompileCallback) Decompiling 07903308, pcode error at 07903308: Unable to disassemble EXTERNAL block location: 07903308  
2026-07-11 14:31:10 WARN  (DecompileCallback) Decompiling 07903310, pcode error at 07903310: Unable to disassemble EXTERNAL block location: 07903310  
2026-07-11 14:31:10 WARN  (DecompileCallback) Decompiling 07903318, pcode error at 07903318: Unable to disassemble EXTERNAL block location: 07903318  
2026-07-11 14:31:10 WARN  (DecompileCallback) Decompiling 07903320, pcode error at 07903320: Unable to disassemble EXTERNAL block location: 07903320  
2026-07-11 14:31:10 WARN  (DecompileCallback) Decompiling 07903328, pcode error at 07903328: Unable to disassemble EXTERNAL block location: 07903328  
2026-07-11 14:31:10 WARN  (DecompileCallback) Decompiling 07903330, pcode error at 07903330: Unable to disassemble EXTERNAL block location: 07903330  
2026-07-11 14:31:10 WARN  (DecompileCallback) Decompiling 07903338, pcode error at 07903338: Unable to disassemble EXTERNAL block location: 07903338  
2026-07-11 14:31:10 WARN  (DecompileCallback) Decompiling 07903340, pcode error at 07903340: Unable to disassemble EXTERNAL block location: 07903340  
2026-07-11 14:31:10 WARN  (DecompileCallback) Decompiling 07903348, pcode error at 07903348: Unable to disassemble EXTERNAL block location: 07903348  
2026-07-11 14:31:10 WARN  (DecompileCallback) Decompiling 07903350, pcode error at 07903350: Unable to disassemble EXTERNAL block location: 07903350  
2026-07-11 14:31:10 WARN  (DecompileCallback) Decompiling 07903358, pcode error at 07903358: Unable to disassemble EXTERNAL block location: 07903358  
2026-07-11 14:31:10 WARN  (DecompileCallback) Decompiling 07903360, pcode error at 07903360: Unable to disassemble EXTERNAL block location: 07903360  
2026-07-11 14:31:10 WARN  (DecompileCallback) Decompiling 07903368, pcode error at 07903368: Unable to disassemble EXTERNAL block location: 07903368  
2026-07-11 14:31:10 WARN  (DecompileCallback) Decompiling 07903370, pcode error at 07903370: Unable to disassemble EXTERNAL block location: 07903370  
2026-07-11 14:31:10 WARN  (DecompileCallback) Decompiling 07903378, pcode error at 07903378: Unable to disassemble EXTERNAL block location: 07903378  
2026-07-11 14:31:10 WARN  (DecompileCallback) Decompiling 07903380, pcode error at 07903380: Unable to disassemble EXTERNAL block location: 07903380  
2026-07-11 14:31:10 WARN  (DecompileCallback) Decompiling 07903388, pcode error at 07903388: Unable to disassemble EXTERNAL block location: 07903388  
2026-07-11 14:31:10 WARN  (DecompileCallback) Decompiling 07903390, pcode error at 07903390: Unable to disassemble EXTERNAL block location: 07903390  
2026-07-11 14:31:10 WARN  (DecompileCallback) Decompiling 07903398, pcode error at 07903398: Unable to disassemble EXTERNAL block location: 07903398  
2026-07-11 14:31:10 WARN  (DecompileCallback) Decompiling 079033a8, pcode error at 079033a8: Unable to disassemble EXTERNAL block location: 079033a8  
2026-07-11 14:31:10 WARN  (DecompileCallback) Decompiling 079033b0, pcode error at 079033b0: Unable to disassemble EXTERNAL block location: 079033b0  
2026-07-11 14:31:10 WARN  (DecompileCallback) Decompiling 079033b8, pcode error at 079033b8: Unable to disassemble EXTERNAL block location: 079033b8  
2026-07-11 14:31:10 WARN  (DecompileCallback) Decompiling 079033c0, pcode error at 079033c0: Unable to disassemble EXTERNAL block location: 079033c0  
2026-07-11 14:31:10 WARN  (DecompileCallback) Decompiling 079033c8, pcode error at 079033c8: Unable to disassemble EXTERNAL block location: 079033c8  
2026-07-11 14:31:10 WARN  (DecompileCallback) Decompiling 079033d0, pcode error at 079033d0: Unable to disassemble EXTERNAL block location: 079033d0  
2026-07-11 14:31:10 WARN  (DecompileCallback) Decompiling 079033d8, pcode error at 079033d8: Unable to disassemble EXTERNAL block location: 079033d8  
2026-07-11 14:31:10 WARN  (DecompileCallback) Decompiling 079033e0, pcode error at 079033e0: Unable to disassemble EXTERNAL block location: 079033e0  
2026-07-11 14:31:10 WARN  (DecompileCallback) Decompiling 079033e8, pcode error at 079033e8: Unable to disassemble EXTERNAL block location: 079033e8  
2026-07-11 14:31:10 WARN  (DecompileCallback) Decompiling 079033f0, pcode error at 079033f0: Unable to disassemble EXTERNAL block location: 079033f0  
2026-07-11 14:31:10 WARN  (DecompileCallback) Decompiling 079033f8, pcode error at 079033f8: Unable to disassemble EXTERNAL block location: 079033f8  
2026-07-11 14:31:10 WARN  (DecompileCallback) Decompiling 07903400, pcode error at 07903400: Unable to disassemble EXTERNAL block location: 07903400  
2026-07-11 14:31:10 WARN  (DecompileCallback) Decompiling 07903408, pcode error at 07903408: Unable to disassemble EXTERNAL block location: 07903408  
2026-07-11 14:31:10 WARN  (DecompileCallback) Decompiling 07903410, pcode error at 07903410: Unable to disassemble EXTERNAL block location: 07903410  
2026-07-11 14:31:10 WARN  (DecompileCallback) Decompiling 07903418, pcode error at 07903418: Unable to disassemble EXTERNAL block location: 07903418  
2026-07-11 14:31:10 WARN  (DecompileCallback) Decompiling 07903420, pcode error at 07903420: Unable to disassemble EXTERNAL block location: 07903420  
2026-07-11 14:31:10 WARN  (DecompileCallback) Decompiling 07903428, pcode error at 07903428: Unable to disassemble EXTERNAL block location: 07903428  
2026-07-11 14:31:10 WARN  (DecompileCallback) Decompiling 07903430, pcode error at 07903430: Unable to disassemble EXTERNAL block location: 07903430  
2026-07-11 14:31:10 WARN  (DecompileCallback) Decompiling 07903438, pcode error at 07903438: Unable to disassemble EXTERNAL block location: 07903438  
2026-07-11 14:31:10 WARN  (DecompileCallback) Decompiling 07903440, pcode error at 07903440: Unable to disassemble EXTERNAL block location: 07903440  
2026-07-11 14:31:10 WARN  (DecompileCallback) Decompiling 07903448, pcode error at 07903448: Unable to disassemble EXTERNAL block location: 07903448  
2026-07-11 14:31:10 WARN  (DecompileCallback) Decompiling 07903450, pcode error at 07903450: Unable to disassemble EXTERNAL block location: 07903450  
2026-07-11 14:31:10 WARN  (DecompileCallback) Decompiling 07903458, pcode error at 07903458: Unable to disassemble EXTERNAL block location: 07903458  
2026-07-11 14:31:10 WARN  (DecompileCallback) Decompiling 07903460, pcode error at 07903460: Unable to disassemble EXTERNAL block location: 07903460  
2026-07-11 14:31:10 WARN  (DecompileCallback) Decompiling 07903468, pcode error at 07903468: Unable to disassemble EXTERNAL block location: 07903468  
2026-07-11 14:31:10 WARN  (DecompileCallback) Decompiling 07903470, pcode error at 07903470: Unable to disassemble EXTERNAL block location: 07903470  
2026-07-11 14:31:10 WARN  (DecompileCallback) Decompiling 07903478, pcode error at 07903478: Unable to disassemble EXTERNAL block location: 07903478  
2026-07-11 14:31:10 WARN  (DecompileCallback) Decompiling 07903480, pcode error at 07903480: Unable to disassemble EXTERNAL block location: 07903480  
2026-07-11 14:31:10 WARN  (DecompileCallback) Decompiling 07903488, pcode error at 07903488: Unable to disassemble EXTERNAL block location: 07903488  
2026-07-11 14:31:10 WARN  (DecompileCallback) Decompiling 07903490, pcode error at 07903490: Unable to disassemble EXTERNAL block location: 07903490  
2026-07-11 14:31:10 WARN  (DecompileCallback) Decompiling 07903498, pcode error at 07903498: Unable to disassemble EXTERNAL block location: 07903498  
2026-07-11 14:31:10 WARN  (DecompileCallback) Decompiling 079034a0, pcode error at 079034a0: Unable to disassemble EXTERNAL block location: 079034a0  
2026-07-11 14:31:10 WARN  (DecompileCallback) Decompiling 079034a8, pcode error at 079034a8: Unable to disassemble EXTERNAL block location: 079034a8  
2026-07-11 14:31:10 WARN  (DecompileCallback) Decompiling 079034b0, pcode error at 079034b0: Unable to disassemble EXTERNAL block location: 079034b0  
2026-07-11 14:31:10 WARN  (DecompileCallback) Decompiling 079034b8, pcode error at 079034b8: Unable to disassemble EXTERNAL block location: 079034b8  
2026-07-11 14:31:10 WARN  (DecompileCallback) Decompiling 079034c0, pcode error at 079034c0: Unable to disassemble EXTERNAL block location: 079034c0  
2026-07-11 14:31:10 WARN  (DecompileCallback) Decompiling 079034c8, pcode error at 079034c8: Unable to disassemble EXTERNAL block location: 079034c8  
2026-07-11 14:31:10 WARN  (DecompileCallback) Decompiling 079034d0, pcode error at 079034d0: Unable to disassemble EXTERNAL block location: 079034d0  
2026-07-11 14:31:10 WARN  (DecompileCallback) Decompiling 079034d8, pcode error at 079034d8: Unable to disassemble EXTERNAL block location: 079034d8  
2026-07-11 14:31:10 WARN  (DecompileCallback) Decompiling 079034e0, pcode error at 079034e0: Unable to disassemble EXTERNAL block location: 079034e0  
2026-07-11 14:31:10 WARN  (DecompileCallback) Decompiling 079034e8, pcode error at 079034e8: Unable to disassemble EXTERNAL block location: 079034e8  
2026-07-11 14:31:10 WARN  (DecompileCallback) Decompiling 079034f0, pcode error at 079034f0: Unable to disassemble EXTERNAL block location: 079034f0  
2026-07-11 14:31:10 WARN  (DecompileCallback) Decompiling 079034f8, pcode error at 079034f8: Unable to disassemble EXTERNAL block location: 079034f8  
2026-07-11 14:31:10 WARN  (DecompileCallback) Decompiling 07903500, pcode error at 07903500: Unable to disassemble EXTERNAL block location: 07903500  
2026-07-11 14:31:10 WARN  (DecompileCallback) Decompiling 07903508, pcode error at 07903508: Unable to disassemble EXTERNAL block location: 07903508  
2026-07-11 14:31:10 WARN  (DecompileCallback) Decompiling 07903510, pcode error at 07903510: Unable to disassemble EXTERNAL block location: 07903510  
2026-07-11 14:31:10 WARN  (DecompileCallback) Decompiling 07903518, pcode error at 07903518: Unable to disassemble EXTERNAL block location: 07903518  
2026-07-11 14:31:10 WARN  (DecompileCallback) Decompiling 07903520, pcode error at 07903520: Unable to disassemble EXTERNAL block location: 07903520  
2026-07-11 14:31:10 WARN  (DecompileCallback) Decompiling 07903528, pcode error at 07903528: Unable to disassemble EXTERNAL block location: 07903528  
2026-07-11 14:31:10 WARN  (DecompileCallback) Decompiling 07903530, pcode error at 07903530: Unable to disassemble EXTERNAL block location: 07903530  
2026-07-11 14:31:10 WARN  (DecompileCallback) Decompiling 07903538, pcode error at 07903538: Unable to disassemble EXTERNAL block location: 07903538  
2026-07-11 14:31:10 WARN  (DecompileCallback) Decompiling 07903540, pcode error at 07903540: Unable to disassemble EXTERNAL block location: 07903540  
2026-07-11 14:31:10 WARN  (DecompileCallback) Decompiling 07903548, pcode error at 07903548: Unable to disassemble EXTERNAL block location: 07903548  
2026-07-11 14:31:10 WARN  (DecompileCallback) Decompiling 07903550, pcode error at 07903550: Unable to disassemble EXTERNAL block location: 07903550  
2026-07-11 14:31:10 WARN  (DecompileCallback) Decompiling 07903558, pcode error at 07903558: Unable to disassemble EXTERNAL block location: 07903558  
2026-07-11 14:31:10 WARN  (DecompileCallback) Decompiling 07903560, pcode error at 07903560: Unable to disassemble EXTERNAL block location: 07903560  
2026-07-11 14:31:10 WARN  (DecompileCallback) Decompiling 07903568, pcode error at 07903568: Unable to disassemble EXTERNAL block location: 07903568  
2026-07-11 14:31:10 WARN  (DecompileCallback) Decompiling 07903570, pcode error at 07903570: Unable to disassemble EXTERNAL block location: 07903570  
2026-07-11 14:31:10 WARN  (DecompileCallback) Decompiling 07903578, pcode error at 07903578: Unable to disassemble EXTERNAL block location: 07903578  
2026-07-11 14:31:10 WARN  (DecompileCallback) Decompiling 07903580, pcode error at 07903580: Unable to disassemble EXTERNAL block location: 07903580  
2026-07-11 14:31:10 WARN  (DecompileCallback) Decompiling 07903588, pcode error at 07903588: Unable to disassemble EXTERNAL block location: 07903588  
2026-07-11 14:31:10 WARN  (DecompileCallback) Decompiling 07903590, pcode error at 07903590: Unable to disassemble EXTERNAL block location: 07903590  
2026-07-11 14:31:10 WARN  (DecompileCallback) Decompiling 07903598, pcode error at 07903598: Unable to disassemble EXTERNAL block location: 07903598  
2026-07-11 14:31:10 WARN  (DecompileCallback) Decompiling 079035a0, pcode error at 079035a0: Unable to disassemble EXTERNAL block location: 079035a0  
2026-07-11 14:31:10 WARN  (DecompileCallback) Decompiling 079035a8, pcode error at 079035a8: Unable to disassemble EXTERNAL block location: 079035a8  
2026-07-11 14:31:10 WARN  (DecompileCallback) Decompiling 079035b0, pcode error at 079035b0: Unable to disassemble EXTERNAL block location: 079035b0  
2026-07-11 14:31:10 WARN  (DecompileCallback) Decompiling 079035b8, pcode error at 079035b8: Unable to disassemble EXTERNAL block location: 079035b8  
2026-07-11 14:31:10 WARN  (DecompileCallback) Decompiling 079035c0, pcode error at 079035c0: Unable to disassemble EXTERNAL block location: 079035c0  
2026-07-11 14:31:10 WARN  (DecompileCallback) Decompiling 079035c8, pcode error at 079035c8: Unable to disassemble EXTERNAL block location: 079035c8  
2026-07-11 14:31:10 WARN  (DecompileCallback) Decompiling 079035d0, pcode error at 079035d0: Unable to disassemble EXTERNAL block location: 079035d0  
2026-07-11 14:31:10 WARN  (DecompileCallback) Decompiling 079035d8, pcode error at 079035d8: Unable to disassemble EXTERNAL block location: 079035d8  
2026-07-11 14:31:10 WARN  (DecompileCallback) Decompiling 079035e0, pcode error at 079035e0: Unable to disassemble EXTERNAL block location: 079035e0  
2026-07-11 14:31:10 WARN  (DecompileCallback) Decompiling 079035e8, pcode error at 079035e8: Unable to disassemble EXTERNAL block location: 079035e8  
2026-07-11 14:31:10 WARN  (DecompileCallback) Decompiling 079035f0, pcode error at 079035f0: Unable to disassemble EXTERNAL block location: 079035f0  
2026-07-11 14:31:10 WARN  (DecompileCallback) Decompiling 079035f8, pcode error at 079035f8: Unable to disassemble EXTERNAL block location: 079035f8  
2026-07-11 14:31:10 WARN  (DecompileCallback) Decompiling 07903600, pcode error at 07903600: Unable to disassemble EXTERNAL block location: 07903600  
2026-07-11 14:31:10 WARN  (DecompileCallback) Decompiling 07903608, pcode error at 07903608: Unable to disassemble EXTERNAL block location: 07903608  
2026-07-11 14:31:10 WARN  (DecompileCallback) Decompiling 07903610, pcode error at 07903610: Unable to disassemble EXTERNAL block location: 07903610  
2026-07-11 14:31:10 WARN  (DecompileCallback) Decompiling 07903618, pcode error at 07903618: Unable to disassemble EXTERNAL block location: 07903618  
2026-07-11 14:31:10 WARN  (DecompileCallback) Decompiling 07903620, pcode error at 07903620: Unable to disassemble EXTERNAL block location: 07903620  
2026-07-11 14:31:10 WARN  (DecompileCallback) Decompiling 07903628, pcode error at 07903628: Unable to disassemble EXTERNAL block location: 07903628  
2026-07-11 14:31:10 WARN  (DecompileCallback) Decompiling 07903630, pcode error at 07903630: Unable to disassemble EXTERNAL block location: 07903630  
2026-07-11 14:31:10 WARN  (DecompileCallback) Decompiling 07903638, pcode error at 07903638: Unable to disassemble EXTERNAL block location: 07903638  
2026-07-11 14:31:10 WARN  (DecompileCallback) Decompiling 07903640, pcode error at 07903640: Unable to disassemble EXTERNAL block location: 07903640  
2026-07-11 14:31:10 WARN  (DecompileCallback) Decompiling 07903648, pcode error at 07903648: Unable to disassemble EXTERNAL block location: 07903648  
2026-07-11 14:31:10 WARN  (DecompileCallback) Decompiling 07903650, pcode error at 07903650: Unable to disassemble EXTERNAL block location: 07903650  
2026-07-11 14:31:10 WARN  (DecompileCallback) Decompiling 07903658, pcode error at 07903658: Unable to disassemble EXTERNAL block location: 07903658  
2026-07-11 14:31:10 WARN  (DecompileCallback) Decompiling 07903660, pcode error at 07903660: Unable to disassemble EXTERNAL block location: 07903660  
2026-07-11 14:31:10 WARN  (DecompileCallback) Decompiling 07903668, pcode error at 07903668: Unable to disassemble EXTERNAL block location: 07903668  
2026-07-11 14:31:10 WARN  (DecompileCallback) Decompiling 07903670, pcode error at 07903670: Unable to disassemble EXTERNAL block location: 07903670  
2026-07-11 14:31:10 WARN  (DecompileCallback) Decompiling 07903678, pcode error at 07903678: Unable to disassemble EXTERNAL block location: 07903678  
2026-07-11 14:31:10 WARN  (DecompileCallback) Decompiling 07903680, pcode error at 07903680: Unable to disassemble EXTERNAL block location: 07903680  
2026-07-11 14:31:10 WARN  (DecompileCallback) Decompiling 07903688, pcode error at 07903688: Unable to disassemble EXTERNAL block location: 07903688  
2026-07-11 14:31:10 WARN  (DecompileCallback) Decompiling 07903690, pcode error at 07903690: Unable to disassemble EXTERNAL block location: 07903690  
2026-07-11 14:31:10 WARN  (DecompileCallback) Decompiling 07903698, pcode error at 07903698: Unable to disassemble EXTERNAL block location: 07903698  
2026-07-11 14:31:10 WARN  (DecompileCallback) Decompiling 079036a0, pcode error at 079036a0: Unable to disassemble EXTERNAL block location: 079036a0  
2026-07-11 14:31:10 WARN  (DecompileCallback) Decompiling 079036a8, pcode error at 079036a8: Unable to disassemble EXTERNAL block location: 079036a8  
2026-07-11 14:31:10 WARN  (DecompileCallback) Decompiling 079036b0, pcode error at 079036b0: Unable to disassemble EXTERNAL block location: 079036b0  
2026-07-11 14:31:10 WARN  (DecompileCallback) Decompiling 079036b8, pcode error at 079036b8: Unable to disassemble EXTERNAL block location: 079036b8  
2026-07-11 14:31:10 WARN  (DecompileCallback) Decompiling 079036c0, pcode error at 079036c0: Unable to disassemble EXTERNAL block location: 079036c0  
2026-07-11 14:31:10 WARN  (DecompileCallback) Decompiling 079036c8, pcode error at 079036c8: Unable to disassemble EXTERNAL block location: 079036c8  
2026-07-11 14:31:10 WARN  (DecompileCallback) Decompiling 079036d0, pcode error at 079036d0: Unable to disassemble EXTERNAL block location: 079036d0  
2026-07-11 14:31:10 WARN  (DecompileCallback) Decompiling 079036d8, pcode error at 079036d8: Unable to disassemble EXTERNAL block location: 079036d8  
2026-07-11 14:31:10 WARN  (DecompileCallback) Decompiling 079036e0, pcode error at 079036e0: Unable to disassemble EXTERNAL block location: 079036e0  
2026-07-11 14:31:10 WARN  (DecompileCallback) Decompiling 079036e8, pcode error at 079036e8: Unable to disassemble EXTERNAL block location: 079036e8  
2026-07-11 14:31:10 WARN  (DecompileCallback) Decompiling 079036f0, pcode error at 079036f0: Unable to disassemble EXTERNAL block location: 079036f0  
2026-07-11 14:31:10 WARN  (DecompileCallback) Decompiling 079036f8, pcode error at 079036f8: Unable to disassemble EXTERNAL block location: 079036f8  
2026-07-11 14:31:10 WARN  (DecompileCallback) Decompiling 07903700, pcode error at 07903700: Unable to disassemble EXTERNAL block location: 07903700  
2026-07-11 14:31:10 WARN  (DecompileCallback) Decompiling 07903708, pcode error at 07903708: Unable to disassemble EXTERNAL block location: 07903708  
2026-07-11 14:31:10 WARN  (DecompileCallback) Decompiling 07903710, pcode error at 07903710: Unable to disassemble EXTERNAL block location: 07903710  
2026-07-11 14:31:10 WARN  (DecompileCallback) Decompiling 07903718, pcode error at 07903718: Unable to disassemble EXTERNAL block location: 07903718  
2026-07-11 14:31:10 WARN  (DecompileCallback) Decompiling 07903720, pcode error at 07903720: Unable to disassemble EXTERNAL block location: 07903720  
2026-07-11 14:31:10 WARN  (DecompileCallback) Decompiling 07903728, pcode error at 07903728: Unable to disassemble EXTERNAL block location: 07903728  
2026-07-11 14:31:10 WARN  (DecompileCallback) Decompiling 07903730, pcode error at 07903730: Unable to disassemble EXTERNAL block location: 07903730  
2026-07-11 14:31:10 WARN  (DecompileCallback) Decompiling 07903738, pcode error at 07903738: Unable to disassemble EXTERNAL block location: 07903738  
2026-07-11 14:31:10 WARN  (DecompileCallback) Decompiling 07903740, pcode error at 07903740: Unable to disassemble EXTERNAL block location: 07903740  
2026-07-11 14:31:10 WARN  (DecompileCallback) Decompiling 07903748, pcode error at 07903748: Unable to disassemble EXTERNAL block location: 07903748  
2026-07-11 14:31:10 WARN  (DecompileCallback) Decompiling 07903750, pcode error at 07903750: Unable to disassemble EXTERNAL block location: 07903750  
2026-07-11 14:31:10 WARN  (DecompileCallback) Decompiling 07903758, pcode error at 07903758: Unable to disassemble EXTERNAL block location: 07903758  
2026-07-11 14:31:10 WARN  (DecompileCallback) Decompiling 07903760, pcode error at 07903760: Unable to disassemble EXTERNAL block location: 07903760  
2026-07-11 14:31:10 WARN  (DecompileCallback) Decompiling 07903768, pcode error at 07903768: Unable to disassemble EXTERNAL block location: 07903768  
2026-07-11 14:31:10 WARN  (DecompileCallback) Decompiling 07903770, pcode error at 07903770: Unable to disassemble EXTERNAL block location: 07903770  
2026-07-11 14:31:10 WARN  (DecompileCallback) Decompiling 07903778, pcode error at 07903778: Unable to disassemble EXTERNAL block location: 07903778  
2026-07-11 14:31:10 WARN  (DecompileCallback) Decompiling 07903780, pcode error at 07903780: Unable to disassemble EXTERNAL block location: 07903780  
2026-07-11 14:31:10 WARN  (DecompileCallback) Decompiling 07903788, pcode error at 07903788: Unable to disassemble EXTERNAL block location: 07903788  
2026-07-11 14:31:10 WARN  (DecompileCallback) Decompiling 07903790, pcode error at 07903790: Unable to disassemble EXTERNAL block location: 07903790  
2026-07-11 14:31:10 WARN  (DecompileCallback) Decompiling 07903798, pcode error at 07903798: Unable to disassemble EXTERNAL block location: 07903798  
2026-07-11 14:31:10 WARN  (DecompileCallback) Decompiling 079037a0, pcode error at 079037a0: Unable to disassemble EXTERNAL block location: 079037a0  
2026-07-11 14:31:10 WARN  (DecompileCallback) Decompiling 079037a8, pcode error at 079037a8: Unable to disassemble EXTERNAL block location: 079037a8  
2026-07-11 14:31:10 WARN  (DecompileCallback) Decompiling 079037b0, pcode error at 079037b0: Unable to disassemble EXTERNAL block location: 079037b0  
2026-07-11 14:31:10 WARN  (DecompileCallback) Decompiling 079037b8, pcode error at 079037b8: Unable to disassemble EXTERNAL block location: 079037b8  
2026-07-11 14:31:10 WARN  (DecompileCallback) Decompiling 079037c0, pcode error at 079037c0: Unable to disassemble EXTERNAL block location: 079037c0  
2026-07-11 14:31:10 WARN  (DecompileCallback) Decompiling 079037c8, pcode error at 079037c8: Unable to disassemble EXTERNAL block location: 079037c8  
2026-07-11 14:31:10 WARN  (DecompileCallback) Decompiling 079037d0, pcode error at 079037d0: Unable to disassemble EXTERNAL block location: 079037d0  
2026-07-11 14:31:10 WARN  (DecompileCallback) Decompiling 079037d8, pcode error at 079037d8: Unable to disassemble EXTERNAL block location: 079037d8  
2026-07-11 14:31:10 WARN  (DecompileCallback) Decompiling 079037e0, pcode error at 079037e0: Unable to disassemble EXTERNAL block location: 079037e0  
2026-07-11 14:31:10 WARN  (DecompileCallback) Decompiling 079037e8, pcode error at 079037e8: Unable to disassemble EXTERNAL block location: 079037e8  
2026-07-11 14:31:10 WARN  (DecompileCallback) Decompiling 079037f0, pcode error at 079037f0: Unable to disassemble EXTERNAL block location: 079037f0  
2026-07-11 14:31:10 WARN  (DecompileCallback) Decompiling 079037f8, pcode error at 079037f8: Unable to disassemble EXTERNAL block location: 079037f8  
2026-07-11 14:31:10 WARN  (DecompileCallback) Decompiling 07903800, pcode error at 07903800: Unable to disassemble EXTERNAL block location: 07903800  
2026-07-11 14:31:10 WARN  (DecompileCallback) Decompiling 07903808, pcode error at 07903808: Unable to disassemble EXTERNAL block location: 07903808  
2026-07-11 14:31:10 WARN  (DecompileCallback) Decompiling 07903810, pcode error at 07903810: Unable to disassemble EXTERNAL block location: 07903810  
2026-07-11 14:31:10 WARN  (DecompileCallback) Decompiling 07903818, pcode error at 07903818: Unable to disassemble EXTERNAL block location: 07903818  
2026-07-11 14:31:10 WARN  (DecompileCallback) Decompiling 07903820, pcode error at 07903820: Unable to disassemble EXTERNAL block location: 07903820  
2026-07-11 14:31:10 WARN  (DecompileCallback) Decompiling 07903828, pcode error at 07903828: Unable to disassemble EXTERNAL block location: 07903828  
2026-07-11 14:31:10 WARN  (DecompileCallback) Decompiling 07903830, pcode error at 07903830: Unable to disassemble EXTERNAL block location: 07903830  
2026-07-11 14:31:10 WARN  (DecompileCallback) Decompiling 07903838, pcode error at 07903838: Unable to disassemble EXTERNAL block location: 07903838  
2026-07-11 14:31:10 WARN  (DecompileCallback) Decompiling 07903840, pcode error at 07903840: Unable to disassemble EXTERNAL block location: 07903840  
2026-07-11 14:31:10 WARN  (DecompileCallback) Decompiling 07903848, pcode error at 07903848: Unable to disassemble EXTERNAL block location: 07903848  
2026-07-11 14:31:10 WARN  (DecompileCallback) Decompiling 07903850, pcode error at 07903850: Unable to disassemble EXTERNAL block location: 07903850  
2026-07-11 14:31:10 WARN  (DecompileCallback) Decompiling 07903858, pcode error at 07903858: Unable to disassemble EXTERNAL block location: 07903858  
2026-07-11 14:31:10 WARN  (DecompileCallback) Decompiling 07903860, pcode error at 07903860: Unable to disassemble EXTERNAL block location: 07903860  
2026-07-11 14:31:10 WARN  (DecompileCallback) Decompiling 07903868, pcode error at 07903868: Unable to disassemble EXTERNAL block location: 07903868  
2026-07-11 14:31:10 WARN  (DecompileCallback) Decompiling 07903870, pcode error at 07903870: Unable to disassemble EXTERNAL block location: 07903870  
2026-07-11 14:31:10 WARN  (DecompileCallback) Decompiling 07903878, pcode error at 07903878: Unable to disassemble EXTERNAL block location: 07903878  
2026-07-11 14:31:10 WARN  (DecompileCallback) Decompiling 07903880, pcode error at 07903880: Unable to disassemble EXTERNAL block location: 07903880  
2026-07-11 14:31:10 WARN  (DecompileCallback) Decompiling 07903888, pcode error at 07903888: Unable to disassemble EXTERNAL block location: 07903888  
2026-07-11 14:31:10 WARN  (DecompileCallback) Decompiling 07903890, pcode error at 07903890: Unable to disassemble EXTERNAL block location: 07903890  
2026-07-11 14:31:10 WARN  (DecompileCallback) Decompiling 07903898, pcode error at 07903898: Unable to disassemble EXTERNAL block location: 07903898  
2026-07-11 14:31:10 WARN  (DecompileCallback) Decompiling 079038a0, pcode error at 079038a0: Unable to disassemble EXTERNAL block location: 079038a0  
2026-07-11 14:31:10 WARN  (DecompileCallback) Decompiling 079038a8, pcode error at 079038a8: Unable to disassemble EXTERNAL block location: 079038a8  
2026-07-11 14:31:10 WARN  (DecompileCallback) Decompiling 079038b0, pcode error at 079038b0: Unable to disassemble EXTERNAL block location: 079038b0  
2026-07-11 14:31:10 WARN  (DecompileCallback) Decompiling 079038b8, pcode error at 079038b8: Unable to disassemble EXTERNAL block location: 079038b8  
2026-07-11 14:31:10 WARN  (DecompileCallback) Decompiling 079038c0, pcode error at 079038c0: Unable to disassemble EXTERNAL block location: 079038c0  
2026-07-11 14:31:10 WARN  (DecompileCallback) Decompiling 079038c8, pcode error at 079038c8: Unable to disassemble EXTERNAL block location: 079038c8  
2026-07-11 14:31:10 WARN  (DecompileCallback) Decompiling 079038d0, pcode error at 079038d0: Unable to disassemble EXTERNAL block location: 079038d0  
2026-07-11 14:31:10 WARN  (DecompileCallback) Decompiling 079038d8, pcode error at 079038d8: Unable to disassemble EXTERNAL block location: 079038d8  
2026-07-11 14:31:10 WARN  (DecompileCallback) Decompiling 079038e0, pcode error at 079038e0: Unable to disassemble EXTERNAL block location: 079038e0  
2026-07-11 14:31:10 WARN  (DecompileCallback) Decompiling 079038e8, pcode error at 079038e8: Unable to disassemble EXTERNAL block location: 079038e8  
2026-07-11 14:31:10 WARN  (DecompileCallback) Decompiling 079038f0, pcode error at 079038f0: Unable to disassemble EXTERNAL block location: 079038f0  
2026-07-11 14:31:10 WARN  (DecompileCallback) Decompiling 079038f8, pcode error at 079038f8: Unable to disassemble EXTERNAL block location: 079038f8  
2026-07-11 14:31:10 WARN  (DecompileCallback) Decompiling 07903900, pcode error at 07903900: Unable to disassemble EXTERNAL block location: 07903900  
2026-07-11 14:31:10 WARN  (DecompileCallback) Decompiling 07903908, pcode error at 07903908: Unable to disassemble EXTERNAL block location: 07903908  
2026-07-11 14:31:10 WARN  (DecompileCallback) Decompiling 07903910, pcode error at 07903910: Unable to disassemble EXTERNAL block location: 07903910  
2026-07-11 14:31:10 WARN  (DecompileCallback) Decompiling 07903918, pcode error at 07903918: Unable to disassemble EXTERNAL block location: 07903918  
2026-07-11 14:31:10 WARN  (DecompileCallback) Decompiling 07903920, pcode error at 07903920: Unable to disassemble EXTERNAL block location: 07903920  
2026-07-11 14:31:10 WARN  (DecompileCallback) Decompiling 07903928, pcode error at 07903928: Unable to disassemble EXTERNAL block location: 07903928  
2026-07-11 14:31:10 WARN  (DecompileCallback) Decompiling 07903930, pcode error at 07903930: Unable to disassemble EXTERNAL block location: 07903930  
2026-07-11 14:31:10 INFO  (GhidraScript) GeneralStructureEyePatternScan.java> General structure scan complete.  
2026-07-11 14:31:10 INFO  (GhidraScript) GeneralStructureEyePatternScan.java> Total functions scanned: 848198  
2026-07-11 14:31:10 INFO  (GhidraScript) GeneralStructureEyePatternScan.java> Exported functions: 2617  
2026-07-11 14:31:10 INFO  (GhidraScript) GeneralStructureEyePatternScan.java> Decompile failures: 201  
2026-07-11 14:31:10 INFO  (GhidraScript) GeneralStructureEyePatternScan.java> Report CSV: C:\realDesktop\manifest-evaluations\summer-26\ghidra-pipeline\il2cpp-files\BowlingAlley\general-structure-results\structure_scan_report.csv  
2026-07-11 14:31:10 INFO  (GhidraScript) GeneralStructureEyePatternScan.java> Report JSON: C:\realDesktop\manifest-evaluations\summer-26\ghidra-pipeline\il2cpp-files\BowlingAlley\general-structure-results\structure_scan_report.json  
2026-07-11 14:31:10 INFO  (HeadlessAnalyzer) REPORT: Save succeeded for processed file: /BowlingAlley-libil2cpp.so  
