INFO  Using log config file: jar:file:/C:/Users/kimgiordano27/Downloads/ghidra_12.1.2_PUBLIC_20260605/ghidra_12.1.2_PUBLIC/Ghidra/Framework/Generic/lib/Generic.jar!/generic.log4j.xml (LoggingInitialization)  
INFO  Using log file: C:\realDesktop\manifest-evaluations\summer-26\ghidra-pipeline\il2cpp-files\FruitBladeVR\ghidra-logs\apply-ghidra-metadata.log (LoggingInitialization)  
INFO  Loading user preferences: C:\Users\kimgiordano27\AppData\Roaming\ghidra\ghidra_12.1.2_PUBLIC\preferences (Preferences)  
INFO  Searching for classes... (ClassSearcher)  
INFO  Class search complete (545 ms) (ClassSearcher)  
INFO  Initializing SSL Context (DefaultSSLContextInitializer)  
INFO  Initializing Random Number Generator... (SecureRandomFactory)  
INFO  Random Number Generator initialization complete: SHA1PRNG (SecureRandomFactory)  
INFO  Trust manager disabled, cacerts have not been set (DefaultTrustManagerFactory)  
INFO  Headless startup complete (1710 ms) (AnalyzeHeadless)  
INFO  Class searcher loaded 59 extension points (20 false positives) (ClassSearcher)  
INFO  HEADLESS Script Paths:
    C:\Users\kimgiordano27\Downloads\ghidra_12.1.2_PUBLIC_20260605\ghidra_12.1.2_PUBLIC\Ghidra\Features\DecompilerDependent\ghidra_scripts
    C:\Users\kimgiordano27\Downloads\ghidra_12.1.2_PUBLIC_20260605\ghidra_12.1.2_PUBLIC\Ghidra\Processors\Atmel\ghidra_scripts
    C:\Users\kimgiordano27\Downloads\ghidra_12.1.2_PUBLIC_20260605\ghidra_12.1.2_PUBLIC\Ghidra\Processors\PIC\ghidra_scripts
    C:\Users\kimgiordano27\Downloads\ghidra_12.1.2_PUBLIC_20260605\ghidra_12.1.2_PUBLIC\Ghidra\Features\VersionTracking\ghidra_scripts
    C:\Users\kimgiordano27\Downloads\ghidra_12.1.2_PUBLIC_20260605\ghidra_12.1.2_PUBLIC\Ghidra\Features\BytePatterns\ghidra_scripts
    C:\Users\kimgiordano27\ghidra_scripts
    C:\Users\kimgiordano27\Downloads\ghidra_12.1.2_PUBLIC_20260605\ghidra_12.1.2_PUBLIC\Ghidra\Features\BSim\ghidra_scripts
    C:\Users\kimgiordano27\Downloads\ghidra_12.1.2_PUBLIC_20260605\ghidra_12.1.2_PUBLIC\Ghidra\Processors\JVM\ghidra_scripts
    C:\Users\kimgiordano27\Downloads\ghidra_12.1.2_PUBLIC_20260605\ghidra_12.1.2_PUBLIC\Ghidra\Features\Base\ghidra_scripts
    C:\Users\kimgiordano27\Downloads\ghidra_12.1.2_PUBLIC_20260605\ghidra_12.1.2_PUBLIC\Ghidra\Features\SwiftDemangler\ghidra_scripts
    C:\Users\kimgiordano27\Downloads\ghidra_12.1.2_PUBLIC_20260605\ghidra_12.1.2_PUBLIC\Ghidra\Features\WildcardAssembler\ghidra_scripts
    C:\Users\kimgiordano27\Downloads\ghidra_12.1.2_PUBLIC_20260605\ghidra_12.1.2_PUBLIC\Ghidra\Features\FileFormats\ghidra_scripts
    C:\Users\kimgiordano27\Downloads\ghidra_12.1.2_PUBLIC_20260605\ghidra_12.1.2_PUBLIC\Ghidra\Features\Decompiler\ghidra_scripts
    C:\Users\kimgiordano27\Downloads\ghidra_12.1.2_PUBLIC_20260605\ghidra_12.1.2_PUBLIC\Ghidra\Features\SystemEmulation\ghidra_scripts
    C:\Users\kimgiordano27\Downloads\ghidra_12.1.2_PUBLIC_20260605\ghidra_12.1.2_PUBLIC\Ghidra\Processors\8051\ghidra_scripts
    C:\Users\kimgiordano27\Downloads\ghidra_12.1.2_PUBLIC_20260605\ghidra_12.1.2_PUBLIC\Ghidra\Features\GnuDemangler\ghidra_scripts
    C:\Users\kimgiordano27\Downloads\ghidra_12.1.2_PUBLIC_20260605\ghidra_12.1.2_PUBLIC\Ghidra\Debug\Debugger\ghidra_scripts
    C:\Users\kimgiordano27\Downloads\ghidra_12.1.2_PUBLIC_20260605\ghidra_12.1.2_PUBLIC\Ghidra\Processors\DATA\ghidra_scripts
    C:\Users\kimgiordano27\Downloads\ghidra_12.1.2_PUBLIC_20260605\ghidra_12.1.2_PUBLIC\Ghidra\Debug\Debugger-rmi-trace\ghidra_scripts
    C:\Users\kimgiordano27\Downloads\ghidra_12.1.2_PUBLIC_20260605\ghidra_12.1.2_PUBLIC\Ghidra\Features\FunctionID\ghidra_scripts
    C:\Users\kimgiordano27\Downloads\ghidra_12.1.2_PUBLIC_20260605\ghidra_12.1.2_PUBLIC\Ghidra\Features\MicrosoftCodeAnalyzer\ghidra_scripts
    C:\Users\kimgiordano27\Downloads\ghidra_12.1.2_PUBLIC_20260605\ghidra_12.1.2_PUBLIC\Ghidra\Features\PDB\ghidra_scripts
    C:\Users\kimgiordano27\AppData\Roaming\ghidra\ghidra_12.1.2_PUBLIC\Extensions\Jython\ghidra_scripts
    C:\Users\kimgiordano27\Downloads\ghidra_12.1.2_PUBLIC_20260605\ghidra_12.1.2_PUBLIC\Ghidra\Features\PyGhidra\ghidra_scripts
    C:\realDesktop\manifest-evaluations\summer-26\ghidra-pipeline\il2cpp-files\FruitBladeVR\ghidra-headless-scripts (HeadlessAnalyzer)  
INFO  HEADLESS: execution starts (HeadlessAnalyzer)  
INFO  Opening existing project: C:\realDesktop\manifest-evaluations\summer-26\ghidra-pipeline\il2cpp-files\FruitBladeVR\ghidra-project\FruitBladeVR (HeadlessAnalyzer)  
INFO  Opening project: C:\realDesktop\manifest-evaluations\summer-26\ghidra-pipeline\il2cpp-files\FruitBladeVR\ghidra-project\FruitBladeVR (HeadlessProject)  
INFO  REPORT: Processing project file: /FruitBladeVR-libil2cpp.so (HeadlessAnalyzer)  
INFO  REPORT: Execute script: report_function_names.py 'before' 'C:\realDesktop\manifest-evaluations\summer-26\ghidra-pipeline\il2cpp-files\FruitBladeVR\function-name-reports'  (HeadlessAnalyzer)  
INFO  SCRIPT: C:\realDesktop\manifest-evaluations\summer-26\ghidra-pipeline\il2cpp-files\FruitBladeVR\ghidra-headless-scripts\report_function_names.py (HeadlessAnalyzer)  
FUNCTION_REPORT_DONE,before,C:\realDesktop\manifest-evaluations\summer-26\ghidra-pipeline\il2cpp-files\FruitBladeVR\function-name-reports\before_summary.txt
FUNCTION_REPORT_COUNTS,phase=before,total=253489,generic=77003,nongeneric=176486,il2cppish=174029,eye_related=1812
INFO  REPORT: Execute script: ghidra.py  (HeadlessAnalyzer)  
INFO  SCRIPT: C:\realDesktop\manifest-evaluations\summer-26\ghidra-pipeline\il2cpp-files\FruitBladeVR\ghidra-headless-scripts\ghidra.py (HeadlessAnalyzer)  
HEADLESS_DIRECT_SCRIPT_JSON=C:\realDesktop\manifest-evaluations\summer-26\ghidra-pipeline\il2cpp-files\FruitBladeVR\dump\script.json
Script finished!
INFO  REPORT: Execute script: report_function_names.py 'after' 'C:\realDesktop\manifest-evaluations\summer-26\ghidra-pipeline\il2cpp-files\FruitBladeVR\function-name-reports'  (HeadlessAnalyzer)  
INFO  SCRIPT: C:\realDesktop\manifest-evaluations\summer-26\ghidra-pipeline\il2cpp-files\FruitBladeVR\ghidra-headless-scripts\report_function_names.py (HeadlessAnalyzer)  
FUNCTION_REPORT_DONE,after,C:\realDesktop\manifest-evaluations\summer-26\ghidra-pipeline\il2cpp-files\FruitBladeVR\function-name-reports\after_summary.txt
FUNCTION_REPORT_COUNTS,phase=after,total=253489,generic=77003,nongeneric=176486,il2cppish=174029,eye_related=1812
INFO  REPORT: Save succeeded for processed file: /FruitBladeVR-libil2cpp.so (HeadlessAnalyzer)  
