2026-07-16 02:54:26 INFO  (LoggingInitialization) Using log config file: jar:file:/C:/Users/kimgiordano27/Downloads/ghidra_12.1.2_PUBLIC_20260605/ghidra_12.1.2_PUBLIC/Ghidra/Framework/Generic/lib/Generic.jar!/generic.log4j.xml  
2026-07-16 02:54:26 INFO  (LoggingInitialization) Using log file: C:\realDesktop\manifest-evaluations\summer-26\ghidra-pipeline\il2cpp-files\LethalApe\general-structure-ghidra.log  
2026-07-16 02:54:26 DEBUG (GhidraObjectInputFilter) Including serial input filter: FileSystem/data/client.rmi.serial.filter  
2026-07-16 02:54:26 INFO  (Preferences) Loading user preferences: C:\Users\kimgiordano27\AppData\Roaming\ghidra\ghidra_12.1.2_PUBLIC\preferences  
2026-07-16 02:54:26 INFO  (ClassSearcher) Searching for classes...  
2026-07-16 02:54:27 INFO  (ClassSearcher) Class search complete (616 ms)  
2026-07-16 02:54:27 INFO  (DefaultSSLContextInitializer) Initializing SSL Context  
2026-07-16 02:54:27 INFO  (SecureRandomFactory) Initializing Random Number Generator...  
2026-07-16 02:54:27 INFO  (SecureRandomFactory) Random Number Generator initialization complete: SHA1PRNG  
2026-07-16 02:54:27 INFO  (DefaultTrustManagerFactory) Trust manager disabled, cacerts have not been set  
2026-07-16 02:54:27 INFO  (AnalyzeHeadless) Headless startup complete (6196 ms)  
2026-07-16 02:54:27 INFO  (ClassSearcher) Class searcher loaded 59 extension points (20 false positives)  
2026-07-16 02:54:28 INFO  (HeadlessAnalyzer) HEADLESS Script Paths:
    C:\Users\kimgiordano27\Downloads\ghidra_12.1.2_PUBLIC_20260605\ghidra_12.1.2_PUBLIC\Ghidra\Features\DecompilerDependent\ghidra_scripts
    C:\Users\kimgiordano27\Downloads\ghidra_12.1.2_PUBLIC_20260605\ghidra_12.1.2_PUBLIC\Ghidra\Processors\Atmel\ghidra_scripts
    C:\Users\kimgiordano27\Downloads\ghidra_12.1.2_PUBLIC_20260605\ghidra_12.1.2_PUBLIC\Ghidra\Processors\PIC\ghidra_scripts
    C:\Users\kimgiordano27\Downloads\ghidra_12.1.2_PUBLIC_20260605\ghidra_12.1.2_PUBLIC\Ghidra\Features\VersionTracking\ghidra_scripts
    C:\Users\kimgiordano27\Downloads\ghidra_12.1.2_PUBLIC_20260605\ghidra_12.1.2_PUBLIC\Ghidra\Features\BytePatterns\ghidra_scripts
    C:\Users\kimgiordano27\ghidra_scripts
    C:\Users\kimgiordano27\Downloads\ghidra_12.1.2_PUBLIC_20260605\ghidra_12.1.2_PUBLIC\Ghidra\Features\BSim\ghidra_scripts
    C:\realDesktop\manifest-evaluations\summer-26\ghidra-pipeline\ghidra-export-scripts
    C:\Users\kimgiordano27\Downloads\ghidra_12.1.2_PUBLIC_20260605\ghidra_12.1.2_PUBLIC\Ghidra\Processors\JVM\ghidra_scripts
    C:\Users\kimgiordano27\Downloads\ghidra_12.1.2_PUBLIC_20260605\ghidra_12.1.2_PUBLIC\Ghidra\Features\Base\ghidra_scripts
    C:\Users\kimgiordano27\Downloads\ghidra_12.1.2_PUBLIC_20260605\ghidra_12.1.2_PUBLIC\Ghidra\Features\SwiftDemangler\ghidra_scripts
    C:\Users\kimgiordano27\Downloads\ghidra_12.1.2_PUBLIC_20260605\ghidra_12.1.2_PUBLIC\Ghidra\Features\WildcardAssembler\ghidra_scripts
    C:\Users\kimgiordano27\Downloads\ghidra_12.1.2_PUBLIC_20260605\ghidra_12.1.2_PUBLIC\Ghidra\Features\FileFormats\ghidra_scripts
    C:\Users\kimgiordano27\Downloads\ghidra_12.1.2_PUBLIC_20260605\ghidra_12.1.2_PUBLIC\Ghidra\Features\Decompiler\ghidra_scripts
    C:\Users\kimgiordano27\Downloads\ghidra_12.1.2_PUBLIC_20260605\ghidra_12.1.2_PUBLIC\Ghidra\Features\SystemEmulation\ghidra_scripts
    C:\Users\kimgiordano27\Downloads\ghidra_12.1.2_PUBLIC_20260605\ghidra_12.1.2_PUBLIC\Ghidra\Processors\8051\ghidra_scripts
    C:\Users\kimgiordano27\Downloads\ghidra_12.1.2_PUBLIC_20260605\ghidra_12.1.2_PUBLIC\Ghidra\Features\GnuDemangler\ghidra_scripts
    C:\Users\kimgiordano27\Downloads\ghidra_12.1.2_PUBLIC_20260605\ghidra_12.1.2_PUBLIC\Ghidra\Debug\Debugger\ghidra_scripts
    C:\Users\kimgiordano27\Downloads\ghidra_12.1.2_PUBLIC_20260605\ghidra_12.1.2_PUBLIC\Ghidra\Processors\DATA\ghidra_scripts
    C:\Users\kimgiordano27\Downloads\ghidra_12.1.2_PUBLIC_20260605\ghidra_12.1.2_PUBLIC\Ghidra\Debug\Debugger-rmi-trace\ghidra_scripts
    C:\Users\kimgiordano27\Downloads\ghidra_12.1.2_PUBLIC_20260605\ghidra_12.1.2_PUBLIC\Ghidra\Features\FunctionID\ghidra_scripts
    C:\Users\kimgiordano27\Downloads\ghidra_12.1.2_PUBLIC_20260605\ghidra_12.1.2_PUBLIC\Ghidra\Features\MicrosoftCodeAnalyzer\ghidra_scripts
    C:\Users\kimgiordano27\Downloads\ghidra_12.1.2_PUBLIC_20260605\ghidra_12.1.2_PUBLIC\Ghidra\Features\PDB\ghidra_scripts
    C:\Users\kimgiordano27\AppData\Roaming\ghidra\ghidra_12.1.2_PUBLIC\Extensions\Jython\ghidra_scripts
    C:\Users\kimgiordano27\Downloads\ghidra_12.1.2_PUBLIC_20260605\ghidra_12.1.2_PUBLIC\Ghidra\Features\PyGhidra\ghidra_scripts  
2026-07-16 02:54:28 INFO  (HeadlessAnalyzer) HEADLESS: execution starts  
2026-07-16 02:54:28 INFO  (HeadlessAnalyzer) Opening existing project: C:\realDesktop\manifest-evaluations\summer-26\ghidra-pipeline\il2cpp-files\LethalApe\ghidra-project-LethalApe\LethalApe  
2026-07-16 02:54:28 INFO  (HeadlessProject) Opening project: C:\realDesktop\manifest-evaluations\summer-26\ghidra-pipeline\il2cpp-files\LethalApe\ghidra-project-LethalApe\LethalApe  
2026-07-16 02:54:28 INFO  (LocalFileSystem) /LethalApe-libil2cpp.so: checkout (2) granted (kimgiordano27)  
2026-07-16 02:54:31 INFO  (HeadlessAnalyzer) REPORT: Processing project file: /LethalApe-libil2cpp.so  
2026-07-16 02:54:31 INFO  (HeadlessAnalyzer) REPORT: Execute script: GeneralStructureEyePatternScan.java 'C:\realDesktop\manifest-evaluations\summer-26\ghidra-pipeline\il2cpp-files\LethalApe\general-structure-results' '70' 'false'   
2026-07-16 02:54:31 INFO  (HeadlessAnalyzer) SCRIPT: C:\realDesktop\manifest-evaluations\summer-26\ghidra-pipeline\ghidra-export-scripts\GeneralStructureEyePatternScan.java  
2026-07-16 02:54:31 INFO  (GhidraScript) GeneralStructureEyePatternScan.java> General structure scan starting...  
2026-07-16 02:54:31 INFO  (GhidraScript) GeneralStructureEyePatternScan.java> Output: C:\realDesktop\manifest-evaluations\summer-26\ghidra-pipeline\il2cpp-files\LethalApe\general-structure-results  
2026-07-16 02:54:31 INFO  (GhidraScript) GeneralStructureEyePatternScan.java> Minimum review score: 70  
2026-07-16 02:54:31 INFO  (GhidraScript) GeneralStructureEyePatternScan.java> Export all: false  
2026-07-16 02:54:47 INFO  (GhidraScript) GeneralStructureEyePatternScan.java> Scanned 10000 functions. Exported so far: 0  
2026-07-16 02:55:02 INFO  (GhidraScript) GeneralStructureEyePatternScan.java> Scanned 20000 functions. Exported so far: 0  
2026-07-16 02:55:21 INFO  (GhidraScript) GeneralStructureEyePatternScan.java> Scanned 30000 functions. Exported so far: 0  
2026-07-16 02:55:36 INFO  (GhidraScript) GeneralStructureEyePatternScan.java> Scanned 40000 functions. Exported so far: 0  
2026-07-16 02:58:16 INFO  (GhidraScript) GeneralStructureEyePatternScan.java> Scanned 50000 functions. Exported so far: 1  
2026-07-16 02:59:47 INFO  (GhidraScript) GeneralStructureEyePatternScan.java> Scanned 60000 functions. Exported so far: 2  
2026-07-16 03:00:43 INFO  (GhidraScript) GeneralStructureEyePatternScan.java> Scanned 70000 functions. Exported so far: 2  
2026-07-16 03:01:51 INFO  (GhidraScript) GeneralStructureEyePatternScan.java> Scanned 80000 functions. Exported so far: 2  
2026-07-16 03:03:10 INFO  (GhidraScript) GeneralStructureEyePatternScan.java> Scanned 90000 functions. Exported so far: 5  
2026-07-16 03:03:59 INFO  (GhidraScript) GeneralStructureEyePatternScan.java> Scanned 100000 functions. Exported so far: 5  
2026-07-16 03:05:45 INFO  (GhidraScript) GeneralStructureEyePatternScan.java> Scanned 110000 functions. Exported so far: 5  
2026-07-16 03:06:33 INFO  (GhidraScript) GeneralStructureEyePatternScan.java> Scanned 120000 functions. Exported so far: 5  
2026-07-16 03:07:31 INFO  (GhidraScript) GeneralStructureEyePatternScan.java> Scanned 130000 functions. Exported so far: 5  
2026-07-16 03:08:41 INFO  (GhidraScript) GeneralStructureEyePatternScan.java> Scanned 140000 functions. Exported so far: 5  
2026-07-16 03:09:52 INFO  (GhidraScript) GeneralStructureEyePatternScan.java> Scanned 150000 functions. Exported so far: 5  
2026-07-16 03:10:46 INFO  (GhidraScript) GeneralStructureEyePatternScan.java> Scanned 160000 functions. Exported so far: 5  
2026-07-16 03:13:31 INFO  (GhidraScript) GeneralStructureEyePatternScan.java> Scanned 170000 functions. Exported so far: 8  
2026-07-16 03:15:05 INFO  (GhidraScript) GeneralStructureEyePatternScan.java> Scanned 180000 functions. Exported so far: 8  
2026-07-16 03:46:45 INFO  (GhidraScript) GeneralStructureEyePatternScan.java> Scanned 190000 functions. Exported so far: 17  
2026-07-16 03:50:09 INFO  (GhidraScript) GeneralStructureEyePatternScan.java> Scanned 200000 functions. Exported so far: 33  
2026-07-16 12:56:37 INFO  (GhidraScript) GeneralStructureEyePatternScan.java> Scanned 210000 functions. Exported so far: 33  
2026-07-16 13:30:04 INFO  (GhidraScript) GeneralStructureEyePatternScan.java> Scanned 220000 functions. Exported so far: 53  
2026-07-16 13:35:10 INFO  (GhidraScript) GeneralStructureEyePatternScan.java> Scanned 230000 functions. Exported so far: 53  
2026-07-16 13:37:57 INFO  (GhidraScript) GeneralStructureEyePatternScan.java> Scanned 240000 functions. Exported so far: 53  
2026-07-16 14:49:29 INFO  (GhidraScript) GeneralStructureEyePatternScan.java> Scanned 250000 functions. Exported so far: 79  
2026-07-16 14:54:54 INFO  (GhidraScript) GeneralStructureEyePatternScan.java> Scanned 260000 functions. Exported so far: 85  
2026-07-16 15:02:13 INFO  (GhidraScript) GeneralStructureEyePatternScan.java> Scanned 270000 functions. Exported so far: 85  
2026-07-16 15:04:19 WARN  (DecompileCallback) Decompiling 02fdd000, pcode error at 02fdd000: Unable to disassemble EXTERNAL block location: 02fdd000  
2026-07-16 15:04:19 WARN  (DecompileCallback) Decompiling 02fdd008, pcode error at 02fdd008: Unable to disassemble EXTERNAL block location: 02fdd008  
2026-07-16 15:04:19 WARN  (DecompileCallback) Decompiling 02fdd010, pcode error at 02fdd010: Unable to disassemble EXTERNAL block location: 02fdd010  
2026-07-16 15:04:19 WARN  (DecompileCallback) Decompiling 02fdd018, pcode error at 02fdd018: Unable to disassemble EXTERNAL block location: 02fdd018  
2026-07-16 15:04:19 WARN  (DecompileCallback) Decompiling 02fdd020, pcode error at 02fdd020: Unable to disassemble EXTERNAL block location: 02fdd020  
2026-07-16 15:04:19 WARN  (DecompileCallback) Decompiling 02fdd028, pcode error at 02fdd028: Unable to disassemble EXTERNAL block location: 02fdd028  
2026-07-16 15:04:19 WARN  (DecompileCallback) Decompiling 02fdd030, pcode error at 02fdd030: Unable to disassemble EXTERNAL block location: 02fdd030  
2026-07-16 15:04:19 WARN  (DecompileCallback) Decompiling 02fdd038, pcode error at 02fdd038: Unable to disassemble EXTERNAL block location: 02fdd038  
2026-07-16 15:04:19 WARN  (DecompileCallback) Decompiling 02fdd040, pcode error at 02fdd040: Unable to disassemble EXTERNAL block location: 02fdd040  
2026-07-16 15:04:19 WARN  (DecompileCallback) Decompiling 02fdd048, pcode error at 02fdd048: Unable to disassemble EXTERNAL block location: 02fdd048  
2026-07-16 15:04:19 WARN  (DecompileCallback) Decompiling 02fdd050, pcode error at 02fdd050: Unable to disassemble EXTERNAL block location: 02fdd050  
2026-07-16 15:04:19 WARN  (DecompileCallback) Decompiling 02fdd058, pcode error at 02fdd058: Unable to disassemble EXTERNAL block location: 02fdd058  
2026-07-16 15:04:19 WARN  (DecompileCallback) Decompiling 02fdd060, pcode error at 02fdd060: Unable to disassemble EXTERNAL block location: 02fdd060  
2026-07-16 15:04:19 WARN  (DecompileCallback) Decompiling 02fdd068, pcode error at 02fdd068: Unable to disassemble EXTERNAL block location: 02fdd068  
2026-07-16 15:04:19 WARN  (DecompileCallback) Decompiling 02fdd070, pcode error at 02fdd070: Unable to disassemble EXTERNAL block location: 02fdd070  
2026-07-16 15:04:19 WARN  (DecompileCallback) Decompiling 02fdd078, pcode error at 02fdd078: Unable to disassemble EXTERNAL block location: 02fdd078  
2026-07-16 15:04:19 WARN  (DecompileCallback) Decompiling 02fdd080, pcode error at 02fdd080: Unable to disassemble EXTERNAL block location: 02fdd080  
2026-07-16 15:04:19 WARN  (DecompileCallback) Decompiling 02fdd088, pcode error at 02fdd088: Unable to disassemble EXTERNAL block location: 02fdd088  
2026-07-16 15:04:19 WARN  (DecompileCallback) Decompiling 02fdd090, pcode error at 02fdd090: Unable to disassemble EXTERNAL block location: 02fdd090  
2026-07-16 15:04:19 WARN  (DecompileCallback) Decompiling 02fdd098, pcode error at 02fdd098: Unable to disassemble EXTERNAL block location: 02fdd098  
2026-07-16 15:04:19 WARN  (DecompileCallback) Decompiling 02fdd0a0, pcode error at 02fdd0a0: Unable to disassemble EXTERNAL block location: 02fdd0a0  
2026-07-16 15:04:19 WARN  (DecompileCallback) Decompiling 02fdd0a8, pcode error at 02fdd0a8: Unable to disassemble EXTERNAL block location: 02fdd0a8  
2026-07-16 15:04:19 WARN  (DecompileCallback) Decompiling 02fdd0b0, pcode error at 02fdd0b0: Unable to disassemble EXTERNAL block location: 02fdd0b0  
2026-07-16 15:04:19 WARN  (DecompileCallback) Decompiling 02fdd0b8, pcode error at 02fdd0b8: Unable to disassemble EXTERNAL block location: 02fdd0b8  
2026-07-16 15:04:19 WARN  (DecompileCallback) Decompiling 02fdd0c0, pcode error at 02fdd0c0: Unable to disassemble EXTERNAL block location: 02fdd0c0  
2026-07-16 15:04:19 WARN  (DecompileCallback) Decompiling 02fdd0c8, pcode error at 02fdd0c8: Unable to disassemble EXTERNAL block location: 02fdd0c8  
2026-07-16 15:04:19 WARN  (DecompileCallback) Decompiling 02fdd0d0, pcode error at 02fdd0d0: Unable to disassemble EXTERNAL block location: 02fdd0d0  
2026-07-16 15:04:19 WARN  (DecompileCallback) Decompiling 02fdd0d8, pcode error at 02fdd0d8: Unable to disassemble EXTERNAL block location: 02fdd0d8  
2026-07-16 15:04:19 WARN  (DecompileCallback) Decompiling 02fdd0e0, pcode error at 02fdd0e0: Unable to disassemble EXTERNAL block location: 02fdd0e0  
2026-07-16 15:04:19 WARN  (DecompileCallback) Decompiling 02fdd0e8, pcode error at 02fdd0e8: Unable to disassemble EXTERNAL block location: 02fdd0e8  
2026-07-16 15:04:19 WARN  (DecompileCallback) Decompiling 02fdd0f0, pcode error at 02fdd0f0: Unable to disassemble EXTERNAL block location: 02fdd0f0  
2026-07-16 15:04:19 WARN  (DecompileCallback) Decompiling 02fdd0f8, pcode error at 02fdd0f8: Unable to disassemble EXTERNAL block location: 02fdd0f8  
2026-07-16 15:04:19 WARN  (DecompileCallback) Decompiling 02fdd100, pcode error at 02fdd100: Unable to disassemble EXTERNAL block location: 02fdd100  
2026-07-16 15:04:19 WARN  (DecompileCallback) Decompiling 02fdd108, pcode error at 02fdd108: Unable to disassemble EXTERNAL block location: 02fdd108  
2026-07-16 15:04:19 WARN  (DecompileCallback) Decompiling 02fdd110, pcode error at 02fdd110: Unable to disassemble EXTERNAL block location: 02fdd110  
2026-07-16 15:04:19 WARN  (DecompileCallback) Decompiling 02fdd118, pcode error at 02fdd118: Unable to disassemble EXTERNAL block location: 02fdd118  
2026-07-16 15:04:19 WARN  (DecompileCallback) Decompiling 02fdd128, pcode error at 02fdd128: Unable to disassemble EXTERNAL block location: 02fdd128  
2026-07-16 15:04:19 WARN  (DecompileCallback) Decompiling 02fdd130, pcode error at 02fdd130: Unable to disassemble EXTERNAL block location: 02fdd130  
2026-07-16 15:04:19 WARN  (DecompileCallback) Decompiling 02fdd138, pcode error at 02fdd138: Unable to disassemble EXTERNAL block location: 02fdd138  
2026-07-16 15:04:19 WARN  (DecompileCallback) Decompiling 02fdd140, pcode error at 02fdd140: Unable to disassemble EXTERNAL block location: 02fdd140  
2026-07-16 15:04:19 WARN  (DecompileCallback) Decompiling 02fdd148, pcode error at 02fdd148: Unable to disassemble EXTERNAL block location: 02fdd148  
2026-07-16 15:04:19 WARN  (DecompileCallback) Decompiling 02fdd150, pcode error at 02fdd150: Unable to disassemble EXTERNAL block location: 02fdd150  
2026-07-16 15:04:19 WARN  (DecompileCallback) Decompiling 02fdd158, pcode error at 02fdd158: Unable to disassemble EXTERNAL block location: 02fdd158  
2026-07-16 15:04:19 WARN  (DecompileCallback) Decompiling 02fdd160, pcode error at 02fdd160: Unable to disassemble EXTERNAL block location: 02fdd160  
2026-07-16 15:04:19 WARN  (DecompileCallback) Decompiling 02fdd168, pcode error at 02fdd168: Unable to disassemble EXTERNAL block location: 02fdd168  
2026-07-16 15:04:19 WARN  (DecompileCallback) Decompiling 02fdd170, pcode error at 02fdd170: Unable to disassemble EXTERNAL block location: 02fdd170  
2026-07-16 15:04:19 WARN  (DecompileCallback) Decompiling 02fdd178, pcode error at 02fdd178: Unable to disassemble EXTERNAL block location: 02fdd178  
2026-07-16 15:04:19 WARN  (DecompileCallback) Decompiling 02fdd180, pcode error at 02fdd180: Unable to disassemble EXTERNAL block location: 02fdd180  
2026-07-16 15:04:19 WARN  (DecompileCallback) Decompiling 02fdd188, pcode error at 02fdd188: Unable to disassemble EXTERNAL block location: 02fdd188  
2026-07-16 15:04:19 WARN  (DecompileCallback) Decompiling 02fdd190, pcode error at 02fdd190: Unable to disassemble EXTERNAL block location: 02fdd190  
2026-07-16 15:04:19 WARN  (DecompileCallback) Decompiling 02fdd198, pcode error at 02fdd198: Unable to disassemble EXTERNAL block location: 02fdd198  
2026-07-16 15:04:19 WARN  (DecompileCallback) Decompiling 02fdd1a0, pcode error at 02fdd1a0: Unable to disassemble EXTERNAL block location: 02fdd1a0  
2026-07-16 15:04:19 WARN  (DecompileCallback) Decompiling 02fdd1a8, pcode error at 02fdd1a8: Unable to disassemble EXTERNAL block location: 02fdd1a8  
2026-07-16 15:04:19 WARN  (DecompileCallback) Decompiling 02fdd1b0, pcode error at 02fdd1b0: Unable to disassemble EXTERNAL block location: 02fdd1b0  
2026-07-16 15:04:19 WARN  (DecompileCallback) Decompiling 02fdd1b8, pcode error at 02fdd1b8: Unable to disassemble EXTERNAL block location: 02fdd1b8  
2026-07-16 15:04:19 WARN  (DecompileCallback) Decompiling 02fdd1c0, pcode error at 02fdd1c0: Unable to disassemble EXTERNAL block location: 02fdd1c0  
2026-07-16 15:04:19 WARN  (DecompileCallback) Decompiling 02fdd1c8, pcode error at 02fdd1c8: Unable to disassemble EXTERNAL block location: 02fdd1c8  
2026-07-16 15:04:19 WARN  (DecompileCallback) Decompiling 02fdd1d0, pcode error at 02fdd1d0: Unable to disassemble EXTERNAL block location: 02fdd1d0  
2026-07-16 15:04:19 WARN  (DecompileCallback) Decompiling 02fdd1d8, pcode error at 02fdd1d8: Unable to disassemble EXTERNAL block location: 02fdd1d8  
2026-07-16 15:04:19 WARN  (DecompileCallback) Decompiling 02fdd1e0, pcode error at 02fdd1e0: Unable to disassemble EXTERNAL block location: 02fdd1e0  
2026-07-16 15:04:19 WARN  (DecompileCallback) Decompiling 02fdd1e8, pcode error at 02fdd1e8: Unable to disassemble EXTERNAL block location: 02fdd1e8  
2026-07-16 15:04:19 WARN  (DecompileCallback) Decompiling 02fdd1f0, pcode error at 02fdd1f0: Unable to disassemble EXTERNAL block location: 02fdd1f0  
2026-07-16 15:04:19 WARN  (DecompileCallback) Decompiling 02fdd1f8, pcode error at 02fdd1f8: Unable to disassemble EXTERNAL block location: 02fdd1f8  
2026-07-16 15:04:19 WARN  (DecompileCallback) Decompiling 02fdd200, pcode error at 02fdd200: Unable to disassemble EXTERNAL block location: 02fdd200  
2026-07-16 15:04:19 WARN  (DecompileCallback) Decompiling 02fdd208, pcode error at 02fdd208: Unable to disassemble EXTERNAL block location: 02fdd208  
2026-07-16 15:04:19 WARN  (DecompileCallback) Decompiling 02fdd210, pcode error at 02fdd210: Unable to disassemble EXTERNAL block location: 02fdd210  
2026-07-16 15:04:19 WARN  (DecompileCallback) Decompiling 02fdd218, pcode error at 02fdd218: Unable to disassemble EXTERNAL block location: 02fdd218  
2026-07-16 15:04:19 WARN  (DecompileCallback) Decompiling 02fdd220, pcode error at 02fdd220: Unable to disassemble EXTERNAL block location: 02fdd220  
2026-07-16 15:04:19 WARN  (DecompileCallback) Decompiling 02fdd228, pcode error at 02fdd228: Unable to disassemble EXTERNAL block location: 02fdd228  
2026-07-16 15:04:19 WARN  (DecompileCallback) Decompiling 02fdd230, pcode error at 02fdd230: Unable to disassemble EXTERNAL block location: 02fdd230  
2026-07-16 15:04:19 WARN  (DecompileCallback) Decompiling 02fdd238, pcode error at 02fdd238: Unable to disassemble EXTERNAL block location: 02fdd238  
2026-07-16 15:04:19 WARN  (DecompileCallback) Decompiling 02fdd240, pcode error at 02fdd240: Unable to disassemble EXTERNAL block location: 02fdd240  
2026-07-16 15:04:19 WARN  (DecompileCallback) Decompiling 02fdd248, pcode error at 02fdd248: Unable to disassemble EXTERNAL block location: 02fdd248  
2026-07-16 15:04:19 WARN  (DecompileCallback) Decompiling 02fdd250, pcode error at 02fdd250: Unable to disassemble EXTERNAL block location: 02fdd250  
2026-07-16 15:04:19 WARN  (DecompileCallback) Decompiling 02fdd258, pcode error at 02fdd258: Unable to disassemble EXTERNAL block location: 02fdd258  
2026-07-16 15:04:19 WARN  (DecompileCallback) Decompiling 02fdd260, pcode error at 02fdd260: Unable to disassemble EXTERNAL block location: 02fdd260  
2026-07-16 15:04:19 WARN  (DecompileCallback) Decompiling 02fdd268, pcode error at 02fdd268: Unable to disassemble EXTERNAL block location: 02fdd268  
2026-07-16 15:04:19 WARN  (DecompileCallback) Decompiling 02fdd270, pcode error at 02fdd270: Unable to disassemble EXTERNAL block location: 02fdd270  
2026-07-16 15:04:19 WARN  (DecompileCallback) Decompiling 02fdd278, pcode error at 02fdd278: Unable to disassemble EXTERNAL block location: 02fdd278  
2026-07-16 15:04:19 WARN  (DecompileCallback) Decompiling 02fdd280, pcode error at 02fdd280: Unable to disassemble EXTERNAL block location: 02fdd280  
2026-07-16 15:04:19 WARN  (DecompileCallback) Decompiling 02fdd288, pcode error at 02fdd288: Unable to disassemble EXTERNAL block location: 02fdd288  
2026-07-16 15:04:19 WARN  (DecompileCallback) Decompiling 02fdd290, pcode error at 02fdd290: Unable to disassemble EXTERNAL block location: 02fdd290  
2026-07-16 15:04:19 WARN  (DecompileCallback) Decompiling 02fdd298, pcode error at 02fdd298: Unable to disassemble EXTERNAL block location: 02fdd298  
2026-07-16 15:04:19 WARN  (DecompileCallback) Decompiling 02fdd2a0, pcode error at 02fdd2a0: Unable to disassemble EXTERNAL block location: 02fdd2a0  
2026-07-16 15:04:19 WARN  (DecompileCallback) Decompiling 02fdd2a8, pcode error at 02fdd2a8: Unable to disassemble EXTERNAL block location: 02fdd2a8  
2026-07-16 15:04:19 WARN  (DecompileCallback) Decompiling 02fdd2b0, pcode error at 02fdd2b0: Unable to disassemble EXTERNAL block location: 02fdd2b0  
2026-07-16 15:04:19 WARN  (DecompileCallback) Decompiling 02fdd2b8, pcode error at 02fdd2b8: Unable to disassemble EXTERNAL block location: 02fdd2b8  
2026-07-16 15:04:19 WARN  (DecompileCallback) Decompiling 02fdd2c0, pcode error at 02fdd2c0: Unable to disassemble EXTERNAL block location: 02fdd2c0  
2026-07-16 15:04:19 WARN  (DecompileCallback) Decompiling 02fdd2c8, pcode error at 02fdd2c8: Unable to disassemble EXTERNAL block location: 02fdd2c8  
2026-07-16 15:04:19 WARN  (DecompileCallback) Decompiling 02fdd2d0, pcode error at 02fdd2d0: Unable to disassemble EXTERNAL block location: 02fdd2d0  
2026-07-16 15:04:19 WARN  (DecompileCallback) Decompiling 02fdd2d8, pcode error at 02fdd2d8: Unable to disassemble EXTERNAL block location: 02fdd2d8  
2026-07-16 15:04:19 WARN  (DecompileCallback) Decompiling 02fdd2e0, pcode error at 02fdd2e0: Unable to disassemble EXTERNAL block location: 02fdd2e0  
2026-07-16 15:04:19 WARN  (DecompileCallback) Decompiling 02fdd2e8, pcode error at 02fdd2e8: Unable to disassemble EXTERNAL block location: 02fdd2e8  
2026-07-16 15:04:19 WARN  (DecompileCallback) Decompiling 02fdd2f0, pcode error at 02fdd2f0: Unable to disassemble EXTERNAL block location: 02fdd2f0  
2026-07-16 15:04:19 WARN  (DecompileCallback) Decompiling 02fdd2f8, pcode error at 02fdd2f8: Unable to disassemble EXTERNAL block location: 02fdd2f8  
2026-07-16 15:04:19 WARN  (DecompileCallback) Decompiling 02fdd300, pcode error at 02fdd300: Unable to disassemble EXTERNAL block location: 02fdd300  
2026-07-16 15:04:19 WARN  (DecompileCallback) Decompiling 02fdd308, pcode error at 02fdd308: Unable to disassemble EXTERNAL block location: 02fdd308  
2026-07-16 15:04:19 WARN  (DecompileCallback) Decompiling 02fdd310, pcode error at 02fdd310: Unable to disassemble EXTERNAL block location: 02fdd310  
2026-07-16 15:04:19 WARN  (DecompileCallback) Decompiling 02fdd318, pcode error at 02fdd318: Unable to disassemble EXTERNAL block location: 02fdd318  
2026-07-16 15:04:19 WARN  (DecompileCallback) Decompiling 02fdd320, pcode error at 02fdd320: Unable to disassemble EXTERNAL block location: 02fdd320  
2026-07-16 15:04:19 WARN  (DecompileCallback) Decompiling 02fdd328, pcode error at 02fdd328: Unable to disassemble EXTERNAL block location: 02fdd328  
2026-07-16 15:04:19 WARN  (DecompileCallback) Decompiling 02fdd330, pcode error at 02fdd330: Unable to disassemble EXTERNAL block location: 02fdd330  
2026-07-16 15:04:19 WARN  (DecompileCallback) Decompiling 02fdd338, pcode error at 02fdd338: Unable to disassemble EXTERNAL block location: 02fdd338  
2026-07-16 15:04:19 WARN  (DecompileCallback) Decompiling 02fdd340, pcode error at 02fdd340: Unable to disassemble EXTERNAL block location: 02fdd340  
2026-07-16 15:04:19 WARN  (DecompileCallback) Decompiling 02fdd348, pcode error at 02fdd348: Unable to disassemble EXTERNAL block location: 02fdd348  
2026-07-16 15:04:19 WARN  (DecompileCallback) Decompiling 02fdd350, pcode error at 02fdd350: Unable to disassemble EXTERNAL block location: 02fdd350  
2026-07-16 15:04:19 WARN  (DecompileCallback) Decompiling 02fdd358, pcode error at 02fdd358: Unable to disassemble EXTERNAL block location: 02fdd358  
2026-07-16 15:04:19 WARN  (DecompileCallback) Decompiling 02fdd360, pcode error at 02fdd360: Unable to disassemble EXTERNAL block location: 02fdd360  
2026-07-16 15:04:19 WARN  (DecompileCallback) Decompiling 02fdd368, pcode error at 02fdd368: Unable to disassemble EXTERNAL block location: 02fdd368  
2026-07-16 15:04:19 WARN  (DecompileCallback) Decompiling 02fdd370, pcode error at 02fdd370: Unable to disassemble EXTERNAL block location: 02fdd370  
2026-07-16 15:04:19 WARN  (DecompileCallback) Decompiling 02fdd378, pcode error at 02fdd378: Unable to disassemble EXTERNAL block location: 02fdd378  
2026-07-16 15:04:19 WARN  (DecompileCallback) Decompiling 02fdd380, pcode error at 02fdd380: Unable to disassemble EXTERNAL block location: 02fdd380  
2026-07-16 15:04:19 WARN  (DecompileCallback) Decompiling 02fdd388, pcode error at 02fdd388: Unable to disassemble EXTERNAL block location: 02fdd388  
2026-07-16 15:04:19 WARN  (DecompileCallback) Decompiling 02fdd390, pcode error at 02fdd390: Unable to disassemble EXTERNAL block location: 02fdd390  
2026-07-16 15:04:19 WARN  (DecompileCallback) Decompiling 02fdd398, pcode error at 02fdd398: Unable to disassemble EXTERNAL block location: 02fdd398  
2026-07-16 15:04:19 WARN  (DecompileCallback) Decompiling 02fdd3a0, pcode error at 02fdd3a0: Unable to disassemble EXTERNAL block location: 02fdd3a0  
2026-07-16 15:04:19 WARN  (DecompileCallback) Decompiling 02fdd3a8, pcode error at 02fdd3a8: Unable to disassemble EXTERNAL block location: 02fdd3a8  
2026-07-16 15:04:19 WARN  (DecompileCallback) Decompiling 02fdd3b0, pcode error at 02fdd3b0: Unable to disassemble EXTERNAL block location: 02fdd3b0  
2026-07-16 15:04:19 WARN  (DecompileCallback) Decompiling 02fdd3b8, pcode error at 02fdd3b8: Unable to disassemble EXTERNAL block location: 02fdd3b8  
2026-07-16 15:04:19 WARN  (DecompileCallback) Decompiling 02fdd3c0, pcode error at 02fdd3c0: Unable to disassemble EXTERNAL block location: 02fdd3c0  
2026-07-16 15:04:19 WARN  (DecompileCallback) Decompiling 02fdd3c8, pcode error at 02fdd3c8: Unable to disassemble EXTERNAL block location: 02fdd3c8  
2026-07-16 15:04:19 WARN  (DecompileCallback) Decompiling 02fdd3d0, pcode error at 02fdd3d0: Unable to disassemble EXTERNAL block location: 02fdd3d0  
2026-07-16 15:04:19 WARN  (DecompileCallback) Decompiling 02fdd3d8, pcode error at 02fdd3d8: Unable to disassemble EXTERNAL block location: 02fdd3d8  
2026-07-16 15:04:19 WARN  (DecompileCallback) Decompiling 02fdd3e0, pcode error at 02fdd3e0: Unable to disassemble EXTERNAL block location: 02fdd3e0  
2026-07-16 15:04:19 WARN  (DecompileCallback) Decompiling 02fdd3e8, pcode error at 02fdd3e8: Unable to disassemble EXTERNAL block location: 02fdd3e8  
2026-07-16 15:04:19 WARN  (DecompileCallback) Decompiling 02fdd3f0, pcode error at 02fdd3f0: Unable to disassemble EXTERNAL block location: 02fdd3f0  
2026-07-16 15:04:19 WARN  (DecompileCallback) Decompiling 02fdd3f8, pcode error at 02fdd3f8: Unable to disassemble EXTERNAL block location: 02fdd3f8  
2026-07-16 15:04:19 WARN  (DecompileCallback) Decompiling 02fdd400, pcode error at 02fdd400: Unable to disassemble EXTERNAL block location: 02fdd400  
2026-07-16 15:04:19 WARN  (DecompileCallback) Decompiling 02fdd408, pcode error at 02fdd408: Unable to disassemble EXTERNAL block location: 02fdd408  
2026-07-16 15:04:19 WARN  (DecompileCallback) Decompiling 02fdd410, pcode error at 02fdd410: Unable to disassemble EXTERNAL block location: 02fdd410  
2026-07-16 15:04:19 WARN  (DecompileCallback) Decompiling 02fdd418, pcode error at 02fdd418: Unable to disassemble EXTERNAL block location: 02fdd418  
2026-07-16 15:04:19 WARN  (DecompileCallback) Decompiling 02fdd420, pcode error at 02fdd420: Unable to disassemble EXTERNAL block location: 02fdd420  
2026-07-16 15:04:19 WARN  (DecompileCallback) Decompiling 02fdd428, pcode error at 02fdd428: Unable to disassemble EXTERNAL block location: 02fdd428  
2026-07-16 15:04:19 WARN  (DecompileCallback) Decompiling 02fdd430, pcode error at 02fdd430: Unable to disassemble EXTERNAL block location: 02fdd430  
2026-07-16 15:04:19 WARN  (DecompileCallback) Decompiling 02fdd438, pcode error at 02fdd438: Unable to disassemble EXTERNAL block location: 02fdd438  
2026-07-16 15:04:19 WARN  (DecompileCallback) Decompiling 02fdd440, pcode error at 02fdd440: Unable to disassemble EXTERNAL block location: 02fdd440  
2026-07-16 15:04:19 WARN  (DecompileCallback) Decompiling 02fdd448, pcode error at 02fdd448: Unable to disassemble EXTERNAL block location: 02fdd448  
2026-07-16 15:04:19 WARN  (DecompileCallback) Decompiling 02fdd450, pcode error at 02fdd450: Unable to disassemble EXTERNAL block location: 02fdd450  
2026-07-16 15:04:19 WARN  (DecompileCallback) Decompiling 02fdd458, pcode error at 02fdd458: Unable to disassemble EXTERNAL block location: 02fdd458  
2026-07-16 15:04:19 WARN  (DecompileCallback) Decompiling 02fdd460, pcode error at 02fdd460: Unable to disassemble EXTERNAL block location: 02fdd460  
2026-07-16 15:04:19 WARN  (DecompileCallback) Decompiling 02fdd468, pcode error at 02fdd468: Unable to disassemble EXTERNAL block location: 02fdd468  
2026-07-16 15:04:19 WARN  (DecompileCallback) Decompiling 02fdd470, pcode error at 02fdd470: Unable to disassemble EXTERNAL block location: 02fdd470  
2026-07-16 15:04:19 WARN  (DecompileCallback) Decompiling 02fdd478, pcode error at 02fdd478: Unable to disassemble EXTERNAL block location: 02fdd478  
2026-07-16 15:04:19 WARN  (DecompileCallback) Decompiling 02fdd480, pcode error at 02fdd480: Unable to disassemble EXTERNAL block location: 02fdd480  
2026-07-16 15:04:19 WARN  (DecompileCallback) Decompiling 02fdd488, pcode error at 02fdd488: Unable to disassemble EXTERNAL block location: 02fdd488  
2026-07-16 15:04:19 WARN  (DecompileCallback) Decompiling 02fdd490, pcode error at 02fdd490: Unable to disassemble EXTERNAL block location: 02fdd490  
2026-07-16 15:04:19 WARN  (DecompileCallback) Decompiling 02fdd498, pcode error at 02fdd498: Unable to disassemble EXTERNAL block location: 02fdd498  
2026-07-16 15:04:19 WARN  (DecompileCallback) Decompiling 02fdd4a0, pcode error at 02fdd4a0: Unable to disassemble EXTERNAL block location: 02fdd4a0  
2026-07-16 15:04:19 WARN  (DecompileCallback) Decompiling 02fdd4a8, pcode error at 02fdd4a8: Unable to disassemble EXTERNAL block location: 02fdd4a8  
2026-07-16 15:04:19 WARN  (DecompileCallback) Decompiling 02fdd4b0, pcode error at 02fdd4b0: Unable to disassemble EXTERNAL block location: 02fdd4b0  
2026-07-16 15:04:19 WARN  (DecompileCallback) Decompiling 02fdd4b8, pcode error at 02fdd4b8: Unable to disassemble EXTERNAL block location: 02fdd4b8  
2026-07-16 15:04:19 WARN  (DecompileCallback) Decompiling 02fdd4c0, pcode error at 02fdd4c0: Unable to disassemble EXTERNAL block location: 02fdd4c0  
2026-07-16 15:04:19 WARN  (DecompileCallback) Decompiling 02fdd4c8, pcode error at 02fdd4c8: Unable to disassemble EXTERNAL block location: 02fdd4c8  
2026-07-16 15:04:19 WARN  (DecompileCallback) Decompiling 02fdd4d0, pcode error at 02fdd4d0: Unable to disassemble EXTERNAL block location: 02fdd4d0  
2026-07-16 15:04:19 WARN  (DecompileCallback) Decompiling 02fdd4d8, pcode error at 02fdd4d8: Unable to disassemble EXTERNAL block location: 02fdd4d8  
2026-07-16 15:04:19 WARN  (DecompileCallback) Decompiling 02fdd4e0, pcode error at 02fdd4e0: Unable to disassemble EXTERNAL block location: 02fdd4e0  
2026-07-16 15:04:19 WARN  (DecompileCallback) Decompiling 02fdd4e8, pcode error at 02fdd4e8: Unable to disassemble EXTERNAL block location: 02fdd4e8  
2026-07-16 15:04:19 WARN  (DecompileCallback) Decompiling 02fdd4f0, pcode error at 02fdd4f0: Unable to disassemble EXTERNAL block location: 02fdd4f0  
2026-07-16 15:04:19 WARN  (DecompileCallback) Decompiling 02fdd4f8, pcode error at 02fdd4f8: Unable to disassemble EXTERNAL block location: 02fdd4f8  
2026-07-16 15:04:19 WARN  (DecompileCallback) Decompiling 02fdd500, pcode error at 02fdd500: Unable to disassemble EXTERNAL block location: 02fdd500  
2026-07-16 15:04:19 WARN  (DecompileCallback) Decompiling 02fdd508, pcode error at 02fdd508: Unable to disassemble EXTERNAL block location: 02fdd508  
2026-07-16 15:04:19 WARN  (DecompileCallback) Decompiling 02fdd510, pcode error at 02fdd510: Unable to disassemble EXTERNAL block location: 02fdd510  
2026-07-16 15:04:19 WARN  (DecompileCallback) Decompiling 02fdd518, pcode error at 02fdd518: Unable to disassemble EXTERNAL block location: 02fdd518  
2026-07-16 15:04:19 WARN  (DecompileCallback) Decompiling 02fdd520, pcode error at 02fdd520: Unable to disassemble EXTERNAL block location: 02fdd520  
2026-07-16 15:04:19 WARN  (DecompileCallback) Decompiling 02fdd528, pcode error at 02fdd528: Unable to disassemble EXTERNAL block location: 02fdd528  
2026-07-16 15:04:19 WARN  (DecompileCallback) Decompiling 02fdd530, pcode error at 02fdd530: Unable to disassemble EXTERNAL block location: 02fdd530  
2026-07-16 15:04:19 WARN  (DecompileCallback) Decompiling 02fdd538, pcode error at 02fdd538: Unable to disassemble EXTERNAL block location: 02fdd538  
2026-07-16 15:04:19 WARN  (DecompileCallback) Decompiling 02fdd540, pcode error at 02fdd540: Unable to disassemble EXTERNAL block location: 02fdd540  
2026-07-16 15:04:19 WARN  (DecompileCallback) Decompiling 02fdd548, pcode error at 02fdd548: Unable to disassemble EXTERNAL block location: 02fdd548  
2026-07-16 15:04:19 WARN  (DecompileCallback) Decompiling 02fdd550, pcode error at 02fdd550: Unable to disassemble EXTERNAL block location: 02fdd550  
2026-07-16 15:04:19 WARN  (DecompileCallback) Decompiling 02fdd558, pcode error at 02fdd558: Unable to disassemble EXTERNAL block location: 02fdd558  
2026-07-16 15:04:19 WARN  (DecompileCallback) Decompiling 02fdd560, pcode error at 02fdd560: Unable to disassemble EXTERNAL block location: 02fdd560  
2026-07-16 15:04:19 WARN  (DecompileCallback) Decompiling 02fdd568, pcode error at 02fdd568: Unable to disassemble EXTERNAL block location: 02fdd568  
2026-07-16 15:04:19 WARN  (DecompileCallback) Decompiling 02fdd570, pcode error at 02fdd570: Unable to disassemble EXTERNAL block location: 02fdd570  
2026-07-16 15:04:19 WARN  (DecompileCallback) Decompiling 02fdd578, pcode error at 02fdd578: Unable to disassemble EXTERNAL block location: 02fdd578  
2026-07-16 15:04:19 WARN  (DecompileCallback) Decompiling 02fdd580, pcode error at 02fdd580: Unable to disassemble EXTERNAL block location: 02fdd580  
2026-07-16 15:04:19 WARN  (DecompileCallback) Decompiling 02fdd588, pcode error at 02fdd588: Unable to disassemble EXTERNAL block location: 02fdd588  
2026-07-16 15:04:19 WARN  (DecompileCallback) Decompiling 02fdd590, pcode error at 02fdd590: Unable to disassemble EXTERNAL block location: 02fdd590  
2026-07-16 15:04:19 WARN  (DecompileCallback) Decompiling 02fdd598, pcode error at 02fdd598: Unable to disassemble EXTERNAL block location: 02fdd598  
2026-07-16 15:04:19 WARN  (DecompileCallback) Decompiling 02fdd5a0, pcode error at 02fdd5a0: Unable to disassemble EXTERNAL block location: 02fdd5a0  
2026-07-16 15:04:19 WARN  (DecompileCallback) Decompiling 02fdd5a8, pcode error at 02fdd5a8: Unable to disassemble EXTERNAL block location: 02fdd5a8  
2026-07-16 15:04:19 WARN  (DecompileCallback) Decompiling 02fdd5b0, pcode error at 02fdd5b0: Unable to disassemble EXTERNAL block location: 02fdd5b0  
2026-07-16 15:04:19 WARN  (DecompileCallback) Decompiling 02fdd5b8, pcode error at 02fdd5b8: Unable to disassemble EXTERNAL block location: 02fdd5b8  
2026-07-16 15:04:19 WARN  (DecompileCallback) Decompiling 02fdd5c0, pcode error at 02fdd5c0: Unable to disassemble EXTERNAL block location: 02fdd5c0  
2026-07-16 15:04:19 WARN  (DecompileCallback) Decompiling 02fdd5c8, pcode error at 02fdd5c8: Unable to disassemble EXTERNAL block location: 02fdd5c8  
2026-07-16 15:04:19 WARN  (DecompileCallback) Decompiling 02fdd5d0, pcode error at 02fdd5d0: Unable to disassemble EXTERNAL block location: 02fdd5d0  
2026-07-16 15:04:19 WARN  (DecompileCallback) Decompiling 02fdd5d8, pcode error at 02fdd5d8: Unable to disassemble EXTERNAL block location: 02fdd5d8  
2026-07-16 15:04:19 WARN  (DecompileCallback) Decompiling 02fdd5e0, pcode error at 02fdd5e0: Unable to disassemble EXTERNAL block location: 02fdd5e0  
2026-07-16 15:04:19 WARN  (DecompileCallback) Decompiling 02fdd5e8, pcode error at 02fdd5e8: Unable to disassemble EXTERNAL block location: 02fdd5e8  
2026-07-16 15:04:19 WARN  (DecompileCallback) Decompiling 02fdd5f0, pcode error at 02fdd5f0: Unable to disassemble EXTERNAL block location: 02fdd5f0  
2026-07-16 15:04:19 WARN  (DecompileCallback) Decompiling 02fdd5f8, pcode error at 02fdd5f8: Unable to disassemble EXTERNAL block location: 02fdd5f8  
2026-07-16 15:04:19 WARN  (DecompileCallback) Decompiling 02fdd600, pcode error at 02fdd600: Unable to disassemble EXTERNAL block location: 02fdd600  
2026-07-16 15:04:19 WARN  (DecompileCallback) Decompiling 02fdd608, pcode error at 02fdd608: Unable to disassemble EXTERNAL block location: 02fdd608  
2026-07-16 15:04:19 WARN  (DecompileCallback) Decompiling 02fdd610, pcode error at 02fdd610: Unable to disassemble EXTERNAL block location: 02fdd610  
2026-07-16 15:04:19 WARN  (DecompileCallback) Decompiling 02fdd618, pcode error at 02fdd618: Unable to disassemble EXTERNAL block location: 02fdd618  
2026-07-16 15:04:19 WARN  (DecompileCallback) Decompiling 02fdd620, pcode error at 02fdd620: Unable to disassemble EXTERNAL block location: 02fdd620  
2026-07-16 15:04:19 WARN  (DecompileCallback) Decompiling 02fdd628, pcode error at 02fdd628: Unable to disassemble EXTERNAL block location: 02fdd628  
2026-07-16 15:04:19 WARN  (DecompileCallback) Decompiling 02fdd630, pcode error at 02fdd630: Unable to disassemble EXTERNAL block location: 02fdd630  
2026-07-16 15:04:19 WARN  (DecompileCallback) Decompiling 02fdd638, pcode error at 02fdd638: Unable to disassemble EXTERNAL block location: 02fdd638  
2026-07-16 15:04:19 WARN  (DecompileCallback) Decompiling 02fdd640, pcode error at 02fdd640: Unable to disassemble EXTERNAL block location: 02fdd640  
2026-07-16 15:04:19 WARN  (DecompileCallback) Decompiling 02fdd648, pcode error at 02fdd648: Unable to disassemble EXTERNAL block location: 02fdd648  
2026-07-16 15:04:19 WARN  (DecompileCallback) Decompiling 02fdd650, pcode error at 02fdd650: Unable to disassemble EXTERNAL block location: 02fdd650  
2026-07-16 15:04:19 WARN  (DecompileCallback) Decompiling 02fdd658, pcode error at 02fdd658: Unable to disassemble EXTERNAL block location: 02fdd658  
2026-07-16 15:04:19 WARN  (DecompileCallback) Decompiling 02fdd660, pcode error at 02fdd660: Unable to disassemble EXTERNAL block location: 02fdd660  
2026-07-16 15:04:19 WARN  (DecompileCallback) Decompiling 02fdd668, pcode error at 02fdd668: Unable to disassemble EXTERNAL block location: 02fdd668  
2026-07-16 15:04:19 WARN  (DecompileCallback) Decompiling 02fdd670, pcode error at 02fdd670: Unable to disassemble EXTERNAL block location: 02fdd670  
2026-07-16 15:04:19 WARN  (DecompileCallback) Decompiling 02fdd678, pcode error at 02fdd678: Unable to disassemble EXTERNAL block location: 02fdd678  
2026-07-16 15:04:19 WARN  (DecompileCallback) Decompiling 02fdd680, pcode error at 02fdd680: Unable to disassemble EXTERNAL block location: 02fdd680  
2026-07-16 15:04:19 WARN  (DecompileCallback) Decompiling 02fdd688, pcode error at 02fdd688: Unable to disassemble EXTERNAL block location: 02fdd688  
2026-07-16 15:04:19 WARN  (DecompileCallback) Decompiling 02fdd690, pcode error at 02fdd690: Unable to disassemble EXTERNAL block location: 02fdd690  
2026-07-16 15:04:19 WARN  (DecompileCallback) Decompiling 02fdd698, pcode error at 02fdd698: Unable to disassemble EXTERNAL block location: 02fdd698  
2026-07-16 15:04:19 WARN  (DecompileCallback) Decompiling 02fdd6a0, pcode error at 02fdd6a0: Unable to disassemble EXTERNAL block location: 02fdd6a0  
2026-07-16 15:04:19 WARN  (DecompileCallback) Decompiling 02fdd6a8, pcode error at 02fdd6a8: Unable to disassemble EXTERNAL block location: 02fdd6a8  
2026-07-16 15:04:19 WARN  (DecompileCallback) Decompiling 02fdd6b0, pcode error at 02fdd6b0: Unable to disassemble EXTERNAL block location: 02fdd6b0  
2026-07-16 15:04:19 WARN  (DecompileCallback) Decompiling 02fdd6b8, pcode error at 02fdd6b8: Unable to disassemble EXTERNAL block location: 02fdd6b8  
2026-07-16 15:04:19 WARN  (DecompileCallback) Decompiling 02fdd6c0, pcode error at 02fdd6c0: Unable to disassemble EXTERNAL block location: 02fdd6c0  
2026-07-16 15:04:19 WARN  (DecompileCallback) Decompiling 02fdd6c8, pcode error at 02fdd6c8: Unable to disassemble EXTERNAL block location: 02fdd6c8  
2026-07-16 15:04:19 WARN  (DecompileCallback) Decompiling 02fdd6d0, pcode error at 02fdd6d0: Unable to disassemble EXTERNAL block location: 02fdd6d0  
2026-07-16 15:04:19 WARN  (DecompileCallback) Decompiling 02fdd6d8, pcode error at 02fdd6d8: Unable to disassemble EXTERNAL block location: 02fdd6d8  
2026-07-16 15:04:19 WARN  (DecompileCallback) Decompiling 02fdd6e0, pcode error at 02fdd6e0: Unable to disassemble EXTERNAL block location: 02fdd6e0  
2026-07-16 15:04:19 WARN  (DecompileCallback) Decompiling 02fdd6e8, pcode error at 02fdd6e8: Unable to disassemble EXTERNAL block location: 02fdd6e8  
2026-07-16 15:04:19 WARN  (DecompileCallback) Decompiling 02fdd6f0, pcode error at 02fdd6f0: Unable to disassemble EXTERNAL block location: 02fdd6f0  
2026-07-16 15:04:19 WARN  (DecompileCallback) Decompiling 02fdd6f8, pcode error at 02fdd6f8: Unable to disassemble EXTERNAL block location: 02fdd6f8  
2026-07-16 15:04:19 WARN  (DecompileCallback) Decompiling 02fdd700, pcode error at 02fdd700: Unable to disassemble EXTERNAL block location: 02fdd700  
2026-07-16 15:04:19 WARN  (DecompileCallback) Decompiling 02fdd708, pcode error at 02fdd708: Unable to disassemble EXTERNAL block location: 02fdd708  
2026-07-16 15:04:19 WARN  (DecompileCallback) Decompiling 02fdd710, pcode error at 02fdd710: Unable to disassemble EXTERNAL block location: 02fdd710  
2026-07-16 15:04:19 WARN  (DecompileCallback) Decompiling 02fdd718, pcode error at 02fdd718: Unable to disassemble EXTERNAL block location: 02fdd718  
2026-07-16 15:04:19 WARN  (DecompileCallback) Decompiling 02fdd720, pcode error at 02fdd720: Unable to disassemble EXTERNAL block location: 02fdd720  
2026-07-16 15:04:19 WARN  (DecompileCallback) Decompiling 02fdd728, pcode error at 02fdd728: Unable to disassemble EXTERNAL block location: 02fdd728  
2026-07-16 15:04:19 WARN  (DecompileCallback) Decompiling 02fdd730, pcode error at 02fdd730: Unable to disassemble EXTERNAL block location: 02fdd730  
2026-07-16 15:04:19 WARN  (DecompileCallback) Decompiling 02fdd738, pcode error at 02fdd738: Unable to disassemble EXTERNAL block location: 02fdd738  
2026-07-16 15:04:19 WARN  (DecompileCallback) Decompiling 02fdd740, pcode error at 02fdd740: Unable to disassemble EXTERNAL block location: 02fdd740  
2026-07-16 15:04:19 WARN  (DecompileCallback) Decompiling 02fdd748, pcode error at 02fdd748: Unable to disassemble EXTERNAL block location: 02fdd748  
2026-07-16 15:04:19 WARN  (DecompileCallback) Decompiling 02fdd750, pcode error at 02fdd750: Unable to disassemble EXTERNAL block location: 02fdd750  
2026-07-16 15:04:19 WARN  (DecompileCallback) Decompiling 02fdd758, pcode error at 02fdd758: Unable to disassemble EXTERNAL block location: 02fdd758  
2026-07-16 15:04:19 WARN  (DecompileCallback) Decompiling 02fdd760, pcode error at 02fdd760: Unable to disassemble EXTERNAL block location: 02fdd760  
2026-07-16 15:04:19 WARN  (DecompileCallback) Decompiling 02fdd768, pcode error at 02fdd768: Unable to disassemble EXTERNAL block location: 02fdd768  
2026-07-16 15:04:19 WARN  (DecompileCallback) Decompiling 02fdd770, pcode error at 02fdd770: Unable to disassemble EXTERNAL block location: 02fdd770  
2026-07-16 15:04:19 WARN  (DecompileCallback) Decompiling 02fdd778, pcode error at 02fdd778: Unable to disassemble EXTERNAL block location: 02fdd778  
2026-07-16 15:04:19 WARN  (DecompileCallback) Decompiling 02fdd780, pcode error at 02fdd780: Unable to disassemble EXTERNAL block location: 02fdd780  
2026-07-16 15:04:19 WARN  (DecompileCallback) Decompiling 02fdd788, pcode error at 02fdd788: Unable to disassemble EXTERNAL block location: 02fdd788  
2026-07-16 15:04:19 WARN  (DecompileCallback) Decompiling 02fdd790, pcode error at 02fdd790: Unable to disassemble EXTERNAL block location: 02fdd790  
2026-07-16 15:04:19 WARN  (DecompileCallback) Decompiling 02fdd798, pcode error at 02fdd798: Unable to disassemble EXTERNAL block location: 02fdd798  
2026-07-16 15:04:19 WARN  (DecompileCallback) Decompiling 02fdd7a0, pcode error at 02fdd7a0: Unable to disassemble EXTERNAL block location: 02fdd7a0  
2026-07-16 15:04:19 WARN  (DecompileCallback) Decompiling 02fdd7a8, pcode error at 02fdd7a8: Unable to disassemble EXTERNAL block location: 02fdd7a8  
2026-07-16 15:04:19 WARN  (DecompileCallback) Decompiling 02fdd7b0, pcode error at 02fdd7b0: Unable to disassemble EXTERNAL block location: 02fdd7b0  
2026-07-16 15:04:19 WARN  (DecompileCallback) Decompiling 02fdd7b8, pcode error at 02fdd7b8: Unable to disassemble EXTERNAL block location: 02fdd7b8  
2026-07-16 15:04:19 WARN  (DecompileCallback) Decompiling 02fdd7c0, pcode error at 02fdd7c0: Unable to disassemble EXTERNAL block location: 02fdd7c0  
2026-07-16 15:04:19 WARN  (DecompileCallback) Decompiling 02fdd7c8, pcode error at 02fdd7c8: Unable to disassemble EXTERNAL block location: 02fdd7c8  
2026-07-16 15:04:19 WARN  (DecompileCallback) Decompiling 02fdd7d0, pcode error at 02fdd7d0: Unable to disassemble EXTERNAL block location: 02fdd7d0  
2026-07-16 15:04:19 WARN  (DecompileCallback) Decompiling 02fdd7d8, pcode error at 02fdd7d8: Unable to disassemble EXTERNAL block location: 02fdd7d8  
2026-07-16 15:04:19 WARN  (DecompileCallback) Decompiling 02fdd7e0, pcode error at 02fdd7e0: Unable to disassemble EXTERNAL block location: 02fdd7e0  
2026-07-16 15:04:19 WARN  (DecompileCallback) Decompiling 02fdd7e8, pcode error at 02fdd7e8: Unable to disassemble EXTERNAL block location: 02fdd7e8  
2026-07-16 15:04:19 WARN  (DecompileCallback) Decompiling 02fdd7f0, pcode error at 02fdd7f0: Unable to disassemble EXTERNAL block location: 02fdd7f0  
2026-07-16 15:04:19 WARN  (DecompileCallback) Decompiling 02fdd7f8, pcode error at 02fdd7f8: Unable to disassemble EXTERNAL block location: 02fdd7f8  
2026-07-16 15:04:19 WARN  (DecompileCallback) Decompiling 02fdd800, pcode error at 02fdd800: Unable to disassemble EXTERNAL block location: 02fdd800  
2026-07-16 15:04:19 WARN  (DecompileCallback) Decompiling 02fdd808, pcode error at 02fdd808: Unable to disassemble EXTERNAL block location: 02fdd808  
2026-07-16 15:04:19 WARN  (DecompileCallback) Decompiling 02fdd810, pcode error at 02fdd810: Unable to disassemble EXTERNAL block location: 02fdd810  
2026-07-16 15:04:19 WARN  (DecompileCallback) Decompiling 02fdd818, pcode error at 02fdd818: Unable to disassemble EXTERNAL block location: 02fdd818  
2026-07-16 15:04:19 WARN  (DecompileCallback) Decompiling 02fdd820, pcode error at 02fdd820: Unable to disassemble EXTERNAL block location: 02fdd820  
2026-07-16 15:04:19 WARN  (DecompileCallback) Decompiling 02fdd828, pcode error at 02fdd828: Unable to disassemble EXTERNAL block location: 02fdd828  
2026-07-16 15:04:19 WARN  (DecompileCallback) Decompiling 02fdd830, pcode error at 02fdd830: Unable to disassemble EXTERNAL block location: 02fdd830  
2026-07-16 15:04:19 WARN  (DecompileCallback) Decompiling 02fdd838, pcode error at 02fdd838: Unable to disassemble EXTERNAL block location: 02fdd838  
2026-07-16 15:04:19 WARN  (DecompileCallback) Decompiling 02fdd840, pcode error at 02fdd840: Unable to disassemble EXTERNAL block location: 02fdd840  
2026-07-16 15:04:19 WARN  (DecompileCallback) Decompiling 02fdd850, pcode error at 02fdd850: Unable to disassemble EXTERNAL block location: 02fdd850  
2026-07-16 15:04:19 WARN  (DecompileCallback) Decompiling 02fdd858, pcode error at 02fdd858: Unable to disassemble EXTERNAL block location: 02fdd858  
2026-07-16 15:04:19 WARN  (DecompileCallback) Decompiling 02fdd860, pcode error at 02fdd860: Unable to disassemble EXTERNAL block location: 02fdd860  
2026-07-16 15:04:19 WARN  (DecompileCallback) Decompiling 02fdd868, pcode error at 02fdd868: Unable to disassemble EXTERNAL block location: 02fdd868  
2026-07-16 15:04:19 WARN  (DecompileCallback) Decompiling 02fdd870, pcode error at 02fdd870: Unable to disassemble EXTERNAL block location: 02fdd870  
2026-07-16 15:04:19 WARN  (DecompileCallback) Decompiling 02fdd878, pcode error at 02fdd878: Unable to disassemble EXTERNAL block location: 02fdd878  
2026-07-16 15:04:19 WARN  (DecompileCallback) Decompiling 02fdd880, pcode error at 02fdd880: Unable to disassemble EXTERNAL block location: 02fdd880  
2026-07-16 15:04:19 WARN  (DecompileCallback) Decompiling 02fdd888, pcode error at 02fdd888: Unable to disassemble EXTERNAL block location: 02fdd888  
2026-07-16 15:04:19 WARN  (DecompileCallback) Decompiling 02fdd890, pcode error at 02fdd890: Unable to disassemble EXTERNAL block location: 02fdd890  
2026-07-16 15:04:19 WARN  (DecompileCallback) Decompiling 02fdd898, pcode error at 02fdd898: Unable to disassemble EXTERNAL block location: 02fdd898  
2026-07-16 15:04:19 WARN  (DecompileCallback) Decompiling 02fdd8a0, pcode error at 02fdd8a0: Unable to disassemble EXTERNAL block location: 02fdd8a0  
2026-07-16 15:04:19 WARN  (DecompileCallback) Decompiling 02fdd8a8, pcode error at 02fdd8a8: Unable to disassemble EXTERNAL block location: 02fdd8a8  
2026-07-16 15:04:19 WARN  (DecompileCallback) Decompiling 02fdd8b0, pcode error at 02fdd8b0: Unable to disassemble EXTERNAL block location: 02fdd8b0  
2026-07-16 15:04:19 WARN  (DecompileCallback) Decompiling 02fdd8b8, pcode error at 02fdd8b8: Unable to disassemble EXTERNAL block location: 02fdd8b8  
2026-07-16 15:04:19 WARN  (DecompileCallback) Decompiling 02fdd8c0, pcode error at 02fdd8c0: Unable to disassemble EXTERNAL block location: 02fdd8c0  
2026-07-16 15:04:19 WARN  (DecompileCallback) Decompiling 02fdd8c8, pcode error at 02fdd8c8: Unable to disassemble EXTERNAL block location: 02fdd8c8  
2026-07-16 15:04:19 WARN  (DecompileCallback) Decompiling 02fdd8d0, pcode error at 02fdd8d0: Unable to disassemble EXTERNAL block location: 02fdd8d0  
2026-07-16 15:04:19 WARN  (DecompileCallback) Decompiling 02fdd8d8, pcode error at 02fdd8d8: Unable to disassemble EXTERNAL block location: 02fdd8d8  
2026-07-16 15:04:19 WARN  (DecompileCallback) Decompiling 02fdd8e0, pcode error at 02fdd8e0: Unable to disassemble EXTERNAL block location: 02fdd8e0  
2026-07-16 15:04:19 WARN  (DecompileCallback) Decompiling 02fdd8e8, pcode error at 02fdd8e8: Unable to disassemble EXTERNAL block location: 02fdd8e8  
2026-07-16 15:04:19 WARN  (DecompileCallback) Decompiling 02fdd8f0, pcode error at 02fdd8f0: Unable to disassemble EXTERNAL block location: 02fdd8f0  
2026-07-16 15:04:19 WARN  (DecompileCallback) Decompiling 02fdd8f8, pcode error at 02fdd8f8: Unable to disassemble EXTERNAL block location: 02fdd8f8  
2026-07-16 15:04:19 WARN  (DecompileCallback) Decompiling 02fdd900, pcode error at 02fdd900: Unable to disassemble EXTERNAL block location: 02fdd900  
2026-07-16 15:04:19 WARN  (DecompileCallback) Decompiling 02fdd908, pcode error at 02fdd908: Unable to disassemble EXTERNAL block location: 02fdd908  
2026-07-16 15:04:19 WARN  (DecompileCallback) Decompiling 02fdd910, pcode error at 02fdd910: Unable to disassemble EXTERNAL block location: 02fdd910  
2026-07-16 15:04:19 WARN  (DecompileCallback) Decompiling 02fdd918, pcode error at 02fdd918: Unable to disassemble EXTERNAL block location: 02fdd918  
2026-07-16 15:04:19 INFO  (GhidraScript) GeneralStructureEyePatternScan.java> General structure scan complete.  
2026-07-16 15:04:19 INFO  (GhidraScript) GeneralStructureEyePatternScan.java> Total functions scanned: 277261  
2026-07-16 15:04:19 INFO  (GhidraScript) GeneralStructureEyePatternScan.java> Exported functions: 85  
2026-07-16 15:04:19 INFO  (GhidraScript) GeneralStructureEyePatternScan.java> Decompile failures: 697  
2026-07-16 15:04:19 INFO  (GhidraScript) GeneralStructureEyePatternScan.java> Report CSV: C:\realDesktop\manifest-evaluations\summer-26\ghidra-pipeline\il2cpp-files\LethalApe\general-structure-results\structure_scan_report.csv  
2026-07-16 15:04:19 INFO  (GhidraScript) GeneralStructureEyePatternScan.java> Report JSON: C:\realDesktop\manifest-evaluations\summer-26\ghidra-pipeline\il2cpp-files\LethalApe\general-structure-results\structure_scan_report.json  
2026-07-16 15:04:20 INFO  (HeadlessAnalyzer) REPORT: Save succeeded for processed file: /LethalApe-libil2cpp.so  
