2026-07-21 09:55:55 INFO  (LoggingInitialization) Using log config file: jar:file:/C:/Users/kimgiordano27/Downloads/ghidra_12.1.2_PUBLIC_20260605/ghidra_12.1.2_PUBLIC/Ghidra/Framework/Generic/lib/Generic.jar!/generic.log4j.xml  
2026-07-21 09:55:55 INFO  (LoggingInitialization) Using log file: C:\realDesktop\manifest-evaluations\summer-26\ghidra-pipeline\il2cpp-files\SPEEDSHOOTINGVR\general-structure-ghidra.log  
2026-07-21 09:55:55 DEBUG (GhidraObjectInputFilter) Including serial input filter: FileSystem/data/client.rmi.serial.filter  
2026-07-21 09:55:55 INFO  (Preferences) Loading user preferences: C:\Users\kimgiordano27\AppData\Roaming\ghidra\ghidra_12.1.2_PUBLIC\preferences  
2026-07-21 09:55:55 INFO  (ClassSearcher) Searching for classes...  
2026-07-21 09:55:56 INFO  (ClassSearcher) Class search complete (637 ms)  
2026-07-21 09:55:56 INFO  (DefaultSSLContextInitializer) Initializing SSL Context  
2026-07-21 09:55:56 INFO  (SecureRandomFactory) Initializing Random Number Generator...  
2026-07-21 09:55:56 INFO  (SecureRandomFactory) Random Number Generator initialization complete: SHA1PRNG  
2026-07-21 09:55:56 INFO  (DefaultTrustManagerFactory) Trust manager disabled, cacerts have not been set  
2026-07-21 09:55:57 INFO  (AnalyzeHeadless) Headless startup complete (5968 ms)  
2026-07-21 09:55:57 INFO  (ClassSearcher) Class searcher loaded 59 extension points (20 false positives)  
2026-07-21 09:55:57 INFO  (HeadlessAnalyzer) HEADLESS Script Paths:
    C:\Users\kimgiordano27\Downloads\ghidra_12.1.2_PUBLIC_20260605\ghidra_12.1.2_PUBLIC\Ghidra\Features\DecompilerDependent\ghidra_scripts
    C:\Users\kimgiordano27\Downloads\ghidra_12.1.2_PUBLIC_20260605\ghidra_12.1.2_PUBLIC\Ghidra\Processors\Atmel\ghidra_scripts
    C:\Users\kimgiordano27\Downloads\ghidra_12.1.2_PUBLIC_20260605\ghidra_12.1.2_PUBLIC\Ghidra\Processors\PIC\ghidra_scripts
    C:\Users\kimgiordano27\Downloads\ghidra_12.1.2_PUBLIC_20260605\ghidra_12.1.2_PUBLIC\Ghidra\Features\VersionTracking\ghidra_scripts
    C:\Users\kimgiordano27\Downloads\ghidra_12.1.2_PUBLIC_20260605\ghidra_12.1.2_PUBLIC\Ghidra\Features\BytePatterns\ghidra_scripts
    C:\Users\kimgiordano27\ghidra_scripts
    C:\Users\kimgiordano27\Downloads\ghidra_12.1.2_PUBLIC_20260605\ghidra_12.1.2_PUBLIC\Ghidra\Features\BSim\ghidra_scripts
    C:\realDesktop\manifest-evaluations\summer-26\ghidra-pipeline\ghidra-export-scripts
    C:\Users\kimgiordano27\Downloads\ghidra_12.1.2_PUBLIC_20260605\ghidra_12.1.2_PUBLIC\Ghidra\Processors\JVM\ghidra_scripts
    C:\Users\kimgiordano27\Downloads\ghidra_12.1.2_PUBLIC_20260605\ghidra_12.1.2_PUBLIC\Ghidra\Features\Base\ghidra_scripts
    C:\Users\kimgiordano27\Downloads\ghidra_12.1.2_PUBLIC_20260605\ghidra_12.1.2_PUBLIC\Ghidra\Features\SwiftDemangler\ghidra_scripts
    C:\Users\kimgiordano27\Downloads\ghidra_12.1.2_PUBLIC_20260605\ghidra_12.1.2_PUBLIC\Ghidra\Features\WildcardAssembler\ghidra_scripts
    C:\Users\kimgiordano27\Downloads\ghidra_12.1.2_PUBLIC_20260605\ghidra_12.1.2_PUBLIC\Ghidra\Features\FileFormats\ghidra_scripts
    C:\Users\kimgiordano27\Downloads\ghidra_12.1.2_PUBLIC_20260605\ghidra_12.1.2_PUBLIC\Ghidra\Features\Decompiler\ghidra_scripts
    C:\Users\kimgiordano27\Downloads\ghidra_12.1.2_PUBLIC_20260605\ghidra_12.1.2_PUBLIC\Ghidra\Features\SystemEmulation\ghidra_scripts
    C:\Users\kimgiordano27\Downloads\ghidra_12.1.2_PUBLIC_20260605\ghidra_12.1.2_PUBLIC\Ghidra\Processors\8051\ghidra_scripts
    C:\Users\kimgiordano27\Downloads\ghidra_12.1.2_PUBLIC_20260605\ghidra_12.1.2_PUBLIC\Ghidra\Features\GnuDemangler\ghidra_scripts
    C:\Users\kimgiordano27\Downloads\ghidra_12.1.2_PUBLIC_20260605\ghidra_12.1.2_PUBLIC\Ghidra\Debug\Debugger\ghidra_scripts
    C:\Users\kimgiordano27\Downloads\ghidra_12.1.2_PUBLIC_20260605\ghidra_12.1.2_PUBLIC\Ghidra\Processors\DATA\ghidra_scripts
    C:\Users\kimgiordano27\Downloads\ghidra_12.1.2_PUBLIC_20260605\ghidra_12.1.2_PUBLIC\Ghidra\Debug\Debugger-rmi-trace\ghidra_scripts
    C:\Users\kimgiordano27\Downloads\ghidra_12.1.2_PUBLIC_20260605\ghidra_12.1.2_PUBLIC\Ghidra\Features\FunctionID\ghidra_scripts
    C:\Users\kimgiordano27\Downloads\ghidra_12.1.2_PUBLIC_20260605\ghidra_12.1.2_PUBLIC\Ghidra\Features\MicrosoftCodeAnalyzer\ghidra_scripts
    C:\Users\kimgiordano27\Downloads\ghidra_12.1.2_PUBLIC_20260605\ghidra_12.1.2_PUBLIC\Ghidra\Features\PDB\ghidra_scripts
    C:\Users\kimgiordano27\AppData\Roaming\ghidra\ghidra_12.1.2_PUBLIC\Extensions\Jython\ghidra_scripts
    C:\Users\kimgiordano27\Downloads\ghidra_12.1.2_PUBLIC_20260605\ghidra_12.1.2_PUBLIC\Ghidra\Features\PyGhidra\ghidra_scripts  
2026-07-21 09:55:57 INFO  (HeadlessAnalyzer) HEADLESS: execution starts  
2026-07-21 09:55:57 INFO  (HeadlessAnalyzer) Opening existing project: C:\realDesktop\manifest-evaluations\summer-26\ghidra-pipeline\il2cpp-files\SPEEDSHOOTINGVR\ghidra-project-SPEEDSHOOTINGVR\SPEEDSHOOTINGVR  
2026-07-21 09:55:57 INFO  (HeadlessProject) Opening project: C:\realDesktop\manifest-evaluations\summer-26\ghidra-pipeline\il2cpp-files\SPEEDSHOOTINGVR\ghidra-project-SPEEDSHOOTINGVR\SPEEDSHOOTINGVR  
2026-07-21 09:55:57 INFO  (LocalFileSystem) /SPEEDSHOOTINGVR-libil2cpp.so: checkout (2) granted (kimgiordano27)  
2026-07-21 09:56:00 INFO  (HeadlessAnalyzer) REPORT: Processing project file: /SPEEDSHOOTINGVR-libil2cpp.so  
2026-07-21 09:56:00 INFO  (HeadlessAnalyzer) REPORT: Execute script: GeneralStructureEyePatternScan.java 'C:\realDesktop\manifest-evaluations\summer-26\ghidra-pipeline\il2cpp-files\SPEEDSHOOTINGVR\general-structure-results' '70' 'false'   
2026-07-21 09:56:00 INFO  (HeadlessAnalyzer) SCRIPT: C:\realDesktop\manifest-evaluations\summer-26\ghidra-pipeline\ghidra-export-scripts\GeneralStructureEyePatternScan.java  
2026-07-21 09:56:00 INFO  (GhidraScript) GeneralStructureEyePatternScan.java> General structure scan starting...  
2026-07-21 09:56:00 INFO  (GhidraScript) GeneralStructureEyePatternScan.java> Output: C:\realDesktop\manifest-evaluations\summer-26\ghidra-pipeline\il2cpp-files\SPEEDSHOOTINGVR\general-structure-results  
2026-07-21 09:56:00 INFO  (GhidraScript) GeneralStructureEyePatternScan.java> Minimum review score: 70  
2026-07-21 09:56:00 INFO  (GhidraScript) GeneralStructureEyePatternScan.java> Export all: false  
2026-07-21 09:56:15 INFO  (GhidraScript) GeneralStructureEyePatternScan.java> Scanned 10000 functions. Exported so far: 0  
2026-07-21 09:56:30 INFO  (GhidraScript) GeneralStructureEyePatternScan.java> Scanned 20000 functions. Exported so far: 0  
2026-07-21 09:56:51 INFO  (GhidraScript) GeneralStructureEyePatternScan.java> Scanned 30000 functions. Exported so far: 0  
2026-07-21 09:58:27 INFO  (GhidraScript) GeneralStructureEyePatternScan.java> Scanned 40000 functions. Exported so far: 9  
2026-07-21 10:00:29 INFO  (GhidraScript) GeneralStructureEyePatternScan.java> Scanned 50000 functions. Exported so far: 40  
2026-07-21 10:01:44 INFO  (GhidraScript) GeneralStructureEyePatternScan.java> Scanned 60000 functions. Exported so far: 60  
2026-07-21 10:02:52 INFO  (GhidraScript) GeneralStructureEyePatternScan.java> Scanned 70000 functions. Exported so far: 60  
2026-07-21 10:04:35 INFO  (GhidraScript) GeneralStructureEyePatternScan.java> Scanned 80000 functions. Exported so far: 135  
2026-07-21 10:05:36 INFO  (GhidraScript) GeneralStructureEyePatternScan.java> Scanned 90000 functions. Exported so far: 196  
2026-07-21 10:07:03 INFO  (GhidraScript) GeneralStructureEyePatternScan.java> Scanned 100000 functions. Exported so far: 257  
2026-07-21 10:08:49 INFO  (GhidraScript) GeneralStructureEyePatternScan.java> Scanned 110000 functions. Exported so far: 372  
2026-07-21 10:09:34 INFO  (GhidraScript) GeneralStructureEyePatternScan.java> Scanned 120000 functions. Exported so far: 373  
2026-07-21 10:10:31 INFO  (GhidraScript) GeneralStructureEyePatternScan.java> Scanned 130000 functions. Exported so far: 516  
2026-07-21 10:12:01 INFO  (GhidraScript) GeneralStructureEyePatternScan.java> Scanned 140000 functions. Exported so far: 549  
2026-07-21 10:13:23 INFO  (GhidraScript) GeneralStructureEyePatternScan.java> Scanned 150000 functions. Exported so far: 558  
2026-07-21 10:14:41 INFO  (GhidraScript) GeneralStructureEyePatternScan.java> Scanned 160000 functions. Exported so far: 579  
2026-07-21 10:17:33 INFO  (GhidraScript) GeneralStructureEyePatternScan.java> Scanned 170000 functions. Exported so far: 716  
2026-07-21 10:50:40 INFO  (GhidraScript) GeneralStructureEyePatternScan.java> Scanned 180000 functions. Exported so far: 762  
2026-07-21 10:52:56 INFO  (GhidraScript) GeneralStructureEyePatternScan.java> Scanned 190000 functions. Exported so far: 1274  
2026-07-21 10:57:12 INFO  (GhidraScript) GeneralStructureEyePatternScan.java> Scanned 200000 functions. Exported so far: 1320  
2026-07-21 11:15:23 INFO  (GhidraScript) GeneralStructureEyePatternScan.java> Scanned 210000 functions. Exported so far: 1323  
2026-07-21 11:29:05 INFO  (GhidraScript) GeneralStructureEyePatternScan.java> Scanned 220000 functions. Exported so far: 1323  
2026-07-21 11:30:21 WARN  (DecompileCallback) Decompiling 0269c000, pcode error at 0269c000: Unable to disassemble EXTERNAL block location: 0269c000  
2026-07-21 11:30:21 WARN  (DecompileCallback) Decompiling 0269c008, pcode error at 0269c008: Unable to disassemble EXTERNAL block location: 0269c008  
2026-07-21 11:30:21 WARN  (DecompileCallback) Decompiling 0269c010, pcode error at 0269c010: Unable to disassemble EXTERNAL block location: 0269c010  
2026-07-21 11:30:21 WARN  (DecompileCallback) Decompiling 0269c018, pcode error at 0269c018: Unable to disassemble EXTERNAL block location: 0269c018  
2026-07-21 11:30:21 WARN  (DecompileCallback) Decompiling 0269c020, pcode error at 0269c020: Unable to disassemble EXTERNAL block location: 0269c020  
2026-07-21 11:30:21 WARN  (DecompileCallback) Decompiling 0269c028, pcode error at 0269c028: Unable to disassemble EXTERNAL block location: 0269c028  
2026-07-21 11:30:21 WARN  (DecompileCallback) Decompiling 0269c030, pcode error at 0269c030: Unable to disassemble EXTERNAL block location: 0269c030  
2026-07-21 11:30:21 WARN  (DecompileCallback) Decompiling 0269c038, pcode error at 0269c038: Unable to disassemble EXTERNAL block location: 0269c038  
2026-07-21 11:30:21 WARN  (DecompileCallback) Decompiling 0269c040, pcode error at 0269c040: Unable to disassemble EXTERNAL block location: 0269c040  
2026-07-21 11:30:21 WARN  (DecompileCallback) Decompiling 0269c048, pcode error at 0269c048: Unable to disassemble EXTERNAL block location: 0269c048  
2026-07-21 11:30:21 WARN  (DecompileCallback) Decompiling 0269c050, pcode error at 0269c050: Unable to disassemble EXTERNAL block location: 0269c050  
2026-07-21 11:30:21 WARN  (DecompileCallback) Decompiling 0269c058, pcode error at 0269c058: Unable to disassemble EXTERNAL block location: 0269c058  
2026-07-21 11:30:21 WARN  (DecompileCallback) Decompiling 0269c060, pcode error at 0269c060: Unable to disassemble EXTERNAL block location: 0269c060  
2026-07-21 11:30:21 WARN  (DecompileCallback) Decompiling 0269c068, pcode error at 0269c068: Unable to disassemble EXTERNAL block location: 0269c068  
2026-07-21 11:30:21 WARN  (DecompileCallback) Decompiling 0269c070, pcode error at 0269c070: Unable to disassemble EXTERNAL block location: 0269c070  
2026-07-21 11:30:21 WARN  (DecompileCallback) Decompiling 0269c078, pcode error at 0269c078: Unable to disassemble EXTERNAL block location: 0269c078  
2026-07-21 11:30:21 WARN  (DecompileCallback) Decompiling 0269c080, pcode error at 0269c080: Unable to disassemble EXTERNAL block location: 0269c080  
2026-07-21 11:30:21 WARN  (DecompileCallback) Decompiling 0269c088, pcode error at 0269c088: Unable to disassemble EXTERNAL block location: 0269c088  
2026-07-21 11:30:21 WARN  (DecompileCallback) Decompiling 0269c090, pcode error at 0269c090: Unable to disassemble EXTERNAL block location: 0269c090  
2026-07-21 11:30:21 WARN  (DecompileCallback) Decompiling 0269c098, pcode error at 0269c098: Unable to disassemble EXTERNAL block location: 0269c098  
2026-07-21 11:30:21 WARN  (DecompileCallback) Decompiling 0269c0a0, pcode error at 0269c0a0: Unable to disassemble EXTERNAL block location: 0269c0a0  
2026-07-21 11:30:21 WARN  (DecompileCallback) Decompiling 0269c0a8, pcode error at 0269c0a8: Unable to disassemble EXTERNAL block location: 0269c0a8  
2026-07-21 11:30:21 WARN  (DecompileCallback) Decompiling 0269c0b0, pcode error at 0269c0b0: Unable to disassemble EXTERNAL block location: 0269c0b0  
2026-07-21 11:30:21 WARN  (DecompileCallback) Decompiling 0269c0b8, pcode error at 0269c0b8: Unable to disassemble EXTERNAL block location: 0269c0b8  
2026-07-21 11:30:21 WARN  (DecompileCallback) Decompiling 0269c0c0, pcode error at 0269c0c0: Unable to disassemble EXTERNAL block location: 0269c0c0  
2026-07-21 11:30:21 WARN  (DecompileCallback) Decompiling 0269c0c8, pcode error at 0269c0c8: Unable to disassemble EXTERNAL block location: 0269c0c8  
2026-07-21 11:30:21 WARN  (DecompileCallback) Decompiling 0269c0d0, pcode error at 0269c0d0: Unable to disassemble EXTERNAL block location: 0269c0d0  
2026-07-21 11:30:21 WARN  (DecompileCallback) Decompiling 0269c0d8, pcode error at 0269c0d8: Unable to disassemble EXTERNAL block location: 0269c0d8  
2026-07-21 11:30:21 WARN  (DecompileCallback) Decompiling 0269c0e0, pcode error at 0269c0e0: Unable to disassemble EXTERNAL block location: 0269c0e0  
2026-07-21 11:30:21 WARN  (DecompileCallback) Decompiling 0269c0e8, pcode error at 0269c0e8: Unable to disassemble EXTERNAL block location: 0269c0e8  
2026-07-21 11:30:21 WARN  (DecompileCallback) Decompiling 0269c0f0, pcode error at 0269c0f0: Unable to disassemble EXTERNAL block location: 0269c0f0  
2026-07-21 11:30:21 WARN  (DecompileCallback) Decompiling 0269c0f8, pcode error at 0269c0f8: Unable to disassemble EXTERNAL block location: 0269c0f8  
2026-07-21 11:30:21 WARN  (DecompileCallback) Decompiling 0269c100, pcode error at 0269c100: Unable to disassemble EXTERNAL block location: 0269c100  
2026-07-21 11:30:21 WARN  (DecompileCallback) Decompiling 0269c108, pcode error at 0269c108: Unable to disassemble EXTERNAL block location: 0269c108  
2026-07-21 11:30:21 WARN  (DecompileCallback) Decompiling 0269c110, pcode error at 0269c110: Unable to disassemble EXTERNAL block location: 0269c110  
2026-07-21 11:30:21 WARN  (DecompileCallback) Decompiling 0269c118, pcode error at 0269c118: Unable to disassemble EXTERNAL block location: 0269c118  
2026-07-21 11:30:21 WARN  (DecompileCallback) Decompiling 0269c120, pcode error at 0269c120: Unable to disassemble EXTERNAL block location: 0269c120  
2026-07-21 11:30:21 WARN  (DecompileCallback) Decompiling 0269c128, pcode error at 0269c128: Unable to disassemble EXTERNAL block location: 0269c128  
2026-07-21 11:30:21 WARN  (DecompileCallback) Decompiling 0269c130, pcode error at 0269c130: Unable to disassemble EXTERNAL block location: 0269c130  
2026-07-21 11:30:21 WARN  (DecompileCallback) Decompiling 0269c138, pcode error at 0269c138: Unable to disassemble EXTERNAL block location: 0269c138  
2026-07-21 11:30:21 WARN  (DecompileCallback) Decompiling 0269c140, pcode error at 0269c140: Unable to disassemble EXTERNAL block location: 0269c140  
2026-07-21 11:30:21 WARN  (DecompileCallback) Decompiling 0269c148, pcode error at 0269c148: Unable to disassemble EXTERNAL block location: 0269c148  
2026-07-21 11:30:21 WARN  (DecompileCallback) Decompiling 0269c150, pcode error at 0269c150: Unable to disassemble EXTERNAL block location: 0269c150  
2026-07-21 11:30:21 WARN  (DecompileCallback) Decompiling 0269c158, pcode error at 0269c158: Unable to disassemble EXTERNAL block location: 0269c158  
2026-07-21 11:30:21 WARN  (DecompileCallback) Decompiling 0269c160, pcode error at 0269c160: Unable to disassemble EXTERNAL block location: 0269c160  
2026-07-21 11:30:21 WARN  (DecompileCallback) Decompiling 0269c168, pcode error at 0269c168: Unable to disassemble EXTERNAL block location: 0269c168  
2026-07-21 11:30:21 WARN  (DecompileCallback) Decompiling 0269c170, pcode error at 0269c170: Unable to disassemble EXTERNAL block location: 0269c170  
2026-07-21 11:30:21 WARN  (DecompileCallback) Decompiling 0269c178, pcode error at 0269c178: Unable to disassemble EXTERNAL block location: 0269c178  
2026-07-21 11:30:21 WARN  (DecompileCallback) Decompiling 0269c180, pcode error at 0269c180: Unable to disassemble EXTERNAL block location: 0269c180  
2026-07-21 11:30:21 WARN  (DecompileCallback) Decompiling 0269c188, pcode error at 0269c188: Unable to disassemble EXTERNAL block location: 0269c188  
2026-07-21 11:30:21 WARN  (DecompileCallback) Decompiling 0269c190, pcode error at 0269c190: Unable to disassemble EXTERNAL block location: 0269c190  
2026-07-21 11:30:21 WARN  (DecompileCallback) Decompiling 0269c198, pcode error at 0269c198: Unable to disassemble EXTERNAL block location: 0269c198  
2026-07-21 11:30:21 WARN  (DecompileCallback) Decompiling 0269c1a0, pcode error at 0269c1a0: Unable to disassemble EXTERNAL block location: 0269c1a0  
2026-07-21 11:30:21 WARN  (DecompileCallback) Decompiling 0269c1a8, pcode error at 0269c1a8: Unable to disassemble EXTERNAL block location: 0269c1a8  
2026-07-21 11:30:21 WARN  (DecompileCallback) Decompiling 0269c1b0, pcode error at 0269c1b0: Unable to disassemble EXTERNAL block location: 0269c1b0  
2026-07-21 11:30:21 WARN  (DecompileCallback) Decompiling 0269c1b8, pcode error at 0269c1b8: Unable to disassemble EXTERNAL block location: 0269c1b8  
2026-07-21 11:30:21 WARN  (DecompileCallback) Decompiling 0269c1c0, pcode error at 0269c1c0: Unable to disassemble EXTERNAL block location: 0269c1c0  
2026-07-21 11:30:21 WARN  (DecompileCallback) Decompiling 0269c1c8, pcode error at 0269c1c8: Unable to disassemble EXTERNAL block location: 0269c1c8  
2026-07-21 11:30:21 WARN  (DecompileCallback) Decompiling 0269c1d0, pcode error at 0269c1d0: Unable to disassemble EXTERNAL block location: 0269c1d0  
2026-07-21 11:30:21 WARN  (DecompileCallback) Decompiling 0269c1d8, pcode error at 0269c1d8: Unable to disassemble EXTERNAL block location: 0269c1d8  
2026-07-21 11:30:21 WARN  (DecompileCallback) Decompiling 0269c1e0, pcode error at 0269c1e0: Unable to disassemble EXTERNAL block location: 0269c1e0  
2026-07-21 11:30:21 WARN  (DecompileCallback) Decompiling 0269c1e8, pcode error at 0269c1e8: Unable to disassemble EXTERNAL block location: 0269c1e8  
2026-07-21 11:30:21 WARN  (DecompileCallback) Decompiling 0269c1f0, pcode error at 0269c1f0: Unable to disassemble EXTERNAL block location: 0269c1f0  
2026-07-21 11:30:21 WARN  (DecompileCallback) Decompiling 0269c1f8, pcode error at 0269c1f8: Unable to disassemble EXTERNAL block location: 0269c1f8  
2026-07-21 11:30:21 WARN  (DecompileCallback) Decompiling 0269c200, pcode error at 0269c200: Unable to disassemble EXTERNAL block location: 0269c200  
2026-07-21 11:30:21 WARN  (DecompileCallback) Decompiling 0269c208, pcode error at 0269c208: Unable to disassemble EXTERNAL block location: 0269c208  
2026-07-21 11:30:21 WARN  (DecompileCallback) Decompiling 0269c210, pcode error at 0269c210: Unable to disassemble EXTERNAL block location: 0269c210  
2026-07-21 11:30:21 WARN  (DecompileCallback) Decompiling 0269c218, pcode error at 0269c218: Unable to disassemble EXTERNAL block location: 0269c218  
2026-07-21 11:30:21 WARN  (DecompileCallback) Decompiling 0269c220, pcode error at 0269c220: Unable to disassemble EXTERNAL block location: 0269c220  
2026-07-21 11:30:21 WARN  (DecompileCallback) Decompiling 0269c228, pcode error at 0269c228: Unable to disassemble EXTERNAL block location: 0269c228  
2026-07-21 11:30:21 WARN  (DecompileCallback) Decompiling 0269c238, pcode error at 0269c238: Unable to disassemble EXTERNAL block location: 0269c238  
2026-07-21 11:30:21 WARN  (DecompileCallback) Decompiling 0269c240, pcode error at 0269c240: Unable to disassemble EXTERNAL block location: 0269c240  
2026-07-21 11:30:21 WARN  (DecompileCallback) Decompiling 0269c248, pcode error at 0269c248: Unable to disassemble EXTERNAL block location: 0269c248  
2026-07-21 11:30:21 WARN  (DecompileCallback) Decompiling 0269c250, pcode error at 0269c250: Unable to disassemble EXTERNAL block location: 0269c250  
2026-07-21 11:30:21 WARN  (DecompileCallback) Decompiling 0269c258, pcode error at 0269c258: Unable to disassemble EXTERNAL block location: 0269c258  
2026-07-21 11:30:21 WARN  (DecompileCallback) Decompiling 0269c260, pcode error at 0269c260: Unable to disassemble EXTERNAL block location: 0269c260  
2026-07-21 11:30:21 WARN  (DecompileCallback) Decompiling 0269c268, pcode error at 0269c268: Unable to disassemble EXTERNAL block location: 0269c268  
2026-07-21 11:30:21 WARN  (DecompileCallback) Decompiling 0269c270, pcode error at 0269c270: Unable to disassemble EXTERNAL block location: 0269c270  
2026-07-21 11:30:21 WARN  (DecompileCallback) Decompiling 0269c278, pcode error at 0269c278: Unable to disassemble EXTERNAL block location: 0269c278  
2026-07-21 11:30:21 WARN  (DecompileCallback) Decompiling 0269c280, pcode error at 0269c280: Unable to disassemble EXTERNAL block location: 0269c280  
2026-07-21 11:30:21 WARN  (DecompileCallback) Decompiling 0269c288, pcode error at 0269c288: Unable to disassemble EXTERNAL block location: 0269c288  
2026-07-21 11:30:21 WARN  (DecompileCallback) Decompiling 0269c290, pcode error at 0269c290: Unable to disassemble EXTERNAL block location: 0269c290  
2026-07-21 11:30:21 WARN  (DecompileCallback) Decompiling 0269c298, pcode error at 0269c298: Unable to disassemble EXTERNAL block location: 0269c298  
2026-07-21 11:30:21 WARN  (DecompileCallback) Decompiling 0269c2a0, pcode error at 0269c2a0: Unable to disassemble EXTERNAL block location: 0269c2a0  
2026-07-21 11:30:21 WARN  (DecompileCallback) Decompiling 0269c2a8, pcode error at 0269c2a8: Unable to disassemble EXTERNAL block location: 0269c2a8  
2026-07-21 11:30:21 WARN  (DecompileCallback) Decompiling 0269c2b0, pcode error at 0269c2b0: Unable to disassemble EXTERNAL block location: 0269c2b0  
2026-07-21 11:30:21 WARN  (DecompileCallback) Decompiling 0269c2b8, pcode error at 0269c2b8: Unable to disassemble EXTERNAL block location: 0269c2b8  
2026-07-21 11:30:21 WARN  (DecompileCallback) Decompiling 0269c2c0, pcode error at 0269c2c0: Unable to disassemble EXTERNAL block location: 0269c2c0  
2026-07-21 11:30:21 WARN  (DecompileCallback) Decompiling 0269c2c8, pcode error at 0269c2c8: Unable to disassemble EXTERNAL block location: 0269c2c8  
2026-07-21 11:30:21 WARN  (DecompileCallback) Decompiling 0269c2d0, pcode error at 0269c2d0: Unable to disassemble EXTERNAL block location: 0269c2d0  
2026-07-21 11:30:21 WARN  (DecompileCallback) Decompiling 0269c2d8, pcode error at 0269c2d8: Unable to disassemble EXTERNAL block location: 0269c2d8  
2026-07-21 11:30:21 WARN  (DecompileCallback) Decompiling 0269c2e0, pcode error at 0269c2e0: Unable to disassemble EXTERNAL block location: 0269c2e0  
2026-07-21 11:30:21 WARN  (DecompileCallback) Decompiling 0269c2e8, pcode error at 0269c2e8: Unable to disassemble EXTERNAL block location: 0269c2e8  
2026-07-21 11:30:21 WARN  (DecompileCallback) Decompiling 0269c2f0, pcode error at 0269c2f0: Unable to disassemble EXTERNAL block location: 0269c2f0  
2026-07-21 11:30:21 WARN  (DecompileCallback) Decompiling 0269c2f8, pcode error at 0269c2f8: Unable to disassemble EXTERNAL block location: 0269c2f8  
2026-07-21 11:30:21 WARN  (DecompileCallback) Decompiling 0269c300, pcode error at 0269c300: Unable to disassemble EXTERNAL block location: 0269c300  
2026-07-21 11:30:21 WARN  (DecompileCallback) Decompiling 0269c308, pcode error at 0269c308: Unable to disassemble EXTERNAL block location: 0269c308  
2026-07-21 11:30:21 WARN  (DecompileCallback) Decompiling 0269c310, pcode error at 0269c310: Unable to disassemble EXTERNAL block location: 0269c310  
2026-07-21 11:30:21 WARN  (DecompileCallback) Decompiling 0269c318, pcode error at 0269c318: Unable to disassemble EXTERNAL block location: 0269c318  
2026-07-21 11:30:21 WARN  (DecompileCallback) Decompiling 0269c320, pcode error at 0269c320: Unable to disassemble EXTERNAL block location: 0269c320  
2026-07-21 11:30:21 WARN  (DecompileCallback) Decompiling 0269c328, pcode error at 0269c328: Unable to disassemble EXTERNAL block location: 0269c328  
2026-07-21 11:30:21 WARN  (DecompileCallback) Decompiling 0269c330, pcode error at 0269c330: Unable to disassemble EXTERNAL block location: 0269c330  
2026-07-21 11:30:21 WARN  (DecompileCallback) Decompiling 0269c338, pcode error at 0269c338: Unable to disassemble EXTERNAL block location: 0269c338  
2026-07-21 11:30:21 WARN  (DecompileCallback) Decompiling 0269c340, pcode error at 0269c340: Unable to disassemble EXTERNAL block location: 0269c340  
2026-07-21 11:30:21 WARN  (DecompileCallback) Decompiling 0269c348, pcode error at 0269c348: Unable to disassemble EXTERNAL block location: 0269c348  
2026-07-21 11:30:21 WARN  (DecompileCallback) Decompiling 0269c350, pcode error at 0269c350: Unable to disassemble EXTERNAL block location: 0269c350  
2026-07-21 11:30:21 WARN  (DecompileCallback) Decompiling 0269c358, pcode error at 0269c358: Unable to disassemble EXTERNAL block location: 0269c358  
2026-07-21 11:30:21 WARN  (DecompileCallback) Decompiling 0269c360, pcode error at 0269c360: Unable to disassemble EXTERNAL block location: 0269c360  
2026-07-21 11:30:21 WARN  (DecompileCallback) Decompiling 0269c368, pcode error at 0269c368: Unable to disassemble EXTERNAL block location: 0269c368  
2026-07-21 11:30:21 WARN  (DecompileCallback) Decompiling 0269c370, pcode error at 0269c370: Unable to disassemble EXTERNAL block location: 0269c370  
2026-07-21 11:30:21 WARN  (DecompileCallback) Decompiling 0269c378, pcode error at 0269c378: Unable to disassemble EXTERNAL block location: 0269c378  
2026-07-21 11:30:21 WARN  (DecompileCallback) Decompiling 0269c380, pcode error at 0269c380: Unable to disassemble EXTERNAL block location: 0269c380  
2026-07-21 11:30:21 WARN  (DecompileCallback) Decompiling 0269c388, pcode error at 0269c388: Unable to disassemble EXTERNAL block location: 0269c388  
2026-07-21 11:30:21 WARN  (DecompileCallback) Decompiling 0269c390, pcode error at 0269c390: Unable to disassemble EXTERNAL block location: 0269c390  
2026-07-21 11:30:21 WARN  (DecompileCallback) Decompiling 0269c398, pcode error at 0269c398: Unable to disassemble EXTERNAL block location: 0269c398  
2026-07-21 11:30:21 WARN  (DecompileCallback) Decompiling 0269c3a0, pcode error at 0269c3a0: Unable to disassemble EXTERNAL block location: 0269c3a0  
2026-07-21 11:30:21 WARN  (DecompileCallback) Decompiling 0269c3a8, pcode error at 0269c3a8: Unable to disassemble EXTERNAL block location: 0269c3a8  
2026-07-21 11:30:21 WARN  (DecompileCallback) Decompiling 0269c3b0, pcode error at 0269c3b0: Unable to disassemble EXTERNAL block location: 0269c3b0  
2026-07-21 11:30:21 WARN  (DecompileCallback) Decompiling 0269c3b8, pcode error at 0269c3b8: Unable to disassemble EXTERNAL block location: 0269c3b8  
2026-07-21 11:30:21 WARN  (DecompileCallback) Decompiling 0269c3c0, pcode error at 0269c3c0: Unable to disassemble EXTERNAL block location: 0269c3c0  
2026-07-21 11:30:21 WARN  (DecompileCallback) Decompiling 0269c3c8, pcode error at 0269c3c8: Unable to disassemble EXTERNAL block location: 0269c3c8  
2026-07-21 11:30:21 WARN  (DecompileCallback) Decompiling 0269c3d0, pcode error at 0269c3d0: Unable to disassemble EXTERNAL block location: 0269c3d0  
2026-07-21 11:30:21 WARN  (DecompileCallback) Decompiling 0269c3d8, pcode error at 0269c3d8: Unable to disassemble EXTERNAL block location: 0269c3d8  
2026-07-21 11:30:21 WARN  (DecompileCallback) Decompiling 0269c3e0, pcode error at 0269c3e0: Unable to disassemble EXTERNAL block location: 0269c3e0  
2026-07-21 11:30:21 WARN  (DecompileCallback) Decompiling 0269c3e8, pcode error at 0269c3e8: Unable to disassemble EXTERNAL block location: 0269c3e8  
2026-07-21 11:30:21 WARN  (DecompileCallback) Decompiling 0269c3f0, pcode error at 0269c3f0: Unable to disassemble EXTERNAL block location: 0269c3f0  
2026-07-21 11:30:21 WARN  (DecompileCallback) Decompiling 0269c3f8, pcode error at 0269c3f8: Unable to disassemble EXTERNAL block location: 0269c3f8  
2026-07-21 11:30:21 WARN  (DecompileCallback) Decompiling 0269c400, pcode error at 0269c400: Unable to disassemble EXTERNAL block location: 0269c400  
2026-07-21 11:30:21 WARN  (DecompileCallback) Decompiling 0269c408, pcode error at 0269c408: Unable to disassemble EXTERNAL block location: 0269c408  
2026-07-21 11:30:21 WARN  (DecompileCallback) Decompiling 0269c410, pcode error at 0269c410: Unable to disassemble EXTERNAL block location: 0269c410  
2026-07-21 11:30:21 WARN  (DecompileCallback) Decompiling 0269c420, pcode error at 0269c420: Unable to disassemble EXTERNAL block location: 0269c420  
2026-07-21 11:30:21 WARN  (DecompileCallback) Decompiling 0269c428, pcode error at 0269c428: Unable to disassemble EXTERNAL block location: 0269c428  
2026-07-21 11:30:21 WARN  (DecompileCallback) Decompiling 0269c430, pcode error at 0269c430: Unable to disassemble EXTERNAL block location: 0269c430  
2026-07-21 11:30:21 WARN  (DecompileCallback) Decompiling 0269c438, pcode error at 0269c438: Unable to disassemble EXTERNAL block location: 0269c438  
2026-07-21 11:30:21 WARN  (DecompileCallback) Decompiling 0269c440, pcode error at 0269c440: Unable to disassemble EXTERNAL block location: 0269c440  
2026-07-21 11:30:21 WARN  (DecompileCallback) Decompiling 0269c448, pcode error at 0269c448: Unable to disassemble EXTERNAL block location: 0269c448  
2026-07-21 11:30:21 WARN  (DecompileCallback) Decompiling 0269c450, pcode error at 0269c450: Unable to disassemble EXTERNAL block location: 0269c450  
2026-07-21 11:30:21 WARN  (DecompileCallback) Decompiling 0269c458, pcode error at 0269c458: Unable to disassemble EXTERNAL block location: 0269c458  
2026-07-21 11:30:21 WARN  (DecompileCallback) Decompiling 0269c460, pcode error at 0269c460: Unable to disassemble EXTERNAL block location: 0269c460  
2026-07-21 11:30:21 WARN  (DecompileCallback) Decompiling 0269c468, pcode error at 0269c468: Unable to disassemble EXTERNAL block location: 0269c468  
2026-07-21 11:30:21 WARN  (DecompileCallback) Decompiling 0269c470, pcode error at 0269c470: Unable to disassemble EXTERNAL block location: 0269c470  
2026-07-21 11:30:21 WARN  (DecompileCallback) Decompiling 0269c478, pcode error at 0269c478: Unable to disassemble EXTERNAL block location: 0269c478  
2026-07-21 11:30:21 WARN  (DecompileCallback) Decompiling 0269c480, pcode error at 0269c480: Unable to disassemble EXTERNAL block location: 0269c480  
2026-07-21 11:30:21 WARN  (DecompileCallback) Decompiling 0269c488, pcode error at 0269c488: Unable to disassemble EXTERNAL block location: 0269c488  
2026-07-21 11:30:21 WARN  (DecompileCallback) Decompiling 0269c490, pcode error at 0269c490: Unable to disassemble EXTERNAL block location: 0269c490  
2026-07-21 11:30:21 WARN  (DecompileCallback) Decompiling 0269c498, pcode error at 0269c498: Unable to disassemble EXTERNAL block location: 0269c498  
2026-07-21 11:30:21 WARN  (DecompileCallback) Decompiling 0269c4a0, pcode error at 0269c4a0: Unable to disassemble EXTERNAL block location: 0269c4a0  
2026-07-21 11:30:21 WARN  (DecompileCallback) Decompiling 0269c4a8, pcode error at 0269c4a8: Unable to disassemble EXTERNAL block location: 0269c4a8  
2026-07-21 11:30:21 WARN  (DecompileCallback) Decompiling 0269c4b0, pcode error at 0269c4b0: Unable to disassemble EXTERNAL block location: 0269c4b0  
2026-07-21 11:30:21 WARN  (DecompileCallback) Decompiling 0269c4b8, pcode error at 0269c4b8: Unable to disassemble EXTERNAL block location: 0269c4b8  
2026-07-21 11:30:21 WARN  (DecompileCallback) Decompiling 0269c4c0, pcode error at 0269c4c0: Unable to disassemble EXTERNAL block location: 0269c4c0  
2026-07-21 11:30:21 WARN  (DecompileCallback) Decompiling 0269c4c8, pcode error at 0269c4c8: Unable to disassemble EXTERNAL block location: 0269c4c8  
2026-07-21 11:30:21 WARN  (DecompileCallback) Decompiling 0269c4d0, pcode error at 0269c4d0: Unable to disassemble EXTERNAL block location: 0269c4d0  
2026-07-21 11:30:21 WARN  (DecompileCallback) Decompiling 0269c4d8, pcode error at 0269c4d8: Unable to disassemble EXTERNAL block location: 0269c4d8  
2026-07-21 11:30:21 WARN  (DecompileCallback) Decompiling 0269c4e0, pcode error at 0269c4e0: Unable to disassemble EXTERNAL block location: 0269c4e0  
2026-07-21 11:30:21 WARN  (DecompileCallback) Decompiling 0269c4e8, pcode error at 0269c4e8: Unable to disassemble EXTERNAL block location: 0269c4e8  
2026-07-21 11:30:21 WARN  (DecompileCallback) Decompiling 0269c4f0, pcode error at 0269c4f0: Unable to disassemble EXTERNAL block location: 0269c4f0  
2026-07-21 11:30:21 WARN  (DecompileCallback) Decompiling 0269c4f8, pcode error at 0269c4f8: Unable to disassemble EXTERNAL block location: 0269c4f8  
2026-07-21 11:30:21 WARN  (DecompileCallback) Decompiling 0269c500, pcode error at 0269c500: Unable to disassemble EXTERNAL block location: 0269c500  
2026-07-21 11:30:21 WARN  (DecompileCallback) Decompiling 0269c508, pcode error at 0269c508: Unable to disassemble EXTERNAL block location: 0269c508  
2026-07-21 11:30:21 WARN  (DecompileCallback) Decompiling 0269c510, pcode error at 0269c510: Unable to disassemble EXTERNAL block location: 0269c510  
2026-07-21 11:30:21 WARN  (DecompileCallback) Decompiling 0269c518, pcode error at 0269c518: Unable to disassemble EXTERNAL block location: 0269c518  
2026-07-21 11:30:21 WARN  (DecompileCallback) Decompiling 0269c520, pcode error at 0269c520: Unable to disassemble EXTERNAL block location: 0269c520  
2026-07-21 11:30:21 WARN  (DecompileCallback) Decompiling 0269c528, pcode error at 0269c528: Unable to disassemble EXTERNAL block location: 0269c528  
2026-07-21 11:30:21 WARN  (DecompileCallback) Decompiling 0269c530, pcode error at 0269c530: Unable to disassemble EXTERNAL block location: 0269c530  
2026-07-21 11:30:21 WARN  (DecompileCallback) Decompiling 0269c538, pcode error at 0269c538: Unable to disassemble EXTERNAL block location: 0269c538  
2026-07-21 11:30:21 WARN  (DecompileCallback) Decompiling 0269c540, pcode error at 0269c540: Unable to disassemble EXTERNAL block location: 0269c540  
2026-07-21 11:30:21 WARN  (DecompileCallback) Decompiling 0269c548, pcode error at 0269c548: Unable to disassemble EXTERNAL block location: 0269c548  
2026-07-21 11:30:21 WARN  (DecompileCallback) Decompiling 0269c550, pcode error at 0269c550: Unable to disassemble EXTERNAL block location: 0269c550  
2026-07-21 11:30:21 WARN  (DecompileCallback) Decompiling 0269c558, pcode error at 0269c558: Unable to disassemble EXTERNAL block location: 0269c558  
2026-07-21 11:30:21 WARN  (DecompileCallback) Decompiling 0269c560, pcode error at 0269c560: Unable to disassemble EXTERNAL block location: 0269c560  
2026-07-21 11:30:21 WARN  (DecompileCallback) Decompiling 0269c568, pcode error at 0269c568: Unable to disassemble EXTERNAL block location: 0269c568  
2026-07-21 11:30:21 WARN  (DecompileCallback) Decompiling 0269c570, pcode error at 0269c570: Unable to disassemble EXTERNAL block location: 0269c570  
2026-07-21 11:30:21 WARN  (DecompileCallback) Decompiling 0269c578, pcode error at 0269c578: Unable to disassemble EXTERNAL block location: 0269c578  
2026-07-21 11:30:21 WARN  (DecompileCallback) Decompiling 0269c580, pcode error at 0269c580: Unable to disassemble EXTERNAL block location: 0269c580  
2026-07-21 11:30:21 WARN  (DecompileCallback) Decompiling 0269c588, pcode error at 0269c588: Unable to disassemble EXTERNAL block location: 0269c588  
2026-07-21 11:30:21 WARN  (DecompileCallback) Decompiling 0269c590, pcode error at 0269c590: Unable to disassemble EXTERNAL block location: 0269c590  
2026-07-21 11:30:21 WARN  (DecompileCallback) Decompiling 0269c598, pcode error at 0269c598: Unable to disassemble EXTERNAL block location: 0269c598  
2026-07-21 11:30:21 WARN  (DecompileCallback) Decompiling 0269c5a0, pcode error at 0269c5a0: Unable to disassemble EXTERNAL block location: 0269c5a0  
2026-07-21 11:30:21 WARN  (DecompileCallback) Decompiling 0269c5a8, pcode error at 0269c5a8: Unable to disassemble EXTERNAL block location: 0269c5a8  
2026-07-21 11:30:21 WARN  (DecompileCallback) Decompiling 0269c5b0, pcode error at 0269c5b0: Unable to disassemble EXTERNAL block location: 0269c5b0  
2026-07-21 11:30:21 WARN  (DecompileCallback) Decompiling 0269c5b8, pcode error at 0269c5b8: Unable to disassemble EXTERNAL block location: 0269c5b8  
2026-07-21 11:30:21 WARN  (DecompileCallback) Decompiling 0269c5c0, pcode error at 0269c5c0: Unable to disassemble EXTERNAL block location: 0269c5c0  
2026-07-21 11:30:21 WARN  (DecompileCallback) Decompiling 0269c5c8, pcode error at 0269c5c8: Unable to disassemble EXTERNAL block location: 0269c5c8  
2026-07-21 11:30:21 WARN  (DecompileCallback) Decompiling 0269c5d0, pcode error at 0269c5d0: Unable to disassemble EXTERNAL block location: 0269c5d0  
2026-07-21 11:30:21 WARN  (DecompileCallback) Decompiling 0269c5d8, pcode error at 0269c5d8: Unable to disassemble EXTERNAL block location: 0269c5d8  
2026-07-21 11:30:21 WARN  (DecompileCallback) Decompiling 0269c5e0, pcode error at 0269c5e0: Unable to disassemble EXTERNAL block location: 0269c5e0  
2026-07-21 11:30:21 WARN  (DecompileCallback) Decompiling 0269c5e8, pcode error at 0269c5e8: Unable to disassemble EXTERNAL block location: 0269c5e8  
2026-07-21 11:30:21 WARN  (DecompileCallback) Decompiling 0269c5f0, pcode error at 0269c5f0: Unable to disassemble EXTERNAL block location: 0269c5f0  
2026-07-21 11:30:21 WARN  (DecompileCallback) Decompiling 0269c5f8, pcode error at 0269c5f8: Unable to disassemble EXTERNAL block location: 0269c5f8  
2026-07-21 11:30:21 WARN  (DecompileCallback) Decompiling 0269c600, pcode error at 0269c600: Unable to disassemble EXTERNAL block location: 0269c600  
2026-07-21 11:30:21 WARN  (DecompileCallback) Decompiling 0269c608, pcode error at 0269c608: Unable to disassemble EXTERNAL block location: 0269c608  
2026-07-21 11:30:21 WARN  (DecompileCallback) Decompiling 0269c610, pcode error at 0269c610: Unable to disassemble EXTERNAL block location: 0269c610  
2026-07-21 11:30:21 WARN  (DecompileCallback) Decompiling 0269c618, pcode error at 0269c618: Unable to disassemble EXTERNAL block location: 0269c618  
2026-07-21 11:30:21 WARN  (DecompileCallback) Decompiling 0269c620, pcode error at 0269c620: Unable to disassemble EXTERNAL block location: 0269c620  
2026-07-21 11:30:21 WARN  (DecompileCallback) Decompiling 0269c628, pcode error at 0269c628: Unable to disassemble EXTERNAL block location: 0269c628  
2026-07-21 11:30:21 WARN  (DecompileCallback) Decompiling 0269c630, pcode error at 0269c630: Unable to disassemble EXTERNAL block location: 0269c630  
2026-07-21 11:30:21 WARN  (DecompileCallback) Decompiling 0269c638, pcode error at 0269c638: Unable to disassemble EXTERNAL block location: 0269c638  
2026-07-21 11:30:21 WARN  (DecompileCallback) Decompiling 0269c640, pcode error at 0269c640: Unable to disassemble EXTERNAL block location: 0269c640  
2026-07-21 11:30:21 WARN  (DecompileCallback) Decompiling 0269c648, pcode error at 0269c648: Unable to disassemble EXTERNAL block location: 0269c648  
2026-07-21 11:30:21 WARN  (DecompileCallback) Decompiling 0269c650, pcode error at 0269c650: Unable to disassemble EXTERNAL block location: 0269c650  
2026-07-21 11:30:21 WARN  (DecompileCallback) Decompiling 0269c658, pcode error at 0269c658: Unable to disassemble EXTERNAL block location: 0269c658  
2026-07-21 11:30:21 WARN  (DecompileCallback) Decompiling 0269c660, pcode error at 0269c660: Unable to disassemble EXTERNAL block location: 0269c660  
2026-07-21 11:30:21 WARN  (DecompileCallback) Decompiling 0269c668, pcode error at 0269c668: Unable to disassemble EXTERNAL block location: 0269c668  
2026-07-21 11:30:21 WARN  (DecompileCallback) Decompiling 0269c670, pcode error at 0269c670: Unable to disassemble EXTERNAL block location: 0269c670  
2026-07-21 11:30:21 WARN  (DecompileCallback) Decompiling 0269c678, pcode error at 0269c678: Unable to disassemble EXTERNAL block location: 0269c678  
2026-07-21 11:30:21 WARN  (DecompileCallback) Decompiling 0269c680, pcode error at 0269c680: Unable to disassemble EXTERNAL block location: 0269c680  
2026-07-21 11:30:21 WARN  (DecompileCallback) Decompiling 0269c688, pcode error at 0269c688: Unable to disassemble EXTERNAL block location: 0269c688  
2026-07-21 11:30:21 WARN  (DecompileCallback) Decompiling 0269c690, pcode error at 0269c690: Unable to disassemble EXTERNAL block location: 0269c690  
2026-07-21 11:30:21 WARN  (DecompileCallback) Decompiling 0269c698, pcode error at 0269c698: Unable to disassemble EXTERNAL block location: 0269c698  
2026-07-21 11:30:21 WARN  (DecompileCallback) Decompiling 0269c6a0, pcode error at 0269c6a0: Unable to disassemble EXTERNAL block location: 0269c6a0  
2026-07-21 11:30:21 WARN  (DecompileCallback) Decompiling 0269c6a8, pcode error at 0269c6a8: Unable to disassemble EXTERNAL block location: 0269c6a8  
2026-07-21 11:30:21 WARN  (DecompileCallback) Decompiling 0269c6b0, pcode error at 0269c6b0: Unable to disassemble EXTERNAL block location: 0269c6b0  
2026-07-21 11:30:21 WARN  (DecompileCallback) Decompiling 0269c6b8, pcode error at 0269c6b8: Unable to disassemble EXTERNAL block location: 0269c6b8  
2026-07-21 11:30:21 WARN  (DecompileCallback) Decompiling 0269c6c0, pcode error at 0269c6c0: Unable to disassemble EXTERNAL block location: 0269c6c0  
2026-07-21 11:30:21 WARN  (DecompileCallback) Decompiling 0269c6c8, pcode error at 0269c6c8: Unable to disassemble EXTERNAL block location: 0269c6c8  
2026-07-21 11:30:21 WARN  (DecompileCallback) Decompiling 0269c6d0, pcode error at 0269c6d0: Unable to disassemble EXTERNAL block location: 0269c6d0  
2026-07-21 11:30:21 WARN  (DecompileCallback) Decompiling 0269c6d8, pcode error at 0269c6d8: Unable to disassemble EXTERNAL block location: 0269c6d8  
2026-07-21 11:30:21 WARN  (DecompileCallback) Decompiling 0269c6e0, pcode error at 0269c6e0: Unable to disassemble EXTERNAL block location: 0269c6e0  
2026-07-21 11:30:21 WARN  (DecompileCallback) Decompiling 0269c6e8, pcode error at 0269c6e8: Unable to disassemble EXTERNAL block location: 0269c6e8  
2026-07-21 11:30:21 WARN  (DecompileCallback) Decompiling 0269c6f0, pcode error at 0269c6f0: Unable to disassemble EXTERNAL block location: 0269c6f0  
2026-07-21 11:30:21 WARN  (DecompileCallback) Decompiling 0269c6f8, pcode error at 0269c6f8: Unable to disassemble EXTERNAL block location: 0269c6f8  
2026-07-21 11:30:21 WARN  (DecompileCallback) Decompiling 0269c700, pcode error at 0269c700: Unable to disassemble EXTERNAL block location: 0269c700  
2026-07-21 11:30:21 WARN  (DecompileCallback) Decompiling 0269c708, pcode error at 0269c708: Unable to disassemble EXTERNAL block location: 0269c708  
2026-07-21 11:30:21 WARN  (DecompileCallback) Decompiling 0269c710, pcode error at 0269c710: Unable to disassemble EXTERNAL block location: 0269c710  
2026-07-21 11:30:21 WARN  (DecompileCallback) Decompiling 0269c718, pcode error at 0269c718: Unable to disassemble EXTERNAL block location: 0269c718  
2026-07-21 11:30:21 WARN  (DecompileCallback) Decompiling 0269c720, pcode error at 0269c720: Unable to disassemble EXTERNAL block location: 0269c720  
2026-07-21 11:30:21 WARN  (DecompileCallback) Decompiling 0269c728, pcode error at 0269c728: Unable to disassemble EXTERNAL block location: 0269c728  
2026-07-21 11:30:21 WARN  (DecompileCallback) Decompiling 0269c730, pcode error at 0269c730: Unable to disassemble EXTERNAL block location: 0269c730  
2026-07-21 11:30:21 WARN  (DecompileCallback) Decompiling 0269c738, pcode error at 0269c738: Unable to disassemble EXTERNAL block location: 0269c738  
2026-07-21 11:30:21 WARN  (DecompileCallback) Decompiling 0269c740, pcode error at 0269c740: Unable to disassemble EXTERNAL block location: 0269c740  
2026-07-21 11:30:21 WARN  (DecompileCallback) Decompiling 0269c748, pcode error at 0269c748: Unable to disassemble EXTERNAL block location: 0269c748  
2026-07-21 11:30:21 WARN  (DecompileCallback) Decompiling 0269c750, pcode error at 0269c750: Unable to disassemble EXTERNAL block location: 0269c750  
2026-07-21 11:30:21 WARN  (DecompileCallback) Decompiling 0269c758, pcode error at 0269c758: Unable to disassemble EXTERNAL block location: 0269c758  
2026-07-21 11:30:21 WARN  (DecompileCallback) Decompiling 0269c760, pcode error at 0269c760: Unable to disassemble EXTERNAL block location: 0269c760  
2026-07-21 11:30:21 WARN  (DecompileCallback) Decompiling 0269c768, pcode error at 0269c768: Unable to disassemble EXTERNAL block location: 0269c768  
2026-07-21 11:30:21 WARN  (DecompileCallback) Decompiling 0269c770, pcode error at 0269c770: Unable to disassemble EXTERNAL block location: 0269c770  
2026-07-21 11:30:21 WARN  (DecompileCallback) Decompiling 0269c778, pcode error at 0269c778: Unable to disassemble EXTERNAL block location: 0269c778  
2026-07-21 11:30:21 WARN  (DecompileCallback) Decompiling 0269c780, pcode error at 0269c780: Unable to disassemble EXTERNAL block location: 0269c780  
2026-07-21 11:30:21 WARN  (DecompileCallback) Decompiling 0269c788, pcode error at 0269c788: Unable to disassemble EXTERNAL block location: 0269c788  
2026-07-21 11:30:21 WARN  (DecompileCallback) Decompiling 0269c790, pcode error at 0269c790: Unable to disassemble EXTERNAL block location: 0269c790  
2026-07-21 11:30:21 WARN  (DecompileCallback) Decompiling 0269c798, pcode error at 0269c798: Unable to disassemble EXTERNAL block location: 0269c798  
2026-07-21 11:30:21 WARN  (DecompileCallback) Decompiling 0269c7a0, pcode error at 0269c7a0: Unable to disassemble EXTERNAL block location: 0269c7a0  
2026-07-21 11:30:21 WARN  (DecompileCallback) Decompiling 0269c7a8, pcode error at 0269c7a8: Unable to disassemble EXTERNAL block location: 0269c7a8  
2026-07-21 11:30:21 WARN  (DecompileCallback) Decompiling 0269c7b0, pcode error at 0269c7b0: Unable to disassemble EXTERNAL block location: 0269c7b0  
2026-07-21 11:30:21 WARN  (DecompileCallback) Decompiling 0269c7b8, pcode error at 0269c7b8: Unable to disassemble EXTERNAL block location: 0269c7b8  
2026-07-21 11:30:21 WARN  (DecompileCallback) Decompiling 0269c7c0, pcode error at 0269c7c0: Unable to disassemble EXTERNAL block location: 0269c7c0  
2026-07-21 11:30:21 WARN  (DecompileCallback) Decompiling 0269c7c8, pcode error at 0269c7c8: Unable to disassemble EXTERNAL block location: 0269c7c8  
2026-07-21 11:30:21 WARN  (DecompileCallback) Decompiling 0269c7d0, pcode error at 0269c7d0: Unable to disassemble EXTERNAL block location: 0269c7d0  
2026-07-21 11:30:21 WARN  (DecompileCallback) Decompiling 0269c7d8, pcode error at 0269c7d8: Unable to disassemble EXTERNAL block location: 0269c7d8  
2026-07-21 11:30:21 WARN  (DecompileCallback) Decompiling 0269c7e0, pcode error at 0269c7e0: Unable to disassemble EXTERNAL block location: 0269c7e0  
2026-07-21 11:30:21 WARN  (DecompileCallback) Decompiling 0269c7e8, pcode error at 0269c7e8: Unable to disassemble EXTERNAL block location: 0269c7e8  
2026-07-21 11:30:21 WARN  (DecompileCallback) Decompiling 0269c7f0, pcode error at 0269c7f0: Unable to disassemble EXTERNAL block location: 0269c7f0  
2026-07-21 11:30:21 WARN  (DecompileCallback) Decompiling 0269c7f8, pcode error at 0269c7f8: Unable to disassemble EXTERNAL block location: 0269c7f8  
2026-07-21 11:30:21 WARN  (DecompileCallback) Decompiling 0269c800, pcode error at 0269c800: Unable to disassemble EXTERNAL block location: 0269c800  
2026-07-21 11:30:21 WARN  (DecompileCallback) Decompiling 0269c808, pcode error at 0269c808: Unable to disassemble EXTERNAL block location: 0269c808  
2026-07-21 11:30:21 WARN  (DecompileCallback) Decompiling 0269c810, pcode error at 0269c810: Unable to disassemble EXTERNAL block location: 0269c810  
2026-07-21 11:30:21 WARN  (DecompileCallback) Decompiling 0269c818, pcode error at 0269c818: Unable to disassemble EXTERNAL block location: 0269c818  
2026-07-21 11:30:21 WARN  (DecompileCallback) Decompiling 0269c820, pcode error at 0269c820: Unable to disassemble EXTERNAL block location: 0269c820  
2026-07-21 11:30:21 WARN  (DecompileCallback) Decompiling 0269c828, pcode error at 0269c828: Unable to disassemble EXTERNAL block location: 0269c828  
2026-07-21 11:30:21 WARN  (DecompileCallback) Decompiling 0269c830, pcode error at 0269c830: Unable to disassemble EXTERNAL block location: 0269c830  
2026-07-21 11:30:21 WARN  (DecompileCallback) Decompiling 0269c838, pcode error at 0269c838: Unable to disassemble EXTERNAL block location: 0269c838  
2026-07-21 11:30:21 WARN  (DecompileCallback) Decompiling 0269c840, pcode error at 0269c840: Unable to disassemble EXTERNAL block location: 0269c840  
2026-07-21 11:30:21 WARN  (DecompileCallback) Decompiling 0269c848, pcode error at 0269c848: Unable to disassemble EXTERNAL block location: 0269c848  
2026-07-21 11:30:21 WARN  (DecompileCallback) Decompiling 0269c850, pcode error at 0269c850: Unable to disassemble EXTERNAL block location: 0269c850  
2026-07-21 11:30:21 WARN  (DecompileCallback) Decompiling 0269c858, pcode error at 0269c858: Unable to disassemble EXTERNAL block location: 0269c858  
2026-07-21 11:30:21 WARN  (DecompileCallback) Decompiling 0269c860, pcode error at 0269c860: Unable to disassemble EXTERNAL block location: 0269c860  
2026-07-21 11:30:21 WARN  (DecompileCallback) Decompiling 0269c868, pcode error at 0269c868: Unable to disassemble EXTERNAL block location: 0269c868  
2026-07-21 11:30:21 WARN  (DecompileCallback) Decompiling 0269c870, pcode error at 0269c870: Unable to disassemble EXTERNAL block location: 0269c870  
2026-07-21 11:30:21 WARN  (DecompileCallback) Decompiling 0269c878, pcode error at 0269c878: Unable to disassemble EXTERNAL block location: 0269c878  
2026-07-21 11:30:21 WARN  (DecompileCallback) Decompiling 0269c880, pcode error at 0269c880: Unable to disassemble EXTERNAL block location: 0269c880  
2026-07-21 11:30:21 WARN  (DecompileCallback) Decompiling 0269c888, pcode error at 0269c888: Unable to disassemble EXTERNAL block location: 0269c888  
2026-07-21 11:30:21 WARN  (DecompileCallback) Decompiling 0269c890, pcode error at 0269c890: Unable to disassemble EXTERNAL block location: 0269c890  
2026-07-21 11:30:21 WARN  (DecompileCallback) Decompiling 0269c898, pcode error at 0269c898: Unable to disassemble EXTERNAL block location: 0269c898  
2026-07-21 11:30:21 WARN  (DecompileCallback) Decompiling 0269c8a0, pcode error at 0269c8a0: Unable to disassemble EXTERNAL block location: 0269c8a0  
2026-07-21 11:30:21 WARN  (DecompileCallback) Decompiling 0269c8a8, pcode error at 0269c8a8: Unable to disassemble EXTERNAL block location: 0269c8a8  
2026-07-21 11:30:21 WARN  (DecompileCallback) Decompiling 0269c8b0, pcode error at 0269c8b0: Unable to disassemble EXTERNAL block location: 0269c8b0  
2026-07-21 11:30:21 WARN  (DecompileCallback) Decompiling 0269c8b8, pcode error at 0269c8b8: Unable to disassemble EXTERNAL block location: 0269c8b8  
2026-07-21 11:30:21 WARN  (DecompileCallback) Decompiling 0269c8c0, pcode error at 0269c8c0: Unable to disassemble EXTERNAL block location: 0269c8c0  
2026-07-21 11:30:21 WARN  (DecompileCallback) Decompiling 0269c8c8, pcode error at 0269c8c8: Unable to disassemble EXTERNAL block location: 0269c8c8  
2026-07-21 11:30:21 WARN  (DecompileCallback) Decompiling 0269c8d0, pcode error at 0269c8d0: Unable to disassemble EXTERNAL block location: 0269c8d0  
2026-07-21 11:30:21 WARN  (DecompileCallback) Decompiling 0269c8d8, pcode error at 0269c8d8: Unable to disassemble EXTERNAL block location: 0269c8d8  
2026-07-21 11:30:21 WARN  (DecompileCallback) Decompiling 0269c8e0, pcode error at 0269c8e0: Unable to disassemble EXTERNAL block location: 0269c8e0  
2026-07-21 11:30:21 WARN  (DecompileCallback) Decompiling 0269c8e8, pcode error at 0269c8e8: Unable to disassemble EXTERNAL block location: 0269c8e8  
2026-07-21 11:30:21 INFO  (GhidraScript) GeneralStructureEyePatternScan.java> General structure scan complete.  
2026-07-21 11:30:21 INFO  (GhidraScript) GeneralStructureEyePatternScan.java> Total functions scanned: 227032  
2026-07-21 11:30:21 INFO  (GhidraScript) GeneralStructureEyePatternScan.java> Exported functions: 1323  
2026-07-21 11:30:21 INFO  (GhidraScript) GeneralStructureEyePatternScan.java> Decompile failures: 114  
2026-07-21 11:30:21 INFO  (GhidraScript) GeneralStructureEyePatternScan.java> Report CSV: C:\realDesktop\manifest-evaluations\summer-26\ghidra-pipeline\il2cpp-files\SPEEDSHOOTINGVR\general-structure-results\structure_scan_report.csv  
2026-07-21 11:30:21 INFO  (GhidraScript) GeneralStructureEyePatternScan.java> Report JSON: C:\realDesktop\manifest-evaluations\summer-26\ghidra-pipeline\il2cpp-files\SPEEDSHOOTINGVR\general-structure-results\structure_scan_report.json  
2026-07-21 11:30:21 INFO  (HeadlessAnalyzer) REPORT: Save succeeded for processed file: /SPEEDSHOOTINGVR-libil2cpp.so  
