2026-07-19 22:43:28 INFO  (LoggingInitialization) Using log config file: jar:file:/C:/Users/kimgiordano27/Downloads/ghidra_12.1.2_PUBLIC_20260605/ghidra_12.1.2_PUBLIC/Ghidra/Framework/Generic/lib/Generic.jar!/generic.log4j.xml  
2026-07-19 22:43:28 INFO  (LoggingInitialization) Using log file: C:\realDesktop\manifest-evaluations\summer-26\ghidra-pipeline\il2cpp-files\padelvrtraining\general-structure-ghidra.log  
2026-07-19 22:43:28 DEBUG (GhidraObjectInputFilter) Including serial input filter: FileSystem/data/client.rmi.serial.filter  
2026-07-19 22:43:28 INFO  (Preferences) Loading user preferences: C:\Users\kimgiordano27\AppData\Roaming\ghidra\ghidra_12.1.2_PUBLIC\preferences  
2026-07-19 22:43:28 INFO  (ClassSearcher) Searching for classes...  
2026-07-19 22:43:28 INFO  (ClassSearcher) Class search complete (544 ms)  
2026-07-19 22:43:29 INFO  (DefaultSSLContextInitializer) Initializing SSL Context  
2026-07-19 22:43:29 INFO  (SecureRandomFactory) Initializing Random Number Generator...  
2026-07-19 22:43:29 INFO  (SecureRandomFactory) Random Number Generator initialization complete: SHA1PRNG  
2026-07-19 22:43:29 INFO  (DefaultTrustManagerFactory) Trust manager disabled, cacerts have not been set  
2026-07-19 22:43:29 INFO  (AnalyzeHeadless) Headless startup complete (1611 ms)  
2026-07-19 22:43:29 INFO  (ClassSearcher) Class searcher loaded 59 extension points (20 false positives)  
2026-07-19 22:43:29 INFO  (HeadlessAnalyzer) HEADLESS Script Paths:
    C:\Users\kimgiordano27\Downloads\ghidra_12.1.2_PUBLIC_20260605\ghidra_12.1.2_PUBLIC\Ghidra\Features\DecompilerDependent\ghidra_scripts
    C:\Users\kimgiordano27\Downloads\ghidra_12.1.2_PUBLIC_20260605\ghidra_12.1.2_PUBLIC\Ghidra\Processors\Atmel\ghidra_scripts
    C:\Users\kimgiordano27\Downloads\ghidra_12.1.2_PUBLIC_20260605\ghidra_12.1.2_PUBLIC\Ghidra\Processors\PIC\ghidra_scripts
    C:\Users\kimgiordano27\Downloads\ghidra_12.1.2_PUBLIC_20260605\ghidra_12.1.2_PUBLIC\Ghidra\Features\VersionTracking\ghidra_scripts
    C:\Users\kimgiordano27\Downloads\ghidra_12.1.2_PUBLIC_20260605\ghidra_12.1.2_PUBLIC\Ghidra\Features\BytePatterns\ghidra_scripts
    C:\Users\kimgiordano27\ghidra_scripts
    C:\Users\kimgiordano27\Downloads\ghidra_12.1.2_PUBLIC_20260605\ghidra_12.1.2_PUBLIC\Ghidra\Features\BSim\ghidra_scripts
    C:\realDesktop\manifest-evaluations\summer-26\ghidra-pipeline\ghidra-export-scripts
    C:\Users\kimgiordano27\Downloads\ghidra_12.1.2_PUBLIC_20260605\ghidra_12.1.2_PUBLIC\Ghidra\Processors\JVM\ghidra_scripts
    C:\Users\kimgiordano27\Downloads\ghidra_12.1.2_PUBLIC_20260605\ghidra_12.1.2_PUBLIC\Ghidra\Features\Base\ghidra_scripts
    C:\Users\kimgiordano27\Downloads\ghidra_12.1.2_PUBLIC_20260605\ghidra_12.1.2_PUBLIC\Ghidra\Features\SwiftDemangler\ghidra_scripts
    C:\Users\kimgiordano27\Downloads\ghidra_12.1.2_PUBLIC_20260605\ghidra_12.1.2_PUBLIC\Ghidra\Features\WildcardAssembler\ghidra_scripts
    C:\Users\kimgiordano27\Downloads\ghidra_12.1.2_PUBLIC_20260605\ghidra_12.1.2_PUBLIC\Ghidra\Features\FileFormats\ghidra_scripts
    C:\Users\kimgiordano27\Downloads\ghidra_12.1.2_PUBLIC_20260605\ghidra_12.1.2_PUBLIC\Ghidra\Features\Decompiler\ghidra_scripts
    C:\Users\kimgiordano27\Downloads\ghidra_12.1.2_PUBLIC_20260605\ghidra_12.1.2_PUBLIC\Ghidra\Features\SystemEmulation\ghidra_scripts
    C:\Users\kimgiordano27\Downloads\ghidra_12.1.2_PUBLIC_20260605\ghidra_12.1.2_PUBLIC\Ghidra\Processors\8051\ghidra_scripts
    C:\Users\kimgiordano27\Downloads\ghidra_12.1.2_PUBLIC_20260605\ghidra_12.1.2_PUBLIC\Ghidra\Features\GnuDemangler\ghidra_scripts
    C:\Users\kimgiordano27\Downloads\ghidra_12.1.2_PUBLIC_20260605\ghidra_12.1.2_PUBLIC\Ghidra\Debug\Debugger\ghidra_scripts
    C:\Users\kimgiordano27\Downloads\ghidra_12.1.2_PUBLIC_20260605\ghidra_12.1.2_PUBLIC\Ghidra\Processors\DATA\ghidra_scripts
    C:\Users\kimgiordano27\Downloads\ghidra_12.1.2_PUBLIC_20260605\ghidra_12.1.2_PUBLIC\Ghidra\Debug\Debugger-rmi-trace\ghidra_scripts
    C:\Users\kimgiordano27\Downloads\ghidra_12.1.2_PUBLIC_20260605\ghidra_12.1.2_PUBLIC\Ghidra\Features\FunctionID\ghidra_scripts
    C:\Users\kimgiordano27\Downloads\ghidra_12.1.2_PUBLIC_20260605\ghidra_12.1.2_PUBLIC\Ghidra\Features\MicrosoftCodeAnalyzer\ghidra_scripts
    C:\Users\kimgiordano27\Downloads\ghidra_12.1.2_PUBLIC_20260605\ghidra_12.1.2_PUBLIC\Ghidra\Features\PDB\ghidra_scripts
    C:\Users\kimgiordano27\AppData\Roaming\ghidra\ghidra_12.1.2_PUBLIC\Extensions\Jython\ghidra_scripts
    C:\Users\kimgiordano27\Downloads\ghidra_12.1.2_PUBLIC_20260605\ghidra_12.1.2_PUBLIC\Ghidra\Features\PyGhidra\ghidra_scripts  
2026-07-19 22:43:29 INFO  (HeadlessAnalyzer) HEADLESS: execution starts  
2026-07-19 22:43:29 INFO  (HeadlessAnalyzer) Opening existing project: C:\realDesktop\manifest-evaluations\summer-26\ghidra-pipeline\il2cpp-files\padelvrtraining\ghidra-project-padelvrtraining\padelvrtraining  
2026-07-19 22:43:29 INFO  (HeadlessProject) Opening project: C:\realDesktop\manifest-evaluations\summer-26\ghidra-pipeline\il2cpp-files\padelvrtraining\ghidra-project-padelvrtraining\padelvrtraining  
2026-07-19 22:43:29 INFO  (LocalFileSystem) /padelvrtraining-libil2cpp.so: checkout (2) granted (kimgiordano27)  
2026-07-19 22:43:35 INFO  (HeadlessAnalyzer) REPORT: Processing project file: /padelvrtraining-libil2cpp.so  
2026-07-19 22:43:36 INFO  (HeadlessAnalyzer) REPORT: Execute script: GeneralStructureEyePatternScan.java 'C:\realDesktop\manifest-evaluations\summer-26\ghidra-pipeline\il2cpp-files\padelvrtraining\general-structure-results' '70' 'false'   
2026-07-19 22:43:36 INFO  (HeadlessAnalyzer) SCRIPT: C:\realDesktop\manifest-evaluations\summer-26\ghidra-pipeline\ghidra-export-scripts\GeneralStructureEyePatternScan.java  
2026-07-19 22:43:36 INFO  (GhidraScript) GeneralStructureEyePatternScan.java> General structure scan starting...  
2026-07-19 22:43:36 INFO  (GhidraScript) GeneralStructureEyePatternScan.java> Output: C:\realDesktop\manifest-evaluations\summer-26\ghidra-pipeline\il2cpp-files\padelvrtraining\general-structure-results  
2026-07-19 22:43:36 INFO  (GhidraScript) GeneralStructureEyePatternScan.java> Minimum review score: 70  
2026-07-19 22:43:36 INFO  (GhidraScript) GeneralStructureEyePatternScan.java> Export all: false  
2026-07-19 22:43:57 INFO  (GhidraScript) GeneralStructureEyePatternScan.java> Scanned 10000 functions. Exported so far: 0  
2026-07-19 22:44:09 INFO  (GhidraScript) GeneralStructureEyePatternScan.java> Scanned 20000 functions. Exported so far: 0  
2026-07-19 22:44:19 INFO  (GhidraScript) GeneralStructureEyePatternScan.java> Scanned 30000 functions. Exported so far: 0  
2026-07-19 22:44:34 INFO  (GhidraScript) GeneralStructureEyePatternScan.java> Scanned 40000 functions. Exported so far: 0  
2026-07-19 22:44:53 INFO  (GhidraScript) GeneralStructureEyePatternScan.java> Scanned 50000 functions. Exported so far: 0  
2026-07-19 22:45:12 INFO  (GhidraScript) GeneralStructureEyePatternScan.java> Scanned 60000 functions. Exported so far: 0  
2026-07-19 22:45:33 INFO  (GhidraScript) GeneralStructureEyePatternScan.java> Scanned 70000 functions. Exported so far: 2  
2026-07-19 22:45:54 INFO  (GhidraScript) GeneralStructureEyePatternScan.java> Scanned 80000 functions. Exported so far: 2  
2026-07-19 22:46:15 INFO  (GhidraScript) GeneralStructureEyePatternScan.java> Scanned 90000 functions. Exported so far: 2  
2026-07-19 22:46:34 INFO  (GhidraScript) GeneralStructureEyePatternScan.java> Scanned 100000 functions. Exported so far: 2  
2026-07-19 22:46:51 INFO  (GhidraScript) GeneralStructureEyePatternScan.java> Scanned 110000 functions. Exported so far: 2  
2026-07-19 22:47:12 INFO  (GhidraScript) GeneralStructureEyePatternScan.java> Scanned 120000 functions. Exported so far: 2  
2026-07-19 22:47:38 INFO  (GhidraScript) GeneralStructureEyePatternScan.java> Scanned 130000 functions. Exported so far: 2  
2026-07-19 22:48:01 INFO  (GhidraScript) GeneralStructureEyePatternScan.java> Scanned 140000 functions. Exported so far: 2  
2026-07-19 22:48:22 INFO  (GhidraScript) GeneralStructureEyePatternScan.java> Scanned 150000 functions. Exported so far: 2  
2026-07-19 22:48:38 INFO  (GhidraScript) GeneralStructureEyePatternScan.java> Scanned 160000 functions. Exported so far: 2  
2026-07-19 22:50:13 INFO  (GhidraScript) GeneralStructureEyePatternScan.java> Scanned 170000 functions. Exported so far: 14  
2026-07-19 23:09:55 INFO  (GhidraScript) GeneralStructureEyePatternScan.java> Scanned 180000 functions. Exported so far: 22  
2026-07-19 23:33:39 INFO  (GhidraScript) GeneralStructureEyePatternScan.java> Scanned 190000 functions. Exported so far: 40  
2026-07-19 23:36:38 INFO  (GhidraScript) GeneralStructureEyePatternScan.java> Scanned 200000 functions. Exported so far: 63  
2026-07-19 23:40:24 INFO  (GhidraScript) GeneralStructureEyePatternScan.java> Scanned 210000 functions. Exported so far: 74  
2026-07-19 23:45:49 INFO  (GhidraScript) GeneralStructureEyePatternScan.java> Scanned 220000 functions. Exported so far: 74  
2026-07-20 01:35:14 INFO  (GhidraScript) GeneralStructureEyePatternScan.java> Scanned 230000 functions. Exported so far: 74  
2026-07-20 01:40:17 INFO  (GhidraScript) GeneralStructureEyePatternScan.java> Scanned 240000 functions. Exported so far: 74  
2026-07-20 01:42:23 INFO  (GhidraScript) GeneralStructureEyePatternScan.java> Scanned 250000 functions. Exported so far: 74  
2026-07-20 01:44:24 INFO  (GhidraScript) GeneralStructureEyePatternScan.java> Scanned 260000 functions. Exported so far: 78  
2026-07-20 09:49:55 INFO  (GhidraScript) GeneralStructureEyePatternScan.java> Scanned 280000 functions. Exported so far: 94  
2026-07-20 09:50:55 INFO  (GhidraScript) GeneralStructureEyePatternScan.java> Scanned 290000 functions. Exported so far: 101  
2026-07-20 09:52:00 INFO  (GhidraScript) GeneralStructureEyePatternScan.java> Scanned 300000 functions. Exported so far: 117  
2026-07-20 09:53:02 INFO  (GhidraScript) GeneralStructureEyePatternScan.java> Scanned 310000 functions. Exported so far: 123  
2026-07-20 09:54:40 INFO  (GhidraScript) GeneralStructureEyePatternScan.java> Scanned 320000 functions. Exported so far: 129  
2026-07-20 09:57:09 INFO  (GhidraScript) GeneralStructureEyePatternScan.java> Scanned 330000 functions. Exported so far: 145  
2026-07-20 09:58:17 INFO  (GhidraScript) GeneralStructureEyePatternScan.java> Scanned 340000 functions. Exported so far: 145  
2026-07-20 09:59:48 INFO  (GhidraScript) GeneralStructureEyePatternScan.java> Scanned 350000 functions. Exported so far: 145  
2026-07-20 10:02:18 INFO  (GhidraScript) GeneralStructureEyePatternScan.java> Scanned 360000 functions. Exported so far: 154  
2026-07-20 10:03:56 INFO  (GhidraScript) GeneralStructureEyePatternScan.java> Scanned 370000 functions. Exported so far: 154  
2026-07-20 10:05:24 INFO  (GhidraScript) GeneralStructureEyePatternScan.java> Scanned 380000 functions. Exported so far: 155  
2026-07-20 10:07:06 INFO  (GhidraScript) GeneralStructureEyePatternScan.java> Scanned 390000 functions. Exported so far: 206  
2026-07-20 10:07:37 INFO  (GhidraScript) GeneralStructureEyePatternScan.java> Scanned 400000 functions. Exported so far: 206  
2026-07-20 10:08:26 INFO  (GhidraScript) GeneralStructureEyePatternScan.java> Scanned 410000 functions. Exported so far: 206  
2026-07-20 10:09:19 INFO  (GhidraScript) GeneralStructureEyePatternScan.java> Scanned 420000 functions. Exported so far: 206  
2026-07-20 10:10:20 INFO  (GhidraScript) GeneralStructureEyePatternScan.java> Scanned 430000 functions. Exported so far: 206  
2026-07-20 10:11:25 INFO  (GhidraScript) GeneralStructureEyePatternScan.java> Scanned 440000 functions. Exported so far: 206  
2026-07-20 10:12:32 INFO  (GhidraScript) GeneralStructureEyePatternScan.java> Scanned 450000 functions. Exported so far: 206  
2026-07-20 10:13:40 INFO  (GhidraScript) GeneralStructureEyePatternScan.java> Scanned 460000 functions. Exported so far: 212  
2026-07-20 10:14:56 INFO  (GhidraScript) GeneralStructureEyePatternScan.java> Scanned 470000 functions. Exported so far: 413  
2026-07-20 10:15:56 INFO  (GhidraScript) GeneralStructureEyePatternScan.java> Scanned 480000 functions. Exported so far: 413  
2026-07-20 10:17:00 INFO  (GhidraScript) GeneralStructureEyePatternScan.java> Scanned 490000 functions. Exported so far: 413  
2026-07-20 10:18:33 INFO  (GhidraScript) GeneralStructureEyePatternScan.java> Scanned 500000 functions. Exported so far: 429  
2026-07-20 10:19:30 INFO  (GhidraScript) GeneralStructureEyePatternScan.java> Scanned 510000 functions. Exported so far: 444  
2026-07-20 10:20:51 INFO  (GhidraScript) GeneralStructureEyePatternScan.java> Scanned 520000 functions. Exported so far: 444  
2026-07-20 10:21:41 INFO  (GhidraScript) GeneralStructureEyePatternScan.java> Scanned 530000 functions. Exported so far: 444  
2026-07-20 10:22:40 INFO  (GhidraScript) GeneralStructureEyePatternScan.java> Scanned 540000 functions. Exported so far: 446  
2026-07-20 10:24:03 INFO  (GhidraScript) GeneralStructureEyePatternScan.java> Scanned 550000 functions. Exported so far: 452  
2026-07-20 10:25:35 INFO  (GhidraScript) GeneralStructureEyePatternScan.java> Scanned 560000 functions. Exported so far: 453  
2026-07-20 10:26:49 INFO  (GhidraScript) GeneralStructureEyePatternScan.java> Scanned 570000 functions. Exported so far: 458  
2026-07-20 10:30:35 INFO  (GhidraScript) GeneralStructureEyePatternScan.java> Scanned 580000 functions. Exported so far: 479  
2026-07-20 10:32:37 INFO  (GhidraScript) GeneralStructureEyePatternScan.java> Scanned 590000 functions. Exported so far: 484  
2026-07-20 10:34:57 INFO  (GhidraScript) GeneralStructureEyePatternScan.java> Scanned 600000 functions. Exported so far: 484  
2026-07-20 10:36:40 INFO  (GhidraScript) GeneralStructureEyePatternScan.java> Scanned 610000 functions. Exported so far: 485  
2026-07-20 10:38:22 INFO  (GhidraScript) GeneralStructureEyePatternScan.java> Scanned 620000 functions. Exported so far: 485  
2026-07-20 10:39:45 INFO  (GhidraScript) GeneralStructureEyePatternScan.java> Scanned 630000 functions. Exported so far: 485  
2026-07-20 10:41:20 INFO  (GhidraScript) GeneralStructureEyePatternScan.java> Scanned 640000 functions. Exported so far: 485  
2026-07-20 10:42:52 INFO  (GhidraScript) GeneralStructureEyePatternScan.java> Scanned 650000 functions. Exported so far: 547  
2026-07-20 10:43:19 INFO  (GhidraScript) GeneralStructureEyePatternScan.java> Scanned 660000 functions. Exported so far: 571  
2026-07-20 10:43:55 INFO  (GhidraScript) GeneralStructureEyePatternScan.java> Scanned 670000 functions. Exported so far: 576  
2026-07-20 10:44:39 INFO  (GhidraScript) GeneralStructureEyePatternScan.java> Scanned 680000 functions. Exported so far: 797  
2026-07-20 10:50:20 INFO  (GhidraScript) GeneralStructureEyePatternScan.java> Scanned 690000 functions. Exported so far: 900  
2026-07-20 10:52:34 INFO  (GhidraScript) GeneralStructureEyePatternScan.java> Scanned 700000 functions. Exported so far: 900  
2026-07-20 11:48:12 INFO  (GhidraScript) GeneralStructureEyePatternScan.java> Scanned 710000 functions. Exported so far: 1015  
2026-07-20 11:50:21 INFO  (GhidraScript) GeneralStructureEyePatternScan.java> Scanned 720000 functions. Exported so far: 1145  
2026-07-20 11:52:33 INFO  (GhidraScript) GeneralStructureEyePatternScan.java> Scanned 730000 functions. Exported so far: 1166  
2026-07-20 11:54:13 INFO  (GhidraScript) GeneralStructureEyePatternScan.java> Scanned 740000 functions. Exported so far: 1179  
2026-07-20 11:55:58 INFO  (GhidraScript) GeneralStructureEyePatternScan.java> Scanned 750000 functions. Exported so far: 1629  
2026-07-20 11:59:15 INFO  (GhidraScript) GeneralStructureEyePatternScan.java> Scanned 760000 functions. Exported so far: 1688  
2026-07-20 12:02:55 INFO  (GhidraScript) GeneralStructureEyePatternScan.java> Scanned 770000 functions. Exported so far: 1711  
2026-07-20 12:05:41 INFO  (GhidraScript) GeneralStructureEyePatternScan.java> Scanned 780000 functions. Exported so far: 1711  
2026-07-20 12:09:24 INFO  (GhidraScript) GeneralStructureEyePatternScan.java> Scanned 790000 functions. Exported so far: 1711  
2026-07-20 12:12:51 INFO  (GhidraScript) GeneralStructureEyePatternScan.java> Scanned 800000 functions. Exported so far: 1711  
2026-07-20 12:18:16 INFO  (GhidraScript) GeneralStructureEyePatternScan.java> Scanned 810000 functions. Exported so far: 1712  
2026-07-20 12:21:35 INFO  (GhidraScript) GeneralStructureEyePatternScan.java> Scanned 820000 functions. Exported so far: 1719  
2026-07-20 12:27:26 INFO  (GhidraScript) GeneralStructureEyePatternScan.java> Scanned 830000 functions. Exported so far: 1719  
2026-07-20 12:29:18 INFO  (GhidraScript) GeneralStructureEyePatternScan.java> Scanned 840000 functions. Exported so far: 1723  
2026-07-20 12:38:02 INFO  (GhidraScript) GeneralStructureEyePatternScan.java> Scanned 850000 functions. Exported so far: 1723  
2026-07-20 12:40:48 INFO  (GhidraScript) GeneralStructureEyePatternScan.java> Scanned 860000 functions. Exported so far: 1738  
2026-07-20 12:41:28 INFO  (GhidraScript) GeneralStructureEyePatternScan.java> Scanned 870000 functions. Exported so far: 1740  
2026-07-20 12:43:40 INFO  (GhidraScript) GeneralStructureEyePatternScan.java> Scanned 880000 functions. Exported so far: 1740  
2026-07-20 13:09:36 INFO  (GhidraScript) GeneralStructureEyePatternScan.java> Scanned 890000 functions. Exported so far: 1740  
2026-07-20 14:59:27 INFO  (GhidraScript) GeneralStructureEyePatternScan.java> Scanned 900000 functions. Exported so far: 1741  
2026-07-20 15:01:14 INFO  (GhidraScript) GeneralStructureEyePatternScan.java> Scanned 910000 functions. Exported so far: 1859  
2026-07-20 15:03:03 INFO  (GhidraScript) GeneralStructureEyePatternScan.java> Scanned 920000 functions. Exported so far: 1903  
2026-07-20 15:03:43 INFO  (GhidraScript) GeneralStructureEyePatternScan.java> Scanned 930000 functions. Exported so far: 1903  
2026-07-20 15:22:50 INFO  (GhidraScript) GeneralStructureEyePatternScan.java> Scanned 940000 functions. Exported so far: 1903  
2026-07-20 16:02:35 INFO  (GhidraScript) GeneralStructureEyePatternScan.java> Scanned 950000 functions. Exported so far: 1908  
2026-07-20 16:28:35 INFO  (GhidraScript) GeneralStructureEyePatternScan.java> Scanned 960000 functions. Exported so far: 1921  
2026-07-20 16:30:27 INFO  (GhidraScript) GeneralStructureEyePatternScan.java> Scanned 970000 functions. Exported so far: 1921  
2026-07-20 16:40:01 INFO  (GhidraScript) GeneralStructureEyePatternScan.java> Scanned 980000 functions. Exported so far: 1926  
2026-07-20 16:52:40 INFO  (GhidraScript) GeneralStructureEyePatternScan.java> Scanned 990000 functions. Exported so far: 1926  
2026-07-20 16:55:23 INFO  (GhidraScript) GeneralStructureEyePatternScan.java> Scanned 1000000 functions. Exported so far: 1926  
2026-07-20 16:55:30 WARN  (DecompileCallback) Decompiling 09a7e000, pcode error at 09a7e000: Unable to disassemble EXTERNAL block location: 09a7e000  
2026-07-20 16:55:30 WARN  (DecompileCallback) Decompiling 09a7e008, pcode error at 09a7e008: Unable to disassemble EXTERNAL block location: 09a7e008  
2026-07-20 16:55:30 WARN  (DecompileCallback) Decompiling 09a7e010, pcode error at 09a7e010: Unable to disassemble EXTERNAL block location: 09a7e010  
2026-07-20 16:55:30 WARN  (DecompileCallback) Decompiling 09a7e018, pcode error at 09a7e018: Unable to disassemble EXTERNAL block location: 09a7e018  
2026-07-20 16:55:30 WARN  (DecompileCallback) Decompiling 09a7e020, pcode error at 09a7e020: Unable to disassemble EXTERNAL block location: 09a7e020  
2026-07-20 16:55:30 WARN  (DecompileCallback) Decompiling 09a7e028, pcode error at 09a7e028: Unable to disassemble EXTERNAL block location: 09a7e028  
2026-07-20 16:55:30 WARN  (DecompileCallback) Decompiling 09a7e030, pcode error at 09a7e030: Unable to disassemble EXTERNAL block location: 09a7e030  
2026-07-20 16:55:30 WARN  (DecompileCallback) Decompiling 09a7e038, pcode error at 09a7e038: Unable to disassemble EXTERNAL block location: 09a7e038  
2026-07-20 16:55:30 WARN  (DecompileCallback) Decompiling 09a7e040, pcode error at 09a7e040: Unable to disassemble EXTERNAL block location: 09a7e040  
2026-07-20 16:55:30 WARN  (DecompileCallback) Decompiling 09a7e048, pcode error at 09a7e048: Unable to disassemble EXTERNAL block location: 09a7e048  
2026-07-20 16:55:30 WARN  (DecompileCallback) Decompiling 09a7e050, pcode error at 09a7e050: Unable to disassemble EXTERNAL block location: 09a7e050  
2026-07-20 16:55:30 WARN  (DecompileCallback) Decompiling 09a7e058, pcode error at 09a7e058: Unable to disassemble EXTERNAL block location: 09a7e058  
2026-07-20 16:55:30 WARN  (DecompileCallback) Decompiling 09a7e060, pcode error at 09a7e060: Unable to disassemble EXTERNAL block location: 09a7e060  
2026-07-20 16:55:30 WARN  (DecompileCallback) Decompiling 09a7e068, pcode error at 09a7e068: Unable to disassemble EXTERNAL block location: 09a7e068  
2026-07-20 16:55:30 WARN  (DecompileCallback) Decompiling 09a7e070, pcode error at 09a7e070: Unable to disassemble EXTERNAL block location: 09a7e070  
2026-07-20 16:55:30 WARN  (DecompileCallback) Decompiling 09a7e078, pcode error at 09a7e078: Unable to disassemble EXTERNAL block location: 09a7e078  
2026-07-20 16:55:30 WARN  (DecompileCallback) Decompiling 09a7e080, pcode error at 09a7e080: Unable to disassemble EXTERNAL block location: 09a7e080  
2026-07-20 16:55:30 WARN  (DecompileCallback) Decompiling 09a7e088, pcode error at 09a7e088: Unable to disassemble EXTERNAL block location: 09a7e088  
2026-07-20 16:55:30 WARN  (DecompileCallback) Decompiling 09a7e090, pcode error at 09a7e090: Unable to disassemble EXTERNAL block location: 09a7e090  
2026-07-20 16:55:30 WARN  (DecompileCallback) Decompiling 09a7e098, pcode error at 09a7e098: Unable to disassemble EXTERNAL block location: 09a7e098  
2026-07-20 16:55:30 WARN  (DecompileCallback) Decompiling 09a7e0a0, pcode error at 09a7e0a0: Unable to disassemble EXTERNAL block location: 09a7e0a0  
2026-07-20 16:55:30 WARN  (DecompileCallback) Decompiling 09a7e0a8, pcode error at 09a7e0a8: Unable to disassemble EXTERNAL block location: 09a7e0a8  
2026-07-20 16:55:30 WARN  (DecompileCallback) Decompiling 09a7e0b0, pcode error at 09a7e0b0: Unable to disassemble EXTERNAL block location: 09a7e0b0  
2026-07-20 16:55:30 WARN  (DecompileCallback) Decompiling 09a7e0b8, pcode error at 09a7e0b8: Unable to disassemble EXTERNAL block location: 09a7e0b8  
2026-07-20 16:55:30 WARN  (DecompileCallback) Decompiling 09a7e0c0, pcode error at 09a7e0c0: Unable to disassemble EXTERNAL block location: 09a7e0c0  
2026-07-20 16:55:30 WARN  (DecompileCallback) Decompiling 09a7e0c8, pcode error at 09a7e0c8: Unable to disassemble EXTERNAL block location: 09a7e0c8  
2026-07-20 16:55:30 WARN  (DecompileCallback) Decompiling 09a7e0d0, pcode error at 09a7e0d0: Unable to disassemble EXTERNAL block location: 09a7e0d0  
2026-07-20 16:55:30 WARN  (DecompileCallback) Decompiling 09a7e0d8, pcode error at 09a7e0d8: Unable to disassemble EXTERNAL block location: 09a7e0d8  
2026-07-20 16:55:30 WARN  (DecompileCallback) Decompiling 09a7e0e0, pcode error at 09a7e0e0: Unable to disassemble EXTERNAL block location: 09a7e0e0  
2026-07-20 16:55:30 WARN  (DecompileCallback) Decompiling 09a7e0e8, pcode error at 09a7e0e8: Unable to disassemble EXTERNAL block location: 09a7e0e8  
2026-07-20 16:55:30 WARN  (DecompileCallback) Decompiling 09a7e0f0, pcode error at 09a7e0f0: Unable to disassemble EXTERNAL block location: 09a7e0f0  
2026-07-20 16:55:30 WARN  (DecompileCallback) Decompiling 09a7e0f8, pcode error at 09a7e0f8: Unable to disassemble EXTERNAL block location: 09a7e0f8  
2026-07-20 16:55:30 WARN  (DecompileCallback) Decompiling 09a7e100, pcode error at 09a7e100: Unable to disassemble EXTERNAL block location: 09a7e100  
2026-07-20 16:55:30 WARN  (DecompileCallback) Decompiling 09a7e108, pcode error at 09a7e108: Unable to disassemble EXTERNAL block location: 09a7e108  
2026-07-20 16:55:30 WARN  (DecompileCallback) Decompiling 09a7e110, pcode error at 09a7e110: Unable to disassemble EXTERNAL block location: 09a7e110  
2026-07-20 16:55:30 WARN  (DecompileCallback) Decompiling 09a7e118, pcode error at 09a7e118: Unable to disassemble EXTERNAL block location: 09a7e118  
2026-07-20 16:55:30 WARN  (DecompileCallback) Decompiling 09a7e120, pcode error at 09a7e120: Unable to disassemble EXTERNAL block location: 09a7e120  
2026-07-20 16:55:30 WARN  (DecompileCallback) Decompiling 09a7e128, pcode error at 09a7e128: Unable to disassemble EXTERNAL block location: 09a7e128  
2026-07-20 16:55:30 WARN  (DecompileCallback) Decompiling 09a7e130, pcode error at 09a7e130: Unable to disassemble EXTERNAL block location: 09a7e130  
2026-07-20 16:55:30 WARN  (DecompileCallback) Decompiling 09a7e138, pcode error at 09a7e138: Unable to disassemble EXTERNAL block location: 09a7e138  
2026-07-20 16:55:30 WARN  (DecompileCallback) Decompiling 09a7e140, pcode error at 09a7e140: Unable to disassemble EXTERNAL block location: 09a7e140  
2026-07-20 16:55:30 WARN  (DecompileCallback) Decompiling 09a7e148, pcode error at 09a7e148: Unable to disassemble EXTERNAL block location: 09a7e148  
2026-07-20 16:55:30 WARN  (DecompileCallback) Decompiling 09a7e150, pcode error at 09a7e150: Unable to disassemble EXTERNAL block location: 09a7e150  
2026-07-20 16:55:30 WARN  (DecompileCallback) Decompiling 09a7e158, pcode error at 09a7e158: Unable to disassemble EXTERNAL block location: 09a7e158  
2026-07-20 16:55:30 WARN  (DecompileCallback) Decompiling 09a7e160, pcode error at 09a7e160: Unable to disassemble EXTERNAL block location: 09a7e160  
2026-07-20 16:55:30 WARN  (DecompileCallback) Decompiling 09a7e168, pcode error at 09a7e168: Unable to disassemble EXTERNAL block location: 09a7e168  
2026-07-20 16:55:30 WARN  (DecompileCallback) Decompiling 09a7e170, pcode error at 09a7e170: Unable to disassemble EXTERNAL block location: 09a7e170  
2026-07-20 16:55:30 WARN  (DecompileCallback) Decompiling 09a7e178, pcode error at 09a7e178: Unable to disassemble EXTERNAL block location: 09a7e178  
2026-07-20 16:55:30 WARN  (DecompileCallback) Decompiling 09a7e180, pcode error at 09a7e180: Unable to disassemble EXTERNAL block location: 09a7e180  
2026-07-20 16:55:30 WARN  (DecompileCallback) Decompiling 09a7e188, pcode error at 09a7e188: Unable to disassemble EXTERNAL block location: 09a7e188  
2026-07-20 16:55:30 WARN  (DecompileCallback) Decompiling 09a7e190, pcode error at 09a7e190: Unable to disassemble EXTERNAL block location: 09a7e190  
2026-07-20 16:55:30 WARN  (DecompileCallback) Decompiling 09a7e198, pcode error at 09a7e198: Unable to disassemble EXTERNAL block location: 09a7e198  
2026-07-20 16:55:30 WARN  (DecompileCallback) Decompiling 09a7e1a0, pcode error at 09a7e1a0: Unable to disassemble EXTERNAL block location: 09a7e1a0  
2026-07-20 16:55:30 WARN  (DecompileCallback) Decompiling 09a7e1a8, pcode error at 09a7e1a8: Unable to disassemble EXTERNAL block location: 09a7e1a8  
2026-07-20 16:55:30 WARN  (DecompileCallback) Decompiling 09a7e1b0, pcode error at 09a7e1b0: Unable to disassemble EXTERNAL block location: 09a7e1b0  
2026-07-20 16:55:30 WARN  (DecompileCallback) Decompiling 09a7e1b8, pcode error at 09a7e1b8: Unable to disassemble EXTERNAL block location: 09a7e1b8  
2026-07-20 16:55:30 WARN  (DecompileCallback) Decompiling 09a7e1c0, pcode error at 09a7e1c0: Unable to disassemble EXTERNAL block location: 09a7e1c0  
2026-07-20 16:55:30 WARN  (DecompileCallback) Decompiling 09a7e1c8, pcode error at 09a7e1c8: Unable to disassemble EXTERNAL block location: 09a7e1c8  
2026-07-20 16:55:30 WARN  (DecompileCallback) Decompiling 09a7e1d0, pcode error at 09a7e1d0: Unable to disassemble EXTERNAL block location: 09a7e1d0  
2026-07-20 16:55:30 WARN  (DecompileCallback) Decompiling 09a7e1d8, pcode error at 09a7e1d8: Unable to disassemble EXTERNAL block location: 09a7e1d8  
2026-07-20 16:55:30 WARN  (DecompileCallback) Decompiling 09a7e1e0, pcode error at 09a7e1e0: Unable to disassemble EXTERNAL block location: 09a7e1e0  
2026-07-20 16:55:30 WARN  (DecompileCallback) Decompiling 09a7e1e8, pcode error at 09a7e1e8: Unable to disassemble EXTERNAL block location: 09a7e1e8  
2026-07-20 16:55:30 WARN  (DecompileCallback) Decompiling 09a7e1f0, pcode error at 09a7e1f0: Unable to disassemble EXTERNAL block location: 09a7e1f0  
2026-07-20 16:55:30 WARN  (DecompileCallback) Decompiling 09a7e1f8, pcode error at 09a7e1f8: Unable to disassemble EXTERNAL block location: 09a7e1f8  
2026-07-20 16:55:30 WARN  (DecompileCallback) Decompiling 09a7e200, pcode error at 09a7e200: Unable to disassemble EXTERNAL block location: 09a7e200  
2026-07-20 16:55:30 WARN  (DecompileCallback) Decompiling 09a7e208, pcode error at 09a7e208: Unable to disassemble EXTERNAL block location: 09a7e208  
2026-07-20 16:55:30 WARN  (DecompileCallback) Decompiling 09a7e210, pcode error at 09a7e210: Unable to disassemble EXTERNAL block location: 09a7e210  
2026-07-20 16:55:30 WARN  (DecompileCallback) Decompiling 09a7e218, pcode error at 09a7e218: Unable to disassemble EXTERNAL block location: 09a7e218  
2026-07-20 16:55:30 WARN  (DecompileCallback) Decompiling 09a7e220, pcode error at 09a7e220: Unable to disassemble EXTERNAL block location: 09a7e220  
2026-07-20 16:55:30 WARN  (DecompileCallback) Decompiling 09a7e228, pcode error at 09a7e228: Unable to disassemble EXTERNAL block location: 09a7e228  
2026-07-20 16:55:30 WARN  (DecompileCallback) Decompiling 09a7e230, pcode error at 09a7e230: Unable to disassemble EXTERNAL block location: 09a7e230  
2026-07-20 16:55:30 WARN  (DecompileCallback) Decompiling 09a7e238, pcode error at 09a7e238: Unable to disassemble EXTERNAL block location: 09a7e238  
2026-07-20 16:55:30 WARN  (DecompileCallback) Decompiling 09a7e240, pcode error at 09a7e240: Unable to disassemble EXTERNAL block location: 09a7e240  
2026-07-20 16:55:30 WARN  (DecompileCallback) Decompiling 09a7e248, pcode error at 09a7e248: Unable to disassemble EXTERNAL block location: 09a7e248  
2026-07-20 16:55:30 WARN  (DecompileCallback) Decompiling 09a7e250, pcode error at 09a7e250: Unable to disassemble EXTERNAL block location: 09a7e250  
2026-07-20 16:55:30 WARN  (DecompileCallback) Decompiling 09a7e258, pcode error at 09a7e258: Unable to disassemble EXTERNAL block location: 09a7e258  
2026-07-20 16:55:30 WARN  (DecompileCallback) Decompiling 09a7e260, pcode error at 09a7e260: Unable to disassemble EXTERNAL block location: 09a7e260  
2026-07-20 16:55:30 WARN  (DecompileCallback) Decompiling 09a7e268, pcode error at 09a7e268: Unable to disassemble EXTERNAL block location: 09a7e268  
2026-07-20 16:55:30 WARN  (DecompileCallback) Decompiling 09a7e270, pcode error at 09a7e270: Unable to disassemble EXTERNAL block location: 09a7e270  
2026-07-20 16:55:30 WARN  (DecompileCallback) Decompiling 09a7e278, pcode error at 09a7e278: Unable to disassemble EXTERNAL block location: 09a7e278  
2026-07-20 16:55:30 WARN  (DecompileCallback) Decompiling 09a7e280, pcode error at 09a7e280: Unable to disassemble EXTERNAL block location: 09a7e280  
2026-07-20 16:55:30 WARN  (DecompileCallback) Decompiling 09a7e288, pcode error at 09a7e288: Unable to disassemble EXTERNAL block location: 09a7e288  
2026-07-20 16:55:30 WARN  (DecompileCallback) Decompiling 09a7e290, pcode error at 09a7e290: Unable to disassemble EXTERNAL block location: 09a7e290  
2026-07-20 16:55:30 WARN  (DecompileCallback) Decompiling 09a7e298, pcode error at 09a7e298: Unable to disassemble EXTERNAL block location: 09a7e298  
2026-07-20 16:55:30 WARN  (DecompileCallback) Decompiling 09a7e2a0, pcode error at 09a7e2a0: Unable to disassemble EXTERNAL block location: 09a7e2a0  
2026-07-20 16:55:30 WARN  (DecompileCallback) Decompiling 09a7e2a8, pcode error at 09a7e2a8: Unable to disassemble EXTERNAL block location: 09a7e2a8  
2026-07-20 16:55:30 WARN  (DecompileCallback) Decompiling 09a7e2b0, pcode error at 09a7e2b0: Unable to disassemble EXTERNAL block location: 09a7e2b0  
2026-07-20 16:55:30 WARN  (DecompileCallback) Decompiling 09a7e2b8, pcode error at 09a7e2b8: Unable to disassemble EXTERNAL block location: 09a7e2b8  
2026-07-20 16:55:30 WARN  (DecompileCallback) Decompiling 09a7e2c8, pcode error at 09a7e2c8: Unable to disassemble EXTERNAL block location: 09a7e2c8  
2026-07-20 16:55:30 WARN  (DecompileCallback) Decompiling 09a7e2d0, pcode error at 09a7e2d0: Unable to disassemble EXTERNAL block location: 09a7e2d0  
2026-07-20 16:55:30 WARN  (DecompileCallback) Decompiling 09a7e2d8, pcode error at 09a7e2d8: Unable to disassemble EXTERNAL block location: 09a7e2d8  
2026-07-20 16:55:30 WARN  (DecompileCallback) Decompiling 09a7e2e0, pcode error at 09a7e2e0: Unable to disassemble EXTERNAL block location: 09a7e2e0  
2026-07-20 16:55:30 WARN  (DecompileCallback) Decompiling 09a7e2e8, pcode error at 09a7e2e8: Unable to disassemble EXTERNAL block location: 09a7e2e8  
2026-07-20 16:55:30 WARN  (DecompileCallback) Decompiling 09a7e2f0, pcode error at 09a7e2f0: Unable to disassemble EXTERNAL block location: 09a7e2f0  
2026-07-20 16:55:30 WARN  (DecompileCallback) Decompiling 09a7e2f8, pcode error at 09a7e2f8: Unable to disassemble EXTERNAL block location: 09a7e2f8  
2026-07-20 16:55:30 WARN  (DecompileCallback) Decompiling 09a7e300, pcode error at 09a7e300: Unable to disassemble EXTERNAL block location: 09a7e300  
2026-07-20 16:55:30 WARN  (DecompileCallback) Decompiling 09a7e308, pcode error at 09a7e308: Unable to disassemble EXTERNAL block location: 09a7e308  
2026-07-20 16:55:30 WARN  (DecompileCallback) Decompiling 09a7e310, pcode error at 09a7e310: Unable to disassemble EXTERNAL block location: 09a7e310  
2026-07-20 16:55:30 WARN  (DecompileCallback) Decompiling 09a7e318, pcode error at 09a7e318: Unable to disassemble EXTERNAL block location: 09a7e318  
2026-07-20 16:55:30 WARN  (DecompileCallback) Decompiling 09a7e320, pcode error at 09a7e320: Unable to disassemble EXTERNAL block location: 09a7e320  
2026-07-20 16:55:30 WARN  (DecompileCallback) Decompiling 09a7e328, pcode error at 09a7e328: Unable to disassemble EXTERNAL block location: 09a7e328  
2026-07-20 16:55:30 WARN  (DecompileCallback) Decompiling 09a7e330, pcode error at 09a7e330: Unable to disassemble EXTERNAL block location: 09a7e330  
2026-07-20 16:55:30 WARN  (DecompileCallback) Decompiling 09a7e338, pcode error at 09a7e338: Unable to disassemble EXTERNAL block location: 09a7e338  
2026-07-20 16:55:30 WARN  (DecompileCallback) Decompiling 09a7e340, pcode error at 09a7e340: Unable to disassemble EXTERNAL block location: 09a7e340  
2026-07-20 16:55:30 WARN  (DecompileCallback) Decompiling 09a7e348, pcode error at 09a7e348: Unable to disassemble EXTERNAL block location: 09a7e348  
2026-07-20 16:55:30 WARN  (DecompileCallback) Decompiling 09a7e350, pcode error at 09a7e350: Unable to disassemble EXTERNAL block location: 09a7e350  
2026-07-20 16:55:30 WARN  (DecompileCallback) Decompiling 09a7e358, pcode error at 09a7e358: Unable to disassemble EXTERNAL block location: 09a7e358  
2026-07-20 16:55:30 WARN  (DecompileCallback) Decompiling 09a7e360, pcode error at 09a7e360: Unable to disassemble EXTERNAL block location: 09a7e360  
2026-07-20 16:55:30 WARN  (DecompileCallback) Decompiling 09a7e368, pcode error at 09a7e368: Unable to disassemble EXTERNAL block location: 09a7e368  
2026-07-20 16:55:30 WARN  (DecompileCallback) Decompiling 09a7e370, pcode error at 09a7e370: Unable to disassemble EXTERNAL block location: 09a7e370  
2026-07-20 16:55:30 WARN  (DecompileCallback) Decompiling 09a7e378, pcode error at 09a7e378: Unable to disassemble EXTERNAL block location: 09a7e378  
2026-07-20 16:55:30 WARN  (DecompileCallback) Decompiling 09a7e380, pcode error at 09a7e380: Unable to disassemble EXTERNAL block location: 09a7e380  
2026-07-20 16:55:30 WARN  (DecompileCallback) Decompiling 09a7e388, pcode error at 09a7e388: Unable to disassemble EXTERNAL block location: 09a7e388  
2026-07-20 16:55:30 WARN  (DecompileCallback) Decompiling 09a7e390, pcode error at 09a7e390: Unable to disassemble EXTERNAL block location: 09a7e390  
2026-07-20 16:55:30 WARN  (DecompileCallback) Decompiling 09a7e398, pcode error at 09a7e398: Unable to disassemble EXTERNAL block location: 09a7e398  
2026-07-20 16:55:30 WARN  (DecompileCallback) Decompiling 09a7e3a0, pcode error at 09a7e3a0: Unable to disassemble EXTERNAL block location: 09a7e3a0  
2026-07-20 16:55:30 WARN  (DecompileCallback) Decompiling 09a7e3a8, pcode error at 09a7e3a8: Unable to disassemble EXTERNAL block location: 09a7e3a8  
2026-07-20 16:55:30 WARN  (DecompileCallback) Decompiling 09a7e3b0, pcode error at 09a7e3b0: Unable to disassemble EXTERNAL block location: 09a7e3b0  
2026-07-20 16:55:30 WARN  (DecompileCallback) Decompiling 09a7e3b8, pcode error at 09a7e3b8: Unable to disassemble EXTERNAL block location: 09a7e3b8  
2026-07-20 16:55:30 WARN  (DecompileCallback) Decompiling 09a7e3c0, pcode error at 09a7e3c0: Unable to disassemble EXTERNAL block location: 09a7e3c0  
2026-07-20 16:55:30 WARN  (DecompileCallback) Decompiling 09a7e3c8, pcode error at 09a7e3c8: Unable to disassemble EXTERNAL block location: 09a7e3c8  
2026-07-20 16:55:30 WARN  (DecompileCallback) Decompiling 09a7e3d0, pcode error at 09a7e3d0: Unable to disassemble EXTERNAL block location: 09a7e3d0  
2026-07-20 16:55:30 WARN  (DecompileCallback) Decompiling 09a7e3d8, pcode error at 09a7e3d8: Unable to disassemble EXTERNAL block location: 09a7e3d8  
2026-07-20 16:55:30 WARN  (DecompileCallback) Decompiling 09a7e3e0, pcode error at 09a7e3e0: Unable to disassemble EXTERNAL block location: 09a7e3e0  
2026-07-20 16:55:30 WARN  (DecompileCallback) Decompiling 09a7e3e8, pcode error at 09a7e3e8: Unable to disassemble EXTERNAL block location: 09a7e3e8  
2026-07-20 16:55:30 WARN  (DecompileCallback) Decompiling 09a7e3f0, pcode error at 09a7e3f0: Unable to disassemble EXTERNAL block location: 09a7e3f0  
2026-07-20 16:55:30 WARN  (DecompileCallback) Decompiling 09a7e3f8, pcode error at 09a7e3f8: Unable to disassemble EXTERNAL block location: 09a7e3f8  
2026-07-20 16:55:30 WARN  (DecompileCallback) Decompiling 09a7e400, pcode error at 09a7e400: Unable to disassemble EXTERNAL block location: 09a7e400  
2026-07-20 16:55:30 WARN  (DecompileCallback) Decompiling 09a7e408, pcode error at 09a7e408: Unable to disassemble EXTERNAL block location: 09a7e408  
2026-07-20 16:55:30 WARN  (DecompileCallback) Decompiling 09a7e410, pcode error at 09a7e410: Unable to disassemble EXTERNAL block location: 09a7e410  
2026-07-20 16:55:30 WARN  (DecompileCallback) Decompiling 09a7e418, pcode error at 09a7e418: Unable to disassemble EXTERNAL block location: 09a7e418  
2026-07-20 16:55:30 WARN  (DecompileCallback) Decompiling 09a7e420, pcode error at 09a7e420: Unable to disassemble EXTERNAL block location: 09a7e420  
2026-07-20 16:55:30 WARN  (DecompileCallback) Decompiling 09a7e428, pcode error at 09a7e428: Unable to disassemble EXTERNAL block location: 09a7e428  
2026-07-20 16:55:30 WARN  (DecompileCallback) Decompiling 09a7e430, pcode error at 09a7e430: Unable to disassemble EXTERNAL block location: 09a7e430  
2026-07-20 16:55:30 WARN  (DecompileCallback) Decompiling 09a7e438, pcode error at 09a7e438: Unable to disassemble EXTERNAL block location: 09a7e438  
2026-07-20 16:55:30 WARN  (DecompileCallback) Decompiling 09a7e440, pcode error at 09a7e440: Unable to disassemble EXTERNAL block location: 09a7e440  
2026-07-20 16:55:30 WARN  (DecompileCallback) Decompiling 09a7e448, pcode error at 09a7e448: Unable to disassemble EXTERNAL block location: 09a7e448  
2026-07-20 16:55:30 WARN  (DecompileCallback) Decompiling 09a7e450, pcode error at 09a7e450: Unable to disassemble EXTERNAL block location: 09a7e450  
2026-07-20 16:55:30 WARN  (DecompileCallback) Decompiling 09a7e458, pcode error at 09a7e458: Unable to disassemble EXTERNAL block location: 09a7e458  
2026-07-20 16:55:30 WARN  (DecompileCallback) Decompiling 09a7e460, pcode error at 09a7e460: Unable to disassemble EXTERNAL block location: 09a7e460  
2026-07-20 16:55:30 WARN  (DecompileCallback) Decompiling 09a7e468, pcode error at 09a7e468: Unable to disassemble EXTERNAL block location: 09a7e468  
2026-07-20 16:55:30 WARN  (DecompileCallback) Decompiling 09a7e470, pcode error at 09a7e470: Unable to disassemble EXTERNAL block location: 09a7e470  
2026-07-20 16:55:30 WARN  (DecompileCallback) Decompiling 09a7e478, pcode error at 09a7e478: Unable to disassemble EXTERNAL block location: 09a7e478  
2026-07-20 16:55:30 WARN  (DecompileCallback) Decompiling 09a7e480, pcode error at 09a7e480: Unable to disassemble EXTERNAL block location: 09a7e480  
2026-07-20 16:55:30 WARN  (DecompileCallback) Decompiling 09a7e488, pcode error at 09a7e488: Unable to disassemble EXTERNAL block location: 09a7e488  
2026-07-20 16:55:30 WARN  (DecompileCallback) Decompiling 09a7e490, pcode error at 09a7e490: Unable to disassemble EXTERNAL block location: 09a7e490  
2026-07-20 16:55:30 WARN  (DecompileCallback) Decompiling 09a7e498, pcode error at 09a7e498: Unable to disassemble EXTERNAL block location: 09a7e498  
2026-07-20 16:55:30 WARN  (DecompileCallback) Decompiling 09a7e4a0, pcode error at 09a7e4a0: Unable to disassemble EXTERNAL block location: 09a7e4a0  
2026-07-20 16:55:30 WARN  (DecompileCallback) Decompiling 09a7e4a8, pcode error at 09a7e4a8: Unable to disassemble EXTERNAL block location: 09a7e4a8  
2026-07-20 16:55:30 WARN  (DecompileCallback) Decompiling 09a7e4b0, pcode error at 09a7e4b0: Unable to disassemble EXTERNAL block location: 09a7e4b0  
2026-07-20 16:55:30 WARN  (DecompileCallback) Decompiling 09a7e4b8, pcode error at 09a7e4b8: Unable to disassemble EXTERNAL block location: 09a7e4b8  
2026-07-20 16:55:30 WARN  (DecompileCallback) Decompiling 09a7e4c0, pcode error at 09a7e4c0: Unable to disassemble EXTERNAL block location: 09a7e4c0  
2026-07-20 16:55:30 WARN  (DecompileCallback) Decompiling 09a7e4c8, pcode error at 09a7e4c8: Unable to disassemble EXTERNAL block location: 09a7e4c8  
2026-07-20 16:55:30 WARN  (DecompileCallback) Decompiling 09a7e4d0, pcode error at 09a7e4d0: Unable to disassemble EXTERNAL block location: 09a7e4d0  
2026-07-20 16:55:30 WARN  (DecompileCallback) Decompiling 09a7e4d8, pcode error at 09a7e4d8: Unable to disassemble EXTERNAL block location: 09a7e4d8  
2026-07-20 16:55:30 WARN  (DecompileCallback) Decompiling 09a7e4e0, pcode error at 09a7e4e0: Unable to disassemble EXTERNAL block location: 09a7e4e0  
2026-07-20 16:55:30 WARN  (DecompileCallback) Decompiling 09a7e4e8, pcode error at 09a7e4e8: Unable to disassemble EXTERNAL block location: 09a7e4e8  
2026-07-20 16:55:30 WARN  (DecompileCallback) Decompiling 09a7e4f0, pcode error at 09a7e4f0: Unable to disassemble EXTERNAL block location: 09a7e4f0  
2026-07-20 16:55:30 WARN  (DecompileCallback) Decompiling 09a7e4f8, pcode error at 09a7e4f8: Unable to disassemble EXTERNAL block location: 09a7e4f8  
2026-07-20 16:55:30 WARN  (DecompileCallback) Decompiling 09a7e500, pcode error at 09a7e500: Unable to disassemble EXTERNAL block location: 09a7e500  
2026-07-20 16:55:30 WARN  (DecompileCallback) Decompiling 09a7e508, pcode error at 09a7e508: Unable to disassemble EXTERNAL block location: 09a7e508  
2026-07-20 16:55:30 WARN  (DecompileCallback) Decompiling 09a7e510, pcode error at 09a7e510: Unable to disassemble EXTERNAL block location: 09a7e510  
2026-07-20 16:55:30 WARN  (DecompileCallback) Decompiling 09a7e518, pcode error at 09a7e518: Unable to disassemble EXTERNAL block location: 09a7e518  
2026-07-20 16:55:30 WARN  (DecompileCallback) Decompiling 09a7e520, pcode error at 09a7e520: Unable to disassemble EXTERNAL block location: 09a7e520  
2026-07-20 16:55:30 WARN  (DecompileCallback) Decompiling 09a7e528, pcode error at 09a7e528: Unable to disassemble EXTERNAL block location: 09a7e528  
2026-07-20 16:55:30 WARN  (DecompileCallback) Decompiling 09a7e538, pcode error at 09a7e538: Unable to disassemble EXTERNAL block location: 09a7e538  
2026-07-20 16:55:30 WARN  (DecompileCallback) Decompiling 09a7e540, pcode error at 09a7e540: Unable to disassemble EXTERNAL block location: 09a7e540  
2026-07-20 16:55:30 WARN  (DecompileCallback) Decompiling 09a7e548, pcode error at 09a7e548: Unable to disassemble EXTERNAL block location: 09a7e548  
2026-07-20 16:55:30 WARN  (DecompileCallback) Decompiling 09a7e550, pcode error at 09a7e550: Unable to disassemble EXTERNAL block location: 09a7e550  
2026-07-20 16:55:30 WARN  (DecompileCallback) Decompiling 09a7e558, pcode error at 09a7e558: Unable to disassemble EXTERNAL block location: 09a7e558  
2026-07-20 16:55:30 WARN  (DecompileCallback) Decompiling 09a7e560, pcode error at 09a7e560: Unable to disassemble EXTERNAL block location: 09a7e560  
2026-07-20 16:55:30 WARN  (DecompileCallback) Decompiling 09a7e568, pcode error at 09a7e568: Unable to disassemble EXTERNAL block location: 09a7e568  
2026-07-20 16:55:30 WARN  (DecompileCallback) Decompiling 09a7e570, pcode error at 09a7e570: Unable to disassemble EXTERNAL block location: 09a7e570  
2026-07-20 16:55:30 WARN  (DecompileCallback) Decompiling 09a7e578, pcode error at 09a7e578: Unable to disassemble EXTERNAL block location: 09a7e578  
2026-07-20 16:55:30 WARN  (DecompileCallback) Decompiling 09a7e580, pcode error at 09a7e580: Unable to disassemble EXTERNAL block location: 09a7e580  
2026-07-20 16:55:30 WARN  (DecompileCallback) Decompiling 09a7e588, pcode error at 09a7e588: Unable to disassemble EXTERNAL block location: 09a7e588  
2026-07-20 16:55:30 WARN  (DecompileCallback) Decompiling 09a7e590, pcode error at 09a7e590: Unable to disassemble EXTERNAL block location: 09a7e590  
2026-07-20 16:55:30 WARN  (DecompileCallback) Decompiling 09a7e598, pcode error at 09a7e598: Unable to disassemble EXTERNAL block location: 09a7e598  
2026-07-20 16:55:30 WARN  (DecompileCallback) Decompiling 09a7e5a0, pcode error at 09a7e5a0: Unable to disassemble EXTERNAL block location: 09a7e5a0  
2026-07-20 16:55:30 WARN  (DecompileCallback) Decompiling 09a7e5a8, pcode error at 09a7e5a8: Unable to disassemble EXTERNAL block location: 09a7e5a8  
2026-07-20 16:55:30 WARN  (DecompileCallback) Decompiling 09a7e5b0, pcode error at 09a7e5b0: Unable to disassemble EXTERNAL block location: 09a7e5b0  
2026-07-20 16:55:30 WARN  (DecompileCallback) Decompiling 09a7e5b8, pcode error at 09a7e5b8: Unable to disassemble EXTERNAL block location: 09a7e5b8  
2026-07-20 16:55:30 WARN  (DecompileCallback) Decompiling 09a7e5c0, pcode error at 09a7e5c0: Unable to disassemble EXTERNAL block location: 09a7e5c0  
2026-07-20 16:55:30 WARN  (DecompileCallback) Decompiling 09a7e5c8, pcode error at 09a7e5c8: Unable to disassemble EXTERNAL block location: 09a7e5c8  
2026-07-20 16:55:30 WARN  (DecompileCallback) Decompiling 09a7e5d0, pcode error at 09a7e5d0: Unable to disassemble EXTERNAL block location: 09a7e5d0  
2026-07-20 16:55:30 WARN  (DecompileCallback) Decompiling 09a7e5d8, pcode error at 09a7e5d8: Unable to disassemble EXTERNAL block location: 09a7e5d8  
2026-07-20 16:55:30 WARN  (DecompileCallback) Decompiling 09a7e5e0, pcode error at 09a7e5e0: Unable to disassemble EXTERNAL block location: 09a7e5e0  
2026-07-20 16:55:30 WARN  (DecompileCallback) Decompiling 09a7e5e8, pcode error at 09a7e5e8: Unable to disassemble EXTERNAL block location: 09a7e5e8  
2026-07-20 16:55:30 WARN  (DecompileCallback) Decompiling 09a7e5f0, pcode error at 09a7e5f0: Unable to disassemble EXTERNAL block location: 09a7e5f0  
2026-07-20 16:55:30 WARN  (DecompileCallback) Decompiling 09a7e5f8, pcode error at 09a7e5f8: Unable to disassemble EXTERNAL block location: 09a7e5f8  
2026-07-20 16:55:30 WARN  (DecompileCallback) Decompiling 09a7e600, pcode error at 09a7e600: Unable to disassemble EXTERNAL block location: 09a7e600  
2026-07-20 16:55:30 WARN  (DecompileCallback) Decompiling 09a7e608, pcode error at 09a7e608: Unable to disassemble EXTERNAL block location: 09a7e608  
2026-07-20 16:55:30 WARN  (DecompileCallback) Decompiling 09a7e610, pcode error at 09a7e610: Unable to disassemble EXTERNAL block location: 09a7e610  
2026-07-20 16:55:30 WARN  (DecompileCallback) Decompiling 09a7e618, pcode error at 09a7e618: Unable to disassemble EXTERNAL block location: 09a7e618  
2026-07-20 16:55:30 WARN  (DecompileCallback) Decompiling 09a7e620, pcode error at 09a7e620: Unable to disassemble EXTERNAL block location: 09a7e620  
2026-07-20 16:55:30 WARN  (DecompileCallback) Decompiling 09a7e628, pcode error at 09a7e628: Unable to disassemble EXTERNAL block location: 09a7e628  
2026-07-20 16:55:30 WARN  (DecompileCallback) Decompiling 09a7e630, pcode error at 09a7e630: Unable to disassemble EXTERNAL block location: 09a7e630  
2026-07-20 16:55:30 WARN  (DecompileCallback) Decompiling 09a7e638, pcode error at 09a7e638: Unable to disassemble EXTERNAL block location: 09a7e638  
2026-07-20 16:55:30 WARN  (DecompileCallback) Decompiling 09a7e640, pcode error at 09a7e640: Unable to disassemble EXTERNAL block location: 09a7e640  
2026-07-20 16:55:30 WARN  (DecompileCallback) Decompiling 09a7e648, pcode error at 09a7e648: Unable to disassemble EXTERNAL block location: 09a7e648  
2026-07-20 16:55:30 WARN  (DecompileCallback) Decompiling 09a7e650, pcode error at 09a7e650: Unable to disassemble EXTERNAL block location: 09a7e650  
2026-07-20 16:55:30 WARN  (DecompileCallback) Decompiling 09a7e658, pcode error at 09a7e658: Unable to disassemble EXTERNAL block location: 09a7e658  
2026-07-20 16:55:30 WARN  (DecompileCallback) Decompiling 09a7e660, pcode error at 09a7e660: Unable to disassemble EXTERNAL block location: 09a7e660  
2026-07-20 16:55:30 WARN  (DecompileCallback) Decompiling 09a7e668, pcode error at 09a7e668: Unable to disassemble EXTERNAL block location: 09a7e668  
2026-07-20 16:55:30 WARN  (DecompileCallback) Decompiling 09a7e670, pcode error at 09a7e670: Unable to disassemble EXTERNAL block location: 09a7e670  
2026-07-20 16:55:30 WARN  (DecompileCallback) Decompiling 09a7e678, pcode error at 09a7e678: Unable to disassemble EXTERNAL block location: 09a7e678  
2026-07-20 16:55:30 WARN  (DecompileCallback) Decompiling 09a7e680, pcode error at 09a7e680: Unable to disassemble EXTERNAL block location: 09a7e680  
2026-07-20 16:55:30 WARN  (DecompileCallback) Decompiling 09a7e688, pcode error at 09a7e688: Unable to disassemble EXTERNAL block location: 09a7e688  
2026-07-20 16:55:30 WARN  (DecompileCallback) Decompiling 09a7e690, pcode error at 09a7e690: Unable to disassemble EXTERNAL block location: 09a7e690  
2026-07-20 16:55:30 WARN  (DecompileCallback) Decompiling 09a7e698, pcode error at 09a7e698: Unable to disassemble EXTERNAL block location: 09a7e698  
2026-07-20 16:55:30 WARN  (DecompileCallback) Decompiling 09a7e6a0, pcode error at 09a7e6a0: Unable to disassemble EXTERNAL block location: 09a7e6a0  
2026-07-20 16:55:30 WARN  (DecompileCallback) Decompiling 09a7e6a8, pcode error at 09a7e6a8: Unable to disassemble EXTERNAL block location: 09a7e6a8  
2026-07-20 16:55:30 WARN  (DecompileCallback) Decompiling 09a7e6b0, pcode error at 09a7e6b0: Unable to disassemble EXTERNAL block location: 09a7e6b0  
2026-07-20 16:55:30 WARN  (DecompileCallback) Decompiling 09a7e6b8, pcode error at 09a7e6b8: Unable to disassemble EXTERNAL block location: 09a7e6b8  
2026-07-20 16:55:30 WARN  (DecompileCallback) Decompiling 09a7e6c0, pcode error at 09a7e6c0: Unable to disassemble EXTERNAL block location: 09a7e6c0  
2026-07-20 16:55:30 WARN  (DecompileCallback) Decompiling 09a7e6c8, pcode error at 09a7e6c8: Unable to disassemble EXTERNAL block location: 09a7e6c8  
2026-07-20 16:55:30 WARN  (DecompileCallback) Decompiling 09a7e6d0, pcode error at 09a7e6d0: Unable to disassemble EXTERNAL block location: 09a7e6d0  
2026-07-20 16:55:30 WARN  (DecompileCallback) Decompiling 09a7e6d8, pcode error at 09a7e6d8: Unable to disassemble EXTERNAL block location: 09a7e6d8  
2026-07-20 16:55:30 WARN  (DecompileCallback) Decompiling 09a7e6e0, pcode error at 09a7e6e0: Unable to disassemble EXTERNAL block location: 09a7e6e0  
2026-07-20 16:55:30 WARN  (DecompileCallback) Decompiling 09a7e6e8, pcode error at 09a7e6e8: Unable to disassemble EXTERNAL block location: 09a7e6e8  
2026-07-20 16:55:30 WARN  (DecompileCallback) Decompiling 09a7e6f0, pcode error at 09a7e6f0: Unable to disassemble EXTERNAL block location: 09a7e6f0  
2026-07-20 16:55:30 WARN  (DecompileCallback) Decompiling 09a7e6f8, pcode error at 09a7e6f8: Unable to disassemble EXTERNAL block location: 09a7e6f8  
2026-07-20 16:55:30 WARN  (DecompileCallback) Decompiling 09a7e700, pcode error at 09a7e700: Unable to disassemble EXTERNAL block location: 09a7e700  
2026-07-20 16:55:30 WARN  (DecompileCallback) Decompiling 09a7e708, pcode error at 09a7e708: Unable to disassemble EXTERNAL block location: 09a7e708  
2026-07-20 16:55:30 WARN  (DecompileCallback) Decompiling 09a7e710, pcode error at 09a7e710: Unable to disassemble EXTERNAL block location: 09a7e710  
2026-07-20 16:55:30 WARN  (DecompileCallback) Decompiling 09a7e718, pcode error at 09a7e718: Unable to disassemble EXTERNAL block location: 09a7e718  
2026-07-20 16:55:30 WARN  (DecompileCallback) Decompiling 09a7e720, pcode error at 09a7e720: Unable to disassemble EXTERNAL block location: 09a7e720  
2026-07-20 16:55:30 WARN  (DecompileCallback) Decompiling 09a7e728, pcode error at 09a7e728: Unable to disassemble EXTERNAL block location: 09a7e728  
2026-07-20 16:55:30 WARN  (DecompileCallback) Decompiling 09a7e730, pcode error at 09a7e730: Unable to disassemble EXTERNAL block location: 09a7e730  
2026-07-20 16:55:30 WARN  (DecompileCallback) Decompiling 09a7e738, pcode error at 09a7e738: Unable to disassemble EXTERNAL block location: 09a7e738  
2026-07-20 16:55:30 WARN  (DecompileCallback) Decompiling 09a7e740, pcode error at 09a7e740: Unable to disassemble EXTERNAL block location: 09a7e740  
2026-07-20 16:55:30 WARN  (DecompileCallback) Decompiling 09a7e748, pcode error at 09a7e748: Unable to disassemble EXTERNAL block location: 09a7e748  
2026-07-20 16:55:30 WARN  (DecompileCallback) Decompiling 09a7e750, pcode error at 09a7e750: Unable to disassemble EXTERNAL block location: 09a7e750  
2026-07-20 16:55:30 WARN  (DecompileCallback) Decompiling 09a7e758, pcode error at 09a7e758: Unable to disassemble EXTERNAL block location: 09a7e758  
2026-07-20 16:55:30 WARN  (DecompileCallback) Decompiling 09a7e760, pcode error at 09a7e760: Unable to disassemble EXTERNAL block location: 09a7e760  
2026-07-20 16:55:30 WARN  (DecompileCallback) Decompiling 09a7e768, pcode error at 09a7e768: Unable to disassemble EXTERNAL block location: 09a7e768  
2026-07-20 16:55:30 WARN  (DecompileCallback) Decompiling 09a7e770, pcode error at 09a7e770: Unable to disassemble EXTERNAL block location: 09a7e770  
2026-07-20 16:55:30 WARN  (DecompileCallback) Decompiling 09a7e778, pcode error at 09a7e778: Unable to disassemble EXTERNAL block location: 09a7e778  
2026-07-20 16:55:30 WARN  (DecompileCallback) Decompiling 09a7e780, pcode error at 09a7e780: Unable to disassemble EXTERNAL block location: 09a7e780  
2026-07-20 16:55:30 WARN  (DecompileCallback) Decompiling 09a7e788, pcode error at 09a7e788: Unable to disassemble EXTERNAL block location: 09a7e788  
2026-07-20 16:55:30 WARN  (DecompileCallback) Decompiling 09a7e790, pcode error at 09a7e790: Unable to disassemble EXTERNAL block location: 09a7e790  
2026-07-20 16:55:30 WARN  (DecompileCallback) Decompiling 09a7e798, pcode error at 09a7e798: Unable to disassemble EXTERNAL block location: 09a7e798  
2026-07-20 16:55:30 WARN  (DecompileCallback) Decompiling 09a7e7a0, pcode error at 09a7e7a0: Unable to disassemble EXTERNAL block location: 09a7e7a0  
2026-07-20 16:55:30 WARN  (DecompileCallback) Decompiling 09a7e7a8, pcode error at 09a7e7a8: Unable to disassemble EXTERNAL block location: 09a7e7a8  
2026-07-20 16:55:30 WARN  (DecompileCallback) Decompiling 09a7e7b0, pcode error at 09a7e7b0: Unable to disassemble EXTERNAL block location: 09a7e7b0  
2026-07-20 16:55:30 WARN  (DecompileCallback) Decompiling 09a7e7b8, pcode error at 09a7e7b8: Unable to disassemble EXTERNAL block location: 09a7e7b8  
2026-07-20 16:55:30 WARN  (DecompileCallback) Decompiling 09a7e7c0, pcode error at 09a7e7c0: Unable to disassemble EXTERNAL block location: 09a7e7c0  
2026-07-20 16:55:30 WARN  (DecompileCallback) Decompiling 09a7e7c8, pcode error at 09a7e7c8: Unable to disassemble EXTERNAL block location: 09a7e7c8  
2026-07-20 16:55:30 WARN  (DecompileCallback) Decompiling 09a7e7d0, pcode error at 09a7e7d0: Unable to disassemble EXTERNAL block location: 09a7e7d0  
2026-07-20 16:55:30 WARN  (DecompileCallback) Decompiling 09a7e7d8, pcode error at 09a7e7d8: Unable to disassemble EXTERNAL block location: 09a7e7d8  
2026-07-20 16:55:30 WARN  (DecompileCallback) Decompiling 09a7e7e0, pcode error at 09a7e7e0: Unable to disassemble EXTERNAL block location: 09a7e7e0  
2026-07-20 16:55:30 WARN  (DecompileCallback) Decompiling 09a7e7e8, pcode error at 09a7e7e8: Unable to disassemble EXTERNAL block location: 09a7e7e8  
2026-07-20 16:55:30 WARN  (DecompileCallback) Decompiling 09a7e7f0, pcode error at 09a7e7f0: Unable to disassemble EXTERNAL block location: 09a7e7f0  
2026-07-20 16:55:30 WARN  (DecompileCallback) Decompiling 09a7e7f8, pcode error at 09a7e7f8: Unable to disassemble EXTERNAL block location: 09a7e7f8  
2026-07-20 16:55:30 WARN  (DecompileCallback) Decompiling 09a7e800, pcode error at 09a7e800: Unable to disassemble EXTERNAL block location: 09a7e800  
2026-07-20 16:55:30 WARN  (DecompileCallback) Decompiling 09a7e808, pcode error at 09a7e808: Unable to disassemble EXTERNAL block location: 09a7e808  
2026-07-20 16:55:30 WARN  (DecompileCallback) Decompiling 09a7e810, pcode error at 09a7e810: Unable to disassemble EXTERNAL block location: 09a7e810  
2026-07-20 16:55:30 WARN  (DecompileCallback) Decompiling 09a7e818, pcode error at 09a7e818: Unable to disassemble EXTERNAL block location: 09a7e818  
2026-07-20 16:55:30 WARN  (DecompileCallback) Decompiling 09a7e820, pcode error at 09a7e820: Unable to disassemble EXTERNAL block location: 09a7e820  
2026-07-20 16:55:30 WARN  (DecompileCallback) Decompiling 09a7e828, pcode error at 09a7e828: Unable to disassemble EXTERNAL block location: 09a7e828  
2026-07-20 16:55:30 WARN  (DecompileCallback) Decompiling 09a7e830, pcode error at 09a7e830: Unable to disassemble EXTERNAL block location: 09a7e830  
2026-07-20 16:55:30 WARN  (DecompileCallback) Decompiling 09a7e838, pcode error at 09a7e838: Unable to disassemble EXTERNAL block location: 09a7e838  
2026-07-20 16:55:30 WARN  (DecompileCallback) Decompiling 09a7e840, pcode error at 09a7e840: Unable to disassemble EXTERNAL block location: 09a7e840  
2026-07-20 16:55:30 WARN  (DecompileCallback) Decompiling 09a7e848, pcode error at 09a7e848: Unable to disassemble EXTERNAL block location: 09a7e848  
2026-07-20 16:55:30 WARN  (DecompileCallback) Decompiling 09a7e850, pcode error at 09a7e850: Unable to disassemble EXTERNAL block location: 09a7e850  
2026-07-20 16:55:30 WARN  (DecompileCallback) Decompiling 09a7e858, pcode error at 09a7e858: Unable to disassemble EXTERNAL block location: 09a7e858  
2026-07-20 16:55:30 WARN  (DecompileCallback) Decompiling 09a7e860, pcode error at 09a7e860: Unable to disassemble EXTERNAL block location: 09a7e860  
2026-07-20 16:55:30 WARN  (DecompileCallback) Decompiling 09a7e868, pcode error at 09a7e868: Unable to disassemble EXTERNAL block location: 09a7e868  
2026-07-20 16:55:30 WARN  (DecompileCallback) Decompiling 09a7e870, pcode error at 09a7e870: Unable to disassemble EXTERNAL block location: 09a7e870  
2026-07-20 16:55:30 WARN  (DecompileCallback) Decompiling 09a7e878, pcode error at 09a7e878: Unable to disassemble EXTERNAL block location: 09a7e878  
2026-07-20 16:55:30 WARN  (DecompileCallback) Decompiling 09a7e880, pcode error at 09a7e880: Unable to disassemble EXTERNAL block location: 09a7e880  
2026-07-20 16:55:30 WARN  (DecompileCallback) Decompiling 09a7e888, pcode error at 09a7e888: Unable to disassemble EXTERNAL block location: 09a7e888  
2026-07-20 16:55:30 WARN  (DecompileCallback) Decompiling 09a7e890, pcode error at 09a7e890: Unable to disassemble EXTERNAL block location: 09a7e890  
2026-07-20 16:55:30 WARN  (DecompileCallback) Decompiling 09a7e898, pcode error at 09a7e898: Unable to disassemble EXTERNAL block location: 09a7e898  
2026-07-20 16:55:30 WARN  (DecompileCallback) Decompiling 09a7e8a0, pcode error at 09a7e8a0: Unable to disassemble EXTERNAL block location: 09a7e8a0  
2026-07-20 16:55:30 WARN  (DecompileCallback) Decompiling 09a7e8a8, pcode error at 09a7e8a8: Unable to disassemble EXTERNAL block location: 09a7e8a8  
2026-07-20 16:55:30 WARN  (DecompileCallback) Decompiling 09a7e8b0, pcode error at 09a7e8b0: Unable to disassemble EXTERNAL block location: 09a7e8b0  
2026-07-20 16:55:30 WARN  (DecompileCallback) Decompiling 09a7e8b8, pcode error at 09a7e8b8: Unable to disassemble EXTERNAL block location: 09a7e8b8  
2026-07-20 16:55:30 WARN  (DecompileCallback) Decompiling 09a7e8c0, pcode error at 09a7e8c0: Unable to disassemble EXTERNAL block location: 09a7e8c0  
2026-07-20 16:55:30 WARN  (DecompileCallback) Decompiling 09a7e8c8, pcode error at 09a7e8c8: Unable to disassemble EXTERNAL block location: 09a7e8c8  
2026-07-20 16:55:30 WARN  (DecompileCallback) Decompiling 09a7e8d0, pcode error at 09a7e8d0: Unable to disassemble EXTERNAL block location: 09a7e8d0  
2026-07-20 16:55:30 WARN  (DecompileCallback) Decompiling 09a7e8d8, pcode error at 09a7e8d8: Unable to disassemble EXTERNAL block location: 09a7e8d8  
2026-07-20 16:55:30 WARN  (DecompileCallback) Decompiling 09a7e8e0, pcode error at 09a7e8e0: Unable to disassemble EXTERNAL block location: 09a7e8e0  
2026-07-20 16:55:30 WARN  (DecompileCallback) Decompiling 09a7e8e8, pcode error at 09a7e8e8: Unable to disassemble EXTERNAL block location: 09a7e8e8  
2026-07-20 16:55:30 WARN  (DecompileCallback) Decompiling 09a7e8f0, pcode error at 09a7e8f0: Unable to disassemble EXTERNAL block location: 09a7e8f0  
2026-07-20 16:55:30 WARN  (DecompileCallback) Decompiling 09a7e8f8, pcode error at 09a7e8f8: Unable to disassemble EXTERNAL block location: 09a7e8f8  
2026-07-20 16:55:30 WARN  (DecompileCallback) Decompiling 09a7e900, pcode error at 09a7e900: Unable to disassemble EXTERNAL block location: 09a7e900  
2026-07-20 16:55:30 WARN  (DecompileCallback) Decompiling 09a7e908, pcode error at 09a7e908: Unable to disassemble EXTERNAL block location: 09a7e908  
2026-07-20 16:55:30 WARN  (DecompileCallback) Decompiling 09a7e910, pcode error at 09a7e910: Unable to disassemble EXTERNAL block location: 09a7e910  
2026-07-20 16:55:30 WARN  (DecompileCallback) Decompiling 09a7e918, pcode error at 09a7e918: Unable to disassemble EXTERNAL block location: 09a7e918  
2026-07-20 16:55:30 WARN  (DecompileCallback) Decompiling 09a7e920, pcode error at 09a7e920: Unable to disassemble EXTERNAL block location: 09a7e920  
2026-07-20 16:55:30 WARN  (DecompileCallback) Decompiling 09a7e928, pcode error at 09a7e928: Unable to disassemble EXTERNAL block location: 09a7e928  
2026-07-20 16:55:30 WARN  (DecompileCallback) Decompiling 09a7e930, pcode error at 09a7e930: Unable to disassemble EXTERNAL block location: 09a7e930  
2026-07-20 16:55:30 WARN  (DecompileCallback) Decompiling 09a7e938, pcode error at 09a7e938: Unable to disassemble EXTERNAL block location: 09a7e938  
2026-07-20 16:55:30 WARN  (DecompileCallback) Decompiling 09a7e940, pcode error at 09a7e940: Unable to disassemble EXTERNAL block location: 09a7e940  
2026-07-20 16:55:30 INFO  (GhidraScript) GeneralStructureEyePatternScan.java> General structure scan complete.  
2026-07-20 16:55:30 INFO  (GhidraScript) GeneralStructureEyePatternScan.java> Total functions scanned: 1002323  
2026-07-20 16:55:30 INFO  (GhidraScript) GeneralStructureEyePatternScan.java> Exported functions: 1926  
2026-07-20 16:55:30 INFO  (GhidraScript) GeneralStructureEyePatternScan.java> Decompile failures: 3687  
2026-07-20 16:55:30 INFO  (GhidraScript) GeneralStructureEyePatternScan.java> Report CSV: C:\realDesktop\manifest-evaluations\summer-26\ghidra-pipeline\il2cpp-files\padelvrtraining\general-structure-results\structure_scan_report.csv  
2026-07-20 16:55:30 INFO  (GhidraScript) GeneralStructureEyePatternScan.java> Report JSON: C:\realDesktop\manifest-evaluations\summer-26\ghidra-pipeline\il2cpp-files\padelvrtraining\general-structure-results\structure_scan_report.json  
2026-07-20 16:55:30 INFO  (HeadlessAnalyzer) REPORT: Save succeeded for processed file: /padelvrtraining-libil2cpp.so  
