2026-07-13 07:52:46 INFO  (LoggingInitialization) Using log config file: jar:file:/C:/Users/kimgiordano27/Downloads/ghidra_12.1.2_PUBLIC_20260605/ghidra_12.1.2_PUBLIC/Ghidra/Framework/Generic/lib/Generic.jar!/generic.log4j.xml  
2026-07-13 07:52:46 INFO  (LoggingInitialization) Using log file: C:\realDesktop\manifest-evaluations\summer-26\ghidra-pipeline\il2cpp-files\DiscGolf\general-structure-ghidra.log  
2026-07-13 07:52:46 DEBUG (GhidraObjectInputFilter) Including serial input filter: FileSystem/data/client.rmi.serial.filter  
2026-07-13 07:52:46 INFO  (Preferences) Loading user preferences: C:\Users\kimgiordano27\AppData\Roaming\ghidra\ghidra_12.1.2_PUBLIC\preferences  
2026-07-13 07:52:46 INFO  (ClassSearcher) Searching for classes...  
2026-07-13 07:52:47 INFO  (ClassSearcher) Class search complete (622 ms)  
2026-07-13 07:52:47 INFO  (DefaultSSLContextInitializer) Initializing SSL Context  
2026-07-13 07:52:47 INFO  (SecureRandomFactory) Initializing Random Number Generator...  
2026-07-13 07:52:47 INFO  (SecureRandomFactory) Random Number Generator initialization complete: SHA1PRNG  
2026-07-13 07:52:47 INFO  (DefaultTrustManagerFactory) Trust manager disabled, cacerts have not been set  
2026-07-13 07:52:47 INFO  (FileCacheMaintenanceDaemon) Starting cache cleanup: C:\Users\kimgiordano27\AppData\Local\ghidra\fscache2  
2026-07-13 07:52:47 INFO  (FileCacheMaintenanceDaemon) Finished cache cleanup, estimated storage used: 0  
2026-07-13 07:52:47 INFO  (AnalyzeHeadless) Headless startup complete (2015 ms)  
2026-07-13 07:52:47 INFO  (ClassSearcher) Class searcher loaded 59 extension points (20 false positives)  
2026-07-13 07:52:47 INFO  (HeadlessAnalyzer) HEADLESS Script Paths:
    C:\Users\kimgiordano27\Downloads\ghidra_12.1.2_PUBLIC_20260605\ghidra_12.1.2_PUBLIC\Ghidra\Features\DecompilerDependent\ghidra_scripts
    C:\Users\kimgiordano27\Downloads\ghidra_12.1.2_PUBLIC_20260605\ghidra_12.1.2_PUBLIC\Ghidra\Processors\Atmel\ghidra_scripts
    C:\Users\kimgiordano27\Downloads\ghidra_12.1.2_PUBLIC_20260605\ghidra_12.1.2_PUBLIC\Ghidra\Processors\PIC\ghidra_scripts
    C:\Users\kimgiordano27\Downloads\ghidra_12.1.2_PUBLIC_20260605\ghidra_12.1.2_PUBLIC\Ghidra\Features\VersionTracking\ghidra_scripts
    C:\Users\kimgiordano27\Downloads\ghidra_12.1.2_PUBLIC_20260605\ghidra_12.1.2_PUBLIC\Ghidra\Features\BytePatterns\ghidra_scripts
    C:\Users\kimgiordano27\ghidra_scripts
    C:\Users\kimgiordano27\Downloads\ghidra_12.1.2_PUBLIC_20260605\ghidra_12.1.2_PUBLIC\Ghidra\Features\BSim\ghidra_scripts
    C:\realDesktop\manifest-evaluations\summer-26\ghidra-pipeline\ghidra-export-scripts
    C:\Users\kimgiordano27\Downloads\ghidra_12.1.2_PUBLIC_20260605\ghidra_12.1.2_PUBLIC\Ghidra\Processors\JVM\ghidra_scripts
    C:\Users\kimgiordano27\Downloads\ghidra_12.1.2_PUBLIC_20260605\ghidra_12.1.2_PUBLIC\Ghidra\Features\Base\ghidra_scripts
    C:\Users\kimgiordano27\Downloads\ghidra_12.1.2_PUBLIC_20260605\ghidra_12.1.2_PUBLIC\Ghidra\Features\SwiftDemangler\ghidra_scripts
    C:\Users\kimgiordano27\Downloads\ghidra_12.1.2_PUBLIC_20260605\ghidra_12.1.2_PUBLIC\Ghidra\Features\WildcardAssembler\ghidra_scripts
    C:\Users\kimgiordano27\Downloads\ghidra_12.1.2_PUBLIC_20260605\ghidra_12.1.2_PUBLIC\Ghidra\Features\FileFormats\ghidra_scripts
    C:\Users\kimgiordano27\Downloads\ghidra_12.1.2_PUBLIC_20260605\ghidra_12.1.2_PUBLIC\Ghidra\Features\Decompiler\ghidra_scripts
    C:\Users\kimgiordano27\Downloads\ghidra_12.1.2_PUBLIC_20260605\ghidra_12.1.2_PUBLIC\Ghidra\Features\SystemEmulation\ghidra_scripts
    C:\Users\kimgiordano27\Downloads\ghidra_12.1.2_PUBLIC_20260605\ghidra_12.1.2_PUBLIC\Ghidra\Processors\8051\ghidra_scripts
    C:\Users\kimgiordano27\Downloads\ghidra_12.1.2_PUBLIC_20260605\ghidra_12.1.2_PUBLIC\Ghidra\Features\GnuDemangler\ghidra_scripts
    C:\Users\kimgiordano27\Downloads\ghidra_12.1.2_PUBLIC_20260605\ghidra_12.1.2_PUBLIC\Ghidra\Debug\Debugger\ghidra_scripts
    C:\Users\kimgiordano27\Downloads\ghidra_12.1.2_PUBLIC_20260605\ghidra_12.1.2_PUBLIC\Ghidra\Processors\DATA\ghidra_scripts
    C:\Users\kimgiordano27\Downloads\ghidra_12.1.2_PUBLIC_20260605\ghidra_12.1.2_PUBLIC\Ghidra\Debug\Debugger-rmi-trace\ghidra_scripts
    C:\Users\kimgiordano27\Downloads\ghidra_12.1.2_PUBLIC_20260605\ghidra_12.1.2_PUBLIC\Ghidra\Features\FunctionID\ghidra_scripts
    C:\Users\kimgiordano27\Downloads\ghidra_12.1.2_PUBLIC_20260605\ghidra_12.1.2_PUBLIC\Ghidra\Features\MicrosoftCodeAnalyzer\ghidra_scripts
    C:\Users\kimgiordano27\Downloads\ghidra_12.1.2_PUBLIC_20260605\ghidra_12.1.2_PUBLIC\Ghidra\Features\PDB\ghidra_scripts
    C:\Users\kimgiordano27\AppData\Roaming\ghidra\ghidra_12.1.2_PUBLIC\Extensions\Jython\ghidra_scripts
    C:\Users\kimgiordano27\Downloads\ghidra_12.1.2_PUBLIC_20260605\ghidra_12.1.2_PUBLIC\Ghidra\Features\PyGhidra\ghidra_scripts  
2026-07-13 07:52:47 INFO  (HeadlessAnalyzer) HEADLESS: execution starts  
2026-07-13 07:52:47 INFO  (HeadlessAnalyzer) Opening existing project: C:\realDesktop\manifest-evaluations\summer-26\ghidra-pipeline\il2cpp-files\DiscGolf\ghidra-project-DiscGolf\DiscGolf  
2026-07-13 07:52:47 INFO  (HeadlessProject) Opening project: C:\realDesktop\manifest-evaluations\summer-26\ghidra-pipeline\il2cpp-files\DiscGolf\ghidra-project-DiscGolf\DiscGolf  
2026-07-13 07:52:47 INFO  (LocalFileSystem) /DiscGolf-libil2cpp.so: checkout (2) granted (kimgiordano27)  
2026-07-13 07:52:52 INFO  (HeadlessAnalyzer) REPORT: Processing project file: /DiscGolf-libil2cpp.so  
2026-07-13 07:52:52 INFO  (HeadlessAnalyzer) REPORT: Execute script: GeneralStructureEyePatternScan.java 'C:\realDesktop\manifest-evaluations\summer-26\ghidra-pipeline\il2cpp-files\DiscGolf\general-structure-results' '70' 'false'   
2026-07-13 07:52:52 INFO  (HeadlessAnalyzer) SCRIPT: C:\realDesktop\manifest-evaluations\summer-26\ghidra-pipeline\ghidra-export-scripts\GeneralStructureEyePatternScan.java  
2026-07-13 07:52:52 INFO  (GhidraScript) GeneralStructureEyePatternScan.java> General structure scan starting...  
2026-07-13 07:52:52 INFO  (GhidraScript) GeneralStructureEyePatternScan.java> Output: C:\realDesktop\manifest-evaluations\summer-26\ghidra-pipeline\il2cpp-files\DiscGolf\general-structure-results  
2026-07-13 07:52:52 INFO  (GhidraScript) GeneralStructureEyePatternScan.java> Minimum review score: 70  
2026-07-13 07:52:52 INFO  (GhidraScript) GeneralStructureEyePatternScan.java> Export all: false  
2026-07-13 07:53:10 INFO  (GhidraScript) GeneralStructureEyePatternScan.java> Scanned 10000 functions. Exported so far: 0  
2026-07-13 07:53:19 INFO  (GhidraScript) GeneralStructureEyePatternScan.java> Scanned 20000 functions. Exported so far: 0  
2026-07-13 07:53:31 INFO  (GhidraScript) GeneralStructureEyePatternScan.java> Scanned 30000 functions. Exported so far: 0  
2026-07-13 07:53:48 INFO  (GhidraScript) GeneralStructureEyePatternScan.java> Scanned 40000 functions. Exported so far: 0  
2026-07-13 07:54:06 INFO  (GhidraScript) GeneralStructureEyePatternScan.java> Scanned 50000 functions. Exported so far: 0  
2026-07-13 07:54:22 INFO  (GhidraScript) GeneralStructureEyePatternScan.java> Scanned 60000 functions. Exported so far: 0  
2026-07-13 07:54:42 INFO  (GhidraScript) GeneralStructureEyePatternScan.java> Scanned 70000 functions. Exported so far: 0  
2026-07-13 07:55:00 INFO  (GhidraScript) GeneralStructureEyePatternScan.java> Scanned 80000 functions. Exported so far: 0  
2026-07-13 07:55:16 INFO  (GhidraScript) GeneralStructureEyePatternScan.java> Scanned 90000 functions. Exported so far: 0  
2026-07-13 07:55:34 INFO  (GhidraScript) GeneralStructureEyePatternScan.java> Scanned 100000 functions. Exported so far: 0  
2026-07-13 07:55:54 INFO  (GhidraScript) GeneralStructureEyePatternScan.java> Scanned 110000 functions. Exported so far: 0  
2026-07-13 07:56:14 INFO  (GhidraScript) GeneralStructureEyePatternScan.java> Scanned 120000 functions. Exported so far: 0  
2026-07-13 07:56:32 INFO  (GhidraScript) GeneralStructureEyePatternScan.java> Scanned 130000 functions. Exported so far: 1  
2026-07-13 07:56:58 INFO  (GhidraScript) GeneralStructureEyePatternScan.java> Scanned 140000 functions. Exported so far: 3  
2026-07-13 07:58:49 INFO  (GhidraScript) GeneralStructureEyePatternScan.java> Scanned 150000 functions. Exported so far: 7  
2026-07-13 11:03:51 INFO  (LoggingInitialization) Using log config file: jar:file:/C:/Users/kimgiordano27/Downloads/ghidra_12.1.2_PUBLIC_20260605/ghidra_12.1.2_PUBLIC/Ghidra/Framework/Generic/lib/Generic.jar!/generic.log4j.xml  
2026-07-13 11:03:51 INFO  (LoggingInitialization) Using log file: C:\realDesktop\manifest-evaluations\summer-26\ghidra-pipeline\il2cpp-files\DiscGolf\general-structure-ghidra.log  
2026-07-13 11:03:51 DEBUG (GhidraObjectInputFilter) Including serial input filter: FileSystem/data/client.rmi.serial.filter  
2026-07-13 11:03:51 INFO  (Preferences) Loading user preferences: C:\Users\kimgiordano27\AppData\Roaming\ghidra\ghidra_12.1.2_PUBLIC\preferences  
2026-07-13 11:03:51 INFO  (ClassSearcher) Searching for classes...  
2026-07-13 11:03:52 INFO  (ClassSearcher) Class search complete (624 ms)  
2026-07-13 11:03:52 INFO  (DefaultSSLContextInitializer) Initializing SSL Context  
2026-07-13 11:03:52 INFO  (SecureRandomFactory) Initializing Random Number Generator...  
2026-07-13 11:03:52 INFO  (SecureRandomFactory) Random Number Generator initialization complete: SHA1PRNG  
2026-07-13 11:03:52 INFO  (DefaultTrustManagerFactory) Trust manager disabled, cacerts have not been set  
2026-07-13 11:03:52 INFO  (AnalyzeHeadless) Headless startup complete (6297 ms)  
2026-07-13 11:03:52 INFO  (ClassSearcher) Class searcher loaded 59 extension points (20 false positives)  
2026-07-13 11:03:52 INFO  (HeadlessAnalyzer) HEADLESS Script Paths:
    C:\Users\kimgiordano27\Downloads\ghidra_12.1.2_PUBLIC_20260605\ghidra_12.1.2_PUBLIC\Ghidra\Features\DecompilerDependent\ghidra_scripts
    C:\Users\kimgiordano27\Downloads\ghidra_12.1.2_PUBLIC_20260605\ghidra_12.1.2_PUBLIC\Ghidra\Processors\Atmel\ghidra_scripts
    C:\Users\kimgiordano27\Downloads\ghidra_12.1.2_PUBLIC_20260605\ghidra_12.1.2_PUBLIC\Ghidra\Processors\PIC\ghidra_scripts
    C:\Users\kimgiordano27\Downloads\ghidra_12.1.2_PUBLIC_20260605\ghidra_12.1.2_PUBLIC\Ghidra\Features\VersionTracking\ghidra_scripts
    C:\Users\kimgiordano27\Downloads\ghidra_12.1.2_PUBLIC_20260605\ghidra_12.1.2_PUBLIC\Ghidra\Features\BytePatterns\ghidra_scripts
    C:\Users\kimgiordano27\ghidra_scripts
    C:\Users\kimgiordano27\Downloads\ghidra_12.1.2_PUBLIC_20260605\ghidra_12.1.2_PUBLIC\Ghidra\Features\BSim\ghidra_scripts
    C:\realDesktop\manifest-evaluations\summer-26\ghidra-pipeline\ghidra-export-scripts
    C:\Users\kimgiordano27\Downloads\ghidra_12.1.2_PUBLIC_20260605\ghidra_12.1.2_PUBLIC\Ghidra\Processors\JVM\ghidra_scripts
    C:\Users\kimgiordano27\Downloads\ghidra_12.1.2_PUBLIC_20260605\ghidra_12.1.2_PUBLIC\Ghidra\Features\Base\ghidra_scripts
    C:\Users\kimgiordano27\Downloads\ghidra_12.1.2_PUBLIC_20260605\ghidra_12.1.2_PUBLIC\Ghidra\Features\SwiftDemangler\ghidra_scripts
    C:\Users\kimgiordano27\Downloads\ghidra_12.1.2_PUBLIC_20260605\ghidra_12.1.2_PUBLIC\Ghidra\Features\WildcardAssembler\ghidra_scripts
    C:\Users\kimgiordano27\Downloads\ghidra_12.1.2_PUBLIC_20260605\ghidra_12.1.2_PUBLIC\Ghidra\Features\FileFormats\ghidra_scripts
    C:\Users\kimgiordano27\Downloads\ghidra_12.1.2_PUBLIC_20260605\ghidra_12.1.2_PUBLIC\Ghidra\Features\Decompiler\ghidra_scripts
    C:\Users\kimgiordano27\Downloads\ghidra_12.1.2_PUBLIC_20260605\ghidra_12.1.2_PUBLIC\Ghidra\Features\SystemEmulation\ghidra_scripts
    C:\Users\kimgiordano27\Downloads\ghidra_12.1.2_PUBLIC_20260605\ghidra_12.1.2_PUBLIC\Ghidra\Processors\8051\ghidra_scripts
    C:\Users\kimgiordano27\Downloads\ghidra_12.1.2_PUBLIC_20260605\ghidra_12.1.2_PUBLIC\Ghidra\Features\GnuDemangler\ghidra_scripts
    C:\Users\kimgiordano27\Downloads\ghidra_12.1.2_PUBLIC_20260605\ghidra_12.1.2_PUBLIC\Ghidra\Debug\Debugger\ghidra_scripts
    C:\Users\kimgiordano27\Downloads\ghidra_12.1.2_PUBLIC_20260605\ghidra_12.1.2_PUBLIC\Ghidra\Processors\DATA\ghidra_scripts
    C:\Users\kimgiordano27\Downloads\ghidra_12.1.2_PUBLIC_20260605\ghidra_12.1.2_PUBLIC\Ghidra\Debug\Debugger-rmi-trace\ghidra_scripts
    C:\Users\kimgiordano27\Downloads\ghidra_12.1.2_PUBLIC_20260605\ghidra_12.1.2_PUBLIC\Ghidra\Features\FunctionID\ghidra_scripts
    C:\Users\kimgiordano27\Downloads\ghidra_12.1.2_PUBLIC_20260605\ghidra_12.1.2_PUBLIC\Ghidra\Features\MicrosoftCodeAnalyzer\ghidra_scripts
    C:\Users\kimgiordano27\Downloads\ghidra_12.1.2_PUBLIC_20260605\ghidra_12.1.2_PUBLIC\Ghidra\Features\PDB\ghidra_scripts
    C:\Users\kimgiordano27\AppData\Roaming\ghidra\ghidra_12.1.2_PUBLIC\Extensions\Jython\ghidra_scripts
    C:\Users\kimgiordano27\Downloads\ghidra_12.1.2_PUBLIC_20260605\ghidra_12.1.2_PUBLIC\Ghidra\Features\PyGhidra\ghidra_scripts  
2026-07-13 11:03:52 INFO  (HeadlessAnalyzer) HEADLESS: execution starts  
2026-07-13 11:03:52 INFO  (HeadlessAnalyzer) Opening existing project: C:\realDesktop\manifest-evaluations\summer-26\ghidra-pipeline\il2cpp-files\DiscGolf\ghidra-project-DiscGolf\DiscGolf  
2026-07-13 11:03:53 INFO  (HeadlessProject) Opening project: C:\realDesktop\manifest-evaluations\summer-26\ghidra-pipeline\il2cpp-files\DiscGolf\ghidra-project-DiscGolf\DiscGolf  
2026-07-13 11:03:53 INFO  (LocalBufferFile) Removed old presave file: C:\realDesktop\manifest-evaluations\summer-26\ghidra-pipeline\il2cpp-files\DiscGolf\ghidra-project-DiscGolf\DiscGolf.rep\idata\00\~00000001.db\tmp16569231563544963545.ps  
2026-07-13 11:03:54 INFO  (HeadlessAnalyzer) REPORT: Processing project file: /DiscGolf-libil2cpp.so  
2026-07-13 11:03:55 INFO  (HeadlessAnalyzer) REPORT: Execute script: GeneralStructureEyePatternScan.java 'C:\realDesktop\manifest-evaluations\summer-26\ghidra-pipeline\il2cpp-files\DiscGolf\general-structure-results' '70' 'false'   
2026-07-13 11:03:55 INFO  (HeadlessAnalyzer) SCRIPT: C:\realDesktop\manifest-evaluations\summer-26\ghidra-pipeline\ghidra-export-scripts\GeneralStructureEyePatternScan.java  
2026-07-13 11:03:55 INFO  (GhidraScript) GeneralStructureEyePatternScan.java> General structure scan starting...  
2026-07-13 11:03:55 INFO  (GhidraScript) GeneralStructureEyePatternScan.java> Output: C:\realDesktop\manifest-evaluations\summer-26\ghidra-pipeline\il2cpp-files\DiscGolf\general-structure-results  
2026-07-13 11:03:55 INFO  (GhidraScript) GeneralStructureEyePatternScan.java> Minimum review score: 70  
2026-07-13 11:03:55 INFO  (GhidraScript) GeneralStructureEyePatternScan.java> Export all: false  
2026-07-13 11:04:14 INFO  (GhidraScript) GeneralStructureEyePatternScan.java> Scanned 10000 functions. Exported so far: 0  
2026-07-13 11:04:23 INFO  (GhidraScript) GeneralStructureEyePatternScan.java> Scanned 20000 functions. Exported so far: 0  
2026-07-13 11:04:36 INFO  (GhidraScript) GeneralStructureEyePatternScan.java> Scanned 30000 functions. Exported so far: 0  
2026-07-13 11:04:53 INFO  (GhidraScript) GeneralStructureEyePatternScan.java> Scanned 40000 functions. Exported so far: 0  
2026-07-13 11:05:13 INFO  (GhidraScript) GeneralStructureEyePatternScan.java> Scanned 50000 functions. Exported so far: 0  
2026-07-13 11:05:31 INFO  (GhidraScript) GeneralStructureEyePatternScan.java> Scanned 60000 functions. Exported so far: 0  
2026-07-13 11:05:53 INFO  (GhidraScript) GeneralStructureEyePatternScan.java> Scanned 70000 functions. Exported so far: 0  
2026-07-13 11:06:14 INFO  (GhidraScript) GeneralStructureEyePatternScan.java> Scanned 80000 functions. Exported so far: 0  
2026-07-13 11:06:31 INFO  (GhidraScript) GeneralStructureEyePatternScan.java> Scanned 90000 functions. Exported so far: 0  
2026-07-13 11:06:49 INFO  (GhidraScript) GeneralStructureEyePatternScan.java> Scanned 100000 functions. Exported so far: 0  
2026-07-13 11:07:11 INFO  (GhidraScript) GeneralStructureEyePatternScan.java> Scanned 110000 functions. Exported so far: 0  
2026-07-13 11:07:33 INFO  (GhidraScript) GeneralStructureEyePatternScan.java> Scanned 120000 functions. Exported so far: 0  
2026-07-13 11:07:54 INFO  (GhidraScript) GeneralStructureEyePatternScan.java> Scanned 130000 functions. Exported so far: 1  
2026-07-13 11:08:22 INFO  (GhidraScript) GeneralStructureEyePatternScan.java> Scanned 140000 functions. Exported so far: 3  
2026-07-13 11:10:22 INFO  (GhidraScript) GeneralStructureEyePatternScan.java> Scanned 150000 functions. Exported so far: 7  
2026-07-13 14:09:49 INFO  (LoggingInitialization) Using log config file: jar:file:/C:/Users/kimgiordano27/Downloads/ghidra_12.1.2_PUBLIC_20260605/ghidra_12.1.2_PUBLIC/Ghidra/Framework/Generic/lib/Generic.jar!/generic.log4j.xml  
2026-07-13 14:09:49 INFO  (LoggingInitialization) Using log file: C:\realDesktop\manifest-evaluations\summer-26\ghidra-pipeline\il2cpp-files\DiscGolf\general-structure-ghidra.log  
2026-07-13 14:09:49 DEBUG (GhidraObjectInputFilter) Including serial input filter: FileSystem/data/client.rmi.serial.filter  
2026-07-13 14:09:49 INFO  (Preferences) Loading user preferences: C:\Users\kimgiordano27\AppData\Roaming\ghidra\ghidra_12.1.2_PUBLIC\preferences  
2026-07-13 14:09:49 INFO  (ClassSearcher) Searching for classes...  
2026-07-13 14:09:49 INFO  (ClassSearcher) Class search complete (648 ms)  
2026-07-13 14:09:50 INFO  (DefaultSSLContextInitializer) Initializing SSL Context  
2026-07-13 14:09:50 INFO  (SecureRandomFactory) Initializing Random Number Generator...  
2026-07-13 14:09:50 INFO  (SecureRandomFactory) Random Number Generator initialization complete: SHA1PRNG  
2026-07-13 14:09:50 INFO  (DefaultTrustManagerFactory) Trust manager disabled, cacerts have not been set  
2026-07-13 14:09:50 INFO  (AnalyzeHeadless) Headless startup complete (6480 ms)  
2026-07-13 14:09:50 INFO  (ClassSearcher) Class searcher loaded 59 extension points (20 false positives)  
2026-07-13 14:09:50 INFO  (HeadlessAnalyzer) HEADLESS Script Paths:
    C:\Users\kimgiordano27\Downloads\ghidra_12.1.2_PUBLIC_20260605\ghidra_12.1.2_PUBLIC\Ghidra\Features\DecompilerDependent\ghidra_scripts
    C:\Users\kimgiordano27\Downloads\ghidra_12.1.2_PUBLIC_20260605\ghidra_12.1.2_PUBLIC\Ghidra\Processors\Atmel\ghidra_scripts
    C:\Users\kimgiordano27\Downloads\ghidra_12.1.2_PUBLIC_20260605\ghidra_12.1.2_PUBLIC\Ghidra\Processors\PIC\ghidra_scripts
    C:\Users\kimgiordano27\Downloads\ghidra_12.1.2_PUBLIC_20260605\ghidra_12.1.2_PUBLIC\Ghidra\Features\VersionTracking\ghidra_scripts
    C:\Users\kimgiordano27\Downloads\ghidra_12.1.2_PUBLIC_20260605\ghidra_12.1.2_PUBLIC\Ghidra\Features\BytePatterns\ghidra_scripts
    C:\Users\kimgiordano27\ghidra_scripts
    C:\Users\kimgiordano27\Downloads\ghidra_12.1.2_PUBLIC_20260605\ghidra_12.1.2_PUBLIC\Ghidra\Features\BSim\ghidra_scripts
    C:\realDesktop\manifest-evaluations\summer-26\ghidra-pipeline\ghidra-export-scripts
    C:\Users\kimgiordano27\Downloads\ghidra_12.1.2_PUBLIC_20260605\ghidra_12.1.2_PUBLIC\Ghidra\Processors\JVM\ghidra_scripts
    C:\Users\kimgiordano27\Downloads\ghidra_12.1.2_PUBLIC_20260605\ghidra_12.1.2_PUBLIC\Ghidra\Features\Base\ghidra_scripts
    C:\Users\kimgiordano27\Downloads\ghidra_12.1.2_PUBLIC_20260605\ghidra_12.1.2_PUBLIC\Ghidra\Features\SwiftDemangler\ghidra_scripts
    C:\Users\kimgiordano27\Downloads\ghidra_12.1.2_PUBLIC_20260605\ghidra_12.1.2_PUBLIC\Ghidra\Features\WildcardAssembler\ghidra_scripts
    C:\Users\kimgiordano27\Downloads\ghidra_12.1.2_PUBLIC_20260605\ghidra_12.1.2_PUBLIC\Ghidra\Features\FileFormats\ghidra_scripts
    C:\Users\kimgiordano27\Downloads\ghidra_12.1.2_PUBLIC_20260605\ghidra_12.1.2_PUBLIC\Ghidra\Features\Decompiler\ghidra_scripts
    C:\Users\kimgiordano27\Downloads\ghidra_12.1.2_PUBLIC_20260605\ghidra_12.1.2_PUBLIC\Ghidra\Features\SystemEmulation\ghidra_scripts
    C:\Users\kimgiordano27\Downloads\ghidra_12.1.2_PUBLIC_20260605\ghidra_12.1.2_PUBLIC\Ghidra\Processors\8051\ghidra_scripts
    C:\Users\kimgiordano27\Downloads\ghidra_12.1.2_PUBLIC_20260605\ghidra_12.1.2_PUBLIC\Ghidra\Features\GnuDemangler\ghidra_scripts
    C:\Users\kimgiordano27\Downloads\ghidra_12.1.2_PUBLIC_20260605\ghidra_12.1.2_PUBLIC\Ghidra\Debug\Debugger\ghidra_scripts
    C:\Users\kimgiordano27\Downloads\ghidra_12.1.2_PUBLIC_20260605\ghidra_12.1.2_PUBLIC\Ghidra\Processors\DATA\ghidra_scripts
    C:\Users\kimgiordano27\Downloads\ghidra_12.1.2_PUBLIC_20260605\ghidra_12.1.2_PUBLIC\Ghidra\Debug\Debugger-rmi-trace\ghidra_scripts
    C:\Users\kimgiordano27\Downloads\ghidra_12.1.2_PUBLIC_20260605\ghidra_12.1.2_PUBLIC\Ghidra\Features\FunctionID\ghidra_scripts
    C:\Users\kimgiordano27\Downloads\ghidra_12.1.2_PUBLIC_20260605\ghidra_12.1.2_PUBLIC\Ghidra\Features\MicrosoftCodeAnalyzer\ghidra_scripts
    C:\Users\kimgiordano27\Downloads\ghidra_12.1.2_PUBLIC_20260605\ghidra_12.1.2_PUBLIC\Ghidra\Features\PDB\ghidra_scripts
    C:\Users\kimgiordano27\AppData\Roaming\ghidra\ghidra_12.1.2_PUBLIC\Extensions\Jython\ghidra_scripts
    C:\Users\kimgiordano27\Downloads\ghidra_12.1.2_PUBLIC_20260605\ghidra_12.1.2_PUBLIC\Ghidra\Features\PyGhidra\ghidra_scripts  
2026-07-13 14:09:50 INFO  (HeadlessAnalyzer) HEADLESS: execution starts  
2026-07-13 14:09:50 INFO  (HeadlessAnalyzer) Opening existing project: C:\realDesktop\manifest-evaluations\summer-26\ghidra-pipeline\il2cpp-files\DiscGolf\ghidra-project-DiscGolf\DiscGolf  
2026-07-13 14:09:50 INFO  (HeadlessProject) Opening project: C:\realDesktop\manifest-evaluations\summer-26\ghidra-pipeline\il2cpp-files\DiscGolf\ghidra-project-DiscGolf\DiscGolf  
2026-07-13 14:09:50 INFO  (LocalBufferFile) Removed old presave file: C:\realDesktop\manifest-evaluations\summer-26\ghidra-pipeline\il2cpp-files\DiscGolf\ghidra-project-DiscGolf\DiscGolf.rep\idata\00\~00000001.db\tmp7333152449220895724.ps  
2026-07-13 14:09:52 INFO  (HeadlessAnalyzer) REPORT: Processing project file: /DiscGolf-libil2cpp.so  
2026-07-13 14:09:53 INFO  (HeadlessAnalyzer) REPORT: Execute script: GeneralStructureEyePatternScan.java 'C:\realDesktop\manifest-evaluations\summer-26\ghidra-pipeline\il2cpp-files\DiscGolf\general-structure-results' '70' 'false'   
2026-07-13 14:09:53 INFO  (HeadlessAnalyzer) SCRIPT: C:\realDesktop\manifest-evaluations\summer-26\ghidra-pipeline\ghidra-export-scripts\GeneralStructureEyePatternScan.java  
2026-07-13 14:09:53 INFO  (GhidraScript) GeneralStructureEyePatternScan.java> General structure scan starting...  
2026-07-13 14:09:53 INFO  (GhidraScript) GeneralStructureEyePatternScan.java> Output: C:\realDesktop\manifest-evaluations\summer-26\ghidra-pipeline\il2cpp-files\DiscGolf\general-structure-results  
2026-07-13 14:09:53 INFO  (GhidraScript) GeneralStructureEyePatternScan.java> Minimum review score: 70  
2026-07-13 14:09:53 INFO  (GhidraScript) GeneralStructureEyePatternScan.java> Export all: false  
2026-07-13 14:10:13 INFO  (GhidraScript) GeneralStructureEyePatternScan.java> Scanned 10000 functions. Exported so far: 0  
2026-07-13 14:10:23 INFO  (GhidraScript) GeneralStructureEyePatternScan.java> Scanned 20000 functions. Exported so far: 0  
2026-07-13 14:10:37 INFO  (GhidraScript) GeneralStructureEyePatternScan.java> Scanned 30000 functions. Exported so far: 0  
2026-07-13 14:10:56 INFO  (GhidraScript) GeneralStructureEyePatternScan.java> Scanned 40000 functions. Exported so far: 0  
2026-07-13 14:11:17 INFO  (GhidraScript) GeneralStructureEyePatternScan.java> Scanned 50000 functions. Exported so far: 0  
2026-07-13 14:11:37 INFO  (GhidraScript) GeneralStructureEyePatternScan.java> Scanned 60000 functions. Exported so far: 0  
2026-07-13 14:12:01 INFO  (GhidraScript) GeneralStructureEyePatternScan.java> Scanned 70000 functions. Exported so far: 0  
2026-07-13 14:12:22 INFO  (GhidraScript) GeneralStructureEyePatternScan.java> Scanned 80000 functions. Exported so far: 0  
2026-07-13 14:12:41 INFO  (GhidraScript) GeneralStructureEyePatternScan.java> Scanned 90000 functions. Exported so far: 0  
2026-07-13 14:13:01 INFO  (GhidraScript) GeneralStructureEyePatternScan.java> Scanned 100000 functions. Exported so far: 0  
2026-07-13 14:13:24 INFO  (GhidraScript) GeneralStructureEyePatternScan.java> Scanned 110000 functions. Exported so far: 0  
2026-07-13 14:13:49 INFO  (GhidraScript) GeneralStructureEyePatternScan.java> Scanned 120000 functions. Exported so far: 0  
2026-07-13 14:14:11 INFO  (GhidraScript) GeneralStructureEyePatternScan.java> Scanned 130000 functions. Exported so far: 1  
2026-07-13 14:14:40 INFO  (GhidraScript) GeneralStructureEyePatternScan.java> Scanned 140000 functions. Exported so far: 3  
2026-07-13 14:16:47 INFO  (GhidraScript) GeneralStructureEyePatternScan.java> Scanned 150000 functions. Exported so far: 7  
2026-07-13 21:23:56 INFO  (GhidraScript) GeneralStructureEyePatternScan.java> Scanned 160000 functions. Exported so far: 57  
2026-07-13 21:26:15 INFO  (GhidraScript) GeneralStructureEyePatternScan.java> Scanned 170000 functions. Exported so far: 69  
2026-07-13 21:27:23 INFO  (GhidraScript) GeneralStructureEyePatternScan.java> Scanned 180000 functions. Exported so far: 82  
2026-07-13 21:28:31 INFO  (GhidraScript) GeneralStructureEyePatternScan.java> Scanned 190000 functions. Exported so far: 89  
2026-07-13 21:32:31 INFO  (GhidraScript) GeneralStructureEyePatternScan.java> Scanned 200000 functions. Exported so far: 126  
2026-07-13 21:34:27 INFO  (GhidraScript) GeneralStructureEyePatternScan.java> Scanned 210000 functions. Exported so far: 145  
2026-07-13 21:35:49 INFO  (GhidraScript) GeneralStructureEyePatternScan.java> Scanned 220000 functions. Exported so far: 150  
2026-07-13 21:37:36 INFO  (GhidraScript) GeneralStructureEyePatternScan.java> Scanned 230000 functions. Exported so far: 155  
2026-07-13 21:39:26 INFO  (GhidraScript) GeneralStructureEyePatternScan.java> Scanned 240000 functions. Exported so far: 155  
2026-07-13 21:41:09 INFO  (GhidraScript) GeneralStructureEyePatternScan.java> Scanned 250000 functions. Exported so far: 155  
2026-07-13 21:42:22 INFO  (GhidraScript) GeneralStructureEyePatternScan.java> Scanned 260000 functions. Exported so far: 205  
2026-07-13 21:43:01 INFO  (GhidraScript) GeneralStructureEyePatternScan.java> Scanned 270000 functions. Exported so far: 205  
2026-07-13 21:43:47 INFO  (GhidraScript) GeneralStructureEyePatternScan.java> Scanned 280000 functions. Exported so far: 205  
2026-07-13 21:44:48 INFO  (GhidraScript) GeneralStructureEyePatternScan.java> Scanned 290000 functions. Exported so far: 205  
2026-07-13 21:46:05 INFO  (GhidraScript) GeneralStructureEyePatternScan.java> Scanned 300000 functions. Exported so far: 205  
2026-07-13 21:47:16 INFO  (GhidraScript) GeneralStructureEyePatternScan.java> Scanned 310000 functions. Exported so far: 205  
2026-07-13 21:48:27 INFO  (GhidraScript) GeneralStructureEyePatternScan.java> Scanned 320000 functions. Exported so far: 215  
2026-07-13 21:49:49 INFO  (GhidraScript) GeneralStructureEyePatternScan.java> Scanned 330000 functions. Exported so far: 380  
2026-07-13 21:50:52 INFO  (GhidraScript) GeneralStructureEyePatternScan.java> Scanned 340000 functions. Exported so far: 380  
2026-07-13 21:52:30 INFO  (GhidraScript) GeneralStructureEyePatternScan.java> Scanned 350000 functions. Exported so far: 388  
2026-07-13 21:53:50 INFO  (GhidraScript) GeneralStructureEyePatternScan.java> Scanned 360000 functions. Exported so far: 401  
2026-07-13 21:54:52 INFO  (GhidraScript) GeneralStructureEyePatternScan.java> Scanned 370000 functions. Exported so far: 401  
2026-07-13 21:56:40 INFO  (GhidraScript) GeneralStructureEyePatternScan.java> Scanned 380000 functions. Exported so far: 421  
2026-07-13 21:57:45 INFO  (GhidraScript) GeneralStructureEyePatternScan.java> Scanned 390000 functions. Exported so far: 421  
2026-07-13 21:59:01 INFO  (GhidraScript) GeneralStructureEyePatternScan.java> Scanned 400000 functions. Exported so far: 425  
2026-07-13 22:00:31 INFO  (GhidraScript) GeneralStructureEyePatternScan.java> Scanned 410000 functions. Exported so far: 431  
2026-07-13 22:03:10 INFO  (GhidraScript) GeneralStructureEyePatternScan.java> Scanned 420000 functions. Exported so far: 442  
2026-07-13 22:04:16 INFO  (GhidraScript) GeneralStructureEyePatternScan.java> Scanned 430000 functions. Exported so far: 453  
2026-07-13 22:08:10 INFO  (GhidraScript) GeneralStructureEyePatternScan.java> Scanned 440000 functions. Exported so far: 457  
2026-07-13 22:09:32 INFO  (GhidraScript) GeneralStructureEyePatternScan.java> Scanned 450000 functions. Exported so far: 457  
2026-07-13 22:11:12 INFO  (GhidraScript) GeneralStructureEyePatternScan.java> Scanned 460000 functions. Exported so far: 457  
2026-07-13 22:12:51 INFO  (GhidraScript) GeneralStructureEyePatternScan.java> Scanned 470000 functions. Exported so far: 457  
2026-07-13 22:14:34 INFO  (GhidraScript) GeneralStructureEyePatternScan.java> Scanned 480000 functions. Exported so far: 466  
2026-07-13 22:16:17 INFO  (GhidraScript) GeneralStructureEyePatternScan.java> Scanned 490000 functions. Exported so far: 557  
2026-07-13 22:16:49 INFO  (GhidraScript) GeneralStructureEyePatternScan.java> Scanned 500000 functions. Exported so far: 581  
2026-07-13 22:17:38 INFO  (GhidraScript) GeneralStructureEyePatternScan.java> Scanned 510000 functions. Exported so far: 581  
2026-07-13 22:18:22 INFO  (GhidraScript) GeneralStructureEyePatternScan.java> Scanned 520000 functions. Exported so far: 685  
2026-07-13 22:19:27 INFO  (GhidraScript) GeneralStructureEyePatternScan.java> Scanned 530000 functions. Exported so far: 687  
2026-07-13 22:26:35 INFO  (GhidraScript) GeneralStructureEyePatternScan.java> Scanned 540000 functions. Exported so far: 687  
2026-07-13 23:09:01 INFO  (GhidraScript) GeneralStructureEyePatternScan.java> Scanned 550000 functions. Exported so far: 747  
2026-07-13 23:11:13 INFO  (GhidraScript) GeneralStructureEyePatternScan.java> Scanned 560000 functions. Exported so far: 871  
2026-07-13 23:13:10 INFO  (GhidraScript) GeneralStructureEyePatternScan.java> Scanned 570000 functions. Exported so far: 1321  
2026-07-13 23:15:32 INFO  (GhidraScript) GeneralStructureEyePatternScan.java> Scanned 580000 functions. Exported so far: 1694  
2026-07-13 23:20:43 INFO  (GhidraScript) GeneralStructureEyePatternScan.java> Scanned 590000 functions. Exported so far: 1734  
2026-07-13 23:25:44 INFO  (GhidraScript) GeneralStructureEyePatternScan.java> Scanned 600000 functions. Exported so far: 1755  
2026-07-13 23:30:47 INFO  (GhidraScript) GeneralStructureEyePatternScan.java> Scanned 610000 functions. Exported so far: 1866  
2026-07-13 23:36:49 INFO  (GhidraScript) GeneralStructureEyePatternScan.java> Scanned 620000 functions. Exported so far: 1915  
2026-07-13 23:49:15 INFO  (GhidraScript) GeneralStructureEyePatternScan.java> Scanned 630000 functions. Exported so far: 2085  
2026-07-13 23:52:18 INFO  (GhidraScript) GeneralStructureEyePatternScan.java> Scanned 640000 functions. Exported so far: 2146  
2026-07-13 23:55:01 INFO  (GhidraScript) GeneralStructureEyePatternScan.java> Scanned 650000 functions. Exported so far: 2238  
2026-07-14 00:00:08 INFO  (GhidraScript) GeneralStructureEyePatternScan.java> Scanned 660000 functions. Exported so far: 2641  
2026-07-14 00:02:10 INFO  (GhidraScript) GeneralStructureEyePatternScan.java> Scanned 670000 functions. Exported so far: 2792  
2026-07-14 00:53:21 INFO  (GhidraScript) GeneralStructureEyePatternScan.java> Scanned 680000 functions. Exported so far: 2862  
2026-07-14 00:55:13 INFO  (GhidraScript) GeneralStructureEyePatternScan.java> Scanned 690000 functions. Exported so far: 2883  
2026-07-14 00:56:41 INFO  (GhidraScript) GeneralStructureEyePatternScan.java> Scanned 700000 functions. Exported so far: 2908  
2026-07-14 01:01:22 INFO  (GhidraScript) GeneralStructureEyePatternScan.java> Scanned 710000 functions. Exported so far: 2920  
2026-07-14 01:04:41 INFO  (GhidraScript) GeneralStructureEyePatternScan.java> Scanned 720000 functions. Exported so far: 2993  
2026-07-14 01:09:03 WARN  (DecompileCallback) Decompiling 06fe7000, pcode error at 06fe7000: Unable to disassemble EXTERNAL block location: 06fe7000  
2026-07-14 01:09:03 WARN  (DecompileCallback) Decompiling 06fe7008, pcode error at 06fe7008: Unable to disassemble EXTERNAL block location: 06fe7008  
2026-07-14 01:09:03 WARN  (DecompileCallback) Decompiling 06fe7010, pcode error at 06fe7010: Unable to disassemble EXTERNAL block location: 06fe7010  
2026-07-14 01:09:03 WARN  (DecompileCallback) Decompiling 06fe7018, pcode error at 06fe7018: Unable to disassemble EXTERNAL block location: 06fe7018  
2026-07-14 01:09:03 WARN  (DecompileCallback) Decompiling 06fe7020, pcode error at 06fe7020: Unable to disassemble EXTERNAL block location: 06fe7020  
2026-07-14 01:09:03 WARN  (DecompileCallback) Decompiling 06fe7028, pcode error at 06fe7028: Unable to disassemble EXTERNAL block location: 06fe7028  
2026-07-14 01:09:03 WARN  (DecompileCallback) Decompiling 06fe7030, pcode error at 06fe7030: Unable to disassemble EXTERNAL block location: 06fe7030  
2026-07-14 01:09:03 WARN  (DecompileCallback) Decompiling 06fe7038, pcode error at 06fe7038: Unable to disassemble EXTERNAL block location: 06fe7038  
2026-07-14 01:09:03 WARN  (DecompileCallback) Decompiling 06fe7040, pcode error at 06fe7040: Unable to disassemble EXTERNAL block location: 06fe7040  
2026-07-14 01:09:03 WARN  (DecompileCallback) Decompiling 06fe7048, pcode error at 06fe7048: Unable to disassemble EXTERNAL block location: 06fe7048  
2026-07-14 01:09:03 WARN  (DecompileCallback) Decompiling 06fe7050, pcode error at 06fe7050: Unable to disassemble EXTERNAL block location: 06fe7050  
2026-07-14 01:09:03 WARN  (DecompileCallback) Decompiling 06fe7058, pcode error at 06fe7058: Unable to disassemble EXTERNAL block location: 06fe7058  
2026-07-14 01:09:03 WARN  (DecompileCallback) Decompiling 06fe7060, pcode error at 06fe7060: Unable to disassemble EXTERNAL block location: 06fe7060  
2026-07-14 01:09:03 WARN  (DecompileCallback) Decompiling 06fe7068, pcode error at 06fe7068: Unable to disassemble EXTERNAL block location: 06fe7068  
2026-07-14 01:09:03 WARN  (DecompileCallback) Decompiling 06fe7070, pcode error at 06fe7070: Unable to disassemble EXTERNAL block location: 06fe7070  
2026-07-14 01:09:03 WARN  (DecompileCallback) Decompiling 06fe7078, pcode error at 06fe7078: Unable to disassemble EXTERNAL block location: 06fe7078  
2026-07-14 01:09:03 WARN  (DecompileCallback) Decompiling 06fe7080, pcode error at 06fe7080: Unable to disassemble EXTERNAL block location: 06fe7080  
2026-07-14 01:09:03 WARN  (DecompileCallback) Decompiling 06fe7088, pcode error at 06fe7088: Unable to disassemble EXTERNAL block location: 06fe7088  
2026-07-14 01:09:03 WARN  (DecompileCallback) Decompiling 06fe7090, pcode error at 06fe7090: Unable to disassemble EXTERNAL block location: 06fe7090  
2026-07-14 01:09:03 WARN  (DecompileCallback) Decompiling 06fe7098, pcode error at 06fe7098: Unable to disassemble EXTERNAL block location: 06fe7098  
2026-07-14 01:09:03 WARN  (DecompileCallback) Decompiling 06fe70a0, pcode error at 06fe70a0: Unable to disassemble EXTERNAL block location: 06fe70a0  
2026-07-14 01:09:03 WARN  (DecompileCallback) Decompiling 06fe70a8, pcode error at 06fe70a8: Unable to disassemble EXTERNAL block location: 06fe70a8  
2026-07-14 01:09:03 WARN  (DecompileCallback) Decompiling 06fe70b0, pcode error at 06fe70b0: Unable to disassemble EXTERNAL block location: 06fe70b0  
2026-07-14 01:09:03 WARN  (DecompileCallback) Decompiling 06fe70b8, pcode error at 06fe70b8: Unable to disassemble EXTERNAL block location: 06fe70b8  
2026-07-14 01:09:03 WARN  (DecompileCallback) Decompiling 06fe70c0, pcode error at 06fe70c0: Unable to disassemble EXTERNAL block location: 06fe70c0  
2026-07-14 01:09:03 WARN  (DecompileCallback) Decompiling 06fe70c8, pcode error at 06fe70c8: Unable to disassemble EXTERNAL block location: 06fe70c8  
2026-07-14 01:09:03 WARN  (DecompileCallback) Decompiling 06fe70d0, pcode error at 06fe70d0: Unable to disassemble EXTERNAL block location: 06fe70d0  
2026-07-14 01:09:03 WARN  (DecompileCallback) Decompiling 06fe70d8, pcode error at 06fe70d8: Unable to disassemble EXTERNAL block location: 06fe70d8  
2026-07-14 01:09:03 WARN  (DecompileCallback) Decompiling 06fe70e0, pcode error at 06fe70e0: Unable to disassemble EXTERNAL block location: 06fe70e0  
2026-07-14 01:09:03 WARN  (DecompileCallback) Decompiling 06fe70e8, pcode error at 06fe70e8: Unable to disassemble EXTERNAL block location: 06fe70e8  
2026-07-14 01:09:03 WARN  (DecompileCallback) Decompiling 06fe70f0, pcode error at 06fe70f0: Unable to disassemble EXTERNAL block location: 06fe70f0  
2026-07-14 01:09:03 WARN  (DecompileCallback) Decompiling 06fe70f8, pcode error at 06fe70f8: Unable to disassemble EXTERNAL block location: 06fe70f8  
2026-07-14 01:09:03 WARN  (DecompileCallback) Decompiling 06fe7100, pcode error at 06fe7100: Unable to disassemble EXTERNAL block location: 06fe7100  
2026-07-14 01:09:03 WARN  (DecompileCallback) Decompiling 06fe7108, pcode error at 06fe7108: Unable to disassemble EXTERNAL block location: 06fe7108  
2026-07-14 01:09:03 WARN  (DecompileCallback) Decompiling 06fe7110, pcode error at 06fe7110: Unable to disassemble EXTERNAL block location: 06fe7110  
2026-07-14 01:09:03 WARN  (DecompileCallback) Decompiling 06fe7118, pcode error at 06fe7118: Unable to disassemble EXTERNAL block location: 06fe7118  
2026-07-14 01:09:03 WARN  (DecompileCallback) Decompiling 06fe7120, pcode error at 06fe7120: Unable to disassemble EXTERNAL block location: 06fe7120  
2026-07-14 01:09:03 WARN  (DecompileCallback) Decompiling 06fe7130, pcode error at 06fe7130: Unable to disassemble EXTERNAL block location: 06fe7130  
2026-07-14 01:09:03 WARN  (DecompileCallback) Decompiling 06fe7138, pcode error at 06fe7138: Unable to disassemble EXTERNAL block location: 06fe7138  
2026-07-14 01:09:03 WARN  (DecompileCallback) Decompiling 06fe7140, pcode error at 06fe7140: Unable to disassemble EXTERNAL block location: 06fe7140  
2026-07-14 01:09:03 WARN  (DecompileCallback) Decompiling 06fe7148, pcode error at 06fe7148: Unable to disassemble EXTERNAL block location: 06fe7148  
2026-07-14 01:09:03 WARN  (DecompileCallback) Decompiling 06fe7150, pcode error at 06fe7150: Unable to disassemble EXTERNAL block location: 06fe7150  
2026-07-14 01:09:03 WARN  (DecompileCallback) Decompiling 06fe7158, pcode error at 06fe7158: Unable to disassemble EXTERNAL block location: 06fe7158  
2026-07-14 01:09:03 WARN  (DecompileCallback) Decompiling 06fe7160, pcode error at 06fe7160: Unable to disassemble EXTERNAL block location: 06fe7160  
2026-07-14 01:09:03 WARN  (DecompileCallback) Decompiling 06fe7168, pcode error at 06fe7168: Unable to disassemble EXTERNAL block location: 06fe7168  
2026-07-14 01:09:03 WARN  (DecompileCallback) Decompiling 06fe7170, pcode error at 06fe7170: Unable to disassemble EXTERNAL block location: 06fe7170  
2026-07-14 01:09:03 WARN  (DecompileCallback) Decompiling 06fe7178, pcode error at 06fe7178: Unable to disassemble EXTERNAL block location: 06fe7178  
2026-07-14 01:09:03 WARN  (DecompileCallback) Decompiling 06fe7180, pcode error at 06fe7180: Unable to disassemble EXTERNAL block location: 06fe7180  
2026-07-14 01:09:03 WARN  (DecompileCallback) Decompiling 06fe7188, pcode error at 06fe7188: Unable to disassemble EXTERNAL block location: 06fe7188  
2026-07-14 01:09:03 WARN  (DecompileCallback) Decompiling 06fe7190, pcode error at 06fe7190: Unable to disassemble EXTERNAL block location: 06fe7190  
2026-07-14 01:09:03 WARN  (DecompileCallback) Decompiling 06fe7198, pcode error at 06fe7198: Unable to disassemble EXTERNAL block location: 06fe7198  
2026-07-14 01:09:03 WARN  (DecompileCallback) Decompiling 06fe71a0, pcode error at 06fe71a0: Unable to disassemble EXTERNAL block location: 06fe71a0  
2026-07-14 01:09:03 WARN  (DecompileCallback) Decompiling 06fe71a8, pcode error at 06fe71a8: Unable to disassemble EXTERNAL block location: 06fe71a8  
2026-07-14 01:09:03 WARN  (DecompileCallback) Decompiling 06fe71b0, pcode error at 06fe71b0: Unable to disassemble EXTERNAL block location: 06fe71b0  
2026-07-14 01:09:03 WARN  (DecompileCallback) Decompiling 06fe71b8, pcode error at 06fe71b8: Unable to disassemble EXTERNAL block location: 06fe71b8  
2026-07-14 01:09:03 WARN  (DecompileCallback) Decompiling 06fe71c0, pcode error at 06fe71c0: Unable to disassemble EXTERNAL block location: 06fe71c0  
2026-07-14 01:09:03 WARN  (DecompileCallback) Decompiling 06fe71c8, pcode error at 06fe71c8: Unable to disassemble EXTERNAL block location: 06fe71c8  
2026-07-14 01:09:03 WARN  (DecompileCallback) Decompiling 06fe71d0, pcode error at 06fe71d0: Unable to disassemble EXTERNAL block location: 06fe71d0  
2026-07-14 01:09:03 WARN  (DecompileCallback) Decompiling 06fe71d8, pcode error at 06fe71d8: Unable to disassemble EXTERNAL block location: 06fe71d8  
2026-07-14 01:09:03 WARN  (DecompileCallback) Decompiling 06fe71e0, pcode error at 06fe71e0: Unable to disassemble EXTERNAL block location: 06fe71e0  
2026-07-14 01:09:03 WARN  (DecompileCallback) Decompiling 06fe71e8, pcode error at 06fe71e8: Unable to disassemble EXTERNAL block location: 06fe71e8  
2026-07-14 01:09:03 WARN  (DecompileCallback) Decompiling 06fe71f0, pcode error at 06fe71f0: Unable to disassemble EXTERNAL block location: 06fe71f0  
2026-07-14 01:09:03 WARN  (DecompileCallback) Decompiling 06fe71f8, pcode error at 06fe71f8: Unable to disassemble EXTERNAL block location: 06fe71f8  
2026-07-14 01:09:03 WARN  (DecompileCallback) Decompiling 06fe7200, pcode error at 06fe7200: Unable to disassemble EXTERNAL block location: 06fe7200  
2026-07-14 01:09:03 WARN  (DecompileCallback) Decompiling 06fe7208, pcode error at 06fe7208: Unable to disassemble EXTERNAL block location: 06fe7208  
2026-07-14 01:09:03 WARN  (DecompileCallback) Decompiling 06fe7210, pcode error at 06fe7210: Unable to disassemble EXTERNAL block location: 06fe7210  
2026-07-14 01:09:03 WARN  (DecompileCallback) Decompiling 06fe7218, pcode error at 06fe7218: Unable to disassemble EXTERNAL block location: 06fe7218  
2026-07-14 01:09:03 WARN  (DecompileCallback) Decompiling 06fe7220, pcode error at 06fe7220: Unable to disassemble EXTERNAL block location: 06fe7220  
2026-07-14 01:09:03 WARN  (DecompileCallback) Decompiling 06fe7228, pcode error at 06fe7228: Unable to disassemble EXTERNAL block location: 06fe7228  
2026-07-14 01:09:03 WARN  (DecompileCallback) Decompiling 06fe7230, pcode error at 06fe7230: Unable to disassemble EXTERNAL block location: 06fe7230  
2026-07-14 01:09:03 WARN  (DecompileCallback) Decompiling 06fe7238, pcode error at 06fe7238: Unable to disassemble EXTERNAL block location: 06fe7238  
2026-07-14 01:09:03 WARN  (DecompileCallback) Decompiling 06fe7240, pcode error at 06fe7240: Unable to disassemble EXTERNAL block location: 06fe7240  
2026-07-14 01:09:03 WARN  (DecompileCallback) Decompiling 06fe7248, pcode error at 06fe7248: Unable to disassemble EXTERNAL block location: 06fe7248  
2026-07-14 01:09:03 WARN  (DecompileCallback) Decompiling 06fe7250, pcode error at 06fe7250: Unable to disassemble EXTERNAL block location: 06fe7250  
2026-07-14 01:09:03 WARN  (DecompileCallback) Decompiling 06fe7258, pcode error at 06fe7258: Unable to disassemble EXTERNAL block location: 06fe7258  
2026-07-14 01:09:03 WARN  (DecompileCallback) Decompiling 06fe7260, pcode error at 06fe7260: Unable to disassemble EXTERNAL block location: 06fe7260  
2026-07-14 01:09:03 WARN  (DecompileCallback) Decompiling 06fe7268, pcode error at 06fe7268: Unable to disassemble EXTERNAL block location: 06fe7268  
2026-07-14 01:09:03 WARN  (DecompileCallback) Decompiling 06fe7270, pcode error at 06fe7270: Unable to disassemble EXTERNAL block location: 06fe7270  
2026-07-14 01:09:03 WARN  (DecompileCallback) Decompiling 06fe7278, pcode error at 06fe7278: Unable to disassemble EXTERNAL block location: 06fe7278  
2026-07-14 01:09:03 WARN  (DecompileCallback) Decompiling 06fe7280, pcode error at 06fe7280: Unable to disassemble EXTERNAL block location: 06fe7280  
2026-07-14 01:09:03 WARN  (DecompileCallback) Decompiling 06fe7288, pcode error at 06fe7288: Unable to disassemble EXTERNAL block location: 06fe7288  
2026-07-14 01:09:03 WARN  (DecompileCallback) Decompiling 06fe7290, pcode error at 06fe7290: Unable to disassemble EXTERNAL block location: 06fe7290  
2026-07-14 01:09:03 WARN  (DecompileCallback) Decompiling 06fe7298, pcode error at 06fe7298: Unable to disassemble EXTERNAL block location: 06fe7298  
2026-07-14 01:09:03 WARN  (DecompileCallback) Decompiling 06fe72a0, pcode error at 06fe72a0: Unable to disassemble EXTERNAL block location: 06fe72a0  
2026-07-14 01:09:03 WARN  (DecompileCallback) Decompiling 06fe72a8, pcode error at 06fe72a8: Unable to disassemble EXTERNAL block location: 06fe72a8  
2026-07-14 01:09:03 WARN  (DecompileCallback) Decompiling 06fe72b0, pcode error at 06fe72b0: Unable to disassemble EXTERNAL block location: 06fe72b0  
2026-07-14 01:09:03 WARN  (DecompileCallback) Decompiling 06fe72b8, pcode error at 06fe72b8: Unable to disassemble EXTERNAL block location: 06fe72b8  
2026-07-14 01:09:03 WARN  (DecompileCallback) Decompiling 06fe72c0, pcode error at 06fe72c0: Unable to disassemble EXTERNAL block location: 06fe72c0  
2026-07-14 01:09:03 WARN  (DecompileCallback) Decompiling 06fe72c8, pcode error at 06fe72c8: Unable to disassemble EXTERNAL block location: 06fe72c8  
2026-07-14 01:09:03 WARN  (DecompileCallback) Decompiling 06fe72d0, pcode error at 06fe72d0: Unable to disassemble EXTERNAL block location: 06fe72d0  
2026-07-14 01:09:03 WARN  (DecompileCallback) Decompiling 06fe72d8, pcode error at 06fe72d8: Unable to disassemble EXTERNAL block location: 06fe72d8  
2026-07-14 01:09:03 WARN  (DecompileCallback) Decompiling 06fe72e0, pcode error at 06fe72e0: Unable to disassemble EXTERNAL block location: 06fe72e0  
2026-07-14 01:09:03 WARN  (DecompileCallback) Decompiling 06fe72e8, pcode error at 06fe72e8: Unable to disassemble EXTERNAL block location: 06fe72e8  
2026-07-14 01:09:03 WARN  (DecompileCallback) Decompiling 06fe72f0, pcode error at 06fe72f0: Unable to disassemble EXTERNAL block location: 06fe72f0  
2026-07-14 01:09:03 WARN  (DecompileCallback) Decompiling 06fe72f8, pcode error at 06fe72f8: Unable to disassemble EXTERNAL block location: 06fe72f8  
2026-07-14 01:09:03 WARN  (DecompileCallback) Decompiling 06fe7300, pcode error at 06fe7300: Unable to disassemble EXTERNAL block location: 06fe7300  
2026-07-14 01:09:03 WARN  (DecompileCallback) Decompiling 06fe7308, pcode error at 06fe7308: Unable to disassemble EXTERNAL block location: 06fe7308  
2026-07-14 01:09:03 WARN  (DecompileCallback) Decompiling 06fe7310, pcode error at 06fe7310: Unable to disassemble EXTERNAL block location: 06fe7310  
2026-07-14 01:09:03 WARN  (DecompileCallback) Decompiling 06fe7318, pcode error at 06fe7318: Unable to disassemble EXTERNAL block location: 06fe7318  
2026-07-14 01:09:03 WARN  (DecompileCallback) Decompiling 06fe7320, pcode error at 06fe7320: Unable to disassemble EXTERNAL block location: 06fe7320  
2026-07-14 01:09:03 WARN  (DecompileCallback) Decompiling 06fe7328, pcode error at 06fe7328: Unable to disassemble EXTERNAL block location: 06fe7328  
2026-07-14 01:09:03 WARN  (DecompileCallback) Decompiling 06fe7330, pcode error at 06fe7330: Unable to disassemble EXTERNAL block location: 06fe7330  
2026-07-14 01:09:03 WARN  (DecompileCallback) Decompiling 06fe7338, pcode error at 06fe7338: Unable to disassemble EXTERNAL block location: 06fe7338  
2026-07-14 01:09:03 WARN  (DecompileCallback) Decompiling 06fe7340, pcode error at 06fe7340: Unable to disassemble EXTERNAL block location: 06fe7340  
2026-07-14 01:09:03 WARN  (DecompileCallback) Decompiling 06fe7348, pcode error at 06fe7348: Unable to disassemble EXTERNAL block location: 06fe7348  
2026-07-14 01:09:03 WARN  (DecompileCallback) Decompiling 06fe7350, pcode error at 06fe7350: Unable to disassemble EXTERNAL block location: 06fe7350  
2026-07-14 01:09:03 WARN  (DecompileCallback) Decompiling 06fe7358, pcode error at 06fe7358: Unable to disassemble EXTERNAL block location: 06fe7358  
2026-07-14 01:09:03 WARN  (DecompileCallback) Decompiling 06fe7360, pcode error at 06fe7360: Unable to disassemble EXTERNAL block location: 06fe7360  
2026-07-14 01:09:03 WARN  (DecompileCallback) Decompiling 06fe7368, pcode error at 06fe7368: Unable to disassemble EXTERNAL block location: 06fe7368  
2026-07-14 01:09:03 WARN  (DecompileCallback) Decompiling 06fe7370, pcode error at 06fe7370: Unable to disassemble EXTERNAL block location: 06fe7370  
2026-07-14 01:09:03 WARN  (DecompileCallback) Decompiling 06fe7378, pcode error at 06fe7378: Unable to disassemble EXTERNAL block location: 06fe7378  
2026-07-14 01:09:03 WARN  (DecompileCallback) Decompiling 06fe7380, pcode error at 06fe7380: Unable to disassemble EXTERNAL block location: 06fe7380  
2026-07-14 01:09:03 WARN  (DecompileCallback) Decompiling 06fe7388, pcode error at 06fe7388: Unable to disassemble EXTERNAL block location: 06fe7388  
2026-07-14 01:09:03 WARN  (DecompileCallback) Decompiling 06fe7390, pcode error at 06fe7390: Unable to disassemble EXTERNAL block location: 06fe7390  
2026-07-14 01:09:03 WARN  (DecompileCallback) Decompiling 06fe7398, pcode error at 06fe7398: Unable to disassemble EXTERNAL block location: 06fe7398  
2026-07-14 01:09:03 WARN  (DecompileCallback) Decompiling 06fe73a0, pcode error at 06fe73a0: Unable to disassemble EXTERNAL block location: 06fe73a0  
2026-07-14 01:09:03 WARN  (DecompileCallback) Decompiling 06fe73a8, pcode error at 06fe73a8: Unable to disassemble EXTERNAL block location: 06fe73a8  
2026-07-14 01:09:03 WARN  (DecompileCallback) Decompiling 06fe73b0, pcode error at 06fe73b0: Unable to disassemble EXTERNAL block location: 06fe73b0  
2026-07-14 01:09:03 WARN  (DecompileCallback) Decompiling 06fe73b8, pcode error at 06fe73b8: Unable to disassemble EXTERNAL block location: 06fe73b8  
2026-07-14 01:09:03 WARN  (DecompileCallback) Decompiling 06fe73c0, pcode error at 06fe73c0: Unable to disassemble EXTERNAL block location: 06fe73c0  
2026-07-14 01:09:03 WARN  (DecompileCallback) Decompiling 06fe73c8, pcode error at 06fe73c8: Unable to disassemble EXTERNAL block location: 06fe73c8  
2026-07-14 01:09:03 WARN  (DecompileCallback) Decompiling 06fe73d0, pcode error at 06fe73d0: Unable to disassemble EXTERNAL block location: 06fe73d0  
2026-07-14 01:09:03 WARN  (DecompileCallback) Decompiling 06fe73d8, pcode error at 06fe73d8: Unable to disassemble EXTERNAL block location: 06fe73d8  
2026-07-14 01:09:03 WARN  (DecompileCallback) Decompiling 06fe73e0, pcode error at 06fe73e0: Unable to disassemble EXTERNAL block location: 06fe73e0  
2026-07-14 01:09:03 WARN  (DecompileCallback) Decompiling 06fe73e8, pcode error at 06fe73e8: Unable to disassemble EXTERNAL block location: 06fe73e8  
2026-07-14 01:09:03 WARN  (DecompileCallback) Decompiling 06fe73f0, pcode error at 06fe73f0: Unable to disassemble EXTERNAL block location: 06fe73f0  
2026-07-14 01:09:03 WARN  (DecompileCallback) Decompiling 06fe73f8, pcode error at 06fe73f8: Unable to disassemble EXTERNAL block location: 06fe73f8  
2026-07-14 01:09:03 WARN  (DecompileCallback) Decompiling 06fe7400, pcode error at 06fe7400: Unable to disassemble EXTERNAL block location: 06fe7400  
2026-07-14 01:09:03 WARN  (DecompileCallback) Decompiling 06fe7408, pcode error at 06fe7408: Unable to disassemble EXTERNAL block location: 06fe7408  
2026-07-14 01:09:03 WARN  (DecompileCallback) Decompiling 06fe7410, pcode error at 06fe7410: Unable to disassemble EXTERNAL block location: 06fe7410  
2026-07-14 01:09:03 WARN  (DecompileCallback) Decompiling 06fe7418, pcode error at 06fe7418: Unable to disassemble EXTERNAL block location: 06fe7418  
2026-07-14 01:09:03 WARN  (DecompileCallback) Decompiling 06fe7420, pcode error at 06fe7420: Unable to disassemble EXTERNAL block location: 06fe7420  
2026-07-14 01:09:03 WARN  (DecompileCallback) Decompiling 06fe7428, pcode error at 06fe7428: Unable to disassemble EXTERNAL block location: 06fe7428  
2026-07-14 01:09:03 WARN  (DecompileCallback) Decompiling 06fe7430, pcode error at 06fe7430: Unable to disassemble EXTERNAL block location: 06fe7430  
2026-07-14 01:09:03 WARN  (DecompileCallback) Decompiling 06fe7438, pcode error at 06fe7438: Unable to disassemble EXTERNAL block location: 06fe7438  
2026-07-14 01:09:03 WARN  (DecompileCallback) Decompiling 06fe7440, pcode error at 06fe7440: Unable to disassemble EXTERNAL block location: 06fe7440  
2026-07-14 01:09:03 WARN  (DecompileCallback) Decompiling 06fe7448, pcode error at 06fe7448: Unable to disassemble EXTERNAL block location: 06fe7448  
2026-07-14 01:09:03 WARN  (DecompileCallback) Decompiling 06fe7450, pcode error at 06fe7450: Unable to disassemble EXTERNAL block location: 06fe7450  
2026-07-14 01:09:03 WARN  (DecompileCallback) Decompiling 06fe7458, pcode error at 06fe7458: Unable to disassemble EXTERNAL block location: 06fe7458  
2026-07-14 01:09:03 WARN  (DecompileCallback) Decompiling 06fe7460, pcode error at 06fe7460: Unable to disassemble EXTERNAL block location: 06fe7460  
2026-07-14 01:09:03 WARN  (DecompileCallback) Decompiling 06fe7468, pcode error at 06fe7468: Unable to disassemble EXTERNAL block location: 06fe7468  
2026-07-14 01:09:03 WARN  (DecompileCallback) Decompiling 06fe7470, pcode error at 06fe7470: Unable to disassemble EXTERNAL block location: 06fe7470  
2026-07-14 01:09:03 WARN  (DecompileCallback) Decompiling 06fe7478, pcode error at 06fe7478: Unable to disassemble EXTERNAL block location: 06fe7478  
2026-07-14 01:09:03 WARN  (DecompileCallback) Decompiling 06fe7480, pcode error at 06fe7480: Unable to disassemble EXTERNAL block location: 06fe7480  
2026-07-14 01:09:03 WARN  (DecompileCallback) Decompiling 06fe7488, pcode error at 06fe7488: Unable to disassemble EXTERNAL block location: 06fe7488  
2026-07-14 01:09:03 WARN  (DecompileCallback) Decompiling 06fe7490, pcode error at 06fe7490: Unable to disassemble EXTERNAL block location: 06fe7490  
2026-07-14 01:09:03 WARN  (DecompileCallback) Decompiling 06fe7498, pcode error at 06fe7498: Unable to disassemble EXTERNAL block location: 06fe7498  
2026-07-14 01:09:03 WARN  (DecompileCallback) Decompiling 06fe74a0, pcode error at 06fe74a0: Unable to disassemble EXTERNAL block location: 06fe74a0  
2026-07-14 01:09:03 WARN  (DecompileCallback) Decompiling 06fe74a8, pcode error at 06fe74a8: Unable to disassemble EXTERNAL block location: 06fe74a8  
2026-07-14 01:09:03 WARN  (DecompileCallback) Decompiling 06fe74b0, pcode error at 06fe74b0: Unable to disassemble EXTERNAL block location: 06fe74b0  
2026-07-14 01:09:03 WARN  (DecompileCallback) Decompiling 06fe74b8, pcode error at 06fe74b8: Unable to disassemble EXTERNAL block location: 06fe74b8  
2026-07-14 01:09:03 WARN  (DecompileCallback) Decompiling 06fe74c0, pcode error at 06fe74c0: Unable to disassemble EXTERNAL block location: 06fe74c0  
2026-07-14 01:09:03 WARN  (DecompileCallback) Decompiling 06fe74c8, pcode error at 06fe74c8: Unable to disassemble EXTERNAL block location: 06fe74c8  
2026-07-14 01:09:03 WARN  (DecompileCallback) Decompiling 06fe74d0, pcode error at 06fe74d0: Unable to disassemble EXTERNAL block location: 06fe74d0  
2026-07-14 01:09:03 WARN  (DecompileCallback) Decompiling 06fe74d8, pcode error at 06fe74d8: Unable to disassemble EXTERNAL block location: 06fe74d8  
2026-07-14 01:09:03 WARN  (DecompileCallback) Decompiling 06fe74e0, pcode error at 06fe74e0: Unable to disassemble EXTERNAL block location: 06fe74e0  
2026-07-14 01:09:03 WARN  (DecompileCallback) Decompiling 06fe74e8, pcode error at 06fe74e8: Unable to disassemble EXTERNAL block location: 06fe74e8  
2026-07-14 01:09:03 WARN  (DecompileCallback) Decompiling 06fe74f0, pcode error at 06fe74f0: Unable to disassemble EXTERNAL block location: 06fe74f0  
2026-07-14 01:09:03 WARN  (DecompileCallback) Decompiling 06fe74f8, pcode error at 06fe74f8: Unable to disassemble EXTERNAL block location: 06fe74f8  
2026-07-14 01:09:03 WARN  (DecompileCallback) Decompiling 06fe7500, pcode error at 06fe7500: Unable to disassemble EXTERNAL block location: 06fe7500  
2026-07-14 01:09:03 WARN  (DecompileCallback) Decompiling 06fe7508, pcode error at 06fe7508: Unable to disassemble EXTERNAL block location: 06fe7508  
2026-07-14 01:09:03 WARN  (DecompileCallback) Decompiling 06fe7510, pcode error at 06fe7510: Unable to disassemble EXTERNAL block location: 06fe7510  
2026-07-14 01:09:03 WARN  (DecompileCallback) Decompiling 06fe7518, pcode error at 06fe7518: Unable to disassemble EXTERNAL block location: 06fe7518  
2026-07-14 01:09:03 WARN  (DecompileCallback) Decompiling 06fe7520, pcode error at 06fe7520: Unable to disassemble EXTERNAL block location: 06fe7520  
2026-07-14 01:09:03 WARN  (DecompileCallback) Decompiling 06fe7528, pcode error at 06fe7528: Unable to disassemble EXTERNAL block location: 06fe7528  
2026-07-14 01:09:03 WARN  (DecompileCallback) Decompiling 06fe7538, pcode error at 06fe7538: Unable to disassemble EXTERNAL block location: 06fe7538  
2026-07-14 01:09:03 WARN  (DecompileCallback) Decompiling 06fe7540, pcode error at 06fe7540: Unable to disassemble EXTERNAL block location: 06fe7540  
2026-07-14 01:09:03 WARN  (DecompileCallback) Decompiling 06fe7548, pcode error at 06fe7548: Unable to disassemble EXTERNAL block location: 06fe7548  
2026-07-14 01:09:03 WARN  (DecompileCallback) Decompiling 06fe7550, pcode error at 06fe7550: Unable to disassemble EXTERNAL block location: 06fe7550  
2026-07-14 01:09:03 WARN  (DecompileCallback) Decompiling 06fe7558, pcode error at 06fe7558: Unable to disassemble EXTERNAL block location: 06fe7558  
2026-07-14 01:09:03 WARN  (DecompileCallback) Decompiling 06fe7560, pcode error at 06fe7560: Unable to disassemble EXTERNAL block location: 06fe7560  
2026-07-14 01:09:03 WARN  (DecompileCallback) Decompiling 06fe7568, pcode error at 06fe7568: Unable to disassemble EXTERNAL block location: 06fe7568  
2026-07-14 01:09:03 WARN  (DecompileCallback) Decompiling 06fe7570, pcode error at 06fe7570: Unable to disassemble EXTERNAL block location: 06fe7570  
2026-07-14 01:09:03 WARN  (DecompileCallback) Decompiling 06fe7578, pcode error at 06fe7578: Unable to disassemble EXTERNAL block location: 06fe7578  
2026-07-14 01:09:03 WARN  (DecompileCallback) Decompiling 06fe7580, pcode error at 06fe7580: Unable to disassemble EXTERNAL block location: 06fe7580  
2026-07-14 01:09:03 WARN  (DecompileCallback) Decompiling 06fe7588, pcode error at 06fe7588: Unable to disassemble EXTERNAL block location: 06fe7588  
2026-07-14 01:09:03 WARN  (DecompileCallback) Decompiling 06fe7590, pcode error at 06fe7590: Unable to disassemble EXTERNAL block location: 06fe7590  
2026-07-14 01:09:03 WARN  (DecompileCallback) Decompiling 06fe7598, pcode error at 06fe7598: Unable to disassemble EXTERNAL block location: 06fe7598  
2026-07-14 01:09:03 WARN  (DecompileCallback) Decompiling 06fe75a0, pcode error at 06fe75a0: Unable to disassemble EXTERNAL block location: 06fe75a0  
2026-07-14 01:09:03 WARN  (DecompileCallback) Decompiling 06fe75a8, pcode error at 06fe75a8: Unable to disassemble EXTERNAL block location: 06fe75a8  
2026-07-14 01:09:03 WARN  (DecompileCallback) Decompiling 06fe75b0, pcode error at 06fe75b0: Unable to disassemble EXTERNAL block location: 06fe75b0  
2026-07-14 01:09:03 WARN  (DecompileCallback) Decompiling 06fe75b8, pcode error at 06fe75b8: Unable to disassemble EXTERNAL block location: 06fe75b8  
2026-07-14 01:09:03 WARN  (DecompileCallback) Decompiling 06fe75c0, pcode error at 06fe75c0: Unable to disassemble EXTERNAL block location: 06fe75c0  
2026-07-14 01:09:03 WARN  (DecompileCallback) Decompiling 06fe75c8, pcode error at 06fe75c8: Unable to disassemble EXTERNAL block location: 06fe75c8  
2026-07-14 01:09:03 WARN  (DecompileCallback) Decompiling 06fe75d0, pcode error at 06fe75d0: Unable to disassemble EXTERNAL block location: 06fe75d0  
2026-07-14 01:09:03 WARN  (DecompileCallback) Decompiling 06fe75d8, pcode error at 06fe75d8: Unable to disassemble EXTERNAL block location: 06fe75d8  
2026-07-14 01:09:03 WARN  (DecompileCallback) Decompiling 06fe75e0, pcode error at 06fe75e0: Unable to disassemble EXTERNAL block location: 06fe75e0  
2026-07-14 01:09:03 WARN  (DecompileCallback) Decompiling 06fe75e8, pcode error at 06fe75e8: Unable to disassemble EXTERNAL block location: 06fe75e8  
2026-07-14 01:09:03 WARN  (DecompileCallback) Decompiling 06fe75f0, pcode error at 06fe75f0: Unable to disassemble EXTERNAL block location: 06fe75f0  
2026-07-14 01:09:03 WARN  (DecompileCallback) Decompiling 06fe75f8, pcode error at 06fe75f8: Unable to disassemble EXTERNAL block location: 06fe75f8  
2026-07-14 01:09:03 WARN  (DecompileCallback) Decompiling 06fe7600, pcode error at 06fe7600: Unable to disassemble EXTERNAL block location: 06fe7600  
2026-07-14 01:09:03 WARN  (DecompileCallback) Decompiling 06fe7608, pcode error at 06fe7608: Unable to disassemble EXTERNAL block location: 06fe7608  
2026-07-14 01:09:03 WARN  (DecompileCallback) Decompiling 06fe7610, pcode error at 06fe7610: Unable to disassemble EXTERNAL block location: 06fe7610  
2026-07-14 01:09:03 WARN  (DecompileCallback) Decompiling 06fe7618, pcode error at 06fe7618: Unable to disassemble EXTERNAL block location: 06fe7618  
2026-07-14 01:09:03 WARN  (DecompileCallback) Decompiling 06fe7620, pcode error at 06fe7620: Unable to disassemble EXTERNAL block location: 06fe7620  
2026-07-14 01:09:03 WARN  (DecompileCallback) Decompiling 06fe7628, pcode error at 06fe7628: Unable to disassemble EXTERNAL block location: 06fe7628  
2026-07-14 01:09:03 WARN  (DecompileCallback) Decompiling 06fe7630, pcode error at 06fe7630: Unable to disassemble EXTERNAL block location: 06fe7630  
2026-07-14 01:09:03 WARN  (DecompileCallback) Decompiling 06fe7638, pcode error at 06fe7638: Unable to disassemble EXTERNAL block location: 06fe7638  
2026-07-14 01:09:03 WARN  (DecompileCallback) Decompiling 06fe7640, pcode error at 06fe7640: Unable to disassemble EXTERNAL block location: 06fe7640  
2026-07-14 01:09:03 WARN  (DecompileCallback) Decompiling 06fe7648, pcode error at 06fe7648: Unable to disassemble EXTERNAL block location: 06fe7648  
2026-07-14 01:09:03 WARN  (DecompileCallback) Decompiling 06fe7650, pcode error at 06fe7650: Unable to disassemble EXTERNAL block location: 06fe7650  
2026-07-14 01:09:03 WARN  (DecompileCallback) Decompiling 06fe7658, pcode error at 06fe7658: Unable to disassemble EXTERNAL block location: 06fe7658  
2026-07-14 01:09:03 WARN  (DecompileCallback) Decompiling 06fe7660, pcode error at 06fe7660: Unable to disassemble EXTERNAL block location: 06fe7660  
2026-07-14 01:09:03 WARN  (DecompileCallback) Decompiling 06fe7668, pcode error at 06fe7668: Unable to disassemble EXTERNAL block location: 06fe7668  
2026-07-14 01:09:03 WARN  (DecompileCallback) Decompiling 06fe7670, pcode error at 06fe7670: Unable to disassemble EXTERNAL block location: 06fe7670  
2026-07-14 01:09:03 WARN  (DecompileCallback) Decompiling 06fe7678, pcode error at 06fe7678: Unable to disassemble EXTERNAL block location: 06fe7678  
2026-07-14 01:09:03 WARN  (DecompileCallback) Decompiling 06fe7680, pcode error at 06fe7680: Unable to disassemble EXTERNAL block location: 06fe7680  
2026-07-14 01:09:03 WARN  (DecompileCallback) Decompiling 06fe7688, pcode error at 06fe7688: Unable to disassemble EXTERNAL block location: 06fe7688  
2026-07-14 01:09:03 WARN  (DecompileCallback) Decompiling 06fe7690, pcode error at 06fe7690: Unable to disassemble EXTERNAL block location: 06fe7690  
2026-07-14 01:09:03 WARN  (DecompileCallback) Decompiling 06fe7698, pcode error at 06fe7698: Unable to disassemble EXTERNAL block location: 06fe7698  
2026-07-14 01:09:03 WARN  (DecompileCallback) Decompiling 06fe76a0, pcode error at 06fe76a0: Unable to disassemble EXTERNAL block location: 06fe76a0  
2026-07-14 01:09:03 WARN  (DecompileCallback) Decompiling 06fe76a8, pcode error at 06fe76a8: Unable to disassemble EXTERNAL block location: 06fe76a8  
2026-07-14 01:09:03 WARN  (DecompileCallback) Decompiling 06fe76b0, pcode error at 06fe76b0: Unable to disassemble EXTERNAL block location: 06fe76b0  
2026-07-14 01:09:03 WARN  (DecompileCallback) Decompiling 06fe76b8, pcode error at 06fe76b8: Unable to disassemble EXTERNAL block location: 06fe76b8  
2026-07-14 01:09:03 WARN  (DecompileCallback) Decompiling 06fe76c0, pcode error at 06fe76c0: Unable to disassemble EXTERNAL block location: 06fe76c0  
2026-07-14 01:09:03 WARN  (DecompileCallback) Decompiling 06fe76c8, pcode error at 06fe76c8: Unable to disassemble EXTERNAL block location: 06fe76c8  
2026-07-14 01:09:03 WARN  (DecompileCallback) Decompiling 06fe76d0, pcode error at 06fe76d0: Unable to disassemble EXTERNAL block location: 06fe76d0  
2026-07-14 01:09:03 WARN  (DecompileCallback) Decompiling 06fe76d8, pcode error at 06fe76d8: Unable to disassemble EXTERNAL block location: 06fe76d8  
2026-07-14 01:09:03 WARN  (DecompileCallback) Decompiling 06fe76e0, pcode error at 06fe76e0: Unable to disassemble EXTERNAL block location: 06fe76e0  
2026-07-14 01:09:03 WARN  (DecompileCallback) Decompiling 06fe76e8, pcode error at 06fe76e8: Unable to disassemble EXTERNAL block location: 06fe76e8  
2026-07-14 01:09:03 WARN  (DecompileCallback) Decompiling 06fe76f0, pcode error at 06fe76f0: Unable to disassemble EXTERNAL block location: 06fe76f0  
2026-07-14 01:09:03 WARN  (DecompileCallback) Decompiling 06fe76f8, pcode error at 06fe76f8: Unable to disassemble EXTERNAL block location: 06fe76f8  
2026-07-14 01:09:03 WARN  (DecompileCallback) Decompiling 06fe7700, pcode error at 06fe7700: Unable to disassemble EXTERNAL block location: 06fe7700  
2026-07-14 01:09:03 WARN  (DecompileCallback) Decompiling 06fe7708, pcode error at 06fe7708: Unable to disassemble EXTERNAL block location: 06fe7708  
2026-07-14 01:09:03 WARN  (DecompileCallback) Decompiling 06fe7710, pcode error at 06fe7710: Unable to disassemble EXTERNAL block location: 06fe7710  
2026-07-14 01:09:03 WARN  (DecompileCallback) Decompiling 06fe7718, pcode error at 06fe7718: Unable to disassemble EXTERNAL block location: 06fe7718  
2026-07-14 01:09:04 WARN  (DecompileCallback) Decompiling 06fe7720, pcode error at 06fe7720: Unable to disassemble EXTERNAL block location: 06fe7720  
2026-07-14 01:09:04 WARN  (DecompileCallback) Decompiling 06fe7728, pcode error at 06fe7728: Unable to disassemble EXTERNAL block location: 06fe7728  
2026-07-14 01:09:04 WARN  (DecompileCallback) Decompiling 06fe7730, pcode error at 06fe7730: Unable to disassemble EXTERNAL block location: 06fe7730  
2026-07-14 01:09:04 WARN  (DecompileCallback) Decompiling 06fe7738, pcode error at 06fe7738: Unable to disassemble EXTERNAL block location: 06fe7738  
2026-07-14 01:09:04 WARN  (DecompileCallback) Decompiling 06fe7740, pcode error at 06fe7740: Unable to disassemble EXTERNAL block location: 06fe7740  
2026-07-14 01:09:04 WARN  (DecompileCallback) Decompiling 06fe7748, pcode error at 06fe7748: Unable to disassemble EXTERNAL block location: 06fe7748  
2026-07-14 01:09:04 WARN  (DecompileCallback) Decompiling 06fe7750, pcode error at 06fe7750: Unable to disassemble EXTERNAL block location: 06fe7750  
2026-07-14 01:09:04 WARN  (DecompileCallback) Decompiling 06fe7758, pcode error at 06fe7758: Unable to disassemble EXTERNAL block location: 06fe7758  
2026-07-14 01:09:04 WARN  (DecompileCallback) Decompiling 06fe7760, pcode error at 06fe7760: Unable to disassemble EXTERNAL block location: 06fe7760  
2026-07-14 01:09:04 WARN  (DecompileCallback) Decompiling 06fe7768, pcode error at 06fe7768: Unable to disassemble EXTERNAL block location: 06fe7768  
2026-07-14 01:09:04 WARN  (DecompileCallback) Decompiling 06fe7770, pcode error at 06fe7770: Unable to disassemble EXTERNAL block location: 06fe7770  
2026-07-14 01:09:04 WARN  (DecompileCallback) Decompiling 06fe7778, pcode error at 06fe7778: Unable to disassemble EXTERNAL block location: 06fe7778  
2026-07-14 01:09:04 WARN  (DecompileCallback) Decompiling 06fe7780, pcode error at 06fe7780: Unable to disassemble EXTERNAL block location: 06fe7780  
2026-07-14 01:09:04 WARN  (DecompileCallback) Decompiling 06fe7788, pcode error at 06fe7788: Unable to disassemble EXTERNAL block location: 06fe7788  
2026-07-14 01:09:04 WARN  (DecompileCallback) Decompiling 06fe7790, pcode error at 06fe7790: Unable to disassemble EXTERNAL block location: 06fe7790  
2026-07-14 01:09:04 WARN  (DecompileCallback) Decompiling 06fe7798, pcode error at 06fe7798: Unable to disassemble EXTERNAL block location: 06fe7798  
2026-07-14 01:09:04 WARN  (DecompileCallback) Decompiling 06fe77a0, pcode error at 06fe77a0: Unable to disassemble EXTERNAL block location: 06fe77a0  
2026-07-14 01:09:04 WARN  (DecompileCallback) Decompiling 06fe77a8, pcode error at 06fe77a8: Unable to disassemble EXTERNAL block location: 06fe77a8  
2026-07-14 01:09:04 WARN  (DecompileCallback) Decompiling 06fe77b0, pcode error at 06fe77b0: Unable to disassemble EXTERNAL block location: 06fe77b0  
2026-07-14 01:09:04 WARN  (DecompileCallback) Decompiling 06fe77b8, pcode error at 06fe77b8: Unable to disassemble EXTERNAL block location: 06fe77b8  
2026-07-14 01:09:04 WARN  (DecompileCallback) Decompiling 06fe77c0, pcode error at 06fe77c0: Unable to disassemble EXTERNAL block location: 06fe77c0  
2026-07-14 01:09:04 WARN  (DecompileCallback) Decompiling 06fe77c8, pcode error at 06fe77c8: Unable to disassemble EXTERNAL block location: 06fe77c8  
2026-07-14 01:09:04 WARN  (DecompileCallback) Decompiling 06fe77d0, pcode error at 06fe77d0: Unable to disassemble EXTERNAL block location: 06fe77d0  
2026-07-14 01:09:04 WARN  (DecompileCallback) Decompiling 06fe77d8, pcode error at 06fe77d8: Unable to disassemble EXTERNAL block location: 06fe77d8  
2026-07-14 01:09:04 WARN  (DecompileCallback) Decompiling 06fe77e0, pcode error at 06fe77e0: Unable to disassemble EXTERNAL block location: 06fe77e0  
2026-07-14 01:09:04 WARN  (DecompileCallback) Decompiling 06fe77e8, pcode error at 06fe77e8: Unable to disassemble EXTERNAL block location: 06fe77e8  
2026-07-14 01:09:04 WARN  (DecompileCallback) Decompiling 06fe77f0, pcode error at 06fe77f0: Unable to disassemble EXTERNAL block location: 06fe77f0  
2026-07-14 01:09:04 WARN  (DecompileCallback) Decompiling 06fe77f8, pcode error at 06fe77f8: Unable to disassemble EXTERNAL block location: 06fe77f8  
2026-07-14 01:09:04 WARN  (DecompileCallback) Decompiling 06fe7800, pcode error at 06fe7800: Unable to disassemble EXTERNAL block location: 06fe7800  
2026-07-14 01:09:04 WARN  (DecompileCallback) Decompiling 06fe7808, pcode error at 06fe7808: Unable to disassemble EXTERNAL block location: 06fe7808  
2026-07-14 01:09:04 WARN  (DecompileCallback) Decompiling 06fe7810, pcode error at 06fe7810: Unable to disassemble EXTERNAL block location: 06fe7810  
2026-07-14 01:09:04 WARN  (DecompileCallback) Decompiling 06fe7818, pcode error at 06fe7818: Unable to disassemble EXTERNAL block location: 06fe7818  
2026-07-14 01:09:04 WARN  (DecompileCallback) Decompiling 06fe7820, pcode error at 06fe7820: Unable to disassemble EXTERNAL block location: 06fe7820  
2026-07-14 01:09:04 WARN  (DecompileCallback) Decompiling 06fe7828, pcode error at 06fe7828: Unable to disassemble EXTERNAL block location: 06fe7828  
2026-07-14 01:09:04 WARN  (DecompileCallback) Decompiling 06fe7830, pcode error at 06fe7830: Unable to disassemble EXTERNAL block location: 06fe7830  
2026-07-14 01:09:04 WARN  (DecompileCallback) Decompiling 06fe7838, pcode error at 06fe7838: Unable to disassemble EXTERNAL block location: 06fe7838  
2026-07-14 01:09:04 WARN  (DecompileCallback) Decompiling 06fe7840, pcode error at 06fe7840: Unable to disassemble EXTERNAL block location: 06fe7840  
2026-07-14 01:09:04 WARN  (DecompileCallback) Decompiling 06fe7848, pcode error at 06fe7848: Unable to disassemble EXTERNAL block location: 06fe7848  
2026-07-14 01:09:04 WARN  (DecompileCallback) Decompiling 06fe7850, pcode error at 06fe7850: Unable to disassemble EXTERNAL block location: 06fe7850  
2026-07-14 01:09:04 WARN  (DecompileCallback) Decompiling 06fe7858, pcode error at 06fe7858: Unable to disassemble EXTERNAL block location: 06fe7858  
2026-07-14 01:09:04 WARN  (DecompileCallback) Decompiling 06fe7860, pcode error at 06fe7860: Unable to disassemble EXTERNAL block location: 06fe7860  
2026-07-14 01:09:04 WARN  (DecompileCallback) Decompiling 06fe7868, pcode error at 06fe7868: Unable to disassemble EXTERNAL block location: 06fe7868  
2026-07-14 01:09:04 WARN  (DecompileCallback) Decompiling 06fe7870, pcode error at 06fe7870: Unable to disassemble EXTERNAL block location: 06fe7870  
2026-07-14 01:09:04 WARN  (DecompileCallback) Decompiling 06fe7878, pcode error at 06fe7878: Unable to disassemble EXTERNAL block location: 06fe7878  
2026-07-14 01:09:04 WARN  (DecompileCallback) Decompiling 06fe7880, pcode error at 06fe7880: Unable to disassemble EXTERNAL block location: 06fe7880  
2026-07-14 01:09:04 WARN  (DecompileCallback) Decompiling 06fe7890, pcode error at 06fe7890: Unable to disassemble EXTERNAL block location: 06fe7890  
2026-07-14 01:09:04 WARN  (DecompileCallback) Decompiling 06fe7898, pcode error at 06fe7898: Unable to disassemble EXTERNAL block location: 06fe7898  
2026-07-14 01:09:04 WARN  (DecompileCallback) Decompiling 06fe78a0, pcode error at 06fe78a0: Unable to disassemble EXTERNAL block location: 06fe78a0  
2026-07-14 01:09:04 WARN  (DecompileCallback) Decompiling 06fe78a8, pcode error at 06fe78a8: Unable to disassemble EXTERNAL block location: 06fe78a8  
2026-07-14 01:09:04 WARN  (DecompileCallback) Decompiling 06fe78b0, pcode error at 06fe78b0: Unable to disassemble EXTERNAL block location: 06fe78b0  
2026-07-14 01:09:04 WARN  (DecompileCallback) Decompiling 06fe78b8, pcode error at 06fe78b8: Unable to disassemble EXTERNAL block location: 06fe78b8  
2026-07-14 01:09:04 WARN  (DecompileCallback) Decompiling 06fe78c0, pcode error at 06fe78c0: Unable to disassemble EXTERNAL block location: 06fe78c0  
2026-07-14 01:09:04 WARN  (DecompileCallback) Decompiling 06fe78c8, pcode error at 06fe78c8: Unable to disassemble EXTERNAL block location: 06fe78c8  
2026-07-14 01:09:04 INFO  (GhidraScript) GeneralStructureEyePatternScan.java> General structure scan complete.  
2026-07-14 01:09:04 INFO  (GhidraScript) GeneralStructureEyePatternScan.java> Total functions scanned: 729570  
2026-07-14 01:09:04 INFO  (GhidraScript) GeneralStructureEyePatternScan.java> Exported functions: 3101  
2026-07-14 01:09:04 INFO  (GhidraScript) GeneralStructureEyePatternScan.java> Decompile failures: 1151  
2026-07-14 01:09:04 INFO  (GhidraScript) GeneralStructureEyePatternScan.java> Report CSV: C:\realDesktop\manifest-evaluations\summer-26\ghidra-pipeline\il2cpp-files\DiscGolf\general-structure-results\structure_scan_report.csv  
2026-07-14 01:09:04 INFO  (GhidraScript) GeneralStructureEyePatternScan.java> Report JSON: C:\realDesktop\manifest-evaluations\summer-26\ghidra-pipeline\il2cpp-files\DiscGolf\general-structure-results\structure_scan_report.json  
2026-07-14 01:09:04 INFO  (HeadlessAnalyzer) REPORT: Save succeeded for processed file: /DiscGolf-libil2cpp.so  
