2026-07-27 17:27:16 INFO  (LoggingInitialization) Using log config file: jar:file:/C:/Users/kimgiordano27/Downloads/ghidra_12.1.2_PUBLIC_20260605/ghidra_12.1.2_PUBLIC/Ghidra/Framework/Generic/lib/Generic.jar!/generic.log4j.xml  
2026-07-27 17:27:16 INFO  (LoggingInitialization) Using log file: C:\realDesktop\manifest-evaluations\summer-26\ghidra-pipeline\il2cpp-files\waitwhat\general-structure-ghidra.log  
2026-07-27 17:27:16 DEBUG (GhidraObjectInputFilter) Including serial input filter: FileSystem/data/client.rmi.serial.filter  
2026-07-27 17:27:16 INFO  (Preferences) Loading user preferences: C:\Users\kimgiordano27\AppData\Roaming\ghidra\ghidra_12.1.2_PUBLIC\preferences  
2026-07-27 17:27:16 INFO  (ClassSearcher) Searching for classes...  
2026-07-27 17:27:16 INFO  (ClassSearcher) Class search complete (631 ms)  
2026-07-27 17:27:16 INFO  (DefaultSSLContextInitializer) Initializing SSL Context  
2026-07-27 17:27:16 INFO  (SecureRandomFactory) Initializing Random Number Generator...  
2026-07-27 17:27:16 INFO  (SecureRandomFactory) Random Number Generator initialization complete: SHA1PRNG  
2026-07-27 17:27:16 INFO  (DefaultTrustManagerFactory) Trust manager disabled, cacerts have not been set  
2026-07-27 17:27:17 INFO  (AnalyzeHeadless) Headless startup complete (6283 ms)  
2026-07-27 17:27:17 INFO  (ClassSearcher) Class searcher loaded 59 extension points (20 false positives)  
2026-07-27 17:27:17 INFO  (HeadlessAnalyzer) HEADLESS Script Paths:
    C:\Users\kimgiordano27\Downloads\ghidra_12.1.2_PUBLIC_20260605\ghidra_12.1.2_PUBLIC\Ghidra\Features\DecompilerDependent\ghidra_scripts
    C:\Users\kimgiordano27\Downloads\ghidra_12.1.2_PUBLIC_20260605\ghidra_12.1.2_PUBLIC\Ghidra\Processors\Atmel\ghidra_scripts
    C:\Users\kimgiordano27\Downloads\ghidra_12.1.2_PUBLIC_20260605\ghidra_12.1.2_PUBLIC\Ghidra\Processors\PIC\ghidra_scripts
    C:\Users\kimgiordano27\Downloads\ghidra_12.1.2_PUBLIC_20260605\ghidra_12.1.2_PUBLIC\Ghidra\Features\VersionTracking\ghidra_scripts
    C:\Users\kimgiordano27\Downloads\ghidra_12.1.2_PUBLIC_20260605\ghidra_12.1.2_PUBLIC\Ghidra\Features\BytePatterns\ghidra_scripts
    C:\Users\kimgiordano27\ghidra_scripts
    C:\Users\kimgiordano27\Downloads\ghidra_12.1.2_PUBLIC_20260605\ghidra_12.1.2_PUBLIC\Ghidra\Features\BSim\ghidra_scripts
    C:\realDesktop\manifest-evaluations\summer-26\ghidra-pipeline\ghidra-export-scripts
    C:\Users\kimgiordano27\Downloads\ghidra_12.1.2_PUBLIC_20260605\ghidra_12.1.2_PUBLIC\Ghidra\Processors\JVM\ghidra_scripts
    C:\Users\kimgiordano27\Downloads\ghidra_12.1.2_PUBLIC_20260605\ghidra_12.1.2_PUBLIC\Ghidra\Features\Base\ghidra_scripts
    C:\Users\kimgiordano27\Downloads\ghidra_12.1.2_PUBLIC_20260605\ghidra_12.1.2_PUBLIC\Ghidra\Features\SwiftDemangler\ghidra_scripts
    C:\Users\kimgiordano27\Downloads\ghidra_12.1.2_PUBLIC_20260605\ghidra_12.1.2_PUBLIC\Ghidra\Features\WildcardAssembler\ghidra_scripts
    C:\Users\kimgiordano27\Downloads\ghidra_12.1.2_PUBLIC_20260605\ghidra_12.1.2_PUBLIC\Ghidra\Features\FileFormats\ghidra_scripts
    C:\Users\kimgiordano27\Downloads\ghidra_12.1.2_PUBLIC_20260605\ghidra_12.1.2_PUBLIC\Ghidra\Features\Decompiler\ghidra_scripts
    C:\Users\kimgiordano27\Downloads\ghidra_12.1.2_PUBLIC_20260605\ghidra_12.1.2_PUBLIC\Ghidra\Features\SystemEmulation\ghidra_scripts
    C:\Users\kimgiordano27\Downloads\ghidra_12.1.2_PUBLIC_20260605\ghidra_12.1.2_PUBLIC\Ghidra\Processors\8051\ghidra_scripts
    C:\Users\kimgiordano27\Downloads\ghidra_12.1.2_PUBLIC_20260605\ghidra_12.1.2_PUBLIC\Ghidra\Features\GnuDemangler\ghidra_scripts
    C:\Users\kimgiordano27\Downloads\ghidra_12.1.2_PUBLIC_20260605\ghidra_12.1.2_PUBLIC\Ghidra\Debug\Debugger\ghidra_scripts
    C:\Users\kimgiordano27\Downloads\ghidra_12.1.2_PUBLIC_20260605\ghidra_12.1.2_PUBLIC\Ghidra\Processors\DATA\ghidra_scripts
    C:\Users\kimgiordano27\Downloads\ghidra_12.1.2_PUBLIC_20260605\ghidra_12.1.2_PUBLIC\Ghidra\Debug\Debugger-rmi-trace\ghidra_scripts
    C:\Users\kimgiordano27\Downloads\ghidra_12.1.2_PUBLIC_20260605\ghidra_12.1.2_PUBLIC\Ghidra\Features\FunctionID\ghidra_scripts
    C:\Users\kimgiordano27\Downloads\ghidra_12.1.2_PUBLIC_20260605\ghidra_12.1.2_PUBLIC\Ghidra\Features\MicrosoftCodeAnalyzer\ghidra_scripts
    C:\Users\kimgiordano27\Downloads\ghidra_12.1.2_PUBLIC_20260605\ghidra_12.1.2_PUBLIC\Ghidra\Features\PDB\ghidra_scripts
    C:\Users\kimgiordano27\AppData\Roaming\ghidra\ghidra_12.1.2_PUBLIC\Extensions\Jython\ghidra_scripts
    C:\Users\kimgiordano27\Downloads\ghidra_12.1.2_PUBLIC_20260605\ghidra_12.1.2_PUBLIC\Ghidra\Features\PyGhidra\ghidra_scripts  
2026-07-27 17:27:17 INFO  (HeadlessAnalyzer) HEADLESS: execution starts  
2026-07-27 17:27:17 INFO  (HeadlessAnalyzer) Opening existing project: C:\realDesktop\manifest-evaluations\summer-26\ghidra-pipeline\il2cpp-files\waitwhat\ghidra-project-waitwhat\waitwhat  
2026-07-27 17:27:17 INFO  (HeadlessProject) Opening project: C:\realDesktop\manifest-evaluations\summer-26\ghidra-pipeline\il2cpp-files\waitwhat\ghidra-project-waitwhat\waitwhat  
2026-07-27 17:27:17 INFO  (LocalFileSystem) /waitwhat-libil2cpp.so: checkout (2) granted (kimgiordano27)  
2026-07-27 17:27:22 INFO  (HeadlessAnalyzer) REPORT: Processing project file: /waitwhat-libil2cpp.so  
2026-07-27 17:27:23 INFO  (HeadlessAnalyzer) REPORT: Execute script: GeneralStructureEyePatternScan.java 'C:\realDesktop\manifest-evaluations\summer-26\ghidra-pipeline\il2cpp-files\waitwhat\general-structure-results' '70' 'false'   
2026-07-27 17:27:23 INFO  (HeadlessAnalyzer) SCRIPT: C:\realDesktop\manifest-evaluations\summer-26\ghidra-pipeline\ghidra-export-scripts\GeneralStructureEyePatternScan.java  
2026-07-27 17:27:23 INFO  (GhidraScript) GeneralStructureEyePatternScan.java> General structure scan starting...  
2026-07-27 17:27:23 INFO  (GhidraScript) GeneralStructureEyePatternScan.java> Output: C:\realDesktop\manifest-evaluations\summer-26\ghidra-pipeline\il2cpp-files\waitwhat\general-structure-results  
2026-07-27 17:27:23 INFO  (GhidraScript) GeneralStructureEyePatternScan.java> Minimum review score: 70  
2026-07-27 17:27:23 INFO  (GhidraScript) GeneralStructureEyePatternScan.java> Export all: false  
2026-07-27 17:27:40 INFO  (GhidraScript) GeneralStructureEyePatternScan.java> Scanned 10000 functions. Exported so far: 0  
2026-07-27 17:27:48 INFO  (GhidraScript) GeneralStructureEyePatternScan.java> Scanned 20000 functions. Exported so far: 0  
2026-07-27 17:28:01 INFO  (GhidraScript) GeneralStructureEyePatternScan.java> Scanned 30000 functions. Exported so far: 0  
2026-07-27 17:28:19 INFO  (GhidraScript) GeneralStructureEyePatternScan.java> Scanned 40000 functions. Exported so far: 0  
2026-07-27 17:28:37 INFO  (GhidraScript) GeneralStructureEyePatternScan.java> Scanned 50000 functions. Exported so far: 0  
2026-07-27 17:28:54 INFO  (GhidraScript) GeneralStructureEyePatternScan.java> Scanned 60000 functions. Exported so far: 0  
2026-07-27 17:29:19 INFO  (GhidraScript) GeneralStructureEyePatternScan.java> Scanned 70000 functions. Exported so far: 0  
2026-07-27 17:29:38 INFO  (GhidraScript) GeneralStructureEyePatternScan.java> Scanned 80000 functions. Exported so far: 0  
2026-07-27 17:29:54 INFO  (GhidraScript) GeneralStructureEyePatternScan.java> Scanned 90000 functions. Exported so far: 0  
2026-07-27 17:30:12 INFO  (GhidraScript) GeneralStructureEyePatternScan.java> Scanned 100000 functions. Exported so far: 0  
2026-07-27 17:30:32 INFO  (GhidraScript) GeneralStructureEyePatternScan.java> Scanned 110000 functions. Exported so far: 0  
2026-07-27 17:30:51 INFO  (GhidraScript) GeneralStructureEyePatternScan.java> Scanned 120000 functions. Exported so far: 0  
2026-07-27 17:31:12 INFO  (GhidraScript) GeneralStructureEyePatternScan.java> Scanned 130000 functions. Exported so far: 0  
2026-07-27 17:31:29 INFO  (GhidraScript) GeneralStructureEyePatternScan.java> Scanned 140000 functions. Exported so far: 4  
2026-07-27 17:33:50 INFO  (GhidraScript) GeneralStructureEyePatternScan.java> Scanned 150000 functions. Exported so far: 11  
2026-07-27 17:36:37 INFO  (GhidraScript) GeneralStructureEyePatternScan.java> Scanned 160000 functions. Exported so far: 13  
2026-07-27 17:41:37 INFO  (GhidraScript) GeneralStructureEyePatternScan.java> Scanned 170000 functions. Exported so far: 17  
2026-07-27 17:44:08 INFO  (GhidraScript) GeneralStructureEyePatternScan.java> Scanned 180000 functions. Exported so far: 25  
2026-07-28 02:23:45 INFO  (GhidraScript) GeneralStructureEyePatternScan.java> Scanned 190000 functions. Exported so far: 35  
2026-07-28 02:24:29 INFO  (GhidraScript) GeneralStructureEyePatternScan.java> Scanned 200000 functions. Exported so far: 44  
2026-07-28 02:25:32 INFO  (GhidraScript) GeneralStructureEyePatternScan.java> Scanned 210000 functions. Exported so far: 48  
2026-07-28 02:27:29 INFO  (GhidraScript) GeneralStructureEyePatternScan.java> Scanned 220000 functions. Exported so far: 63  
2026-07-28 02:29:45 INFO  (GhidraScript) GeneralStructureEyePatternScan.java> Scanned 230000 functions. Exported so far: 88  
2026-07-28 02:31:41 INFO  (GhidraScript) GeneralStructureEyePatternScan.java> Scanned 240000 functions. Exported so far: 109  
2026-07-28 02:32:48 INFO  (GhidraScript) GeneralStructureEyePatternScan.java> Scanned 250000 functions. Exported so far: 119  
2026-07-28 02:34:04 INFO  (GhidraScript) GeneralStructureEyePatternScan.java> Scanned 260000 functions. Exported so far: 120  
2026-07-28 02:35:49 INFO  (GhidraScript) GeneralStructureEyePatternScan.java> Scanned 270000 functions. Exported so far: 163  
2026-07-28 02:36:29 INFO  (GhidraScript) GeneralStructureEyePatternScan.java> Scanned 280000 functions. Exported so far: 172  
2026-07-28 02:37:11 INFO  (GhidraScript) GeneralStructureEyePatternScan.java> Scanned 290000 functions. Exported so far: 172  
2026-07-28 02:38:07 INFO  (GhidraScript) GeneralStructureEyePatternScan.java> Scanned 300000 functions. Exported so far: 172  
2026-07-28 02:39:06 INFO  (GhidraScript) GeneralStructureEyePatternScan.java> Scanned 310000 functions. Exported so far: 172  
2026-07-28 02:40:11 INFO  (GhidraScript) GeneralStructureEyePatternScan.java> Scanned 320000 functions. Exported so far: 172  
2026-07-28 02:41:17 INFO  (GhidraScript) GeneralStructureEyePatternScan.java> Scanned 330000 functions. Exported so far: 173  
2026-07-28 02:42:28 INFO  (GhidraScript) GeneralStructureEyePatternScan.java> Scanned 340000 functions. Exported so far: 184  
2026-07-28 02:43:42 INFO  (GhidraScript) GeneralStructureEyePatternScan.java> Scanned 350000 functions. Exported so far: 374  
2026-07-28 02:44:28 INFO  (GhidraScript) GeneralStructureEyePatternScan.java> Scanned 360000 functions. Exported so far: 374  
2026-07-28 02:46:10 INFO  (GhidraScript) GeneralStructureEyePatternScan.java> Scanned 370000 functions. Exported so far: 388  
2026-07-28 02:47:02 INFO  (GhidraScript) GeneralStructureEyePatternScan.java> Scanned 380000 functions. Exported so far: 423  
2026-07-28 02:48:21 INFO  (GhidraScript) GeneralStructureEyePatternScan.java> Scanned 390000 functions. Exported so far: 423  
2026-07-28 02:49:17 INFO  (GhidraScript) GeneralStructureEyePatternScan.java> Scanned 400000 functions. Exported so far: 423  
2026-07-28 02:50:40 INFO  (GhidraScript) GeneralStructureEyePatternScan.java> Scanned 410000 functions. Exported so far: 450  
2026-07-28 02:51:36 INFO  (GhidraScript) GeneralStructureEyePatternScan.java> Scanned 420000 functions. Exported so far: 455  
2026-07-28 02:52:44 INFO  (GhidraScript) GeneralStructureEyePatternScan.java> Scanned 430000 functions. Exported so far: 463  
2026-07-28 02:54:40 INFO  (GhidraScript) GeneralStructureEyePatternScan.java> Scanned 440000 functions. Exported so far: 463  
2026-07-28 02:56:35 INFO  (GhidraScript) GeneralStructureEyePatternScan.java> Scanned 450000 functions. Exported so far: 474  
2026-07-28 02:59:23 INFO  (GhidraScript) GeneralStructureEyePatternScan.java> Scanned 460000 functions. Exported so far: 509  
2026-07-28 03:01:39 INFO  (GhidraScript) GeneralStructureEyePatternScan.java> Scanned 470000 functions. Exported so far: 514  
2026-07-28 03:03:17 INFO  (GhidraScript) GeneralStructureEyePatternScan.java> Scanned 480000 functions. Exported so far: 515  
2026-07-28 03:04:50 INFO  (GhidraScript) GeneralStructureEyePatternScan.java> Scanned 490000 functions. Exported so far: 515  
2026-07-28 03:06:25 INFO  (GhidraScript) GeneralStructureEyePatternScan.java> Scanned 500000 functions. Exported so far: 523  
2026-07-28 03:07:56 INFO  (GhidraScript) GeneralStructureEyePatternScan.java> Scanned 510000 functions. Exported so far: 564  
2026-07-28 03:08:36 INFO  (GhidraScript) GeneralStructureEyePatternScan.java> Scanned 520000 functions. Exported so far: 588  
2026-07-28 03:09:23 INFO  (GhidraScript) GeneralStructureEyePatternScan.java> Scanned 530000 functions. Exported so far: 588  
2026-07-28 03:10:11 INFO  (GhidraScript) GeneralStructureEyePatternScan.java> Scanned 540000 functions. Exported so far: 588  
2026-07-28 03:11:58 INFO  (GhidraScript) GeneralStructureEyePatternScan.java> Scanned 550000 functions. Exported so far: 632  
2026-07-28 03:14:08 INFO  (GhidraScript) GeneralStructureEyePatternScan.java> Scanned 560000 functions. Exported so far: 732  
2026-07-28 03:16:52 INFO  (GhidraScript) GeneralStructureEyePatternScan.java> Scanned 570000 functions. Exported so far: 732  
2026-07-28 03:38:29 INFO  (GhidraScript) GeneralStructureEyePatternScan.java> Scanned 580000 functions. Exported so far: 896  
2026-07-28 03:40:35 INFO  (GhidraScript) GeneralStructureEyePatternScan.java> Scanned 590000 functions. Exported so far: 936  
2026-07-28 03:43:10 INFO  (GhidraScript) GeneralStructureEyePatternScan.java> Scanned 600000 functions. Exported so far: 937  
2026-07-28 03:44:43 INFO  (GhidraScript) GeneralStructureEyePatternScan.java> Scanned 610000 functions. Exported so far: 1290  
2026-07-28 03:47:17 INFO  (GhidraScript) GeneralStructureEyePatternScan.java> Scanned 620000 functions. Exported so far: 1685  
2026-07-28 03:52:10 INFO  (GhidraScript) GeneralStructureEyePatternScan.java> Scanned 630000 functions. Exported so far: 1710  
2026-07-28 03:54:36 INFO  (GhidraScript) GeneralStructureEyePatternScan.java> Scanned 640000 functions. Exported so far: 1710  
2026-07-28 03:57:10 INFO  (GhidraScript) GeneralStructureEyePatternScan.java> Scanned 650000 functions. Exported so far: 1710  
2026-07-28 04:01:08 INFO  (GhidraScript) GeneralStructureEyePatternScan.java> Scanned 660000 functions. Exported so far: 1712  
2026-07-28 04:03:12 INFO  (GhidraScript) GeneralStructureEyePatternScan.java> Scanned 670000 functions. Exported so far: 1712  
2026-07-28 04:08:57 INFO  (GhidraScript) GeneralStructureEyePatternScan.java> Scanned 680000 functions. Exported so far: 1713  
2026-07-28 04:20:26 INFO  (GhidraScript) GeneralStructureEyePatternScan.java> Scanned 690000 functions. Exported so far: 1731  
2026-07-28 04:24:05 INFO  (GhidraScript) GeneralStructureEyePatternScan.java> Scanned 700000 functions. Exported so far: 1761  
2026-07-28 04:29:20 INFO  (GhidraScript) GeneralStructureEyePatternScan.java> Scanned 710000 functions. Exported so far: 1807  
2026-07-28 04:35:17 INFO  (GhidraScript) GeneralStructureEyePatternScan.java> Scanned 720000 functions. Exported so far: 1890  
2026-07-28 05:15:57 INFO  (GhidraScript) GeneralStructureEyePatternScan.java> Scanned 730000 functions. Exported so far: 1935  
2026-07-28 05:17:35 INFO  (GhidraScript) GeneralStructureEyePatternScan.java> Scanned 740000 functions. Exported so far: 2144  
2026-07-28 05:24:17 INFO  (GhidraScript) GeneralStructureEyePatternScan.java> Scanned 750000 functions. Exported so far: 2372  
2026-07-28 05:25:18 INFO  (GhidraScript) GeneralStructureEyePatternScan.java> Scanned 760000 functions. Exported so far: 2419  
2026-07-28 05:30:47 INFO  (GhidraScript) GeneralStructureEyePatternScan.java> Scanned 770000 functions. Exported so far: 2446  
2026-07-28 05:36:05 INFO  (GhidraScript) GeneralStructureEyePatternScan.java> Scanned 780000 functions. Exported so far: 2505  
2026-07-28 05:36:38 WARN  (DecompileCallback) Decompiling 0777a000, pcode error at 0777a000: Unable to disassemble EXTERNAL block location: 0777a000  
2026-07-28 05:36:38 WARN  (DecompileCallback) Decompiling 0777a008, pcode error at 0777a008: Unable to disassemble EXTERNAL block location: 0777a008  
2026-07-28 05:36:38 WARN  (DecompileCallback) Decompiling 0777a010, pcode error at 0777a010: Unable to disassemble EXTERNAL block location: 0777a010  
2026-07-28 05:36:38 WARN  (DecompileCallback) Decompiling 0777a018, pcode error at 0777a018: Unable to disassemble EXTERNAL block location: 0777a018  
2026-07-28 05:36:38 WARN  (DecompileCallback) Decompiling 0777a020, pcode error at 0777a020: Unable to disassemble EXTERNAL block location: 0777a020  
2026-07-28 05:36:38 WARN  (DecompileCallback) Decompiling 0777a028, pcode error at 0777a028: Unable to disassemble EXTERNAL block location: 0777a028  
2026-07-28 05:36:38 WARN  (DecompileCallback) Decompiling 0777a030, pcode error at 0777a030: Unable to disassemble EXTERNAL block location: 0777a030  
2026-07-28 05:36:38 WARN  (DecompileCallback) Decompiling 0777a038, pcode error at 0777a038: Unable to disassemble EXTERNAL block location: 0777a038  
2026-07-28 05:36:38 WARN  (DecompileCallback) Decompiling 0777a040, pcode error at 0777a040: Unable to disassemble EXTERNAL block location: 0777a040  
2026-07-28 05:36:38 WARN  (DecompileCallback) Decompiling 0777a048, pcode error at 0777a048: Unable to disassemble EXTERNAL block location: 0777a048  
2026-07-28 05:36:38 WARN  (DecompileCallback) Decompiling 0777a050, pcode error at 0777a050: Unable to disassemble EXTERNAL block location: 0777a050  
2026-07-28 05:36:38 WARN  (DecompileCallback) Decompiling 0777a058, pcode error at 0777a058: Unable to disassemble EXTERNAL block location: 0777a058  
2026-07-28 05:36:38 WARN  (DecompileCallback) Decompiling 0777a060, pcode error at 0777a060: Unable to disassemble EXTERNAL block location: 0777a060  
2026-07-28 05:36:38 WARN  (DecompileCallback) Decompiling 0777a068, pcode error at 0777a068: Unable to disassemble EXTERNAL block location: 0777a068  
2026-07-28 05:36:38 WARN  (DecompileCallback) Decompiling 0777a070, pcode error at 0777a070: Unable to disassemble EXTERNAL block location: 0777a070  
2026-07-28 05:36:38 WARN  (DecompileCallback) Decompiling 0777a078, pcode error at 0777a078: Unable to disassemble EXTERNAL block location: 0777a078  
2026-07-28 05:36:38 WARN  (DecompileCallback) Decompiling 0777a080, pcode error at 0777a080: Unable to disassemble EXTERNAL block location: 0777a080  
2026-07-28 05:36:38 WARN  (DecompileCallback) Decompiling 0777a088, pcode error at 0777a088: Unable to disassemble EXTERNAL block location: 0777a088  
2026-07-28 05:36:38 WARN  (DecompileCallback) Decompiling 0777a090, pcode error at 0777a090: Unable to disassemble EXTERNAL block location: 0777a090  
2026-07-28 05:36:38 WARN  (DecompileCallback) Decompiling 0777a098, pcode error at 0777a098: Unable to disassemble EXTERNAL block location: 0777a098  
2026-07-28 05:36:38 WARN  (DecompileCallback) Decompiling 0777a0a0, pcode error at 0777a0a0: Unable to disassemble EXTERNAL block location: 0777a0a0  
2026-07-28 05:36:38 WARN  (DecompileCallback) Decompiling 0777a0a8, pcode error at 0777a0a8: Unable to disassemble EXTERNAL block location: 0777a0a8  
2026-07-28 05:36:38 WARN  (DecompileCallback) Decompiling 0777a0b0, pcode error at 0777a0b0: Unable to disassemble EXTERNAL block location: 0777a0b0  
2026-07-28 05:36:38 WARN  (DecompileCallback) Decompiling 0777a0b8, pcode error at 0777a0b8: Unable to disassemble EXTERNAL block location: 0777a0b8  
2026-07-28 05:36:38 WARN  (DecompileCallback) Decompiling 0777a0c0, pcode error at 0777a0c0: Unable to disassemble EXTERNAL block location: 0777a0c0  
2026-07-28 05:36:38 WARN  (DecompileCallback) Decompiling 0777a0c8, pcode error at 0777a0c8: Unable to disassemble EXTERNAL block location: 0777a0c8  
2026-07-28 05:36:38 WARN  (DecompileCallback) Decompiling 0777a0d0, pcode error at 0777a0d0: Unable to disassemble EXTERNAL block location: 0777a0d0  
2026-07-28 05:36:38 WARN  (DecompileCallback) Decompiling 0777a0d8, pcode error at 0777a0d8: Unable to disassemble EXTERNAL block location: 0777a0d8  
2026-07-28 05:36:38 WARN  (DecompileCallback) Decompiling 0777a0e0, pcode error at 0777a0e0: Unable to disassemble EXTERNAL block location: 0777a0e0  
2026-07-28 05:36:38 WARN  (DecompileCallback) Decompiling 0777a0e8, pcode error at 0777a0e8: Unable to disassemble EXTERNAL block location: 0777a0e8  
2026-07-28 05:36:38 WARN  (DecompileCallback) Decompiling 0777a0f0, pcode error at 0777a0f0: Unable to disassemble EXTERNAL block location: 0777a0f0  
2026-07-28 05:36:38 WARN  (DecompileCallback) Decompiling 0777a0f8, pcode error at 0777a0f8: Unable to disassemble EXTERNAL block location: 0777a0f8  
2026-07-28 05:36:38 WARN  (DecompileCallback) Decompiling 0777a100, pcode error at 0777a100: Unable to disassemble EXTERNAL block location: 0777a100  
2026-07-28 05:36:38 WARN  (DecompileCallback) Decompiling 0777a108, pcode error at 0777a108: Unable to disassemble EXTERNAL block location: 0777a108  
2026-07-28 05:36:38 WARN  (DecompileCallback) Decompiling 0777a110, pcode error at 0777a110: Unable to disassemble EXTERNAL block location: 0777a110  
2026-07-28 05:36:38 WARN  (DecompileCallback) Decompiling 0777a118, pcode error at 0777a118: Unable to disassemble EXTERNAL block location: 0777a118  
2026-07-28 05:36:38 WARN  (DecompileCallback) Decompiling 0777a120, pcode error at 0777a120: Unable to disassemble EXTERNAL block location: 0777a120  
2026-07-28 05:36:38 WARN  (DecompileCallback) Decompiling 0777a128, pcode error at 0777a128: Unable to disassemble EXTERNAL block location: 0777a128  
2026-07-28 05:36:38 WARN  (DecompileCallback) Decompiling 0777a130, pcode error at 0777a130: Unable to disassemble EXTERNAL block location: 0777a130  
2026-07-28 05:36:38 WARN  (DecompileCallback) Decompiling 0777a138, pcode error at 0777a138: Unable to disassemble EXTERNAL block location: 0777a138  
2026-07-28 05:36:38 WARN  (DecompileCallback) Decompiling 0777a148, pcode error at 0777a148: Unable to disassemble EXTERNAL block location: 0777a148  
2026-07-28 05:36:38 WARN  (DecompileCallback) Decompiling 0777a150, pcode error at 0777a150: Unable to disassemble EXTERNAL block location: 0777a150  
2026-07-28 05:36:38 WARN  (DecompileCallback) Decompiling 0777a158, pcode error at 0777a158: Unable to disassemble EXTERNAL block location: 0777a158  
2026-07-28 05:36:38 WARN  (DecompileCallback) Decompiling 0777a160, pcode error at 0777a160: Unable to disassemble EXTERNAL block location: 0777a160  
2026-07-28 05:36:38 WARN  (DecompileCallback) Decompiling 0777a168, pcode error at 0777a168: Unable to disassemble EXTERNAL block location: 0777a168  
2026-07-28 05:36:38 WARN  (DecompileCallback) Decompiling 0777a170, pcode error at 0777a170: Unable to disassemble EXTERNAL block location: 0777a170  
2026-07-28 05:36:38 WARN  (DecompileCallback) Decompiling 0777a178, pcode error at 0777a178: Unable to disassemble EXTERNAL block location: 0777a178  
2026-07-28 05:36:38 WARN  (DecompileCallback) Decompiling 0777a180, pcode error at 0777a180: Unable to disassemble EXTERNAL block location: 0777a180  
2026-07-28 05:36:38 WARN  (DecompileCallback) Decompiling 0777a188, pcode error at 0777a188: Unable to disassemble EXTERNAL block location: 0777a188  
2026-07-28 05:36:38 WARN  (DecompileCallback) Decompiling 0777a190, pcode error at 0777a190: Unable to disassemble EXTERNAL block location: 0777a190  
2026-07-28 05:36:38 WARN  (DecompileCallback) Decompiling 0777a198, pcode error at 0777a198: Unable to disassemble EXTERNAL block location: 0777a198  
2026-07-28 05:36:38 WARN  (DecompileCallback) Decompiling 0777a1a0, pcode error at 0777a1a0: Unable to disassemble EXTERNAL block location: 0777a1a0  
2026-07-28 05:36:38 WARN  (DecompileCallback) Decompiling 0777a1a8, pcode error at 0777a1a8: Unable to disassemble EXTERNAL block location: 0777a1a8  
2026-07-28 05:36:38 WARN  (DecompileCallback) Decompiling 0777a1b0, pcode error at 0777a1b0: Unable to disassemble EXTERNAL block location: 0777a1b0  
2026-07-28 05:36:38 WARN  (DecompileCallback) Decompiling 0777a1b8, pcode error at 0777a1b8: Unable to disassemble EXTERNAL block location: 0777a1b8  
2026-07-28 05:36:38 WARN  (DecompileCallback) Decompiling 0777a1c0, pcode error at 0777a1c0: Unable to disassemble EXTERNAL block location: 0777a1c0  
2026-07-28 05:36:38 WARN  (DecompileCallback) Decompiling 0777a1c8, pcode error at 0777a1c8: Unable to disassemble EXTERNAL block location: 0777a1c8  
2026-07-28 05:36:38 WARN  (DecompileCallback) Decompiling 0777a1d0, pcode error at 0777a1d0: Unable to disassemble EXTERNAL block location: 0777a1d0  
2026-07-28 05:36:38 WARN  (DecompileCallback) Decompiling 0777a1d8, pcode error at 0777a1d8: Unable to disassemble EXTERNAL block location: 0777a1d8  
2026-07-28 05:36:38 WARN  (DecompileCallback) Decompiling 0777a1e0, pcode error at 0777a1e0: Unable to disassemble EXTERNAL block location: 0777a1e0  
2026-07-28 05:36:38 WARN  (DecompileCallback) Decompiling 0777a1e8, pcode error at 0777a1e8: Unable to disassemble EXTERNAL block location: 0777a1e8  
2026-07-28 05:36:38 WARN  (DecompileCallback) Decompiling 0777a1f0, pcode error at 0777a1f0: Unable to disassemble EXTERNAL block location: 0777a1f0  
2026-07-28 05:36:38 WARN  (DecompileCallback) Decompiling 0777a1f8, pcode error at 0777a1f8: Unable to disassemble EXTERNAL block location: 0777a1f8  
2026-07-28 05:36:38 WARN  (DecompileCallback) Decompiling 0777a200, pcode error at 0777a200: Unable to disassemble EXTERNAL block location: 0777a200  
2026-07-28 05:36:38 WARN  (DecompileCallback) Decompiling 0777a208, pcode error at 0777a208: Unable to disassemble EXTERNAL block location: 0777a208  
2026-07-28 05:36:38 WARN  (DecompileCallback) Decompiling 0777a210, pcode error at 0777a210: Unable to disassemble EXTERNAL block location: 0777a210  
2026-07-28 05:36:38 WARN  (DecompileCallback) Decompiling 0777a218, pcode error at 0777a218: Unable to disassemble EXTERNAL block location: 0777a218  
2026-07-28 05:36:38 WARN  (DecompileCallback) Decompiling 0777a220, pcode error at 0777a220: Unable to disassemble EXTERNAL block location: 0777a220  
2026-07-28 05:36:38 WARN  (DecompileCallback) Decompiling 0777a228, pcode error at 0777a228: Unable to disassemble EXTERNAL block location: 0777a228  
2026-07-28 05:36:38 WARN  (DecompileCallback) Decompiling 0777a230, pcode error at 0777a230: Unable to disassemble EXTERNAL block location: 0777a230  
2026-07-28 05:36:38 WARN  (DecompileCallback) Decompiling 0777a238, pcode error at 0777a238: Unable to disassemble EXTERNAL block location: 0777a238  
2026-07-28 05:36:38 WARN  (DecompileCallback) Decompiling 0777a240, pcode error at 0777a240: Unable to disassemble EXTERNAL block location: 0777a240  
2026-07-28 05:36:38 WARN  (DecompileCallback) Decompiling 0777a248, pcode error at 0777a248: Unable to disassemble EXTERNAL block location: 0777a248  
2026-07-28 05:36:38 WARN  (DecompileCallback) Decompiling 0777a250, pcode error at 0777a250: Unable to disassemble EXTERNAL block location: 0777a250  
2026-07-28 05:36:38 WARN  (DecompileCallback) Decompiling 0777a258, pcode error at 0777a258: Unable to disassemble EXTERNAL block location: 0777a258  
2026-07-28 05:36:38 WARN  (DecompileCallback) Decompiling 0777a260, pcode error at 0777a260: Unable to disassemble EXTERNAL block location: 0777a260  
2026-07-28 05:36:38 WARN  (DecompileCallback) Decompiling 0777a268, pcode error at 0777a268: Unable to disassemble EXTERNAL block location: 0777a268  
2026-07-28 05:36:38 WARN  (DecompileCallback) Decompiling 0777a270, pcode error at 0777a270: Unable to disassemble EXTERNAL block location: 0777a270  
2026-07-28 05:36:38 WARN  (DecompileCallback) Decompiling 0777a278, pcode error at 0777a278: Unable to disassemble EXTERNAL block location: 0777a278  
2026-07-28 05:36:38 WARN  (DecompileCallback) Decompiling 0777a280, pcode error at 0777a280: Unable to disassemble EXTERNAL block location: 0777a280  
2026-07-28 05:36:38 WARN  (DecompileCallback) Decompiling 0777a288, pcode error at 0777a288: Unable to disassemble EXTERNAL block location: 0777a288  
2026-07-28 05:36:38 WARN  (DecompileCallback) Decompiling 0777a290, pcode error at 0777a290: Unable to disassemble EXTERNAL block location: 0777a290  
2026-07-28 05:36:38 WARN  (DecompileCallback) Decompiling 0777a298, pcode error at 0777a298: Unable to disassemble EXTERNAL block location: 0777a298  
2026-07-28 05:36:38 WARN  (DecompileCallback) Decompiling 0777a2a0, pcode error at 0777a2a0: Unable to disassemble EXTERNAL block location: 0777a2a0  
2026-07-28 05:36:38 WARN  (DecompileCallback) Decompiling 0777a2a8, pcode error at 0777a2a8: Unable to disassemble EXTERNAL block location: 0777a2a8  
2026-07-28 05:36:38 WARN  (DecompileCallback) Decompiling 0777a2b0, pcode error at 0777a2b0: Unable to disassemble EXTERNAL block location: 0777a2b0  
2026-07-28 05:36:38 WARN  (DecompileCallback) Decompiling 0777a2b8, pcode error at 0777a2b8: Unable to disassemble EXTERNAL block location: 0777a2b8  
2026-07-28 05:36:38 WARN  (DecompileCallback) Decompiling 0777a2c0, pcode error at 0777a2c0: Unable to disassemble EXTERNAL block location: 0777a2c0  
2026-07-28 05:36:38 WARN  (DecompileCallback) Decompiling 0777a2c8, pcode error at 0777a2c8: Unable to disassemble EXTERNAL block location: 0777a2c8  
2026-07-28 05:36:38 WARN  (DecompileCallback) Decompiling 0777a2d0, pcode error at 0777a2d0: Unable to disassemble EXTERNAL block location: 0777a2d0  
2026-07-28 05:36:38 WARN  (DecompileCallback) Decompiling 0777a2d8, pcode error at 0777a2d8: Unable to disassemble EXTERNAL block location: 0777a2d8  
2026-07-28 05:36:38 WARN  (DecompileCallback) Decompiling 0777a2e0, pcode error at 0777a2e0: Unable to disassemble EXTERNAL block location: 0777a2e0  
2026-07-28 05:36:38 WARN  (DecompileCallback) Decompiling 0777a2e8, pcode error at 0777a2e8: Unable to disassemble EXTERNAL block location: 0777a2e8  
2026-07-28 05:36:38 WARN  (DecompileCallback) Decompiling 0777a2f0, pcode error at 0777a2f0: Unable to disassemble EXTERNAL block location: 0777a2f0  
2026-07-28 05:36:38 WARN  (DecompileCallback) Decompiling 0777a2f8, pcode error at 0777a2f8: Unable to disassemble EXTERNAL block location: 0777a2f8  
2026-07-28 05:36:38 WARN  (DecompileCallback) Decompiling 0777a300, pcode error at 0777a300: Unable to disassemble EXTERNAL block location: 0777a300  
2026-07-28 05:36:38 WARN  (DecompileCallback) Decompiling 0777a308, pcode error at 0777a308: Unable to disassemble EXTERNAL block location: 0777a308  
2026-07-28 05:36:38 WARN  (DecompileCallback) Decompiling 0777a310, pcode error at 0777a310: Unable to disassemble EXTERNAL block location: 0777a310  
2026-07-28 05:36:38 WARN  (DecompileCallback) Decompiling 0777a318, pcode error at 0777a318: Unable to disassemble EXTERNAL block location: 0777a318  
2026-07-28 05:36:38 WARN  (DecompileCallback) Decompiling 0777a320, pcode error at 0777a320: Unable to disassemble EXTERNAL block location: 0777a320  
2026-07-28 05:36:38 WARN  (DecompileCallback) Decompiling 0777a328, pcode error at 0777a328: Unable to disassemble EXTERNAL block location: 0777a328  
2026-07-28 05:36:38 WARN  (DecompileCallback) Decompiling 0777a330, pcode error at 0777a330: Unable to disassemble EXTERNAL block location: 0777a330  
2026-07-28 05:36:38 WARN  (DecompileCallback) Decompiling 0777a338, pcode error at 0777a338: Unable to disassemble EXTERNAL block location: 0777a338  
2026-07-28 05:36:38 WARN  (DecompileCallback) Decompiling 0777a340, pcode error at 0777a340: Unable to disassemble EXTERNAL block location: 0777a340  
2026-07-28 05:36:38 WARN  (DecompileCallback) Decompiling 0777a348, pcode error at 0777a348: Unable to disassemble EXTERNAL block location: 0777a348  
2026-07-28 05:36:38 WARN  (DecompileCallback) Decompiling 0777a350, pcode error at 0777a350: Unable to disassemble EXTERNAL block location: 0777a350  
2026-07-28 05:36:38 WARN  (DecompileCallback) Decompiling 0777a358, pcode error at 0777a358: Unable to disassemble EXTERNAL block location: 0777a358  
2026-07-28 05:36:38 WARN  (DecompileCallback) Decompiling 0777a360, pcode error at 0777a360: Unable to disassemble EXTERNAL block location: 0777a360  
2026-07-28 05:36:38 WARN  (DecompileCallback) Decompiling 0777a368, pcode error at 0777a368: Unable to disassemble EXTERNAL block location: 0777a368  
2026-07-28 05:36:38 WARN  (DecompileCallback) Decompiling 0777a370, pcode error at 0777a370: Unable to disassemble EXTERNAL block location: 0777a370  
2026-07-28 05:36:38 WARN  (DecompileCallback) Decompiling 0777a378, pcode error at 0777a378: Unable to disassemble EXTERNAL block location: 0777a378  
2026-07-28 05:36:38 WARN  (DecompileCallback) Decompiling 0777a380, pcode error at 0777a380: Unable to disassemble EXTERNAL block location: 0777a380  
2026-07-28 05:36:38 WARN  (DecompileCallback) Decompiling 0777a388, pcode error at 0777a388: Unable to disassemble EXTERNAL block location: 0777a388  
2026-07-28 05:36:38 WARN  (DecompileCallback) Decompiling 0777a390, pcode error at 0777a390: Unable to disassemble EXTERNAL block location: 0777a390  
2026-07-28 05:36:38 WARN  (DecompileCallback) Decompiling 0777a398, pcode error at 0777a398: Unable to disassemble EXTERNAL block location: 0777a398  
2026-07-28 05:36:38 WARN  (DecompileCallback) Decompiling 0777a3a0, pcode error at 0777a3a0: Unable to disassemble EXTERNAL block location: 0777a3a0  
2026-07-28 05:36:38 WARN  (DecompileCallback) Decompiling 0777a3a8, pcode error at 0777a3a8: Unable to disassemble EXTERNAL block location: 0777a3a8  
2026-07-28 05:36:38 WARN  (DecompileCallback) Decompiling 0777a3b0, pcode error at 0777a3b0: Unable to disassemble EXTERNAL block location: 0777a3b0  
2026-07-28 05:36:38 WARN  (DecompileCallback) Decompiling 0777a3b8, pcode error at 0777a3b8: Unable to disassemble EXTERNAL block location: 0777a3b8  
2026-07-28 05:36:38 WARN  (DecompileCallback) Decompiling 0777a3c0, pcode error at 0777a3c0: Unable to disassemble EXTERNAL block location: 0777a3c0  
2026-07-28 05:36:38 WARN  (DecompileCallback) Decompiling 0777a3c8, pcode error at 0777a3c8: Unable to disassemble EXTERNAL block location: 0777a3c8  
2026-07-28 05:36:38 WARN  (DecompileCallback) Decompiling 0777a3d0, pcode error at 0777a3d0: Unable to disassemble EXTERNAL block location: 0777a3d0  
2026-07-28 05:36:38 WARN  (DecompileCallback) Decompiling 0777a3d8, pcode error at 0777a3d8: Unable to disassemble EXTERNAL block location: 0777a3d8  
2026-07-28 05:36:38 WARN  (DecompileCallback) Decompiling 0777a3e0, pcode error at 0777a3e0: Unable to disassemble EXTERNAL block location: 0777a3e0  
2026-07-28 05:36:38 WARN  (DecompileCallback) Decompiling 0777a3e8, pcode error at 0777a3e8: Unable to disassemble EXTERNAL block location: 0777a3e8  
2026-07-28 05:36:38 WARN  (DecompileCallback) Decompiling 0777a3f0, pcode error at 0777a3f0: Unable to disassemble EXTERNAL block location: 0777a3f0  
2026-07-28 05:36:38 WARN  (DecompileCallback) Decompiling 0777a3f8, pcode error at 0777a3f8: Unable to disassemble EXTERNAL block location: 0777a3f8  
2026-07-28 05:36:38 WARN  (DecompileCallback) Decompiling 0777a400, pcode error at 0777a400: Unable to disassemble EXTERNAL block location: 0777a400  
2026-07-28 05:36:38 WARN  (DecompileCallback) Decompiling 0777a408, pcode error at 0777a408: Unable to disassemble EXTERNAL block location: 0777a408  
2026-07-28 05:36:38 WARN  (DecompileCallback) Decompiling 0777a410, pcode error at 0777a410: Unable to disassemble EXTERNAL block location: 0777a410  
2026-07-28 05:36:38 WARN  (DecompileCallback) Decompiling 0777a418, pcode error at 0777a418: Unable to disassemble EXTERNAL block location: 0777a418  
2026-07-28 05:36:38 WARN  (DecompileCallback) Decompiling 0777a420, pcode error at 0777a420: Unable to disassemble EXTERNAL block location: 0777a420  
2026-07-28 05:36:38 WARN  (DecompileCallback) Decompiling 0777a428, pcode error at 0777a428: Unable to disassemble EXTERNAL block location: 0777a428  
2026-07-28 05:36:38 WARN  (DecompileCallback) Decompiling 0777a430, pcode error at 0777a430: Unable to disassemble EXTERNAL block location: 0777a430  
2026-07-28 05:36:38 WARN  (DecompileCallback) Decompiling 0777a438, pcode error at 0777a438: Unable to disassemble EXTERNAL block location: 0777a438  
2026-07-28 05:36:38 WARN  (DecompileCallback) Decompiling 0777a440, pcode error at 0777a440: Unable to disassemble EXTERNAL block location: 0777a440  
2026-07-28 05:36:38 WARN  (DecompileCallback) Decompiling 0777a448, pcode error at 0777a448: Unable to disassemble EXTERNAL block location: 0777a448  
2026-07-28 05:36:38 WARN  (DecompileCallback) Decompiling 0777a450, pcode error at 0777a450: Unable to disassemble EXTERNAL block location: 0777a450  
2026-07-28 05:36:38 WARN  (DecompileCallback) Decompiling 0777a458, pcode error at 0777a458: Unable to disassemble EXTERNAL block location: 0777a458  
2026-07-28 05:36:38 WARN  (DecompileCallback) Decompiling 0777a460, pcode error at 0777a460: Unable to disassemble EXTERNAL block location: 0777a460  
2026-07-28 05:36:38 WARN  (DecompileCallback) Decompiling 0777a468, pcode error at 0777a468: Unable to disassemble EXTERNAL block location: 0777a468  
2026-07-28 05:36:38 WARN  (DecompileCallback) Decompiling 0777a470, pcode error at 0777a470: Unable to disassemble EXTERNAL block location: 0777a470  
2026-07-28 05:36:38 WARN  (DecompileCallback) Decompiling 0777a478, pcode error at 0777a478: Unable to disassemble EXTERNAL block location: 0777a478  
2026-07-28 05:36:38 WARN  (DecompileCallback) Decompiling 0777a480, pcode error at 0777a480: Unable to disassemble EXTERNAL block location: 0777a480  
2026-07-28 05:36:38 WARN  (DecompileCallback) Decompiling 0777a488, pcode error at 0777a488: Unable to disassemble EXTERNAL block location: 0777a488  
2026-07-28 05:36:38 WARN  (DecompileCallback) Decompiling 0777a490, pcode error at 0777a490: Unable to disassemble EXTERNAL block location: 0777a490  
2026-07-28 05:36:38 WARN  (DecompileCallback) Decompiling 0777a498, pcode error at 0777a498: Unable to disassemble EXTERNAL block location: 0777a498  
2026-07-28 05:36:38 WARN  (DecompileCallback) Decompiling 0777a4a0, pcode error at 0777a4a0: Unable to disassemble EXTERNAL block location: 0777a4a0  
2026-07-28 05:36:38 WARN  (DecompileCallback) Decompiling 0777a4a8, pcode error at 0777a4a8: Unable to disassemble EXTERNAL block location: 0777a4a8  
2026-07-28 05:36:38 WARN  (DecompileCallback) Decompiling 0777a4b0, pcode error at 0777a4b0: Unable to disassemble EXTERNAL block location: 0777a4b0  
2026-07-28 05:36:38 WARN  (DecompileCallback) Decompiling 0777a4b8, pcode error at 0777a4b8: Unable to disassemble EXTERNAL block location: 0777a4b8  
2026-07-28 05:36:38 WARN  (DecompileCallback) Decompiling 0777a4c0, pcode error at 0777a4c0: Unable to disassemble EXTERNAL block location: 0777a4c0  
2026-07-28 05:36:38 WARN  (DecompileCallback) Decompiling 0777a4c8, pcode error at 0777a4c8: Unable to disassemble EXTERNAL block location: 0777a4c8  
2026-07-28 05:36:38 WARN  (DecompileCallback) Decompiling 0777a4d0, pcode error at 0777a4d0: Unable to disassemble EXTERNAL block location: 0777a4d0  
2026-07-28 05:36:38 WARN  (DecompileCallback) Decompiling 0777a4d8, pcode error at 0777a4d8: Unable to disassemble EXTERNAL block location: 0777a4d8  
2026-07-28 05:36:38 WARN  (DecompileCallback) Decompiling 0777a4e0, pcode error at 0777a4e0: Unable to disassemble EXTERNAL block location: 0777a4e0  
2026-07-28 05:36:38 WARN  (DecompileCallback) Decompiling 0777a4e8, pcode error at 0777a4e8: Unable to disassemble EXTERNAL block location: 0777a4e8  
2026-07-28 05:36:38 WARN  (DecompileCallback) Decompiling 0777a4f0, pcode error at 0777a4f0: Unable to disassemble EXTERNAL block location: 0777a4f0  
2026-07-28 05:36:38 WARN  (DecompileCallback) Decompiling 0777a4f8, pcode error at 0777a4f8: Unable to disassemble EXTERNAL block location: 0777a4f8  
2026-07-28 05:36:38 WARN  (DecompileCallback) Decompiling 0777a500, pcode error at 0777a500: Unable to disassemble EXTERNAL block location: 0777a500  
2026-07-28 05:36:38 WARN  (DecompileCallback) Decompiling 0777a508, pcode error at 0777a508: Unable to disassemble EXTERNAL block location: 0777a508  
2026-07-28 05:36:38 WARN  (DecompileCallback) Decompiling 0777a510, pcode error at 0777a510: Unable to disassemble EXTERNAL block location: 0777a510  
2026-07-28 05:36:38 WARN  (DecompileCallback) Decompiling 0777a518, pcode error at 0777a518: Unable to disassemble EXTERNAL block location: 0777a518  
2026-07-28 05:36:38 WARN  (DecompileCallback) Decompiling 0777a520, pcode error at 0777a520: Unable to disassemble EXTERNAL block location: 0777a520  
2026-07-28 05:36:38 WARN  (DecompileCallback) Decompiling 0777a528, pcode error at 0777a528: Unable to disassemble EXTERNAL block location: 0777a528  
2026-07-28 05:36:38 WARN  (DecompileCallback) Decompiling 0777a530, pcode error at 0777a530: Unable to disassemble EXTERNAL block location: 0777a530  
2026-07-28 05:36:38 WARN  (DecompileCallback) Decompiling 0777a538, pcode error at 0777a538: Unable to disassemble EXTERNAL block location: 0777a538  
2026-07-28 05:36:38 WARN  (DecompileCallback) Decompiling 0777a540, pcode error at 0777a540: Unable to disassemble EXTERNAL block location: 0777a540  
2026-07-28 05:36:38 WARN  (DecompileCallback) Decompiling 0777a550, pcode error at 0777a550: Unable to disassemble EXTERNAL block location: 0777a550  
2026-07-28 05:36:38 WARN  (DecompileCallback) Decompiling 0777a558, pcode error at 0777a558: Unable to disassemble EXTERNAL block location: 0777a558  
2026-07-28 05:36:38 WARN  (DecompileCallback) Decompiling 0777a560, pcode error at 0777a560: Unable to disassemble EXTERNAL block location: 0777a560  
2026-07-28 05:36:38 WARN  (DecompileCallback) Decompiling 0777a568, pcode error at 0777a568: Unable to disassemble EXTERNAL block location: 0777a568  
2026-07-28 05:36:38 WARN  (DecompileCallback) Decompiling 0777a570, pcode error at 0777a570: Unable to disassemble EXTERNAL block location: 0777a570  
2026-07-28 05:36:38 WARN  (DecompileCallback) Decompiling 0777a578, pcode error at 0777a578: Unable to disassemble EXTERNAL block location: 0777a578  
2026-07-28 05:36:38 WARN  (DecompileCallback) Decompiling 0777a580, pcode error at 0777a580: Unable to disassemble EXTERNAL block location: 0777a580  
2026-07-28 05:36:38 WARN  (DecompileCallback) Decompiling 0777a588, pcode error at 0777a588: Unable to disassemble EXTERNAL block location: 0777a588  
2026-07-28 05:36:38 WARN  (DecompileCallback) Decompiling 0777a590, pcode error at 0777a590: Unable to disassemble EXTERNAL block location: 0777a590  
2026-07-28 05:36:38 WARN  (DecompileCallback) Decompiling 0777a598, pcode error at 0777a598: Unable to disassemble EXTERNAL block location: 0777a598  
2026-07-28 05:36:38 WARN  (DecompileCallback) Decompiling 0777a5a0, pcode error at 0777a5a0: Unable to disassemble EXTERNAL block location: 0777a5a0  
2026-07-28 05:36:38 WARN  (DecompileCallback) Decompiling 0777a5a8, pcode error at 0777a5a8: Unable to disassemble EXTERNAL block location: 0777a5a8  
2026-07-28 05:36:38 WARN  (DecompileCallback) Decompiling 0777a5b0, pcode error at 0777a5b0: Unable to disassemble EXTERNAL block location: 0777a5b0  
2026-07-28 05:36:38 WARN  (DecompileCallback) Decompiling 0777a5b8, pcode error at 0777a5b8: Unable to disassemble EXTERNAL block location: 0777a5b8  
2026-07-28 05:36:38 WARN  (DecompileCallback) Decompiling 0777a5c0, pcode error at 0777a5c0: Unable to disassemble EXTERNAL block location: 0777a5c0  
2026-07-28 05:36:38 WARN  (DecompileCallback) Decompiling 0777a5c8, pcode error at 0777a5c8: Unable to disassemble EXTERNAL block location: 0777a5c8  
2026-07-28 05:36:38 WARN  (DecompileCallback) Decompiling 0777a5d0, pcode error at 0777a5d0: Unable to disassemble EXTERNAL block location: 0777a5d0  
2026-07-28 05:36:38 WARN  (DecompileCallback) Decompiling 0777a5d8, pcode error at 0777a5d8: Unable to disassemble EXTERNAL block location: 0777a5d8  
2026-07-28 05:36:38 WARN  (DecompileCallback) Decompiling 0777a5e0, pcode error at 0777a5e0: Unable to disassemble EXTERNAL block location: 0777a5e0  
2026-07-28 05:36:38 WARN  (DecompileCallback) Decompiling 0777a5e8, pcode error at 0777a5e8: Unable to disassemble EXTERNAL block location: 0777a5e8  
2026-07-28 05:36:38 WARN  (DecompileCallback) Decompiling 0777a5f0, pcode error at 0777a5f0: Unable to disassemble EXTERNAL block location: 0777a5f0  
2026-07-28 05:36:38 WARN  (DecompileCallback) Decompiling 0777a5f8, pcode error at 0777a5f8: Unable to disassemble EXTERNAL block location: 0777a5f8  
2026-07-28 05:36:38 WARN  (DecompileCallback) Decompiling 0777a600, pcode error at 0777a600: Unable to disassemble EXTERNAL block location: 0777a600  
2026-07-28 05:36:38 WARN  (DecompileCallback) Decompiling 0777a608, pcode error at 0777a608: Unable to disassemble EXTERNAL block location: 0777a608  
2026-07-28 05:36:38 WARN  (DecompileCallback) Decompiling 0777a610, pcode error at 0777a610: Unable to disassemble EXTERNAL block location: 0777a610  
2026-07-28 05:36:38 WARN  (DecompileCallback) Decompiling 0777a618, pcode error at 0777a618: Unable to disassemble EXTERNAL block location: 0777a618  
2026-07-28 05:36:38 WARN  (DecompileCallback) Decompiling 0777a620, pcode error at 0777a620: Unable to disassemble EXTERNAL block location: 0777a620  
2026-07-28 05:36:38 WARN  (DecompileCallback) Decompiling 0777a628, pcode error at 0777a628: Unable to disassemble EXTERNAL block location: 0777a628  
2026-07-28 05:36:38 WARN  (DecompileCallback) Decompiling 0777a630, pcode error at 0777a630: Unable to disassemble EXTERNAL block location: 0777a630  
2026-07-28 05:36:38 WARN  (DecompileCallback) Decompiling 0777a638, pcode error at 0777a638: Unable to disassemble EXTERNAL block location: 0777a638  
2026-07-28 05:36:38 WARN  (DecompileCallback) Decompiling 0777a640, pcode error at 0777a640: Unable to disassemble EXTERNAL block location: 0777a640  
2026-07-28 05:36:38 WARN  (DecompileCallback) Decompiling 0777a648, pcode error at 0777a648: Unable to disassemble EXTERNAL block location: 0777a648  
2026-07-28 05:36:38 WARN  (DecompileCallback) Decompiling 0777a650, pcode error at 0777a650: Unable to disassemble EXTERNAL block location: 0777a650  
2026-07-28 05:36:38 WARN  (DecompileCallback) Decompiling 0777a658, pcode error at 0777a658: Unable to disassemble EXTERNAL block location: 0777a658  
2026-07-28 05:36:38 WARN  (DecompileCallback) Decompiling 0777a660, pcode error at 0777a660: Unable to disassemble EXTERNAL block location: 0777a660  
2026-07-28 05:36:38 WARN  (DecompileCallback) Decompiling 0777a668, pcode error at 0777a668: Unable to disassemble EXTERNAL block location: 0777a668  
2026-07-28 05:36:38 WARN  (DecompileCallback) Decompiling 0777a670, pcode error at 0777a670: Unable to disassemble EXTERNAL block location: 0777a670  
2026-07-28 05:36:38 WARN  (DecompileCallback) Decompiling 0777a678, pcode error at 0777a678: Unable to disassemble EXTERNAL block location: 0777a678  
2026-07-28 05:36:38 WARN  (DecompileCallback) Decompiling 0777a680, pcode error at 0777a680: Unable to disassemble EXTERNAL block location: 0777a680  
2026-07-28 05:36:38 WARN  (DecompileCallback) Decompiling 0777a688, pcode error at 0777a688: Unable to disassemble EXTERNAL block location: 0777a688  
2026-07-28 05:36:38 WARN  (DecompileCallback) Decompiling 0777a690, pcode error at 0777a690: Unable to disassemble EXTERNAL block location: 0777a690  
2026-07-28 05:36:38 WARN  (DecompileCallback) Decompiling 0777a698, pcode error at 0777a698: Unable to disassemble EXTERNAL block location: 0777a698  
2026-07-28 05:36:38 WARN  (DecompileCallback) Decompiling 0777a6a0, pcode error at 0777a6a0: Unable to disassemble EXTERNAL block location: 0777a6a0  
2026-07-28 05:36:38 WARN  (DecompileCallback) Decompiling 0777a6a8, pcode error at 0777a6a8: Unable to disassemble EXTERNAL block location: 0777a6a8  
2026-07-28 05:36:38 WARN  (DecompileCallback) Decompiling 0777a6b0, pcode error at 0777a6b0: Unable to disassemble EXTERNAL block location: 0777a6b0  
2026-07-28 05:36:38 WARN  (DecompileCallback) Decompiling 0777a6b8, pcode error at 0777a6b8: Unable to disassemble EXTERNAL block location: 0777a6b8  
2026-07-28 05:36:38 WARN  (DecompileCallback) Decompiling 0777a6c0, pcode error at 0777a6c0: Unable to disassemble EXTERNAL block location: 0777a6c0  
2026-07-28 05:36:38 WARN  (DecompileCallback) Decompiling 0777a6c8, pcode error at 0777a6c8: Unable to disassemble EXTERNAL block location: 0777a6c8  
2026-07-28 05:36:38 WARN  (DecompileCallback) Decompiling 0777a6d0, pcode error at 0777a6d0: Unable to disassemble EXTERNAL block location: 0777a6d0  
2026-07-28 05:36:38 WARN  (DecompileCallback) Decompiling 0777a6d8, pcode error at 0777a6d8: Unable to disassemble EXTERNAL block location: 0777a6d8  
2026-07-28 05:36:38 WARN  (DecompileCallback) Decompiling 0777a6e0, pcode error at 0777a6e0: Unable to disassemble EXTERNAL block location: 0777a6e0  
2026-07-28 05:36:38 WARN  (DecompileCallback) Decompiling 0777a6e8, pcode error at 0777a6e8: Unable to disassemble EXTERNAL block location: 0777a6e8  
2026-07-28 05:36:38 WARN  (DecompileCallback) Decompiling 0777a6f0, pcode error at 0777a6f0: Unable to disassemble EXTERNAL block location: 0777a6f0  
2026-07-28 05:36:38 WARN  (DecompileCallback) Decompiling 0777a6f8, pcode error at 0777a6f8: Unable to disassemble EXTERNAL block location: 0777a6f8  
2026-07-28 05:36:38 WARN  (DecompileCallback) Decompiling 0777a700, pcode error at 0777a700: Unable to disassemble EXTERNAL block location: 0777a700  
2026-07-28 05:36:38 WARN  (DecompileCallback) Decompiling 0777a708, pcode error at 0777a708: Unable to disassemble EXTERNAL block location: 0777a708  
2026-07-28 05:36:38 WARN  (DecompileCallback) Decompiling 0777a710, pcode error at 0777a710: Unable to disassemble EXTERNAL block location: 0777a710  
2026-07-28 05:36:38 WARN  (DecompileCallback) Decompiling 0777a718, pcode error at 0777a718: Unable to disassemble EXTERNAL block location: 0777a718  
2026-07-28 05:36:38 WARN  (DecompileCallback) Decompiling 0777a720, pcode error at 0777a720: Unable to disassemble EXTERNAL block location: 0777a720  
2026-07-28 05:36:38 WARN  (DecompileCallback) Decompiling 0777a728, pcode error at 0777a728: Unable to disassemble EXTERNAL block location: 0777a728  
2026-07-28 05:36:38 WARN  (DecompileCallback) Decompiling 0777a730, pcode error at 0777a730: Unable to disassemble EXTERNAL block location: 0777a730  
2026-07-28 05:36:38 WARN  (DecompileCallback) Decompiling 0777a738, pcode error at 0777a738: Unable to disassemble EXTERNAL block location: 0777a738  
2026-07-28 05:36:38 WARN  (DecompileCallback) Decompiling 0777a740, pcode error at 0777a740: Unable to disassemble EXTERNAL block location: 0777a740  
2026-07-28 05:36:38 WARN  (DecompileCallback) Decompiling 0777a748, pcode error at 0777a748: Unable to disassemble EXTERNAL block location: 0777a748  
2026-07-28 05:36:38 WARN  (DecompileCallback) Decompiling 0777a750, pcode error at 0777a750: Unable to disassemble EXTERNAL block location: 0777a750  
2026-07-28 05:36:38 WARN  (DecompileCallback) Decompiling 0777a758, pcode error at 0777a758: Unable to disassemble EXTERNAL block location: 0777a758  
2026-07-28 05:36:38 WARN  (DecompileCallback) Decompiling 0777a760, pcode error at 0777a760: Unable to disassemble EXTERNAL block location: 0777a760  
2026-07-28 05:36:38 WARN  (DecompileCallback) Decompiling 0777a768, pcode error at 0777a768: Unable to disassemble EXTERNAL block location: 0777a768  
2026-07-28 05:36:38 WARN  (DecompileCallback) Decompiling 0777a770, pcode error at 0777a770: Unable to disassemble EXTERNAL block location: 0777a770  
2026-07-28 05:36:38 WARN  (DecompileCallback) Decompiling 0777a778, pcode error at 0777a778: Unable to disassemble EXTERNAL block location: 0777a778  
2026-07-28 05:36:38 WARN  (DecompileCallback) Decompiling 0777a780, pcode error at 0777a780: Unable to disassemble EXTERNAL block location: 0777a780  
2026-07-28 05:36:38 WARN  (DecompileCallback) Decompiling 0777a788, pcode error at 0777a788: Unable to disassemble EXTERNAL block location: 0777a788  
2026-07-28 05:36:38 WARN  (DecompileCallback) Decompiling 0777a790, pcode error at 0777a790: Unable to disassemble EXTERNAL block location: 0777a790  
2026-07-28 05:36:38 WARN  (DecompileCallback) Decompiling 0777a798, pcode error at 0777a798: Unable to disassemble EXTERNAL block location: 0777a798  
2026-07-28 05:36:38 WARN  (DecompileCallback) Decompiling 0777a7a0, pcode error at 0777a7a0: Unable to disassemble EXTERNAL block location: 0777a7a0  
2026-07-28 05:36:38 WARN  (DecompileCallback) Decompiling 0777a7a8, pcode error at 0777a7a8: Unable to disassemble EXTERNAL block location: 0777a7a8  
2026-07-28 05:36:38 WARN  (DecompileCallback) Decompiling 0777a7b0, pcode error at 0777a7b0: Unable to disassemble EXTERNAL block location: 0777a7b0  
2026-07-28 05:36:38 WARN  (DecompileCallback) Decompiling 0777a7b8, pcode error at 0777a7b8: Unable to disassemble EXTERNAL block location: 0777a7b8  
2026-07-28 05:36:38 WARN  (DecompileCallback) Decompiling 0777a7c0, pcode error at 0777a7c0: Unable to disassemble EXTERNAL block location: 0777a7c0  
2026-07-28 05:36:38 WARN  (DecompileCallback) Decompiling 0777a7c8, pcode error at 0777a7c8: Unable to disassemble EXTERNAL block location: 0777a7c8  
2026-07-28 05:36:38 WARN  (DecompileCallback) Decompiling 0777a7d0, pcode error at 0777a7d0: Unable to disassemble EXTERNAL block location: 0777a7d0  
2026-07-28 05:36:38 WARN  (DecompileCallback) Decompiling 0777a7d8, pcode error at 0777a7d8: Unable to disassemble EXTERNAL block location: 0777a7d8  
2026-07-28 05:36:38 WARN  (DecompileCallback) Decompiling 0777a7e0, pcode error at 0777a7e0: Unable to disassemble EXTERNAL block location: 0777a7e0  
2026-07-28 05:36:38 WARN  (DecompileCallback) Decompiling 0777a7e8, pcode error at 0777a7e8: Unable to disassemble EXTERNAL block location: 0777a7e8  
2026-07-28 05:36:38 WARN  (DecompileCallback) Decompiling 0777a7f0, pcode error at 0777a7f0: Unable to disassemble EXTERNAL block location: 0777a7f0  
2026-07-28 05:36:38 WARN  (DecompileCallback) Decompiling 0777a7f8, pcode error at 0777a7f8: Unable to disassemble EXTERNAL block location: 0777a7f8  
2026-07-28 05:36:38 WARN  (DecompileCallback) Decompiling 0777a800, pcode error at 0777a800: Unable to disassemble EXTERNAL block location: 0777a800  
2026-07-28 05:36:38 WARN  (DecompileCallback) Decompiling 0777a808, pcode error at 0777a808: Unable to disassemble EXTERNAL block location: 0777a808  
2026-07-28 05:36:38 WARN  (DecompileCallback) Decompiling 0777a810, pcode error at 0777a810: Unable to disassemble EXTERNAL block location: 0777a810  
2026-07-28 05:36:38 WARN  (DecompileCallback) Decompiling 0777a818, pcode error at 0777a818: Unable to disassemble EXTERNAL block location: 0777a818  
2026-07-28 05:36:38 WARN  (DecompileCallback) Decompiling 0777a820, pcode error at 0777a820: Unable to disassemble EXTERNAL block location: 0777a820  
2026-07-28 05:36:38 WARN  (DecompileCallback) Decompiling 0777a828, pcode error at 0777a828: Unable to disassemble EXTERNAL block location: 0777a828  
2026-07-28 05:36:38 WARN  (DecompileCallback) Decompiling 0777a830, pcode error at 0777a830: Unable to disassemble EXTERNAL block location: 0777a830  
2026-07-28 05:36:38 WARN  (DecompileCallback) Decompiling 0777a838, pcode error at 0777a838: Unable to disassemble EXTERNAL block location: 0777a838  
2026-07-28 05:36:38 WARN  (DecompileCallback) Decompiling 0777a840, pcode error at 0777a840: Unable to disassemble EXTERNAL block location: 0777a840  
2026-07-28 05:36:38 WARN  (DecompileCallback) Decompiling 0777a848, pcode error at 0777a848: Unable to disassemble EXTERNAL block location: 0777a848  
2026-07-28 05:36:38 WARN  (DecompileCallback) Decompiling 0777a850, pcode error at 0777a850: Unable to disassemble EXTERNAL block location: 0777a850  
2026-07-28 05:36:38 WARN  (DecompileCallback) Decompiling 0777a858, pcode error at 0777a858: Unable to disassemble EXTERNAL block location: 0777a858  
2026-07-28 05:36:38 WARN  (DecompileCallback) Decompiling 0777a860, pcode error at 0777a860: Unable to disassemble EXTERNAL block location: 0777a860  
2026-07-28 05:36:38 WARN  (DecompileCallback) Decompiling 0777a868, pcode error at 0777a868: Unable to disassemble EXTERNAL block location: 0777a868  
2026-07-28 05:36:38 WARN  (DecompileCallback) Decompiling 0777a870, pcode error at 0777a870: Unable to disassemble EXTERNAL block location: 0777a870  
2026-07-28 05:36:38 WARN  (DecompileCallback) Decompiling 0777a878, pcode error at 0777a878: Unable to disassemble EXTERNAL block location: 0777a878  
2026-07-28 05:36:38 WARN  (DecompileCallback) Decompiling 0777a880, pcode error at 0777a880: Unable to disassemble EXTERNAL block location: 0777a880  
2026-07-28 05:36:38 WARN  (DecompileCallback) Decompiling 0777a888, pcode error at 0777a888: Unable to disassemble EXTERNAL block location: 0777a888  
2026-07-28 05:36:38 WARN  (DecompileCallback) Decompiling 0777a890, pcode error at 0777a890: Unable to disassemble EXTERNAL block location: 0777a890  
2026-07-28 05:36:38 WARN  (DecompileCallback) Decompiling 0777a898, pcode error at 0777a898: Unable to disassemble EXTERNAL block location: 0777a898  
2026-07-28 05:36:38 WARN  (DecompileCallback) Decompiling 0777a8a0, pcode error at 0777a8a0: Unable to disassemble EXTERNAL block location: 0777a8a0  
2026-07-28 05:36:38 WARN  (DecompileCallback) Decompiling 0777a8b0, pcode error at 0777a8b0: Unable to disassemble EXTERNAL block location: 0777a8b0  
2026-07-28 05:36:38 WARN  (DecompileCallback) Decompiling 0777a8b8, pcode error at 0777a8b8: Unable to disassemble EXTERNAL block location: 0777a8b8  
2026-07-28 05:36:38 WARN  (DecompileCallback) Decompiling 0777a8c0, pcode error at 0777a8c0: Unable to disassemble EXTERNAL block location: 0777a8c0  
2026-07-28 05:36:38 WARN  (DecompileCallback) Decompiling 0777a8c8, pcode error at 0777a8c8: Unable to disassemble EXTERNAL block location: 0777a8c8  
2026-07-28 05:36:38 WARN  (DecompileCallback) Decompiling 0777a8d0, pcode error at 0777a8d0: Unable to disassemble EXTERNAL block location: 0777a8d0  
2026-07-28 05:36:38 WARN  (DecompileCallback) Decompiling 0777a8d8, pcode error at 0777a8d8: Unable to disassemble EXTERNAL block location: 0777a8d8  
2026-07-28 05:36:38 WARN  (DecompileCallback) Decompiling 0777a8e0, pcode error at 0777a8e0: Unable to disassemble EXTERNAL block location: 0777a8e0  
2026-07-28 05:36:38 WARN  (DecompileCallback) Decompiling 0777a8e8, pcode error at 0777a8e8: Unable to disassemble EXTERNAL block location: 0777a8e8  
2026-07-28 05:36:38 INFO  (GhidraScript) GeneralStructureEyePatternScan.java> General structure scan complete.  
2026-07-28 05:36:38 INFO  (GhidraScript) GeneralStructureEyePatternScan.java> Total functions scanned: 784161  
2026-07-28 05:36:38 INFO  (GhidraScript) GeneralStructureEyePatternScan.java> Exported functions: 2506  
2026-07-28 05:36:38 INFO  (GhidraScript) GeneralStructureEyePatternScan.java> Decompile failures: 4667  
2026-07-28 05:36:38 INFO  (GhidraScript) GeneralStructureEyePatternScan.java> Report CSV: C:\realDesktop\manifest-evaluations\summer-26\ghidra-pipeline\il2cpp-files\waitwhat\general-structure-results\structure_scan_report.csv  
2026-07-28 05:36:38 INFO  (GhidraScript) GeneralStructureEyePatternScan.java> Report JSON: C:\realDesktop\manifest-evaluations\summer-26\ghidra-pipeline\il2cpp-files\waitwhat\general-structure-results\structure_scan_report.json  
2026-07-28 05:36:38 INFO  (HeadlessAnalyzer) REPORT: Save succeeded for processed file: /waitwhat-libil2cpp.so  
