2026-07-15 07:21:38 INFO  (LoggingInitialization) Using log config file: jar:file:/C:/Users/kimgiordano27/Downloads/ghidra_12.1.2_PUBLIC_20260605/ghidra_12.1.2_PUBLIC/Ghidra/Framework/Generic/lib/Generic.jar!/generic.log4j.xml  
2026-07-15 07:21:38 INFO  (LoggingInitialization) Using log file: C:\realDesktop\manifest-evaluations\summer-26\ghidra-pipeline\il2cpp-files\hellodot\general-structure-ghidra.log  
2026-07-15 07:21:38 DEBUG (GhidraObjectInputFilter) Including serial input filter: FileSystem/data/client.rmi.serial.filter  
2026-07-15 07:21:38 INFO  (Preferences) Loading user preferences: C:\Users\kimgiordano27\AppData\Roaming\ghidra\ghidra_12.1.2_PUBLIC\preferences  
2026-07-15 07:21:38 INFO  (ClassSearcher) Searching for classes...  
2026-07-15 07:21:38 INFO  (ClassSearcher) Class search complete (529 ms)  
2026-07-15 07:21:38 INFO  (DefaultSSLContextInitializer) Initializing SSL Context  
2026-07-15 07:21:38 INFO  (SecureRandomFactory) Initializing Random Number Generator...  
2026-07-15 07:21:38 INFO  (SecureRandomFactory) Random Number Generator initialization complete: SHA1PRNG  
2026-07-15 07:21:38 INFO  (DefaultTrustManagerFactory) Trust manager disabled, cacerts have not been set  
2026-07-15 07:21:39 INFO  (AnalyzeHeadless) Headless startup complete (1606 ms)  
2026-07-15 07:21:39 INFO  (ClassSearcher) Class searcher loaded 59 extension points (20 false positives)  
2026-07-15 07:21:39 INFO  (HeadlessAnalyzer) HEADLESS Script Paths:
    C:\Users\kimgiordano27\Downloads\ghidra_12.1.2_PUBLIC_20260605\ghidra_12.1.2_PUBLIC\Ghidra\Features\DecompilerDependent\ghidra_scripts
    C:\Users\kimgiordano27\Downloads\ghidra_12.1.2_PUBLIC_20260605\ghidra_12.1.2_PUBLIC\Ghidra\Processors\Atmel\ghidra_scripts
    C:\Users\kimgiordano27\Downloads\ghidra_12.1.2_PUBLIC_20260605\ghidra_12.1.2_PUBLIC\Ghidra\Processors\PIC\ghidra_scripts
    C:\Users\kimgiordano27\Downloads\ghidra_12.1.2_PUBLIC_20260605\ghidra_12.1.2_PUBLIC\Ghidra\Features\VersionTracking\ghidra_scripts
    C:\Users\kimgiordano27\Downloads\ghidra_12.1.2_PUBLIC_20260605\ghidra_12.1.2_PUBLIC\Ghidra\Features\BytePatterns\ghidra_scripts
    C:\Users\kimgiordano27\ghidra_scripts
    C:\Users\kimgiordano27\Downloads\ghidra_12.1.2_PUBLIC_20260605\ghidra_12.1.2_PUBLIC\Ghidra\Features\BSim\ghidra_scripts
    C:\realDesktop\manifest-evaluations\summer-26\ghidra-pipeline\ghidra-export-scripts
    C:\Users\kimgiordano27\Downloads\ghidra_12.1.2_PUBLIC_20260605\ghidra_12.1.2_PUBLIC\Ghidra\Processors\JVM\ghidra_scripts
    C:\Users\kimgiordano27\Downloads\ghidra_12.1.2_PUBLIC_20260605\ghidra_12.1.2_PUBLIC\Ghidra\Features\Base\ghidra_scripts
    C:\Users\kimgiordano27\Downloads\ghidra_12.1.2_PUBLIC_20260605\ghidra_12.1.2_PUBLIC\Ghidra\Features\SwiftDemangler\ghidra_scripts
    C:\Users\kimgiordano27\Downloads\ghidra_12.1.2_PUBLIC_20260605\ghidra_12.1.2_PUBLIC\Ghidra\Features\WildcardAssembler\ghidra_scripts
    C:\Users\kimgiordano27\Downloads\ghidra_12.1.2_PUBLIC_20260605\ghidra_12.1.2_PUBLIC\Ghidra\Features\FileFormats\ghidra_scripts
    C:\Users\kimgiordano27\Downloads\ghidra_12.1.2_PUBLIC_20260605\ghidra_12.1.2_PUBLIC\Ghidra\Features\Decompiler\ghidra_scripts
    C:\Users\kimgiordano27\Downloads\ghidra_12.1.2_PUBLIC_20260605\ghidra_12.1.2_PUBLIC\Ghidra\Features\SystemEmulation\ghidra_scripts
    C:\Users\kimgiordano27\Downloads\ghidra_12.1.2_PUBLIC_20260605\ghidra_12.1.2_PUBLIC\Ghidra\Processors\8051\ghidra_scripts
    C:\Users\kimgiordano27\Downloads\ghidra_12.1.2_PUBLIC_20260605\ghidra_12.1.2_PUBLIC\Ghidra\Features\GnuDemangler\ghidra_scripts
    C:\Users\kimgiordano27\Downloads\ghidra_12.1.2_PUBLIC_20260605\ghidra_12.1.2_PUBLIC\Ghidra\Debug\Debugger\ghidra_scripts
    C:\Users\kimgiordano27\Downloads\ghidra_12.1.2_PUBLIC_20260605\ghidra_12.1.2_PUBLIC\Ghidra\Processors\DATA\ghidra_scripts
    C:\Users\kimgiordano27\Downloads\ghidra_12.1.2_PUBLIC_20260605\ghidra_12.1.2_PUBLIC\Ghidra\Debug\Debugger-rmi-trace\ghidra_scripts
    C:\Users\kimgiordano27\Downloads\ghidra_12.1.2_PUBLIC_20260605\ghidra_12.1.2_PUBLIC\Ghidra\Features\FunctionID\ghidra_scripts
    C:\Users\kimgiordano27\Downloads\ghidra_12.1.2_PUBLIC_20260605\ghidra_12.1.2_PUBLIC\Ghidra\Features\MicrosoftCodeAnalyzer\ghidra_scripts
    C:\Users\kimgiordano27\Downloads\ghidra_12.1.2_PUBLIC_20260605\ghidra_12.1.2_PUBLIC\Ghidra\Features\PDB\ghidra_scripts
    C:\Users\kimgiordano27\AppData\Roaming\ghidra\ghidra_12.1.2_PUBLIC\Extensions\Jython\ghidra_scripts
    C:\Users\kimgiordano27\Downloads\ghidra_12.1.2_PUBLIC_20260605\ghidra_12.1.2_PUBLIC\Ghidra\Features\PyGhidra\ghidra_scripts  
2026-07-15 07:21:39 INFO  (HeadlessAnalyzer) HEADLESS: execution starts  
2026-07-15 07:21:39 INFO  (HeadlessAnalyzer) Opening existing project: C:\realDesktop\manifest-evaluations\summer-26\ghidra-pipeline\il2cpp-files\hellodot\ghidra-project-hellodot\hellodot  
2026-07-15 07:21:39 INFO  (HeadlessProject) Opening project: C:\realDesktop\manifest-evaluations\summer-26\ghidra-pipeline\il2cpp-files\hellodot\ghidra-project-hellodot\hellodot  
2026-07-15 07:21:39 INFO  (LocalFileSystem) /hellodot-libil2cpp.so: checkout (2) granted (kimgiordano27)  
2026-07-15 07:21:44 INFO  (HeadlessAnalyzer) REPORT: Processing project file: /hellodot-libil2cpp.so  
2026-07-15 07:21:44 INFO  (HeadlessAnalyzer) REPORT: Execute script: GeneralStructureEyePatternScan.java 'C:\realDesktop\manifest-evaluations\summer-26\ghidra-pipeline\il2cpp-files\hellodot\general-structure-results' '70' 'false'   
2026-07-15 07:21:44 INFO  (HeadlessAnalyzer) SCRIPT: C:\realDesktop\manifest-evaluations\summer-26\ghidra-pipeline\ghidra-export-scripts\GeneralStructureEyePatternScan.java  
2026-07-15 07:21:44 INFO  (GhidraScript) GeneralStructureEyePatternScan.java> General structure scan starting...  
2026-07-15 07:21:44 INFO  (GhidraScript) GeneralStructureEyePatternScan.java> Output: C:\realDesktop\manifest-evaluations\summer-26\ghidra-pipeline\il2cpp-files\hellodot\general-structure-results  
2026-07-15 07:21:44 INFO  (GhidraScript) GeneralStructureEyePatternScan.java> Minimum review score: 70  
2026-07-15 07:21:44 INFO  (GhidraScript) GeneralStructureEyePatternScan.java> Export all: false  
2026-07-15 07:21:57 INFO  (GhidraScript) GeneralStructureEyePatternScan.java> Scanned 10000 functions. Exported so far: 0  
2026-07-15 07:22:10 INFO  (GhidraScript) GeneralStructureEyePatternScan.java> Scanned 20000 functions. Exported so far: 0  
2026-07-15 07:22:29 INFO  (GhidraScript) GeneralStructureEyePatternScan.java> Scanned 30000 functions. Exported so far: 0  
2026-07-15 07:22:44 INFO  (GhidraScript) GeneralStructureEyePatternScan.java> Scanned 40000 functions. Exported so far: 0  
2026-07-15 07:23:18 INFO  (GhidraScript) GeneralStructureEyePatternScan.java> Scanned 50000 functions. Exported so far: 0  
2026-07-15 07:23:39 INFO  (GhidraScript) GeneralStructureEyePatternScan.java> Scanned 60000 functions. Exported so far: 0  
2026-07-15 07:23:58 INFO  (GhidraScript) GeneralStructureEyePatternScan.java> Scanned 70000 functions. Exported so far: 0  
2026-07-15 07:24:17 INFO  (GhidraScript) GeneralStructureEyePatternScan.java> Scanned 80000 functions. Exported so far: 0  
2026-07-15 07:24:40 INFO  (GhidraScript) GeneralStructureEyePatternScan.java> Scanned 90000 functions. Exported so far: 0  
2026-07-15 07:25:02 INFO  (GhidraScript) GeneralStructureEyePatternScan.java> Scanned 100000 functions. Exported so far: 0  
2026-07-15 07:25:20 INFO  (GhidraScript) GeneralStructureEyePatternScan.java> Scanned 110000 functions. Exported so far: 0  
2026-07-15 07:26:27 INFO  (GhidraScript) GeneralStructureEyePatternScan.java> Scanned 120000 functions. Exported so far: 0  
2026-07-15 07:30:35 INFO  (GhidraScript) GeneralStructureEyePatternScan.java> Scanned 130000 functions. Exported so far: 23  
2026-07-15 07:32:06 INFO  (GhidraScript) GeneralStructureEyePatternScan.java> Scanned 140000 functions. Exported so far: 23  
2026-07-15 07:57:41 INFO  (GhidraScript) GeneralStructureEyePatternScan.java> Scanned 150000 functions. Exported so far: 36  
2026-07-15 08:01:22 INFO  (GhidraScript) GeneralStructureEyePatternScan.java> Scanned 160000 functions. Exported so far: 56  
2026-07-15 08:02:50 INFO  (GhidraScript) GeneralStructureEyePatternScan.java> Scanned 170000 functions. Exported so far: 72  
2026-07-15 08:03:54 INFO  (GhidraScript) GeneralStructureEyePatternScan.java> Scanned 180000 functions. Exported so far: 86  
2026-07-15 08:05:09 INFO  (GhidraScript) GeneralStructureEyePatternScan.java> Scanned 190000 functions. Exported so far: 100  
2026-07-15 08:07:21 INFO  (GhidraScript) GeneralStructureEyePatternScan.java> Scanned 200000 functions. Exported so far: 107  
2026-07-15 08:08:57 INFO  (GhidraScript) GeneralStructureEyePatternScan.java> Scanned 210000 functions. Exported so far: 110  
2026-07-15 08:10:04 INFO  (GhidraScript) GeneralStructureEyePatternScan.java> Scanned 220000 functions. Exported so far: 162  
2026-07-15 08:10:57 INFO  (GhidraScript) GeneralStructureEyePatternScan.java> Scanned 230000 functions. Exported so far: 165  
2026-07-15 08:11:40 INFO  (GhidraScript) GeneralStructureEyePatternScan.java> Scanned 240000 functions. Exported so far: 165  
2026-07-15 08:12:30 INFO  (GhidraScript) GeneralStructureEyePatternScan.java> Scanned 250000 functions. Exported so far: 165  
2026-07-15 08:13:33 INFO  (GhidraScript) GeneralStructureEyePatternScan.java> Scanned 260000 functions. Exported so far: 165  
2026-07-15 08:14:39 INFO  (GhidraScript) GeneralStructureEyePatternScan.java> Scanned 270000 functions. Exported so far: 165  
2026-07-15 08:15:46 INFO  (GhidraScript) GeneralStructureEyePatternScan.java> Scanned 280000 functions. Exported so far: 170  
2026-07-15 08:17:07 INFO  (GhidraScript) GeneralStructureEyePatternScan.java> Scanned 290000 functions. Exported so far: 331  
2026-07-15 08:17:54 INFO  (GhidraScript) GeneralStructureEyePatternScan.java> Scanned 300000 functions. Exported so far: 338  
2026-07-15 08:19:06 INFO  (GhidraScript) GeneralStructureEyePatternScan.java> Scanned 310000 functions. Exported so far: 359  
2026-07-15 08:20:12 INFO  (GhidraScript) GeneralStructureEyePatternScan.java> Scanned 320000 functions. Exported so far: 359  
2026-07-15 08:21:17 INFO  (GhidraScript) GeneralStructureEyePatternScan.java> Scanned 330000 functions. Exported so far: 363  
2026-07-15 08:22:27 INFO  (GhidraScript) GeneralStructureEyePatternScan.java> Scanned 340000 functions. Exported so far: 379  
2026-07-15 08:23:53 INFO  (GhidraScript) GeneralStructureEyePatternScan.java> Scanned 350000 functions. Exported so far: 394  
2026-07-15 08:25:11 INFO  (GhidraScript) GeneralStructureEyePatternScan.java> Scanned 360000 functions. Exported so far: 403  
2026-07-15 08:28:16 INFO  (GhidraScript) GeneralStructureEyePatternScan.java> Scanned 370000 functions. Exported so far: 408  
2026-07-15 08:30:06 INFO  (GhidraScript) GeneralStructureEyePatternScan.java> Scanned 380000 functions. Exported so far: 408  
2026-07-15 08:31:36 INFO  (GhidraScript) GeneralStructureEyePatternScan.java> Scanned 390000 functions. Exported so far: 408  
2026-07-15 08:33:35 INFO  (GhidraScript) GeneralStructureEyePatternScan.java> Scanned 400000 functions. Exported so far: 410  
2026-07-15 08:35:40 INFO  (GhidraScript) GeneralStructureEyePatternScan.java> Scanned 410000 functions. Exported so far: 413  
2026-07-15 08:37:16 INFO  (GhidraScript) GeneralStructureEyePatternScan.java> Scanned 420000 functions. Exported so far: 555  
2026-07-15 08:37:54 INFO  (GhidraScript) GeneralStructureEyePatternScan.java> Scanned 430000 functions. Exported so far: 555  
2026-07-15 08:38:32 INFO  (GhidraScript) GeneralStructureEyePatternScan.java> Scanned 440000 functions. Exported so far: 555  
2026-07-15 08:40:19 INFO  (GhidraScript) GeneralStructureEyePatternScan.java> Scanned 450000 functions. Exported so far: 555  
2026-07-15 08:42:05 INFO  (GhidraScript) GeneralStructureEyePatternScan.java> Scanned 460000 functions. Exported so far: 555  
2026-07-15 08:43:38 INFO  (GhidraScript) GeneralStructureEyePatternScan.java> Scanned 470000 functions. Exported so far: 564  
2026-07-15 08:45:54 INFO  (GhidraScript) GeneralStructureEyePatternScan.java> Scanned 480000 functions. Exported so far: 825  
2026-07-15 08:53:00 INFO  (GhidraScript) GeneralStructureEyePatternScan.java> Scanned 490000 functions. Exported so far: 854  
2026-07-15 08:55:26 INFO  (GhidraScript) GeneralStructureEyePatternScan.java> Scanned 500000 functions. Exported so far: 854  
2026-07-15 09:12:26 INFO  (GhidraScript) GeneralStructureEyePatternScan.java> Scanned 510000 functions. Exported so far: 1104  
2026-07-15 09:14:56 INFO  (GhidraScript) GeneralStructureEyePatternScan.java> Scanned 520000 functions. Exported so far: 1130  
2026-07-15 09:16:34 INFO  (GhidraScript) GeneralStructureEyePatternScan.java> Scanned 530000 functions. Exported so far: 1138  
2026-07-15 09:18:05 INFO  (GhidraScript) GeneralStructureEyePatternScan.java> Scanned 540000 functions. Exported so far: 1466  
2026-07-15 09:20:30 INFO  (GhidraScript) GeneralStructureEyePatternScan.java> Scanned 550000 functions. Exported so far: 1735  
2026-07-15 09:25:18 INFO  (GhidraScript) GeneralStructureEyePatternScan.java> Scanned 560000 functions. Exported so far: 1756  
2026-07-15 09:28:46 INFO  (GhidraScript) GeneralStructureEyePatternScan.java> Scanned 570000 functions. Exported so far: 1756  
2026-07-15 09:33:15 INFO  (GhidraScript) GeneralStructureEyePatternScan.java> Scanned 580000 functions. Exported so far: 1757  
2026-07-15 10:07:49 INFO  (GhidraScript) GeneralStructureEyePatternScan.java> Scanned 590000 functions. Exported so far: 1781  
2026-07-15 10:14:29 INFO  (GhidraScript) GeneralStructureEyePatternScan.java> Scanned 600000 functions. Exported so far: 1805  
2026-07-15 10:18:58 INFO  (GhidraScript) GeneralStructureEyePatternScan.java> Scanned 610000 functions. Exported so far: 1805  
2026-07-15 10:20:32 INFO  (GhidraScript) GeneralStructureEyePatternScan.java> Scanned 620000 functions. Exported so far: 1805  
2026-07-15 10:21:20 INFO  (GhidraScript) GeneralStructureEyePatternScan.java> Scanned 630000 functions. Exported so far: 1805  
2026-07-15 10:25:51 INFO  (GhidraScript) GeneralStructureEyePatternScan.java> Scanned 640000 functions. Exported so far: 1805  
2026-07-15 10:36:36 INFO  (GhidraScript) GeneralStructureEyePatternScan.java> Scanned 650000 functions. Exported so far: 1812  
2026-07-15 12:19:16 INFO  (GhidraScript) GeneralStructureEyePatternScan.java> Scanned 660000 functions. Exported so far: 1826  
2026-07-15 12:21:00 INFO  (GhidraScript) GeneralStructureEyePatternScan.java> Scanned 670000 functions. Exported so far: 1895  
2026-07-15 12:22:57 INFO  (GhidraScript) GeneralStructureEyePatternScan.java> Scanned 680000 functions. Exported so far: 1915  
2026-07-15 12:26:09 INFO  (GhidraScript) GeneralStructureEyePatternScan.java> Scanned 690000 functions. Exported so far: 1965  
2026-07-15 12:56:45 INFO  (GhidraScript) GeneralStructureEyePatternScan.java> Scanned 700000 functions. Exported so far: 1982  
2026-07-15 13:00:28 INFO  (GhidraScript) GeneralStructureEyePatternScan.java> Scanned 710000 functions. Exported so far: 2002  
2026-07-15 13:03:01 INFO  (GhidraScript) GeneralStructureEyePatternScan.java> Scanned 720000 functions. Exported so far: 2080  
2026-07-15 13:03:16 WARN  (DecompileCallback) Decompiling 06c9c000, pcode error at 06c9c000: Unable to disassemble EXTERNAL block location: 06c9c000  
2026-07-15 13:03:16 WARN  (DecompileCallback) Decompiling 06c9c008, pcode error at 06c9c008: Unable to disassemble EXTERNAL block location: 06c9c008  
2026-07-15 13:03:16 WARN  (DecompileCallback) Decompiling 06c9c010, pcode error at 06c9c010: Unable to disassemble EXTERNAL block location: 06c9c010  
2026-07-15 13:03:16 WARN  (DecompileCallback) Decompiling 06c9c018, pcode error at 06c9c018: Unable to disassemble EXTERNAL block location: 06c9c018  
2026-07-15 13:03:16 WARN  (DecompileCallback) Decompiling 06c9c020, pcode error at 06c9c020: Unable to disassemble EXTERNAL block location: 06c9c020  
2026-07-15 13:03:16 WARN  (DecompileCallback) Decompiling 06c9c028, pcode error at 06c9c028: Unable to disassemble EXTERNAL block location: 06c9c028  
2026-07-15 13:03:16 WARN  (DecompileCallback) Decompiling 06c9c030, pcode error at 06c9c030: Unable to disassemble EXTERNAL block location: 06c9c030  
2026-07-15 13:03:16 WARN  (DecompileCallback) Decompiling 06c9c038, pcode error at 06c9c038: Unable to disassemble EXTERNAL block location: 06c9c038  
2026-07-15 13:03:16 WARN  (DecompileCallback) Decompiling 06c9c040, pcode error at 06c9c040: Unable to disassemble EXTERNAL block location: 06c9c040  
2026-07-15 13:03:16 WARN  (DecompileCallback) Decompiling 06c9c048, pcode error at 06c9c048: Unable to disassemble EXTERNAL block location: 06c9c048  
2026-07-15 13:03:16 WARN  (DecompileCallback) Decompiling 06c9c050, pcode error at 06c9c050: Unable to disassemble EXTERNAL block location: 06c9c050  
2026-07-15 13:03:16 WARN  (DecompileCallback) Decompiling 06c9c058, pcode error at 06c9c058: Unable to disassemble EXTERNAL block location: 06c9c058  
2026-07-15 13:03:16 WARN  (DecompileCallback) Decompiling 06c9c060, pcode error at 06c9c060: Unable to disassemble EXTERNAL block location: 06c9c060  
2026-07-15 13:03:16 WARN  (DecompileCallback) Decompiling 06c9c068, pcode error at 06c9c068: Unable to disassemble EXTERNAL block location: 06c9c068  
2026-07-15 13:03:16 WARN  (DecompileCallback) Decompiling 06c9c070, pcode error at 06c9c070: Unable to disassemble EXTERNAL block location: 06c9c070  
2026-07-15 13:03:16 WARN  (DecompileCallback) Decompiling 06c9c078, pcode error at 06c9c078: Unable to disassemble EXTERNAL block location: 06c9c078  
2026-07-15 13:03:16 WARN  (DecompileCallback) Decompiling 06c9c080, pcode error at 06c9c080: Unable to disassemble EXTERNAL block location: 06c9c080  
2026-07-15 13:03:16 WARN  (DecompileCallback) Decompiling 06c9c088, pcode error at 06c9c088: Unable to disassemble EXTERNAL block location: 06c9c088  
2026-07-15 13:03:16 WARN  (DecompileCallback) Decompiling 06c9c090, pcode error at 06c9c090: Unable to disassemble EXTERNAL block location: 06c9c090  
2026-07-15 13:03:16 WARN  (DecompileCallback) Decompiling 06c9c098, pcode error at 06c9c098: Unable to disassemble EXTERNAL block location: 06c9c098  
2026-07-15 13:03:16 WARN  (DecompileCallback) Decompiling 06c9c0a0, pcode error at 06c9c0a0: Unable to disassemble EXTERNAL block location: 06c9c0a0  
2026-07-15 13:03:16 WARN  (DecompileCallback) Decompiling 06c9c0a8, pcode error at 06c9c0a8: Unable to disassemble EXTERNAL block location: 06c9c0a8  
2026-07-15 13:03:16 WARN  (DecompileCallback) Decompiling 06c9c0b0, pcode error at 06c9c0b0: Unable to disassemble EXTERNAL block location: 06c9c0b0  
2026-07-15 13:03:16 WARN  (DecompileCallback) Decompiling 06c9c0b8, pcode error at 06c9c0b8: Unable to disassemble EXTERNAL block location: 06c9c0b8  
2026-07-15 13:03:16 WARN  (DecompileCallback) Decompiling 06c9c0c0, pcode error at 06c9c0c0: Unable to disassemble EXTERNAL block location: 06c9c0c0  
2026-07-15 13:03:16 WARN  (DecompileCallback) Decompiling 06c9c0c8, pcode error at 06c9c0c8: Unable to disassemble EXTERNAL block location: 06c9c0c8  
2026-07-15 13:03:16 WARN  (DecompileCallback) Decompiling 06c9c0d0, pcode error at 06c9c0d0: Unable to disassemble EXTERNAL block location: 06c9c0d0  
2026-07-15 13:03:16 WARN  (DecompileCallback) Decompiling 06c9c0d8, pcode error at 06c9c0d8: Unable to disassemble EXTERNAL block location: 06c9c0d8  
2026-07-15 13:03:16 WARN  (DecompileCallback) Decompiling 06c9c0e0, pcode error at 06c9c0e0: Unable to disassemble EXTERNAL block location: 06c9c0e0  
2026-07-15 13:03:16 WARN  (DecompileCallback) Decompiling 06c9c0e8, pcode error at 06c9c0e8: Unable to disassemble EXTERNAL block location: 06c9c0e8  
2026-07-15 13:03:16 WARN  (DecompileCallback) Decompiling 06c9c0f0, pcode error at 06c9c0f0: Unable to disassemble EXTERNAL block location: 06c9c0f0  
2026-07-15 13:03:16 WARN  (DecompileCallback) Decompiling 06c9c0f8, pcode error at 06c9c0f8: Unable to disassemble EXTERNAL block location: 06c9c0f8  
2026-07-15 13:03:16 WARN  (DecompileCallback) Decompiling 06c9c100, pcode error at 06c9c100: Unable to disassemble EXTERNAL block location: 06c9c100  
2026-07-15 13:03:16 WARN  (DecompileCallback) Decompiling 06c9c108, pcode error at 06c9c108: Unable to disassemble EXTERNAL block location: 06c9c108  
2026-07-15 13:03:16 WARN  (DecompileCallback) Decompiling 06c9c110, pcode error at 06c9c110: Unable to disassemble EXTERNAL block location: 06c9c110  
2026-07-15 13:03:16 WARN  (DecompileCallback) Decompiling 06c9c118, pcode error at 06c9c118: Unable to disassemble EXTERNAL block location: 06c9c118  
2026-07-15 13:03:16 WARN  (DecompileCallback) Decompiling 06c9c120, pcode error at 06c9c120: Unable to disassemble EXTERNAL block location: 06c9c120  
2026-07-15 13:03:16 WARN  (DecompileCallback) Decompiling 06c9c128, pcode error at 06c9c128: Unable to disassemble EXTERNAL block location: 06c9c128  
2026-07-15 13:03:16 WARN  (DecompileCallback) Decompiling 06c9c130, pcode error at 06c9c130: Unable to disassemble EXTERNAL block location: 06c9c130  
2026-07-15 13:03:16 WARN  (DecompileCallback) Decompiling 06c9c138, pcode error at 06c9c138: Unable to disassemble EXTERNAL block location: 06c9c138  
2026-07-15 13:03:16 WARN  (DecompileCallback) Decompiling 06c9c140, pcode error at 06c9c140: Unable to disassemble EXTERNAL block location: 06c9c140  
2026-07-15 13:03:16 WARN  (DecompileCallback) Decompiling 06c9c148, pcode error at 06c9c148: Unable to disassemble EXTERNAL block location: 06c9c148  
2026-07-15 13:03:16 WARN  (DecompileCallback) Decompiling 06c9c150, pcode error at 06c9c150: Unable to disassemble EXTERNAL block location: 06c9c150  
2026-07-15 13:03:16 WARN  (DecompileCallback) Decompiling 06c9c158, pcode error at 06c9c158: Unable to disassemble EXTERNAL block location: 06c9c158  
2026-07-15 13:03:16 WARN  (DecompileCallback) Decompiling 06c9c160, pcode error at 06c9c160: Unable to disassemble EXTERNAL block location: 06c9c160  
2026-07-15 13:03:16 WARN  (DecompileCallback) Decompiling 06c9c168, pcode error at 06c9c168: Unable to disassemble EXTERNAL block location: 06c9c168  
2026-07-15 13:03:16 WARN  (DecompileCallback) Decompiling 06c9c178, pcode error at 06c9c178: Unable to disassemble EXTERNAL block location: 06c9c178  
2026-07-15 13:03:16 WARN  (DecompileCallback) Decompiling 06c9c180, pcode error at 06c9c180: Unable to disassemble EXTERNAL block location: 06c9c180  
2026-07-15 13:03:16 WARN  (DecompileCallback) Decompiling 06c9c188, pcode error at 06c9c188: Unable to disassemble EXTERNAL block location: 06c9c188  
2026-07-15 13:03:16 WARN  (DecompileCallback) Decompiling 06c9c190, pcode error at 06c9c190: Unable to disassemble EXTERNAL block location: 06c9c190  
2026-07-15 13:03:16 WARN  (DecompileCallback) Decompiling 06c9c198, pcode error at 06c9c198: Unable to disassemble EXTERNAL block location: 06c9c198  
2026-07-15 13:03:16 WARN  (DecompileCallback) Decompiling 06c9c1a0, pcode error at 06c9c1a0: Unable to disassemble EXTERNAL block location: 06c9c1a0  
2026-07-15 13:03:16 WARN  (DecompileCallback) Decompiling 06c9c1a8, pcode error at 06c9c1a8: Unable to disassemble EXTERNAL block location: 06c9c1a8  
2026-07-15 13:03:16 WARN  (DecompileCallback) Decompiling 06c9c1b0, pcode error at 06c9c1b0: Unable to disassemble EXTERNAL block location: 06c9c1b0  
2026-07-15 13:03:16 WARN  (DecompileCallback) Decompiling 06c9c1b8, pcode error at 06c9c1b8: Unable to disassemble EXTERNAL block location: 06c9c1b8  
2026-07-15 13:03:16 WARN  (DecompileCallback) Decompiling 06c9c1c0, pcode error at 06c9c1c0: Unable to disassemble EXTERNAL block location: 06c9c1c0  
2026-07-15 13:03:16 WARN  (DecompileCallback) Decompiling 06c9c1c8, pcode error at 06c9c1c8: Unable to disassemble EXTERNAL block location: 06c9c1c8  
2026-07-15 13:03:16 WARN  (DecompileCallback) Decompiling 06c9c1d0, pcode error at 06c9c1d0: Unable to disassemble EXTERNAL block location: 06c9c1d0  
2026-07-15 13:03:16 WARN  (DecompileCallback) Decompiling 06c9c1d8, pcode error at 06c9c1d8: Unable to disassemble EXTERNAL block location: 06c9c1d8  
2026-07-15 13:03:16 WARN  (DecompileCallback) Decompiling 06c9c1e0, pcode error at 06c9c1e0: Unable to disassemble EXTERNAL block location: 06c9c1e0  
2026-07-15 13:03:16 WARN  (DecompileCallback) Decompiling 06c9c1e8, pcode error at 06c9c1e8: Unable to disassemble EXTERNAL block location: 06c9c1e8  
2026-07-15 13:03:16 WARN  (DecompileCallback) Decompiling 06c9c1f0, pcode error at 06c9c1f0: Unable to disassemble EXTERNAL block location: 06c9c1f0  
2026-07-15 13:03:16 WARN  (DecompileCallback) Decompiling 06c9c1f8, pcode error at 06c9c1f8: Unable to disassemble EXTERNAL block location: 06c9c1f8  
2026-07-15 13:03:16 WARN  (DecompileCallback) Decompiling 06c9c200, pcode error at 06c9c200: Unable to disassemble EXTERNAL block location: 06c9c200  
2026-07-15 13:03:16 WARN  (DecompileCallback) Decompiling 06c9c208, pcode error at 06c9c208: Unable to disassemble EXTERNAL block location: 06c9c208  
2026-07-15 13:03:16 WARN  (DecompileCallback) Decompiling 06c9c210, pcode error at 06c9c210: Unable to disassemble EXTERNAL block location: 06c9c210  
2026-07-15 13:03:16 WARN  (DecompileCallback) Decompiling 06c9c218, pcode error at 06c9c218: Unable to disassemble EXTERNAL block location: 06c9c218  
2026-07-15 13:03:16 WARN  (DecompileCallback) Decompiling 06c9c220, pcode error at 06c9c220: Unable to disassemble EXTERNAL block location: 06c9c220  
2026-07-15 13:03:16 WARN  (DecompileCallback) Decompiling 06c9c228, pcode error at 06c9c228: Unable to disassemble EXTERNAL block location: 06c9c228  
2026-07-15 13:03:16 WARN  (DecompileCallback) Decompiling 06c9c230, pcode error at 06c9c230: Unable to disassemble EXTERNAL block location: 06c9c230  
2026-07-15 13:03:16 WARN  (DecompileCallback) Decompiling 06c9c238, pcode error at 06c9c238: Unable to disassemble EXTERNAL block location: 06c9c238  
2026-07-15 13:03:16 WARN  (DecompileCallback) Decompiling 06c9c240, pcode error at 06c9c240: Unable to disassemble EXTERNAL block location: 06c9c240  
2026-07-15 13:03:16 WARN  (DecompileCallback) Decompiling 06c9c248, pcode error at 06c9c248: Unable to disassemble EXTERNAL block location: 06c9c248  
2026-07-15 13:03:16 WARN  (DecompileCallback) Decompiling 06c9c250, pcode error at 06c9c250: Unable to disassemble EXTERNAL block location: 06c9c250  
2026-07-15 13:03:16 WARN  (DecompileCallback) Decompiling 06c9c258, pcode error at 06c9c258: Unable to disassemble EXTERNAL block location: 06c9c258  
2026-07-15 13:03:16 WARN  (DecompileCallback) Decompiling 06c9c260, pcode error at 06c9c260: Unable to disassemble EXTERNAL block location: 06c9c260  
2026-07-15 13:03:16 WARN  (DecompileCallback) Decompiling 06c9c268, pcode error at 06c9c268: Unable to disassemble EXTERNAL block location: 06c9c268  
2026-07-15 13:03:16 WARN  (DecompileCallback) Decompiling 06c9c270, pcode error at 06c9c270: Unable to disassemble EXTERNAL block location: 06c9c270  
2026-07-15 13:03:16 WARN  (DecompileCallback) Decompiling 06c9c278, pcode error at 06c9c278: Unable to disassemble EXTERNAL block location: 06c9c278  
2026-07-15 13:03:16 WARN  (DecompileCallback) Decompiling 06c9c280, pcode error at 06c9c280: Unable to disassemble EXTERNAL block location: 06c9c280  
2026-07-15 13:03:16 WARN  (DecompileCallback) Decompiling 06c9c288, pcode error at 06c9c288: Unable to disassemble EXTERNAL block location: 06c9c288  
2026-07-15 13:03:16 WARN  (DecompileCallback) Decompiling 06c9c290, pcode error at 06c9c290: Unable to disassemble EXTERNAL block location: 06c9c290  
2026-07-15 13:03:16 WARN  (DecompileCallback) Decompiling 06c9c298, pcode error at 06c9c298: Unable to disassemble EXTERNAL block location: 06c9c298  
2026-07-15 13:03:16 WARN  (DecompileCallback) Decompiling 06c9c2a0, pcode error at 06c9c2a0: Unable to disassemble EXTERNAL block location: 06c9c2a0  
2026-07-15 13:03:16 WARN  (DecompileCallback) Decompiling 06c9c2a8, pcode error at 06c9c2a8: Unable to disassemble EXTERNAL block location: 06c9c2a8  
2026-07-15 13:03:16 WARN  (DecompileCallback) Decompiling 06c9c2b0, pcode error at 06c9c2b0: Unable to disassemble EXTERNAL block location: 06c9c2b0  
2026-07-15 13:03:16 WARN  (DecompileCallback) Decompiling 06c9c2b8, pcode error at 06c9c2b8: Unable to disassemble EXTERNAL block location: 06c9c2b8  
2026-07-15 13:03:16 WARN  (DecompileCallback) Decompiling 06c9c2c0, pcode error at 06c9c2c0: Unable to disassemble EXTERNAL block location: 06c9c2c0  
2026-07-15 13:03:16 WARN  (DecompileCallback) Decompiling 06c9c2c8, pcode error at 06c9c2c8: Unable to disassemble EXTERNAL block location: 06c9c2c8  
2026-07-15 13:03:16 WARN  (DecompileCallback) Decompiling 06c9c2d0, pcode error at 06c9c2d0: Unable to disassemble EXTERNAL block location: 06c9c2d0  
2026-07-15 13:03:16 WARN  (DecompileCallback) Decompiling 06c9c2d8, pcode error at 06c9c2d8: Unable to disassemble EXTERNAL block location: 06c9c2d8  
2026-07-15 13:03:16 WARN  (DecompileCallback) Decompiling 06c9c2e0, pcode error at 06c9c2e0: Unable to disassemble EXTERNAL block location: 06c9c2e0  
2026-07-15 13:03:16 WARN  (DecompileCallback) Decompiling 06c9c2e8, pcode error at 06c9c2e8: Unable to disassemble EXTERNAL block location: 06c9c2e8  
2026-07-15 13:03:16 WARN  (DecompileCallback) Decompiling 06c9c2f0, pcode error at 06c9c2f0: Unable to disassemble EXTERNAL block location: 06c9c2f0  
2026-07-15 13:03:16 WARN  (DecompileCallback) Decompiling 06c9c2f8, pcode error at 06c9c2f8: Unable to disassemble EXTERNAL block location: 06c9c2f8  
2026-07-15 13:03:16 WARN  (DecompileCallback) Decompiling 06c9c300, pcode error at 06c9c300: Unable to disassemble EXTERNAL block location: 06c9c300  
2026-07-15 13:03:16 WARN  (DecompileCallback) Decompiling 06c9c308, pcode error at 06c9c308: Unable to disassemble EXTERNAL block location: 06c9c308  
2026-07-15 13:03:16 WARN  (DecompileCallback) Decompiling 06c9c310, pcode error at 06c9c310: Unable to disassemble EXTERNAL block location: 06c9c310  
2026-07-15 13:03:16 WARN  (DecompileCallback) Decompiling 06c9c318, pcode error at 06c9c318: Unable to disassemble EXTERNAL block location: 06c9c318  
2026-07-15 13:03:16 WARN  (DecompileCallback) Decompiling 06c9c320, pcode error at 06c9c320: Unable to disassemble EXTERNAL block location: 06c9c320  
2026-07-15 13:03:16 WARN  (DecompileCallback) Decompiling 06c9c328, pcode error at 06c9c328: Unable to disassemble EXTERNAL block location: 06c9c328  
2026-07-15 13:03:16 WARN  (DecompileCallback) Decompiling 06c9c330, pcode error at 06c9c330: Unable to disassemble EXTERNAL block location: 06c9c330  
2026-07-15 13:03:16 WARN  (DecompileCallback) Decompiling 06c9c338, pcode error at 06c9c338: Unable to disassemble EXTERNAL block location: 06c9c338  
2026-07-15 13:03:16 WARN  (DecompileCallback) Decompiling 06c9c340, pcode error at 06c9c340: Unable to disassemble EXTERNAL block location: 06c9c340  
2026-07-15 13:03:16 WARN  (DecompileCallback) Decompiling 06c9c348, pcode error at 06c9c348: Unable to disassemble EXTERNAL block location: 06c9c348  
2026-07-15 13:03:16 WARN  (DecompileCallback) Decompiling 06c9c350, pcode error at 06c9c350: Unable to disassemble EXTERNAL block location: 06c9c350  
2026-07-15 13:03:16 WARN  (DecompileCallback) Decompiling 06c9c358, pcode error at 06c9c358: Unable to disassemble EXTERNAL block location: 06c9c358  
2026-07-15 13:03:16 WARN  (DecompileCallback) Decompiling 06c9c360, pcode error at 06c9c360: Unable to disassemble EXTERNAL block location: 06c9c360  
2026-07-15 13:03:16 WARN  (DecompileCallback) Decompiling 06c9c368, pcode error at 06c9c368: Unable to disassemble EXTERNAL block location: 06c9c368  
2026-07-15 13:03:16 WARN  (DecompileCallback) Decompiling 06c9c370, pcode error at 06c9c370: Unable to disassemble EXTERNAL block location: 06c9c370  
2026-07-15 13:03:16 WARN  (DecompileCallback) Decompiling 06c9c378, pcode error at 06c9c378: Unable to disassemble EXTERNAL block location: 06c9c378  
2026-07-15 13:03:16 WARN  (DecompileCallback) Decompiling 06c9c380, pcode error at 06c9c380: Unable to disassemble EXTERNAL block location: 06c9c380  
2026-07-15 13:03:16 WARN  (DecompileCallback) Decompiling 06c9c388, pcode error at 06c9c388: Unable to disassemble EXTERNAL block location: 06c9c388  
2026-07-15 13:03:16 WARN  (DecompileCallback) Decompiling 06c9c390, pcode error at 06c9c390: Unable to disassemble EXTERNAL block location: 06c9c390  
2026-07-15 13:03:16 WARN  (DecompileCallback) Decompiling 06c9c398, pcode error at 06c9c398: Unable to disassemble EXTERNAL block location: 06c9c398  
2026-07-15 13:03:16 WARN  (DecompileCallback) Decompiling 06c9c3a0, pcode error at 06c9c3a0: Unable to disassemble EXTERNAL block location: 06c9c3a0  
2026-07-15 13:03:16 WARN  (DecompileCallback) Decompiling 06c9c3a8, pcode error at 06c9c3a8: Unable to disassemble EXTERNAL block location: 06c9c3a8  
2026-07-15 13:03:16 WARN  (DecompileCallback) Decompiling 06c9c3b0, pcode error at 06c9c3b0: Unable to disassemble EXTERNAL block location: 06c9c3b0  
2026-07-15 13:03:16 WARN  (DecompileCallback) Decompiling 06c9c3b8, pcode error at 06c9c3b8: Unable to disassemble EXTERNAL block location: 06c9c3b8  
2026-07-15 13:03:16 WARN  (DecompileCallback) Decompiling 06c9c3c0, pcode error at 06c9c3c0: Unable to disassemble EXTERNAL block location: 06c9c3c0  
2026-07-15 13:03:16 WARN  (DecompileCallback) Decompiling 06c9c3c8, pcode error at 06c9c3c8: Unable to disassemble EXTERNAL block location: 06c9c3c8  
2026-07-15 13:03:16 WARN  (DecompileCallback) Decompiling 06c9c3d0, pcode error at 06c9c3d0: Unable to disassemble EXTERNAL block location: 06c9c3d0  
2026-07-15 13:03:16 WARN  (DecompileCallback) Decompiling 06c9c3d8, pcode error at 06c9c3d8: Unable to disassemble EXTERNAL block location: 06c9c3d8  
2026-07-15 13:03:16 WARN  (DecompileCallback) Decompiling 06c9c3e0, pcode error at 06c9c3e0: Unable to disassemble EXTERNAL block location: 06c9c3e0  
2026-07-15 13:03:16 WARN  (DecompileCallback) Decompiling 06c9c3e8, pcode error at 06c9c3e8: Unable to disassemble EXTERNAL block location: 06c9c3e8  
2026-07-15 13:03:16 WARN  (DecompileCallback) Decompiling 06c9c3f0, pcode error at 06c9c3f0: Unable to disassemble EXTERNAL block location: 06c9c3f0  
2026-07-15 13:03:16 WARN  (DecompileCallback) Decompiling 06c9c3f8, pcode error at 06c9c3f8: Unable to disassemble EXTERNAL block location: 06c9c3f8  
2026-07-15 13:03:16 WARN  (DecompileCallback) Decompiling 06c9c400, pcode error at 06c9c400: Unable to disassemble EXTERNAL block location: 06c9c400  
2026-07-15 13:03:16 WARN  (DecompileCallback) Decompiling 06c9c408, pcode error at 06c9c408: Unable to disassemble EXTERNAL block location: 06c9c408  
2026-07-15 13:03:16 WARN  (DecompileCallback) Decompiling 06c9c410, pcode error at 06c9c410: Unable to disassemble EXTERNAL block location: 06c9c410  
2026-07-15 13:03:16 WARN  (DecompileCallback) Decompiling 06c9c418, pcode error at 06c9c418: Unable to disassemble EXTERNAL block location: 06c9c418  
2026-07-15 13:03:16 WARN  (DecompileCallback) Decompiling 06c9c420, pcode error at 06c9c420: Unable to disassemble EXTERNAL block location: 06c9c420  
2026-07-15 13:03:16 WARN  (DecompileCallback) Decompiling 06c9c428, pcode error at 06c9c428: Unable to disassemble EXTERNAL block location: 06c9c428  
2026-07-15 13:03:16 WARN  (DecompileCallback) Decompiling 06c9c430, pcode error at 06c9c430: Unable to disassemble EXTERNAL block location: 06c9c430  
2026-07-15 13:03:16 WARN  (DecompileCallback) Decompiling 06c9c438, pcode error at 06c9c438: Unable to disassemble EXTERNAL block location: 06c9c438  
2026-07-15 13:03:16 WARN  (DecompileCallback) Decompiling 06c9c440, pcode error at 06c9c440: Unable to disassemble EXTERNAL block location: 06c9c440  
2026-07-15 13:03:16 WARN  (DecompileCallback) Decompiling 06c9c448, pcode error at 06c9c448: Unable to disassemble EXTERNAL block location: 06c9c448  
2026-07-15 13:03:16 WARN  (DecompileCallback) Decompiling 06c9c450, pcode error at 06c9c450: Unable to disassemble EXTERNAL block location: 06c9c450  
2026-07-15 13:03:16 WARN  (DecompileCallback) Decompiling 06c9c458, pcode error at 06c9c458: Unable to disassemble EXTERNAL block location: 06c9c458  
2026-07-15 13:03:16 WARN  (DecompileCallback) Decompiling 06c9c460, pcode error at 06c9c460: Unable to disassemble EXTERNAL block location: 06c9c460  
2026-07-15 13:03:16 WARN  (DecompileCallback) Decompiling 06c9c468, pcode error at 06c9c468: Unable to disassemble EXTERNAL block location: 06c9c468  
2026-07-15 13:03:16 WARN  (DecompileCallback) Decompiling 06c9c470, pcode error at 06c9c470: Unable to disassemble EXTERNAL block location: 06c9c470  
2026-07-15 13:03:16 WARN  (DecompileCallback) Decompiling 06c9c478, pcode error at 06c9c478: Unable to disassemble EXTERNAL block location: 06c9c478  
2026-07-15 13:03:16 WARN  (DecompileCallback) Decompiling 06c9c480, pcode error at 06c9c480: Unable to disassemble EXTERNAL block location: 06c9c480  
2026-07-15 13:03:16 WARN  (DecompileCallback) Decompiling 06c9c488, pcode error at 06c9c488: Unable to disassemble EXTERNAL block location: 06c9c488  
2026-07-15 13:03:16 WARN  (DecompileCallback) Decompiling 06c9c490, pcode error at 06c9c490: Unable to disassemble EXTERNAL block location: 06c9c490  
2026-07-15 13:03:16 WARN  (DecompileCallback) Decompiling 06c9c498, pcode error at 06c9c498: Unable to disassemble EXTERNAL block location: 06c9c498  
2026-07-15 13:03:16 WARN  (DecompileCallback) Decompiling 06c9c4a0, pcode error at 06c9c4a0: Unable to disassemble EXTERNAL block location: 06c9c4a0  
2026-07-15 13:03:16 WARN  (DecompileCallback) Decompiling 06c9c4a8, pcode error at 06c9c4a8: Unable to disassemble EXTERNAL block location: 06c9c4a8  
2026-07-15 13:03:16 WARN  (DecompileCallback) Decompiling 06c9c4b0, pcode error at 06c9c4b0: Unable to disassemble EXTERNAL block location: 06c9c4b0  
2026-07-15 13:03:16 WARN  (DecompileCallback) Decompiling 06c9c4b8, pcode error at 06c9c4b8: Unable to disassemble EXTERNAL block location: 06c9c4b8  
2026-07-15 13:03:16 WARN  (DecompileCallback) Decompiling 06c9c4c0, pcode error at 06c9c4c0: Unable to disassemble EXTERNAL block location: 06c9c4c0  
2026-07-15 13:03:16 WARN  (DecompileCallback) Decompiling 06c9c4c8, pcode error at 06c9c4c8: Unable to disassemble EXTERNAL block location: 06c9c4c8  
2026-07-15 13:03:16 WARN  (DecompileCallback) Decompiling 06c9c4d0, pcode error at 06c9c4d0: Unable to disassemble EXTERNAL block location: 06c9c4d0  
2026-07-15 13:03:16 WARN  (DecompileCallback) Decompiling 06c9c4d8, pcode error at 06c9c4d8: Unable to disassemble EXTERNAL block location: 06c9c4d8  
2026-07-15 13:03:16 WARN  (DecompileCallback) Decompiling 06c9c4e0, pcode error at 06c9c4e0: Unable to disassemble EXTERNAL block location: 06c9c4e0  
2026-07-15 13:03:16 WARN  (DecompileCallback) Decompiling 06c9c4e8, pcode error at 06c9c4e8: Unable to disassemble EXTERNAL block location: 06c9c4e8  
2026-07-15 13:03:16 WARN  (DecompileCallback) Decompiling 06c9c4f0, pcode error at 06c9c4f0: Unable to disassemble EXTERNAL block location: 06c9c4f0  
2026-07-15 13:03:16 WARN  (DecompileCallback) Decompiling 06c9c4f8, pcode error at 06c9c4f8: Unable to disassemble EXTERNAL block location: 06c9c4f8  
2026-07-15 13:03:16 WARN  (DecompileCallback) Decompiling 06c9c500, pcode error at 06c9c500: Unable to disassemble EXTERNAL block location: 06c9c500  
2026-07-15 13:03:16 WARN  (DecompileCallback) Decompiling 06c9c508, pcode error at 06c9c508: Unable to disassemble EXTERNAL block location: 06c9c508  
2026-07-15 13:03:16 WARN  (DecompileCallback) Decompiling 06c9c510, pcode error at 06c9c510: Unable to disassemble EXTERNAL block location: 06c9c510  
2026-07-15 13:03:16 WARN  (DecompileCallback) Decompiling 06c9c518, pcode error at 06c9c518: Unable to disassemble EXTERNAL block location: 06c9c518  
2026-07-15 13:03:16 WARN  (DecompileCallback) Decompiling 06c9c520, pcode error at 06c9c520: Unable to disassemble EXTERNAL block location: 06c9c520  
2026-07-15 13:03:16 WARN  (DecompileCallback) Decompiling 06c9c528, pcode error at 06c9c528: Unable to disassemble EXTERNAL block location: 06c9c528  
2026-07-15 13:03:16 WARN  (DecompileCallback) Decompiling 06c9c530, pcode error at 06c9c530: Unable to disassemble EXTERNAL block location: 06c9c530  
2026-07-15 13:03:16 WARN  (DecompileCallback) Decompiling 06c9c538, pcode error at 06c9c538: Unable to disassemble EXTERNAL block location: 06c9c538  
2026-07-15 13:03:16 WARN  (DecompileCallback) Decompiling 06c9c548, pcode error at 06c9c548: Unable to disassemble EXTERNAL block location: 06c9c548  
2026-07-15 13:03:16 WARN  (DecompileCallback) Decompiling 06c9c550, pcode error at 06c9c550: Unable to disassemble EXTERNAL block location: 06c9c550  
2026-07-15 13:03:16 WARN  (DecompileCallback) Decompiling 06c9c558, pcode error at 06c9c558: Unable to disassemble EXTERNAL block location: 06c9c558  
2026-07-15 13:03:16 WARN  (DecompileCallback) Decompiling 06c9c560, pcode error at 06c9c560: Unable to disassemble EXTERNAL block location: 06c9c560  
2026-07-15 13:03:16 WARN  (DecompileCallback) Decompiling 06c9c568, pcode error at 06c9c568: Unable to disassemble EXTERNAL block location: 06c9c568  
2026-07-15 13:03:16 WARN  (DecompileCallback) Decompiling 06c9c570, pcode error at 06c9c570: Unable to disassemble EXTERNAL block location: 06c9c570  
2026-07-15 13:03:16 WARN  (DecompileCallback) Decompiling 06c9c578, pcode error at 06c9c578: Unable to disassemble EXTERNAL block location: 06c9c578  
2026-07-15 13:03:16 WARN  (DecompileCallback) Decompiling 06c9c580, pcode error at 06c9c580: Unable to disassemble EXTERNAL block location: 06c9c580  
2026-07-15 13:03:16 WARN  (DecompileCallback) Decompiling 06c9c588, pcode error at 06c9c588: Unable to disassemble EXTERNAL block location: 06c9c588  
2026-07-15 13:03:16 WARN  (DecompileCallback) Decompiling 06c9c590, pcode error at 06c9c590: Unable to disassemble EXTERNAL block location: 06c9c590  
2026-07-15 13:03:16 WARN  (DecompileCallback) Decompiling 06c9c598, pcode error at 06c9c598: Unable to disassemble EXTERNAL block location: 06c9c598  
2026-07-15 13:03:16 WARN  (DecompileCallback) Decompiling 06c9c5a0, pcode error at 06c9c5a0: Unable to disassemble EXTERNAL block location: 06c9c5a0  
2026-07-15 13:03:16 WARN  (DecompileCallback) Decompiling 06c9c5a8, pcode error at 06c9c5a8: Unable to disassemble EXTERNAL block location: 06c9c5a8  
2026-07-15 13:03:16 WARN  (DecompileCallback) Decompiling 06c9c5b0, pcode error at 06c9c5b0: Unable to disassemble EXTERNAL block location: 06c9c5b0  
2026-07-15 13:03:16 WARN  (DecompileCallback) Decompiling 06c9c5b8, pcode error at 06c9c5b8: Unable to disassemble EXTERNAL block location: 06c9c5b8  
2026-07-15 13:03:16 WARN  (DecompileCallback) Decompiling 06c9c5c0, pcode error at 06c9c5c0: Unable to disassemble EXTERNAL block location: 06c9c5c0  
2026-07-15 13:03:16 WARN  (DecompileCallback) Decompiling 06c9c5c8, pcode error at 06c9c5c8: Unable to disassemble EXTERNAL block location: 06c9c5c8  
2026-07-15 13:03:16 WARN  (DecompileCallback) Decompiling 06c9c5d0, pcode error at 06c9c5d0: Unable to disassemble EXTERNAL block location: 06c9c5d0  
2026-07-15 13:03:16 WARN  (DecompileCallback) Decompiling 06c9c5d8, pcode error at 06c9c5d8: Unable to disassemble EXTERNAL block location: 06c9c5d8  
2026-07-15 13:03:16 WARN  (DecompileCallback) Decompiling 06c9c5e0, pcode error at 06c9c5e0: Unable to disassemble EXTERNAL block location: 06c9c5e0  
2026-07-15 13:03:16 WARN  (DecompileCallback) Decompiling 06c9c5e8, pcode error at 06c9c5e8: Unable to disassemble EXTERNAL block location: 06c9c5e8  
2026-07-15 13:03:16 WARN  (DecompileCallback) Decompiling 06c9c5f0, pcode error at 06c9c5f0: Unable to disassemble EXTERNAL block location: 06c9c5f0  
2026-07-15 13:03:16 WARN  (DecompileCallback) Decompiling 06c9c5f8, pcode error at 06c9c5f8: Unable to disassemble EXTERNAL block location: 06c9c5f8  
2026-07-15 13:03:16 WARN  (DecompileCallback) Decompiling 06c9c600, pcode error at 06c9c600: Unable to disassemble EXTERNAL block location: 06c9c600  
2026-07-15 13:03:16 WARN  (DecompileCallback) Decompiling 06c9c608, pcode error at 06c9c608: Unable to disassemble EXTERNAL block location: 06c9c608  
2026-07-15 13:03:16 WARN  (DecompileCallback) Decompiling 06c9c610, pcode error at 06c9c610: Unable to disassemble EXTERNAL block location: 06c9c610  
2026-07-15 13:03:16 WARN  (DecompileCallback) Decompiling 06c9c618, pcode error at 06c9c618: Unable to disassemble EXTERNAL block location: 06c9c618  
2026-07-15 13:03:16 WARN  (DecompileCallback) Decompiling 06c9c620, pcode error at 06c9c620: Unable to disassemble EXTERNAL block location: 06c9c620  
2026-07-15 13:03:16 WARN  (DecompileCallback) Decompiling 06c9c628, pcode error at 06c9c628: Unable to disassemble EXTERNAL block location: 06c9c628  
2026-07-15 13:03:16 WARN  (DecompileCallback) Decompiling 06c9c630, pcode error at 06c9c630: Unable to disassemble EXTERNAL block location: 06c9c630  
2026-07-15 13:03:16 WARN  (DecompileCallback) Decompiling 06c9c638, pcode error at 06c9c638: Unable to disassemble EXTERNAL block location: 06c9c638  
2026-07-15 13:03:16 WARN  (DecompileCallback) Decompiling 06c9c640, pcode error at 06c9c640: Unable to disassemble EXTERNAL block location: 06c9c640  
2026-07-15 13:03:16 WARN  (DecompileCallback) Decompiling 06c9c648, pcode error at 06c9c648: Unable to disassemble EXTERNAL block location: 06c9c648  
2026-07-15 13:03:16 WARN  (DecompileCallback) Decompiling 06c9c650, pcode error at 06c9c650: Unable to disassemble EXTERNAL block location: 06c9c650  
2026-07-15 13:03:16 WARN  (DecompileCallback) Decompiling 06c9c658, pcode error at 06c9c658: Unable to disassemble EXTERNAL block location: 06c9c658  
2026-07-15 13:03:16 WARN  (DecompileCallback) Decompiling 06c9c660, pcode error at 06c9c660: Unable to disassemble EXTERNAL block location: 06c9c660  
2026-07-15 13:03:16 WARN  (DecompileCallback) Decompiling 06c9c668, pcode error at 06c9c668: Unable to disassemble EXTERNAL block location: 06c9c668  
2026-07-15 13:03:16 WARN  (DecompileCallback) Decompiling 06c9c670, pcode error at 06c9c670: Unable to disassemble EXTERNAL block location: 06c9c670  
2026-07-15 13:03:16 WARN  (DecompileCallback) Decompiling 06c9c678, pcode error at 06c9c678: Unable to disassemble EXTERNAL block location: 06c9c678  
2026-07-15 13:03:16 WARN  (DecompileCallback) Decompiling 06c9c680, pcode error at 06c9c680: Unable to disassemble EXTERNAL block location: 06c9c680  
2026-07-15 13:03:16 WARN  (DecompileCallback) Decompiling 06c9c688, pcode error at 06c9c688: Unable to disassemble EXTERNAL block location: 06c9c688  
2026-07-15 13:03:16 WARN  (DecompileCallback) Decompiling 06c9c690, pcode error at 06c9c690: Unable to disassemble EXTERNAL block location: 06c9c690  
2026-07-15 13:03:16 WARN  (DecompileCallback) Decompiling 06c9c698, pcode error at 06c9c698: Unable to disassemble EXTERNAL block location: 06c9c698  
2026-07-15 13:03:16 WARN  (DecompileCallback) Decompiling 06c9c6a0, pcode error at 06c9c6a0: Unable to disassemble EXTERNAL block location: 06c9c6a0  
2026-07-15 13:03:16 WARN  (DecompileCallback) Decompiling 06c9c6a8, pcode error at 06c9c6a8: Unable to disassemble EXTERNAL block location: 06c9c6a8  
2026-07-15 13:03:16 WARN  (DecompileCallback) Decompiling 06c9c6b0, pcode error at 06c9c6b0: Unable to disassemble EXTERNAL block location: 06c9c6b0  
2026-07-15 13:03:16 WARN  (DecompileCallback) Decompiling 06c9c6b8, pcode error at 06c9c6b8: Unable to disassemble EXTERNAL block location: 06c9c6b8  
2026-07-15 13:03:16 WARN  (DecompileCallback) Decompiling 06c9c6c0, pcode error at 06c9c6c0: Unable to disassemble EXTERNAL block location: 06c9c6c0  
2026-07-15 13:03:16 WARN  (DecompileCallback) Decompiling 06c9c6c8, pcode error at 06c9c6c8: Unable to disassemble EXTERNAL block location: 06c9c6c8  
2026-07-15 13:03:16 WARN  (DecompileCallback) Decompiling 06c9c6d0, pcode error at 06c9c6d0: Unable to disassemble EXTERNAL block location: 06c9c6d0  
2026-07-15 13:03:16 WARN  (DecompileCallback) Decompiling 06c9c6d8, pcode error at 06c9c6d8: Unable to disassemble EXTERNAL block location: 06c9c6d8  
2026-07-15 13:03:16 WARN  (DecompileCallback) Decompiling 06c9c6e0, pcode error at 06c9c6e0: Unable to disassemble EXTERNAL block location: 06c9c6e0  
2026-07-15 13:03:16 WARN  (DecompileCallback) Decompiling 06c9c6e8, pcode error at 06c9c6e8: Unable to disassemble EXTERNAL block location: 06c9c6e8  
2026-07-15 13:03:16 WARN  (DecompileCallback) Decompiling 06c9c6f0, pcode error at 06c9c6f0: Unable to disassemble EXTERNAL block location: 06c9c6f0  
2026-07-15 13:03:16 WARN  (DecompileCallback) Decompiling 06c9c6f8, pcode error at 06c9c6f8: Unable to disassemble EXTERNAL block location: 06c9c6f8  
2026-07-15 13:03:16 WARN  (DecompileCallback) Decompiling 06c9c700, pcode error at 06c9c700: Unable to disassemble EXTERNAL block location: 06c9c700  
2026-07-15 13:03:16 WARN  (DecompileCallback) Decompiling 06c9c708, pcode error at 06c9c708: Unable to disassemble EXTERNAL block location: 06c9c708  
2026-07-15 13:03:16 WARN  (DecompileCallback) Decompiling 06c9c710, pcode error at 06c9c710: Unable to disassemble EXTERNAL block location: 06c9c710  
2026-07-15 13:03:16 WARN  (DecompileCallback) Decompiling 06c9c718, pcode error at 06c9c718: Unable to disassemble EXTERNAL block location: 06c9c718  
2026-07-15 13:03:16 WARN  (DecompileCallback) Decompiling 06c9c720, pcode error at 06c9c720: Unable to disassemble EXTERNAL block location: 06c9c720  
2026-07-15 13:03:16 WARN  (DecompileCallback) Decompiling 06c9c728, pcode error at 06c9c728: Unable to disassemble EXTERNAL block location: 06c9c728  
2026-07-15 13:03:16 WARN  (DecompileCallback) Decompiling 06c9c730, pcode error at 06c9c730: Unable to disassemble EXTERNAL block location: 06c9c730  
2026-07-15 13:03:16 WARN  (DecompileCallback) Decompiling 06c9c738, pcode error at 06c9c738: Unable to disassemble EXTERNAL block location: 06c9c738  
2026-07-15 13:03:16 WARN  (DecompileCallback) Decompiling 06c9c740, pcode error at 06c9c740: Unable to disassemble EXTERNAL block location: 06c9c740  
2026-07-15 13:03:16 WARN  (DecompileCallback) Decompiling 06c9c748, pcode error at 06c9c748: Unable to disassemble EXTERNAL block location: 06c9c748  
2026-07-15 13:03:16 WARN  (DecompileCallback) Decompiling 06c9c750, pcode error at 06c9c750: Unable to disassemble EXTERNAL block location: 06c9c750  
2026-07-15 13:03:16 WARN  (DecompileCallback) Decompiling 06c9c758, pcode error at 06c9c758: Unable to disassemble EXTERNAL block location: 06c9c758  
2026-07-15 13:03:16 WARN  (DecompileCallback) Decompiling 06c9c760, pcode error at 06c9c760: Unable to disassemble EXTERNAL block location: 06c9c760  
2026-07-15 13:03:16 WARN  (DecompileCallback) Decompiling 06c9c768, pcode error at 06c9c768: Unable to disassemble EXTERNAL block location: 06c9c768  
2026-07-15 13:03:16 WARN  (DecompileCallback) Decompiling 06c9c770, pcode error at 06c9c770: Unable to disassemble EXTERNAL block location: 06c9c770  
2026-07-15 13:03:16 WARN  (DecompileCallback) Decompiling 06c9c778, pcode error at 06c9c778: Unable to disassemble EXTERNAL block location: 06c9c778  
2026-07-15 13:03:16 WARN  (DecompileCallback) Decompiling 06c9c780, pcode error at 06c9c780: Unable to disassemble EXTERNAL block location: 06c9c780  
2026-07-15 13:03:16 WARN  (DecompileCallback) Decompiling 06c9c788, pcode error at 06c9c788: Unable to disassemble EXTERNAL block location: 06c9c788  
2026-07-15 13:03:16 WARN  (DecompileCallback) Decompiling 06c9c790, pcode error at 06c9c790: Unable to disassemble EXTERNAL block location: 06c9c790  
2026-07-15 13:03:16 WARN  (DecompileCallback) Decompiling 06c9c798, pcode error at 06c9c798: Unable to disassemble EXTERNAL block location: 06c9c798  
2026-07-15 13:03:16 WARN  (DecompileCallback) Decompiling 06c9c7a0, pcode error at 06c9c7a0: Unable to disassemble EXTERNAL block location: 06c9c7a0  
2026-07-15 13:03:16 WARN  (DecompileCallback) Decompiling 06c9c7a8, pcode error at 06c9c7a8: Unable to disassemble EXTERNAL block location: 06c9c7a8  
2026-07-15 13:03:16 WARN  (DecompileCallback) Decompiling 06c9c7b0, pcode error at 06c9c7b0: Unable to disassemble EXTERNAL block location: 06c9c7b0  
2026-07-15 13:03:16 WARN  (DecompileCallback) Decompiling 06c9c7b8, pcode error at 06c9c7b8: Unable to disassemble EXTERNAL block location: 06c9c7b8  
2026-07-15 13:03:16 WARN  (DecompileCallback) Decompiling 06c9c7c0, pcode error at 06c9c7c0: Unable to disassemble EXTERNAL block location: 06c9c7c0  
2026-07-15 13:03:16 WARN  (DecompileCallback) Decompiling 06c9c7c8, pcode error at 06c9c7c8: Unable to disassemble EXTERNAL block location: 06c9c7c8  
2026-07-15 13:03:16 WARN  (DecompileCallback) Decompiling 06c9c7d0, pcode error at 06c9c7d0: Unable to disassemble EXTERNAL block location: 06c9c7d0  
2026-07-15 13:03:16 WARN  (DecompileCallback) Decompiling 06c9c7d8, pcode error at 06c9c7d8: Unable to disassemble EXTERNAL block location: 06c9c7d8  
2026-07-15 13:03:16 WARN  (DecompileCallback) Decompiling 06c9c7e0, pcode error at 06c9c7e0: Unable to disassemble EXTERNAL block location: 06c9c7e0  
2026-07-15 13:03:16 WARN  (DecompileCallback) Decompiling 06c9c7e8, pcode error at 06c9c7e8: Unable to disassemble EXTERNAL block location: 06c9c7e8  
2026-07-15 13:03:16 WARN  (DecompileCallback) Decompiling 06c9c7f0, pcode error at 06c9c7f0: Unable to disassemble EXTERNAL block location: 06c9c7f0  
2026-07-15 13:03:16 WARN  (DecompileCallback) Decompiling 06c9c7f8, pcode error at 06c9c7f8: Unable to disassemble EXTERNAL block location: 06c9c7f8  
2026-07-15 13:03:16 WARN  (DecompileCallback) Decompiling 06c9c800, pcode error at 06c9c800: Unable to disassemble EXTERNAL block location: 06c9c800  
2026-07-15 13:03:16 WARN  (DecompileCallback) Decompiling 06c9c808, pcode error at 06c9c808: Unable to disassemble EXTERNAL block location: 06c9c808  
2026-07-15 13:03:16 WARN  (DecompileCallback) Decompiling 06c9c810, pcode error at 06c9c810: Unable to disassemble EXTERNAL block location: 06c9c810  
2026-07-15 13:03:16 WARN  (DecompileCallback) Decompiling 06c9c818, pcode error at 06c9c818: Unable to disassemble EXTERNAL block location: 06c9c818  
2026-07-15 13:03:16 WARN  (DecompileCallback) Decompiling 06c9c820, pcode error at 06c9c820: Unable to disassemble EXTERNAL block location: 06c9c820  
2026-07-15 13:03:16 WARN  (DecompileCallback) Decompiling 06c9c828, pcode error at 06c9c828: Unable to disassemble EXTERNAL block location: 06c9c828  
2026-07-15 13:03:16 WARN  (DecompileCallback) Decompiling 06c9c830, pcode error at 06c9c830: Unable to disassemble EXTERNAL block location: 06c9c830  
2026-07-15 13:03:16 WARN  (DecompileCallback) Decompiling 06c9c838, pcode error at 06c9c838: Unable to disassemble EXTERNAL block location: 06c9c838  
2026-07-15 13:03:16 WARN  (DecompileCallback) Decompiling 06c9c840, pcode error at 06c9c840: Unable to disassemble EXTERNAL block location: 06c9c840  
2026-07-15 13:03:16 WARN  (DecompileCallback) Decompiling 06c9c848, pcode error at 06c9c848: Unable to disassemble EXTERNAL block location: 06c9c848  
2026-07-15 13:03:16 WARN  (DecompileCallback) Decompiling 06c9c850, pcode error at 06c9c850: Unable to disassemble EXTERNAL block location: 06c9c850  
2026-07-15 13:03:16 WARN  (DecompileCallback) Decompiling 06c9c858, pcode error at 06c9c858: Unable to disassemble EXTERNAL block location: 06c9c858  
2026-07-15 13:03:16 WARN  (DecompileCallback) Decompiling 06c9c860, pcode error at 06c9c860: Unable to disassemble EXTERNAL block location: 06c9c860  
2026-07-15 13:03:16 WARN  (DecompileCallback) Decompiling 06c9c868, pcode error at 06c9c868: Unable to disassemble EXTERNAL block location: 06c9c868  
2026-07-15 13:03:16 WARN  (DecompileCallback) Decompiling 06c9c870, pcode error at 06c9c870: Unable to disassemble EXTERNAL block location: 06c9c870  
2026-07-15 13:03:16 WARN  (DecompileCallback) Decompiling 06c9c878, pcode error at 06c9c878: Unable to disassemble EXTERNAL block location: 06c9c878  
2026-07-15 13:03:16 WARN  (DecompileCallback) Decompiling 06c9c880, pcode error at 06c9c880: Unable to disassemble EXTERNAL block location: 06c9c880  
2026-07-15 13:03:16 WARN  (DecompileCallback) Decompiling 06c9c888, pcode error at 06c9c888: Unable to disassemble EXTERNAL block location: 06c9c888  
2026-07-15 13:03:16 WARN  (DecompileCallback) Decompiling 06c9c890, pcode error at 06c9c890: Unable to disassemble EXTERNAL block location: 06c9c890  
2026-07-15 13:03:16 WARN  (DecompileCallback) Decompiling 06c9c898, pcode error at 06c9c898: Unable to disassemble EXTERNAL block location: 06c9c898  
2026-07-15 13:03:16 WARN  (DecompileCallback) Decompiling 06c9c8a0, pcode error at 06c9c8a0: Unable to disassemble EXTERNAL block location: 06c9c8a0  
2026-07-15 13:03:16 WARN  (DecompileCallback) Decompiling 06c9c8a8, pcode error at 06c9c8a8: Unable to disassemble EXTERNAL block location: 06c9c8a8  
2026-07-15 13:03:16 WARN  (DecompileCallback) Decompiling 06c9c8b0, pcode error at 06c9c8b0: Unable to disassemble EXTERNAL block location: 06c9c8b0  
2026-07-15 13:03:16 WARN  (DecompileCallback) Decompiling 06c9c8b8, pcode error at 06c9c8b8: Unable to disassemble EXTERNAL block location: 06c9c8b8  
2026-07-15 13:03:16 WARN  (DecompileCallback) Decompiling 06c9c8c0, pcode error at 06c9c8c0: Unable to disassemble EXTERNAL block location: 06c9c8c0  
2026-07-15 13:03:16 WARN  (DecompileCallback) Decompiling 06c9c8c8, pcode error at 06c9c8c8: Unable to disassemble EXTERNAL block location: 06c9c8c8  
2026-07-15 13:03:16 WARN  (DecompileCallback) Decompiling 06c9c8d0, pcode error at 06c9c8d0: Unable to disassemble EXTERNAL block location: 06c9c8d0  
2026-07-15 13:03:16 WARN  (DecompileCallback) Decompiling 06c9c8d8, pcode error at 06c9c8d8: Unable to disassemble EXTERNAL block location: 06c9c8d8  
2026-07-15 13:03:16 WARN  (DecompileCallback) Decompiling 06c9c8e0, pcode error at 06c9c8e0: Unable to disassemble EXTERNAL block location: 06c9c8e0  
2026-07-15 13:03:16 WARN  (DecompileCallback) Decompiling 06c9c8e8, pcode error at 06c9c8e8: Unable to disassemble EXTERNAL block location: 06c9c8e8  
2026-07-15 13:03:16 WARN  (DecompileCallback) Decompiling 06c9c8f0, pcode error at 06c9c8f0: Unable to disassemble EXTERNAL block location: 06c9c8f0  
2026-07-15 13:03:16 WARN  (DecompileCallback) Decompiling 06c9c8f8, pcode error at 06c9c8f8: Unable to disassemble EXTERNAL block location: 06c9c8f8  
2026-07-15 13:03:16 WARN  (DecompileCallback) Decompiling 06c9c900, pcode error at 06c9c900: Unable to disassemble EXTERNAL block location: 06c9c900  
2026-07-15 13:03:16 WARN  (DecompileCallback) Decompiling 06c9c908, pcode error at 06c9c908: Unable to disassemble EXTERNAL block location: 06c9c908  
2026-07-15 13:03:16 WARN  (DecompileCallback) Decompiling 06c9c910, pcode error at 06c9c910: Unable to disassemble EXTERNAL block location: 06c9c910  
2026-07-15 13:03:16 WARN  (DecompileCallback) Decompiling 06c9c918, pcode error at 06c9c918: Unable to disassemble EXTERNAL block location: 06c9c918  
2026-07-15 13:03:16 WARN  (DecompileCallback) Decompiling 06c9c920, pcode error at 06c9c920: Unable to disassemble EXTERNAL block location: 06c9c920  
2026-07-15 13:03:16 WARN  (DecompileCallback) Decompiling 06c9c928, pcode error at 06c9c928: Unable to disassemble EXTERNAL block location: 06c9c928  
2026-07-15 13:03:16 WARN  (DecompileCallback) Decompiling 06c9c930, pcode error at 06c9c930: Unable to disassemble EXTERNAL block location: 06c9c930  
2026-07-15 13:03:16 WARN  (DecompileCallback) Decompiling 06c9c938, pcode error at 06c9c938: Unable to disassemble EXTERNAL block location: 06c9c938  
2026-07-15 13:03:16 INFO  (GhidraScript) GeneralStructureEyePatternScan.java> General structure scan complete.  
2026-07-15 13:03:16 INFO  (GhidraScript) GeneralStructureEyePatternScan.java> Total functions scanned: 722487  
2026-07-15 13:03:16 INFO  (GhidraScript) GeneralStructureEyePatternScan.java> Exported functions: 2084  
2026-07-15 13:03:16 INFO  (GhidraScript) GeneralStructureEyePatternScan.java> Decompile failures: 144  
2026-07-15 13:03:16 INFO  (GhidraScript) GeneralStructureEyePatternScan.java> Report CSV: C:\realDesktop\manifest-evaluations\summer-26\ghidra-pipeline\il2cpp-files\hellodot\general-structure-results\structure_scan_report.csv  
2026-07-15 13:03:16 INFO  (GhidraScript) GeneralStructureEyePatternScan.java> Report JSON: C:\realDesktop\manifest-evaluations\summer-26\ghidra-pipeline\il2cpp-files\hellodot\general-structure-results\structure_scan_report.json  
2026-07-15 13:03:17 INFO  (HeadlessAnalyzer) REPORT: Save succeeded for processed file: /hellodot-libil2cpp.so  
